Archive member included because of file (symbol)

D:\Embedded Software US\es18aut13\Project\Library\libOS.a(OS.o)
                              ./Sources/main.o (OS_Init)
D:\Embedded Software US\es18aut13\Project\Library\libAnalog.a(analog.o)
                              ./Sources/main.o (Analog_Init)
D:\Embedded Software US\es18aut13\Project\Library\libAnalog.a(SPI.o)
                              D:\Embedded Software US\es18aut13\Project\Library\libAnalog.a(analog.o) (SPI_Init)
c:/freescale/kds_3.0.0/toolchain/bin/../lib/gcc/arm-none-eabi/4.8.4/../../../../arm-none-eabi/lib/armv7e-m/fpu\libm.a(lib_a-sf_round.o)
                              ./Sources/main.o (roundf)
c:/freescale/kds_3.0.0/toolchain/bin/../lib/gcc/arm-none-eabi/4.8.4/../../../../arm-none-eabi/lib/armv7e-m/fpu\libm.a(lib_a-wf_sqrt.o)
                              ./Sources/main.o (sqrtf)
c:/freescale/kds_3.0.0/toolchain/bin/../lib/gcc/arm-none-eabi/4.8.4/../../../../arm-none-eabi/lib/armv7e-m/fpu\libm.a(lib_a-ef_sqrt.o)
                              c:/freescale/kds_3.0.0/toolchain/bin/../lib/gcc/arm-none-eabi/4.8.4/../../../../arm-none-eabi/lib/armv7e-m/fpu\libm.a(lib_a-wf_sqrt.o) (__ieee754_sqrtf)
c:/freescale/kds_3.0.0/toolchain/bin/../lib/gcc/arm-none-eabi/4.8.4/../../../../arm-none-eabi/lib/armv7e-m/fpu\libm.a(lib_a-s_lib_ver.o)
                              c:/freescale/kds_3.0.0/toolchain/bin/../lib/gcc/arm-none-eabi/4.8.4/../../../../arm-none-eabi/lib/armv7e-m/fpu\libm.a(lib_a-wf_sqrt.o) (__fdlib_version)
c:/freescale/kds_3.0.0/toolchain/bin/../lib/gcc/arm-none-eabi/4.8.4/../../../../arm-none-eabi/lib/armv7e-m/fpu\libm.a(lib_a-s_matherr.o)
                              c:/freescale/kds_3.0.0/toolchain/bin/../lib/gcc/arm-none-eabi/4.8.4/../../../../arm-none-eabi/lib/armv7e-m/fpu\libm.a(lib_a-wf_sqrt.o) (matherr)
c:/freescale/kds_3.0.0/toolchain/bin/../lib/gcc/arm-none-eabi/4.8.4/../../../../arm-none-eabi/lib/armv7e-m/fpu\libm.a(lib_a-sf_fpclassify.o)
                              c:/freescale/kds_3.0.0/toolchain/bin/../lib/gcc/arm-none-eabi/4.8.4/../../../../arm-none-eabi/lib/armv7e-m/fpu\libm.a(lib_a-wf_sqrt.o) (__fpclassifyf)
c:/freescale/kds_3.0.0/toolchain/bin/../lib/gcc/arm-none-eabi/4.8.4/armv7e-m/fpu\libgcc.a(_arm_addsubdf3.o)
                              c:/freescale/kds_3.0.0/toolchain/bin/../lib/gcc/arm-none-eabi/4.8.4/../../../../arm-none-eabi/lib/armv7e-m/fpu\libm.a(lib_a-wf_sqrt.o) (__aeabi_f2d)
c:/freescale/kds_3.0.0/toolchain/bin/../lib/gcc/arm-none-eabi/4.8.4/armv7e-m/fpu\libgcc.a(_arm_muldivdf3.o)
                              c:/freescale/kds_3.0.0/toolchain/bin/../lib/gcc/arm-none-eabi/4.8.4/../../../../arm-none-eabi/lib/armv7e-m/fpu\libm.a(lib_a-wf_sqrt.o) (__aeabi_ddiv)
c:/freescale/kds_3.0.0/toolchain/bin/../lib/gcc/arm-none-eabi/4.8.4/armv7e-m/fpu\libgcc.a(_arm_truncdfsf2.o)
                              c:/freescale/kds_3.0.0/toolchain/bin/../lib/gcc/arm-none-eabi/4.8.4/../../../../arm-none-eabi/lib/armv7e-m/fpu\libm.a(lib_a-wf_sqrt.o) (__aeabi_d2f)
c:/freescale/kds_3.0.0/toolchain/bin/../lib/gcc/arm-none-eabi/4.8.4/armv7e-m/fpu\libgcc.a(_arm_addsubsf3.o)
                              ./Sources/main.o (__aeabi_l2f)
c:/freescale/kds_3.0.0/toolchain/bin/../lib/gcc/arm-none-eabi/4.8.4/../../../../arm-none-eabi/lib/armv7e-m/fpu\libg_s.a(lib_a-errno.o)
                              c:/freescale/kds_3.0.0/toolchain/bin/../lib/gcc/arm-none-eabi/4.8.4/../../../../arm-none-eabi/lib/armv7e-m/fpu\libm.a(lib_a-wf_sqrt.o) (__errno)
c:/freescale/kds_3.0.0/toolchain/bin/../lib/gcc/arm-none-eabi/4.8.4/../../../../arm-none-eabi/lib/armv7e-m/fpu\libg_s.a(lib_a-exit.o)
                              c:/freescale/kds_3.0.0/toolchain/bin/../lib/gcc/arm-none-eabi/4.8.4/../../../../arm-none-eabi/lib/armv7e-m/fpu/crt0.o (exit)
c:/freescale/kds_3.0.0/toolchain/bin/../lib/gcc/arm-none-eabi/4.8.4/../../../../arm-none-eabi/lib/armv7e-m/fpu\libg_s.a(lib_a-impure.o)
                              c:/freescale/kds_3.0.0/toolchain/bin/../lib/gcc/arm-none-eabi/4.8.4/../../../../arm-none-eabi/lib/armv7e-m/fpu\libg_s.a(lib_a-exit.o) (_global_impure_ptr)
c:/freescale/kds_3.0.0/toolchain/bin/../lib/gcc/arm-none-eabi/4.8.4/../../../../arm-none-eabi/lib/armv7e-m/fpu\libg_s.a(lib_a-init.o)
                              c:/freescale/kds_3.0.0/toolchain/bin/../lib/gcc/arm-none-eabi/4.8.4/../../../../arm-none-eabi/lib/armv7e-m/fpu/crt0.o (__libc_init_array)
c:/freescale/kds_3.0.0/toolchain/bin/../lib/gcc/arm-none-eabi/4.8.4/../../../../arm-none-eabi/lib/armv7e-m/fpu\libg_s.a(lib_a-memcpy-stub.o)
                              ./Sources/I2C.o (memcpy)
c:/freescale/kds_3.0.0/toolchain/bin/../lib/gcc/arm-none-eabi/4.8.4/../../../../arm-none-eabi/lib/armv7e-m/fpu\libg_s.a(lib_a-memset.o)
                              c:/freescale/kds_3.0.0/toolchain/bin/../lib/gcc/arm-none-eabi/4.8.4/../../../../arm-none-eabi/lib/armv7e-m/fpu/crt0.o (memset)
[...]
Memory Configuration

Name             Origin             Length             Attributes
m_interrupts     0x00000000         0x000001e8         xr
m_text           0x00000410         0x0007fbf0         xr
m_data           0x1fff0000         0x00010000         rw
m_data_20000000  0x20000000         0x00010000         rw
m_cfmprotrom     0x00000400         0x00000010         xr
*default*        0x00000000         0xffffffff

Linker script and memory map

LOAD c:/freescale/kds_3.0.0/toolchain/bin/../lib/gcc/arm-none-eabi/4.8.4/armv7e-m/fpu/crti.o
LOAD c:/freescale/kds_3.0.0/toolchain/bin/../lib/gcc/arm-none-eabi/4.8.4/armv7e-m/fpu/crtbegin.o
LOAD c:/freescale/kds_3.0.0/toolchain/bin/../lib/gcc/arm-none-eabi/4.8.4/../../../../arm-none-eabi/lib/armv7e-m/fpu/crt0.o
LOAD ./Sources/Events.o
LOAD ./Sources/FIFO.o
LOAD ./Sources/FTM.o
LOAD ./Sources/Flash.o
LOAD ./Sources/I2C.o
LOAD ./Sources/LEDs.o
LOAD ./Sources/PIT.o
LOAD ./Sources/RTC.o
LOAD ./Sources/UART.o
LOAD ./Sources/accel.o
LOAD ./Sources/main.o
LOAD ./Sources/main_sample.o
LOAD ./Sources/median.o
LOAD ./Sources/packet.o
LOAD ./Project_Settings/Startup_Code/startup.o
LOAD ./Generated_Code/Cpu.o
LOAD ./Generated_Code/Vectors.o
LOAD D:\Embedded Software US\es18aut13\Project\Library\libOS.a
LOAD D:\Embedded Software US\es18aut13\Project\Library\libAnalog.a
LOAD c:/freescale/kds_3.0.0/toolchain/bin/../lib/gcc/arm-none-eabi/4.8.4/../../../../arm-none-eabi/lib/armv7e-m/fpu\libstdc++_s.a
LOAD c:/freescale/kds_3.0.0/toolchain/bin/../lib/gcc/arm-none-eabi/4.8.4/../../../../arm-none-eabi/lib/armv7e-m/fpu\libm.a
START GROUP
LOAD c:/freescale/kds_3.0.0/toolchain/bin/../lib/gcc/arm-none-eabi/4.8.4/armv7e-m/fpu\libgcc.a
LOAD c:/freescale/kds_3.0.0/toolchain/bin/../lib/gcc/arm-none-eabi/4.8.4/../../../../arm-none-eabi/lib/armv7e-m/fpu\libg_s.a
LOAD c:/freescale/kds_3.0.0/toolchain/bin/../lib/gcc/arm-none-eabi/4.8.4/../../../../arm-none-eabi/lib/armv7e-m/fpu\libc_s.a
END GROUP
START GROUP
LOAD c:/freescale/kds_3.0.0/toolchain/bin/../lib/gcc/arm-none-eabi/4.8.4/armv7e-m/fpu\libgcc.a
LOAD c:/freescale/kds_3.0.0/toolchain/bin/../lib/gcc/arm-none-eabi/4.8.4/../../../../arm-none-eabi/lib/armv7e-m/fpu\libc_s.a
LOAD c:/freescale/kds_3.0.0/toolchain/bin/../lib/gcc/arm-none-eabi/4.8.4/../../../../arm-none-eabi/lib/armv7e-m/fpu\libnosys.a
END GROUP
START GROUP
LOAD c:/freescale/kds_3.0.0/toolchain/bin/../lib/gcc/arm-none-eabi/4.8.4/armv7e-m/fpu\libgcc.a
LOAD c:/freescale/kds_3.0.0/toolchain/bin/../lib/gcc/arm-none-eabi/4.8.4/../../../../arm-none-eabi/lib/armv7e-m/fpu\libc_s.a
LOAD c:/freescale/kds_3.0.0/toolchain/bin/../lib/gcc/arm-none-eabi/4.8.4/../../../../arm-none-eabi/lib/armv7e-m/fpu\libnosys.a
END GROUP
LOAD c:/freescale/kds_3.0.0/toolchain/bin/../lib/gcc/arm-none-eabi/4.8.4/armv7e-m/fpu/crtend.o
LOAD c:/freescale/kds_3.0.0/toolchain/bin/../lib/gcc/arm-none-eabi/4.8.4/armv7e-m/fpu/crtn.o
                0x20000000                _estack = 0x20000000
                0x20000000                __SP_INIT = _estack
                0x20000000                __stack = _estack
                0x00000000                __heap_size = 0x0
                0x00000400                __stack_size = 0x400

.interrupts     0x00000000      0x1e8
                0x00000000                __vector_table = .
                0x00000000                . = ALIGN (0x4)
 *(.vectortable)
 .vectortable   0x00000000      0x1e8 ./Generated_Code/Vectors.o
                0x00000000                __vect_table
                0x000001e8                . = ALIGN (0x4)

.cfmprotect     0x00000400       0x10
                0x00000400                . = ALIGN (0x4)
 *(.cfmconfig)
 .cfmconfig     0x00000400       0x10 ./Generated_Code/Cpu.o
                0x00000400                _cfm
                0x00000410                . = ALIGN (0x4)

.text           0x00000410     0x4e50
                0x00000410                . = ALIGN (0x4)
 *(.text)
 .text          0x00000410       0x54 c:/freescale/kds_3.0.0/toolchain/bin/../lib/gcc/arm-none-eabi/4.8.4/armv7e-m/fpu/crtbegin.o
 .text          0x00000464       0x74 c:/freescale/kds_3.0.0/toolchain/bin/../lib/gcc/arm-none-eabi/4.8.4/../../../../arm-none-eabi/lib/armv7e-m/fpu/crt0.o
                0x00000464                _start
                0x00000464                _mainCRTStartup
 .text          0x000004d8      0x370 c:/freescale/kds_3.0.0/toolchain/bin/../lib/gcc/arm-none-eabi/4.8.4/armv7e-m/fpu\libgcc.a(_arm_addsubdf3.o)
                0x000004d8                __aeabi_drsub
                0x000004e0                __aeabi_dsub
                0x000004e0                __subdf3
                0x000004e4                __aeabi_dadd
                0x000004e4                __adddf3
                0x0000075c                __floatunsidf
                0x0000075c                __aeabi_ui2d
                0x0000077c                __floatsidf
                0x0000077c                __aeabi_i2d
                0x000007a0                __aeabi_f2d
                0x000007a0                __extendsfdf2
                0x000007dc                __floatundidf
                0x000007dc                __aeabi_ul2d
                0x000007ec                __floatdidf
                0x000007ec                __aeabi_l2d
 .text          0x00000848      0x424 c:/freescale/kds_3.0.0/toolchain/bin/../lib/gcc/arm-none-eabi/4.8.4/armv7e-m/fpu\libgcc.a(_arm_muldivdf3.o)
                0x00000848                __aeabi_dmul
                0x00000848                __muldf3
                0x00000a9c                __divdf3
                0x00000a9c                __aeabi_ddiv
 .text          0x00000c6c       0xa0 c:/freescale/kds_3.0.0/toolchain/bin/../lib/gcc/arm-none-eabi/4.8.4/armv7e-m/fpu\libgcc.a(_arm_truncdfsf2.o)
                0x00000c6c                __truncdfsf2
                0x00000c6c                __aeabi_d2f
 .text          0x00000d0c      0x21c c:/freescale/kds_3.0.0/toolchain/bin/../lib/gcc/arm-none-eabi/4.8.4/armv7e-m/fpu\libgcc.a(_arm_addsubsf3.o)
                0x00000d0c                __aeabi_frsub
                0x00000d14                __subsf3
                0x00000d14                __aeabi_fsub
                0x00000d18                __aeabi_fadd
                0x00000d18                __addsf3
                0x00000e78                __aeabi_ui2f
                0x00000e78                __floatunsisf
                0x00000e80                __aeabi_i2f
                0x00000e80                __floatsisf
                0x00000e9c                __aeabi_ul2f
                0x00000e9c                __floatundisf
                0x00000eac                __aeabi_l2f
                0x00000eac                __floatdisf
 *(.text*)
 .text.FIFO_Init
                0x00000f28       0x38 ./Sources/FIFO.o
                0x00000f28                FIFO_Init
 .text.FIFO_Put
                0x00000f60       0x58 ./Sources/FIFO.o
                0x00000f60                FIFO_Put
 .text.FIFO_Get
                0x00000fb8       0x58 ./Sources/FIFO.o
                0x00000fb8                FIFO_Get
 .text.FTM_Init
                0x00001010       0xfc ./Sources/FTM.o
                0x00001010                FTM_Init
 .text.FTM_Set  0x0000110c       0xe4 ./Sources/FTM.o
                0x0000110c                FTM_Set
 .text.FTM_StartTimer
                0x000011f0       0x78 ./Sources/FTM.o
                0x000011f0                FTM_StartTimer
 .text.FTM0_ISR
                0x00001268       0x98 ./Sources/FTM.o
                0x00001268                FTM0_ISR
 .text.Flash_Init
                0x00001300       0x10 ./Sources/Flash.o
                0x00001300                Flash_Init
 .text.Flash_AllocateVar
                0x00001310       0x90 ./Sources/Flash.o
                0x00001310                Flash_AllocateVar
 .text.Flash_Write32
                0x000013a0       0x58 ./Sources/Flash.o
                0x000013a0                Flash_Write32
 .text.Flash_Write16
                0x000013f8       0x60 ./Sources/Flash.o
                0x000013f8                Flash_Write16
 .text.Flash_Write8
                0x00001458       0x60 ./Sources/Flash.o
                0x00001458                Flash_Write8
 .text.Flash_Erase
                0x000014b8       0x14 ./Sources/Flash.o
                0x000014b8                Flash_Erase
 .text.LaunchCommand
                0x000014cc       0x98 ./Sources/Flash.o
 .text.WritePhrase
                0x00001564       0xe8 ./Sources/Flash.o
 .text.EraseSector
                0x0000164c       0x38 ./Sources/Flash.o
 .text.StopCondition
                0x00001684       0x20 ./Sources/I2C.o
 .text.RepeatCondition
                0x000016a4       0x20 ./Sources/I2C.o
 .text.I2C_ISR  0x000016c4      0x1ac ./Sources/I2C.o
                0x000016c4                I2C_ISR
 .text.LEDs_Init
                0x00001870       0xd4 ./Sources/LEDs.o
                0x00001870                LEDs_Init
 .text.LEDs_On  0x00001944       0x24 ./Sources/LEDs.o
                0x00001944                LEDs_On
 .text.LEDs_Off
                0x00001968       0x24 ./Sources/LEDs.o
                0x00001968                LEDs_Off
 .text.LEDs_Toggle
                0x0000198c       0x24 ./Sources/LEDs.o
                0x0000198c                LEDs_Toggle
 .text.PIT_Init
                0x000019b0       0xdc ./Sources/PIT.o
                0x000019b0                PIT_Init
 .text.PIT_Set  0x00001a8c       0x5c ./Sources/PIT.o
                0x00001a8c                PIT_Set
 .text.PIT_Enable
                0x00001ae8       0x40 ./Sources/PIT.o
                0x00001ae8                PIT_Enable
 .text.PIT_ISR  0x00001b28       0x48 ./Sources/PIT.o
                0x00001b28                PIT_ISR
 .text.RTC_Init
                0x00001b70       0xe8 ./Sources/RTC.o
                0x00001b70                RTC_Init
 .text.RTC_Set  0x00001c58       0x5c ./Sources/RTC.o
                0x00001c58                RTC_Set
 .text.RTC_Get  0x00001cb4       0x9c ./Sources/RTC.o
                0x00001cb4                RTC_Get
 .text.RTC_ISR  0x00001d50       0x2c ./Sources/RTC.o
                0x00001d50                RTC_ISR
 .text.RxUARTThread
                0x00001d7c       0x30 ./Sources/UART.o
 .text.TxUARTThread
                0x00001dac       0x50 ./Sources/UART.o
 .text.UART_Init
                0x00001dfc      0x1c8 ./Sources/UART.o
                0x00001dfc                UART_Init
 .text.UART_InChar
                0x00001fc4       0x1c ./Sources/UART.o
                0x00001fc4                UART_InChar
 .text.UART_OutChar
                0x00001fe0       0x34 ./Sources/UART.o
                0x00001fe0                UART_OutChar
 .text.UART_ISR
                0x00002014       0x94 ./Sources/UART.o
                0x00002014                UART_ISR
 .text.AccelDataReady_ISR
                0x000020a8       0x48 ./Sources/accel.o
                0x000020a8                AccelDataReady_ISR
 .text.HandleTowerStartup
                0x000020f0       0x80 ./Sources/main.o
                0x000020f0                HandleTowerStartup
 .text.HandleTowerVersion
                0x00002170       0x28 ./Sources/main.o
                0x00002170                HandleTowerVersion
 .text.HandleTowerNumber
                0x00002198       0x68 ./Sources/main.o
                0x00002198                HandleTowerNumber
 .text.HandleTowerProgramByte
                0x00002200       0x58 ./Sources/main.o
                0x00002200                HandleTowerProgramByte
 .text.HandleTowerReadByte
                0x00002258       0x48 ./Sources/main.o
                0x00002258                HandleTowerReadByte
 .text.HandleTowerMode
                0x000022a0       0x68 ./Sources/main.o
                0x000022a0                HandleTowerMode
 .text.HandleTowerSetTime
                0x00002308       0x40 ./Sources/main.o
                0x00002308                HandleTowerSetTime
 .text.HandleTowerTimingMode
                0x00002348       0x94 ./Sources/main.o
                0x00002348                HandleTowerTimingMode
 .text.HandleTowerRaises
                0x000023dc       0x6c ./Sources/main.o
                0x000023dc                HandleTowerRaises
 .text.HandleTowerLowers
                0x00002448       0x6c ./Sources/main.o
                0x00002448                HandleTowerLowers
 .text.HandleTowerFrequency
                0x000024b4       0x78 ./Sources/main.o
                0x000024b4                HandleTowerFrequency
 .text.HandleTowerVoltage
                0x0000252c       0x5c ./Sources/main.o
                0x0000252c                HandleTowerVoltage
 .text.ReceivedPacket
                0x00002588      0x198 ./Sources/main.o
                0x00002588                ReceivedPacket
 .text.ADCReadCallback
                0x00002720      0x27c ./Sources/main.o
                0x00002720                ADCReadCallback
 .text.TowerInit
                0x0000299c      0x1f8 ./Sources/main.o
                0x0000299c                TowerInit
 .text.InitModulesThread
                0x00002b94      0x108 ./Sources/main.o
 .text.PacketThread
                0x00002c9c       0x5c ./Sources/main.o
 .text.RTCThread
                0x00002cf8       0x44 ./Sources/main.o
 .text.LogRaisesThread
                0x00002d3c       0x5c ./Sources/main.o
 .text.LogLowersThread
                0x00002d98       0x5c ./Sources/main.o
 .text.FrequencyTrackThread
                0x00002df4       0x3c ./Sources/main.o
 .text.FrequencyCalculateThread
                0x00002e30      0x2d8 ./Sources/main.o
 .text.UpdateRMSFast
                0x00003108      0x10c ./Sources/main.o
                0x00003108                UpdateRMSFast
 .text.CheckOutputsOff
                0x00003214       0x60 ./Sources/main.o
                0x00003214                CheckOutputsOff
 *fill*         0x00003274        0x4 
 .text.RMSThread
                0x00003278      0x310 ./Sources/main.o
                0x00003278                RMSThread
 .text.FTMLEDsOffThread
                0x00003588       0x24 ./Sources/main.o
 .text.main     0x000035ac      0x130 ./Sources/main.o
                0x000035ac                main
 .text.Packet_Init
                0x000036dc       0x2c ./Sources/packet.o
                0x000036dc                Packet_Init
 .text.Packet_Get
                0x00003708       0x6c ./Sources/packet.o
                0x00003708                Packet_Get
 .text.Packet_Put
                0x00003774       0x70 ./Sources/packet.o
                0x00003774                Packet_Put
 .text.__copy_rom_section
                0x000037e4       0xe4 ./Project_Settings/Startup_Code/startup.o
                0x000037e4                __copy_rom_section
 .text.__copy_rom_sections_to_ram
                0x000038c8       0x9c ./Project_Settings/Startup_Code/startup.o
                0x000038c8                __copy_rom_sections_to_ram
 .text.__init_registers
                0x00003964       0x20 ./Project_Settings/Startup_Code/startup.o
                0x00003964                __init_registers
 .text.__init_user
                0x00003984        0xc ./Project_Settings/Startup_Code/startup.o
                0x00003984                __init_user
 .text.__thumb_startup
                0x00003990       0x34 ./Project_Settings/Startup_Code/startup.o
                0x00003990                __thumb_startup
 .text.Cpu_Interrupt
                0x000039c4       0x18 ./Generated_Code/Cpu.o
                0x000039c4                Cpu_Interrupt
 .text.__init_hardware
                0x000039dc      0x1cc ./Generated_Code/Cpu.o
                0x000039dc                __init_hardware
 .text.Cpu_SetBASEPRI
                0x00003ba8       0x18 ./Generated_Code/Cpu.o
                0x00003ba8                Cpu_SetBASEPRI
 .text.PE_low_level_init
                0x00003bc0       0xe4 ./Generated_Code/Cpu.o
                0x00003bc0                PE_low_level_init
 .text.OS_Init  0x00003ca4      0x110 D:\Embedded Software US\es18aut13\Project\Library\libOS.a(OS.o)
                0x00003ca4                OS_Init
 .text.OS_ISREnter
                0x00003db4       0x20 D:\Embedded Software US\es18aut13\Project\Library\libOS.a(OS.o)
                0x00003db4                OS_ISREnter
 .text.OS_ISRExit
                0x00003dd4       0x1c D:\Embedded Software US\es18aut13\Project\Library\libOS.a(OS.o)
                0x00003dd4                OS_ISRExit
 .text.OS_SemaphoreCreate
                0x00003df0       0x90 D:\Embedded Software US\es18aut13\Project\Library\libOS.a(OS.o)
                0x00003df0                OS_SemaphoreCreate
 .text.OS_SemaphoreSignal
                0x00003e80       0x44 D:\Embedded Software US\es18aut13\Project\Library\libOS.a(OS.o)
                0x00003e80                OS_SemaphoreSignal
 .text.OS_SemaphoreWait
                0x00003ec4       0x58 D:\Embedded Software US\es18aut13\Project\Library\libOS.a(OS.o)
                0x00003ec4                OS_SemaphoreWait
 .text.OS_Start
                0x00003f1c       0x10 D:\Embedded Software US\es18aut13\Project\Library\libOS.a(OS.o)
                0x00003f1c                OS_Start
 .text.OS_ThreadCreate
                0x00003f2c      0x160 D:\Embedded Software US\es18aut13\Project\Library\libOS.a(OS.o)
                0x00003f2c                OS_ThreadCreate
 .text.OS_ThreadDelete
                0x0000408c      0x18c D:\Embedded Software US\es18aut13\Project\Library\libOS.a(OS.o)
                0x0000408c                OS_ThreadDelete
 .text.EventThreadReady
                0x00004218       0x68 D:\Embedded Software US\es18aut13\Project\Library\libOS.a(OS.o)
 .text.EventThreadWait
                0x00004280       0x64 D:\Embedded Software US\es18aut13\Project\Library\libOS.a(OS.o)
 .text.EventTimeout
                0x000042e4       0x40 D:\Embedded Software US\es18aut13\Project\Library\libOS.a(OS.o)
 .text.Idle     0x00004324       0x18 D:\Embedded Software US\es18aut13\Project\Library\libOS.a(OS.o)
 .text.FindFirstSet
                0x0000433c       0x44 D:\Embedded Software US\es18aut13\Project\Library\libOS.a(OS.o)
 .text.Schedule
                0x00004380       0x64 D:\Embedded Software US\es18aut13\Project\Library\libOS.a(OS.o)
 .text.TCBInit  0x000043e4       0xcc D:\Embedded Software US\es18aut13\Project\Library\libOS.a(OS.o)
 .text.TimeTick
                0x000044b0       0x74 D:\Embedded Software US\es18aut13\Project\Library\libOS.a(OS.o)
 *fill*         0x00004524        0xc 
 .text.OS_ContextSwitchISR
                0x00004530       0x70 D:\Embedded Software US\es18aut13\Project\Library\libOS.a(OS.o)
                0x00004530                OS_ContextSwitchISR
 .text.OS_SysTickISR
                0x000045a0       0x5c D:\Embedded Software US\es18aut13\Project\Library\libOS.a(OS.o)
                0x000045a0                OS_SysTickISR
 .text.DACWrite
                0x000045fc       0x6c D:\Embedded Software US\es18aut13\Project\Library\libAnalog.a(analog.o)
 .text.Analog_Init
                0x00004668       0x7c D:\Embedded Software US\es18aut13\Project\Library\libAnalog.a(analog.o)
                0x00004668                Analog_Init
 .text.Analog_Get
                0x000046e4       0x78 D:\Embedded Software US\es18aut13\Project\Library\libAnalog.a(analog.o)
                0x000046e4                Analog_Get
 .text.Analog_Put
                0x0000475c       0x50 D:\Embedded Software US\es18aut13\Project\Library\libAnalog.a(analog.o)
                0x0000475c                Analog_Put
 .text.InitChipSelectPins
                0x000047ac       0x6c D:\Embedded Software US\es18aut13\Project\Library\libAnalog.a(SPI.o)
 .text.SetupModuleConfigurationRegister
                0x00004818      0x104 D:\Embedded Software US\es18aut13\Project\Library\libAnalog.a(SPI.o)
 .text.SetBaudRate
                0x0000491c      0x15c D:\Embedded Software US\es18aut13\Project\Library\libAnalog.a(SPI.o)
 .text.SetDelayAfterTransfer
                0x00004a78      0x168 D:\Embedded Software US\es18aut13\Project\Library\libAnalog.a(SPI.o)
 .text.SetupClockAndTransferAttributesRegister
                0x00004be0      0x16c D:\Embedded Software US\es18aut13\Project\Library\libAnalog.a(SPI.o)
 .text.SPI_Init
                0x00004d4c       0x90 D:\Embedded Software US\es18aut13\Project\Library\libAnalog.a(SPI.o)
                0x00004d4c                SPI_Init
 .text.SPI_SelectSlaveDevice
                0x00004ddc       0x6c D:\Embedded Software US\es18aut13\Project\Library\libAnalog.a(SPI.o)
                0x00004ddc                SPI_SelectSlaveDevice
 .text.SPI_Exchange
                0x00004e48       0x94 D:\Embedded Software US\es18aut13\Project\Library\libAnalog.a(SPI.o)
                0x00004e48                SPI_Exchange
 .text.roundf   0x00004edc       0x54 c:/freescale/kds_3.0.0/toolchain/bin/../lib/gcc/arm-none-eabi/4.8.4/../../../../arm-none-eabi/lib/armv7e-m/fpu\libm.a(lib_a-sf_round.o)
                0x00004edc                roundf
 .text.sqrtf    0x00004f30       0xb8 c:/freescale/kds_3.0.0/toolchain/bin/../lib/gcc/arm-none-eabi/4.8.4/../../../../arm-none-eabi/lib/armv7e-m/fpu\libm.a(lib_a-wf_sqrt.o)
                0x00004f30                sqrtf
 .text.__ieee754_sqrtf
                0x00004fe8       0xa4 c:/freescale/kds_3.0.0/toolchain/bin/../lib/gcc/arm-none-eabi/4.8.4/../../../../arm-none-eabi/lib/armv7e-m/fpu\libm.a(lib_a-ef_sqrt.o)
                0x00004fe8                __ieee754_sqrtf
 .text.matherr  0x0000508c        0x4 c:/freescale/kds_3.0.0/toolchain/bin/../lib/gcc/arm-none-eabi/4.8.4/../../../../arm-none-eabi/lib/armv7e-m/fpu\libm.a(lib_a-s_matherr.o)
                0x0000508c                matherr
 .text.__fpclassifyf
                0x00005090       0x38 c:/freescale/kds_3.0.0/toolchain/bin/../lib/gcc/arm-none-eabi/4.8.4/../../../../arm-none-eabi/lib/armv7e-m/fpu\libm.a(lib_a-sf_fpclassify.o)
                0x00005090                __fpclassifyf
 .text.__errno  0x000050c8        0xc c:/freescale/kds_3.0.0/toolchain/bin/../lib/gcc/arm-none-eabi/4.8.4/../../../../arm-none-eabi/lib/armv7e-m/fpu\libg_s.a(lib_a-errno.o)
                0x000050c8                __errno
 .text.exit     0x000050d4       0x28 c:/freescale/kds_3.0.0/toolchain/bin/../lib/gcc/arm-none-eabi/4.8.4/../../../../arm-none-eabi/lib/armv7e-m/fpu\libg_s.a(lib_a-exit.o)
                0x000050d4                exit
 .text.__libc_init_array
                0x000050fc       0x4c c:/freescale/kds_3.0.0/toolchain/bin/../lib/gcc/arm-none-eabi/4.8.4/../../../../arm-none-eabi/lib/armv7e-m/fpu\libg_s.a(lib_a-init.o)
                0x000050fc                __libc_init_array
 .text.memcpy   0x00005148       0x12 c:/freescale/kds_3.0.0/toolchain/bin/../lib/gcc/arm-none-eabi/4.8.4/../../../../arm-none-eabi/lib/armv7e-m/fpu\libg_s.a(lib_a-memcpy-stub.o)
                0x00005148                memcpy
 .text.memset   0x0000515a       0x10 c:/freescale/kds_3.0.0/toolchain/bin/../lib/gcc/arm-none-eabi/4.8.4/../../../../arm-none-eabi/lib/armv7e-m/fpu\libg_s.a(lib_a-memset.o)
                0x0000515a                memset
 *fill*         0x0000516a        0x2 
 .text._exit    0x0000516c        0x4 c:/freescale/kds_3.0.0/toolchain/bin/../lib/gcc/arm-none-eabi/4.8.4/../../../../arm-none-eabi/lib/armv7e-m/fpu\libnosys.a(_exit.o)
                0x0000516c                _exit
 *(.rodata)
 .rodata        0x00005170        0x4 D:\Embedded Software US\es18aut13\Project\Library\libAnalog.a(analog.o)
 .rodata        0x00005174       0xa0 D:\Embedded Software US\es18aut13\Project\Library\libAnalog.a(SPI.o)
 *(.rodata*)
 .rodata.ANALOG_THREAD_PRIORITIES
                0x00005214        0x4 ./Sources/main.o
                0x00005214                ANALOG_THREAD_PRIORITIES
 .rodata.PACKET_ACK_MASK
                0x00005218        0x1 ./Sources/packet.o
                0x00005218                PACKET_ACK_MASK
 *fill*         0x00005219        0x3 
 .rodata.SPI_SETUP
                0x0000521c       0x1c D:\Embedded Software US\es18aut13\Project\Library\libAnalog.a(analog.o)
 .rodata.str1.4
                0x00005238        0x8 c:/freescale/kds_3.0.0/toolchain/bin/../lib/gcc/arm-none-eabi/4.8.4/../../../../arm-none-eabi/lib/armv7e-m/fpu\libm.a(lib_a-wf_sqrt.o)
 .rodata.str1.1
                0x00005240        0x2 c:/freescale/kds_3.0.0/toolchain/bin/../lib/gcc/arm-none-eabi/4.8.4/../../../../arm-none-eabi/lib/armv7e-m/fpu\libg_s.a(lib_a-impure.o)
 *fill*         0x00005242        0x2 
 .rodata._global_impure_ptr
                0x00005244        0x4 c:/freescale/kds_3.0.0/toolchain/bin/../lib/gcc/arm-none-eabi/4.8.4/../../../../arm-none-eabi/lib/armv7e-m/fpu\libg_s.a(lib_a-impure.o)
                0x00005244                _global_impure_ptr
 *(.glue_7)
 .glue_7        0x00000000        0x0 linker stubs
 *(.glue_7t)
 .glue_7t       0x00000000        0x0 linker stubs
 *(.eh_frame)
 .eh_frame      0x00005248        0x0 c:/freescale/kds_3.0.0/toolchain/bin/../lib/gcc/arm-none-eabi/4.8.4/armv7e-m/fpu/crtbegin.o
 *(.init)
 .init          0x00005248        0x4 c:/freescale/kds_3.0.0/toolchain/bin/../lib/gcc/arm-none-eabi/4.8.4/armv7e-m/fpu/crti.o
                0x00005248                _init
 .init          0x0000524c        0x8 c:/freescale/kds_3.0.0/toolchain/bin/../lib/gcc/arm-none-eabi/4.8.4/armv7e-m/fpu/crtn.o
 *(.fini)
 .fini          0x00005254        0x4 c:/freescale/kds_3.0.0/toolchain/bin/../lib/gcc/arm-none-eabi/4.8.4/armv7e-m/fpu/crti.o
                0x00005254                _fini
 .fini          0x00005258        0x8 c:/freescale/kds_3.0.0/toolchain/bin/../lib/gcc/arm-none-eabi/4.8.4/armv7e-m/fpu/crtn.o
                0x00005260                . = ALIGN (0x4)
                0x00005260                _etext = .

.vfp11_veneer   0x00005260        0x0
 .vfp11_veneer  0x00000000        0x0 linker stubs

.v4_bx          0x00005260        0x0
 .v4_bx         0x00000000        0x0 linker stubs

.iplt           0x00005260        0x0
 .iplt          0x00000000        0x0 c:/freescale/kds_3.0.0/toolchain/bin/../lib/gcc/arm-none-eabi/4.8.4/armv7e-m/fpu/crtbegin.o

.ARM.extab
 *(.ARM.extab* .gnu.linkonce.armextab.*)

.ARM            0x00005260        0x8
                0x00005260                __exidx_start = .
 *(.ARM.exidx*)
 .ARM.exidx     0x00005260        0x8 c:/freescale/kds_3.0.0/toolchain/bin/../lib/gcc/arm-none-eabi/4.8.4/../../../../arm-none-eabi/lib/armv7e-m/fpu/crt0.o
                0x00005268                __exidx_end = .

.rel.dyn        0x00005268        0x0
 .rel.iplt      0x00000000        0x0 c:/freescale/kds_3.0.0/toolchain/bin/../lib/gcc/arm-none-eabi/4.8.4/armv7e-m/fpu/crtbegin.o

.ctors          0x00005268        0x0
                0x00005268                __CTOR_LIST__ = .
 *crtbegin.o(.ctors)
 *(EXCLUDE_FILE(*crtend.o) .ctors)
 *(SORT(.ctors.*))
 *(.ctors)
                0x00005268                __CTOR_END__ = .

.dtors          0x00005268        0x0
                0x00005268                __DTOR_LIST__ = .
 *crtbegin.o(.dtors)
 *(EXCLUDE_FILE(*crtend.o) .dtors)
 *(SORT(.dtors.*))
 *(.dtors)
                0x00005268                __DTOR_END__ = .

.preinit_array  0x00005268        0x0
                0x00005268                PROVIDE (__preinit_array_start, .)
 *(.preinit_array*)
                0x00005268                PROVIDE (__preinit_array_end, .)

.init_array     0x00005268        0x4
                0x00005268                PROVIDE (__init_array_start, .)
 *(SORT(.init_array.*))
 *(.init_array*)
 .init_array    0x00005268        0x4 c:/freescale/kds_3.0.0/toolchain/bin/../lib/gcc/arm-none-eabi/4.8.4/armv7e-m/fpu/crtbegin.o
                0x0000526c                PROVIDE (__init_array_end, .)

.fini_array     0x0000526c        0x4
                0x0000526c                PROVIDE (__fini_array_start, .)
 *(SORT(.fini_array.*))
 *(.fini_array*)
 .fini_array    0x0000526c        0x4 c:/freescale/kds_3.0.0/toolchain/bin/../lib/gcc/arm-none-eabi/4.8.4/armv7e-m/fpu/crtbegin.o
                0x00005270                PROVIDE (__fini_array_end, .)
                0x00005270                ___ROM_AT = .

.data           0x1fff0000       0x84 load address 0x00005270
                0x1fff0000                . = ALIGN (0x4)
                0x1fff0000                _sdata = .
 *(.data)
 *(.data*)
 .data.SlaveDeviceAddress
                0x1fff0000        0x1 ./Sources/I2C.o
 *fill*         0x1fff0001        0x3 
 .data.AnalogThreadData
                0x1fff0004       0x18 ./Sources/main.o
 .data.__fdlib_version
                0x1fff001c        0x1 c:/freescale/kds_3.0.0/toolchain/bin/../lib/gcc/arm-none-eabi/4.8.4/../../../../arm-none-eabi/lib/armv7e-m/fpu\libm.a(lib_a-s_lib_ver.o)
                0x1fff001c                __fdlib_version
 *fill*         0x1fff001d        0x3 
 .data.impure_data
                0x1fff0020       0x60 c:/freescale/kds_3.0.0/toolchain/bin/../lib/gcc/arm-none-eabi/4.8.4/../../../../arm-none-eabi/lib/armv7e-m/fpu\libg_s.a(lib_a-impure.o)
 .data._impure_ptr
                0x1fff0080        0x4 c:/freescale/kds_3.0.0/toolchain/bin/../lib/gcc/arm-none-eabi/4.8.4/../../../../arm-none-eabi/lib/armv7e-m/fpu\libg_s.a(lib_a-impure.o)
                0x1fff0080                _impure_ptr
                0x1fff0084                . = ALIGN (0x4)
                0x1fff0084                _edata = .
                0x00000084                ___data_size = (_edata - _sdata)
                0x000052f4                ___m_data_20000000_ROMStart = (___ROM_AT + SIZEOF (.data))

.jcr            0x1fff0084        0x0 load address 0x000052f4
 .jcr           0x1fff0084        0x0 c:/freescale/kds_3.0.0/toolchain/bin/../lib/gcc/arm-none-eabi/4.8.4/armv7e-m/fpu/crtbegin.o

.igot.plt       0x1fff0084        0x0 load address 0x000052f4
 .igot.plt      0x00000000        0x0 c:/freescale/kds_3.0.0/toolchain/bin/../lib/gcc/arm-none-eabi/4.8.4/armv7e-m/fpu/crtbegin.o

.m_data_20000000
                0x20000000        0x0 load address 0x000052f4
                0x20000000                . = ALIGN (0x4)
                0x20000000                ___m_data_20000000_RAMStart = .
 *(.m_data_20000000)
                0x20000000                ___m_data_20000000_RAMEnd = .
                0x20000000                . = ALIGN (0x4)
                0x00000000                ___m_data_20000000_ROMSize = (___m_data_20000000_RAMEnd - ___m_data_20000000_RAMStart)
                0x20000000                . = ALIGN (0x4)

.bss            0x1fff0088     0xbdec load address 0x000052f8
                0x1fff0088                __START_BSS = .
                0x1fff0088                PROVIDE (__bss_start__, __START_BSS)
 *(.bss)
 .bss           0x1fff0088       0x1c c:/freescale/kds_3.0.0/toolchain/bin/../lib/gcc/arm-none-eabi/4.8.4/armv7e-m/fpu/crtbegin.o
 *(.bss*)
 .bss.UserSemaphore
                0x1fff00a4       0x20 ./Sources/FTM.o
 .bss.occupiedBytes.5646
                0x1fff00c4        0x1 ./Sources/Flash.o
 *fill*         0x1fff00c5        0x3 
 .bss.ReadCompleteSemaphore
                0x1fff00c8        0x4 ./Sources/I2C.o
 .bss.I2CAccess
                0x1fff00cc        0x4 ./Sources/I2C.o
 .bss.SlaveDeviceReadAddress
                0x1fff00d0        0x1 ./Sources/I2C.o
 .bss.NbBytes   0x1fff00d1        0x1 ./Sources/I2C.o
 *fill*         0x1fff00d2        0x2 
 .bss.DataPtr   0x1fff00d4        0x4 ./Sources/I2C.o
 .bss.stage.6666
                0x1fff00d8        0x1 ./Sources/I2C.o
 .bss.readCount.6667
                0x1fff00d9        0x1 ./Sources/I2C.o
 *fill*         0x1fff00da        0x2 
 .bss.ModuleClk
                0x1fff00dc        0x4 ./Sources/PIT.o
 .bss.UserFunction
                0x1fff00e0        0x4 ./Sources/PIT.o
 .bss.UserArguments
                0x1fff00e4        0x4 ./Sources/PIT.o
 .bss.ReadSemaphore
                0x1fff00e8        0x4 ./Sources/RTC.o
 *fill*         0x1fff00ec        0x4 
 .bss.RxUARTThreadStack
                0x1fff00f0      0xc80 ./Sources/UART.o
 .bss.TxUARTThreadStack
                0x1fff0d70      0xc80 ./Sources/UART.o
 .bss.DataReadySemaphore
                0x1fff19f0        0x4 ./Sources/accel.o
 .bss.VoltageSamples
                0x1fff19f4      0x188 ./Sources/main.o
 .bss.RMS       0x1fff1b7c        0x8 ./Sources/main.o
 .bss.Frequency
                0x1fff1b84        0x4 ./Sources/main.o
 .bss.TimingMode
                0x1fff1b88        0x2 ./Sources/main.o
 *fill*         0x1fff1b8a        0x2 
 .bss.SamplePeriod
                0x1fff1b8c        0x4 ./Sources/main.o
 .bss.NewSamplePeriod
                0x1fff1b90        0x4 ./Sources/main.o
 .bss.Alarm     0x1fff1b94        0x4 ./Sources/main.o
 .bss.Adjusting
                0x1fff1b98        0x4 ./Sources/main.o
 *fill*         0x1fff1b9c        0x4 
 .bss.LastSumOfSquares
                0x1fff1ba0       0x18 ./Sources/main.o
 .bss.OldestData
                0x1fff1bb8        0x8 ./Sources/main.o
 .bss.LEDOffSemaphore
                0x1fff1bc0        0x4 ./Sources/main.o
 .bss.RTCReadSemaphore
                0x1fff1bc4        0x4 ./Sources/main.o
 .bss.FrequencyCalculateSemaphore
                0x1fff1bc8        0x4 ./Sources/main.o
 .bss.FrequencyTrackSemaphore
                0x1fff1bcc        0x4 ./Sources/main.o
 .bss.LogRaisesSemaphore
                0x1fff1bd0        0x4 ./Sources/main.o
 .bss.LogLowersSemaphore
                0x1fff1bd4        0x4 ./Sources/main.o
 .bss.FlashAccessMutex
                0x1fff1bd8        0x4 ./Sources/main.o
 *fill*         0x1fff1bdc        0x4 
 .bss.InitModulesThreadStack
                0x1fff1be0      0xc80 ./Sources/main.o
 .bss.RTCThreadStack
                0x1fff2860      0xc80 ./Sources/main.o
 .bss.FTMLEDsOffThreadStack
                0x1fff34e0      0xc80 ./Sources/main.o
 .bss.FrequencyCalculateThreadStack
                0x1fff4160      0xc80 ./Sources/main.o
 .bss.FrequencyTrackThreadStack
                0x1fff4de0      0xc80 ./Sources/main.o
 .bss.PacketThreadStack
                0x1fff5a60      0xc80 ./Sources/main.o
 .bss.LogRaisesThreadStack
                0x1fff66e0      0xc80 ./Sources/main.o
 .bss.LogLowersThreadStack
                0x1fff7360      0xc80 ./Sources/main.o
 .bss.RMSThreadStacks
                0x1fff7fe0     0x2580 ./Sources/main.o
 .bss.phase.7498
                0x1fffa560        0x1 ./Sources/main.o
 *fill*         0x1fffa561        0x3 
 .bss.PacketPutAccess
                0x1fffa564        0x4 ./Sources/packet.o
 .bss.SR_lock   0x1fffa568        0x1 ./Generated_Code/Cpu.o
                0x1fffa568                SR_lock
 *fill*         0x1fffa569        0x3 
 .bss.TCBUnusedMain
                0x1fffa56c       0x18 D:\Embedded Software US\es18aut13\Project\Library\libOS.a(OS.o)
 .bss.TCBTable  0x1fffa584      0x300 D:\Embedded Software US\es18aut13\Project\Library\libOS.a(OS.o)
 .bss.pTCBFreeList
                0x1fffa884        0x4 D:\Embedded Software US\es18aut13\Project\Library\libOS.a(OS.o)
 .bss.pTCBAllocatedList
                0x1fffa888        0x4 D:\Embedded Software US\es18aut13\Project\Library\libOS.a(OS.o)
 .bss.pTCBPriorityTable
                0x1fffa88c       0x80 D:\Embedded Software US\es18aut13\Project\Library\libOS.a(OS.o)
 .bss.pTCBRunning
                0x1fffa90c        0x4 D:\Embedded Software US\es18aut13\Project\Library\libOS.a(OS.o)
 .bss.pTCBHighestReady
                0x1fffa910        0x4 D:\Embedded Software US\es18aut13\Project\Library\libOS.a(OS.o)
 .bss.ReadyList
                0x1fffa914        0x4 D:\Embedded Software US\es18aut13\Project\Library\libOS.a(OS.o)
 .bss.ECBTable  0x1fffa918      0x100 D:\Embedded Software US\es18aut13\Project\Library\libOS.a(OS.o)
 .bss.NextECBFree
                0x1fffaa18        0x1 D:\Embedded Software US\es18aut13\Project\Library\libOS.a(OS.o)
 *fill*         0x1fffaa19        0x3 
 .bss.IdleCounter
                0x1fffaa1c        0x4 D:\Embedded Software US\es18aut13\Project\Library\libOS.a(OS.o)
 .bss.IdleStack
                0x1fffaa20      0x400 D:\Embedded Software US\es18aut13\Project\Library\libOS.a(OS.o)
 .bss.Ticks     0x1fffae20        0x4 D:\Embedded Software US\es18aut13\Project\Library\libOS.a(OS.o)
 .bss.ToggleCntr
                0x1fffae24        0x4 D:\Embedded Software US\es18aut13\Project\Library\libOS.a(OS.o)
 .bss.ToggleLED
                0x1fffae28        0x1 D:\Embedded Software US\es18aut13\Project\Library\libOS.a(OS.o)
 .bss.ISRNestLevel
                0x1fffae29        0x1 D:\Embedded Software US\es18aut13\Project\Library\libOS.a(OS.o)
 *fill*         0x1fffae2a        0x2 
 .bss.ADCCommandUnion
                0x1fffae2c        0x4 D:\Embedded Software US\es18aut13\Project\Library\libAnalog.a(analog.o)
 *(COMMON)
 COMMON         0x1fffae30     0x1024 ./Sources/UART.o
                0x1fffae30                DummyRead
                0x1fffae34                TxFIFO
                0x1fffb640                RxFIFO
                0x1fffbe4c                RxUARTSemaphore
                0x1fffbe50                TxUARTSemaphore
 COMMON         0x1fffbe54       0x14 ./Sources/main.o
                0x1fffbe54                NvTowerMd
                0x1fffbe58                NvTowerNb
                0x1fffbe5c                NvTimingMd
                0x1fffbe60                NvNbRaises
                0x1fffbe64                NvNbLowers
 COMMON         0x1fffbe68        0x5 ./Sources/packet.o
                0x1fffbe68                Packet
 COMMON         0x1fffbe6d        0x1 ./Generated_Code/Cpu.o
                0x1fffbe6d                SR_reg
 *fill*         0x1fffbe6e        0x2 
 COMMON         0x1fffbe70        0x4 D:\Embedded Software US\es18aut13\Project\Library\libAnalog.a(analog.o)
                0x1fffbe70                DACInput
                0x1fffbe74                . = ALIGN (0x4)
                0x1fffbe74                __END_BSS = .
                0x1fffbe74                PROVIDE (__bss_end__, __END_BSS)
                0x000052f4                _romp_at = ((___ROM_AT + SIZEOF (.data)) + SIZEOF (.m_data_20000000))

.romp           0x1fffbe74       0x24 load address 0x000052f4
                0x000052f4                __S_romp = _romp_at
                0x1fffbe74        0x4 LONG 0x5270 ___ROM_AT
                0x1fffbe78        0x4 LONG 0x1fff0000 _sdata
                0x1fffbe7c        0x4 LONG 0x84 ___data_size
                0x1fffbe80        0x4 LONG 0x52f4 ___m_data_20000000_ROMStart
                0x1fffbe84        0x4 LONG 0x20000000 ___m_data_20000000_RAMStart
                0x1fffbe88        0x4 LONG 0x0 ___m_data_20000000_ROMSize
                0x1fffbe8c        0x4 LONG 0x0
                0x1fffbe90        0x4 LONG 0x0
                0x1fffbe94        0x4 LONG 0x0

._user_heap_stack
                0x1fffbe98      0x400 load address 0x00005318
                0x1fffbe98                . = ALIGN (0x4)
                0x1fffbe98                PROVIDE (end, .)
                0x1fffbe98                PROVIDE (_end, .)
                0x1fffbe98                __heap_addr = .
                0x1fffbe98                __HeapBase = .
                0x1fffbe98                . = (. + __heap_size)
                0x1fffbe98                __HeapLimit = .
                0x1fffc298                . = (. + __stack_size)
 *fill*         0x1fffbe98      0x400 
                0x1fffc298                . = ALIGN (0x4)

.ARM.attributes
                0x00000000       0x30
 *(.ARM.attributes)
 .ARM.attributes
                0x00000000       0x22 c:/freescale/kds_3.0.0/toolchain/bin/../lib/gcc/arm-none-eabi/4.8.4/armv7e-m/fpu/crti.o
 .ARM.attributes
                0x00000022       0x34 c:/freescale/kds_3.0.0/toolchain/bin/../lib/gcc/arm-none-eabi/4.8.4/armv7e-m/fpu/crtbegin.o
 .ARM.attributes
                0x00000056       0x20 c:/freescale/kds_3.0.0/toolchain/bin/../lib/gcc/arm-none-eabi/4.8.4/../../../../arm-none-eabi/lib/armv7e-m/fpu/crt0.o
 .ARM.attributes
                0x00000076       0x39 ./Sources/FIFO.o
 .ARM.attributes
                0x000000af       0x39 ./Sources/FTM.o
 .ARM.attributes
                0x000000e8       0x39 ./Sources/Flash.o
 .ARM.attributes
                0x00000121       0x39 ./Sources/I2C.o
 .ARM.attributes
                0x0000015a       0x39 ./Sources/LEDs.o
 .ARM.attributes
                0x00000193       0x39 ./Sources/PIT.o
 .ARM.attributes
                0x000001cc       0x39 ./Sources/RTC.o
 .ARM.attributes
                0x00000205       0x39 ./Sources/UART.o
 .ARM.attributes
                0x0000023e       0x39 ./Sources/accel.o
 .ARM.attributes
                0x00000277       0x39 ./Sources/main.o
 .ARM.attributes
                0x000002b0       0x39 ./Sources/packet.o
 .ARM.attributes
                0x000002e9       0x39 ./Project_Settings/Startup_Code/startup.o
 .ARM.attributes
                0x00000322       0x39 ./Generated_Code/Cpu.o
 .ARM.attributes
                0x0000035b       0x39 ./Generated_Code/Vectors.o
 .ARM.attributes
                0x00000394       0x39 D:\Embedded Software US\es18aut13\Project\Library\libOS.a(OS.o)
 .ARM.attributes
                0x000003cd       0x39 D:\Embedded Software US\es18aut13\Project\Library\libAnalog.a(analog.o)
 .ARM.attributes
                0x00000406       0x39 D:\Embedded Software US\es18aut13\Project\Library\libAnalog.a(SPI.o)
 .ARM.attributes
                0x0000043f       0x34 c:/freescale/kds_3.0.0/toolchain/bin/../lib/gcc/arm-none-eabi/4.8.4/../../../../arm-none-eabi/lib/armv7e-m/fpu\libm.a(lib_a-sf_round.o)
 .ARM.attributes
                0x00000473       0x34 c:/freescale/kds_3.0.0/toolchain/bin/../lib/gcc/arm-none-eabi/4.8.4/../../../../arm-none-eabi/lib/armv7e-m/fpu\libm.a(lib_a-wf_sqrt.o)
 .ARM.attributes
                0x000004a7       0x34 c:/freescale/kds_3.0.0/toolchain/bin/../lib/gcc/arm-none-eabi/4.8.4/../../../../arm-none-eabi/lib/armv7e-m/fpu\libm.a(lib_a-ef_sqrt.o)
 .ARM.attributes
                0x000004db       0x34 c:/freescale/kds_3.0.0/toolchain/bin/../lib/gcc/arm-none-eabi/4.8.4/../../../../arm-none-eabi/lib/armv7e-m/fpu\libm.a(lib_a-s_lib_ver.o)
 .ARM.attributes
                0x0000050f       0x34 c:/freescale/kds_3.0.0/toolchain/bin/../lib/gcc/arm-none-eabi/4.8.4/../../../../arm-none-eabi/lib/armv7e-m/fpu\libm.a(lib_a-s_matherr.o)
 .ARM.attributes
                0x00000543       0x34 c:/freescale/kds_3.0.0/toolchain/bin/../lib/gcc/arm-none-eabi/4.8.4/../../../../arm-none-eabi/lib/armv7e-m/fpu\libm.a(lib_a-sf_fpclassify.o)
 .ARM.attributes
                0x00000577       0x22 c:/freescale/kds_3.0.0/toolchain/bin/../lib/gcc/arm-none-eabi/4.8.4/armv7e-m/fpu\libgcc.a(_arm_addsubdf3.o)
 .ARM.attributes
                0x00000599       0x22 c:/freescale/kds_3.0.0/toolchain/bin/../lib/gcc/arm-none-eabi/4.8.4/armv7e-m/fpu\libgcc.a(_arm_muldivdf3.o)
 .ARM.attributes
                0x000005bb       0x22 c:/freescale/kds_3.0.0/toolchain/bin/../lib/gcc/arm-none-eabi/4.8.4/armv7e-m/fpu\libgcc.a(_arm_truncdfsf2.o)
 .ARM.attributes
                0x000005dd       0x22 c:/freescale/kds_3.0.0/toolchain/bin/../lib/gcc/arm-none-eabi/4.8.4/armv7e-m/fpu\libgcc.a(_arm_addsubsf3.o)
 .ARM.attributes
                0x000005ff       0x34 c:/freescale/kds_3.0.0/toolchain/bin/../lib/gcc/arm-none-eabi/4.8.4/../../../../arm-none-eabi/lib/armv7e-m/fpu\libg_s.a(lib_a-errno.o)
 .ARM.attributes
                0x00000633       0x34 c:/freescale/kds_3.0.0/toolchain/bin/../lib/gcc/arm-none-eabi/4.8.4/../../../../arm-none-eabi/lib/armv7e-m/fpu\libg_s.a(lib_a-exit.o)
 .ARM.attributes
                0x00000667       0x34 c:/freescale/kds_3.0.0/toolchain/bin/../lib/gcc/arm-none-eabi/4.8.4/../../../../arm-none-eabi/lib/armv7e-m/fpu\libg_s.a(lib_a-impure.o)
 .ARM.attributes
                0x0000069b       0x34 c:/freescale/kds_3.0.0/toolchain/bin/../lib/gcc/arm-none-eabi/4.8.4/../../../../arm-none-eabi/lib/armv7e-m/fpu\libg_s.a(lib_a-init.o)
 .ARM.attributes
                0x000006cf       0x34 c:/freescale/kds_3.0.0/toolchain/bin/../lib/gcc/arm-none-eabi/4.8.4/../../../../arm-none-eabi/lib/armv7e-m/fpu\libg_s.a(lib_a-memcpy-stub.o)
 .ARM.attributes
                0x00000703       0x34 c:/freescale/kds_3.0.0/toolchain/bin/../lib/gcc/arm-none-eabi/4.8.4/../../../../arm-none-eabi/lib/armv7e-m/fpu\libg_s.a(lib_a-memset.o)
 .ARM.attributes
                0x00000737       0x34 c:/freescale/kds_3.0.0/toolchain/bin/../lib/gcc/arm-none-eabi/4.8.4/../../../../arm-none-eabi/lib/armv7e-m/fpu\libnosys.a(_exit.o)
 .ARM.attributes
                0x0000076b       0x22 c:/freescale/kds_3.0.0/toolchain/bin/../lib/gcc/arm-none-eabi/4.8.4/armv7e-m/fpu/crtn.o
OUTPUT(Project.elf elf32-littlearm)

.debug_info     0x00000000     0x7ea9
 .debug_info    0x00000000      0x20b ./Sources/FIFO.o
 .debug_info    0x0000020b      0x797 ./Sources/FTM.o
 .debug_info    0x000009a2      0x671 ./Sources/Flash.o
 .debug_info    0x00001013      0x8fb ./Sources/I2C.o
 .debug_info    0x0000190e      0x490 ./Sources/LEDs.o
 .debug_info    0x00001d9e      0x5d0 ./Sources/PIT.o
 .debug_info    0x0000236e      0x632 ./Sources/RTC.o
 .debug_info    0x000029a0      0xa80 ./Sources/UART.o
 .debug_info    0x00003420      0x9af ./Sources/accel.o
 .debug_info    0x00003dcf     0x10ce ./Sources/main.o
 .debug_info    0x00004e9d      0x2ff ./Sources/packet.o
 .debug_info    0x0000519c      0x3b0 ./Project_Settings/Startup_Code/startup.o
 .debug_info    0x0000554c      0xc82 ./Generated_Code/Cpu.o
 .debug_info    0x000061ce      0x10f ./Generated_Code/Vectors.o
 .debug_info    0x000062dd      0xd02 D:\Embedded Software US\es18aut13\Project\Library\libOS.a(OS.o)
 .debug_info    0x00006fdf      0x46a D:\Embedded Software US\es18aut13\Project\Library\libAnalog.a(analog.o)
 .debug_info    0x00007449      0xa60 D:\Embedded Software US\es18aut13\Project\Library\libAnalog.a(SPI.o)

.debug_abbrev   0x00000000     0x1be0
 .debug_abbrev  0x00000000       0xce ./Sources/FIFO.o
 .debug_abbrev  0x000000ce      0x1d2 ./Sources/FTM.o
 .debug_abbrev  0x000002a0      0x1cc ./Sources/Flash.o
 .debug_abbrev  0x0000046c      0x1fb ./Sources/I2C.o
 .debug_abbrev  0x00000667      0x144 ./Sources/LEDs.o
 .debug_abbrev  0x000007ab      0x188 ./Sources/PIT.o
 .debug_abbrev  0x00000933      0x168 ./Sources/RTC.o
 .debug_abbrev  0x00000a9b      0x232 ./Sources/UART.o
 .debug_abbrev  0x00000ccd      0x207 ./Sources/accel.o
 .debug_abbrev  0x00000ed4      0x250 ./Sources/main.o
 .debug_abbrev  0x00001124       0xec ./Sources/packet.o
 .debug_abbrev  0x00001210      0x189 ./Project_Settings/Startup_Code/startup.o
 .debug_abbrev  0x00001399      0x185 ./Generated_Code/Cpu.o
 .debug_abbrev  0x0000151e       0xa4 ./Generated_Code/Vectors.o
 .debug_abbrev  0x000015c2      0x2f8 D:\Embedded Software US\es18aut13\Project\Library\libOS.a(OS.o)
 .debug_abbrev  0x000018ba      0x151 D:\Embedded Software US\es18aut13\Project\Library\libAnalog.a(analog.o)
 .debug_abbrev  0x00001a0b      0x1d5 D:\Embedded Software US\es18aut13\Project\Library\libAnalog.a(SPI.o)

.debug_aranges  0x00000000      0x588
 .debug_aranges
                0x00000000       0x30 ./Sources/FIFO.o
 .debug_aranges
                0x00000030       0x38 ./Sources/FTM.o
 .debug_aranges
                0x00000068       0x60 ./Sources/Flash.o
 .debug_aranges
                0x000000c8       0x70 ./Sources/I2C.o
 .debug_aranges
                0x00000138       0x38 ./Sources/LEDs.o
 .debug_aranges
                0x00000170       0x38 ./Sources/PIT.o
 .debug_aranges
                0x000001a8       0x38 ./Sources/RTC.o
 .debug_aranges
                0x000001e0       0x48 ./Sources/UART.o
 .debug_aranges
                0x00000228       0x38 ./Sources/accel.o
 .debug_aranges
                0x00000260      0x100 ./Sources/main.o
 .debug_aranges
                0x00000360       0x30 ./Sources/packet.o
 .debug_aranges
                0x00000390       0x50 ./Project_Settings/Startup_Code/startup.o
 .debug_aranges
                0x000003e0       0x38 ./Generated_Code/Cpu.o
 .debug_aranges
                0x00000418       0x18 ./Generated_Code/Vectors.o
 .debug_aranges
                0x00000430       0xc8 D:\Embedded Software US\es18aut13\Project\Library\libOS.a(OS.o)
 .debug_aranges
                0x000004f8       0x38 D:\Embedded Software US\es18aut13\Project\Library\libAnalog.a(analog.o)
 .debug_aranges
                0x00000530       0x58 D:\Embedded Software US\es18aut13\Project\Library\libAnalog.a(SPI.o)

.debug_ranges   0x00000000      0x470
 .debug_ranges  0x00000000       0x20 ./Sources/FIFO.o
 .debug_ranges  0x00000020       0x28 ./Sources/FTM.o
 .debug_ranges  0x00000048       0x50 ./Sources/Flash.o
 .debug_ranges  0x00000098       0x60 ./Sources/I2C.o
 .debug_ranges  0x000000f8       0x28 ./Sources/LEDs.o
 .debug_ranges  0x00000120       0x28 ./Sources/PIT.o
 .debug_ranges  0x00000148       0x28 ./Sources/RTC.o
 .debug_ranges  0x00000170       0x38 ./Sources/UART.o
 .debug_ranges  0x000001a8       0x28 ./Sources/accel.o
 .debug_ranges  0x000001d0       0xf0 ./Sources/main.o
 .debug_ranges  0x000002c0       0x20 ./Sources/packet.o
 .debug_ranges  0x000002e0       0x40 ./Project_Settings/Startup_Code/startup.o
 .debug_ranges  0x00000320       0x28 ./Generated_Code/Cpu.o
 .debug_ranges  0x00000348       0xb8 D:\Embedded Software US\es18aut13\Project\Library\libOS.a(OS.o)
 .debug_ranges  0x00000400       0x28 D:\Embedded Software US\es18aut13\Project\Library\libAnalog.a(analog.o)
 .debug_ranges  0x00000428       0x48 D:\Embedded Software US\es18aut13\Project\Library\libAnalog.a(SPI.o)

.debug_macro    0x00000000    0x1a983
 .debug_macro   0x00000000       0xaf ./Sources/FIFO.o
 .debug_macro   0x000000af       0x22 ./Sources/FIFO.o
 .debug_macro   0x000000d1       0x3c ./Sources/FIFO.o
 .debug_macro   0x0000010d     0x1800 ./Sources/FIFO.o
 .debug_macro   0x0000190d       0xa9 ./Sources/FTM.o
 .debug_macro   0x000019b6       0x76 ./Sources/Flash.o
 .debug_macro   0x00001a2c       0x16 ./Sources/Flash.o
 .debug_macro   0x00001a42    0x174af ./Sources/Flash.o
 .debug_macro   0x00018ef1       0x2e ./Sources/Flash.o
 .debug_macro   0x00018f1f       0xad ./Sources/I2C.o
 .debug_macro   0x00018fcc       0x6d ./Sources/LEDs.o
 .debug_macro   0x00019039       0xc2 ./Sources/PIT.o
 .debug_macro   0x000190fb       0x10 ./Sources/PIT.o
 .debug_macro   0x0001910b       0xa9 ./Sources/RTC.o
 .debug_macro   0x000191b4       0xbd ./Sources/UART.o
 .debug_macro   0x00019271      0x211 ./Sources/accel.o
 .debug_macro   0x00019482       0x9a ./Sources/accel.o
 .debug_macro   0x0001951c      0x205 ./Sources/main.o
 .debug_macro   0x00019721       0x10 ./Sources/main.o
 .debug_macro   0x00019731       0x3a ./Sources/main.o
 .debug_macro   0x0001976b       0x58 ./Sources/main.o
 .debug_macro   0x000197c3       0x35 ./Sources/main.o
 .debug_macro   0x000197f8       0xa3 ./Sources/main.o
 .debug_macro   0x0001989b      0x166 ./Sources/main.o
 .debug_macro   0x00019a01       0x52 ./Sources/main.o
 .debug_macro   0x00019a53       0x16 ./Sources/main.o
 .debug_macro   0x00019a69       0x43 ./Sources/main.o
 .debug_macro   0x00019aac      0x180 ./Sources/main.o
 .debug_macro   0x00019c2c       0xde ./Sources/main.o
 .debug_macro   0x00019d0a       0xc2 ./Sources/packet.o
 .debug_macro   0x00019dcc      0x121 ./Project_Settings/Startup_Code/startup.o
 .debug_macro   0x00019eed       0x4a ./Project_Settings/Startup_Code/startup.o
 .debug_macro   0x00019f37      0x2a6 ./Project_Settings/Startup_Code/startup.o
 .debug_macro   0x0001a1dd       0x10 ./Project_Settings/Startup_Code/startup.o
 .debug_macro   0x0001a1ed       0x35 ./Project_Settings/Startup_Code/startup.o
 .debug_macro   0x0001a222       0x16 ./Project_Settings/Startup_Code/startup.o
 .debug_macro   0x0001a238       0x22 ./Project_Settings/Startup_Code/startup.o
 .debug_macro   0x0001a25a      0x20f ./Project_Settings/Startup_Code/startup.o
 .debug_macro   0x0001a469       0x84 ./Generated_Code/Cpu.o
 .debug_macro   0x0001a4ed       0xa0 ./Generated_Code/Cpu.o
 .debug_macro   0x0001a58d       0xec ./Generated_Code/Vectors.o
 .debug_macro   0x0001a679       0x36 ./Generated_Code/Vectors.o
 .debug_macro   0x0001a6af       0xa3 D:\Embedded Software US\es18aut13\Project\Library\libOS.a(OS.o)
 .debug_macro   0x0001a752       0x94 D:\Embedded Software US\es18aut13\Project\Library\libOS.a(OS.o)
 .debug_macro   0x0001a7e6       0x30 D:\Embedded Software US\es18aut13\Project\Library\libOS.a(OS.o)
 .debug_macro   0x0001a816       0xf5 D:\Embedded Software US\es18aut13\Project\Library\libAnalog.a(analog.o)
 .debug_macro   0x0001a90b       0x10 D:\Embedded Software US\es18aut13\Project\Library\libAnalog.a(analog.o)
 .debug_macro   0x0001a91b       0x68 D:\Embedded Software US\es18aut13\Project\Library\libAnalog.a(SPI.o)

.debug_line     0x00000000     0x3926
 .debug_line    0x00000000      0x2c5 ./Sources/FIFO.o
 .debug_line    0x000002c5      0x307 ./Sources/FTM.o
 .debug_line    0x000005cc      0x2d3 ./Sources/Flash.o
 .debug_line    0x0000089f      0x3f9 ./Sources/I2C.o
 .debug_line    0x00000c98      0x225 ./Sources/LEDs.o
 .debug_line    0x00000ebd      0x332 ./Sources/PIT.o
 .debug_line    0x000011ef      0x2ea ./Sources/RTC.o
 .debug_line    0x000014d9      0x341 ./Sources/UART.o
 .debug_line    0x0000181a      0x329 ./Sources/accel.o
 .debug_line    0x00001b43      0x891 ./Sources/main.o
 .debug_line    0x000023d4      0x2de ./Sources/packet.o
 .debug_line    0x000026b2      0x3d4 ./Project_Settings/Startup_Code/startup.o
 .debug_line    0x00002a86      0x27b ./Generated_Code/Cpu.o
 .debug_line    0x00002d01      0x2bc ./Generated_Code/Vectors.o
 .debug_line    0x00002fbd      0x496 D:\Embedded Software US\es18aut13\Project\Library\libOS.a(OS.o)
 .debug_line    0x00003453      0x200 D:\Embedded Software US\es18aut13\Project\Library\libAnalog.a(analog.o)
 .debug_line    0x00003653      0x2d3 D:\Embedded Software US\es18aut13\Project\Library\libAnalog.a(SPI.o)

.debug_str      0x00000000    0x904c6
 .debug_str     0x00000000    0x8a680 ./Sources/FIFO.o
                              0x8a7fe (size before relaxing)
 .debug_str     0x0008a680      0x3b0 ./Sources/FTM.o
                              0x8ab40 (size before relaxing)
 .debug_str     0x0008aa30      0x3a5 ./Sources/Flash.o
                              0x83106 (size before relaxing)
 .debug_str     0x0008add5      0x222 ./Sources/I2C.o
                              0x8ab06 (size before relaxing)
 .debug_str     0x0008aff7       0xa6 ./Sources/LEDs.o
                              0x82eec (size before relaxing)
 .debug_str     0x0008b09d      0x11e ./Sources/PIT.o
                              0x8a9de (size before relaxing)
 .debug_str     0x0008b1bb       0x9d ./Sources/RTC.o
                              0x8a96b (size before relaxing)
 .debug_str     0x0008b258      0x235 ./Sources/UART.o
                              0x8abb0 (size before relaxing)
 .debug_str     0x0008b48d      0xa39 ./Sources/accel.o
                              0x8b4f2 (size before relaxing)
 .debug_str     0x0008bec6     0x25c9 ./Sources/main.o
                              0x8d324 (size before relaxing)
 .debug_str     0x0008e48f       0x4f ./Sources/packet.o
                              0x8aa8d (size before relaxing)
 .debug_str     0x0008e4de     0x1147 ./Project_Settings/Startup_Code/startup.o
                              0x853f0 (size before relaxing)
 .debug_str     0x0008f625      0x1e3 ./Generated_Code/Cpu.o
                              0x8aa21 (size before relaxing)
 .debug_str     0x0008f808       0x1c ./Generated_Code/Vectors.o
                              0x8a7dd (size before relaxing)
 .debug_str     0x0008f824      0x3ab D:\Embedded Software US\es18aut13\Project\Library\libOS.a(OS.o)
                              0x8ad2a (size before relaxing)
 .debug_str     0x0008fbcf      0x55a D:\Embedded Software US\es18aut13\Project\Library\libAnalog.a(analog.o)
                               0x3866 (size before relaxing)
 .debug_str     0x00090129      0x39d D:\Embedded Software US\es18aut13\Project\Library\libAnalog.a(SPI.o)
                              0x83389 (size before relaxing)

.comment        0x00000000       0x70
 .comment       0x00000000       0x70 ./Sources/FIFO.o
                                 0x71 (size before relaxing)
 .comment       0x00000000       0x71 ./Sources/FTM.o
 .comment       0x00000000       0x71 ./Sources/Flash.o
 .comment       0x00000000       0x71 ./Sources/I2C.o
 .comment       0x00000000       0x71 ./Sources/LEDs.o
 .comment       0x00000000       0x71 ./Sources/PIT.o
 .comment       0x00000000       0x71 ./Sources/RTC.o
 .comment       0x00000000       0x71 ./Sources/UART.o
 .comment       0x00000000       0x71 ./Sources/accel.o
 .comment       0x00000000       0x71 ./Sources/main.o
 .comment       0x00000000       0x71 ./Sources/packet.o
 .comment       0x00000000       0x71 ./Project_Settings/Startup_Code/startup.o
 .comment       0x00000000       0x71 ./Generated_Code/Cpu.o
 .comment       0x00000000       0x71 ./Generated_Code/Vectors.o
 .comment       0x00000000       0x71 D:\Embedded Software US\es18aut13\Project\Library\libOS.a(OS.o)
 .comment       0x00000000       0x71 D:\Embedded Software US\es18aut13\Project\Library\libAnalog.a(analog.o)
 .comment       0x00000000       0x71 D:\Embedded Software US\es18aut13\Project\Library\libAnalog.a(SPI.o)

.debug_frame    0x00000000     0x116c
 .debug_frame   0x00000000       0x70 ./Sources/FIFO.o
 .debug_frame   0x00000070       0x88 ./Sources/FTM.o
 .debug_frame   0x000000f8      0x128 ./Sources/Flash.o
 .debug_frame   0x00000220      0x148 ./Sources/I2C.o
 .debug_frame   0x00000368       0x7c ./Sources/LEDs.o
 .debug_frame   0x000003e4       0x8c ./Sources/PIT.o
 .debug_frame   0x00000470       0x8c ./Sources/RTC.o
 .debug_frame   0x000004fc       0xd4 ./Sources/UART.o
 .debug_frame   0x000005d0       0x94 ./Sources/accel.o
 .debug_frame   0x00000664      0x390 ./Sources/main.o
 .debug_frame   0x000009f4       0x70 ./Sources/packet.o
 .debug_frame   0x00000a64       0xc0 ./Project_Settings/Startup_Code/startup.o
 .debug_frame   0x00000b24       0x80 ./Generated_Code/Cpu.o
 .debug_frame   0x00000ba4      0x2a0 D:\Embedded Software US\es18aut13\Project\Library\libOS.a(OS.o)
 .debug_frame   0x00000e44       0x90 D:\Embedded Software US\es18aut13\Project\Library\libAnalog.a(analog.o)
 .debug_frame   0x00000ed4      0x100 D:\Embedded Software US\es18aut13\Project\Library\libAnalog.a(SPI.o)
 .debug_frame   0x00000fd4       0x20 c:/freescale/kds_3.0.0/toolchain/bin/../lib/gcc/arm-none-eabi/4.8.4/../../../../arm-none-eabi/lib/armv7e-m/fpu\libm.a(lib_a-sf_round.o)
 .debug_frame   0x00000ff4       0x30 c:/freescale/kds_3.0.0/toolchain/bin/../lib/gcc/arm-none-eabi/4.8.4/../../../../arm-none-eabi/lib/armv7e-m/fpu\libm.a(lib_a-wf_sqrt.o)
 .debug_frame   0x00001024       0x2c c:/freescale/kds_3.0.0/toolchain/bin/../lib/gcc/arm-none-eabi/4.8.4/../../../../arm-none-eabi/lib/armv7e-m/fpu\libm.a(lib_a-ef_sqrt.o)
 .debug_frame   0x00001050       0x20 c:/freescale/kds_3.0.0/toolchain/bin/../lib/gcc/arm-none-eabi/4.8.4/../../../../arm-none-eabi/lib/armv7e-m/fpu\libm.a(lib_a-s_matherr.o)
 .debug_frame   0x00001070       0x20 c:/freescale/kds_3.0.0/toolchain/bin/../lib/gcc/arm-none-eabi/4.8.4/../../../../arm-none-eabi/lib/armv7e-m/fpu\libm.a(lib_a-sf_fpclassify.o)
 .debug_frame   0x00001090       0x20 c:/freescale/kds_3.0.0/toolchain/bin/../lib/gcc/arm-none-eabi/4.8.4/../../../../arm-none-eabi/lib/armv7e-m/fpu\libg_s.a(lib_a-errno.o)
 .debug_frame   0x000010b0       0x28 c:/freescale/kds_3.0.0/toolchain/bin/../lib/gcc/arm-none-eabi/4.8.4/../../../../arm-none-eabi/lib/armv7e-m/fpu\libg_s.a(lib_a-exit.o)
 .debug_frame   0x000010d8       0x2c c:/freescale/kds_3.0.0/toolchain/bin/../lib/gcc/arm-none-eabi/4.8.4/../../../../arm-none-eabi/lib/armv7e-m/fpu\libg_s.a(lib_a-init.o)
 .debug_frame   0x00001104       0x28 c:/freescale/kds_3.0.0/toolchain/bin/../lib/gcc/arm-none-eabi/4.8.4/../../../../arm-none-eabi/lib/armv7e-m/fpu\libg_s.a(lib_a-memcpy-stub.o)
 .debug_frame   0x0000112c       0x20 c:/freescale/kds_3.0.0/toolchain/bin/../lib/gcc/arm-none-eabi/4.8.4/../../../../arm-none-eabi/lib/armv7e-m/fpu\libg_s.a(lib_a-memset.o)
 .debug_frame   0x0000114c       0x20 c:/freescale/kds_3.0.0/toolchain/bin/../lib/gcc/arm-none-eabi/4.8.4/../../../../arm-none-eabi/lib/armv7e-m/fpu\libnosys.a(_exit.o)
