Archive member included because of file (symbol)

C:\Users\12551519\Desktop\git\Project\Library\libOS.a(OS.o)
                              ./Sources/main.o (OS_Init)
C:\Users\12551519\Desktop\git\Project\Library\libAnalog.a(analog.o)
                              ./Sources/main.o (Analog_Init)
C:\Users\12551519\Desktop\git\Project\Library\libAnalog.a(SPI.o)
                              C:\Users\12551519\Desktop\git\Project\Library\libAnalog.a(analog.o) (SPI_Init)
c:/freescale/kds_3.0.0/toolchain/bin/../lib/gcc/arm-none-eabi/4.8.4/../../../../arm-none-eabi/lib/armv7e-m/fpu\libm.a(lib_a-w_sqrt.o)
                              ./Sources/main.o (sqrt)
c:/freescale/kds_3.0.0/toolchain/bin/../lib/gcc/arm-none-eabi/4.8.4/../../../../arm-none-eabi/lib/armv7e-m/fpu\libm.a(lib_a-e_sqrt.o)
                              c:/freescale/kds_3.0.0/toolchain/bin/../lib/gcc/arm-none-eabi/4.8.4/../../../../arm-none-eabi/lib/armv7e-m/fpu\libm.a(lib_a-w_sqrt.o) (__ieee754_sqrt)
c:/freescale/kds_3.0.0/toolchain/bin/../lib/gcc/arm-none-eabi/4.8.4/../../../../arm-none-eabi/lib/armv7e-m/fpu\libm.a(lib_a-s_fpclassify.o)
                              c:/freescale/kds_3.0.0/toolchain/bin/../lib/gcc/arm-none-eabi/4.8.4/../../../../arm-none-eabi/lib/armv7e-m/fpu\libm.a(lib_a-w_sqrt.o) (__fpclassifyd)
c:/freescale/kds_3.0.0/toolchain/bin/../lib/gcc/arm-none-eabi/4.8.4/../../../../arm-none-eabi/lib/armv7e-m/fpu\libm.a(lib_a-s_lib_ver.o)
                              c:/freescale/kds_3.0.0/toolchain/bin/../lib/gcc/arm-none-eabi/4.8.4/../../../../arm-none-eabi/lib/armv7e-m/fpu\libm.a(lib_a-w_sqrt.o) (__fdlib_version)
c:/freescale/kds_3.0.0/toolchain/bin/../lib/gcc/arm-none-eabi/4.8.4/../../../../arm-none-eabi/lib/armv7e-m/fpu\libm.a(lib_a-s_matherr.o)
                              c:/freescale/kds_3.0.0/toolchain/bin/../lib/gcc/arm-none-eabi/4.8.4/../../../../arm-none-eabi/lib/armv7e-m/fpu\libm.a(lib_a-w_sqrt.o) (matherr)
c:/freescale/kds_3.0.0/toolchain/bin/../lib/gcc/arm-none-eabi/4.8.4/armv7e-m/fpu\libgcc.a(_arm_addsubdf3.o)
                              c:/freescale/kds_3.0.0/toolchain/bin/../lib/gcc/arm-none-eabi/4.8.4/../../../../arm-none-eabi/lib/armv7e-m/fpu\libm.a(lib_a-e_sqrt.o) (__aeabi_dsub)
c:/freescale/kds_3.0.0/toolchain/bin/../lib/gcc/arm-none-eabi/4.8.4/armv7e-m/fpu\libgcc.a(_arm_muldivdf3.o)
                              c:/freescale/kds_3.0.0/toolchain/bin/../lib/gcc/arm-none-eabi/4.8.4/../../../../arm-none-eabi/lib/armv7e-m/fpu\libm.a(lib_a-e_sqrt.o) (__aeabi_dmul)
c:/freescale/kds_3.0.0/toolchain/bin/../lib/gcc/arm-none-eabi/4.8.4/armv7e-m/fpu\libgcc.a(_arm_cmpdf2.o)
                              c:/freescale/kds_3.0.0/toolchain/bin/../lib/gcc/arm-none-eabi/4.8.4/../../../../arm-none-eabi/lib/armv7e-m/fpu\libm.a(lib_a-w_sqrt.o) (__aeabi_dcmplt)
c:/freescale/kds_3.0.0/toolchain/bin/../lib/gcc/arm-none-eabi/4.8.4/armv7e-m/fpu\libgcc.a(_arm_fixunsdfsi.o)
                              ./Sources/main.o (__aeabi_d2uiz)
c:/freescale/kds_3.0.0/toolchain/bin/../lib/gcc/arm-none-eabi/4.8.4/armv7e-m/fpu\libgcc.a(_aeabi_ldivmod.o)
                              ./Sources/main.o (__aeabi_ldivmod)
c:/freescale/kds_3.0.0/toolchain/bin/../lib/gcc/arm-none-eabi/4.8.4/armv7e-m/fpu\libgcc.a(bpabi.o)
                              c:/freescale/kds_3.0.0/toolchain/bin/../lib/gcc/arm-none-eabi/4.8.4/armv7e-m/fpu\libgcc.a(_aeabi_ldivmod.o) (__gnu_ldivmod_helper)
c:/freescale/kds_3.0.0/toolchain/bin/../lib/gcc/arm-none-eabi/4.8.4/armv7e-m/fpu\libgcc.a(_dvmd_tls.o)
                              c:/freescale/kds_3.0.0/toolchain/bin/../lib/gcc/arm-none-eabi/4.8.4/armv7e-m/fpu\libgcc.a(_aeabi_ldivmod.o) (__aeabi_ldiv0)
c:/freescale/kds_3.0.0/toolchain/bin/../lib/gcc/arm-none-eabi/4.8.4/armv7e-m/fpu\libgcc.a(_divdi3.o)
                              c:/freescale/kds_3.0.0/toolchain/bin/../lib/gcc/arm-none-eabi/4.8.4/armv7e-m/fpu\libgcc.a(bpabi.o) (__divdi3)
c:/freescale/kds_3.0.0/toolchain/bin/../lib/gcc/arm-none-eabi/4.8.4/armv7e-m/fpu\libgcc.a(_udivdi3.o)
                              c:/freescale/kds_3.0.0/toolchain/bin/../lib/gcc/arm-none-eabi/4.8.4/armv7e-m/fpu\libgcc.a(bpabi.o) (__udivdi3)
c:/freescale/kds_3.0.0/toolchain/bin/../lib/gcc/arm-none-eabi/4.8.4/../../../../arm-none-eabi/lib/armv7e-m/fpu\libg_s.a(lib_a-errno.o)
                              c:/freescale/kds_3.0.0/toolchain/bin/../lib/gcc/arm-none-eabi/4.8.4/../../../../arm-none-eabi/lib/armv7e-m/fpu\libm.a(lib_a-w_sqrt.o) (__errno)
c:/freescale/kds_3.0.0/toolchain/bin/../lib/gcc/arm-none-eabi/4.8.4/../../../../arm-none-eabi/lib/armv7e-m/fpu\libg_s.a(lib_a-exit.o)
                              c:/freescale/kds_3.0.0/toolchain/bin/../lib/gcc/arm-none-eabi/4.8.4/../../../../arm-none-eabi/lib/armv7e-m/fpu/crt0.o (exit)
c:/freescale/kds_3.0.0/toolchain/bin/../lib/gcc/arm-none-eabi/4.8.4/../../../../arm-none-eabi/lib/armv7e-m/fpu\libg_s.a(lib_a-impure.o)
[...]
Memory Configuration

Name             Origin             Length             Attributes
m_interrupts     0x00000000         0x000001e8         xr
m_text           0x00000410         0x0007fbf0         xr
m_data           0x1fff0000         0x00010000         rw
m_data_20000000  0x20000000         0x00010000         rw
m_cfmprotrom     0x00000400         0x00000010         xr
*default*        0x00000000         0xffffffff

Linker script and memory map

LOAD c:/freescale/kds_3.0.0/toolchain/bin/../lib/gcc/arm-none-eabi/4.8.4/armv7e-m/fpu/crti.o
LOAD c:/freescale/kds_3.0.0/toolchain/bin/../lib/gcc/arm-none-eabi/4.8.4/armv7e-m/fpu/crtbegin.o
LOAD c:/freescale/kds_3.0.0/toolchain/bin/../lib/gcc/arm-none-eabi/4.8.4/../../../../arm-none-eabi/lib/armv7e-m/fpu/crt0.o
LOAD ./Sources/Events.o
LOAD ./Sources/FIFO.o
LOAD ./Sources/FTM.o
LOAD ./Sources/Flash.o
LOAD ./Sources/LEDs.o
LOAD ./Sources/PIT.o
LOAD ./Sources/UART.o
LOAD ./Sources/main.o
LOAD ./Sources/packet.o
LOAD ./Project_Settings/Startup_Code/startup.o
LOAD ./Generated_Code/Cpu.o
LOAD ./Generated_Code/Vectors.o
LOAD C:\Users\12551519\Desktop\git\Project\Library\libOS.a
LOAD C:\Users\12551519\Desktop\git\Project\Library\libAnalog.a
LOAD c:/freescale/kds_3.0.0/toolchain/bin/../lib/gcc/arm-none-eabi/4.8.4/../../../../arm-none-eabi/lib/armv7e-m/fpu\libstdc++_s.a
LOAD c:/freescale/kds_3.0.0/toolchain/bin/../lib/gcc/arm-none-eabi/4.8.4/../../../../arm-none-eabi/lib/armv7e-m/fpu\libm.a
START GROUP
LOAD c:/freescale/kds_3.0.0/toolchain/bin/../lib/gcc/arm-none-eabi/4.8.4/armv7e-m/fpu\libgcc.a
LOAD c:/freescale/kds_3.0.0/toolchain/bin/../lib/gcc/arm-none-eabi/4.8.4/../../../../arm-none-eabi/lib/armv7e-m/fpu\libg_s.a
LOAD c:/freescale/kds_3.0.0/toolchain/bin/../lib/gcc/arm-none-eabi/4.8.4/../../../../arm-none-eabi/lib/armv7e-m/fpu\libc_s.a
END GROUP
START GROUP
LOAD c:/freescale/kds_3.0.0/toolchain/bin/../lib/gcc/arm-none-eabi/4.8.4/armv7e-m/fpu\libgcc.a
LOAD c:/freescale/kds_3.0.0/toolchain/bin/../lib/gcc/arm-none-eabi/4.8.4/../../../../arm-none-eabi/lib/armv7e-m/fpu\libc_s.a
LOAD c:/freescale/kds_3.0.0/toolchain/bin/../lib/gcc/arm-none-eabi/4.8.4/../../../../arm-none-eabi/lib/armv7e-m/fpu\libnosys.a
END GROUP
START GROUP
LOAD c:/freescale/kds_3.0.0/toolchain/bin/../lib/gcc/arm-none-eabi/4.8.4/armv7e-m/fpu\libgcc.a
LOAD c:/freescale/kds_3.0.0/toolchain/bin/../lib/gcc/arm-none-eabi/4.8.4/../../../../arm-none-eabi/lib/armv7e-m/fpu\libc_s.a
LOAD c:/freescale/kds_3.0.0/toolchain/bin/../lib/gcc/arm-none-eabi/4.8.4/../../../../arm-none-eabi/lib/armv7e-m/fpu\libnosys.a
END GROUP
LOAD c:/freescale/kds_3.0.0/toolchain/bin/../lib/gcc/arm-none-eabi/4.8.4/armv7e-m/fpu/crtend.o
LOAD c:/freescale/kds_3.0.0/toolchain/bin/../lib/gcc/arm-none-eabi/4.8.4/armv7e-m/fpu/crtn.o
                0x20000000                _estack = 0x20000000
                0x20000000                __SP_INIT = _estack
                0x20000000                __stack = _estack
                0x00000000                __heap_size = 0x0
                0x00000400                __stack_size = 0x400

.interrupts     0x00000000      0x1e8
                0x00000000                __vector_table = .
                0x00000000                . = ALIGN (0x4)
 *(.vectortable)
 .vectortable   0x00000000      0x1e8 ./Generated_Code/Vectors.o
                0x00000000                __vect_table
                0x000001e8                . = ALIGN (0x4)

.cfmprotect     0x00000400       0x10
                0x00000400                . = ALIGN (0x4)
 *(.cfmconfig)
 .cfmconfig     0x00000400       0x10 ./Generated_Code/Cpu.o
                0x00000400                _cfm
                0x00000410                . = ALIGN (0x4)

.text           0x00000410     0x46d8
                0x00000410                . = ALIGN (0x4)
 *(.text)
 .text          0x00000410       0x54 c:/freescale/kds_3.0.0/toolchain/bin/../lib/gcc/arm-none-eabi/4.8.4/armv7e-m/fpu/crtbegin.o
 .text          0x00000464       0x74 c:/freescale/kds_3.0.0/toolchain/bin/../lib/gcc/arm-none-eabi/4.8.4/../../../../arm-none-eabi/lib/armv7e-m/fpu/crt0.o
                0x00000464                _start
                0x00000464                _mainCRTStartup
 .text          0x000004d8      0x370 c:/freescale/kds_3.0.0/toolchain/bin/../lib/gcc/arm-none-eabi/4.8.4/armv7e-m/fpu\libgcc.a(_arm_addsubdf3.o)
                0x000004d8                __aeabi_drsub
                0x000004e0                __aeabi_dsub
                0x000004e0                __subdf3
                0x000004e4                __aeabi_dadd
                0x000004e4                __adddf3
                0x0000075c                __floatunsidf
                0x0000075c                __aeabi_ui2d
                0x0000077c                __floatsidf
                0x0000077c                __aeabi_i2d
                0x000007a0                __aeabi_f2d
                0x000007a0                __extendsfdf2
                0x000007dc                __floatundidf
                0x000007dc                __aeabi_ul2d
                0x000007ec                __floatdidf
                0x000007ec                __aeabi_l2d
 .text          0x00000848      0x424 c:/freescale/kds_3.0.0/toolchain/bin/../lib/gcc/arm-none-eabi/4.8.4/armv7e-m/fpu\libgcc.a(_arm_muldivdf3.o)
                0x00000848                __aeabi_dmul
                0x00000848                __muldf3
                0x00000a9c                __divdf3
                0x00000a9c                __aeabi_ddiv
 .text          0x00000c6c      0x110 c:/freescale/kds_3.0.0/toolchain/bin/../lib/gcc/arm-none-eabi/4.8.4/armv7e-m/fpu\libgcc.a(_arm_cmpdf2.o)
                0x00000c6c                __gtdf2
                0x00000c6c                __gedf2
                0x00000c74                __ltdf2
                0x00000c74                __ledf2
                0x00000c7c                __nedf2
                0x00000c7c                __eqdf2
                0x00000c7c                __cmpdf2
                0x00000cf8                __aeabi_cdrcmple
                0x00000d08                __aeabi_cdcmpeq
                0x00000d08                __aeabi_cdcmple
                0x00000d18                __aeabi_dcmpeq
                0x00000d2c                __aeabi_dcmplt
                0x00000d40                __aeabi_dcmple
                0x00000d54                __aeabi_dcmpge
                0x00000d68                __aeabi_dcmpgt
 .text          0x00000d7c       0x40 c:/freescale/kds_3.0.0/toolchain/bin/../lib/gcc/arm-none-eabi/4.8.4/armv7e-m/fpu\libgcc.a(_arm_fixunsdfsi.o)
                0x00000d7c                __aeabi_d2uiz
                0x00000d7c                __fixunsdfsi
 .text          0x00000dbc       0x38 c:/freescale/kds_3.0.0/toolchain/bin/../lib/gcc/arm-none-eabi/4.8.4/armv7e-m/fpu\libgcc.a(_aeabi_ldivmod.o)
                0x00000dbc                __aeabi_ldivmod
 .text          0x00000df4       0x60 c:/freescale/kds_3.0.0/toolchain/bin/../lib/gcc/arm-none-eabi/4.8.4/armv7e-m/fpu\libgcc.a(bpabi.o)
                0x00000df4                __gnu_ldivmod_helper
                0x00000e24                __gnu_uldivmod_helper
 .text          0x00000e54        0x4 c:/freescale/kds_3.0.0/toolchain/bin/../lib/gcc/arm-none-eabi/4.8.4/armv7e-m/fpu\libgcc.a(_dvmd_tls.o)
                0x00000e54                __aeabi_idiv0
                0x00000e54                __aeabi_ldiv0
 .text          0x00000e58      0x298 c:/freescale/kds_3.0.0/toolchain/bin/../lib/gcc/arm-none-eabi/4.8.4/armv7e-m/fpu\libgcc.a(_divdi3.o)
                0x00000e58                __divdi3
 .text          0x000010f0      0x284 c:/freescale/kds_3.0.0/toolchain/bin/../lib/gcc/arm-none-eabi/4.8.4/armv7e-m/fpu\libgcc.a(_udivdi3.o)
                0x000010f0                __udivdi3
 *(.text*)
 .text.FIFO_Init
                0x00001374       0x48 ./Sources/FIFO.o
                0x00001374                FIFO_Init
 .text.FIFO_Put
                0x000013bc       0x70 ./Sources/FIFO.o
                0x000013bc                FIFO_Put
 .text.FIFO_Get
                0x0000142c       0x70 ./Sources/FIFO.o
                0x0000142c                FIFO_Get
 .text.FTM_Init
                0x0000149c       0xfc ./Sources/FTM.o
                0x0000149c                FTM_Init
 .text.FTM_Set  0x00001598       0xe4 ./Sources/FTM.o
                0x00001598                FTM_Set
 .text.FTM_StartTimer
                0x0000167c       0x78 ./Sources/FTM.o
                0x0000167c                FTM_StartTimer
 .text.FTM0_ISR
                0x000016f4       0x98 ./Sources/FTM.o
                0x000016f4                FTM0_ISR
 .text.Flash_Init
                0x0000178c       0x20 ./Sources/Flash.o
                0x0000178c                Flash_Init
 .text.Flash_AllocateVar
                0x000017ac       0x90 ./Sources/Flash.o
                0x000017ac                Flash_AllocateVar
 .text.Flash_Write
                0x0000183c       0x78 ./Sources/Flash.o
                0x0000183c                Flash_Write
 .text.Flash_Read8
                0x000018b4       0x34 ./Sources/Flash.o
                0x000018b4                Flash_Read8
 .text.Write32  0x000018e8       0x58 ./Sources/Flash.o
 .text.Write16  0x00001940       0x60 ./Sources/Flash.o
 .text.Write8   0x000019a0       0x60 ./Sources/Flash.o
 .text.LaunchCommand
                0x00001a00       0x98 ./Sources/Flash.o
 .text.WritePhrase
                0x00001a98       0xec ./Sources/Flash.o
 .text.EraseSector
                0x00001b84       0x38 ./Sources/Flash.o
 .text.LEDs_Init
                0x00001bbc       0xd4 ./Sources/LEDs.o
                0x00001bbc                LEDs_Init
 .text.LEDs_On  0x00001c90       0x24 ./Sources/LEDs.o
                0x00001c90                LEDs_On
 .text.LEDs_Off
                0x00001cb4       0x24 ./Sources/LEDs.o
                0x00001cb4                LEDs_Off
 .text.PIT_Init
                0x00001cd8       0xdc ./Sources/PIT.o
                0x00001cd8                PIT_Init
 .text.PIT_Set  0x00001db4       0x5c ./Sources/PIT.o
                0x00001db4                PIT_Set
 .text.PIT_Enable
                0x00001e10       0x40 ./Sources/PIT.o
                0x00001e10                PIT_Enable
 .text.PIT_ISR  0x00001e50       0x48 ./Sources/PIT.o
                0x00001e50                PIT_ISR
 .text.RxUARTThread
                0x00001e98       0x30 ./Sources/UART.o
 .text.TxUARTThread
                0x00001ec8       0x50 ./Sources/UART.o
 .text.UART_Init
                0x00001f18      0x1c8 ./Sources/UART.o
                0x00001f18                UART_Init
 .text.UART_InChar
                0x000020e0       0x1c ./Sources/UART.o
                0x000020e0                UART_InChar
 .text.UART_OutChar
                0x000020fc       0x34 ./Sources/UART.o
                0x000020fc                UART_OutChar
 .text.UART_ISR
                0x00002130       0x94 ./Sources/UART.o
                0x00002130                UART_ISR
 .text.ProtectedAnalogPut
                0x000021c4       0x28 ./Sources/main.o
                0x000021c4                ProtectedAnalogPut
 .text.ArrayCopy
                0x000021ec       0x40 ./Sources/main.o
                0x000021ec                ArrayCopy
 .text.ArrayAnyTrue
                0x0000222c       0x40 ./Sources/main.o
                0x0000222c                ArrayAnyTrue
 .text.CalculateRMS
                0x0000226c       0x9c ./Sources/main.o
                0x0000226c                CalculateRMS
 .text.CheckRMS
                0x00002308      0x100 ./Sources/main.o
                0x00002308                CheckRMS
 .text.HandleTowerTiming
                0x00002408       0x6c ./Sources/main.o
 .text.HandleTowerRaises
                0x00002474       0x74 ./Sources/main.o
 .text.HandleTowerLowers
                0x000024e8       0x74 ./Sources/main.o
 .text.HandleTowerFrequency
                0x0000255c       0x48 ./Sources/main.o
 .text.HandleTowerVoltage
                0x000025a4       0x78 ./Sources/main.o
 .text.HandleTowerSpectrum
                0x0000261c       0x10 ./Sources/main.o
 .text.ReceivedPacket
                0x0000262c       0xfc ./Sources/main.o
                0x0000262c                ReceivedPacket
 .text.PITCallback
                0x00002728       0xc0 ./Sources/main.o
                0x00002728                PITCallback
 .text.TowerInit
                0x000027e8       0xd0 ./Sources/main.o
                0x000027e8                TowerInit
 .text.InitModulesThread
                0x000028b8      0x100 ./Sources/main.o
 .text.PacketThread
                0x000029b8       0x5c ./Sources/main.o
 .text.FTMLEDsOffThread
                0x00002a14       0x24 ./Sources/main.o
 .text.CalculateRMSThread
                0x00002a38       0xf4 ./Sources/main.o
                0x00002a38                CalculateRMSThread
 .text.CalculateFrequencyThread
                0x00002b2c      0x220 ./Sources/main.o
                0x00002b2c                CalculateFrequencyThread
 .text.RaisesThread
                0x00002d4c       0x3c ./Sources/main.o
                0x00002d4c                RaisesThread
 .text.LowersThread
                0x00002d88       0x3c ./Sources/main.o
                0x00002d88                LowersThread
 .text.main     0x00002dc4       0xfc ./Sources/main.o
                0x00002dc4                main
 .text.Packet_Init
                0x00002ec0       0x2c ./Sources/packet.o
                0x00002ec0                Packet_Init
 .text.Packet_Get
                0x00002eec       0x6c ./Sources/packet.o
                0x00002eec                Packet_Get
 .text.Packet_Put
                0x00002f58       0x70 ./Sources/packet.o
                0x00002f58                Packet_Put
 .text.__copy_rom_section
                0x00002fc8       0xe4 ./Project_Settings/Startup_Code/startup.o
                0x00002fc8                __copy_rom_section
 .text.__copy_rom_sections_to_ram
                0x000030ac       0x9c ./Project_Settings/Startup_Code/startup.o
                0x000030ac                __copy_rom_sections_to_ram
 .text.__init_registers
                0x00003148       0x20 ./Project_Settings/Startup_Code/startup.o
                0x00003148                __init_registers
 .text.__init_user
                0x00003168        0xc ./Project_Settings/Startup_Code/startup.o
                0x00003168                __init_user
 .text.__thumb_startup
                0x00003174       0x34 ./Project_Settings/Startup_Code/startup.o
                0x00003174                __thumb_startup
 .text.Cpu_Interrupt
                0x000031a8       0x18 ./Generated_Code/Cpu.o
                0x000031a8                Cpu_Interrupt
 .text.__init_hardware
                0x000031c0      0x1cc ./Generated_Code/Cpu.o
                0x000031c0                __init_hardware
 .text.Cpu_SetBASEPRI
                0x0000338c       0x18 ./Generated_Code/Cpu.o
                0x0000338c                Cpu_SetBASEPRI
 .text.PE_low_level_init
                0x000033a4       0xe4 ./Generated_Code/Cpu.o
                0x000033a4                PE_low_level_init
 .text.OS_Init  0x00003488      0x110 C:\Users\12551519\Desktop\git\Project\Library\libOS.a(OS.o)
                0x00003488                OS_Init
 .text.OS_ISREnter
                0x00003598       0x20 C:\Users\12551519\Desktop\git\Project\Library\libOS.a(OS.o)
                0x00003598                OS_ISREnter
 .text.OS_ISRExit
                0x000035b8       0x1c C:\Users\12551519\Desktop\git\Project\Library\libOS.a(OS.o)
                0x000035b8                OS_ISRExit
 .text.OS_SemaphoreCreate
                0x000035d4       0x90 C:\Users\12551519\Desktop\git\Project\Library\libOS.a(OS.o)
                0x000035d4                OS_SemaphoreCreate
 .text.OS_SemaphoreSignal
                0x00003664       0x44 C:\Users\12551519\Desktop\git\Project\Library\libOS.a(OS.o)
                0x00003664                OS_SemaphoreSignal
 .text.OS_SemaphoreWait
                0x000036a8       0x58 C:\Users\12551519\Desktop\git\Project\Library\libOS.a(OS.o)
                0x000036a8                OS_SemaphoreWait
 .text.OS_Start
                0x00003700       0x10 C:\Users\12551519\Desktop\git\Project\Library\libOS.a(OS.o)
                0x00003700                OS_Start
 .text.OS_ThreadCreate
                0x00003710      0x160 C:\Users\12551519\Desktop\git\Project\Library\libOS.a(OS.o)
                0x00003710                OS_ThreadCreate
 .text.OS_ThreadDelete
                0x00003870      0x18c C:\Users\12551519\Desktop\git\Project\Library\libOS.a(OS.o)
                0x00003870                OS_ThreadDelete
 .text.EventThreadReady
                0x000039fc       0x68 C:\Users\12551519\Desktop\git\Project\Library\libOS.a(OS.o)
 .text.EventThreadWait
                0x00003a64       0x64 C:\Users\12551519\Desktop\git\Project\Library\libOS.a(OS.o)
 .text.EventTimeout
                0x00003ac8       0x40 C:\Users\12551519\Desktop\git\Project\Library\libOS.a(OS.o)
 .text.Idle     0x00003b08       0x18 C:\Users\12551519\Desktop\git\Project\Library\libOS.a(OS.o)
 .text.FindFirstSet
                0x00003b20       0x44 C:\Users\12551519\Desktop\git\Project\Library\libOS.a(OS.o)
 .text.Schedule
                0x00003b64       0x64 C:\Users\12551519\Desktop\git\Project\Library\libOS.a(OS.o)
 .text.TCBInit  0x00003bc8       0xcc C:\Users\12551519\Desktop\git\Project\Library\libOS.a(OS.o)
 .text.TimeTick
                0x00003c94       0x74 C:\Users\12551519\Desktop\git\Project\Library\libOS.a(OS.o)
 *fill*         0x00003d08        0x8 
 .text.OS_ContextSwitchISR
                0x00003d10       0x70 C:\Users\12551519\Desktop\git\Project\Library\libOS.a(OS.o)
                0x00003d10                OS_ContextSwitchISR
 .text.OS_SysTickISR
                0x00003d80       0x5c C:\Users\12551519\Desktop\git\Project\Library\libOS.a(OS.o)
                0x00003d80                OS_SysTickISR
 .text.DACWrite
                0x00003ddc       0x6c C:\Users\12551519\Desktop\git\Project\Library\libAnalog.a(analog.o)
 .text.Analog_Init
                0x00003e48       0x7c C:\Users\12551519\Desktop\git\Project\Library\libAnalog.a(analog.o)
                0x00003e48                Analog_Init
 .text.Analog_Get
                0x00003ec4       0x78 C:\Users\12551519\Desktop\git\Project\Library\libAnalog.a(analog.o)
                0x00003ec4                Analog_Get
 .text.Analog_Put
                0x00003f3c       0x50 C:\Users\12551519\Desktop\git\Project\Library\libAnalog.a(analog.o)
                0x00003f3c                Analog_Put
 .text.InitChipSelectPins
                0x00003f8c       0x6c C:\Users\12551519\Desktop\git\Project\Library\libAnalog.a(SPI.o)
 .text.SetupModuleConfigurationRegister
                0x00003ff8      0x104 C:\Users\12551519\Desktop\git\Project\Library\libAnalog.a(SPI.o)
 .text.SetBaudRate
                0x000040fc      0x15c C:\Users\12551519\Desktop\git\Project\Library\libAnalog.a(SPI.o)
 .text.SetDelayAfterTransfer
                0x00004258      0x168 C:\Users\12551519\Desktop\git\Project\Library\libAnalog.a(SPI.o)
 .text.SetupClockAndTransferAttributesRegister
                0x000043c0      0x16c C:\Users\12551519\Desktop\git\Project\Library\libAnalog.a(SPI.o)
 .text.SPI_Init
                0x0000452c       0x90 C:\Users\12551519\Desktop\git\Project\Library\libAnalog.a(SPI.o)
                0x0000452c                SPI_Init
 .text.SPI_SelectSlaveDevice
                0x000045bc       0x6c C:\Users\12551519\Desktop\git\Project\Library\libAnalog.a(SPI.o)
                0x000045bc                SPI_SelectSlaveDevice
 .text.SPI_Exchange
                0x00004628       0x94 C:\Users\12551519\Desktop\git\Project\Library\libAnalog.a(SPI.o)
                0x00004628                SPI_Exchange
 .text.sqrt     0x000046bc       0xbc c:/freescale/kds_3.0.0/toolchain/bin/../lib/gcc/arm-none-eabi/4.8.4/../../../../arm-none-eabi/lib/armv7e-m/fpu\libm.a(lib_a-w_sqrt.o)
                0x000046bc                sqrt
 .text.__ieee754_sqrt
                0x00004778      0x198 c:/freescale/kds_3.0.0/toolchain/bin/../lib/gcc/arm-none-eabi/4.8.4/../../../../arm-none-eabi/lib/armv7e-m/fpu\libm.a(lib_a-e_sqrt.o)
                0x00004778                __ieee754_sqrt
 .text.__fpclassifyd
                0x00004910       0x54 c:/freescale/kds_3.0.0/toolchain/bin/../lib/gcc/arm-none-eabi/4.8.4/../../../../arm-none-eabi/lib/armv7e-m/fpu\libm.a(lib_a-s_fpclassify.o)
                0x00004910                __fpclassifyd
 .text.matherr  0x00004964        0x4 c:/freescale/kds_3.0.0/toolchain/bin/../lib/gcc/arm-none-eabi/4.8.4/../../../../arm-none-eabi/lib/armv7e-m/fpu\libm.a(lib_a-s_matherr.o)
                0x00004964                matherr
 .text.__errno  0x00004968        0xc c:/freescale/kds_3.0.0/toolchain/bin/../lib/gcc/arm-none-eabi/4.8.4/../../../../arm-none-eabi/lib/armv7e-m/fpu\libg_s.a(lib_a-errno.o)
                0x00004968                __errno
 .text.exit     0x00004974       0x28 c:/freescale/kds_3.0.0/toolchain/bin/../lib/gcc/arm-none-eabi/4.8.4/../../../../arm-none-eabi/lib/armv7e-m/fpu\libg_s.a(lib_a-exit.o)
                0x00004974                exit
 .text.__libc_init_array
                0x0000499c       0x4c c:/freescale/kds_3.0.0/toolchain/bin/../lib/gcc/arm-none-eabi/4.8.4/../../../../arm-none-eabi/lib/armv7e-m/fpu\libg_s.a(lib_a-init.o)
                0x0000499c                __libc_init_array
 .text.memset   0x000049e8       0x10 c:/freescale/kds_3.0.0/toolchain/bin/../lib/gcc/arm-none-eabi/4.8.4/../../../../arm-none-eabi/lib/armv7e-m/fpu\libg_s.a(lib_a-memset.o)
                0x000049e8                memset
 .text._exit    0x000049f8        0x4 c:/freescale/kds_3.0.0/toolchain/bin/../lib/gcc/arm-none-eabi/4.8.4/../../../../arm-none-eabi/lib/armv7e-m/fpu\libnosys.a(_exit.o)
                0x000049f8                _exit
 *(.rodata)
 .rodata        0x000049fc        0x4 C:\Users\12551519\Desktop\git\Project\Library\libAnalog.a(analog.o)
 .rodata        0x00004a00       0xa0 C:\Users\12551519\Desktop\git\Project\Library\libAnalog.a(SPI.o)
 *(.rodata*)
 .rodata.PACKET_ACK_MASK
                0x00004aa0        0x1 ./Sources/packet.o
                0x00004aa0                PACKET_ACK_MASK
 *fill*         0x00004aa1        0x3 
 .rodata.SPI_SETUP
                0x00004aa4       0x1c C:\Users\12551519\Desktop\git\Project\Library\libAnalog.a(analog.o)
 .rodata.str1.4
                0x00004ac0        0x8 c:/freescale/kds_3.0.0/toolchain/bin/../lib/gcc/arm-none-eabi/4.8.4/../../../../arm-none-eabi/lib/armv7e-m/fpu\libm.a(lib_a-w_sqrt.o)
 .rodata.str1.1
                0x00004ac8        0x2 c:/freescale/kds_3.0.0/toolchain/bin/../lib/gcc/arm-none-eabi/4.8.4/../../../../arm-none-eabi/lib/armv7e-m/fpu\libg_s.a(lib_a-impure.o)
 *fill*         0x00004aca        0x2 
 .rodata._global_impure_ptr
                0x00004acc        0x4 c:/freescale/kds_3.0.0/toolchain/bin/../lib/gcc/arm-none-eabi/4.8.4/../../../../arm-none-eabi/lib/armv7e-m/fpu\libg_s.a(lib_a-impure.o)
                0x00004acc                _global_impure_ptr
 *(.glue_7)
 .glue_7        0x00000000        0x0 linker stubs
 *(.glue_7t)
 .glue_7t       0x00000000        0x0 linker stubs
 *(.eh_frame)
 .eh_frame      0x00004ad0        0x0 c:/freescale/kds_3.0.0/toolchain/bin/../lib/gcc/arm-none-eabi/4.8.4/armv7e-m/fpu/crtbegin.o
 *(.init)
 .init          0x00004ad0        0x4 c:/freescale/kds_3.0.0/toolchain/bin/../lib/gcc/arm-none-eabi/4.8.4/armv7e-m/fpu/crti.o
                0x00004ad0                _init
 .init          0x00004ad4        0x8 c:/freescale/kds_3.0.0/toolchain/bin/../lib/gcc/arm-none-eabi/4.8.4/armv7e-m/fpu/crtn.o
 *(.fini)
 .fini          0x00004adc        0x4 c:/freescale/kds_3.0.0/toolchain/bin/../lib/gcc/arm-none-eabi/4.8.4/armv7e-m/fpu/crti.o
                0x00004adc                _fini
 .fini          0x00004ae0        0x8 c:/freescale/kds_3.0.0/toolchain/bin/../lib/gcc/arm-none-eabi/4.8.4/armv7e-m/fpu/crtn.o
                0x00004ae8                . = ALIGN (0x4)
                0x00004ae8                _etext = .

.vfp11_veneer   0x00004ae8        0x0
 .vfp11_veneer  0x00000000        0x0 linker stubs

.v4_bx          0x00004ae8        0x0
 .v4_bx         0x00000000        0x0 linker stubs

.iplt           0x00004ae8        0x0
 .iplt          0x00000000        0x0 c:/freescale/kds_3.0.0/toolchain/bin/../lib/gcc/arm-none-eabi/4.8.4/armv7e-m/fpu/crtbegin.o

.ARM.extab
 *(.ARM.extab* .gnu.linkonce.armextab.*)

.ARM            0x00004ae8        0x8
                0x00004ae8                __exidx_start = .
 *(.ARM.exidx*)
 .ARM.exidx     0x00004ae8        0x8 c:/freescale/kds_3.0.0/toolchain/bin/../lib/gcc/arm-none-eabi/4.8.4/../../../../arm-none-eabi/lib/armv7e-m/fpu/crt0.o
 .ARM.exidx     0x00004af0        0x0 c:/freescale/kds_3.0.0/toolchain/bin/../lib/gcc/arm-none-eabi/4.8.4/armv7e-m/fpu\libgcc.a(_divdi3.o)
                                  0x8 (size before relaxing)
 .ARM.exidx     0x00004af0        0x0 c:/freescale/kds_3.0.0/toolchain/bin/../lib/gcc/arm-none-eabi/4.8.4/armv7e-m/fpu\libgcc.a(_udivdi3.o)
                                  0x8 (size before relaxing)
                0x00004af0                __exidx_end = .

.rel.dyn        0x00004af0        0x0
 .rel.iplt      0x00000000        0x0 c:/freescale/kds_3.0.0/toolchain/bin/../lib/gcc/arm-none-eabi/4.8.4/armv7e-m/fpu/crtbegin.o

.ctors          0x00004af0        0x0
                0x00004af0                __CTOR_LIST__ = .
 *crtbegin.o(.ctors)
 *(EXCLUDE_FILE(*crtend.o) .ctors)
 *(SORT(.ctors.*))
 *(.ctors)
                0x00004af0                __CTOR_END__ = .

.dtors          0x00004af0        0x0
                0x00004af0                __DTOR_LIST__ = .
 *crtbegin.o(.dtors)
 *(EXCLUDE_FILE(*crtend.o) .dtors)
 *(SORT(.dtors.*))
 *(.dtors)
                0x00004af0                __DTOR_END__ = .

.preinit_array  0x00004af0        0x0
                0x00004af0                PROVIDE (__preinit_array_start, .)
 *(.preinit_array*)
                0x00004af0                PROVIDE (__preinit_array_end, .)

.init_array     0x00004af0        0x4
                0x00004af0                PROVIDE (__init_array_start, .)
 *(SORT(.init_array.*))
 *(.init_array*)
 .init_array    0x00004af0        0x4 c:/freescale/kds_3.0.0/toolchain/bin/../lib/gcc/arm-none-eabi/4.8.4/armv7e-m/fpu/crtbegin.o
                0x00004af4                PROVIDE (__init_array_end, .)

.fini_array     0x00004af4        0x4
                0x00004af4                PROVIDE (__fini_array_start, .)
 *(SORT(.fini_array.*))
 *(.fini_array*)
 .fini_array    0x00004af4        0x4 c:/freescale/kds_3.0.0/toolchain/bin/../lib/gcc/arm-none-eabi/4.8.4/armv7e-m/fpu/crtbegin.o
                0x00004af8                PROVIDE (__fini_array_end, .)
                0x00004af8                ___ROM_AT = .

.data           0x1fff0000      0x148 load address 0x00004af8
                0x1fff0000                . = ALIGN (0x4)
                0x1fff0000                _sdata = .
 *(.data)
 *(.data*)
 .data.Period_Analog_Poll
                0x1fff0000        0x4 ./Sources/main.o
 .data.Timing_Mode
                0x1fff0004        0x1 ./Sources/main.o
 *fill*         0x1fff0005        0x3 
 .data.AnalogThreadData
                0x1fff0008       0xd8 ./Sources/main.o
 .data.__fdlib_version
                0x1fff00e0        0x1 c:/freescale/kds_3.0.0/toolchain/bin/../lib/gcc/arm-none-eabi/4.8.4/../../../../arm-none-eabi/lib/armv7e-m/fpu\libm.a(lib_a-s_lib_ver.o)
                0x1fff00e0                __fdlib_version
 *fill*         0x1fff00e1        0x3 
 .data.impure_data
                0x1fff00e4       0x60 c:/freescale/kds_3.0.0/toolchain/bin/../lib/gcc/arm-none-eabi/4.8.4/../../../../arm-none-eabi/lib/armv7e-m/fpu\libg_s.a(lib_a-impure.o)
 .data._impure_ptr
                0x1fff0144        0x4 c:/freescale/kds_3.0.0/toolchain/bin/../lib/gcc/arm-none-eabi/4.8.4/../../../../arm-none-eabi/lib/armv7e-m/fpu\libg_s.a(lib_a-impure.o)
                0x1fff0144                _impure_ptr
                0x1fff0148                . = ALIGN (0x4)
                0x1fff0148                _edata = .
                0x00000148                ___data_size = (_edata - _sdata)
                0x00004c40                ___m_data_20000000_ROMStart = (___ROM_AT + SIZEOF (.data))

.jcr            0x1fff0148        0x0 load address 0x00004c40
 .jcr           0x1fff0148        0x0 c:/freescale/kds_3.0.0/toolchain/bin/../lib/gcc/arm-none-eabi/4.8.4/armv7e-m/fpu/crtbegin.o

.igot.plt       0x1fff0148        0x0 load address 0x00004c40
 .igot.plt      0x00000000        0x0 c:/freescale/kds_3.0.0/toolchain/bin/../lib/gcc/arm-none-eabi/4.8.4/armv7e-m/fpu/crtbegin.o

.m_data_20000000
                0x20000000        0x0 load address 0x00004c40
                0x20000000                . = ALIGN (0x4)
                0x20000000                ___m_data_20000000_RAMStart = .
 *(.m_data_20000000)
                0x20000000                ___m_data_20000000_RAMEnd = .
                0x20000000                . = ALIGN (0x4)
                0x00000000                ___m_data_20000000_ROMSize = (___m_data_20000000_RAMEnd - ___m_data_20000000_RAMStart)
                0x20000000                . = ALIGN (0x4)

.bss            0x1fff0148     0xbb80 load address 0x00004c40
                0x1fff0148                __START_BSS = .
                0x1fff0148                PROVIDE (__bss_start__, __START_BSS)
 *(.bss)
 .bss           0x1fff0148       0x1c c:/freescale/kds_3.0.0/toolchain/bin/../lib/gcc/arm-none-eabi/4.8.4/armv7e-m/fpu/crtbegin.o
 *(.bss*)
 .bss.UserSemaphore
                0x1fff0164       0x20 ./Sources/FTM.o
 .bss.FlashAccessSemaphore
                0x1fff0184        0x4 ./Sources/Flash.o
 .bss.occupiedBytes.5714
                0x1fff0188        0x1 ./Sources/Flash.o
 *fill*         0x1fff0189        0x3 
 .bss.ModuleClk
                0x1fff018c        0x4 ./Sources/PIT.o
 .bss.UserFunction
                0x1fff0190        0x4 ./Sources/PIT.o
 .bss.UserArguments
                0x1fff0194        0x4 ./Sources/PIT.o
 .bss.RxUARTThreadStack
                0x1fff0198     0x1000 ./Sources/UART.o
 .bss.TxUARTThreadStack
                0x1fff1198     0x1000 ./Sources/UART.o
 .bss.Frequency
                0x1fff2198        0x4 ./Sources/main.o
 .bss.LEDOffSemaphore
                0x1fff219c        0x4 ./Sources/main.o
 .bss.RaisesSemaphore
                0x1fff21a0        0x4 ./Sources/main.o
 .bss.LowersSemaphore
                0x1fff21a4        0x4 ./Sources/main.o
 .bss.FlashAccessSemaphore
                0x1fff21a8        0x4 ./Sources/main.o
 .bss.FrequencySemaphore
                0x1fff21ac        0x4 ./Sources/main.o
 .bss.InitModulesThreadStack
                0x1fff21b0     0x1000 ./Sources/main.o
 .bss.FTMLEDsOffThreadStack
                0x1fff31b0     0x1000 ./Sources/main.o
 .bss.PacketThreadStack
                0x1fff41b0     0x1000 ./Sources/main.o
 .bss.RaisesThreadStack
                0x1fff51b0     0x1000 ./Sources/main.o
 .bss.LowersThreadStack
                0x1fff61b0     0x1000 ./Sources/main.o
 .bss.FrequencyThreadStack
                0x1fff71b0     0x1000 ./Sources/main.o
 .bss.RMSThreadStacks
                0x1fff81b0     0x3000 ./Sources/main.o
 .bss.channel.7435
                0x1fffb1b0        0x1 ./Sources/main.o
 .bss.adjustment.7462
                0x1fffb1b1        0x1 ./Sources/main.o
 *fill*         0x1fffb1b2        0x2 
 .bss.allAlarms.7461
                0x1fffb1b4        0x4 ./Sources/main.o
 .bss.PacketPutAccess
                0x1fffb1b8        0x4 ./Sources/packet.o
 .bss.SR_lock   0x1fffb1bc        0x1 ./Generated_Code/Cpu.o
                0x1fffb1bc                SR_lock
 *fill*         0x1fffb1bd        0x3 
 .bss.TCBUnusedMain
                0x1fffb1c0       0x18 C:\Users\12551519\Desktop\git\Project\Library\libOS.a(OS.o)
 .bss.TCBTable  0x1fffb1d8      0x300 C:\Users\12551519\Desktop\git\Project\Library\libOS.a(OS.o)
 .bss.pTCBFreeList
                0x1fffb4d8        0x4 C:\Users\12551519\Desktop\git\Project\Library\libOS.a(OS.o)
 .bss.pTCBAllocatedList
                0x1fffb4dc        0x4 C:\Users\12551519\Desktop\git\Project\Library\libOS.a(OS.o)
 .bss.pTCBPriorityTable
                0x1fffb4e0       0x80 C:\Users\12551519\Desktop\git\Project\Library\libOS.a(OS.o)
 .bss.pTCBRunning
                0x1fffb560        0x4 C:\Users\12551519\Desktop\git\Project\Library\libOS.a(OS.o)
 .bss.pTCBHighestReady
                0x1fffb564        0x4 C:\Users\12551519\Desktop\git\Project\Library\libOS.a(OS.o)
 .bss.ReadyList
                0x1fffb568        0x4 C:\Users\12551519\Desktop\git\Project\Library\libOS.a(OS.o)
 .bss.ECBTable  0x1fffb56c      0x100 C:\Users\12551519\Desktop\git\Project\Library\libOS.a(OS.o)
 .bss.NextECBFree
                0x1fffb66c        0x1 C:\Users\12551519\Desktop\git\Project\Library\libOS.a(OS.o)
 *fill*         0x1fffb66d        0x3 
 .bss.IdleCounter
                0x1fffb670        0x4 C:\Users\12551519\Desktop\git\Project\Library\libOS.a(OS.o)
 *fill*         0x1fffb674        0x4 
 .bss.IdleStack
                0x1fffb678      0x400 C:\Users\12551519\Desktop\git\Project\Library\libOS.a(OS.o)
 .bss.Ticks     0x1fffba78        0x4 C:\Users\12551519\Desktop\git\Project\Library\libOS.a(OS.o)
 .bss.ToggleCntr
                0x1fffba7c        0x4 C:\Users\12551519\Desktop\git\Project\Library\libOS.a(OS.o)
 .bss.ToggleLED
                0x1fffba80        0x1 C:\Users\12551519\Desktop\git\Project\Library\libOS.a(OS.o)
 .bss.ISRNestLevel
                0x1fffba81        0x1 C:\Users\12551519\Desktop\git\Project\Library\libOS.a(OS.o)
 *fill*         0x1fffba82        0x2 
 .bss.ADCCommandUnion
                0x1fffba84        0x4 C:\Users\12551519\Desktop\git\Project\Library\libAnalog.a(analog.o)
 *(COMMON)
 COMMON         0x1fffba88      0x22c ./Sources/UART.o
                0x1fffba88                DummyRead
                0x1fffba8c                TxFIFO
                0x1fffbb9c                RxFIFO
                0x1fffbcac                RxUARTSemaphore
                0x1fffbcb0                TxUARTSemaphore
 COMMON         0x1fffbcb4        0x8 ./Sources/main.o
                0x1fffbcb4                NvCountRaises
                0x1fffbcb8                NvCountLowers
 COMMON         0x1fffbcbc        0x5 ./Sources/packet.o
                0x1fffbcbc                Packet
 COMMON         0x1fffbcc1        0x1 ./Generated_Code/Cpu.o
                0x1fffbcc1                SR_reg
 *fill*         0x1fffbcc2        0x2 
 COMMON         0x1fffbcc4        0x4 C:\Users\12551519\Desktop\git\Project\Library\libAnalog.a(analog.o)
                0x1fffbcc4                DACInput
                0x1fffbcc8                . = ALIGN (0x4)
                0x1fffbcc8                __END_BSS = .
                0x1fffbcc8                PROVIDE (__bss_end__, __END_BSS)
                0x00004c40                _romp_at = ((___ROM_AT + SIZEOF (.data)) + SIZEOF (.m_data_20000000))

.romp           0x1fffbcc8       0x24 load address 0x00004c40
                0x00004c40                __S_romp = _romp_at
                0x1fffbcc8        0x4 LONG 0x4af8 ___ROM_AT
                0x1fffbccc        0x4 LONG 0x1fff0000 _sdata
                0x1fffbcd0        0x4 LONG 0x148 ___data_size
                0x1fffbcd4        0x4 LONG 0x4c40 ___m_data_20000000_ROMStart
                0x1fffbcd8        0x4 LONG 0x20000000 ___m_data_20000000_RAMStart
                0x1fffbcdc        0x4 LONG 0x0 ___m_data_20000000_ROMSize
                0x1fffbce0        0x4 LONG 0x0
                0x1fffbce4        0x4 LONG 0x0
                0x1fffbce8        0x4 LONG 0x0

._user_heap_stack
                0x1fffbcec      0x400 load address 0x00004c64
                0x1fffbcec                . = ALIGN (0x4)
                0x1fffbcec                PROVIDE (end, .)
                0x1fffbcec                PROVIDE (_end, .)
                0x1fffbcec                __heap_addr = .
                0x1fffbcec                __HeapBase = .
                0x1fffbcec                . = (. + __heap_size)
                0x1fffbcec                __HeapLimit = .
                0x1fffc0ec                . = (. + __stack_size)
 *fill*         0x1fffbcec      0x400 
                0x1fffc0ec                . = ALIGN (0x4)

.ARM.attributes
                0x00000000       0x30
 *(.ARM.attributes)
 .ARM.attributes
                0x00000000       0x22 c:/freescale/kds_3.0.0/toolchain/bin/../lib/gcc/arm-none-eabi/4.8.4/armv7e-m/fpu/crti.o
 .ARM.attributes
                0x00000022       0x34 c:/freescale/kds_3.0.0/toolchain/bin/../lib/gcc/arm-none-eabi/4.8.4/armv7e-m/fpu/crtbegin.o
 .ARM.attributes
                0x00000056       0x20 c:/freescale/kds_3.0.0/toolchain/bin/../lib/gcc/arm-none-eabi/4.8.4/../../../../arm-none-eabi/lib/armv7e-m/fpu/crt0.o
 .ARM.attributes
                0x00000076       0x39 ./Sources/FIFO.o
 .ARM.attributes
                0x000000af       0x39 ./Sources/FTM.o
 .ARM.attributes
                0x000000e8       0x39 ./Sources/Flash.o
 .ARM.attributes
                0x00000121       0x39 ./Sources/LEDs.o
 .ARM.attributes
                0x0000015a       0x39 ./Sources/PIT.o
 .ARM.attributes
                0x00000193       0x39 ./Sources/UART.o
 .ARM.attributes
                0x000001cc       0x39 ./Sources/main.o
 .ARM.attributes
                0x00000205       0x39 ./Sources/packet.o
 .ARM.attributes
                0x0000023e       0x39 ./Project_Settings/Startup_Code/startup.o
 .ARM.attributes
                0x00000277       0x39 ./Generated_Code/Cpu.o
 .ARM.attributes
                0x000002b0       0x39 ./Generated_Code/Vectors.o
 .ARM.attributes
                0x000002e9       0x39 C:\Users\12551519\Desktop\git\Project\Library\libOS.a(OS.o)
 .ARM.attributes
                0x00000322       0x39 C:\Users\12551519\Desktop\git\Project\Library\libAnalog.a(analog.o)
 .ARM.attributes
                0x0000035b       0x39 C:\Users\12551519\Desktop\git\Project\Library\libAnalog.a(SPI.o)
 .ARM.attributes
                0x00000394       0x34 c:/freescale/kds_3.0.0/toolchain/bin/../lib/gcc/arm-none-eabi/4.8.4/../../../../arm-none-eabi/lib/armv7e-m/fpu\libm.a(lib_a-w_sqrt.o)
 .ARM.attributes
                0x000003c8       0x34 c:/freescale/kds_3.0.0/toolchain/bin/../lib/gcc/arm-none-eabi/4.8.4/../../../../arm-none-eabi/lib/armv7e-m/fpu\libm.a(lib_a-e_sqrt.o)
 .ARM.attributes
                0x000003fc       0x34 c:/freescale/kds_3.0.0/toolchain/bin/../lib/gcc/arm-none-eabi/4.8.4/../../../../arm-none-eabi/lib/armv7e-m/fpu\libm.a(lib_a-s_fpclassify.o)
 .ARM.attributes
                0x00000430       0x34 c:/freescale/kds_3.0.0/toolchain/bin/../lib/gcc/arm-none-eabi/4.8.4/../../../../arm-none-eabi/lib/armv7e-m/fpu\libm.a(lib_a-s_lib_ver.o)
 .ARM.attributes
                0x00000464       0x34 c:/freescale/kds_3.0.0/toolchain/bin/../lib/gcc/arm-none-eabi/4.8.4/../../../../arm-none-eabi/lib/armv7e-m/fpu\libm.a(lib_a-s_matherr.o)
 .ARM.attributes
                0x00000498       0x22 c:/freescale/kds_3.0.0/toolchain/bin/../lib/gcc/arm-none-eabi/4.8.4/armv7e-m/fpu\libgcc.a(_arm_addsubdf3.o)
 .ARM.attributes
                0x000004ba       0x22 c:/freescale/kds_3.0.0/toolchain/bin/../lib/gcc/arm-none-eabi/4.8.4/armv7e-m/fpu\libgcc.a(_arm_muldivdf3.o)
 .ARM.attributes
                0x000004dc       0x22 c:/freescale/kds_3.0.0/toolchain/bin/../lib/gcc/arm-none-eabi/4.8.4/armv7e-m/fpu\libgcc.a(_arm_cmpdf2.o)
 .ARM.attributes
                0x000004fe       0x22 c:/freescale/kds_3.0.0/toolchain/bin/../lib/gcc/arm-none-eabi/4.8.4/armv7e-m/fpu\libgcc.a(_arm_fixunsdfsi.o)
 .ARM.attributes
                0x00000520       0x22 c:/freescale/kds_3.0.0/toolchain/bin/../lib/gcc/arm-none-eabi/4.8.4/armv7e-m/fpu\libgcc.a(_aeabi_ldivmod.o)
 .ARM.attributes
                0x00000542       0x34 c:/freescale/kds_3.0.0/toolchain/bin/../lib/gcc/arm-none-eabi/4.8.4/armv7e-m/fpu\libgcc.a(bpabi.o)
 .ARM.attributes
                0x00000576       0x22 c:/freescale/kds_3.0.0/toolchain/bin/../lib/gcc/arm-none-eabi/4.8.4/armv7e-m/fpu\libgcc.a(_dvmd_tls.o)
 .ARM.attributes
                0x00000598       0x34 c:/freescale/kds_3.0.0/toolchain/bin/../lib/gcc/arm-none-eabi/4.8.4/armv7e-m/fpu\libgcc.a(_divdi3.o)
 .ARM.attributes
                0x000005cc       0x34 c:/freescale/kds_3.0.0/toolchain/bin/../lib/gcc/arm-none-eabi/4.8.4/armv7e-m/fpu\libgcc.a(_udivdi3.o)
 .ARM.attributes
                0x00000600       0x34 c:/freescale/kds_3.0.0/toolchain/bin/../lib/gcc/arm-none-eabi/4.8.4/../../../../arm-none-eabi/lib/armv7e-m/fpu\libg_s.a(lib_a-errno.o)
 .ARM.attributes
                0x00000634       0x34 c:/freescale/kds_3.0.0/toolchain/bin/../lib/gcc/arm-none-eabi/4.8.4/../../../../arm-none-eabi/lib/armv7e-m/fpu\libg_s.a(lib_a-exit.o)
 .ARM.attributes
                0x00000668       0x34 c:/freescale/kds_3.0.0/toolchain/bin/../lib/gcc/arm-none-eabi/4.8.4/../../../../arm-none-eabi/lib/armv7e-m/fpu\libg_s.a(lib_a-impure.o)
 .ARM.attributes
                0x0000069c       0x34 c:/freescale/kds_3.0.0/toolchain/bin/../lib/gcc/arm-none-eabi/4.8.4/../../../../arm-none-eabi/lib/armv7e-m/fpu\libg_s.a(lib_a-init.o)
 .ARM.attributes
                0x000006d0       0x34 c:/freescale/kds_3.0.0/toolchain/bin/../lib/gcc/arm-none-eabi/4.8.4/../../../../arm-none-eabi/lib/armv7e-m/fpu\libg_s.a(lib_a-memset.o)
 .ARM.attributes
                0x00000704       0x34 c:/freescale/kds_3.0.0/toolchain/bin/../lib/gcc/arm-none-eabi/4.8.4/../../../../arm-none-eabi/lib/armv7e-m/fpu\libnosys.a(_exit.o)
 .ARM.attributes
                0x00000738       0x22 c:/freescale/kds_3.0.0/toolchain/bin/../lib/gcc/arm-none-eabi/4.8.4/armv7e-m/fpu/crtn.o
OUTPUT(Project.elf elf32-littlearm)

.debug_info     0x00000000     0x6447
 .debug_info    0x00000000      0x217 ./Sources/FIFO.o
 .debug_info    0x00000217      0x797 ./Sources/FTM.o
 .debug_info    0x000009ae      0x824 ./Sources/Flash.o
 .debug_info    0x000011d2      0x490 ./Sources/LEDs.o
 .debug_info    0x00001662      0x5d0 ./Sources/PIT.o
 .debug_info    0x00001c32      0xa8c ./Sources/UART.o
 .debug_info    0x000026be      0xd7d ./Sources/main.o
 .debug_info    0x0000343b      0x2ff ./Sources/packet.o
 .debug_info    0x0000373a      0x3b0 ./Project_Settings/Startup_Code/startup.o
 .debug_info    0x00003aea      0xc82 ./Generated_Code/Cpu.o
 .debug_info    0x0000476c      0x10f ./Generated_Code/Vectors.o
 .debug_info    0x0000487b      0xd02 C:\Users\12551519\Desktop\git\Project\Library\libOS.a(OS.o)
 .debug_info    0x0000557d      0x46a C:\Users\12551519\Desktop\git\Project\Library\libAnalog.a(analog.o)
 .debug_info    0x000059e7      0xa60 C:\Users\12551519\Desktop\git\Project\Library\libAnalog.a(SPI.o)

.debug_abbrev   0x00000000     0x16cf
 .debug_abbrev  0x00000000       0xce ./Sources/FIFO.o
 .debug_abbrev  0x000000ce      0x1d2 ./Sources/FTM.o
 .debug_abbrev  0x000002a0      0x1c1 ./Sources/Flash.o
 .debug_abbrev  0x00000461      0x144 ./Sources/LEDs.o
 .debug_abbrev  0x000005a5      0x188 ./Sources/PIT.o
 .debug_abbrev  0x0000072d      0x232 ./Sources/UART.o
 .debug_abbrev  0x0000095f      0x2b4 ./Sources/main.o
 .debug_abbrev  0x00000c13       0xec ./Sources/packet.o
 .debug_abbrev  0x00000cff      0x189 ./Project_Settings/Startup_Code/startup.o
 .debug_abbrev  0x00000e88      0x185 ./Generated_Code/Cpu.o
 .debug_abbrev  0x0000100d       0xa4 ./Generated_Code/Vectors.o
 .debug_abbrev  0x000010b1      0x2f8 C:\Users\12551519\Desktop\git\Project\Library\libOS.a(OS.o)
 .debug_abbrev  0x000013a9      0x151 C:\Users\12551519\Desktop\git\Project\Library\libAnalog.a(analog.o)
 .debug_abbrev  0x000014fa      0x1d5 C:\Users\12551519\Desktop\git\Project\Library\libAnalog.a(SPI.o)

.debug_aranges  0x00000000      0x498
 .debug_aranges
                0x00000000       0x30 ./Sources/FIFO.o
 .debug_aranges
                0x00000030       0x38 ./Sources/FTM.o
 .debug_aranges
                0x00000068       0x88 ./Sources/Flash.o
 .debug_aranges
                0x000000f0       0x38 ./Sources/LEDs.o
 .debug_aranges
                0x00000128       0x38 ./Sources/PIT.o
 .debug_aranges
                0x00000160       0x48 ./Sources/UART.o
 .debug_aranges
                0x000001a8       0xc8 ./Sources/main.o
 .debug_aranges
                0x00000270       0x30 ./Sources/packet.o
 .debug_aranges
                0x000002a0       0x50 ./Project_Settings/Startup_Code/startup.o
 .debug_aranges
                0x000002f0       0x38 ./Generated_Code/Cpu.o
 .debug_aranges
                0x00000328       0x18 ./Generated_Code/Vectors.o
 .debug_aranges
                0x00000340       0xc8 C:\Users\12551519\Desktop\git\Project\Library\libOS.a(OS.o)
 .debug_aranges
                0x00000408       0x38 C:\Users\12551519\Desktop\git\Project\Library\libAnalog.a(analog.o)
 .debug_aranges
                0x00000440       0x58 C:\Users\12551519\Desktop\git\Project\Library\libAnalog.a(SPI.o)

.debug_ranges   0x00000000      0x3b0
 .debug_ranges  0x00000000       0x20 ./Sources/FIFO.o
 .debug_ranges  0x00000020       0x28 ./Sources/FTM.o
 .debug_ranges  0x00000048       0x78 ./Sources/Flash.o
 .debug_ranges  0x000000c0       0x28 ./Sources/LEDs.o
 .debug_ranges  0x000000e8       0x28 ./Sources/PIT.o
 .debug_ranges  0x00000110       0x38 ./Sources/UART.o
 .debug_ranges  0x00000148       0xb8 ./Sources/main.o
 .debug_ranges  0x00000200       0x20 ./Sources/packet.o
 .debug_ranges  0x00000220       0x40 ./Project_Settings/Startup_Code/startup.o
 .debug_ranges  0x00000260       0x28 ./Generated_Code/Cpu.o
 .debug_ranges  0x00000288       0xb8 C:\Users\12551519\Desktop\git\Project\Library\libOS.a(OS.o)
 .debug_ranges  0x00000340       0x28 C:\Users\12551519\Desktop\git\Project\Library\libAnalog.a(analog.o)
 .debug_ranges  0x00000368       0x48 C:\Users\12551519\Desktop\git\Project\Library\libAnalog.a(SPI.o)

.debug_macro    0x00000000    0x1a542
 .debug_macro   0x00000000       0xaf ./Sources/FIFO.o
 .debug_macro   0x000000af       0x22 ./Sources/FIFO.o
 .debug_macro   0x000000d1       0x3c ./Sources/FIFO.o
 .debug_macro   0x0000010d     0x1800 ./Sources/FIFO.o
 .debug_macro   0x0000190d       0xa9 ./Sources/FTM.o
 .debug_macro   0x000019b6       0x85 ./Sources/Flash.o
 .debug_macro   0x00001a3b       0x16 ./Sources/Flash.o
 .debug_macro   0x00001a51    0x174af ./Sources/Flash.o
 .debug_macro   0x00018f00       0x28 ./Sources/Flash.o
 .debug_macro   0x00018f28       0x6d ./Sources/LEDs.o
 .debug_macro   0x00018f95       0xa9 ./Sources/PIT.o
 .debug_macro   0x0001903e       0xbd ./Sources/UART.o
 .debug_macro   0x000190fb      0x1c5 ./Sources/main.o
 .debug_macro   0x000192c0       0x10 ./Sources/main.o
 .debug_macro   0x000192d0       0x3a ./Sources/main.o
 .debug_macro   0x0001930a       0x2e ./Sources/main.o
 .debug_macro   0x00019338       0x10 ./Sources/main.o
 .debug_macro   0x00019348       0x58 ./Sources/main.o
 .debug_macro   0x000193a0       0x35 ./Sources/main.o
 .debug_macro   0x000193d5       0xa3 ./Sources/main.o
 .debug_macro   0x00019478      0x166 ./Sources/main.o
 .debug_macro   0x000195de       0x52 ./Sources/main.o
 .debug_macro   0x00019630       0x16 ./Sources/main.o
 .debug_macro   0x00019646       0x43 ./Sources/main.o
 .debug_macro   0x00019689      0x180 ./Sources/main.o
 .debug_macro   0x00019809       0xde ./Sources/main.o
 .debug_macro   0x000198e7       0xc2 ./Sources/packet.o
 .debug_macro   0x000199a9      0x121 ./Project_Settings/Startup_Code/startup.o
 .debug_macro   0x00019aca       0x4a ./Project_Settings/Startup_Code/startup.o
 .debug_macro   0x00019b14      0x2a6 ./Project_Settings/Startup_Code/startup.o
 .debug_macro   0x00019dba       0x10 ./Project_Settings/Startup_Code/startup.o
 .debug_macro   0x00019dca       0x35 ./Project_Settings/Startup_Code/startup.o
 .debug_macro   0x00019dff       0x16 ./Project_Settings/Startup_Code/startup.o
 .debug_macro   0x00019e15       0x22 ./Project_Settings/Startup_Code/startup.o
 .debug_macro   0x00019e37      0x20f ./Project_Settings/Startup_Code/startup.o
 .debug_macro   0x0001a046       0x84 ./Generated_Code/Cpu.o
 .debug_macro   0x0001a0ca       0xa0 ./Generated_Code/Cpu.o
 .debug_macro   0x0001a16a       0xce ./Generated_Code/Vectors.o
 .debug_macro   0x0001a238       0x36 ./Generated_Code/Vectors.o
 .debug_macro   0x0001a26e       0xa3 C:\Users\12551519\Desktop\git\Project\Library\libOS.a(OS.o)
 .debug_macro   0x0001a311       0x94 C:\Users\12551519\Desktop\git\Project\Library\libOS.a(OS.o)
 .debug_macro   0x0001a3a5       0x30 C:\Users\12551519\Desktop\git\Project\Library\libOS.a(OS.o)
 .debug_macro   0x0001a3d5       0xf5 C:\Users\12551519\Desktop\git\Project\Library\libAnalog.a(analog.o)
 .debug_macro   0x0001a4ca       0x10 C:\Users\12551519\Desktop\git\Project\Library\libAnalog.a(analog.o)
 .debug_macro   0x0001a4da       0x68 C:\Users\12551519\Desktop\git\Project\Library\libAnalog.a(SPI.o)

.debug_line     0x00000000     0x2d04
 .debug_line    0x00000000      0x2ba ./Sources/FIFO.o
 .debug_line    0x000002ba      0x2fb ./Sources/FTM.o
 .debug_line    0x000005b5      0x379 ./Sources/Flash.o
 .debug_line    0x0000092e      0x221 ./Sources/LEDs.o
 .debug_line    0x00000b4f      0x2dd ./Sources/PIT.o
 .debug_line    0x00000e2c      0x335 ./Sources/UART.o
 .debug_line    0x00001161      0x692 ./Sources/main.o
 .debug_line    0x000017f3      0x2d2 ./Sources/packet.o
 .debug_line    0x00001ac5      0x3cc ./Project_Settings/Startup_Code/startup.o
 .debug_line    0x00001e91      0x277 ./Generated_Code/Cpu.o
 .debug_line    0x00002108      0x293 ./Generated_Code/Vectors.o
 .debug_line    0x0000239b      0x496 C:\Users\12551519\Desktop\git\Project\Library\libOS.a(OS.o)
 .debug_line    0x00002831      0x200 C:\Users\12551519\Desktop\git\Project\Library\libAnalog.a(analog.o)
 .debug_line    0x00002a31      0x2d3 C:\Users\12551519\Desktop\git\Project\Library\libAnalog.a(SPI.o)

.debug_str      0x00000000    0x8f620
 .debug_str     0x00000000    0x8a686 ./Sources/FIFO.o
                              0x8a804 (size before relaxing)
 .debug_str     0x0008a686      0x3b5 ./Sources/FTM.o
                              0x8ab3d (size before relaxing)
 .debug_str     0x0008aa3b      0x404 ./Sources/Flash.o
                              0x83281 (size before relaxing)
 .debug_str     0x0008ae3f       0xe1 ./Sources/LEDs.o
                              0x82ee8 (size before relaxing)
 .debug_str     0x0008af20       0xe2 ./Sources/PIT.o
                              0x8a995 (size before relaxing)
 .debug_str     0x0008b002      0x23e ./Sources/UART.o
                              0x8abb6 (size before relaxing)
 .debug_str     0x0008b240     0x236b ./Sources/main.o
                              0x8d00d (size before relaxing)
 .debug_str     0x0008d5ab       0x4f ./Sources/packet.o
                              0x8aa89 (size before relaxing)
 .debug_str     0x0008d5fa     0x1147 ./Project_Settings/Startup_Code/startup.o
                              0x853ec (size before relaxing)
 .debug_str     0x0008e741      0x20b ./Generated_Code/Cpu.o
                              0x8aa1d (size before relaxing)
 .debug_str     0x0008e94c       0x1c ./Generated_Code/Vectors.o
                              0x8a7c2 (size before relaxing)
 .debug_str     0x0008e968      0x3a5 C:\Users\12551519\Desktop\git\Project\Library\libOS.a(OS.o)
                              0x8ad2a (size before relaxing)
 .debug_str     0x0008ed0d      0x569 C:\Users\12551519\Desktop\git\Project\Library\libAnalog.a(analog.o)
                               0x3866 (size before relaxing)
 .debug_str     0x0008f276      0x3aa C:\Users\12551519\Desktop\git\Project\Library\libAnalog.a(SPI.o)
                              0x83389 (size before relaxing)

.comment        0x00000000       0x70
 .comment       0x00000000       0x70 ./Sources/FIFO.o
                                 0x71 (size before relaxing)
 .comment       0x00000000       0x71 ./Sources/FTM.o
 .comment       0x00000000       0x71 ./Sources/Flash.o
 .comment       0x00000000       0x71 ./Sources/LEDs.o
 .comment       0x00000000       0x71 ./Sources/PIT.o
 .comment       0x00000000       0x71 ./Sources/UART.o
 .comment       0x00000000       0x71 ./Sources/main.o
 .comment       0x00000000       0x71 ./Sources/packet.o
 .comment       0x00000000       0x71 ./Project_Settings/Startup_Code/startup.o
 .comment       0x00000000       0x71 ./Generated_Code/Cpu.o
 .comment       0x00000000       0x71 ./Generated_Code/Vectors.o
 .comment       0x00000000       0x71 C:\Users\12551519\Desktop\git\Project\Library\libOS.a(OS.o)
 .comment       0x00000000       0x71 C:\Users\12551519\Desktop\git\Project\Library\libAnalog.a(analog.o)
 .comment       0x00000000       0x71 C:\Users\12551519\Desktop\git\Project\Library\libAnalog.a(SPI.o)

.debug_frame    0x00000000      0xf6c
 .debug_frame   0x00000000       0x70 ./Sources/FIFO.o
 .debug_frame   0x00000070       0x88 ./Sources/FTM.o
 .debug_frame   0x000000f8      0x1d0 ./Sources/Flash.o
 .debug_frame   0x000002c8       0x7c ./Sources/LEDs.o
 .debug_frame   0x00000344       0x8c ./Sources/PIT.o
 .debug_frame   0x000003d0       0xd4 ./Sources/UART.o
 .debug_frame   0x000004a4      0x2c0 ./Sources/main.o
 .debug_frame   0x00000764       0x70 ./Sources/packet.o
 .debug_frame   0x000007d4       0xc0 ./Project_Settings/Startup_Code/startup.o
 .debug_frame   0x00000894       0x80 ./Generated_Code/Cpu.o
 .debug_frame   0x00000914      0x2a0 C:\Users\12551519\Desktop\git\Project\Library\libOS.a(OS.o)
 .debug_frame   0x00000bb4       0x90 C:\Users\12551519\Desktop\git\Project\Library\libAnalog.a(analog.o)
 .debug_frame   0x00000c44      0x100 C:\Users\12551519\Desktop\git\Project\Library\libAnalog.a(SPI.o)
 .debug_frame   0x00000d44       0x38 c:/freescale/kds_3.0.0/toolchain/bin/../lib/gcc/arm-none-eabi/4.8.4/../../../../arm-none-eabi/lib/armv7e-m/fpu\libm.a(lib_a-w_sqrt.o)
 .debug_frame   0x00000d7c       0x3c c:/freescale/kds_3.0.0/toolchain/bin/../lib/gcc/arm-none-eabi/4.8.4/../../../../arm-none-eabi/lib/armv7e-m/fpu\libm.a(lib_a-e_sqrt.o)
 .debug_frame   0x00000db8       0x28 c:/freescale/kds_3.0.0/toolchain/bin/../lib/gcc/arm-none-eabi/4.8.4/../../../../arm-none-eabi/lib/armv7e-m/fpu\libm.a(lib_a-s_fpclassify.o)
 .debug_frame   0x00000de0       0x20 c:/freescale/kds_3.0.0/toolchain/bin/../lib/gcc/arm-none-eabi/4.8.4/../../../../arm-none-eabi/lib/armv7e-m/fpu\libm.a(lib_a-s_matherr.o)
 .debug_frame   0x00000e00       0x50 c:/freescale/kds_3.0.0/toolchain/bin/../lib/gcc/arm-none-eabi/4.8.4/armv7e-m/fpu\libgcc.a(bpabi.o)
 .debug_frame   0x00000e50       0x34 c:/freescale/kds_3.0.0/toolchain/bin/../lib/gcc/arm-none-eabi/4.8.4/armv7e-m/fpu\libgcc.a(_divdi3.o)
 .debug_frame   0x00000e84       0x34 c:/freescale/kds_3.0.0/toolchain/bin/../lib/gcc/arm-none-eabi/4.8.4/armv7e-m/fpu\libgcc.a(_udivdi3.o)
 .debug_frame   0x00000eb8       0x20 c:/freescale/kds_3.0.0/toolchain/bin/../lib/gcc/arm-none-eabi/4.8.4/../../../../arm-none-eabi/lib/armv7e-m/fpu\libg_s.a(lib_a-errno.o)
 .debug_frame   0x00000ed8       0x28 c:/freescale/kds_3.0.0/toolchain/bin/../lib/gcc/arm-none-eabi/4.8.4/../../../../arm-none-eabi/lib/armv7e-m/fpu\libg_s.a(lib_a-exit.o)
 .debug_frame   0x00000f00       0x2c c:/freescale/kds_3.0.0/toolchain/bin/../lib/gcc/arm-none-eabi/4.8.4/../../../../arm-none-eabi/lib/armv7e-m/fpu\libg_s.a(lib_a-init.o)
 .debug_frame   0x00000f2c       0x20 c:/freescale/kds_3.0.0/toolchain/bin/../lib/gcc/arm-none-eabi/4.8.4/../../../../arm-none-eabi/lib/armv7e-m/fpu\libg_s.a(lib_a-memset.o)
 .debug_frame   0x00000f4c       0x20 c:/freescale/kds_3.0.0/toolchain/bin/../lib/gcc/arm-none-eabi/4.8.4/../../../../arm-none-eabi/lib/armv7e-m/fpu\libnosys.a(_exit.o)
