Archive member included because of file (symbol)

D:\Embedded Software\es18aut13\Project\Library\libOS.a(OS.o)
                              ./Sources/main.o (OS_Init)
D:\Embedded Software\es18aut13\Project\Library\libAnalog.a(analog.o)
                              ./Sources/main.o (Analog_Init)
D:\Embedded Software\es18aut13\Project\Library\libAnalog.a(SPI.o)
                              D:\Embedded Software\es18aut13\Project\Library\libAnalog.a(analog.o) (SPI_Init)
c:/freescale/kds_3.0.0/toolchain/bin/../lib/gcc/arm-none-eabi/4.8.4/../../../../arm-none-eabi/lib/armv7e-m/fpu\libm.a(lib_a-wf_sqrt.o)
                              ./Sources/main.o (sqrtf)
c:/freescale/kds_3.0.0/toolchain/bin/../lib/gcc/arm-none-eabi/4.8.4/../../../../arm-none-eabi/lib/armv7e-m/fpu\libm.a(lib_a-ef_sqrt.o)
                              c:/freescale/kds_3.0.0/toolchain/bin/../lib/gcc/arm-none-eabi/4.8.4/../../../../arm-none-eabi/lib/armv7e-m/fpu\libm.a(lib_a-wf_sqrt.o) (__ieee754_sqrtf)
c:/freescale/kds_3.0.0/toolchain/bin/../lib/gcc/arm-none-eabi/4.8.4/../../../../arm-none-eabi/lib/armv7e-m/fpu\libm.a(lib_a-s_lib_ver.o)
                              c:/freescale/kds_3.0.0/toolchain/bin/../lib/gcc/arm-none-eabi/4.8.4/../../../../arm-none-eabi/lib/armv7e-m/fpu\libm.a(lib_a-wf_sqrt.o) (__fdlib_version)
c:/freescale/kds_3.0.0/toolchain/bin/../lib/gcc/arm-none-eabi/4.8.4/../../../../arm-none-eabi/lib/armv7e-m/fpu\libm.a(lib_a-s_matherr.o)
                              c:/freescale/kds_3.0.0/toolchain/bin/../lib/gcc/arm-none-eabi/4.8.4/../../../../arm-none-eabi/lib/armv7e-m/fpu\libm.a(lib_a-wf_sqrt.o) (matherr)
c:/freescale/kds_3.0.0/toolchain/bin/../lib/gcc/arm-none-eabi/4.8.4/../../../../arm-none-eabi/lib/armv7e-m/fpu\libm.a(lib_a-sf_fpclassify.o)
                              c:/freescale/kds_3.0.0/toolchain/bin/../lib/gcc/arm-none-eabi/4.8.4/../../../../arm-none-eabi/lib/armv7e-m/fpu\libm.a(lib_a-wf_sqrt.o) (__fpclassifyf)
c:/freescale/kds_3.0.0/toolchain/bin/../lib/gcc/arm-none-eabi/4.8.4/armv7e-m/fpu\libgcc.a(_arm_addsubdf3.o)
                              c:/freescale/kds_3.0.0/toolchain/bin/../lib/gcc/arm-none-eabi/4.8.4/../../../../arm-none-eabi/lib/armv7e-m/fpu\libm.a(lib_a-wf_sqrt.o) (__aeabi_f2d)
c:/freescale/kds_3.0.0/toolchain/bin/../lib/gcc/arm-none-eabi/4.8.4/armv7e-m/fpu\libgcc.a(_arm_muldivdf3.o)
                              c:/freescale/kds_3.0.0/toolchain/bin/../lib/gcc/arm-none-eabi/4.8.4/../../../../arm-none-eabi/lib/armv7e-m/fpu\libm.a(lib_a-wf_sqrt.o) (__aeabi_ddiv)
c:/freescale/kds_3.0.0/toolchain/bin/../lib/gcc/arm-none-eabi/4.8.4/armv7e-m/fpu\libgcc.a(_arm_truncdfsf2.o)
                              c:/freescale/kds_3.0.0/toolchain/bin/../lib/gcc/arm-none-eabi/4.8.4/../../../../arm-none-eabi/lib/armv7e-m/fpu\libm.a(lib_a-wf_sqrt.o) (__aeabi_d2f)
c:/freescale/kds_3.0.0/toolchain/bin/../lib/gcc/arm-none-eabi/4.8.4/../../../../arm-none-eabi/lib/armv7e-m/fpu\libg_s.a(lib_a-errno.o)
                              c:/freescale/kds_3.0.0/toolchain/bin/../lib/gcc/arm-none-eabi/4.8.4/../../../../arm-none-eabi/lib/armv7e-m/fpu\libm.a(lib_a-wf_sqrt.o) (__errno)
c:/freescale/kds_3.0.0/toolchain/bin/../lib/gcc/arm-none-eabi/4.8.4/../../../../arm-none-eabi/lib/armv7e-m/fpu\libg_s.a(lib_a-exit.o)
                              c:/freescale/kds_3.0.0/toolchain/bin/../lib/gcc/arm-none-eabi/4.8.4/../../../../arm-none-eabi/lib/armv7e-m/fpu/crt0.o (exit)
c:/freescale/kds_3.0.0/toolchain/bin/../lib/gcc/arm-none-eabi/4.8.4/../../../../arm-none-eabi/lib/armv7e-m/fpu\libg_s.a(lib_a-impure.o)
                              c:/freescale/kds_3.0.0/toolchain/bin/../lib/gcc/arm-none-eabi/4.8.4/../../../../arm-none-eabi/lib/armv7e-m/fpu\libg_s.a(lib_a-exit.o) (_global_impure_ptr)
c:/freescale/kds_3.0.0/toolchain/bin/../lib/gcc/arm-none-eabi/4.8.4/../../../../arm-none-eabi/lib/armv7e-m/fpu\libg_s.a(lib_a-init.o)
                              c:/freescale/kds_3.0.0/toolchain/bin/../lib/gcc/arm-none-eabi/4.8.4/../../../../arm-none-eabi/lib/armv7e-m/fpu/crt0.o (__libc_init_array)
c:/freescale/kds_3.0.0/toolchain/bin/../lib/gcc/arm-none-eabi/4.8.4/../../../../arm-none-eabi/lib/armv7e-m/fpu\libg_s.a(lib_a-memcpy-stub.o)
                              ./Sources/I2C.o (memcpy)
c:/freescale/kds_3.0.0/toolchain/bin/../lib/gcc/arm-none-eabi/4.8.4/../../../../arm-none-eabi/lib/armv7e-m/fpu\libg_s.a(lib_a-memset.o)
                              c:/freescale/kds_3.0.0/toolchain/bin/../lib/gcc/arm-none-eabi/4.8.4/../../../../arm-none-eabi/lib/armv7e-m/fpu/crt0.o (memset)
c:/freescale/kds_3.0.0/toolchain/bin/../lib/gcc/arm-none-eabi/4.8.4/../../../../arm-none-eabi/lib/armv7e-m/fpu\libnosys.a(_exit.o)
                              c:/freescale/kds_3.0.0/toolchain/bin/../lib/gcc/arm-none-eabi/4.8.4/../../../../arm-none-eabi/lib/armv7e-m/fpu\libg_s.a(lib_a-exit.o) (_exit)

Allocating common symbols
Common symbol       size              file

NvTowerMd           0x4               ./Sources/main.o
[...]
Memory Configuration

Name             Origin             Length             Attributes
m_interrupts     0x00000000         0x000001e8         xr
m_text           0x00000410         0x0007fbf0         xr
m_data           0x1fff0000         0x00010000         rw
m_data_20000000  0x20000000         0x00010000         rw
m_cfmprotrom     0x00000400         0x00000010         xr
*default*        0x00000000         0xffffffff

Linker script and memory map

LOAD c:/freescale/kds_3.0.0/toolchain/bin/../lib/gcc/arm-none-eabi/4.8.4/armv7e-m/fpu/crti.o
LOAD c:/freescale/kds_3.0.0/toolchain/bin/../lib/gcc/arm-none-eabi/4.8.4/armv7e-m/fpu/crtbegin.o
LOAD c:/freescale/kds_3.0.0/toolchain/bin/../lib/gcc/arm-none-eabi/4.8.4/../../../../arm-none-eabi/lib/armv7e-m/fpu/crt0.o
LOAD ./Sources/Events.o
LOAD ./Sources/FIFO.o
LOAD ./Sources/FTM.o
LOAD ./Sources/Flash.o
LOAD ./Sources/I2C.o
LOAD ./Sources/LEDs.o
LOAD ./Sources/PIT.o
LOAD ./Sources/RTC.o
LOAD ./Sources/UART.o
LOAD ./Sources/accel.o
LOAD ./Sources/main.o
LOAD ./Sources/main_sample.o
LOAD ./Sources/median.o
LOAD ./Sources/packet.o
LOAD ./Project_Settings/Startup_Code/startup.o
LOAD ./Generated_Code/Cpu.o
LOAD ./Generated_Code/Vectors.o
LOAD D:\Embedded Software\es18aut13\Project\Library\libOS.a
LOAD D:\Embedded Software\es18aut13\Project\Library\libAnalog.a
LOAD c:/freescale/kds_3.0.0/toolchain/bin/../lib/gcc/arm-none-eabi/4.8.4/../../../../arm-none-eabi/lib/armv7e-m/fpu\libstdc++_s.a
LOAD c:/freescale/kds_3.0.0/toolchain/bin/../lib/gcc/arm-none-eabi/4.8.4/../../../../arm-none-eabi/lib/armv7e-m/fpu\libm.a
START GROUP
LOAD c:/freescale/kds_3.0.0/toolchain/bin/../lib/gcc/arm-none-eabi/4.8.4/armv7e-m/fpu\libgcc.a
LOAD c:/freescale/kds_3.0.0/toolchain/bin/../lib/gcc/arm-none-eabi/4.8.4/../../../../arm-none-eabi/lib/armv7e-m/fpu\libg_s.a
LOAD c:/freescale/kds_3.0.0/toolchain/bin/../lib/gcc/arm-none-eabi/4.8.4/../../../../arm-none-eabi/lib/armv7e-m/fpu\libc_s.a
END GROUP
START GROUP
LOAD c:/freescale/kds_3.0.0/toolchain/bin/../lib/gcc/arm-none-eabi/4.8.4/armv7e-m/fpu\libgcc.a
LOAD c:/freescale/kds_3.0.0/toolchain/bin/../lib/gcc/arm-none-eabi/4.8.4/../../../../arm-none-eabi/lib/armv7e-m/fpu\libc_s.a
LOAD c:/freescale/kds_3.0.0/toolchain/bin/../lib/gcc/arm-none-eabi/4.8.4/../../../../arm-none-eabi/lib/armv7e-m/fpu\libnosys.a
END GROUP
START GROUP
LOAD c:/freescale/kds_3.0.0/toolchain/bin/../lib/gcc/arm-none-eabi/4.8.4/armv7e-m/fpu\libgcc.a
LOAD c:/freescale/kds_3.0.0/toolchain/bin/../lib/gcc/arm-none-eabi/4.8.4/../../../../arm-none-eabi/lib/armv7e-m/fpu\libc_s.a
LOAD c:/freescale/kds_3.0.0/toolchain/bin/../lib/gcc/arm-none-eabi/4.8.4/../../../../arm-none-eabi/lib/armv7e-m/fpu\libnosys.a
END GROUP
LOAD c:/freescale/kds_3.0.0/toolchain/bin/../lib/gcc/arm-none-eabi/4.8.4/armv7e-m/fpu/crtend.o
LOAD c:/freescale/kds_3.0.0/toolchain/bin/../lib/gcc/arm-none-eabi/4.8.4/armv7e-m/fpu/crtn.o
                0x20000000                _estack = 0x20000000
                0x20000000                __SP_INIT = _estack
                0x20000000                __stack = _estack
                0x00000000                __heap_size = 0x0
                0x00000400                __stack_size = 0x400

.interrupts     0x00000000      0x1e8
                0x00000000                __vector_table = .
                0x00000000                . = ALIGN (0x4)
 *(.vectortable)
 .vectortable   0x00000000      0x1e8 ./Generated_Code/Vectors.o
                0x00000000                __vect_table
                0x000001e8                . = ALIGN (0x4)

.cfmprotect     0x00000400       0x10
                0x00000400                . = ALIGN (0x4)
 *(.cfmconfig)
 .cfmconfig     0x00000400       0x10 ./Generated_Code/Cpu.o
                0x00000400                _cfm
                0x00000410                . = ALIGN (0x4)

.text           0x00000410     0x3cb4
                0x00000410                . = ALIGN (0x4)
 *(.text)
 .text          0x00000410       0x54 c:/freescale/kds_3.0.0/toolchain/bin/../lib/gcc/arm-none-eabi/4.8.4/armv7e-m/fpu/crtbegin.o
 .text          0x00000464       0x74 c:/freescale/kds_3.0.0/toolchain/bin/../lib/gcc/arm-none-eabi/4.8.4/../../../../arm-none-eabi/lib/armv7e-m/fpu/crt0.o
                0x00000464                _start
                0x00000464                _mainCRTStartup
 .text          0x000004d8      0x370 c:/freescale/kds_3.0.0/toolchain/bin/../lib/gcc/arm-none-eabi/4.8.4/armv7e-m/fpu\libgcc.a(_arm_addsubdf3.o)
                0x000004d8                __aeabi_drsub
                0x000004e0                __aeabi_dsub
                0x000004e0                __subdf3
                0x000004e4                __aeabi_dadd
                0x000004e4                __adddf3
                0x0000075c                __floatunsidf
                0x0000075c                __aeabi_ui2d
                0x0000077c                __floatsidf
                0x0000077c                __aeabi_i2d
                0x000007a0                __aeabi_f2d
                0x000007a0                __extendsfdf2
                0x000007dc                __floatundidf
                0x000007dc                __aeabi_ul2d
                0x000007ec                __floatdidf
                0x000007ec                __aeabi_l2d
 .text          0x00000848      0x424 c:/freescale/kds_3.0.0/toolchain/bin/../lib/gcc/arm-none-eabi/4.8.4/armv7e-m/fpu\libgcc.a(_arm_muldivdf3.o)
                0x00000848                __aeabi_dmul
                0x00000848                __muldf3
                0x00000a9c                __divdf3
                0x00000a9c                __aeabi_ddiv
 .text          0x00000c6c       0xa0 c:/freescale/kds_3.0.0/toolchain/bin/../lib/gcc/arm-none-eabi/4.8.4/armv7e-m/fpu\libgcc.a(_arm_truncdfsf2.o)
                0x00000c6c                __truncdfsf2
                0x00000c6c                __aeabi_d2f
 *(.text*)
 .text.FIFO_Init
                0x00000d0c       0x48 ./Sources/FIFO.o
                0x00000d0c                FIFO_Init
 .text.FIFO_Put
                0x00000d54       0x70 ./Sources/FIFO.o
                0x00000d54                FIFO_Put
 .text.FIFO_Get
                0x00000dc4       0x70 ./Sources/FIFO.o
                0x00000dc4                FIFO_Get
 .text.FTM_Init
                0x00000e34       0xfc ./Sources/FTM.o
                0x00000e34                FTM_Init
 .text.FTM_Set  0x00000f30       0xe4 ./Sources/FTM.o
                0x00000f30                FTM_Set
 .text.FTM_StartTimer
                0x00001014       0x78 ./Sources/FTM.o
                0x00001014                FTM_StartTimer
 .text.FTM0_ISR
                0x0000108c       0x98 ./Sources/FTM.o
                0x0000108c                FTM0_ISR
 .text.Flash_Init
                0x00001124       0x10 ./Sources/Flash.o
                0x00001124                Flash_Init
 .text.Flash_AllocateVar
                0x00001134       0x90 ./Sources/Flash.o
                0x00001134                Flash_AllocateVar
 .text.Flash_Write32
                0x000011c4       0x58 ./Sources/Flash.o
                0x000011c4                Flash_Write32
 .text.Flash_Write16
                0x0000121c       0x60 ./Sources/Flash.o
                0x0000121c                Flash_Write16
 .text.Flash_Write8
                0x0000127c       0x60 ./Sources/Flash.o
                0x0000127c                Flash_Write8
 .text.Flash_Erase
                0x000012dc       0x14 ./Sources/Flash.o
                0x000012dc                Flash_Erase
 .text.LaunchCommand
                0x000012f0       0x98 ./Sources/Flash.o
 .text.WritePhrase
                0x00001388       0xe8 ./Sources/Flash.o
 .text.EraseSector
                0x00001470       0x38 ./Sources/Flash.o
 .text.StopCondition
                0x000014a8       0x20 ./Sources/I2C.o
 .text.RepeatCondition
                0x000014c8       0x20 ./Sources/I2C.o
 .text.I2C_ISR  0x000014e8      0x1ac ./Sources/I2C.o
                0x000014e8                I2C_ISR
 .text.LEDs_Init
                0x00001694       0xd4 ./Sources/LEDs.o
                0x00001694                LEDs_Init
 .text.LEDs_On  0x00001768       0x24 ./Sources/LEDs.o
                0x00001768                LEDs_On
 .text.LEDs_Off
                0x0000178c       0x24 ./Sources/LEDs.o
                0x0000178c                LEDs_Off
 .text.LEDs_Toggle
                0x000017b0       0x24 ./Sources/LEDs.o
                0x000017b0                LEDs_Toggle
 .text.PIT_Set  0x000017d4       0x5c ./Sources/PIT.o
                0x000017d4                PIT_Set
 .text.PIT_Enable
                0x00001830       0x40 ./Sources/PIT.o
                0x00001830                PIT_Enable
 .text.PIT_ISR  0x00001870       0xd0 ./Sources/PIT.o
                0x00001870                PIT_ISR
 .text.RTC_Init
                0x00001940       0xe8 ./Sources/RTC.o
                0x00001940                RTC_Init
 .text.RTC_Set  0x00001a28       0x5c ./Sources/RTC.o
                0x00001a28                RTC_Set
 .text.RTC_Get  0x00001a84       0x9c ./Sources/RTC.o
                0x00001a84                RTC_Get
 .text.RTC_ISR  0x00001b20       0x2c ./Sources/RTC.o
                0x00001b20                RTC_ISR
 .text.RxUARTThread
                0x00001b4c       0x30 ./Sources/UART.o
 .text.TxUARTThread
                0x00001b7c       0x50 ./Sources/UART.o
 .text.UART_Init
                0x00001bcc      0x1c8 ./Sources/UART.o
                0x00001bcc                UART_Init
 .text.UART_InChar
                0x00001d94       0x1c ./Sources/UART.o
                0x00001d94                UART_InChar
 .text.UART_OutChar
                0x00001db0       0x34 ./Sources/UART.o
                0x00001db0                UART_OutChar
 .text.UART_ISR
                0x00001de4       0x94 ./Sources/UART.o
                0x00001de4                UART_ISR
 .text.AccelDataReady_ISR
                0x00001e78       0x48 ./Sources/accel.o
                0x00001e78                AccelDataReady_ISR
 .text.HandleTowerStartup
                0x00001ec0       0x80 ./Sources/main.o
                0x00001ec0                HandleTowerStartup
 .text.HandleTowerVersion
                0x00001f40       0x28 ./Sources/main.o
                0x00001f40                HandleTowerVersion
 .text.HandleTowerNumber
                0x00001f68       0x68 ./Sources/main.o
                0x00001f68                HandleTowerNumber
 .text.HandleTowerProgramByte
                0x00001fd0       0x58 ./Sources/main.o
                0x00001fd0                HandleTowerProgramByte
 .text.HandleTowerReadByte
                0x00002028       0x48 ./Sources/main.o
                0x00002028                HandleTowerReadByte
 .text.HandleTowerMode
                0x00002070       0x68 ./Sources/main.o
                0x00002070                HandleTowerMode
 .text.HandleTowerSetTime
                0x000020d8       0x40 ./Sources/main.o
                0x000020d8                HandleTowerSetTime
 .text.ReceivedPacket
                0x00002118      0x140 ./Sources/main.o
                0x00002118                ReceivedPacket
 .text.TowerInit
                0x00002258       0xe4 ./Sources/main.o
                0x00002258                TowerInit
 .text.InitModulesThread
                0x0000233c       0x58 ./Sources/main.o
 .text.PacketThread
                0x00002394       0x5c ./Sources/main.o
 .text.RTCThread
                0x000023f0       0x44 ./Sources/main.o
 .text.GetRMS   0x00002434       0x70 ./Sources/main.o
                0x00002434                GetRMS
 .text.ADCDataProcessThread
                0x000024a4       0x94 ./Sources/main.o
 .text.FTMLEDsOffThread
                0x00002538       0x24 ./Sources/main.o
 .text.main     0x0000255c       0x9c ./Sources/main.o
                0x0000255c                main
 .text.Packet_Init
                0x000025f8       0x2c ./Sources/packet.o
                0x000025f8                Packet_Init
 .text.Packet_Get
                0x00002624       0x6c ./Sources/packet.o
                0x00002624                Packet_Get
 .text.Packet_Put
                0x00002690       0x70 ./Sources/packet.o
                0x00002690                Packet_Put
 .text.__copy_rom_section
                0x00002700       0xe4 ./Project_Settings/Startup_Code/startup.o
                0x00002700                __copy_rom_section
 .text.__copy_rom_sections_to_ram
                0x000027e4       0x9c ./Project_Settings/Startup_Code/startup.o
                0x000027e4                __copy_rom_sections_to_ram
 .text.__init_registers
                0x00002880       0x20 ./Project_Settings/Startup_Code/startup.o
                0x00002880                __init_registers
 .text.__init_user
                0x000028a0        0xc ./Project_Settings/Startup_Code/startup.o
                0x000028a0                __init_user
 .text.__thumb_startup
                0x000028ac       0x34 ./Project_Settings/Startup_Code/startup.o
                0x000028ac                __thumb_startup
 .text.Cpu_Interrupt
                0x000028e0       0x18 ./Generated_Code/Cpu.o
                0x000028e0                Cpu_Interrupt
 .text.__init_hardware
                0x000028f8      0x1cc ./Generated_Code/Cpu.o
                0x000028f8                __init_hardware
 .text.Cpu_SetBASEPRI
                0x00002ac4       0x18 ./Generated_Code/Cpu.o
                0x00002ac4                Cpu_SetBASEPRI
 .text.PE_low_level_init
                0x00002adc       0xe4 ./Generated_Code/Cpu.o
                0x00002adc                PE_low_level_init
 .text.OS_Init  0x00002bc0      0x110 D:\Embedded Software\es18aut13\Project\Library\libOS.a(OS.o)
                0x00002bc0                OS_Init
 .text.OS_ISREnter
                0x00002cd0       0x20 D:\Embedded Software\es18aut13\Project\Library\libOS.a(OS.o)
                0x00002cd0                OS_ISREnter
 .text.OS_ISRExit
                0x00002cf0       0x1c D:\Embedded Software\es18aut13\Project\Library\libOS.a(OS.o)
                0x00002cf0                OS_ISRExit
 .text.OS_SemaphoreCreate
                0x00002d0c       0x90 D:\Embedded Software\es18aut13\Project\Library\libOS.a(OS.o)
                0x00002d0c                OS_SemaphoreCreate
 .text.OS_SemaphoreSignal
                0x00002d9c       0x44 D:\Embedded Software\es18aut13\Project\Library\libOS.a(OS.o)
                0x00002d9c                OS_SemaphoreSignal
 .text.OS_SemaphoreWait
                0x00002de0       0x58 D:\Embedded Software\es18aut13\Project\Library\libOS.a(OS.o)
                0x00002de0                OS_SemaphoreWait
 .text.OS_Start
                0x00002e38       0x10 D:\Embedded Software\es18aut13\Project\Library\libOS.a(OS.o)
                0x00002e38                OS_Start
 .text.OS_ThreadCreate
                0x00002e48      0x160 D:\Embedded Software\es18aut13\Project\Library\libOS.a(OS.o)
                0x00002e48                OS_ThreadCreate
 .text.OS_ThreadDelete
                0x00002fa8      0x18c D:\Embedded Software\es18aut13\Project\Library\libOS.a(OS.o)
                0x00002fa8                OS_ThreadDelete
 .text.EventThreadReady
                0x00003134       0x68 D:\Embedded Software\es18aut13\Project\Library\libOS.a(OS.o)
 .text.EventThreadWait
                0x0000319c       0x64 D:\Embedded Software\es18aut13\Project\Library\libOS.a(OS.o)
 .text.EventTimeout
                0x00003200       0x40 D:\Embedded Software\es18aut13\Project\Library\libOS.a(OS.o)
 .text.Idle     0x00003240       0x18 D:\Embedded Software\es18aut13\Project\Library\libOS.a(OS.o)
 .text.FindFirstSet
                0x00003258       0x44 D:\Embedded Software\es18aut13\Project\Library\libOS.a(OS.o)
 .text.Schedule
                0x0000329c       0x64 D:\Embedded Software\es18aut13\Project\Library\libOS.a(OS.o)
 .text.TCBInit  0x00003300       0xcc D:\Embedded Software\es18aut13\Project\Library\libOS.a(OS.o)
 .text.TimeTick
                0x000033cc       0x74 D:\Embedded Software\es18aut13\Project\Library\libOS.a(OS.o)
 .text.OS_ContextSwitchISR
                0x00003440       0x70 D:\Embedded Software\es18aut13\Project\Library\libOS.a(OS.o)
                0x00003440                OS_ContextSwitchISR
 .text.OS_SysTickISR
                0x000034b0       0x5c D:\Embedded Software\es18aut13\Project\Library\libOS.a(OS.o)
                0x000034b0                OS_SysTickISR
 .text.DACWrite
                0x0000350c       0x6c D:\Embedded Software\es18aut13\Project\Library\libAnalog.a(analog.o)
 .text.Analog_Init
                0x00003578       0x7c D:\Embedded Software\es18aut13\Project\Library\libAnalog.a(analog.o)
                0x00003578                Analog_Init
 .text.Analog_Get
                0x000035f4       0x78 D:\Embedded Software\es18aut13\Project\Library\libAnalog.a(analog.o)
                0x000035f4                Analog_Get
 .text.InitChipSelectPins
                0x0000366c       0x6c D:\Embedded Software\es18aut13\Project\Library\libAnalog.a(SPI.o)
 .text.SetupModuleConfigurationRegister
                0x000036d8      0x104 D:\Embedded Software\es18aut13\Project\Library\libAnalog.a(SPI.o)
 .text.SetBaudRate
                0x000037dc      0x15c D:\Embedded Software\es18aut13\Project\Library\libAnalog.a(SPI.o)
 .text.SetDelayAfterTransfer
                0x00003938      0x168 D:\Embedded Software\es18aut13\Project\Library\libAnalog.a(SPI.o)
 .text.SetupClockAndTransferAttributesRegister
                0x00003aa0      0x16c D:\Embedded Software\es18aut13\Project\Library\libAnalog.a(SPI.o)
 .text.SPI_Init
                0x00003c0c       0x90 D:\Embedded Software\es18aut13\Project\Library\libAnalog.a(SPI.o)
                0x00003c0c                SPI_Init
 .text.SPI_SelectSlaveDevice
                0x00003c9c       0x6c D:\Embedded Software\es18aut13\Project\Library\libAnalog.a(SPI.o)
                0x00003c9c                SPI_SelectSlaveDevice
 .text.SPI_Exchange
                0x00003d08       0x94 D:\Embedded Software\es18aut13\Project\Library\libAnalog.a(SPI.o)
                0x00003d08                SPI_Exchange
 .text.sqrtf    0x00003d9c       0xb8 c:/freescale/kds_3.0.0/toolchain/bin/../lib/gcc/arm-none-eabi/4.8.4/../../../../arm-none-eabi/lib/armv7e-m/fpu\libm.a(lib_a-wf_sqrt.o)
                0x00003d9c                sqrtf
 .text.__ieee754_sqrtf
                0x00003e54       0xa4 c:/freescale/kds_3.0.0/toolchain/bin/../lib/gcc/arm-none-eabi/4.8.4/../../../../arm-none-eabi/lib/armv7e-m/fpu\libm.a(lib_a-ef_sqrt.o)
                0x00003e54                __ieee754_sqrtf
 .text.matherr  0x00003ef8        0x4 c:/freescale/kds_3.0.0/toolchain/bin/../lib/gcc/arm-none-eabi/4.8.4/../../../../arm-none-eabi/lib/armv7e-m/fpu\libm.a(lib_a-s_matherr.o)
                0x00003ef8                matherr
 .text.__fpclassifyf
                0x00003efc       0x38 c:/freescale/kds_3.0.0/toolchain/bin/../lib/gcc/arm-none-eabi/4.8.4/../../../../arm-none-eabi/lib/armv7e-m/fpu\libm.a(lib_a-sf_fpclassify.o)
                0x00003efc                __fpclassifyf
 .text.__errno  0x00003f34        0xc c:/freescale/kds_3.0.0/toolchain/bin/../lib/gcc/arm-none-eabi/4.8.4/../../../../arm-none-eabi/lib/armv7e-m/fpu\libg_s.a(lib_a-errno.o)
                0x00003f34                __errno
 .text.exit     0x00003f40       0x28 c:/freescale/kds_3.0.0/toolchain/bin/../lib/gcc/arm-none-eabi/4.8.4/../../../../arm-none-eabi/lib/armv7e-m/fpu\libg_s.a(lib_a-exit.o)
                0x00003f40                exit
 .text.__libc_init_array
                0x00003f68       0x4c c:/freescale/kds_3.0.0/toolchain/bin/../lib/gcc/arm-none-eabi/4.8.4/../../../../arm-none-eabi/lib/armv7e-m/fpu\libg_s.a(lib_a-init.o)
                0x00003f68                __libc_init_array
 .text.memcpy   0x00003fb4       0x12 c:/freescale/kds_3.0.0/toolchain/bin/../lib/gcc/arm-none-eabi/4.8.4/../../../../arm-none-eabi/lib/armv7e-m/fpu\libg_s.a(lib_a-memcpy-stub.o)
                0x00003fb4                memcpy
 .text.memset   0x00003fc6       0x10 c:/freescale/kds_3.0.0/toolchain/bin/../lib/gcc/arm-none-eabi/4.8.4/../../../../arm-none-eabi/lib/armv7e-m/fpu\libg_s.a(lib_a-memset.o)
                0x00003fc6                memset
 *fill*         0x00003fd6        0x2 
 .text._exit    0x00003fd8        0x4 c:/freescale/kds_3.0.0/toolchain/bin/../lib/gcc/arm-none-eabi/4.8.4/../../../../arm-none-eabi/lib/armv7e-m/fpu\libnosys.a(_exit.o)
                0x00003fd8                _exit
 *(.rodata)
 .rodata        0x00003fdc       0xa0 D:\Embedded Software\es18aut13\Project\Library\libAnalog.a(SPI.o)
 *(.rodata*)
 .rodata.PACKET_ACK_MASK
                0x0000407c        0x1 ./Sources/packet.o
                0x0000407c                PACKET_ACK_MASK
 *fill*         0x0000407d        0x3 
 .rodata.SPI_SETUP
                0x00004080       0x1c D:\Embedded Software\es18aut13\Project\Library\libAnalog.a(analog.o)
 .rodata.str1.4
                0x0000409c        0x8 c:/freescale/kds_3.0.0/toolchain/bin/../lib/gcc/arm-none-eabi/4.8.4/../../../../arm-none-eabi/lib/armv7e-m/fpu\libm.a(lib_a-wf_sqrt.o)
 .rodata.str1.1
                0x000040a4        0x2 c:/freescale/kds_3.0.0/toolchain/bin/../lib/gcc/arm-none-eabi/4.8.4/../../../../arm-none-eabi/lib/armv7e-m/fpu\libg_s.a(lib_a-impure.o)
 *fill*         0x000040a6        0x2 
 .rodata._global_impure_ptr
                0x000040a8        0x4 c:/freescale/kds_3.0.0/toolchain/bin/../lib/gcc/arm-none-eabi/4.8.4/../../../../arm-none-eabi/lib/armv7e-m/fpu\libg_s.a(lib_a-impure.o)
                0x000040a8                _global_impure_ptr
 *(.glue_7)
 .glue_7        0x00000000        0x0 linker stubs
 *(.glue_7t)
 .glue_7t       0x00000000        0x0 linker stubs
 *(.eh_frame)
 .eh_frame      0x000040ac        0x0 c:/freescale/kds_3.0.0/toolchain/bin/../lib/gcc/arm-none-eabi/4.8.4/armv7e-m/fpu/crtbegin.o
 *(.init)
 .init          0x000040ac        0x4 c:/freescale/kds_3.0.0/toolchain/bin/../lib/gcc/arm-none-eabi/4.8.4/armv7e-m/fpu/crti.o
                0x000040ac                _init
 .init          0x000040b0        0x8 c:/freescale/kds_3.0.0/toolchain/bin/../lib/gcc/arm-none-eabi/4.8.4/armv7e-m/fpu/crtn.o
 *(.fini)
 .fini          0x000040b8        0x4 c:/freescale/kds_3.0.0/toolchain/bin/../lib/gcc/arm-none-eabi/4.8.4/armv7e-m/fpu/crti.o
                0x000040b8                _fini
 .fini          0x000040bc        0x8 c:/freescale/kds_3.0.0/toolchain/bin/../lib/gcc/arm-none-eabi/4.8.4/armv7e-m/fpu/crtn.o
                0x000040c4                . = ALIGN (0x4)
                0x000040c4                _etext = .

.vfp11_veneer   0x000040c4        0x0
 .vfp11_veneer  0x00000000        0x0 linker stubs

.v4_bx          0x000040c4        0x0
 .v4_bx         0x00000000        0x0 linker stubs

.iplt           0x000040c4        0x0
 .iplt          0x00000000        0x0 c:/freescale/kds_3.0.0/toolchain/bin/../lib/gcc/arm-none-eabi/4.8.4/armv7e-m/fpu/crtbegin.o

.ARM.extab
 *(.ARM.extab* .gnu.linkonce.armextab.*)

.ARM            0x000040c4        0x8
                0x000040c4                __exidx_start = .
 *(.ARM.exidx*)
 .ARM.exidx     0x000040c4        0x8 c:/freescale/kds_3.0.0/toolchain/bin/../lib/gcc/arm-none-eabi/4.8.4/../../../../arm-none-eabi/lib/armv7e-m/fpu/crt0.o
                0x000040cc                __exidx_end = .

.rel.dyn        0x000040cc        0x0
 .rel.iplt      0x00000000        0x0 c:/freescale/kds_3.0.0/toolchain/bin/../lib/gcc/arm-none-eabi/4.8.4/armv7e-m/fpu/crtbegin.o

.ctors          0x000040cc        0x0
                0x000040cc                __CTOR_LIST__ = .
 *crtbegin.o(.ctors)
 *(EXCLUDE_FILE(*crtend.o) .ctors)
 *(SORT(.ctors.*))
 *(.ctors)
                0x000040cc                __CTOR_END__ = .

.dtors          0x000040cc        0x0
                0x000040cc                __DTOR_LIST__ = .
 *crtbegin.o(.dtors)
 *(EXCLUDE_FILE(*crtend.o) .dtors)
 *(SORT(.dtors.*))
 *(.dtors)
                0x000040cc                __DTOR_END__ = .

.preinit_array  0x000040cc        0x0
                0x000040cc                PROVIDE (__preinit_array_start, .)
 *(.preinit_array*)
                0x000040cc                PROVIDE (__preinit_array_end, .)

.init_array     0x000040cc        0x4
                0x000040cc                PROVIDE (__init_array_start, .)
 *(SORT(.init_array.*))
 *(.init_array*)
 .init_array    0x000040cc        0x4 c:/freescale/kds_3.0.0/toolchain/bin/../lib/gcc/arm-none-eabi/4.8.4/armv7e-m/fpu/crtbegin.o
                0x000040d0                PROVIDE (__init_array_end, .)

.fini_array     0x000040d0        0x4
                0x000040d0                PROVIDE (__fini_array_start, .)
 *(SORT(.fini_array.*))
 *(.fini_array*)
 .fini_array    0x000040d0        0x4 c:/freescale/kds_3.0.0/toolchain/bin/../lib/gcc/arm-none-eabi/4.8.4/armv7e-m/fpu/crtbegin.o
                0x000040d4                PROVIDE (__fini_array_end, .)
                0x000040d4                ___ROM_AT = .

.data           0x1fff0000       0x68 load address 0x000040d4
                0x1fff0000                . = ALIGN (0x4)
                0x1fff0000                _sdata = .
 *(.data)
 *(.data*)
 .data.SlaveDeviceAddress
                0x1fff0000        0x1 ./Sources/I2C.o
 .data.__fdlib_version
                0x1fff0001        0x1 c:/freescale/kds_3.0.0/toolchain/bin/../lib/gcc/arm-none-eabi/4.8.4/../../../../arm-none-eabi/lib/armv7e-m/fpu\libm.a(lib_a-s_lib_ver.o)
                0x1fff0001                __fdlib_version
 *fill*         0x1fff0002        0x2 
 .data.impure_data
                0x1fff0004       0x60 c:/freescale/kds_3.0.0/toolchain/bin/../lib/gcc/arm-none-eabi/4.8.4/../../../../arm-none-eabi/lib/armv7e-m/fpu\libg_s.a(lib_a-impure.o)
 .data._impure_ptr
                0x1fff0064        0x4 c:/freescale/kds_3.0.0/toolchain/bin/../lib/gcc/arm-none-eabi/4.8.4/../../../../arm-none-eabi/lib/armv7e-m/fpu\libg_s.a(lib_a-impure.o)
                0x1fff0064                _impure_ptr
                0x1fff0068                . = ALIGN (0x4)
                0x1fff0068                _edata = .
                0x00000068                ___data_size = (_edata - _sdata)
                0x0000413c                ___m_data_20000000_ROMStart = (___ROM_AT + SIZEOF (.data))

.jcr            0x1fff0068        0x0 load address 0x0000413c
 .jcr           0x1fff0068        0x0 c:/freescale/kds_3.0.0/toolchain/bin/../lib/gcc/arm-none-eabi/4.8.4/armv7e-m/fpu/crtbegin.o

.igot.plt       0x1fff0068        0x0 load address 0x0000413c
 .igot.plt      0x00000000        0x0 c:/freescale/kds_3.0.0/toolchain/bin/../lib/gcc/arm-none-eabi/4.8.4/armv7e-m/fpu/crtbegin.o

.m_data_20000000
                0x20000000        0x0 load address 0x0000413c
                0x20000000                . = ALIGN (0x4)
                0x20000000                ___m_data_20000000_RAMStart = .
 *(.m_data_20000000)
                0x20000000                ___m_data_20000000_RAMEnd = .
                0x20000000                . = ALIGN (0x4)
                0x00000000                ___m_data_20000000_ROMSize = (___m_data_20000000_RAMEnd - ___m_data_20000000_RAMStart)
                0x20000000                . = ALIGN (0x4)

.bss            0x1fff0068     0x17fc load address 0x00004140
                0x1fff0068                __START_BSS = .
                0x1fff0068                PROVIDE (__bss_start__, __START_BSS)
 *(.bss)
 .bss           0x1fff0068       0x1c c:/freescale/kds_3.0.0/toolchain/bin/../lib/gcc/arm-none-eabi/4.8.4/armv7e-m/fpu/crtbegin.o
 *(.bss*)
 .bss.UserSemaphore
                0x1fff0084       0x20 ./Sources/FTM.o
 .bss.occupiedBytes.5650
                0x1fff00a4        0x1 ./Sources/Flash.o
 *fill*         0x1fff00a5        0x3 
 .bss.ReadCompleteSemaphore
                0x1fff00a8        0x4 ./Sources/I2C.o
 .bss.I2CAccess
                0x1fff00ac        0x4 ./Sources/I2C.o
 .bss.SlaveDeviceReadAddress
                0x1fff00b0        0x1 ./Sources/I2C.o
 .bss.NbBytes   0x1fff00b1        0x1 ./Sources/I2C.o
 *fill*         0x1fff00b2        0x2 
 .bss.DataPtr   0x1fff00b4        0x4 ./Sources/I2C.o
 .bss.stage.6670
                0x1fff00b8        0x1 ./Sources/I2C.o
 .bss.readCount.6671
                0x1fff00b9        0x1 ./Sources/I2C.o
 *fill*         0x1fff00ba        0x2 
 .bss.ModuleClk
                0x1fff00bc        0x4 ./Sources/PIT.o
 .bss.ReadSemaphore
                0x1fff00c0        0x4 ./Sources/RTC.o
 *fill*         0x1fff00c4        0x4 
 .bss.RxUARTThreadStack
                0x1fff00c8      0x190 ./Sources/UART.o
 .bss.TxUARTThreadStack
                0x1fff0258      0x190 ./Sources/UART.o
 .bss.DataReadySemaphore
                0x1fff03e8        0x4 ./Sources/accel.o
 .bss.LEDOffSemaphore
                0x1fff03ec        0x4 ./Sources/main.o
 .bss.RTCReadSemaphore
                0x1fff03f0        0x4 ./Sources/main.o
 *fill*         0x1fff03f4        0x4 
 .bss.InitModulesThreadStack
                0x1fff03f8      0x190 ./Sources/main.o
 .bss.RTCThreadStack
                0x1fff0588      0x190 ./Sources/main.o
 .bss.FTMLEDsOffThreadStack
                0x1fff0718      0x190 ./Sources/main.o
 .bss.ADCDataProcessThreadStack
                0x1fff08a8      0x190 ./Sources/main.o
 .bss.PacketThreadStack
                0x1fff0a38      0x190 ./Sources/main.o
 .bss.PacketPutAccess
                0x1fff0bc8        0x4 ./Sources/packet.o
 .bss.SR_lock   0x1fff0bcc        0x1 ./Generated_Code/Cpu.o
                0x1fff0bcc                SR_lock
 *fill*         0x1fff0bcd        0x3 
 .bss.TCBUnusedMain
                0x1fff0bd0       0x18 D:\Embedded Software\es18aut13\Project\Library\libOS.a(OS.o)
 .bss.TCBTable  0x1fff0be8      0x300 D:\Embedded Software\es18aut13\Project\Library\libOS.a(OS.o)
 .bss.pTCBFreeList
                0x1fff0ee8        0x4 D:\Embedded Software\es18aut13\Project\Library\libOS.a(OS.o)
 .bss.pTCBAllocatedList
                0x1fff0eec        0x4 D:\Embedded Software\es18aut13\Project\Library\libOS.a(OS.o)
 .bss.pTCBPriorityTable
                0x1fff0ef0       0x80 D:\Embedded Software\es18aut13\Project\Library\libOS.a(OS.o)
 .bss.pTCBRunning
                0x1fff0f70        0x4 D:\Embedded Software\es18aut13\Project\Library\libOS.a(OS.o)
 .bss.pTCBHighestReady
                0x1fff0f74        0x4 D:\Embedded Software\es18aut13\Project\Library\libOS.a(OS.o)
 .bss.ReadyList
                0x1fff0f78        0x4 D:\Embedded Software\es18aut13\Project\Library\libOS.a(OS.o)
 .bss.ECBTable  0x1fff0f7c      0x100 D:\Embedded Software\es18aut13\Project\Library\libOS.a(OS.o)
 .bss.NextECBFree
                0x1fff107c        0x1 D:\Embedded Software\es18aut13\Project\Library\libOS.a(OS.o)
 *fill*         0x1fff107d        0x3 
 .bss.IdleCounter
                0x1fff1080        0x4 D:\Embedded Software\es18aut13\Project\Library\libOS.a(OS.o)
 *fill*         0x1fff1084        0x4 
 .bss.IdleStack
                0x1fff1088      0x400 D:\Embedded Software\es18aut13\Project\Library\libOS.a(OS.o)
 .bss.Ticks     0x1fff1488        0x4 D:\Embedded Software\es18aut13\Project\Library\libOS.a(OS.o)
 .bss.ToggleCntr
                0x1fff148c        0x4 D:\Embedded Software\es18aut13\Project\Library\libOS.a(OS.o)
 .bss.ToggleLED
                0x1fff1490        0x1 D:\Embedded Software\es18aut13\Project\Library\libOS.a(OS.o)
 .bss.ISRNestLevel
                0x1fff1491        0x1 D:\Embedded Software\es18aut13\Project\Library\libOS.a(OS.o)
 *fill*         0x1fff1492        0x2 
 .bss.ADCCommandUnion
                0x1fff1494        0x4 D:\Embedded Software\es18aut13\Project\Library\libAnalog.a(analog.o)
 *(COMMON)
 COMMON         0x1fff1498      0x22c ./Sources/UART.o
                0x1fff1498                DummyRead
                0x1fff149c                TxFIFO
                0x1fff15ac                RxFIFO
                0x1fff16bc                RxUARTSemaphore
                0x1fff16c0                TxUARTSemaphore
 COMMON         0x1fff16c4      0x194 ./Sources/main.o
                0x1fff16c4                NvTowerMd
                0x1fff16c8                NvTowerNb
                0x1fff16cc                VoltageSamples
                0x1fff1854                NewADCDataSemaphore
 COMMON         0x1fff1858        0x5 ./Sources/packet.o
                0x1fff1858                Packet
 COMMON         0x1fff185d        0x1 ./Generated_Code/Cpu.o
                0x1fff185d                SR_reg
 *fill*         0x1fff185e        0x2 
 COMMON         0x1fff1860        0x4 D:\Embedded Software\es18aut13\Project\Library\libAnalog.a(analog.o)
                0x1fff1860                DACInput
                0x1fff1864                . = ALIGN (0x4)
                0x1fff1864                __END_BSS = .
                0x1fff1864                PROVIDE (__bss_end__, __END_BSS)
                0x0000413c                _romp_at = ((___ROM_AT + SIZEOF (.data)) + SIZEOF (.m_data_20000000))

.romp           0x1fff1864       0x24 load address 0x0000413c
                0x0000413c                __S_romp = _romp_at
                0x1fff1864        0x4 LONG 0x40d4 ___ROM_AT
                0x1fff1868        0x4 LONG 0x1fff0000 _sdata
                0x1fff186c        0x4 LONG 0x68 ___data_size
                0x1fff1870        0x4 LONG 0x413c ___m_data_20000000_ROMStart
                0x1fff1874        0x4 LONG 0x20000000 ___m_data_20000000_RAMStart
                0x1fff1878        0x4 LONG 0x0 ___m_data_20000000_ROMSize
                0x1fff187c        0x4 LONG 0x0
                0x1fff1880        0x4 LONG 0x0
                0x1fff1884        0x4 LONG 0x0

._user_heap_stack
                0x1fff1888      0x400 load address 0x00004160
                0x1fff1888                . = ALIGN (0x4)
                0x1fff1888                PROVIDE (end, .)
                0x1fff1888                PROVIDE (_end, .)
                0x1fff1888                __heap_addr = .
                0x1fff1888                __HeapBase = .
                0x1fff1888                . = (. + __heap_size)
                0x1fff1888                __HeapLimit = .
                0x1fff1c88                . = (. + __stack_size)
 *fill*         0x1fff1888      0x400 
                0x1fff1c88                . = ALIGN (0x4)

.ARM.attributes
                0x00000000       0x30
 *(.ARM.attributes)
 .ARM.attributes
                0x00000000       0x22 c:/freescale/kds_3.0.0/toolchain/bin/../lib/gcc/arm-none-eabi/4.8.4/armv7e-m/fpu/crti.o
 .ARM.attributes
                0x00000022       0x34 c:/freescale/kds_3.0.0/toolchain/bin/../lib/gcc/arm-none-eabi/4.8.4/armv7e-m/fpu/crtbegin.o
 .ARM.attributes
                0x00000056       0x20 c:/freescale/kds_3.0.0/toolchain/bin/../lib/gcc/arm-none-eabi/4.8.4/../../../../arm-none-eabi/lib/armv7e-m/fpu/crt0.o
 .ARM.attributes
                0x00000076       0x39 ./Sources/FIFO.o
 .ARM.attributes
                0x000000af       0x39 ./Sources/FTM.o
 .ARM.attributes
                0x000000e8       0x39 ./Sources/Flash.o
 .ARM.attributes
                0x00000121       0x39 ./Sources/I2C.o
 .ARM.attributes
                0x0000015a       0x39 ./Sources/LEDs.o
 .ARM.attributes
                0x00000193       0x39 ./Sources/PIT.o
 .ARM.attributes
                0x000001cc       0x39 ./Sources/RTC.o
 .ARM.attributes
                0x00000205       0x39 ./Sources/UART.o
 .ARM.attributes
                0x0000023e       0x39 ./Sources/accel.o
 .ARM.attributes
                0x00000277       0x39 ./Sources/main.o
 .ARM.attributes
                0x000002b0       0x39 ./Sources/packet.o
 .ARM.attributes
                0x000002e9       0x39 ./Project_Settings/Startup_Code/startup.o
 .ARM.attributes
                0x00000322       0x39 ./Generated_Code/Cpu.o
 .ARM.attributes
                0x0000035b       0x39 ./Generated_Code/Vectors.o
 .ARM.attributes
                0x00000394       0x39 D:\Embedded Software\es18aut13\Project\Library\libOS.a(OS.o)
 .ARM.attributes
                0x000003cd       0x39 D:\Embedded Software\es18aut13\Project\Library\libAnalog.a(analog.o)
 .ARM.attributes
                0x00000406       0x39 D:\Embedded Software\es18aut13\Project\Library\libAnalog.a(SPI.o)
 .ARM.attributes
                0x0000043f       0x34 c:/freescale/kds_3.0.0/toolchain/bin/../lib/gcc/arm-none-eabi/4.8.4/../../../../arm-none-eabi/lib/armv7e-m/fpu\libm.a(lib_a-wf_sqrt.o)
 .ARM.attributes
                0x00000473       0x34 c:/freescale/kds_3.0.0/toolchain/bin/../lib/gcc/arm-none-eabi/4.8.4/../../../../arm-none-eabi/lib/armv7e-m/fpu\libm.a(lib_a-ef_sqrt.o)
 .ARM.attributes
                0x000004a7       0x34 c:/freescale/kds_3.0.0/toolchain/bin/../lib/gcc/arm-none-eabi/4.8.4/../../../../arm-none-eabi/lib/armv7e-m/fpu\libm.a(lib_a-s_lib_ver.o)
 .ARM.attributes
                0x000004db       0x34 c:/freescale/kds_3.0.0/toolchain/bin/../lib/gcc/arm-none-eabi/4.8.4/../../../../arm-none-eabi/lib/armv7e-m/fpu\libm.a(lib_a-s_matherr.o)
 .ARM.attributes
                0x0000050f       0x34 c:/freescale/kds_3.0.0/toolchain/bin/../lib/gcc/arm-none-eabi/4.8.4/../../../../arm-none-eabi/lib/armv7e-m/fpu\libm.a(lib_a-sf_fpclassify.o)
 .ARM.attributes
                0x00000543       0x22 c:/freescale/kds_3.0.0/toolchain/bin/../lib/gcc/arm-none-eabi/4.8.4/armv7e-m/fpu\libgcc.a(_arm_addsubdf3.o)
 .ARM.attributes
                0x00000565       0x22 c:/freescale/kds_3.0.0/toolchain/bin/../lib/gcc/arm-none-eabi/4.8.4/armv7e-m/fpu\libgcc.a(_arm_muldivdf3.o)
 .ARM.attributes
                0x00000587       0x22 c:/freescale/kds_3.0.0/toolchain/bin/../lib/gcc/arm-none-eabi/4.8.4/armv7e-m/fpu\libgcc.a(_arm_truncdfsf2.o)
 .ARM.attributes
                0x000005a9       0x34 c:/freescale/kds_3.0.0/toolchain/bin/../lib/gcc/arm-none-eabi/4.8.4/../../../../arm-none-eabi/lib/armv7e-m/fpu\libg_s.a(lib_a-errno.o)
 .ARM.attributes
                0x000005dd       0x34 c:/freescale/kds_3.0.0/toolchain/bin/../lib/gcc/arm-none-eabi/4.8.4/../../../../arm-none-eabi/lib/armv7e-m/fpu\libg_s.a(lib_a-exit.o)
 .ARM.attributes
                0x00000611       0x34 c:/freescale/kds_3.0.0/toolchain/bin/../lib/gcc/arm-none-eabi/4.8.4/../../../../arm-none-eabi/lib/armv7e-m/fpu\libg_s.a(lib_a-impure.o)
 .ARM.attributes
                0x00000645       0x34 c:/freescale/kds_3.0.0/toolchain/bin/../lib/gcc/arm-none-eabi/4.8.4/../../../../arm-none-eabi/lib/armv7e-m/fpu\libg_s.a(lib_a-init.o)
 .ARM.attributes
                0x00000679       0x34 c:/freescale/kds_3.0.0/toolchain/bin/../lib/gcc/arm-none-eabi/4.8.4/../../../../arm-none-eabi/lib/armv7e-m/fpu\libg_s.a(lib_a-memcpy-stub.o)
 .ARM.attributes
                0x000006ad       0x34 c:/freescale/kds_3.0.0/toolchain/bin/../lib/gcc/arm-none-eabi/4.8.4/../../../../arm-none-eabi/lib/armv7e-m/fpu\libg_s.a(lib_a-memset.o)
 .ARM.attributes
                0x000006e1       0x34 c:/freescale/kds_3.0.0/toolchain/bin/../lib/gcc/arm-none-eabi/4.8.4/../../../../arm-none-eabi/lib/armv7e-m/fpu\libnosys.a(_exit.o)
 .ARM.attributes
                0x00000715       0x22 c:/freescale/kds_3.0.0/toolchain/bin/../lib/gcc/arm-none-eabi/4.8.4/armv7e-m/fpu/crtn.o
OUTPUT(Project.elf elf32-littlearm)

.debug_info     0x00000000     0x778d
 .debug_info    0x00000000      0x217 ./Sources/FIFO.o
 .debug_info    0x00000217      0x797 ./Sources/FTM.o
 .debug_info    0x000009ae      0x671 ./Sources/Flash.o
 .debug_info    0x0000101f      0x8fb ./Sources/I2C.o
 .debug_info    0x0000191a      0x490 ./Sources/LEDs.o
 .debug_info    0x00001daa      0x667 ./Sources/PIT.o
 .debug_info    0x00002411      0x632 ./Sources/RTC.o
 .debug_info    0x00002a43      0xa8b ./Sources/UART.o
 .debug_info    0x000034ce      0x9af ./Sources/accel.o
 .debug_info    0x00003e7d      0x904 ./Sources/main.o
 .debug_info    0x00004781      0x2ff ./Sources/packet.o
 .debug_info    0x00004a80      0x3b0 ./Project_Settings/Startup_Code/startup.o
 .debug_info    0x00004e30      0xc82 ./Generated_Code/Cpu.o
 .debug_info    0x00005ab2      0x10f ./Generated_Code/Vectors.o
 .debug_info    0x00005bc1      0xd02 D:\Embedded Software\es18aut13\Project\Library\libOS.a(OS.o)
 .debug_info    0x000068c3      0x46a D:\Embedded Software\es18aut13\Project\Library\libAnalog.a(analog.o)
 .debug_info    0x00006d2d      0xa60 D:\Embedded Software\es18aut13\Project\Library\libAnalog.a(SPI.o)

.debug_abbrev   0x00000000     0x1b67
 .debug_abbrev  0x00000000       0xce ./Sources/FIFO.o
 .debug_abbrev  0x000000ce      0x1d2 ./Sources/FTM.o
 .debug_abbrev  0x000002a0      0x1cc ./Sources/Flash.o
 .debug_abbrev  0x0000046c      0x1fb ./Sources/I2C.o
 .debug_abbrev  0x00000667      0x144 ./Sources/LEDs.o
 .debug_abbrev  0x000007ab      0x193 ./Sources/PIT.o
 .debug_abbrev  0x0000093e      0x168 ./Sources/RTC.o
 .debug_abbrev  0x00000aa6      0x232 ./Sources/UART.o
 .debug_abbrev  0x00000cd8      0x207 ./Sources/accel.o
 .debug_abbrev  0x00000edf      0x1cc ./Sources/main.o
 .debug_abbrev  0x000010ab       0xec ./Sources/packet.o
 .debug_abbrev  0x00001197      0x189 ./Project_Settings/Startup_Code/startup.o
 .debug_abbrev  0x00001320      0x185 ./Generated_Code/Cpu.o
 .debug_abbrev  0x000014a5       0xa4 ./Generated_Code/Vectors.o
 .debug_abbrev  0x00001549      0x2f8 D:\Embedded Software\es18aut13\Project\Library\libOS.a(OS.o)
 .debug_abbrev  0x00001841      0x151 D:\Embedded Software\es18aut13\Project\Library\libAnalog.a(analog.o)
 .debug_abbrev  0x00001992      0x1d5 D:\Embedded Software\es18aut13\Project\Library\libAnalog.a(SPI.o)

.debug_aranges  0x00000000      0x520
 .debug_aranges
                0x00000000       0x30 ./Sources/FIFO.o
 .debug_aranges
                0x00000030       0x38 ./Sources/FTM.o
 .debug_aranges
                0x00000068       0x60 ./Sources/Flash.o
 .debug_aranges
                0x000000c8       0x70 ./Sources/I2C.o
 .debug_aranges
                0x00000138       0x38 ./Sources/LEDs.o
 .debug_aranges
                0x00000170       0x38 ./Sources/PIT.o
 .debug_aranges
                0x000001a8       0x38 ./Sources/RTC.o
 .debug_aranges
                0x000001e0       0x48 ./Sources/UART.o
 .debug_aranges
                0x00000228       0x38 ./Sources/accel.o
 .debug_aranges
                0x00000260       0x98 ./Sources/main.o
 .debug_aranges
                0x000002f8       0x30 ./Sources/packet.o
 .debug_aranges
                0x00000328       0x50 ./Project_Settings/Startup_Code/startup.o
 .debug_aranges
                0x00000378       0x38 ./Generated_Code/Cpu.o
 .debug_aranges
                0x000003b0       0x18 ./Generated_Code/Vectors.o
 .debug_aranges
                0x000003c8       0xc8 D:\Embedded Software\es18aut13\Project\Library\libOS.a(OS.o)
 .debug_aranges
                0x00000490       0x38 D:\Embedded Software\es18aut13\Project\Library\libAnalog.a(analog.o)
 .debug_aranges
                0x000004c8       0x58 D:\Embedded Software\es18aut13\Project\Library\libAnalog.a(SPI.o)

.debug_ranges   0x00000000      0x408
 .debug_ranges  0x00000000       0x20 ./Sources/FIFO.o
 .debug_ranges  0x00000020       0x28 ./Sources/FTM.o
 .debug_ranges  0x00000048       0x50 ./Sources/Flash.o
 .debug_ranges  0x00000098       0x60 ./Sources/I2C.o
 .debug_ranges  0x000000f8       0x28 ./Sources/LEDs.o
 .debug_ranges  0x00000120       0x28 ./Sources/PIT.o
 .debug_ranges  0x00000148       0x28 ./Sources/RTC.o
 .debug_ranges  0x00000170       0x38 ./Sources/UART.o
 .debug_ranges  0x000001a8       0x28 ./Sources/accel.o
 .debug_ranges  0x000001d0       0x88 ./Sources/main.o
 .debug_ranges  0x00000258       0x20 ./Sources/packet.o
 .debug_ranges  0x00000278       0x40 ./Project_Settings/Startup_Code/startup.o
 .debug_ranges  0x000002b8       0x28 ./Generated_Code/Cpu.o
 .debug_ranges  0x000002e0       0xb8 D:\Embedded Software\es18aut13\Project\Library\libOS.a(OS.o)
 .debug_ranges  0x00000398       0x28 D:\Embedded Software\es18aut13\Project\Library\libAnalog.a(analog.o)
 .debug_ranges  0x000003c0       0x48 D:\Embedded Software\es18aut13\Project\Library\libAnalog.a(SPI.o)

.debug_macro    0x00000000    0x1a945
 .debug_macro   0x00000000       0xb5 ./Sources/FIFO.o
 .debug_macro   0x000000b5       0x22 ./Sources/FIFO.o
 .debug_macro   0x000000d7       0x36 ./Sources/FIFO.o
 .debug_macro   0x0000010d     0x1800 ./Sources/FIFO.o
 .debug_macro   0x0000190d       0xaf ./Sources/FTM.o
 .debug_macro   0x000019bc       0x7c ./Sources/Flash.o
 .debug_macro   0x00001a38       0x16 ./Sources/Flash.o
 .debug_macro   0x00001a4e    0x174af ./Sources/Flash.o
 .debug_macro   0x00018efd       0x2e ./Sources/Flash.o
 .debug_macro   0x00018f2b       0xb3 ./Sources/I2C.o
 .debug_macro   0x00018fde       0x73 ./Sources/LEDs.o
 .debug_macro   0x00019051       0xc8 ./Sources/PIT.o
 .debug_macro   0x00019119       0x10 ./Sources/PIT.o
 .debug_macro   0x00019129       0xaf ./Sources/RTC.o
 .debug_macro   0x000191d8       0xc9 ./Sources/UART.o
 .debug_macro   0x000192a1      0x217 ./Sources/accel.o
 .debug_macro   0x000194b8       0x9a ./Sources/accel.o
 .debug_macro   0x00019552      0x1e6 ./Sources/main.o
 .debug_macro   0x00019738       0x10 ./Sources/main.o
 .debug_macro   0x00019748       0x3a ./Sources/main.o
 .debug_macro   0x00019782       0x58 ./Sources/main.o
 .debug_macro   0x000197da       0x35 ./Sources/main.o
 .debug_macro   0x0001980f       0xa3 ./Sources/main.o
 .debug_macro   0x000198b2      0x166 ./Sources/main.o
 .debug_macro   0x00019a18       0x52 ./Sources/main.o
 .debug_macro   0x00019a6a       0x16 ./Sources/main.o
 .debug_macro   0x00019a80       0x43 ./Sources/main.o
 .debug_macro   0x00019ac3      0x180 ./Sources/main.o
 .debug_macro   0x00019c43       0xde ./Sources/main.o
 .debug_macro   0x00019d21       0xce ./Sources/packet.o
 .debug_macro   0x00019def      0x121 ./Project_Settings/Startup_Code/startup.o
 .debug_macro   0x00019f10       0x4a ./Project_Settings/Startup_Code/startup.o
 .debug_macro   0x00019f5a      0x2a6 ./Project_Settings/Startup_Code/startup.o
 .debug_macro   0x0001a200       0x10 ./Project_Settings/Startup_Code/startup.o
 .debug_macro   0x0001a210       0x35 ./Project_Settings/Startup_Code/startup.o
 .debug_macro   0x0001a245       0x16 ./Project_Settings/Startup_Code/startup.o
 .debug_macro   0x0001a25b       0x22 ./Project_Settings/Startup_Code/startup.o
 .debug_macro   0x0001a27d      0x20f ./Project_Settings/Startup_Code/startup.o
 .debug_macro   0x0001a48c       0x84 ./Generated_Code/Cpu.o
 .debug_macro   0x0001a510       0xa0 ./Generated_Code/Cpu.o
 .debug_macro   0x0001a5b0       0xf1 ./Generated_Code/Vectors.o
 .debug_macro   0x0001a6a1       0xa3 D:\Embedded Software\es18aut13\Project\Library\libOS.a(OS.o)
 .debug_macro   0x0001a744       0x94 D:\Embedded Software\es18aut13\Project\Library\libOS.a(OS.o)
 .debug_macro   0x0001a7d8       0xf5 D:\Embedded Software\es18aut13\Project\Library\libAnalog.a(analog.o)
 .debug_macro   0x0001a8cd       0x10 D:\Embedded Software\es18aut13\Project\Library\libAnalog.a(analog.o)
 .debug_macro   0x0001a8dd       0x68 D:\Embedded Software\es18aut13\Project\Library\libAnalog.a(SPI.o)

.debug_line     0x00000000     0x366c
 .debug_line    0x00000000      0x2bd ./Sources/FIFO.o
 .debug_line    0x000002bd      0x2fe ./Sources/FTM.o
 .debug_line    0x000005bb      0x2d0 ./Sources/Flash.o
 .debug_line    0x0000088b      0x3f0 ./Sources/I2C.o
 .debug_line    0x00000c7b      0x222 ./Sources/LEDs.o
 .debug_line    0x00000e9d      0x337 ./Sources/PIT.o
 .debug_line    0x000011d4      0x2e1 ./Sources/RTC.o
 .debug_line    0x000014b5      0x338 ./Sources/UART.o
 .debug_line    0x000017ed      0x321 ./Sources/accel.o
 .debug_line    0x00001b0e      0x5b5 ./Sources/main.o
 .debug_line    0x000020c3      0x2d5 ./Sources/packet.o
 .debug_line    0x00002398      0x440 ./Project_Settings/Startup_Code/startup.o
 .debug_line    0x000027d8      0x278 ./Generated_Code/Cpu.o
 .debug_line    0x00002a50      0x2b3 ./Generated_Code/Vectors.o
 .debug_line    0x00002d03      0x496 D:\Embedded Software\es18aut13\Project\Library\libOS.a(OS.o)
 .debug_line    0x00003199      0x200 D:\Embedded Software\es18aut13\Project\Library\libAnalog.a(analog.o)
 .debug_line    0x00003399      0x2d3 D:\Embedded Software\es18aut13\Project\Library\libAnalog.a(SPI.o)

.debug_str      0x00000000    0x9003b
 .debug_str     0x00000000    0x8a683 ./Sources/FIFO.o
                              0x8a801 (size before relaxing)
 .debug_str     0x0008a683      0x3b0 ./Sources/FTM.o
                              0x8ab3a (size before relaxing)
 .debug_str     0x0008aa33      0x3a5 ./Sources/Flash.o
                              0x83116 (size before relaxing)
 .debug_str     0x0008add8      0x222 ./Sources/I2C.o
                              0x8ab00 (size before relaxing)
 .debug_str     0x0008affa       0xa6 ./Sources/LEDs.o
                              0x82efc (size before relaxing)
 .debug_str     0x0008b0a0      0x136 ./Sources/PIT.o
                              0x8aa2a (size before relaxing)
 .debug_str     0x0008b1d6       0x9d ./Sources/RTC.o
                              0x8a965 (size before relaxing)
 .debug_str     0x0008b273      0x24b ./Sources/UART.o
                              0x8abc9 (size before relaxing)
 .debug_str     0x0008b4be      0xa39 ./Sources/accel.o
                              0x8b4ec (size before relaxing)
 .debug_str     0x0008bef7     0x209d ./Sources/main.o
                              0x8cdd3 (size before relaxing)
 .debug_str     0x0008df94       0x4f ./Sources/packet.o
                              0x8aa9c (size before relaxing)
 .debug_str     0x0008dfe3     0x11ad ./Project_Settings/Startup_Code/startup.o
                              0x85426 (size before relaxing)
 .debug_str     0x0008f190      0x1e3 ./Generated_Code/Cpu.o
                              0x8aa1e (size before relaxing)
 .debug_str     0x0008f373       0x1c ./Generated_Code/Vectors.o
                              0x8a7ec (size before relaxing)
 .debug_str     0x0008f38f      0x3ab D:\Embedded Software\es18aut13\Project\Library\libOS.a(OS.o)
                              0x8ad2a (size before relaxing)
 .debug_str     0x0008f73a      0x564 D:\Embedded Software\es18aut13\Project\Library\libAnalog.a(analog.o)
                               0x3866 (size before relaxing)
 .debug_str     0x0008fc9e      0x39d D:\Embedded Software\es18aut13\Project\Library\libAnalog.a(SPI.o)
                              0x83389 (size before relaxing)

.comment        0x00000000       0x70
 .comment       0x00000000       0x70 ./Sources/FIFO.o
                                 0x71 (size before relaxing)
 .comment       0x00000000       0x71 ./Sources/FTM.o
 .comment       0x00000000       0x71 ./Sources/Flash.o
 .comment       0x00000000       0x71 ./Sources/I2C.o
 .comment       0x00000000       0x71 ./Sources/LEDs.o
 .comment       0x00000000       0x71 ./Sources/PIT.o
 .comment       0x00000000       0x71 ./Sources/RTC.o
 .comment       0x00000000       0x71 ./Sources/UART.o
 .comment       0x00000000       0x71 ./Sources/accel.o
 .comment       0x00000000       0x71 ./Sources/main.o
 .comment       0x00000000       0x71 ./Sources/packet.o
 .comment       0x00000000       0x71 ./Project_Settings/Startup_Code/startup.o
 .comment       0x00000000       0x71 ./Generated_Code/Cpu.o
 .comment       0x00000000       0x71 ./Generated_Code/Vectors.o
 .comment       0x00000000       0x71 D:\Embedded Software\es18aut13\Project\Library\libOS.a(OS.o)
 .comment       0x00000000       0x71 D:\Embedded Software\es18aut13\Project\Library\libAnalog.a(analog.o)
 .comment       0x00000000       0x71 D:\Embedded Software\es18aut13\Project\Library\libAnalog.a(SPI.o)

.debug_frame    0x00000000      0xfc0
 .debug_frame   0x00000000       0x70 ./Sources/FIFO.o
 .debug_frame   0x00000070       0x88 ./Sources/FTM.o
 .debug_frame   0x000000f8      0x128 ./Sources/Flash.o
 .debug_frame   0x00000220      0x148 ./Sources/I2C.o
 .debug_frame   0x00000368       0x7c ./Sources/LEDs.o
 .debug_frame   0x000003e4       0x8c ./Sources/PIT.o
 .debug_frame   0x00000470       0x8c ./Sources/RTC.o
 .debug_frame   0x000004fc       0xd4 ./Sources/UART.o
 .debug_frame   0x000005d0       0x94 ./Sources/accel.o
 .debug_frame   0x00000664      0x204 ./Sources/main.o
 .debug_frame   0x00000868       0x70 ./Sources/packet.o
 .debug_frame   0x000008d8       0xc0 ./Project_Settings/Startup_Code/startup.o
 .debug_frame   0x00000998       0x80 ./Generated_Code/Cpu.o
 .debug_frame   0x00000a18      0x2a0 D:\Embedded Software\es18aut13\Project\Library\libOS.a(OS.o)
 .debug_frame   0x00000cb8       0x90 D:\Embedded Software\es18aut13\Project\Library\libAnalog.a(analog.o)
 .debug_frame   0x00000d48      0x100 D:\Embedded Software\es18aut13\Project\Library\libAnalog.a(SPI.o)
 .debug_frame   0x00000e48       0x30 c:/freescale/kds_3.0.0/toolchain/bin/../lib/gcc/arm-none-eabi/4.8.4/../../../../arm-none-eabi/lib/armv7e-m/fpu\libm.a(lib_a-wf_sqrt.o)
 .debug_frame   0x00000e78       0x2c c:/freescale/kds_3.0.0/toolchain/bin/../lib/gcc/arm-none-eabi/4.8.4/../../../../arm-none-eabi/lib/armv7e-m/fpu\libm.a(lib_a-ef_sqrt.o)
 .debug_frame   0x00000ea4       0x20 c:/freescale/kds_3.0.0/toolchain/bin/../lib/gcc/arm-none-eabi/4.8.4/../../../../arm-none-eabi/lib/armv7e-m/fpu\libm.a(lib_a-s_matherr.o)
 .debug_frame   0x00000ec4       0x20 c:/freescale/kds_3.0.0/toolchain/bin/../lib/gcc/arm-none-eabi/4.8.4/../../../../arm-none-eabi/lib/armv7e-m/fpu\libm.a(lib_a-sf_fpclassify.o)
 .debug_frame   0x00000ee4       0x20 c:/freescale/kds_3.0.0/toolchain/bin/../lib/gcc/arm-none-eabi/4.8.4/../../../../arm-none-eabi/lib/armv7e-m/fpu\libg_s.a(lib_a-errno.o)
 .debug_frame   0x00000f04       0x28 c:/freescale/kds_3.0.0/toolchain/bin/../lib/gcc/arm-none-eabi/4.8.4/../../../../arm-none-eabi/lib/armv7e-m/fpu\libg_s.a(lib_a-exit.o)
 .debug_frame   0x00000f2c       0x2c c:/freescale/kds_3.0.0/toolchain/bin/../lib/gcc/arm-none-eabi/4.8.4/../../../../arm-none-eabi/lib/armv7e-m/fpu\libg_s.a(lib_a-init.o)
 .debug_frame   0x00000f58       0x28 c:/freescale/kds_3.0.0/toolchain/bin/../lib/gcc/arm-none-eabi/4.8.4/../../../../arm-none-eabi/lib/armv7e-m/fpu\libg_s.a(lib_a-memcpy-stub.o)
 .debug_frame   0x00000f80       0x20 c:/freescale/kds_3.0.0/toolchain/bin/../lib/gcc/arm-none-eabi/4.8.4/../../../../arm-none-eabi/lib/armv7e-m/fpu\libg_s.a(lib_a-memset.o)
 .debug_frame   0x00000fa0       0x20 c:/freescale/kds_3.0.0/toolchain/bin/../lib/gcc/arm-none-eabi/4.8.4/../../../../arm-none-eabi/lib/armv7e-m/fpu\libnosys.a(_exit.o)
