Archive member included because of file (symbol)

D:\Embedded Software US\es18aut13\Project\Library\libOS.a(OS.o)
                              ./Sources/main.o (OS_Init)
D:\Embedded Software US\es18aut13\Project\Library\libAnalog.a(analog.o)
                              ./Sources/main.o (Analog_Init)
D:\Embedded Software US\es18aut13\Project\Library\libAnalog.a(SPI.o)
                              D:\Embedded Software US\es18aut13\Project\Library\libAnalog.a(analog.o) (SPI_Init)
c:/freescale/kds_3.0.0/toolchain/bin/../lib/gcc/arm-none-eabi/4.8.4/../../../../arm-none-eabi/lib/armv7e-m/fpu\libm.a(lib_a-wf_sqrt.o)
                              ./Sources/main.o (sqrtf)
c:/freescale/kds_3.0.0/toolchain/bin/../lib/gcc/arm-none-eabi/4.8.4/../../../../arm-none-eabi/lib/armv7e-m/fpu\libm.a(lib_a-ef_sqrt.o)
                              c:/freescale/kds_3.0.0/toolchain/bin/../lib/gcc/arm-none-eabi/4.8.4/../../../../arm-none-eabi/lib/armv7e-m/fpu\libm.a(lib_a-wf_sqrt.o) (__ieee754_sqrtf)
c:/freescale/kds_3.0.0/toolchain/bin/../lib/gcc/arm-none-eabi/4.8.4/../../../../arm-none-eabi/lib/armv7e-m/fpu\libm.a(lib_a-s_lib_ver.o)
                              c:/freescale/kds_3.0.0/toolchain/bin/../lib/gcc/arm-none-eabi/4.8.4/../../../../arm-none-eabi/lib/armv7e-m/fpu\libm.a(lib_a-wf_sqrt.o) (__fdlib_version)
c:/freescale/kds_3.0.0/toolchain/bin/../lib/gcc/arm-none-eabi/4.8.4/../../../../arm-none-eabi/lib/armv7e-m/fpu\libm.a(lib_a-s_matherr.o)
                              c:/freescale/kds_3.0.0/toolchain/bin/../lib/gcc/arm-none-eabi/4.8.4/../../../../arm-none-eabi/lib/armv7e-m/fpu\libm.a(lib_a-wf_sqrt.o) (matherr)
c:/freescale/kds_3.0.0/toolchain/bin/../lib/gcc/arm-none-eabi/4.8.4/../../../../arm-none-eabi/lib/armv7e-m/fpu\libm.a(lib_a-sf_fpclassify.o)
                              c:/freescale/kds_3.0.0/toolchain/bin/../lib/gcc/arm-none-eabi/4.8.4/../../../../arm-none-eabi/lib/armv7e-m/fpu\libm.a(lib_a-wf_sqrt.o) (__fpclassifyf)
c:/freescale/kds_3.0.0/toolchain/bin/../lib/gcc/arm-none-eabi/4.8.4/armv7e-m/fpu\libgcc.a(_arm_addsubdf3.o)
                              c:/freescale/kds_3.0.0/toolchain/bin/../lib/gcc/arm-none-eabi/4.8.4/../../../../arm-none-eabi/lib/armv7e-m/fpu\libm.a(lib_a-wf_sqrt.o) (__aeabi_f2d)
c:/freescale/kds_3.0.0/toolchain/bin/../lib/gcc/arm-none-eabi/4.8.4/armv7e-m/fpu\libgcc.a(_arm_muldivdf3.o)
                              c:/freescale/kds_3.0.0/toolchain/bin/../lib/gcc/arm-none-eabi/4.8.4/../../../../arm-none-eabi/lib/armv7e-m/fpu\libm.a(lib_a-wf_sqrt.o) (__aeabi_ddiv)
c:/freescale/kds_3.0.0/toolchain/bin/../lib/gcc/arm-none-eabi/4.8.4/armv7e-m/fpu\libgcc.a(_arm_truncdfsf2.o)
                              c:/freescale/kds_3.0.0/toolchain/bin/../lib/gcc/arm-none-eabi/4.8.4/../../../../arm-none-eabi/lib/armv7e-m/fpu\libm.a(lib_a-wf_sqrt.o) (__aeabi_d2f)
c:/freescale/kds_3.0.0/toolchain/bin/../lib/gcc/arm-none-eabi/4.8.4/../../../../arm-none-eabi/lib/armv7e-m/fpu\libg_s.a(lib_a-errno.o)
                              c:/freescale/kds_3.0.0/toolchain/bin/../lib/gcc/arm-none-eabi/4.8.4/../../../../arm-none-eabi/lib/armv7e-m/fpu\libm.a(lib_a-wf_sqrt.o) (__errno)
c:/freescale/kds_3.0.0/toolchain/bin/../lib/gcc/arm-none-eabi/4.8.4/../../../../arm-none-eabi/lib/armv7e-m/fpu\libg_s.a(lib_a-exit.o)
                              c:/freescale/kds_3.0.0/toolchain/bin/../lib/gcc/arm-none-eabi/4.8.4/../../../../arm-none-eabi/lib/armv7e-m/fpu/crt0.o (exit)
c:/freescale/kds_3.0.0/toolchain/bin/../lib/gcc/arm-none-eabi/4.8.4/../../../../arm-none-eabi/lib/armv7e-m/fpu\libg_s.a(lib_a-impure.o)
                              c:/freescale/kds_3.0.0/toolchain/bin/../lib/gcc/arm-none-eabi/4.8.4/../../../../arm-none-eabi/lib/armv7e-m/fpu\libg_s.a(lib_a-exit.o) (_global_impure_ptr)
c:/freescale/kds_3.0.0/toolchain/bin/../lib/gcc/arm-none-eabi/4.8.4/../../../../arm-none-eabi/lib/armv7e-m/fpu\libg_s.a(lib_a-init.o)
                              c:/freescale/kds_3.0.0/toolchain/bin/../lib/gcc/arm-none-eabi/4.8.4/../../../../arm-none-eabi/lib/armv7e-m/fpu/crt0.o (__libc_init_array)
c:/freescale/kds_3.0.0/toolchain/bin/../lib/gcc/arm-none-eabi/4.8.4/../../../../arm-none-eabi/lib/armv7e-m/fpu\libg_s.a(lib_a-memcpy-stub.o)
                              ./Sources/I2C.o (memcpy)
c:/freescale/kds_3.0.0/toolchain/bin/../lib/gcc/arm-none-eabi/4.8.4/../../../../arm-none-eabi/lib/armv7e-m/fpu\libg_s.a(lib_a-memset.o)
                              c:/freescale/kds_3.0.0/toolchain/bin/../lib/gcc/arm-none-eabi/4.8.4/../../../../arm-none-eabi/lib/armv7e-m/fpu/crt0.o (memset)
c:/freescale/kds_3.0.0/toolchain/bin/../lib/gcc/arm-none-eabi/4.8.4/../../../../arm-none-eabi/lib/armv7e-m/fpu\libnosys.a(_exit.o)
                              c:/freescale/kds_3.0.0/toolchain/bin/../lib/gcc/arm-none-eabi/4.8.4/../../../../arm-none-eabi/lib/armv7e-m/fpu\libg_s.a(lib_a-exit.o) (_exit)

Allocating common symbols
Common symbol       size              file

NvTowerMd           0x4               ./Sources/main.o
[...]
Memory Configuration

Name             Origin             Length             Attributes
m_interrupts     0x00000000         0x000001e8         xr
m_text           0x00000410         0x0007fbf0         xr
m_data           0x1fff0000         0x00010000         rw
m_data_20000000  0x20000000         0x00010000         rw
m_cfmprotrom     0x00000400         0x00000010         xr
*default*        0x00000000         0xffffffff

Linker script and memory map

LOAD c:/freescale/kds_3.0.0/toolchain/bin/../lib/gcc/arm-none-eabi/4.8.4/armv7e-m/fpu/crti.o
LOAD c:/freescale/kds_3.0.0/toolchain/bin/../lib/gcc/arm-none-eabi/4.8.4/armv7e-m/fpu/crtbegin.o
LOAD c:/freescale/kds_3.0.0/toolchain/bin/../lib/gcc/arm-none-eabi/4.8.4/../../../../arm-none-eabi/lib/armv7e-m/fpu/crt0.o
LOAD ./Sources/Events.o
LOAD ./Sources/FIFO.o
LOAD ./Sources/FTM.o
LOAD ./Sources/Flash.o
LOAD ./Sources/I2C.o
LOAD ./Sources/LEDs.o
LOAD ./Sources/PIT.o
LOAD ./Sources/RTC.o
LOAD ./Sources/UART.o
LOAD ./Sources/accel.o
LOAD ./Sources/main.o
LOAD ./Sources/main_sample.o
LOAD ./Sources/median.o
LOAD ./Sources/packet.o
LOAD ./Project_Settings/Startup_Code/startup.o
LOAD ./Generated_Code/Cpu.o
LOAD ./Generated_Code/Vectors.o
LOAD D:\Embedded Software US\es18aut13\Project\Library\libOS.a
LOAD D:\Embedded Software US\es18aut13\Project\Library\libAnalog.a
LOAD c:/freescale/kds_3.0.0/toolchain/bin/../lib/gcc/arm-none-eabi/4.8.4/../../../../arm-none-eabi/lib/armv7e-m/fpu\libstdc++_s.a
LOAD c:/freescale/kds_3.0.0/toolchain/bin/../lib/gcc/arm-none-eabi/4.8.4/../../../../arm-none-eabi/lib/armv7e-m/fpu\libm.a
START GROUP
LOAD c:/freescale/kds_3.0.0/toolchain/bin/../lib/gcc/arm-none-eabi/4.8.4/armv7e-m/fpu\libgcc.a
LOAD c:/freescale/kds_3.0.0/toolchain/bin/../lib/gcc/arm-none-eabi/4.8.4/../../../../arm-none-eabi/lib/armv7e-m/fpu\libg_s.a
LOAD c:/freescale/kds_3.0.0/toolchain/bin/../lib/gcc/arm-none-eabi/4.8.4/../../../../arm-none-eabi/lib/armv7e-m/fpu\libc_s.a
END GROUP
START GROUP
LOAD c:/freescale/kds_3.0.0/toolchain/bin/../lib/gcc/arm-none-eabi/4.8.4/armv7e-m/fpu\libgcc.a
LOAD c:/freescale/kds_3.0.0/toolchain/bin/../lib/gcc/arm-none-eabi/4.8.4/../../../../arm-none-eabi/lib/armv7e-m/fpu\libc_s.a
LOAD c:/freescale/kds_3.0.0/toolchain/bin/../lib/gcc/arm-none-eabi/4.8.4/../../../../arm-none-eabi/lib/armv7e-m/fpu\libnosys.a
END GROUP
START GROUP
LOAD c:/freescale/kds_3.0.0/toolchain/bin/../lib/gcc/arm-none-eabi/4.8.4/armv7e-m/fpu\libgcc.a
LOAD c:/freescale/kds_3.0.0/toolchain/bin/../lib/gcc/arm-none-eabi/4.8.4/../../../../arm-none-eabi/lib/armv7e-m/fpu\libc_s.a
LOAD c:/freescale/kds_3.0.0/toolchain/bin/../lib/gcc/arm-none-eabi/4.8.4/../../../../arm-none-eabi/lib/armv7e-m/fpu\libnosys.a
END GROUP
LOAD c:/freescale/kds_3.0.0/toolchain/bin/../lib/gcc/arm-none-eabi/4.8.4/armv7e-m/fpu/crtend.o
LOAD c:/freescale/kds_3.0.0/toolchain/bin/../lib/gcc/arm-none-eabi/4.8.4/armv7e-m/fpu/crtn.o
                0x20000000                _estack = 0x20000000
                0x20000000                __SP_INIT = _estack
                0x20000000                __stack = _estack
                0x00000000                __heap_size = 0x0
                0x00000400                __stack_size = 0x400

.interrupts     0x00000000      0x1e8
                0x00000000                __vector_table = .
                0x00000000                . = ALIGN (0x4)
 *(.vectortable)
 .vectortable   0x00000000      0x1e8 ./Generated_Code/Vectors.o
                0x00000000                __vect_table
                0x000001e8                . = ALIGN (0x4)

.cfmprotect     0x00000400       0x10
                0x00000400                . = ALIGN (0x4)
 *(.cfmconfig)
 .cfmconfig     0x00000400       0x10 ./Generated_Code/Cpu.o
                0x00000400                _cfm
                0x00000410                . = ALIGN (0x4)

.text           0x00000410     0x493c
                0x00000410                . = ALIGN (0x4)
 *(.text)
 .text          0x00000410       0x54 c:/freescale/kds_3.0.0/toolchain/bin/../lib/gcc/arm-none-eabi/4.8.4/armv7e-m/fpu/crtbegin.o
 .text          0x00000464       0x74 c:/freescale/kds_3.0.0/toolchain/bin/../lib/gcc/arm-none-eabi/4.8.4/../../../../arm-none-eabi/lib/armv7e-m/fpu/crt0.o
                0x00000464                _start
                0x00000464                _mainCRTStartup
 .text          0x000004d8      0x370 c:/freescale/kds_3.0.0/toolchain/bin/../lib/gcc/arm-none-eabi/4.8.4/armv7e-m/fpu\libgcc.a(_arm_addsubdf3.o)
                0x000004d8                __aeabi_drsub
                0x000004e0                __aeabi_dsub
                0x000004e0                __subdf3
                0x000004e4                __aeabi_dadd
                0x000004e4                __adddf3
                0x0000075c                __floatunsidf
                0x0000075c                __aeabi_ui2d
                0x0000077c                __floatsidf
                0x0000077c                __aeabi_i2d
                0x000007a0                __aeabi_f2d
                0x000007a0                __extendsfdf2
                0x000007dc                __floatundidf
                0x000007dc                __aeabi_ul2d
                0x000007ec                __floatdidf
                0x000007ec                __aeabi_l2d
 .text          0x00000848      0x424 c:/freescale/kds_3.0.0/toolchain/bin/../lib/gcc/arm-none-eabi/4.8.4/armv7e-m/fpu\libgcc.a(_arm_muldivdf3.o)
                0x00000848                __aeabi_dmul
                0x00000848                __muldf3
                0x00000a9c                __divdf3
                0x00000a9c                __aeabi_ddiv
 .text          0x00000c6c       0xa0 c:/freescale/kds_3.0.0/toolchain/bin/../lib/gcc/arm-none-eabi/4.8.4/armv7e-m/fpu\libgcc.a(_arm_truncdfsf2.o)
                0x00000c6c                __truncdfsf2
                0x00000c6c                __aeabi_d2f
 *(.text*)
 .text.FIFO_Init
                0x00000d0c       0x38 ./Sources/FIFO.o
                0x00000d0c                FIFO_Init
 .text.FIFO_Put
                0x00000d44       0x58 ./Sources/FIFO.o
                0x00000d44                FIFO_Put
 .text.FIFO_Get
                0x00000d9c       0x58 ./Sources/FIFO.o
                0x00000d9c                FIFO_Get
 .text.FTM_Init
                0x00000df4       0xfc ./Sources/FTM.o
                0x00000df4                FTM_Init
 .text.FTM_Set  0x00000ef0       0xe4 ./Sources/FTM.o
                0x00000ef0                FTM_Set
 .text.FTM_StartTimer
                0x00000fd4       0x78 ./Sources/FTM.o
                0x00000fd4                FTM_StartTimer
 .text.FTM0_ISR
                0x0000104c       0x98 ./Sources/FTM.o
                0x0000104c                FTM0_ISR
 .text.Flash_Init
                0x000010e4       0x10 ./Sources/Flash.o
                0x000010e4                Flash_Init
 .text.Flash_AllocateVar
                0x000010f4       0x90 ./Sources/Flash.o
                0x000010f4                Flash_AllocateVar
 .text.Flash_Write32
                0x00001184       0x58 ./Sources/Flash.o
                0x00001184                Flash_Write32
 .text.Flash_Write16
                0x000011dc       0x60 ./Sources/Flash.o
                0x000011dc                Flash_Write16
 .text.Flash_Write8
                0x0000123c       0x60 ./Sources/Flash.o
                0x0000123c                Flash_Write8
 .text.Flash_Erase
                0x0000129c       0x14 ./Sources/Flash.o
                0x0000129c                Flash_Erase
 .text.LaunchCommand
                0x000012b0       0x98 ./Sources/Flash.o
 .text.WritePhrase
                0x00001348       0xe8 ./Sources/Flash.o
 .text.EraseSector
                0x00001430       0x38 ./Sources/Flash.o
 .text.StopCondition
                0x00001468       0x20 ./Sources/I2C.o
 .text.RepeatCondition
                0x00001488       0x20 ./Sources/I2C.o
 .text.I2C_ISR  0x000014a8      0x1ac ./Sources/I2C.o
                0x000014a8                I2C_ISR
 .text.LEDs_Init
                0x00001654       0xd4 ./Sources/LEDs.o
                0x00001654                LEDs_Init
 .text.LEDs_On  0x00001728       0x24 ./Sources/LEDs.o
                0x00001728                LEDs_On
 .text.LEDs_Off
                0x0000174c       0x24 ./Sources/LEDs.o
                0x0000174c                LEDs_Off
 .text.LEDs_Toggle
                0x00001770       0x24 ./Sources/LEDs.o
                0x00001770                LEDs_Toggle
 .text.PIT_Init
                0x00001794       0xdc ./Sources/PIT.o
                0x00001794                PIT_Init
 .text.PIT_Set  0x00001870       0x5c ./Sources/PIT.o
                0x00001870                PIT_Set
 .text.PIT_Enable
                0x000018cc       0x40 ./Sources/PIT.o
                0x000018cc                PIT_Enable
 .text.PIT_ISR  0x0000190c       0x48 ./Sources/PIT.o
                0x0000190c                PIT_ISR
 .text.RTC_Init
                0x00001954       0xe8 ./Sources/RTC.o
                0x00001954                RTC_Init
 .text.RTC_Set  0x00001a3c       0x5c ./Sources/RTC.o
                0x00001a3c                RTC_Set
 .text.RTC_Get  0x00001a98       0x9c ./Sources/RTC.o
                0x00001a98                RTC_Get
 .text.RTC_ISR  0x00001b34       0x2c ./Sources/RTC.o
                0x00001b34                RTC_ISR
 .text.RxUARTThread
                0x00001b60       0x30 ./Sources/UART.o
 .text.TxUARTThread
                0x00001b90       0x50 ./Sources/UART.o
 .text.UART_Init
                0x00001be0      0x1c8 ./Sources/UART.o
                0x00001be0                UART_Init
 .text.UART_InChar
                0x00001da8       0x1c ./Sources/UART.o
                0x00001da8                UART_InChar
 .text.UART_OutChar
                0x00001dc4       0x34 ./Sources/UART.o
                0x00001dc4                UART_OutChar
 .text.UART_ISR
                0x00001df8       0x94 ./Sources/UART.o
                0x00001df8                UART_ISR
 .text.AccelDataReady_ISR
                0x00001e8c       0x48 ./Sources/accel.o
                0x00001e8c                AccelDataReady_ISR
 .text.HandleTowerStartup
                0x00001ed4       0x80 ./Sources/main.o
                0x00001ed4                HandleTowerStartup
 .text.HandleTowerVersion
                0x00001f54       0x28 ./Sources/main.o
                0x00001f54                HandleTowerVersion
 .text.HandleTowerNumber
                0x00001f7c       0x68 ./Sources/main.o
                0x00001f7c                HandleTowerNumber
 .text.HandleTowerProgramByte
                0x00001fe4       0x58 ./Sources/main.o
                0x00001fe4                HandleTowerProgramByte
 .text.HandleTowerReadByte
                0x0000203c       0x48 ./Sources/main.o
                0x0000203c                HandleTowerReadByte
 .text.HandleTowerMode
                0x00002084       0x68 ./Sources/main.o
                0x00002084                HandleTowerMode
 .text.HandleTowerSetTime
                0x000020ec       0x40 ./Sources/main.o
                0x000020ec                HandleTowerSetTime
 .text.HandleTowerTimingMode
                0x0000212c       0x94 ./Sources/main.o
                0x0000212c                HandleTowerTimingMode
 .text.HandleTowerRaises
                0x000021c0       0x6c ./Sources/main.o
                0x000021c0                HandleTowerRaises
 .text.HandleTowerLowers
                0x0000222c       0x6c ./Sources/main.o
                0x0000222c                HandleTowerLowers
 .text.HandleTowerFrequency
                0x00002298       0x64 ./Sources/main.o
                0x00002298                HandleTowerFrequency
 .text.HandleTowerVoltage
                0x000022fc       0x5c ./Sources/main.o
                0x000022fc                HandleTowerVoltage
 .text.ReceivedPacket
                0x00002358      0x198 ./Sources/main.o
                0x00002358                ReceivedPacket
 .text.ADCReadCallback
                0x000024f0      0x254 ./Sources/main.o
                0x000024f0                ADCReadCallback
 .text.TowerInit
                0x00002744      0x1f8 ./Sources/main.o
                0x00002744                TowerInit
 .text.InitModulesThread
                0x0000293c       0xdc ./Sources/main.o
 .text.PacketThread
                0x00002a18       0x5c ./Sources/main.o
 .text.RTCThread
                0x00002a74       0x44 ./Sources/main.o
 .text.LogRaisesThread
                0x00002ab8       0x54 ./Sources/main.o
 .text.LogLowersThread
                0x00002b0c       0x54 ./Sources/main.o
 .text.FrequencyTrackThread
                0x00002b60      0x2ac ./Sources/main.o
 .text.GetRMS   0x00002e0c       0x94 ./Sources/main.o
                0x00002e0c                GetRMS
 .text.RMSThread
                0x00002ea0      0x240 ./Sources/main.o
                0x00002ea0                RMSThread
 .text.FTMLEDsOffThread
                0x000030e0       0x24 ./Sources/main.o
 .text.main     0x00003104      0x118 ./Sources/main.o
                0x00003104                main
 .text.Packet_Init
                0x0000321c       0x2c ./Sources/packet.o
                0x0000321c                Packet_Init
 .text.Packet_Get
                0x00003248       0x6c ./Sources/packet.o
                0x00003248                Packet_Get
 .text.Packet_Put
                0x000032b4       0x70 ./Sources/packet.o
                0x000032b4                Packet_Put
 .text.__copy_rom_section
                0x00003324       0xe4 ./Project_Settings/Startup_Code/startup.o
                0x00003324                __copy_rom_section
 .text.__copy_rom_sections_to_ram
                0x00003408       0x9c ./Project_Settings/Startup_Code/startup.o
                0x00003408                __copy_rom_sections_to_ram
 .text.__init_registers
                0x000034a4       0x20 ./Project_Settings/Startup_Code/startup.o
                0x000034a4                __init_registers
 .text.__init_user
                0x000034c4        0xc ./Project_Settings/Startup_Code/startup.o
                0x000034c4                __init_user
 .text.__thumb_startup
                0x000034d0       0x34 ./Project_Settings/Startup_Code/startup.o
                0x000034d0                __thumb_startup
 .text.Cpu_Interrupt
                0x00003504       0x18 ./Generated_Code/Cpu.o
                0x00003504                Cpu_Interrupt
 .text.__init_hardware
                0x0000351c      0x1cc ./Generated_Code/Cpu.o
                0x0000351c                __init_hardware
 .text.Cpu_SetBASEPRI
                0x000036e8       0x18 ./Generated_Code/Cpu.o
                0x000036e8                Cpu_SetBASEPRI
 .text.PE_low_level_init
                0x00003700       0xe4 ./Generated_Code/Cpu.o
                0x00003700                PE_low_level_init
 .text.OS_Init  0x000037e4      0x110 D:\Embedded Software US\es18aut13\Project\Library\libOS.a(OS.o)
                0x000037e4                OS_Init
 .text.OS_ISREnter
                0x000038f4       0x20 D:\Embedded Software US\es18aut13\Project\Library\libOS.a(OS.o)
                0x000038f4                OS_ISREnter
 .text.OS_ISRExit
                0x00003914       0x1c D:\Embedded Software US\es18aut13\Project\Library\libOS.a(OS.o)
                0x00003914                OS_ISRExit
 .text.OS_SemaphoreCreate
                0x00003930       0x90 D:\Embedded Software US\es18aut13\Project\Library\libOS.a(OS.o)
                0x00003930                OS_SemaphoreCreate
 .text.OS_SemaphoreSignal
                0x000039c0       0x44 D:\Embedded Software US\es18aut13\Project\Library\libOS.a(OS.o)
                0x000039c0                OS_SemaphoreSignal
 .text.OS_SemaphoreWait
                0x00003a04       0x58 D:\Embedded Software US\es18aut13\Project\Library\libOS.a(OS.o)
                0x00003a04                OS_SemaphoreWait
 .text.OS_Start
                0x00003a5c       0x10 D:\Embedded Software US\es18aut13\Project\Library\libOS.a(OS.o)
                0x00003a5c                OS_Start
 .text.OS_ThreadCreate
                0x00003a6c      0x160 D:\Embedded Software US\es18aut13\Project\Library\libOS.a(OS.o)
                0x00003a6c                OS_ThreadCreate
 .text.OS_ThreadDelete
                0x00003bcc      0x18c D:\Embedded Software US\es18aut13\Project\Library\libOS.a(OS.o)
                0x00003bcc                OS_ThreadDelete
 .text.EventThreadReady
                0x00003d58       0x68 D:\Embedded Software US\es18aut13\Project\Library\libOS.a(OS.o)
 .text.EventThreadWait
                0x00003dc0       0x64 D:\Embedded Software US\es18aut13\Project\Library\libOS.a(OS.o)
 .text.EventTimeout
                0x00003e24       0x40 D:\Embedded Software US\es18aut13\Project\Library\libOS.a(OS.o)
 .text.Idle     0x00003e64       0x18 D:\Embedded Software US\es18aut13\Project\Library\libOS.a(OS.o)
 .text.FindFirstSet
                0x00003e7c       0x44 D:\Embedded Software US\es18aut13\Project\Library\libOS.a(OS.o)
 .text.Schedule
                0x00003ec0       0x64 D:\Embedded Software US\es18aut13\Project\Library\libOS.a(OS.o)
 .text.TCBInit  0x00003f24       0xcc D:\Embedded Software US\es18aut13\Project\Library\libOS.a(OS.o)
 .text.TimeTick
                0x00003ff0       0x74 D:\Embedded Software US\es18aut13\Project\Library\libOS.a(OS.o)
 *fill*         0x00004064        0xc 
 .text.OS_ContextSwitchISR
                0x00004070       0x70 D:\Embedded Software US\es18aut13\Project\Library\libOS.a(OS.o)
                0x00004070                OS_ContextSwitchISR
 .text.OS_SysTickISR
                0x000040e0       0x5c D:\Embedded Software US\es18aut13\Project\Library\libOS.a(OS.o)
                0x000040e0                OS_SysTickISR
 .text.DACWrite
                0x0000413c       0x6c D:\Embedded Software US\es18aut13\Project\Library\libAnalog.a(analog.o)
 .text.Analog_Init
                0x000041a8       0x7c D:\Embedded Software US\es18aut13\Project\Library\libAnalog.a(analog.o)
                0x000041a8                Analog_Init
 .text.Analog_Get
                0x00004224       0x78 D:\Embedded Software US\es18aut13\Project\Library\libAnalog.a(analog.o)
                0x00004224                Analog_Get
 .text.Analog_Put
                0x0000429c       0x50 D:\Embedded Software US\es18aut13\Project\Library\libAnalog.a(analog.o)
                0x0000429c                Analog_Put
 .text.InitChipSelectPins
                0x000042ec       0x6c D:\Embedded Software US\es18aut13\Project\Library\libAnalog.a(SPI.o)
 .text.SetupModuleConfigurationRegister
                0x00004358      0x104 D:\Embedded Software US\es18aut13\Project\Library\libAnalog.a(SPI.o)
 .text.SetBaudRate
                0x0000445c      0x15c D:\Embedded Software US\es18aut13\Project\Library\libAnalog.a(SPI.o)
 .text.SetDelayAfterTransfer
                0x000045b8      0x168 D:\Embedded Software US\es18aut13\Project\Library\libAnalog.a(SPI.o)
 .text.SetupClockAndTransferAttributesRegister
                0x00004720      0x16c D:\Embedded Software US\es18aut13\Project\Library\libAnalog.a(SPI.o)
 .text.SPI_Init
                0x0000488c       0x90 D:\Embedded Software US\es18aut13\Project\Library\libAnalog.a(SPI.o)
                0x0000488c                SPI_Init
 .text.SPI_SelectSlaveDevice
                0x0000491c       0x6c D:\Embedded Software US\es18aut13\Project\Library\libAnalog.a(SPI.o)
                0x0000491c                SPI_SelectSlaveDevice
 .text.SPI_Exchange
                0x00004988       0x94 D:\Embedded Software US\es18aut13\Project\Library\libAnalog.a(SPI.o)
                0x00004988                SPI_Exchange
 .text.sqrtf    0x00004a1c       0xb8 c:/freescale/kds_3.0.0/toolchain/bin/../lib/gcc/arm-none-eabi/4.8.4/../../../../arm-none-eabi/lib/armv7e-m/fpu\libm.a(lib_a-wf_sqrt.o)
                0x00004a1c                sqrtf
 .text.__ieee754_sqrtf
                0x00004ad4       0xa4 c:/freescale/kds_3.0.0/toolchain/bin/../lib/gcc/arm-none-eabi/4.8.4/../../../../arm-none-eabi/lib/armv7e-m/fpu\libm.a(lib_a-ef_sqrt.o)
                0x00004ad4                __ieee754_sqrtf
 .text.matherr  0x00004b78        0x4 c:/freescale/kds_3.0.0/toolchain/bin/../lib/gcc/arm-none-eabi/4.8.4/../../../../arm-none-eabi/lib/armv7e-m/fpu\libm.a(lib_a-s_matherr.o)
                0x00004b78                matherr
 .text.__fpclassifyf
                0x00004b7c       0x38 c:/freescale/kds_3.0.0/toolchain/bin/../lib/gcc/arm-none-eabi/4.8.4/../../../../arm-none-eabi/lib/armv7e-m/fpu\libm.a(lib_a-sf_fpclassify.o)
                0x00004b7c                __fpclassifyf
 .text.__errno  0x00004bb4        0xc c:/freescale/kds_3.0.0/toolchain/bin/../lib/gcc/arm-none-eabi/4.8.4/../../../../arm-none-eabi/lib/armv7e-m/fpu\libg_s.a(lib_a-errno.o)
                0x00004bb4                __errno
 .text.exit     0x00004bc0       0x28 c:/freescale/kds_3.0.0/toolchain/bin/../lib/gcc/arm-none-eabi/4.8.4/../../../../arm-none-eabi/lib/armv7e-m/fpu\libg_s.a(lib_a-exit.o)
                0x00004bc0                exit
 .text.__libc_init_array
                0x00004be8       0x4c c:/freescale/kds_3.0.0/toolchain/bin/../lib/gcc/arm-none-eabi/4.8.4/../../../../arm-none-eabi/lib/armv7e-m/fpu\libg_s.a(lib_a-init.o)
                0x00004be8                __libc_init_array
 .text.memcpy   0x00004c34       0x12 c:/freescale/kds_3.0.0/toolchain/bin/../lib/gcc/arm-none-eabi/4.8.4/../../../../arm-none-eabi/lib/armv7e-m/fpu\libg_s.a(lib_a-memcpy-stub.o)
                0x00004c34                memcpy
 .text.memset   0x00004c46       0x10 c:/freescale/kds_3.0.0/toolchain/bin/../lib/gcc/arm-none-eabi/4.8.4/../../../../arm-none-eabi/lib/armv7e-m/fpu\libg_s.a(lib_a-memset.o)
                0x00004c46                memset
 *fill*         0x00004c56        0x2 
 .text._exit    0x00004c58        0x4 c:/freescale/kds_3.0.0/toolchain/bin/../lib/gcc/arm-none-eabi/4.8.4/../../../../arm-none-eabi/lib/armv7e-m/fpu\libnosys.a(_exit.o)
                0x00004c58                _exit
 *(.rodata)
 .rodata        0x00004c5c        0x4 D:\Embedded Software US\es18aut13\Project\Library\libAnalog.a(analog.o)
 .rodata        0x00004c60       0xa0 D:\Embedded Software US\es18aut13\Project\Library\libAnalog.a(SPI.o)
 *(.rodata*)
 .rodata.ANALOG_THREAD_PRIORITIES
                0x00004d00        0x4 ./Sources/main.o
                0x00004d00                ANALOG_THREAD_PRIORITIES
 .rodata.PACKET_ACK_MASK
                0x00004d04        0x1 ./Sources/packet.o
                0x00004d04                PACKET_ACK_MASK
 *fill*         0x00004d05        0x3 
 .rodata.SPI_SETUP
                0x00004d08       0x1c D:\Embedded Software US\es18aut13\Project\Library\libAnalog.a(analog.o)
 .rodata.str1.4
                0x00004d24        0x8 c:/freescale/kds_3.0.0/toolchain/bin/../lib/gcc/arm-none-eabi/4.8.4/../../../../arm-none-eabi/lib/armv7e-m/fpu\libm.a(lib_a-wf_sqrt.o)
 .rodata.str1.1
                0x00004d2c        0x2 c:/freescale/kds_3.0.0/toolchain/bin/../lib/gcc/arm-none-eabi/4.8.4/../../../../arm-none-eabi/lib/armv7e-m/fpu\libg_s.a(lib_a-impure.o)
 *fill*         0x00004d2e        0x2 
 .rodata._global_impure_ptr
                0x00004d30        0x4 c:/freescale/kds_3.0.0/toolchain/bin/../lib/gcc/arm-none-eabi/4.8.4/../../../../arm-none-eabi/lib/armv7e-m/fpu\libg_s.a(lib_a-impure.o)
                0x00004d30                _global_impure_ptr
 *(.glue_7)
 .glue_7        0x00000000        0x0 linker stubs
 *(.glue_7t)
 .glue_7t       0x00000000        0x0 linker stubs
 *(.eh_frame)
 .eh_frame      0x00004d34        0x0 c:/freescale/kds_3.0.0/toolchain/bin/../lib/gcc/arm-none-eabi/4.8.4/armv7e-m/fpu/crtbegin.o
 *(.init)
 .init          0x00004d34        0x4 c:/freescale/kds_3.0.0/toolchain/bin/../lib/gcc/arm-none-eabi/4.8.4/armv7e-m/fpu/crti.o
                0x00004d34                _init
 .init          0x00004d38        0x8 c:/freescale/kds_3.0.0/toolchain/bin/../lib/gcc/arm-none-eabi/4.8.4/armv7e-m/fpu/crtn.o
 *(.fini)
 .fini          0x00004d40        0x4 c:/freescale/kds_3.0.0/toolchain/bin/../lib/gcc/arm-none-eabi/4.8.4/armv7e-m/fpu/crti.o
                0x00004d40                _fini
 .fini          0x00004d44        0x8 c:/freescale/kds_3.0.0/toolchain/bin/../lib/gcc/arm-none-eabi/4.8.4/armv7e-m/fpu/crtn.o
                0x00004d4c                . = ALIGN (0x4)
                0x00004d4c                _etext = .

.vfp11_veneer   0x00004d4c        0x0
 .vfp11_veneer  0x00000000        0x0 linker stubs

.v4_bx          0x00004d4c        0x0
 .v4_bx         0x00000000        0x0 linker stubs

.iplt           0x00004d4c        0x0
 .iplt          0x00000000        0x0 c:/freescale/kds_3.0.0/toolchain/bin/../lib/gcc/arm-none-eabi/4.8.4/armv7e-m/fpu/crtbegin.o

.ARM.extab
 *(.ARM.extab* .gnu.linkonce.armextab.*)

.ARM            0x00004d4c        0x8
                0x00004d4c                __exidx_start = .
 *(.ARM.exidx*)
 .ARM.exidx     0x00004d4c        0x8 c:/freescale/kds_3.0.0/toolchain/bin/../lib/gcc/arm-none-eabi/4.8.4/../../../../arm-none-eabi/lib/armv7e-m/fpu/crt0.o
                0x00004d54                __exidx_end = .

.rel.dyn        0x00004d54        0x0
 .rel.iplt      0x00000000        0x0 c:/freescale/kds_3.0.0/toolchain/bin/../lib/gcc/arm-none-eabi/4.8.4/armv7e-m/fpu/crtbegin.o

.ctors          0x00004d54        0x0
                0x00004d54                __CTOR_LIST__ = .
 *crtbegin.o(.ctors)
 *(EXCLUDE_FILE(*crtend.o) .ctors)
 *(SORT(.ctors.*))
 *(.ctors)
                0x00004d54                __CTOR_END__ = .

.dtors          0x00004d54        0x0
                0x00004d54                __DTOR_LIST__ = .
 *crtbegin.o(.dtors)
 *(EXCLUDE_FILE(*crtend.o) .dtors)
 *(SORT(.dtors.*))
 *(.dtors)
                0x00004d54                __DTOR_END__ = .

.preinit_array  0x00004d54        0x0
                0x00004d54                PROVIDE (__preinit_array_start, .)
 *(.preinit_array*)
                0x00004d54                PROVIDE (__preinit_array_end, .)

.init_array     0x00004d54        0x4
                0x00004d54                PROVIDE (__init_array_start, .)
 *(SORT(.init_array.*))
 *(.init_array*)
 .init_array    0x00004d54        0x4 c:/freescale/kds_3.0.0/toolchain/bin/../lib/gcc/arm-none-eabi/4.8.4/armv7e-m/fpu/crtbegin.o
                0x00004d58                PROVIDE (__init_array_end, .)

.fini_array     0x00004d58        0x4
                0x00004d58                PROVIDE (__fini_array_start, .)
 *(SORT(.fini_array.*))
 *(.fini_array*)
 .fini_array    0x00004d58        0x4 c:/freescale/kds_3.0.0/toolchain/bin/../lib/gcc/arm-none-eabi/4.8.4/armv7e-m/fpu/crtbegin.o
                0x00004d5c                PROVIDE (__fini_array_end, .)
                0x00004d5c                ___ROM_AT = .

.data           0x1fff0000       0x88 load address 0x00004d5c
                0x1fff0000                . = ALIGN (0x4)
                0x1fff0000                _sdata = .
 *(.data)
 *(.data*)
 .data.SlaveDeviceAddress
                0x1fff0000        0x1 ./Sources/I2C.o
 *fill*         0x1fff0001        0x3 
 .data.AnalogThreadData
                0x1fff0004       0x18 ./Sources/main.o
 .data.Frequency
                0x1fff001c        0x4 ./Sources/main.o
 .data.__fdlib_version
                0x1fff0020        0x1 c:/freescale/kds_3.0.0/toolchain/bin/../lib/gcc/arm-none-eabi/4.8.4/../../../../arm-none-eabi/lib/armv7e-m/fpu\libm.a(lib_a-s_lib_ver.o)
                0x1fff0020                __fdlib_version
 *fill*         0x1fff0021        0x3 
 .data.impure_data
                0x1fff0024       0x60 c:/freescale/kds_3.0.0/toolchain/bin/../lib/gcc/arm-none-eabi/4.8.4/../../../../arm-none-eabi/lib/armv7e-m/fpu\libg_s.a(lib_a-impure.o)
 .data._impure_ptr
                0x1fff0084        0x4 c:/freescale/kds_3.0.0/toolchain/bin/../lib/gcc/arm-none-eabi/4.8.4/../../../../arm-none-eabi/lib/armv7e-m/fpu\libg_s.a(lib_a-impure.o)
                0x1fff0084                _impure_ptr
                0x1fff0088                . = ALIGN (0x4)
                0x1fff0088                _edata = .
                0x00000088                ___data_size = (_edata - _sdata)
                0x00004de4                ___m_data_20000000_ROMStart = (___ROM_AT + SIZEOF (.data))

.jcr            0x1fff0088        0x0 load address 0x00004de4
 .jcr           0x1fff0088        0x0 c:/freescale/kds_3.0.0/toolchain/bin/../lib/gcc/arm-none-eabi/4.8.4/armv7e-m/fpu/crtbegin.o

.igot.plt       0x1fff0088        0x0 load address 0x00004de4
 .igot.plt      0x00000000        0x0 c:/freescale/kds_3.0.0/toolchain/bin/../lib/gcc/arm-none-eabi/4.8.4/armv7e-m/fpu/crtbegin.o

.m_data_20000000
                0x20000000        0x0 load address 0x00004de4
                0x20000000                . = ALIGN (0x4)
                0x20000000                ___m_data_20000000_RAMStart = .
 *(.m_data_20000000)
                0x20000000                ___m_data_20000000_RAMEnd = .
                0x20000000                . = ALIGN (0x4)
                0x00000000                ___m_data_20000000_ROMSize = (___m_data_20000000_RAMEnd - ___m_data_20000000_RAMStart)
                0x20000000                . = ALIGN (0x4)

.bss            0x1fff0088     0x70f4 load address 0x00004de8
                0x1fff0088                __START_BSS = .
                0x1fff0088                PROVIDE (__bss_start__, __START_BSS)
 *(.bss)
 .bss           0x1fff0088       0x1c c:/freescale/kds_3.0.0/toolchain/bin/../lib/gcc/arm-none-eabi/4.8.4/armv7e-m/fpu/crtbegin.o
 *(.bss*)
 .bss.UserSemaphore
                0x1fff00a4       0x20 ./Sources/FTM.o
 .bss.occupiedBytes.5646
                0x1fff00c4        0x1 ./Sources/Flash.o
 *fill*         0x1fff00c5        0x3 
 .bss.ReadCompleteSemaphore
                0x1fff00c8        0x4 ./Sources/I2C.o
 .bss.I2CAccess
                0x1fff00cc        0x4 ./Sources/I2C.o
 .bss.SlaveDeviceReadAddress
                0x1fff00d0        0x1 ./Sources/I2C.o
 .bss.NbBytes   0x1fff00d1        0x1 ./Sources/I2C.o
 *fill*         0x1fff00d2        0x2 
 .bss.DataPtr   0x1fff00d4        0x4 ./Sources/I2C.o
 .bss.stage.6666
                0x1fff00d8        0x1 ./Sources/I2C.o
 .bss.readCount.6667
                0x1fff00d9        0x1 ./Sources/I2C.o
 *fill*         0x1fff00da        0x2 
 .bss.ModuleClk
                0x1fff00dc        0x4 ./Sources/PIT.o
 .bss.UserFunction
                0x1fff00e0        0x4 ./Sources/PIT.o
 .bss.UserArguments
                0x1fff00e4        0x4 ./Sources/PIT.o
 .bss.ReadSemaphore
                0x1fff00e8        0x4 ./Sources/RTC.o
 *fill*         0x1fff00ec        0x4 
 .bss.RxUARTThreadStack
                0x1fff00f0      0x7d0 ./Sources/UART.o
 .bss.TxUARTThreadStack
                0x1fff08c0      0x7d0 ./Sources/UART.o
 .bss.DataReadySemaphore
                0x1fff1090        0x4 ./Sources/accel.o
 .bss.VoltageSamples
                0x1fff1094      0x188 ./Sources/main.o
 .bss.RMS       0x1fff121c        0x8 ./Sources/main.o
 .bss.TimingMode
                0x1fff1224        0x2 ./Sources/main.o
 *fill*         0x1fff1226        0x2 
 .bss.SamplePeriod
                0x1fff1228        0x4 ./Sources/main.o
 .bss.NewSamplePeriod
                0x1fff122c        0x4 ./Sources/main.o
 .bss.LEDOffSemaphore
                0x1fff1230        0x4 ./Sources/main.o
 .bss.RTCReadSemaphore
                0x1fff1234        0x4 ./Sources/main.o
 .bss.FrequencyTrackSemaphore
                0x1fff1238        0x4 ./Sources/main.o
 .bss.LogRaisesSemaphore
                0x1fff123c        0x4 ./Sources/main.o
 .bss.LogLowersSemaphore
                0x1fff1240        0x4 ./Sources/main.o
 .bss.FlashAccessMutex
                0x1fff1244        0x4 ./Sources/main.o
 .bss.InitModulesThreadStack
                0x1fff1248      0x7d0 ./Sources/main.o
 .bss.RTCThreadStack
                0x1fff1a18      0x7d0 ./Sources/main.o
 .bss.FTMLEDsOffThreadStack
                0x1fff21e8      0x7d0 ./Sources/main.o
 .bss.FrequencyTrackThreadStack
                0x1fff29b8      0x7d0 ./Sources/main.o
 .bss.PacketThreadStack
                0x1fff3188      0x7d0 ./Sources/main.o
 .bss.LogRaisesThreadStack
                0x1fff3958      0x7d0 ./Sources/main.o
 .bss.LogLowersThreadStack
                0x1fff4128      0x7d0 ./Sources/main.o
 .bss.RMSThreadStacks
                0x1fff48f8     0x1770 ./Sources/main.o
 .bss.phase.7490
                0x1fff6068        0x1 ./Sources/main.o
 *fill*         0x1fff6069        0x3 
 .bss.PacketPutAccess
                0x1fff606c        0x4 ./Sources/packet.o
 .bss.SR_lock   0x1fff6070        0x1 ./Generated_Code/Cpu.o
                0x1fff6070                SR_lock
 *fill*         0x1fff6071        0x3 
 .bss.TCBUnusedMain
                0x1fff6074       0x18 D:\Embedded Software US\es18aut13\Project\Library\libOS.a(OS.o)
 .bss.TCBTable  0x1fff608c      0x300 D:\Embedded Software US\es18aut13\Project\Library\libOS.a(OS.o)
 .bss.pTCBFreeList
                0x1fff638c        0x4 D:\Embedded Software US\es18aut13\Project\Library\libOS.a(OS.o)
 .bss.pTCBAllocatedList
                0x1fff6390        0x4 D:\Embedded Software US\es18aut13\Project\Library\libOS.a(OS.o)
 .bss.pTCBPriorityTable
                0x1fff6394       0x80 D:\Embedded Software US\es18aut13\Project\Library\libOS.a(OS.o)
 .bss.pTCBRunning
                0x1fff6414        0x4 D:\Embedded Software US\es18aut13\Project\Library\libOS.a(OS.o)
 .bss.pTCBHighestReady
                0x1fff6418        0x4 D:\Embedded Software US\es18aut13\Project\Library\libOS.a(OS.o)
 .bss.ReadyList
                0x1fff641c        0x4 D:\Embedded Software US\es18aut13\Project\Library\libOS.a(OS.o)
 .bss.ECBTable  0x1fff6420      0x100 D:\Embedded Software US\es18aut13\Project\Library\libOS.a(OS.o)
 .bss.NextECBFree
                0x1fff6520        0x1 D:\Embedded Software US\es18aut13\Project\Library\libOS.a(OS.o)
 *fill*         0x1fff6521        0x3 
 .bss.IdleCounter
                0x1fff6524        0x4 D:\Embedded Software US\es18aut13\Project\Library\libOS.a(OS.o)
 .bss.IdleStack
                0x1fff6528      0x400 D:\Embedded Software US\es18aut13\Project\Library\libOS.a(OS.o)
 .bss.Ticks     0x1fff6928        0x4 D:\Embedded Software US\es18aut13\Project\Library\libOS.a(OS.o)
 .bss.ToggleCntr
                0x1fff692c        0x4 D:\Embedded Software US\es18aut13\Project\Library\libOS.a(OS.o)
 .bss.ToggleLED
                0x1fff6930        0x1 D:\Embedded Software US\es18aut13\Project\Library\libOS.a(OS.o)
 .bss.ISRNestLevel
                0x1fff6931        0x1 D:\Embedded Software US\es18aut13\Project\Library\libOS.a(OS.o)
 *fill*         0x1fff6932        0x2 
 .bss.ADCCommandUnion
                0x1fff6934        0x4 D:\Embedded Software US\es18aut13\Project\Library\libAnalog.a(analog.o)
 *(COMMON)
 COMMON         0x1fff6938      0x824 ./Sources/UART.o
                0x1fff6938                DummyRead
                0x1fff693c                TxFIFO
                0x1fff6d48                RxFIFO
                0x1fff7154                RxUARTSemaphore
                0x1fff7158                TxUARTSemaphore
 COMMON         0x1fff715c       0x14 ./Sources/main.o
                0x1fff715c                NvTowerMd
                0x1fff7160                NvTowerNb
                0x1fff7164                NvTimingMd
                0x1fff7168                NvNbRaises
                0x1fff716c                NvNbLowers
 COMMON         0x1fff7170        0x5 ./Sources/packet.o
                0x1fff7170                Packet
 COMMON         0x1fff7175        0x1 ./Generated_Code/Cpu.o
                0x1fff7175                SR_reg
 *fill*         0x1fff7176        0x2 
 COMMON         0x1fff7178        0x4 D:\Embedded Software US\es18aut13\Project\Library\libAnalog.a(analog.o)
                0x1fff7178                DACInput
                0x1fff717c                . = ALIGN (0x4)
                0x1fff717c                __END_BSS = .
                0x1fff717c                PROVIDE (__bss_end__, __END_BSS)
                0x00004de4                _romp_at = ((___ROM_AT + SIZEOF (.data)) + SIZEOF (.m_data_20000000))

.romp           0x1fff717c       0x24 load address 0x00004de4
                0x00004de4                __S_romp = _romp_at
                0x1fff717c        0x4 LONG 0x4d5c ___ROM_AT
                0x1fff7180        0x4 LONG 0x1fff0000 _sdata
                0x1fff7184        0x4 LONG 0x88 ___data_size
                0x1fff7188        0x4 LONG 0x4de4 ___m_data_20000000_ROMStart
                0x1fff718c        0x4 LONG 0x20000000 ___m_data_20000000_RAMStart
                0x1fff7190        0x4 LONG 0x0 ___m_data_20000000_ROMSize
                0x1fff7194        0x4 LONG 0x0
                0x1fff7198        0x4 LONG 0x0
                0x1fff719c        0x4 LONG 0x0

._user_heap_stack
                0x1fff71a0      0x400 load address 0x00004e08
                0x1fff71a0                . = ALIGN (0x4)
                0x1fff71a0                PROVIDE (end, .)
                0x1fff71a0                PROVIDE (_end, .)
                0x1fff71a0                __heap_addr = .
                0x1fff71a0                __HeapBase = .
                0x1fff71a0                . = (. + __heap_size)
                0x1fff71a0                __HeapLimit = .
                0x1fff75a0                . = (. + __stack_size)
 *fill*         0x1fff71a0      0x400 
                0x1fff75a0                . = ALIGN (0x4)

.ARM.attributes
                0x00000000       0x30
 *(.ARM.attributes)
 .ARM.attributes
                0x00000000       0x22 c:/freescale/kds_3.0.0/toolchain/bin/../lib/gcc/arm-none-eabi/4.8.4/armv7e-m/fpu/crti.o
 .ARM.attributes
                0x00000022       0x34 c:/freescale/kds_3.0.0/toolchain/bin/../lib/gcc/arm-none-eabi/4.8.4/armv7e-m/fpu/crtbegin.o
 .ARM.attributes
                0x00000056       0x20 c:/freescale/kds_3.0.0/toolchain/bin/../lib/gcc/arm-none-eabi/4.8.4/../../../../arm-none-eabi/lib/armv7e-m/fpu/crt0.o
 .ARM.attributes
                0x00000076       0x39 ./Sources/FIFO.o
 .ARM.attributes
                0x000000af       0x39 ./Sources/FTM.o
 .ARM.attributes
                0x000000e8       0x39 ./Sources/Flash.o
 .ARM.attributes
                0x00000121       0x39 ./Sources/I2C.o
 .ARM.attributes
                0x0000015a       0x39 ./Sources/LEDs.o
 .ARM.attributes
                0x00000193       0x39 ./Sources/PIT.o
 .ARM.attributes
                0x000001cc       0x39 ./Sources/RTC.o
 .ARM.attributes
                0x00000205       0x39 ./Sources/UART.o
 .ARM.attributes
                0x0000023e       0x39 ./Sources/accel.o
 .ARM.attributes
                0x00000277       0x39 ./Sources/main.o
 .ARM.attributes
                0x000002b0       0x39 ./Sources/packet.o
 .ARM.attributes
                0x000002e9       0x39 ./Project_Settings/Startup_Code/startup.o
 .ARM.attributes
                0x00000322       0x39 ./Generated_Code/Cpu.o
 .ARM.attributes
                0x0000035b       0x39 ./Generated_Code/Vectors.o
 .ARM.attributes
                0x00000394       0x39 D:\Embedded Software US\es18aut13\Project\Library\libOS.a(OS.o)
 .ARM.attributes
                0x000003cd       0x39 D:\Embedded Software US\es18aut13\Project\Library\libAnalog.a(analog.o)
 .ARM.attributes
                0x00000406       0x39 D:\Embedded Software US\es18aut13\Project\Library\libAnalog.a(SPI.o)
 .ARM.attributes
                0x0000043f       0x34 c:/freescale/kds_3.0.0/toolchain/bin/../lib/gcc/arm-none-eabi/4.8.4/../../../../arm-none-eabi/lib/armv7e-m/fpu\libm.a(lib_a-wf_sqrt.o)
 .ARM.attributes
                0x00000473       0x34 c:/freescale/kds_3.0.0/toolchain/bin/../lib/gcc/arm-none-eabi/4.8.4/../../../../arm-none-eabi/lib/armv7e-m/fpu\libm.a(lib_a-ef_sqrt.o)
 .ARM.attributes
                0x000004a7       0x34 c:/freescale/kds_3.0.0/toolchain/bin/../lib/gcc/arm-none-eabi/4.8.4/../../../../arm-none-eabi/lib/armv7e-m/fpu\libm.a(lib_a-s_lib_ver.o)
 .ARM.attributes
                0x000004db       0x34 c:/freescale/kds_3.0.0/toolchain/bin/../lib/gcc/arm-none-eabi/4.8.4/../../../../arm-none-eabi/lib/armv7e-m/fpu\libm.a(lib_a-s_matherr.o)
 .ARM.attributes
                0x0000050f       0x34 c:/freescale/kds_3.0.0/toolchain/bin/../lib/gcc/arm-none-eabi/4.8.4/../../../../arm-none-eabi/lib/armv7e-m/fpu\libm.a(lib_a-sf_fpclassify.o)
 .ARM.attributes
                0x00000543       0x22 c:/freescale/kds_3.0.0/toolchain/bin/../lib/gcc/arm-none-eabi/4.8.4/armv7e-m/fpu\libgcc.a(_arm_addsubdf3.o)
 .ARM.attributes
                0x00000565       0x22 c:/freescale/kds_3.0.0/toolchain/bin/../lib/gcc/arm-none-eabi/4.8.4/armv7e-m/fpu\libgcc.a(_arm_muldivdf3.o)
 .ARM.attributes
                0x00000587       0x22 c:/freescale/kds_3.0.0/toolchain/bin/../lib/gcc/arm-none-eabi/4.8.4/armv7e-m/fpu\libgcc.a(_arm_truncdfsf2.o)
 .ARM.attributes
                0x000005a9       0x34 c:/freescale/kds_3.0.0/toolchain/bin/../lib/gcc/arm-none-eabi/4.8.4/../../../../arm-none-eabi/lib/armv7e-m/fpu\libg_s.a(lib_a-errno.o)
 .ARM.attributes
                0x000005dd       0x34 c:/freescale/kds_3.0.0/toolchain/bin/../lib/gcc/arm-none-eabi/4.8.4/../../../../arm-none-eabi/lib/armv7e-m/fpu\libg_s.a(lib_a-exit.o)
 .ARM.attributes
                0x00000611       0x34 c:/freescale/kds_3.0.0/toolchain/bin/../lib/gcc/arm-none-eabi/4.8.4/../../../../arm-none-eabi/lib/armv7e-m/fpu\libg_s.a(lib_a-impure.o)
 .ARM.attributes
                0x00000645       0x34 c:/freescale/kds_3.0.0/toolchain/bin/../lib/gcc/arm-none-eabi/4.8.4/../../../../arm-none-eabi/lib/armv7e-m/fpu\libg_s.a(lib_a-init.o)
 .ARM.attributes
                0x00000679       0x34 c:/freescale/kds_3.0.0/toolchain/bin/../lib/gcc/arm-none-eabi/4.8.4/../../../../arm-none-eabi/lib/armv7e-m/fpu\libg_s.a(lib_a-memcpy-stub.o)
 .ARM.attributes
                0x000006ad       0x34 c:/freescale/kds_3.0.0/toolchain/bin/../lib/gcc/arm-none-eabi/4.8.4/../../../../arm-none-eabi/lib/armv7e-m/fpu\libg_s.a(lib_a-memset.o)
 .ARM.attributes
                0x000006e1       0x34 c:/freescale/kds_3.0.0/toolchain/bin/../lib/gcc/arm-none-eabi/4.8.4/../../../../arm-none-eabi/lib/armv7e-m/fpu\libnosys.a(_exit.o)
 .ARM.attributes
                0x00000715       0x22 c:/freescale/kds_3.0.0/toolchain/bin/../lib/gcc/arm-none-eabi/4.8.4/armv7e-m/fpu/crtn.o
OUTPUT(Project.elf elf32-littlearm)

.debug_info     0x00000000     0x7c6f
 .debug_info    0x00000000      0x20b ./Sources/FIFO.o
 .debug_info    0x0000020b      0x797 ./Sources/FTM.o
 .debug_info    0x000009a2      0x671 ./Sources/Flash.o
 .debug_info    0x00001013      0x8fb ./Sources/I2C.o
 .debug_info    0x0000190e      0x490 ./Sources/LEDs.o
 .debug_info    0x00001d9e      0x5d0 ./Sources/PIT.o
 .debug_info    0x0000236e      0x632 ./Sources/RTC.o
 .debug_info    0x000029a0      0xa80 ./Sources/UART.o
 .debug_info    0x00003420      0x9af ./Sources/accel.o
 .debug_info    0x00003dcf      0xe94 ./Sources/main.o
 .debug_info    0x00004c63      0x2ff ./Sources/packet.o
 .debug_info    0x00004f62      0x3b0 ./Project_Settings/Startup_Code/startup.o
 .debug_info    0x00005312      0xc82 ./Generated_Code/Cpu.o
 .debug_info    0x00005f94      0x10f ./Generated_Code/Vectors.o
 .debug_info    0x000060a3      0xd02 D:\Embedded Software US\es18aut13\Project\Library\libOS.a(OS.o)
 .debug_info    0x00006da5      0x46a D:\Embedded Software US\es18aut13\Project\Library\libAnalog.a(analog.o)
 .debug_info    0x0000720f      0xa60 D:\Embedded Software US\es18aut13\Project\Library\libAnalog.a(SPI.o)

.debug_abbrev   0x00000000     0x1bd3
 .debug_abbrev  0x00000000       0xce ./Sources/FIFO.o
 .debug_abbrev  0x000000ce      0x1d2 ./Sources/FTM.o
 .debug_abbrev  0x000002a0      0x1cc ./Sources/Flash.o
 .debug_abbrev  0x0000046c      0x1fb ./Sources/I2C.o
 .debug_abbrev  0x00000667      0x144 ./Sources/LEDs.o
 .debug_abbrev  0x000007ab      0x188 ./Sources/PIT.o
 .debug_abbrev  0x00000933      0x168 ./Sources/RTC.o
 .debug_abbrev  0x00000a9b      0x232 ./Sources/UART.o
 .debug_abbrev  0x00000ccd      0x207 ./Sources/accel.o
 .debug_abbrev  0x00000ed4      0x243 ./Sources/main.o
 .debug_abbrev  0x00001117       0xec ./Sources/packet.o
 .debug_abbrev  0x00001203      0x189 ./Project_Settings/Startup_Code/startup.o
 .debug_abbrev  0x0000138c      0x185 ./Generated_Code/Cpu.o
 .debug_abbrev  0x00001511       0xa4 ./Generated_Code/Vectors.o
 .debug_abbrev  0x000015b5      0x2f8 D:\Embedded Software US\es18aut13\Project\Library\libOS.a(OS.o)
 .debug_abbrev  0x000018ad      0x151 D:\Embedded Software US\es18aut13\Project\Library\libAnalog.a(analog.o)
 .debug_abbrev  0x000019fe      0x1d5 D:\Embedded Software US\es18aut13\Project\Library\libAnalog.a(SPI.o)

.debug_aranges  0x00000000      0x570
 .debug_aranges
                0x00000000       0x30 ./Sources/FIFO.o
 .debug_aranges
                0x00000030       0x38 ./Sources/FTM.o
 .debug_aranges
                0x00000068       0x60 ./Sources/Flash.o
 .debug_aranges
                0x000000c8       0x70 ./Sources/I2C.o
 .debug_aranges
                0x00000138       0x38 ./Sources/LEDs.o
 .debug_aranges
                0x00000170       0x38 ./Sources/PIT.o
 .debug_aranges
                0x000001a8       0x38 ./Sources/RTC.o
 .debug_aranges
                0x000001e0       0x48 ./Sources/UART.o
 .debug_aranges
                0x00000228       0x38 ./Sources/accel.o
 .debug_aranges
                0x00000260       0xe8 ./Sources/main.o
 .debug_aranges
                0x00000348       0x30 ./Sources/packet.o
 .debug_aranges
                0x00000378       0x50 ./Project_Settings/Startup_Code/startup.o
 .debug_aranges
                0x000003c8       0x38 ./Generated_Code/Cpu.o
 .debug_aranges
                0x00000400       0x18 ./Generated_Code/Vectors.o
 .debug_aranges
                0x00000418       0xc8 D:\Embedded Software US\es18aut13\Project\Library\libOS.a(OS.o)
 .debug_aranges
                0x000004e0       0x38 D:\Embedded Software US\es18aut13\Project\Library\libAnalog.a(analog.o)
 .debug_aranges
                0x00000518       0x58 D:\Embedded Software US\es18aut13\Project\Library\libAnalog.a(SPI.o)

.debug_ranges   0x00000000      0x458
 .debug_ranges  0x00000000       0x20 ./Sources/FIFO.o
 .debug_ranges  0x00000020       0x28 ./Sources/FTM.o
 .debug_ranges  0x00000048       0x50 ./Sources/Flash.o
 .debug_ranges  0x00000098       0x60 ./Sources/I2C.o
 .debug_ranges  0x000000f8       0x28 ./Sources/LEDs.o
 .debug_ranges  0x00000120       0x28 ./Sources/PIT.o
 .debug_ranges  0x00000148       0x28 ./Sources/RTC.o
 .debug_ranges  0x00000170       0x38 ./Sources/UART.o
 .debug_ranges  0x000001a8       0x28 ./Sources/accel.o
 .debug_ranges  0x000001d0       0xd8 ./Sources/main.o
 .debug_ranges  0x000002a8       0x20 ./Sources/packet.o
 .debug_ranges  0x000002c8       0x40 ./Project_Settings/Startup_Code/startup.o
 .debug_ranges  0x00000308       0x28 ./Generated_Code/Cpu.o
 .debug_ranges  0x00000330       0xb8 D:\Embedded Software US\es18aut13\Project\Library\libOS.a(OS.o)
 .debug_ranges  0x000003e8       0x28 D:\Embedded Software US\es18aut13\Project\Library\libAnalog.a(analog.o)
 .debug_ranges  0x00000410       0x48 D:\Embedded Software US\es18aut13\Project\Library\libAnalog.a(SPI.o)

.debug_macro    0x00000000    0x1a983
 .debug_macro   0x00000000       0xaf ./Sources/FIFO.o
 .debug_macro   0x000000af       0x22 ./Sources/FIFO.o
 .debug_macro   0x000000d1       0x3c ./Sources/FIFO.o
 .debug_macro   0x0000010d     0x1800 ./Sources/FIFO.o
 .debug_macro   0x0000190d       0xa9 ./Sources/FTM.o
 .debug_macro   0x000019b6       0x76 ./Sources/Flash.o
 .debug_macro   0x00001a2c       0x16 ./Sources/Flash.o
 .debug_macro   0x00001a42    0x174af ./Sources/Flash.o
 .debug_macro   0x00018ef1       0x2e ./Sources/Flash.o
 .debug_macro   0x00018f1f       0xad ./Sources/I2C.o
 .debug_macro   0x00018fcc       0x6d ./Sources/LEDs.o
 .debug_macro   0x00019039       0xc2 ./Sources/PIT.o
 .debug_macro   0x000190fb       0x10 ./Sources/PIT.o
 .debug_macro   0x0001910b       0xa9 ./Sources/RTC.o
 .debug_macro   0x000191b4       0xbd ./Sources/UART.o
 .debug_macro   0x00019271      0x211 ./Sources/accel.o
 .debug_macro   0x00019482       0x9a ./Sources/accel.o
 .debug_macro   0x0001951c      0x205 ./Sources/main.o
 .debug_macro   0x00019721       0x10 ./Sources/main.o
 .debug_macro   0x00019731       0x3a ./Sources/main.o
 .debug_macro   0x0001976b       0x58 ./Sources/main.o
 .debug_macro   0x000197c3       0x35 ./Sources/main.o
 .debug_macro   0x000197f8       0xa3 ./Sources/main.o
 .debug_macro   0x0001989b      0x166 ./Sources/main.o
 .debug_macro   0x00019a01       0x52 ./Sources/main.o
 .debug_macro   0x00019a53       0x16 ./Sources/main.o
 .debug_macro   0x00019a69       0x43 ./Sources/main.o
 .debug_macro   0x00019aac      0x180 ./Sources/main.o
 .debug_macro   0x00019c2c       0xde ./Sources/main.o
 .debug_macro   0x00019d0a       0xc2 ./Sources/packet.o
 .debug_macro   0x00019dcc      0x121 ./Project_Settings/Startup_Code/startup.o
 .debug_macro   0x00019eed       0x4a ./Project_Settings/Startup_Code/startup.o
 .debug_macro   0x00019f37      0x2a6 ./Project_Settings/Startup_Code/startup.o
 .debug_macro   0x0001a1dd       0x10 ./Project_Settings/Startup_Code/startup.o
 .debug_macro   0x0001a1ed       0x35 ./Project_Settings/Startup_Code/startup.o
 .debug_macro   0x0001a222       0x16 ./Project_Settings/Startup_Code/startup.o
 .debug_macro   0x0001a238       0x22 ./Project_Settings/Startup_Code/startup.o
 .debug_macro   0x0001a25a      0x20f ./Project_Settings/Startup_Code/startup.o
 .debug_macro   0x0001a469       0x84 ./Generated_Code/Cpu.o
 .debug_macro   0x0001a4ed       0xa0 ./Generated_Code/Cpu.o
 .debug_macro   0x0001a58d       0xec ./Generated_Code/Vectors.o
 .debug_macro   0x0001a679       0x36 ./Generated_Code/Vectors.o
 .debug_macro   0x0001a6af       0xa3 D:\Embedded Software US\es18aut13\Project\Library\libOS.a(OS.o)
 .debug_macro   0x0001a752       0x94 D:\Embedded Software US\es18aut13\Project\Library\libOS.a(OS.o)
 .debug_macro   0x0001a7e6       0x30 D:\Embedded Software US\es18aut13\Project\Library\libOS.a(OS.o)
 .debug_macro   0x0001a816       0xf5 D:\Embedded Software US\es18aut13\Project\Library\libAnalog.a(analog.o)
 .debug_macro   0x0001a90b       0x10 D:\Embedded Software US\es18aut13\Project\Library\libAnalog.a(analog.o)
 .debug_macro   0x0001a91b       0x68 D:\Embedded Software US\es18aut13\Project\Library\libAnalog.a(SPI.o)

.debug_line     0x00000000     0x38d0
 .debug_line    0x00000000      0x2c5 ./Sources/FIFO.o
 .debug_line    0x000002c5      0x307 ./Sources/FTM.o
 .debug_line    0x000005cc      0x2d3 ./Sources/Flash.o
 .debug_line    0x0000089f      0x3f9 ./Sources/I2C.o
 .debug_line    0x00000c98      0x225 ./Sources/LEDs.o
 .debug_line    0x00000ebd      0x332 ./Sources/PIT.o
 .debug_line    0x000011ef      0x2ea ./Sources/RTC.o
 .debug_line    0x000014d9      0x341 ./Sources/UART.o
 .debug_line    0x0000181a      0x329 ./Sources/accel.o
 .debug_line    0x00001b43      0x83b ./Sources/main.o
 .debug_line    0x0000237e      0x2de ./Sources/packet.o
 .debug_line    0x0000265c      0x3d4 ./Project_Settings/Startup_Code/startup.o
 .debug_line    0x00002a30      0x27b ./Generated_Code/Cpu.o
 .debug_line    0x00002cab      0x2bc ./Generated_Code/Vectors.o
 .debug_line    0x00002f67      0x496 D:\Embedded Software US\es18aut13\Project\Library\libOS.a(OS.o)
 .debug_line    0x000033fd      0x200 D:\Embedded Software US\es18aut13\Project\Library\libAnalog.a(analog.o)
 .debug_line    0x000035fd      0x2d3 D:\Embedded Software US\es18aut13\Project\Library\libAnalog.a(SPI.o)

.debug_str      0x00000000    0x903af
 .debug_str     0x00000000    0x8a680 ./Sources/FIFO.o
                              0x8a7fe (size before relaxing)
 .debug_str     0x0008a680      0x3b0 ./Sources/FTM.o
                              0x8ab40 (size before relaxing)
 .debug_str     0x0008aa30      0x3a5 ./Sources/Flash.o
                              0x83106 (size before relaxing)
 .debug_str     0x0008add5      0x222 ./Sources/I2C.o
                              0x8ab06 (size before relaxing)
 .debug_str     0x0008aff7       0xa6 ./Sources/LEDs.o
                              0x82eec (size before relaxing)
 .debug_str     0x0008b09d      0x11e ./Sources/PIT.o
                              0x8a9de (size before relaxing)
 .debug_str     0x0008b1bb       0x9d ./Sources/RTC.o
                              0x8a96b (size before relaxing)
 .debug_str     0x0008b258      0x235 ./Sources/UART.o
                              0x8abb0 (size before relaxing)
 .debug_str     0x0008b48d      0xa39 ./Sources/accel.o
                              0x8b4f2 (size before relaxing)
 .debug_str     0x0008bec6     0x24a8 ./Sources/main.o
                              0x8d1d7 (size before relaxing)
 .debug_str     0x0008e36e       0x4f ./Sources/packet.o
                              0x8aa8d (size before relaxing)
 .debug_str     0x0008e3bd     0x1147 ./Project_Settings/Startup_Code/startup.o
                              0x853f0 (size before relaxing)
 .debug_str     0x0008f504      0x1e3 ./Generated_Code/Cpu.o
                              0x8aa21 (size before relaxing)
 .debug_str     0x0008f6e7       0x1c ./Generated_Code/Vectors.o
                              0x8a7dd (size before relaxing)
 .debug_str     0x0008f703      0x3ab D:\Embedded Software US\es18aut13\Project\Library\libOS.a(OS.o)
                              0x8ad2a (size before relaxing)
 .debug_str     0x0008faae      0x564 D:\Embedded Software US\es18aut13\Project\Library\libAnalog.a(analog.o)
                               0x3866 (size before relaxing)
 .debug_str     0x00090012      0x39d D:\Embedded Software US\es18aut13\Project\Library\libAnalog.a(SPI.o)
                              0x83389 (size before relaxing)

.comment        0x00000000       0x70
 .comment       0x00000000       0x70 ./Sources/FIFO.o
                                 0x71 (size before relaxing)
 .comment       0x00000000       0x71 ./Sources/FTM.o
 .comment       0x00000000       0x71 ./Sources/Flash.o
 .comment       0x00000000       0x71 ./Sources/I2C.o
 .comment       0x00000000       0x71 ./Sources/LEDs.o
 .comment       0x00000000       0x71 ./Sources/PIT.o
 .comment       0x00000000       0x71 ./Sources/RTC.o
 .comment       0x00000000       0x71 ./Sources/UART.o
 .comment       0x00000000       0x71 ./Sources/accel.o
 .comment       0x00000000       0x71 ./Sources/main.o
 .comment       0x00000000       0x71 ./Sources/packet.o
 .comment       0x00000000       0x71 ./Project_Settings/Startup_Code/startup.o
 .comment       0x00000000       0x71 ./Generated_Code/Cpu.o
 .comment       0x00000000       0x71 ./Generated_Code/Vectors.o
 .comment       0x00000000       0x71 D:\Embedded Software US\es18aut13\Project\Library\libOS.a(OS.o)
 .comment       0x00000000       0x71 D:\Embedded Software US\es18aut13\Project\Library\libAnalog.a(analog.o)
 .comment       0x00000000       0x71 D:\Embedded Software US\es18aut13\Project\Library\libAnalog.a(SPI.o)

.debug_frame    0x00000000     0x10f0
 .debug_frame   0x00000000       0x70 ./Sources/FIFO.o
 .debug_frame   0x00000070       0x88 ./Sources/FTM.o
 .debug_frame   0x000000f8      0x128 ./Sources/Flash.o
 .debug_frame   0x00000220      0x148 ./Sources/I2C.o
 .debug_frame   0x00000368       0x7c ./Sources/LEDs.o
 .debug_frame   0x000003e4       0x8c ./Sources/PIT.o
 .debug_frame   0x00000470       0x8c ./Sources/RTC.o
 .debug_frame   0x000004fc       0xd4 ./Sources/UART.o
 .debug_frame   0x000005d0       0x94 ./Sources/accel.o
 .debug_frame   0x00000664      0x334 ./Sources/main.o
 .debug_frame   0x00000998       0x70 ./Sources/packet.o
 .debug_frame   0x00000a08       0xc0 ./Project_Settings/Startup_Code/startup.o
 .debug_frame   0x00000ac8       0x80 ./Generated_Code/Cpu.o
 .debug_frame   0x00000b48      0x2a0 D:\Embedded Software US\es18aut13\Project\Library\libOS.a(OS.o)
 .debug_frame   0x00000de8       0x90 D:\Embedded Software US\es18aut13\Project\Library\libAnalog.a(analog.o)
 .debug_frame   0x00000e78      0x100 D:\Embedded Software US\es18aut13\Project\Library\libAnalog.a(SPI.o)
 .debug_frame   0x00000f78       0x30 c:/freescale/kds_3.0.0/toolchain/bin/../lib/gcc/arm-none-eabi/4.8.4/../../../../arm-none-eabi/lib/armv7e-m/fpu\libm.a(lib_a-wf_sqrt.o)
 .debug_frame   0x00000fa8       0x2c c:/freescale/kds_3.0.0/toolchain/bin/../lib/gcc/arm-none-eabi/4.8.4/../../../../arm-none-eabi/lib/armv7e-m/fpu\libm.a(lib_a-ef_sqrt.o)
 .debug_frame   0x00000fd4       0x20 c:/freescale/kds_3.0.0/toolchain/bin/../lib/gcc/arm-none-eabi/4.8.4/../../../../arm-none-eabi/lib/armv7e-m/fpu\libm.a(lib_a-s_matherr.o)
 .debug_frame   0x00000ff4       0x20 c:/freescale/kds_3.0.0/toolchain/bin/../lib/gcc/arm-none-eabi/4.8.4/../../../../arm-none-eabi/lib/armv7e-m/fpu\libm.a(lib_a-sf_fpclassify.o)
 .debug_frame   0x00001014       0x20 c:/freescale/kds_3.0.0/toolchain/bin/../lib/gcc/arm-none-eabi/4.8.4/../../../../arm-none-eabi/lib/armv7e-m/fpu\libg_s.a(lib_a-errno.o)
 .debug_frame   0x00001034       0x28 c:/freescale/kds_3.0.0/toolchain/bin/../lib/gcc/arm-none-eabi/4.8.4/../../../../arm-none-eabi/lib/armv7e-m/fpu\libg_s.a(lib_a-exit.o)
 .debug_frame   0x0000105c       0x2c c:/freescale/kds_3.0.0/toolchain/bin/../lib/gcc/arm-none-eabi/4.8.4/../../../../arm-none-eabi/lib/armv7e-m/fpu\libg_s.a(lib_a-init.o)
 .debug_frame   0x00001088       0x28 c:/freescale/kds_3.0.0/toolchain/bin/../lib/gcc/arm-none-eabi/4.8.4/../../../../arm-none-eabi/lib/armv7e-m/fpu\libg_s.a(lib_a-memcpy-stub.o)
 .debug_frame   0x000010b0       0x20 c:/freescale/kds_3.0.0/toolchain/bin/../lib/gcc/arm-none-eabi/4.8.4/../../../../arm-none-eabi/lib/armv7e-m/fpu\libg_s.a(lib_a-memset.o)
 .debug_frame   0x000010d0       0x20 c:/freescale/kds_3.0.0/toolchain/bin/../lib/gcc/arm-none-eabi/4.8.4/../../../../arm-none-eabi/lib/armv7e-m/fpu\libnosys.a(_exit.o)
