Archive member included because of file (symbol)

C:\Users\12551519\Desktop\git\Project\Library\libOS.a(OS.o)
                              ./Sources/main.o (OS_Init)
C:\Users\12551519\Desktop\git\Project\Library\libAnalog.a(analog.o)
                              ./Sources/main.o (Analog_Init)
C:\Users\12551519\Desktop\git\Project\Library\libAnalog.a(SPI.o)
                              C:\Users\12551519\Desktop\git\Project\Library\libAnalog.a(analog.o) (SPI_Init)
c:/freescale/kds_3.0.0/toolchain/bin/../lib/gcc/arm-none-eabi/4.8.4/../../../../arm-none-eabi/lib/armv7e-m/fpu\libm.a(lib_a-w_sqrt.o)
                              ./Sources/main.o (sqrt)
c:/freescale/kds_3.0.0/toolchain/bin/../lib/gcc/arm-none-eabi/4.8.4/../../../../arm-none-eabi/lib/armv7e-m/fpu\libm.a(lib_a-e_sqrt.o)
                              c:/freescale/kds_3.0.0/toolchain/bin/../lib/gcc/arm-none-eabi/4.8.4/../../../../arm-none-eabi/lib/armv7e-m/fpu\libm.a(lib_a-w_sqrt.o) (__ieee754_sqrt)
c:/freescale/kds_3.0.0/toolchain/bin/../lib/gcc/arm-none-eabi/4.8.4/../../../../arm-none-eabi/lib/armv7e-m/fpu\libm.a(lib_a-s_fpclassify.o)
                              c:/freescale/kds_3.0.0/toolchain/bin/../lib/gcc/arm-none-eabi/4.8.4/../../../../arm-none-eabi/lib/armv7e-m/fpu\libm.a(lib_a-w_sqrt.o) (__fpclassifyd)
c:/freescale/kds_3.0.0/toolchain/bin/../lib/gcc/arm-none-eabi/4.8.4/../../../../arm-none-eabi/lib/armv7e-m/fpu\libm.a(lib_a-s_lib_ver.o)
                              c:/freescale/kds_3.0.0/toolchain/bin/../lib/gcc/arm-none-eabi/4.8.4/../../../../arm-none-eabi/lib/armv7e-m/fpu\libm.a(lib_a-w_sqrt.o) (__fdlib_version)
c:/freescale/kds_3.0.0/toolchain/bin/../lib/gcc/arm-none-eabi/4.8.4/../../../../arm-none-eabi/lib/armv7e-m/fpu\libm.a(lib_a-s_matherr.o)
                              c:/freescale/kds_3.0.0/toolchain/bin/../lib/gcc/arm-none-eabi/4.8.4/../../../../arm-none-eabi/lib/armv7e-m/fpu\libm.a(lib_a-w_sqrt.o) (matherr)
c:/freescale/kds_3.0.0/toolchain/bin/../lib/gcc/arm-none-eabi/4.8.4/armv7e-m/fpu\libgcc.a(_arm_addsubdf3.o)
                              c:/freescale/kds_3.0.0/toolchain/bin/../lib/gcc/arm-none-eabi/4.8.4/../../../../arm-none-eabi/lib/armv7e-m/fpu\libm.a(lib_a-e_sqrt.o) (__aeabi_dsub)
c:/freescale/kds_3.0.0/toolchain/bin/../lib/gcc/arm-none-eabi/4.8.4/armv7e-m/fpu\libgcc.a(_arm_muldivdf3.o)
                              c:/freescale/kds_3.0.0/toolchain/bin/../lib/gcc/arm-none-eabi/4.8.4/../../../../arm-none-eabi/lib/armv7e-m/fpu\libm.a(lib_a-e_sqrt.o) (__aeabi_dmul)
c:/freescale/kds_3.0.0/toolchain/bin/../lib/gcc/arm-none-eabi/4.8.4/armv7e-m/fpu\libgcc.a(_arm_cmpdf2.o)
                              c:/freescale/kds_3.0.0/toolchain/bin/../lib/gcc/arm-none-eabi/4.8.4/../../../../arm-none-eabi/lib/armv7e-m/fpu\libm.a(lib_a-w_sqrt.o) (__aeabi_dcmplt)
c:/freescale/kds_3.0.0/toolchain/bin/../lib/gcc/arm-none-eabi/4.8.4/armv7e-m/fpu\libgcc.a(_arm_truncdfsf2.o)
                              ./Sources/main.o (__aeabi_d2f)
c:/freescale/kds_3.0.0/toolchain/bin/../lib/gcc/arm-none-eabi/4.8.4/armv7e-m/fpu\libgcc.a(_arm_addsubsf3.o)
                              ./Sources/main.o (__aeabi_ul2f)
c:/freescale/kds_3.0.0/toolchain/bin/../lib/gcc/arm-none-eabi/4.8.4/armv7e-m/fpu\libgcc.a(_fixunssfdi.o)
                              ./Sources/main.o (__aeabi_f2ulz)
c:/freescale/kds_3.0.0/toolchain/bin/../lib/gcc/arm-none-eabi/4.8.4/armv7e-m/fpu\libgcc.a(_arm_fixunsdfsi.o)
                              c:/freescale/kds_3.0.0/toolchain/bin/../lib/gcc/arm-none-eabi/4.8.4/armv7e-m/fpu\libgcc.a(_fixunssfdi.o) (__aeabi_d2uiz)
c:/freescale/kds_3.0.0/toolchain/bin/../lib/gcc/arm-none-eabi/4.8.4/../../../../arm-none-eabi/lib/armv7e-m/fpu\libg_s.a(lib_a-errno.o)
                              c:/freescale/kds_3.0.0/toolchain/bin/../lib/gcc/arm-none-eabi/4.8.4/../../../../arm-none-eabi/lib/armv7e-m/fpu\libm.a(lib_a-w_sqrt.o) (__errno)
c:/freescale/kds_3.0.0/toolchain/bin/../lib/gcc/arm-none-eabi/4.8.4/../../../../arm-none-eabi/lib/armv7e-m/fpu\libg_s.a(lib_a-exit.o)
                              c:/freescale/kds_3.0.0/toolchain/bin/../lib/gcc/arm-none-eabi/4.8.4/../../../../arm-none-eabi/lib/armv7e-m/fpu/crt0.o (exit)
c:/freescale/kds_3.0.0/toolchain/bin/../lib/gcc/arm-none-eabi/4.8.4/../../../../arm-none-eabi/lib/armv7e-m/fpu\libg_s.a(lib_a-impure.o)
                              c:/freescale/kds_3.0.0/toolchain/bin/../lib/gcc/arm-none-eabi/4.8.4/../../../../arm-none-eabi/lib/armv7e-m/fpu\libg_s.a(lib_a-exit.o) (_global_impure_ptr)
c:/freescale/kds_3.0.0/toolchain/bin/../lib/gcc/arm-none-eabi/4.8.4/../../../../arm-none-eabi/lib/armv7e-m/fpu\libg_s.a(lib_a-init.o)
                              c:/freescale/kds_3.0.0/toolchain/bin/../lib/gcc/arm-none-eabi/4.8.4/../../../../arm-none-eabi/lib/armv7e-m/fpu/crt0.o (__libc_init_array)
c:/freescale/kds_3.0.0/toolchain/bin/../lib/gcc/arm-none-eabi/4.8.4/../../../../arm-none-eabi/lib/armv7e-m/fpu\libg_s.a(lib_a-memset.o)
[...]
Memory Configuration

Name             Origin             Length             Attributes
m_interrupts     0x00000000         0x000001e8         xr
m_text           0x00000410         0x0007fbf0         xr
m_data           0x1fff0000         0x00010000         rw
m_data_20000000  0x20000000         0x00010000         rw
m_cfmprotrom     0x00000400         0x00000010         xr
*default*        0x00000000         0xffffffff

Linker script and memory map

LOAD c:/freescale/kds_3.0.0/toolchain/bin/../lib/gcc/arm-none-eabi/4.8.4/armv7e-m/fpu/crti.o
LOAD c:/freescale/kds_3.0.0/toolchain/bin/../lib/gcc/arm-none-eabi/4.8.4/armv7e-m/fpu/crtbegin.o
LOAD c:/freescale/kds_3.0.0/toolchain/bin/../lib/gcc/arm-none-eabi/4.8.4/../../../../arm-none-eabi/lib/armv7e-m/fpu/crt0.o
LOAD ./Sources/Events.o
LOAD ./Sources/FIFO.o
LOAD ./Sources/FTM.o
LOAD ./Sources/Flash.o
LOAD ./Sources/LEDs.o
LOAD ./Sources/PIT.o
LOAD ./Sources/RTC.o
LOAD ./Sources/UART.o
LOAD ./Sources/main.o
LOAD ./Sources/packet.o
LOAD ./Project_Settings/Startup_Code/startup.o
LOAD ./Generated_Code/Cpu.o
LOAD ./Generated_Code/Vectors.o
LOAD C:\Users\12551519\Desktop\git\Project\Library\libOS.a
LOAD C:\Users\12551519\Desktop\git\Project\Library\libAnalog.a
LOAD c:/freescale/kds_3.0.0/toolchain/bin/../lib/gcc/arm-none-eabi/4.8.4/../../../../arm-none-eabi/lib/armv7e-m/fpu\libstdc++_s.a
LOAD c:/freescale/kds_3.0.0/toolchain/bin/../lib/gcc/arm-none-eabi/4.8.4/../../../../arm-none-eabi/lib/armv7e-m/fpu\libm.a
START GROUP
LOAD c:/freescale/kds_3.0.0/toolchain/bin/../lib/gcc/arm-none-eabi/4.8.4/armv7e-m/fpu\libgcc.a
LOAD c:/freescale/kds_3.0.0/toolchain/bin/../lib/gcc/arm-none-eabi/4.8.4/../../../../arm-none-eabi/lib/armv7e-m/fpu\libg_s.a
LOAD c:/freescale/kds_3.0.0/toolchain/bin/../lib/gcc/arm-none-eabi/4.8.4/../../../../arm-none-eabi/lib/armv7e-m/fpu\libc_s.a
END GROUP
START GROUP
LOAD c:/freescale/kds_3.0.0/toolchain/bin/../lib/gcc/arm-none-eabi/4.8.4/armv7e-m/fpu\libgcc.a
LOAD c:/freescale/kds_3.0.0/toolchain/bin/../lib/gcc/arm-none-eabi/4.8.4/../../../../arm-none-eabi/lib/armv7e-m/fpu\libc_s.a
LOAD c:/freescale/kds_3.0.0/toolchain/bin/../lib/gcc/arm-none-eabi/4.8.4/../../../../arm-none-eabi/lib/armv7e-m/fpu\libnosys.a
END GROUP
START GROUP
LOAD c:/freescale/kds_3.0.0/toolchain/bin/../lib/gcc/arm-none-eabi/4.8.4/armv7e-m/fpu\libgcc.a
LOAD c:/freescale/kds_3.0.0/toolchain/bin/../lib/gcc/arm-none-eabi/4.8.4/../../../../arm-none-eabi/lib/armv7e-m/fpu\libc_s.a
LOAD c:/freescale/kds_3.0.0/toolchain/bin/../lib/gcc/arm-none-eabi/4.8.4/../../../../arm-none-eabi/lib/armv7e-m/fpu\libnosys.a
END GROUP
LOAD c:/freescale/kds_3.0.0/toolchain/bin/../lib/gcc/arm-none-eabi/4.8.4/armv7e-m/fpu/crtend.o
LOAD c:/freescale/kds_3.0.0/toolchain/bin/../lib/gcc/arm-none-eabi/4.8.4/armv7e-m/fpu/crtn.o
                0x20000000                _estack = 0x20000000
                0x20000000                __SP_INIT = _estack
                0x20000000                __stack = _estack
                0x00000000                __heap_size = 0x0
                0x00000400                __stack_size = 0x400

.interrupts     0x00000000      0x1e8
                0x00000000                __vector_table = .
                0x00000000                . = ALIGN (0x4)
 *(.vectortable)
 .vectortable   0x00000000      0x1e8 ./Generated_Code/Vectors.o
                0x00000000                __vect_table
                0x000001e8                . = ALIGN (0x4)

.cfmprotect     0x00000400       0x10
                0x00000400                . = ALIGN (0x4)
 *(.cfmconfig)
 .cfmconfig     0x00000400       0x10 ./Generated_Code/Cpu.o
                0x00000400                _cfm
                0x00000410                . = ALIGN (0x4)

.text           0x00000410     0x4168
                0x00000410                . = ALIGN (0x4)
 *(.text)
 .text          0x00000410       0x54 c:/freescale/kds_3.0.0/toolchain/bin/../lib/gcc/arm-none-eabi/4.8.4/armv7e-m/fpu/crtbegin.o
 .text          0x00000464       0x74 c:/freescale/kds_3.0.0/toolchain/bin/../lib/gcc/arm-none-eabi/4.8.4/../../../../arm-none-eabi/lib/armv7e-m/fpu/crt0.o
                0x00000464                _start
                0x00000464                _mainCRTStartup
 .text          0x000004d8      0x370 c:/freescale/kds_3.0.0/toolchain/bin/../lib/gcc/arm-none-eabi/4.8.4/armv7e-m/fpu\libgcc.a(_arm_addsubdf3.o)
                0x000004d8                __aeabi_drsub
                0x000004e0                __aeabi_dsub
                0x000004e0                __subdf3
                0x000004e4                __aeabi_dadd
                0x000004e4                __adddf3
                0x0000075c                __floatunsidf
                0x0000075c                __aeabi_ui2d
                0x0000077c                __floatsidf
                0x0000077c                __aeabi_i2d
                0x000007a0                __aeabi_f2d
                0x000007a0                __extendsfdf2
                0x000007dc                __floatundidf
                0x000007dc                __aeabi_ul2d
                0x000007ec                __floatdidf
                0x000007ec                __aeabi_l2d
 .text          0x00000848      0x424 c:/freescale/kds_3.0.0/toolchain/bin/../lib/gcc/arm-none-eabi/4.8.4/armv7e-m/fpu\libgcc.a(_arm_muldivdf3.o)
                0x00000848                __aeabi_dmul
                0x00000848                __muldf3
                0x00000a9c                __divdf3
                0x00000a9c                __aeabi_ddiv
 .text          0x00000c6c      0x110 c:/freescale/kds_3.0.0/toolchain/bin/../lib/gcc/arm-none-eabi/4.8.4/armv7e-m/fpu\libgcc.a(_arm_cmpdf2.o)
                0x00000c6c                __gtdf2
                0x00000c6c                __gedf2
                0x00000c74                __ltdf2
                0x00000c74                __ledf2
                0x00000c7c                __nedf2
                0x00000c7c                __eqdf2
                0x00000c7c                __cmpdf2
                0x00000cf8                __aeabi_cdrcmple
                0x00000d08                __aeabi_cdcmpeq
                0x00000d08                __aeabi_cdcmple
                0x00000d18                __aeabi_dcmpeq
                0x00000d2c                __aeabi_dcmplt
                0x00000d40                __aeabi_dcmple
                0x00000d54                __aeabi_dcmpge
                0x00000d68                __aeabi_dcmpgt
 .text          0x00000d7c       0xa0 c:/freescale/kds_3.0.0/toolchain/bin/../lib/gcc/arm-none-eabi/4.8.4/armv7e-m/fpu\libgcc.a(_arm_truncdfsf2.o)
                0x00000d7c                __truncdfsf2
                0x00000d7c                __aeabi_d2f
 .text          0x00000e1c      0x21c c:/freescale/kds_3.0.0/toolchain/bin/../lib/gcc/arm-none-eabi/4.8.4/armv7e-m/fpu\libgcc.a(_arm_addsubsf3.o)
                0x00000e1c                __aeabi_frsub
                0x00000e24                __subsf3
                0x00000e24                __aeabi_fsub
                0x00000e28                __aeabi_fadd
                0x00000e28                __addsf3
                0x00000f88                __aeabi_ui2f
                0x00000f88                __floatunsisf
                0x00000f90                __aeabi_i2f
                0x00000f90                __floatsisf
                0x00000fac                __aeabi_ul2f
                0x00000fac                __floatundisf
                0x00000fbc                __aeabi_l2f
                0x00000fbc                __floatdisf
 .text          0x00001038       0x48 c:/freescale/kds_3.0.0/toolchain/bin/../lib/gcc/arm-none-eabi/4.8.4/armv7e-m/fpu\libgcc.a(_fixunssfdi.o)
                0x00001038                __fixunssfdi
                0x00001038                __aeabi_f2ulz
 .text          0x00001080       0x40 c:/freescale/kds_3.0.0/toolchain/bin/../lib/gcc/arm-none-eabi/4.8.4/armv7e-m/fpu\libgcc.a(_arm_fixunsdfsi.o)
                0x00001080                __aeabi_d2uiz
                0x00001080                __fixunsdfsi
 *(.text*)
 .text.FIFO_Init
                0x000010c0       0x48 ./Sources/FIFO.o
                0x000010c0                FIFO_Init
 .text.FIFO_Put
                0x00001108       0x70 ./Sources/FIFO.o
                0x00001108                FIFO_Put
 .text.FIFO_Get
                0x00001178       0x70 ./Sources/FIFO.o
                0x00001178                FIFO_Get
 .text.FTM_Init
                0x000011e8       0xfc ./Sources/FTM.o
                0x000011e8                FTM_Init
 .text.FTM_Set  0x000012e4       0xe4 ./Sources/FTM.o
                0x000012e4                FTM_Set
 .text.FTM_StartTimer
                0x000013c8       0x78 ./Sources/FTM.o
                0x000013c8                FTM_StartTimer
 .text.FTM0_ISR
                0x00001440       0x98 ./Sources/FTM.o
                0x00001440                FTM0_ISR
 .text.Flash_Init
                0x000014d8       0x10 ./Sources/Flash.o
                0x000014d8                Flash_Init
 .text.Flash_AllocateVar
                0x000014e8       0x90 ./Sources/Flash.o
                0x000014e8                Flash_AllocateVar
 .text.Flash_Write32
                0x00001578       0x58 ./Sources/Flash.o
                0x00001578                Flash_Write32
 .text.Flash_Write16
                0x000015d0       0x60 ./Sources/Flash.o
                0x000015d0                Flash_Write16
 .text.Flash_Write8
                0x00001630       0x60 ./Sources/Flash.o
                0x00001630                Flash_Write8
 .text.Flash_Erase
                0x00001690       0x14 ./Sources/Flash.o
                0x00001690                Flash_Erase
 .text.LaunchCommand
                0x000016a4       0x98 ./Sources/Flash.o
 .text.WritePhrase
                0x0000173c       0xe8 ./Sources/Flash.o
 .text.EraseSector
                0x00001824       0x38 ./Sources/Flash.o
 .text.LEDs_Init
                0x0000185c       0xd4 ./Sources/LEDs.o
                0x0000185c                LEDs_Init
 .text.LEDs_On  0x00001930       0x24 ./Sources/LEDs.o
                0x00001930                LEDs_On
 .text.LEDs_Off
                0x00001954       0x24 ./Sources/LEDs.o
                0x00001954                LEDs_Off
 .text.PIT_Init
                0x00001978       0xdc ./Sources/PIT.o
                0x00001978                PIT_Init
 .text.PIT_Set  0x00001a54       0x5c ./Sources/PIT.o
                0x00001a54                PIT_Set
 .text.PIT_Enable
                0x00001ab0       0x40 ./Sources/PIT.o
                0x00001ab0                PIT_Enable
 .text.PIT_ISR  0x00001af0       0x48 ./Sources/PIT.o
                0x00001af0                PIT_ISR
 .text.RTC_ISR  0x00001b38       0x2c ./Sources/RTC.o
                0x00001b38                RTC_ISR
 .text.RxUARTThread
                0x00001b64       0x30 ./Sources/UART.o
 .text.TxUARTThread
                0x00001b94       0x50 ./Sources/UART.o
 .text.UART_Init
                0x00001be4      0x1c8 ./Sources/UART.o
                0x00001be4                UART_Init
 .text.UART_InChar
                0x00001dac       0x1c ./Sources/UART.o
                0x00001dac                UART_InChar
 .text.UART_OutChar
                0x00001dc8       0x34 ./Sources/UART.o
                0x00001dc8                UART_OutChar
 .text.UART_ISR
                0x00001dfc       0x94 ./Sources/UART.o
                0x00001dfc                UART_ISR
 .text.CalculateRMSThread
                0x00001e90      0x498 ./Sources/main.o
                0x00001e90                CalculateRMSThread
 .text.AnalogReadThread
                0x00002328       0x70 ./Sources/main.o
                0x00002328                AnalogReadThread
 .text.PITCallback
                0x00002398       0x38 ./Sources/main.o
                0x00002398                PITCallback
 .text.HandleTowerTiming
                0x000023d0       0x6c ./Sources/main.o
                0x000023d0                HandleTowerTiming
 .text.HandleTowerRaises
                0x0000243c       0x6c ./Sources/main.o
                0x0000243c                HandleTowerRaises
 .text.HandleTowerLowers
                0x000024a8       0x6c ./Sources/main.o
                0x000024a8                HandleTowerLowers
 .text.HandleTowerFrequency
                0x00002514       0x10 ./Sources/main.o
                0x00002514                HandleTowerFrequency
 .text.HandleTowerVoltage
                0x00002524       0x28 ./Sources/main.o
                0x00002524                HandleTowerVoltage
 .text.HandleTowerSpectrum
                0x0000254c       0x10 ./Sources/main.o
                0x0000254c                HandleTowerSpectrum
 .text.ReceivedPacket
                0x0000255c       0xfc ./Sources/main.o
                0x0000255c                ReceivedPacket
 .text.TowerInit
                0x00002658       0xb8 ./Sources/main.o
                0x00002658                TowerInit
 .text.InitModulesThread
                0x00002710       0xc4 ./Sources/main.o
 .text.PacketThread
                0x000027d4       0x5c ./Sources/main.o
 .text.FTMLEDsOffThread
                0x00002830       0x24 ./Sources/main.o
 .text.main     0x00002854      0x100 ./Sources/main.o
                0x00002854                main
 .text.Packet_Init
                0x00002954       0x2c ./Sources/packet.o
                0x00002954                Packet_Init
 .text.Packet_Get
                0x00002980       0x6c ./Sources/packet.o
                0x00002980                Packet_Get
 .text.Packet_Put
                0x000029ec       0x70 ./Sources/packet.o
                0x000029ec                Packet_Put
 .text.__copy_rom_section
                0x00002a5c       0xe4 ./Project_Settings/Startup_Code/startup.o
                0x00002a5c                __copy_rom_section
 .text.__copy_rom_sections_to_ram
                0x00002b40       0x9c ./Project_Settings/Startup_Code/startup.o
                0x00002b40                __copy_rom_sections_to_ram
 .text.__init_registers
                0x00002bdc       0x20 ./Project_Settings/Startup_Code/startup.o
                0x00002bdc                __init_registers
 .text.__init_user
                0x00002bfc        0xc ./Project_Settings/Startup_Code/startup.o
                0x00002bfc                __init_user
 .text.__thumb_startup
                0x00002c08       0x34 ./Project_Settings/Startup_Code/startup.o
                0x00002c08                __thumb_startup
 .text.Cpu_Interrupt
                0x00002c3c       0x18 ./Generated_Code/Cpu.o
                0x00002c3c                Cpu_Interrupt
 .text.__init_hardware
                0x00002c54      0x1cc ./Generated_Code/Cpu.o
                0x00002c54                __init_hardware
 .text.Cpu_SetBASEPRI
                0x00002e20       0x18 ./Generated_Code/Cpu.o
                0x00002e20                Cpu_SetBASEPRI
 .text.PE_low_level_init
                0x00002e38       0xe4 ./Generated_Code/Cpu.o
                0x00002e38                PE_low_level_init
 .text.OS_Init  0x00002f1c      0x110 C:\Users\12551519\Desktop\git\Project\Library\libOS.a(OS.o)
                0x00002f1c                OS_Init
 .text.OS_ISREnter
                0x0000302c       0x20 C:\Users\12551519\Desktop\git\Project\Library\libOS.a(OS.o)
                0x0000302c                OS_ISREnter
 .text.OS_ISRExit
                0x0000304c       0x1c C:\Users\12551519\Desktop\git\Project\Library\libOS.a(OS.o)
                0x0000304c                OS_ISRExit
 .text.OS_SemaphoreCreate
                0x00003068       0x90 C:\Users\12551519\Desktop\git\Project\Library\libOS.a(OS.o)
                0x00003068                OS_SemaphoreCreate
 .text.OS_SemaphoreSignal
                0x000030f8       0x44 C:\Users\12551519\Desktop\git\Project\Library\libOS.a(OS.o)
                0x000030f8                OS_SemaphoreSignal
 .text.OS_SemaphoreWait
                0x0000313c       0x58 C:\Users\12551519\Desktop\git\Project\Library\libOS.a(OS.o)
                0x0000313c                OS_SemaphoreWait
 .text.OS_Start
                0x00003194       0x10 C:\Users\12551519\Desktop\git\Project\Library\libOS.a(OS.o)
                0x00003194                OS_Start
 .text.OS_ThreadCreate
                0x000031a4      0x160 C:\Users\12551519\Desktop\git\Project\Library\libOS.a(OS.o)
                0x000031a4                OS_ThreadCreate
 .text.OS_ThreadDelete
                0x00003304      0x18c C:\Users\12551519\Desktop\git\Project\Library\libOS.a(OS.o)
                0x00003304                OS_ThreadDelete
 .text.EventThreadReady
                0x00003490       0x68 C:\Users\12551519\Desktop\git\Project\Library\libOS.a(OS.o)
 .text.EventThreadWait
                0x000034f8       0x64 C:\Users\12551519\Desktop\git\Project\Library\libOS.a(OS.o)
 .text.EventTimeout
                0x0000355c       0x40 C:\Users\12551519\Desktop\git\Project\Library\libOS.a(OS.o)
 .text.Idle     0x0000359c       0x18 C:\Users\12551519\Desktop\git\Project\Library\libOS.a(OS.o)
 .text.FindFirstSet
                0x000035b4       0x44 C:\Users\12551519\Desktop\git\Project\Library\libOS.a(OS.o)
 .text.Schedule
                0x000035f8       0x64 C:\Users\12551519\Desktop\git\Project\Library\libOS.a(OS.o)
 .text.TCBInit  0x0000365c       0xcc C:\Users\12551519\Desktop\git\Project\Library\libOS.a(OS.o)
 .text.TimeTick
                0x00003728       0x74 C:\Users\12551519\Desktop\git\Project\Library\libOS.a(OS.o)
 *fill*         0x0000379c        0x4 
 .text.OS_ContextSwitchISR
                0x000037a0       0x70 C:\Users\12551519\Desktop\git\Project\Library\libOS.a(OS.o)
                0x000037a0                OS_ContextSwitchISR
 .text.OS_SysTickISR
                0x00003810       0x5c C:\Users\12551519\Desktop\git\Project\Library\libOS.a(OS.o)
                0x00003810                OS_SysTickISR
 .text.DACWrite
                0x0000386c       0x6c C:\Users\12551519\Desktop\git\Project\Library\libAnalog.a(analog.o)
 .text.Analog_Init
                0x000038d8       0x7c C:\Users\12551519\Desktop\git\Project\Library\libAnalog.a(analog.o)
                0x000038d8                Analog_Init
 .text.Analog_Get
                0x00003954       0x78 C:\Users\12551519\Desktop\git\Project\Library\libAnalog.a(analog.o)
                0x00003954                Analog_Get
 .text.Analog_Put
                0x000039cc       0x50 C:\Users\12551519\Desktop\git\Project\Library\libAnalog.a(analog.o)
                0x000039cc                Analog_Put
 .text.InitChipSelectPins
                0x00003a1c       0x6c C:\Users\12551519\Desktop\git\Project\Library\libAnalog.a(SPI.o)
 .text.SetupModuleConfigurationRegister
                0x00003a88      0x104 C:\Users\12551519\Desktop\git\Project\Library\libAnalog.a(SPI.o)
 .text.SetBaudRate
                0x00003b8c      0x15c C:\Users\12551519\Desktop\git\Project\Library\libAnalog.a(SPI.o)
 .text.SetDelayAfterTransfer
                0x00003ce8      0x168 C:\Users\12551519\Desktop\git\Project\Library\libAnalog.a(SPI.o)
 .text.SetupClockAndTransferAttributesRegister
                0x00003e50      0x16c C:\Users\12551519\Desktop\git\Project\Library\libAnalog.a(SPI.o)
 .text.SPI_Init
                0x00003fbc       0x90 C:\Users\12551519\Desktop\git\Project\Library\libAnalog.a(SPI.o)
                0x00003fbc                SPI_Init
 .text.SPI_SelectSlaveDevice
                0x0000404c       0x6c C:\Users\12551519\Desktop\git\Project\Library\libAnalog.a(SPI.o)
                0x0000404c                SPI_SelectSlaveDevice
 .text.SPI_Exchange
                0x000040b8       0x94 C:\Users\12551519\Desktop\git\Project\Library\libAnalog.a(SPI.o)
                0x000040b8                SPI_Exchange
 .text.sqrt     0x0000414c       0xbc c:/freescale/kds_3.0.0/toolchain/bin/../lib/gcc/arm-none-eabi/4.8.4/../../../../arm-none-eabi/lib/armv7e-m/fpu\libm.a(lib_a-w_sqrt.o)
                0x0000414c                sqrt
 .text.__ieee754_sqrt
                0x00004208      0x198 c:/freescale/kds_3.0.0/toolchain/bin/../lib/gcc/arm-none-eabi/4.8.4/../../../../arm-none-eabi/lib/armv7e-m/fpu\libm.a(lib_a-e_sqrt.o)
                0x00004208                __ieee754_sqrt
 .text.__fpclassifyd
                0x000043a0       0x54 c:/freescale/kds_3.0.0/toolchain/bin/../lib/gcc/arm-none-eabi/4.8.4/../../../../arm-none-eabi/lib/armv7e-m/fpu\libm.a(lib_a-s_fpclassify.o)
                0x000043a0                __fpclassifyd
 .text.matherr  0x000043f4        0x4 c:/freescale/kds_3.0.0/toolchain/bin/../lib/gcc/arm-none-eabi/4.8.4/../../../../arm-none-eabi/lib/armv7e-m/fpu\libm.a(lib_a-s_matherr.o)
                0x000043f4                matherr
 .text.__errno  0x000043f8        0xc c:/freescale/kds_3.0.0/toolchain/bin/../lib/gcc/arm-none-eabi/4.8.4/../../../../arm-none-eabi/lib/armv7e-m/fpu\libg_s.a(lib_a-errno.o)
                0x000043f8                __errno
 .text.exit     0x00004404       0x28 c:/freescale/kds_3.0.0/toolchain/bin/../lib/gcc/arm-none-eabi/4.8.4/../../../../arm-none-eabi/lib/armv7e-m/fpu\libg_s.a(lib_a-exit.o)
                0x00004404                exit
 .text.__libc_init_array
                0x0000442c       0x4c c:/freescale/kds_3.0.0/toolchain/bin/../lib/gcc/arm-none-eabi/4.8.4/../../../../arm-none-eabi/lib/armv7e-m/fpu\libg_s.a(lib_a-init.o)
                0x0000442c                __libc_init_array
 .text.memset   0x00004478       0x10 c:/freescale/kds_3.0.0/toolchain/bin/../lib/gcc/arm-none-eabi/4.8.4/../../../../arm-none-eabi/lib/armv7e-m/fpu\libg_s.a(lib_a-memset.o)
                0x00004478                memset
 .text._exit    0x00004488        0x4 c:/freescale/kds_3.0.0/toolchain/bin/../lib/gcc/arm-none-eabi/4.8.4/../../../../arm-none-eabi/lib/armv7e-m/fpu\libnosys.a(_exit.o)
                0x00004488                _exit
 *(.rodata)
 .rodata        0x0000448c        0x4 C:\Users\12551519\Desktop\git\Project\Library\libAnalog.a(analog.o)
 .rodata        0x00004490       0xa0 C:\Users\12551519\Desktop\git\Project\Library\libAnalog.a(SPI.o)
 *(.rodata*)
 .rodata.PACKET_ACK_MASK
                0x00004530        0x1 ./Sources/packet.o
                0x00004530                PACKET_ACK_MASK
 *fill*         0x00004531        0x3 
 .rodata.SPI_SETUP
                0x00004534       0x1c C:\Users\12551519\Desktop\git\Project\Library\libAnalog.a(analog.o)
 .rodata.str1.4
                0x00004550        0x8 c:/freescale/kds_3.0.0/toolchain/bin/../lib/gcc/arm-none-eabi/4.8.4/../../../../arm-none-eabi/lib/armv7e-m/fpu\libm.a(lib_a-w_sqrt.o)
 .rodata.str1.1
                0x00004558        0x2 c:/freescale/kds_3.0.0/toolchain/bin/../lib/gcc/arm-none-eabi/4.8.4/../../../../arm-none-eabi/lib/armv7e-m/fpu\libg_s.a(lib_a-impure.o)
 *fill*         0x0000455a        0x2 
 .rodata._global_impure_ptr
                0x0000455c        0x4 c:/freescale/kds_3.0.0/toolchain/bin/../lib/gcc/arm-none-eabi/4.8.4/../../../../arm-none-eabi/lib/armv7e-m/fpu\libg_s.a(lib_a-impure.o)
                0x0000455c                _global_impure_ptr
 *(.glue_7)
 .glue_7        0x00000000        0x0 linker stubs
 *(.glue_7t)
 .glue_7t       0x00000000        0x0 linker stubs
 *(.eh_frame)
 .eh_frame      0x00004560        0x0 c:/freescale/kds_3.0.0/toolchain/bin/../lib/gcc/arm-none-eabi/4.8.4/armv7e-m/fpu/crtbegin.o
 *(.init)
 .init          0x00004560        0x4 c:/freescale/kds_3.0.0/toolchain/bin/../lib/gcc/arm-none-eabi/4.8.4/armv7e-m/fpu/crti.o
                0x00004560                _init
 .init          0x00004564        0x8 c:/freescale/kds_3.0.0/toolchain/bin/../lib/gcc/arm-none-eabi/4.8.4/armv7e-m/fpu/crtn.o
 *(.fini)
 .fini          0x0000456c        0x4 c:/freescale/kds_3.0.0/toolchain/bin/../lib/gcc/arm-none-eabi/4.8.4/armv7e-m/fpu/crti.o
                0x0000456c                _fini
 .fini          0x00004570        0x8 c:/freescale/kds_3.0.0/toolchain/bin/../lib/gcc/arm-none-eabi/4.8.4/armv7e-m/fpu/crtn.o
                0x00004578                . = ALIGN (0x4)
                0x00004578                _etext = .

.vfp11_veneer   0x00004578        0x0
 .vfp11_veneer  0x00000000        0x0 linker stubs

.v4_bx          0x00004578        0x0
 .v4_bx         0x00000000        0x0 linker stubs

.iplt           0x00004578        0x0
 .iplt          0x00000000        0x0 c:/freescale/kds_3.0.0/toolchain/bin/../lib/gcc/arm-none-eabi/4.8.4/armv7e-m/fpu/crtbegin.o

.ARM.extab
 *(.ARM.extab* .gnu.linkonce.armextab.*)

.ARM            0x00004578        0x8
                0x00004578                __exidx_start = .
 *(.ARM.exidx*)
 .ARM.exidx     0x00004578        0x8 c:/freescale/kds_3.0.0/toolchain/bin/../lib/gcc/arm-none-eabi/4.8.4/../../../../arm-none-eabi/lib/armv7e-m/fpu/crt0.o
                0x00004580                __exidx_end = .

.rel.dyn        0x00004580        0x0
 .rel.iplt      0x00000000        0x0 c:/freescale/kds_3.0.0/toolchain/bin/../lib/gcc/arm-none-eabi/4.8.4/armv7e-m/fpu/crtbegin.o

.ctors          0x00004580        0x0
                0x00004580                __CTOR_LIST__ = .
 *crtbegin.o(.ctors)
 *(EXCLUDE_FILE(*crtend.o) .ctors)
 *(SORT(.ctors.*))
 *(.ctors)
                0x00004580                __CTOR_END__ = .

.dtors          0x00004580        0x0
                0x00004580                __DTOR_LIST__ = .
 *crtbegin.o(.dtors)
 *(EXCLUDE_FILE(*crtend.o) .dtors)
 *(SORT(.dtors.*))
 *(.dtors)
                0x00004580                __DTOR_END__ = .

.preinit_array  0x00004580        0x0
                0x00004580                PROVIDE (__preinit_array_start, .)
 *(.preinit_array*)
                0x00004580                PROVIDE (__preinit_array_end, .)

.init_array     0x00004580        0x4
                0x00004580                PROVIDE (__init_array_start, .)
 *(SORT(.init_array.*))
 *(.init_array*)
 .init_array    0x00004580        0x4 c:/freescale/kds_3.0.0/toolchain/bin/../lib/gcc/arm-none-eabi/4.8.4/armv7e-m/fpu/crtbegin.o
                0x00004584                PROVIDE (__init_array_end, .)

.fini_array     0x00004584        0x4
                0x00004584                PROVIDE (__fini_array_start, .)
 *(SORT(.fini_array.*))
 *(.fini_array*)
 .fini_array    0x00004584        0x4 c:/freescale/kds_3.0.0/toolchain/bin/../lib/gcc/arm-none-eabi/4.8.4/armv7e-m/fpu/crtbegin.o
                0x00004588                PROVIDE (__fini_array_end, .)
                0x00004588                ___ROM_AT = .

.data           0x1fff0000       0xf0 load address 0x00004588
                0x1fff0000                . = ALIGN (0x4)
                0x1fff0000                _sdata = .
 *(.data)
 *(.data*)
 .data.Timing_Mode
                0x1fff0000        0x1 ./Sources/main.o
                0x1fff0000                Timing_Mode
 *fill*         0x1fff0001        0x3 
 .data.AnalogThreadData
                0x1fff0004       0x84 ./Sources/main.o
 .data.__fdlib_version
                0x1fff0088        0x1 c:/freescale/kds_3.0.0/toolchain/bin/../lib/gcc/arm-none-eabi/4.8.4/../../../../arm-none-eabi/lib/armv7e-m/fpu\libm.a(lib_a-s_lib_ver.o)
                0x1fff0088                __fdlib_version
 *fill*         0x1fff0089        0x3 
 .data.impure_data
                0x1fff008c       0x60 c:/freescale/kds_3.0.0/toolchain/bin/../lib/gcc/arm-none-eabi/4.8.4/../../../../arm-none-eabi/lib/armv7e-m/fpu\libg_s.a(lib_a-impure.o)
 .data._impure_ptr
                0x1fff00ec        0x4 c:/freescale/kds_3.0.0/toolchain/bin/../lib/gcc/arm-none-eabi/4.8.4/../../../../arm-none-eabi/lib/armv7e-m/fpu\libg_s.a(lib_a-impure.o)
                0x1fff00ec                _impure_ptr
                0x1fff00f0                . = ALIGN (0x4)
                0x1fff00f0                _edata = .
                0x000000f0                ___data_size = (_edata - _sdata)
                0x00004678                ___m_data_20000000_ROMStart = (___ROM_AT + SIZEOF (.data))

.jcr            0x1fff00f0        0x0 load address 0x00004678
 .jcr           0x1fff00f0        0x0 c:/freescale/kds_3.0.0/toolchain/bin/../lib/gcc/arm-none-eabi/4.8.4/armv7e-m/fpu/crtbegin.o

.igot.plt       0x1fff00f0        0x0 load address 0x00004678
 .igot.plt      0x00000000        0x0 c:/freescale/kds_3.0.0/toolchain/bin/../lib/gcc/arm-none-eabi/4.8.4/armv7e-m/fpu/crtbegin.o

.m_data_20000000
                0x20000000        0x0 load address 0x00004678
                0x20000000                . = ALIGN (0x4)
                0x20000000                ___m_data_20000000_RAMStart = .
 *(.m_data_20000000)
                0x20000000                ___m_data_20000000_RAMEnd = .
                0x20000000                . = ALIGN (0x4)
                0x00000000                ___m_data_20000000_ROMSize = (___m_data_20000000_RAMEnd - ___m_data_20000000_RAMStart)
                0x20000000                . = ALIGN (0x4)

.bss            0x1fff00f0     0x1c90 load address 0x00004678
                0x1fff00f0                __START_BSS = .
                0x1fff00f0                PROVIDE (__bss_start__, __START_BSS)
 *(.bss)
 .bss           0x1fff00f0       0x1c c:/freescale/kds_3.0.0/toolchain/bin/../lib/gcc/arm-none-eabi/4.8.4/armv7e-m/fpu/crtbegin.o
 *(.bss*)
 .bss.UserSemaphore
                0x1fff010c       0x20 ./Sources/FTM.o
 .bss.occupiedBytes.5646
                0x1fff012c        0x1 ./Sources/Flash.o
 *fill*         0x1fff012d        0x3 
 .bss.ModuleClk
                0x1fff0130        0x4 ./Sources/PIT.o
 .bss.UserFunction
                0x1fff0134        0x4 ./Sources/PIT.o
 .bss.UserArguments
                0x1fff0138        0x4 ./Sources/PIT.o
 .bss.ReadSemaphore
                0x1fff013c        0x4 ./Sources/RTC.o
 .bss.RxUARTThreadStack
                0x1fff0140      0x190 ./Sources/UART.o
 .bss.TxUARTThreadStack
                0x1fff02d0      0x190 ./Sources/UART.o
 .bss.InitModulesThreadStack
                0x1fff0460      0x190 ./Sources/main.o
 .bss.FTMLEDsOffThreadStack
                0x1fff05f0      0x190 ./Sources/main.o
 .bss.PacketThreadStack
                0x1fff0780      0x190 ./Sources/main.o
 .bss.AnalogThreadStacks
                0x1fff0910      0x4b0 ./Sources/main.o
 .bss.RMSThreadStacks
                0x1fff0dc0      0x4b0 ./Sources/main.o
 .bss.LEDOffSemaphore
                0x1fff1270        0x4 ./Sources/main.o
 .bss.PacketPutAccess
                0x1fff1274        0x4 ./Sources/packet.o
 .bss.SR_lock   0x1fff1278        0x1 ./Generated_Code/Cpu.o
                0x1fff1278                SR_lock
 *fill*         0x1fff1279        0x3 
 .bss.TCBUnusedMain
                0x1fff127c       0x18 C:\Users\12551519\Desktop\git\Project\Library\libOS.a(OS.o)
 .bss.TCBTable  0x1fff1294      0x300 C:\Users\12551519\Desktop\git\Project\Library\libOS.a(OS.o)
 .bss.pTCBFreeList
                0x1fff1594        0x4 C:\Users\12551519\Desktop\git\Project\Library\libOS.a(OS.o)
 .bss.pTCBAllocatedList
                0x1fff1598        0x4 C:\Users\12551519\Desktop\git\Project\Library\libOS.a(OS.o)
 .bss.pTCBPriorityTable
                0x1fff159c       0x80 C:\Users\12551519\Desktop\git\Project\Library\libOS.a(OS.o)
 .bss.pTCBRunning
                0x1fff161c        0x4 C:\Users\12551519\Desktop\git\Project\Library\libOS.a(OS.o)
 .bss.pTCBHighestReady
                0x1fff1620        0x4 C:\Users\12551519\Desktop\git\Project\Library\libOS.a(OS.o)
 .bss.ReadyList
                0x1fff1624        0x4 C:\Users\12551519\Desktop\git\Project\Library\libOS.a(OS.o)
 .bss.ECBTable  0x1fff1628      0x100 C:\Users\12551519\Desktop\git\Project\Library\libOS.a(OS.o)
 .bss.NextECBFree
                0x1fff1728        0x1 C:\Users\12551519\Desktop\git\Project\Library\libOS.a(OS.o)
 *fill*         0x1fff1729        0x3 
 .bss.IdleCounter
                0x1fff172c        0x4 C:\Users\12551519\Desktop\git\Project\Library\libOS.a(OS.o)
 .bss.IdleStack
                0x1fff1730      0x400 C:\Users\12551519\Desktop\git\Project\Library\libOS.a(OS.o)
 .bss.Ticks     0x1fff1b30        0x4 C:\Users\12551519\Desktop\git\Project\Library\libOS.a(OS.o)
 .bss.ToggleCntr
                0x1fff1b34        0x4 C:\Users\12551519\Desktop\git\Project\Library\libOS.a(OS.o)
 .bss.ToggleLED
                0x1fff1b38        0x1 C:\Users\12551519\Desktop\git\Project\Library\libOS.a(OS.o)
 .bss.ISRNestLevel
                0x1fff1b39        0x1 C:\Users\12551519\Desktop\git\Project\Library\libOS.a(OS.o)
 *fill*         0x1fff1b3a        0x2 
 .bss.ADCCommandUnion
                0x1fff1b3c        0x4 C:\Users\12551519\Desktop\git\Project\Library\libAnalog.a(analog.o)
 *(COMMON)
 COMMON         0x1fff1b40      0x22c ./Sources/UART.o
                0x1fff1b40                DummyRead
                0x1fff1b44                TxFIFO
                0x1fff1c54                RxFIFO
                0x1fff1d64                RxUARTSemaphore
                0x1fff1d68                TxUARTSemaphore
 COMMON         0x1fff1d6c        0x8 ./Sources/main.o
                0x1fff1d6c                NvCountRaises
                0x1fff1d70                NvCountLowers
 COMMON         0x1fff1d74        0x5 ./Sources/packet.o
                0x1fff1d74                Packet
 COMMON         0x1fff1d79        0x1 ./Generated_Code/Cpu.o
                0x1fff1d79                SR_reg
 *fill*         0x1fff1d7a        0x2 
 COMMON         0x1fff1d7c        0x4 C:\Users\12551519\Desktop\git\Project\Library\libAnalog.a(analog.o)
                0x1fff1d7c                DACInput
                0x1fff1d80                . = ALIGN (0x4)
                0x1fff1d80                __END_BSS = .
                0x1fff1d80                PROVIDE (__bss_end__, __END_BSS)
                0x00004678                _romp_at = ((___ROM_AT + SIZEOF (.data)) + SIZEOF (.m_data_20000000))

.romp           0x1fff1d80       0x24 load address 0x00004678
                0x00004678                __S_romp = _romp_at
                0x1fff1d80        0x4 LONG 0x4588 ___ROM_AT
                0x1fff1d84        0x4 LONG 0x1fff0000 _sdata
                0x1fff1d88        0x4 LONG 0xf0 ___data_size
                0x1fff1d8c        0x4 LONG 0x4678 ___m_data_20000000_ROMStart
                0x1fff1d90        0x4 LONG 0x20000000 ___m_data_20000000_RAMStart
                0x1fff1d94        0x4 LONG 0x0 ___m_data_20000000_ROMSize
                0x1fff1d98        0x4 LONG 0x0
                0x1fff1d9c        0x4 LONG 0x0
                0x1fff1da0        0x4 LONG 0x0

._user_heap_stack
                0x1fff1da4      0x400 load address 0x0000469c
                0x1fff1da4                . = ALIGN (0x4)
                0x1fff1da4                PROVIDE (end, .)
                0x1fff1da4                PROVIDE (_end, .)
                0x1fff1da4                __heap_addr = .
                0x1fff1da4                __HeapBase = .
                0x1fff1da4                . = (. + __heap_size)
                0x1fff1da4                __HeapLimit = .
                0x1fff21a4                . = (. + __stack_size)
 *fill*         0x1fff1da4      0x400 
                0x1fff21a4                . = ALIGN (0x4)

.ARM.attributes
                0x00000000       0x30
 *(.ARM.attributes)
 .ARM.attributes
                0x00000000       0x22 c:/freescale/kds_3.0.0/toolchain/bin/../lib/gcc/arm-none-eabi/4.8.4/armv7e-m/fpu/crti.o
 .ARM.attributes
                0x00000022       0x34 c:/freescale/kds_3.0.0/toolchain/bin/../lib/gcc/arm-none-eabi/4.8.4/armv7e-m/fpu/crtbegin.o
 .ARM.attributes
                0x00000056       0x20 c:/freescale/kds_3.0.0/toolchain/bin/../lib/gcc/arm-none-eabi/4.8.4/../../../../arm-none-eabi/lib/armv7e-m/fpu/crt0.o
 .ARM.attributes
                0x00000076       0x39 ./Sources/FIFO.o
 .ARM.attributes
                0x000000af       0x39 ./Sources/FTM.o
 .ARM.attributes
                0x000000e8       0x39 ./Sources/Flash.o
 .ARM.attributes
                0x00000121       0x39 ./Sources/LEDs.o
 .ARM.attributes
                0x0000015a       0x39 ./Sources/PIT.o
 .ARM.attributes
                0x00000193       0x39 ./Sources/RTC.o
 .ARM.attributes
                0x000001cc       0x39 ./Sources/UART.o
 .ARM.attributes
                0x00000205       0x39 ./Sources/main.o
 .ARM.attributes
                0x0000023e       0x39 ./Sources/packet.o
 .ARM.attributes
                0x00000277       0x39 ./Project_Settings/Startup_Code/startup.o
 .ARM.attributes
                0x000002b0       0x39 ./Generated_Code/Cpu.o
 .ARM.attributes
                0x000002e9       0x39 ./Generated_Code/Vectors.o
 .ARM.attributes
                0x00000322       0x39 C:\Users\12551519\Desktop\git\Project\Library\libOS.a(OS.o)
 .ARM.attributes
                0x0000035b       0x39 C:\Users\12551519\Desktop\git\Project\Library\libAnalog.a(analog.o)
 .ARM.attributes
                0x00000394       0x39 C:\Users\12551519\Desktop\git\Project\Library\libAnalog.a(SPI.o)
 .ARM.attributes
                0x000003cd       0x34 c:/freescale/kds_3.0.0/toolchain/bin/../lib/gcc/arm-none-eabi/4.8.4/../../../../arm-none-eabi/lib/armv7e-m/fpu\libm.a(lib_a-w_sqrt.o)
 .ARM.attributes
                0x00000401       0x34 c:/freescale/kds_3.0.0/toolchain/bin/../lib/gcc/arm-none-eabi/4.8.4/../../../../arm-none-eabi/lib/armv7e-m/fpu\libm.a(lib_a-e_sqrt.o)
 .ARM.attributes
                0x00000435       0x34 c:/freescale/kds_3.0.0/toolchain/bin/../lib/gcc/arm-none-eabi/4.8.4/../../../../arm-none-eabi/lib/armv7e-m/fpu\libm.a(lib_a-s_fpclassify.o)
 .ARM.attributes
                0x00000469       0x34 c:/freescale/kds_3.0.0/toolchain/bin/../lib/gcc/arm-none-eabi/4.8.4/../../../../arm-none-eabi/lib/armv7e-m/fpu\libm.a(lib_a-s_lib_ver.o)
 .ARM.attributes
                0x0000049d       0x34 c:/freescale/kds_3.0.0/toolchain/bin/../lib/gcc/arm-none-eabi/4.8.4/../../../../arm-none-eabi/lib/armv7e-m/fpu\libm.a(lib_a-s_matherr.o)
 .ARM.attributes
                0x000004d1       0x22 c:/freescale/kds_3.0.0/toolchain/bin/../lib/gcc/arm-none-eabi/4.8.4/armv7e-m/fpu\libgcc.a(_arm_addsubdf3.o)
 .ARM.attributes
                0x000004f3       0x22 c:/freescale/kds_3.0.0/toolchain/bin/../lib/gcc/arm-none-eabi/4.8.4/armv7e-m/fpu\libgcc.a(_arm_muldivdf3.o)
 .ARM.attributes
                0x00000515       0x22 c:/freescale/kds_3.0.0/toolchain/bin/../lib/gcc/arm-none-eabi/4.8.4/armv7e-m/fpu\libgcc.a(_arm_cmpdf2.o)
 .ARM.attributes
                0x00000537       0x22 c:/freescale/kds_3.0.0/toolchain/bin/../lib/gcc/arm-none-eabi/4.8.4/armv7e-m/fpu\libgcc.a(_arm_truncdfsf2.o)
 .ARM.attributes
                0x00000559       0x22 c:/freescale/kds_3.0.0/toolchain/bin/../lib/gcc/arm-none-eabi/4.8.4/armv7e-m/fpu\libgcc.a(_arm_addsubsf3.o)
 .ARM.attributes
                0x0000057b       0x34 c:/freescale/kds_3.0.0/toolchain/bin/../lib/gcc/arm-none-eabi/4.8.4/armv7e-m/fpu\libgcc.a(_fixunssfdi.o)
 .ARM.attributes
                0x000005af       0x22 c:/freescale/kds_3.0.0/toolchain/bin/../lib/gcc/arm-none-eabi/4.8.4/armv7e-m/fpu\libgcc.a(_arm_fixunsdfsi.o)
 .ARM.attributes
                0x000005d1       0x34 c:/freescale/kds_3.0.0/toolchain/bin/../lib/gcc/arm-none-eabi/4.8.4/../../../../arm-none-eabi/lib/armv7e-m/fpu\libg_s.a(lib_a-errno.o)
 .ARM.attributes
                0x00000605       0x34 c:/freescale/kds_3.0.0/toolchain/bin/../lib/gcc/arm-none-eabi/4.8.4/../../../../arm-none-eabi/lib/armv7e-m/fpu\libg_s.a(lib_a-exit.o)
 .ARM.attributes
                0x00000639       0x34 c:/freescale/kds_3.0.0/toolchain/bin/../lib/gcc/arm-none-eabi/4.8.4/../../../../arm-none-eabi/lib/armv7e-m/fpu\libg_s.a(lib_a-impure.o)
 .ARM.attributes
                0x0000066d       0x34 c:/freescale/kds_3.0.0/toolchain/bin/../lib/gcc/arm-none-eabi/4.8.4/../../../../arm-none-eabi/lib/armv7e-m/fpu\libg_s.a(lib_a-init.o)
 .ARM.attributes
                0x000006a1       0x34 c:/freescale/kds_3.0.0/toolchain/bin/../lib/gcc/arm-none-eabi/4.8.4/../../../../arm-none-eabi/lib/armv7e-m/fpu\libg_s.a(lib_a-memset.o)
 .ARM.attributes
                0x000006d5       0x34 c:/freescale/kds_3.0.0/toolchain/bin/../lib/gcc/arm-none-eabi/4.8.4/../../../../arm-none-eabi/lib/armv7e-m/fpu\libnosys.a(_exit.o)
 .ARM.attributes
                0x00000709       0x22 c:/freescale/kds_3.0.0/toolchain/bin/../lib/gcc/arm-none-eabi/4.8.4/armv7e-m/fpu/crtn.o
OUTPUT(Project.elf elf32-littlearm)

.debug_info     0x00000000     0x6561
 .debug_info    0x00000000      0x217 ./Sources/FIFO.o
 .debug_info    0x00000217      0x797 ./Sources/FTM.o
 .debug_info    0x000009ae      0x671 ./Sources/Flash.o
 .debug_info    0x0000101f      0x490 ./Sources/LEDs.o
 .debug_info    0x000014af      0x5d0 ./Sources/PIT.o
 .debug_info    0x00001a7f      0x632 ./Sources/RTC.o
 .debug_info    0x000020b1      0xa8b ./Sources/UART.o
 .debug_info    0x00002b3c      0xa19 ./Sources/main.o
 .debug_info    0x00003555      0x2ff ./Sources/packet.o
 .debug_info    0x00003854      0x3b0 ./Project_Settings/Startup_Code/startup.o
 .debug_info    0x00003c04      0xc82 ./Generated_Code/Cpu.o
 .debug_info    0x00004886      0x10f ./Generated_Code/Vectors.o
 .debug_info    0x00004995      0xd02 C:\Users\12551519\Desktop\git\Project\Library\libOS.a(OS.o)
 .debug_info    0x00005697      0x46a C:\Users\12551519\Desktop\git\Project\Library\libAnalog.a(analog.o)
 .debug_info    0x00005b01      0xa60 C:\Users\12551519\Desktop\git\Project\Library\libAnalog.a(SPI.o)

.debug_abbrev   0x00000000     0x178e
 .debug_abbrev  0x00000000       0xce ./Sources/FIFO.o
 .debug_abbrev  0x000000ce      0x1d2 ./Sources/FTM.o
 .debug_abbrev  0x000002a0      0x1cc ./Sources/Flash.o
 .debug_abbrev  0x0000046c      0x144 ./Sources/LEDs.o
 .debug_abbrev  0x000005b0      0x188 ./Sources/PIT.o
 .debug_abbrev  0x00000738      0x168 ./Sources/RTC.o
 .debug_abbrev  0x000008a0      0x232 ./Sources/UART.o
 .debug_abbrev  0x00000ad2      0x200 ./Sources/main.o
 .debug_abbrev  0x00000cd2       0xec ./Sources/packet.o
 .debug_abbrev  0x00000dbe      0x189 ./Project_Settings/Startup_Code/startup.o
 .debug_abbrev  0x00000f47      0x185 ./Generated_Code/Cpu.o
 .debug_abbrev  0x000010cc       0xa4 ./Generated_Code/Vectors.o
 .debug_abbrev  0x00001170      0x2f8 C:\Users\12551519\Desktop\git\Project\Library\libOS.a(OS.o)
 .debug_abbrev  0x00001468      0x151 C:\Users\12551519\Desktop\git\Project\Library\libAnalog.a(analog.o)
 .debug_abbrev  0x000015b9      0x1d5 C:\Users\12551519\Desktop\git\Project\Library\libAnalog.a(SPI.o)

.debug_aranges  0x00000000      0x470
 .debug_aranges
                0x00000000       0x30 ./Sources/FIFO.o
 .debug_aranges
                0x00000030       0x38 ./Sources/FTM.o
 .debug_aranges
                0x00000068       0x60 ./Sources/Flash.o
 .debug_aranges
                0x000000c8       0x38 ./Sources/LEDs.o
 .debug_aranges
                0x00000100       0x38 ./Sources/PIT.o
 .debug_aranges
                0x00000138       0x38 ./Sources/RTC.o
 .debug_aranges
                0x00000170       0x48 ./Sources/UART.o
 .debug_aranges
                0x000001b8       0x90 ./Sources/main.o
 .debug_aranges
                0x00000248       0x30 ./Sources/packet.o
 .debug_aranges
                0x00000278       0x50 ./Project_Settings/Startup_Code/startup.o
 .debug_aranges
                0x000002c8       0x38 ./Generated_Code/Cpu.o
 .debug_aranges
                0x00000300       0x18 ./Generated_Code/Vectors.o
 .debug_aranges
                0x00000318       0xc8 C:\Users\12551519\Desktop\git\Project\Library\libOS.a(OS.o)
 .debug_aranges
                0x000003e0       0x38 C:\Users\12551519\Desktop\git\Project\Library\libAnalog.a(analog.o)
 .debug_aranges
                0x00000418       0x58 C:\Users\12551519\Desktop\git\Project\Library\libAnalog.a(SPI.o)

.debug_ranges   0x00000000      0x378
 .debug_ranges  0x00000000       0x20 ./Sources/FIFO.o
 .debug_ranges  0x00000020       0x28 ./Sources/FTM.o
 .debug_ranges  0x00000048       0x50 ./Sources/Flash.o
 .debug_ranges  0x00000098       0x28 ./Sources/LEDs.o
 .debug_ranges  0x000000c0       0x28 ./Sources/PIT.o
 .debug_ranges  0x000000e8       0x28 ./Sources/RTC.o
 .debug_ranges  0x00000110       0x38 ./Sources/UART.o
 .debug_ranges  0x00000148       0x80 ./Sources/main.o
 .debug_ranges  0x000001c8       0x20 ./Sources/packet.o
 .debug_ranges  0x000001e8       0x40 ./Project_Settings/Startup_Code/startup.o
 .debug_ranges  0x00000228       0x28 ./Generated_Code/Cpu.o
 .debug_ranges  0x00000250       0xb8 C:\Users\12551519\Desktop\git\Project\Library\libOS.a(OS.o)
 .debug_ranges  0x00000308       0x28 C:\Users\12551519\Desktop\git\Project\Library\libAnalog.a(analog.o)
 .debug_ranges  0x00000330       0x48 C:\Users\12551519\Desktop\git\Project\Library\libAnalog.a(SPI.o)

.debug_macro    0x00000000    0x1a5cf
 .debug_macro   0x00000000       0xaf ./Sources/FIFO.o
 .debug_macro   0x000000af       0x22 ./Sources/FIFO.o
 .debug_macro   0x000000d1       0x3c ./Sources/FIFO.o
 .debug_macro   0x0000010d     0x1800 ./Sources/FIFO.o
 .debug_macro   0x0000190d       0xa9 ./Sources/FTM.o
 .debug_macro   0x000019b6       0x76 ./Sources/Flash.o
 .debug_macro   0x00001a2c       0x16 ./Sources/Flash.o
 .debug_macro   0x00001a42    0x174af ./Sources/Flash.o
 .debug_macro   0x00018ef1       0x2e ./Sources/Flash.o
 .debug_macro   0x00018f1f       0x6d ./Sources/LEDs.o
 .debug_macro   0x00018f8c       0xa9 ./Sources/PIT.o
 .debug_macro   0x00019035       0xa9 ./Sources/RTC.o
 .debug_macro   0x000190de       0xbd ./Sources/UART.o
 .debug_macro   0x0001919b      0x1d6 ./Sources/main.o
 .debug_macro   0x00019371       0x10 ./Sources/main.o
 .debug_macro   0x00019381       0x3a ./Sources/main.o
 .debug_macro   0x000193bb       0x10 ./Sources/main.o
 .debug_macro   0x000193cb       0x58 ./Sources/main.o
 .debug_macro   0x00019423       0x35 ./Sources/main.o
 .debug_macro   0x00019458       0xa3 ./Sources/main.o
 .debug_macro   0x000194fb      0x166 ./Sources/main.o
 .debug_macro   0x00019661       0x52 ./Sources/main.o
 .debug_macro   0x000196b3       0x16 ./Sources/main.o
 .debug_macro   0x000196c9       0x43 ./Sources/main.o
 .debug_macro   0x0001970c      0x180 ./Sources/main.o
 .debug_macro   0x0001988c       0xde ./Sources/main.o
 .debug_macro   0x0001996a       0xc2 ./Sources/packet.o
 .debug_macro   0x00019a2c      0x121 ./Project_Settings/Startup_Code/startup.o
 .debug_macro   0x00019b4d       0x4a ./Project_Settings/Startup_Code/startup.o
 .debug_macro   0x00019b97      0x2a6 ./Project_Settings/Startup_Code/startup.o
 .debug_macro   0x00019e3d       0x10 ./Project_Settings/Startup_Code/startup.o
 .debug_macro   0x00019e4d       0x35 ./Project_Settings/Startup_Code/startup.o
 .debug_macro   0x00019e82       0x16 ./Project_Settings/Startup_Code/startup.o
 .debug_macro   0x00019e98       0x22 ./Project_Settings/Startup_Code/startup.o
 .debug_macro   0x00019eba      0x20f ./Project_Settings/Startup_Code/startup.o
 .debug_macro   0x0001a0c9       0x84 ./Generated_Code/Cpu.o
 .debug_macro   0x0001a14d       0xa0 ./Generated_Code/Cpu.o
 .debug_macro   0x0001a1ed       0xd8 ./Generated_Code/Vectors.o
 .debug_macro   0x0001a2c5       0x36 ./Generated_Code/Vectors.o
 .debug_macro   0x0001a2fb       0xa3 C:\Users\12551519\Desktop\git\Project\Library\libOS.a(OS.o)
 .debug_macro   0x0001a39e       0x94 C:\Users\12551519\Desktop\git\Project\Library\libOS.a(OS.o)
 .debug_macro   0x0001a432       0x30 C:\Users\12551519\Desktop\git\Project\Library\libOS.a(OS.o)
 .debug_macro   0x0001a462       0xf5 C:\Users\12551519\Desktop\git\Project\Library\libAnalog.a(analog.o)
 .debug_macro   0x0001a557       0x10 C:\Users\12551519\Desktop\git\Project\Library\libAnalog.a(analog.o)
 .debug_macro   0x0001a567       0x68 C:\Users\12551519\Desktop\git\Project\Library\libAnalog.a(SPI.o)

.debug_line     0x00000000     0x2e91
 .debug_line    0x00000000      0x2ba ./Sources/FIFO.o
 .debug_line    0x000002ba      0x2fb ./Sources/FTM.o
 .debug_line    0x000005b5      0x2cf ./Sources/Flash.o
 .debug_line    0x00000884      0x221 ./Sources/LEDs.o
 .debug_line    0x00000aa5      0x2dd ./Sources/PIT.o
 .debug_line    0x00000d82      0x2de ./Sources/RTC.o
 .debug_line    0x00001060      0x335 ./Sources/UART.o
 .debug_line    0x00001395      0x5e2 ./Sources/main.o
 .debug_line    0x00001977      0x2d2 ./Sources/packet.o
 .debug_line    0x00001c49      0x3cc ./Project_Settings/Startup_Code/startup.o
 .debug_line    0x00002015      0x277 ./Generated_Code/Cpu.o
 .debug_line    0x0000228c      0x29c ./Generated_Code/Vectors.o
 .debug_line    0x00002528      0x496 C:\Users\12551519\Desktop\git\Project\Library\libOS.a(OS.o)
 .debug_line    0x000029be      0x200 C:\Users\12551519\Desktop\git\Project\Library\libAnalog.a(analog.o)
 .debug_line    0x00002bbe      0x2d3 C:\Users\12551519\Desktop\git\Project\Library\libAnalog.a(SPI.o)

.debug_str      0x00000000    0x8f55f
 .debug_str     0x00000000    0x8a685 ./Sources/FIFO.o
                              0x8a803 (size before relaxing)
 .debug_str     0x0008a685      0x3b5 ./Sources/FTM.o
                              0x8ab3c (size before relaxing)
 .debug_str     0x0008aa3a      0x3a5 ./Sources/Flash.o
                              0x83102 (size before relaxing)
 .debug_str     0x0008addf       0xe1 ./Sources/LEDs.o
                              0x82ee8 (size before relaxing)
 .debug_str     0x0008aec0       0xe2 ./Sources/PIT.o
                              0x8a994 (size before relaxing)
 .debug_str     0x0008afa2       0xab ./Sources/RTC.o
                              0x8a967 (size before relaxing)
 .debug_str     0x0008b04d      0x23e ./Sources/UART.o
                              0x8abb5 (size before relaxing)
 .debug_str     0x0008b28b     0x2281 ./Sources/main.o
                              0x8cee9 (size before relaxing)
 .debug_str     0x0008d50c       0x4f ./Sources/packet.o
                              0x8aa88 (size before relaxing)
 .debug_str     0x0008d55b     0x1147 ./Project_Settings/Startup_Code/startup.o
                              0x853ec (size before relaxing)
 .debug_str     0x0008e6a2      0x1e3 ./Generated_Code/Cpu.o
                              0x8aa1d (size before relaxing)
 .debug_str     0x0008e885       0x1c ./Generated_Code/Vectors.o
                              0x8a7c8 (size before relaxing)
 .debug_str     0x0008e8a1      0x3ab C:\Users\12551519\Desktop\git\Project\Library\libOS.a(OS.o)
                              0x8ad2a (size before relaxing)
 .debug_str     0x0008ec4c      0x569 C:\Users\12551519\Desktop\git\Project\Library\libAnalog.a(analog.o)
                               0x3866 (size before relaxing)
 .debug_str     0x0008f1b5      0x3aa C:\Users\12551519\Desktop\git\Project\Library\libAnalog.a(SPI.o)
                              0x83389 (size before relaxing)

.comment        0x00000000       0x70
 .comment       0x00000000       0x70 ./Sources/FIFO.o
                                 0x71 (size before relaxing)
 .comment       0x00000000       0x71 ./Sources/FTM.o
 .comment       0x00000000       0x71 ./Sources/Flash.o
 .comment       0x00000000       0x71 ./Sources/LEDs.o
 .comment       0x00000000       0x71 ./Sources/PIT.o
 .comment       0x00000000       0x71 ./Sources/RTC.o
 .comment       0x00000000       0x71 ./Sources/UART.o
 .comment       0x00000000       0x71 ./Sources/main.o
 .comment       0x00000000       0x71 ./Sources/packet.o
 .comment       0x00000000       0x71 ./Project_Settings/Startup_Code/startup.o
 .comment       0x00000000       0x71 ./Generated_Code/Cpu.o
 .comment       0x00000000       0x71 ./Generated_Code/Vectors.o
 .comment       0x00000000       0x71 C:\Users\12551519\Desktop\git\Project\Library\libOS.a(OS.o)
 .comment       0x00000000       0x71 C:\Users\12551519\Desktop\git\Project\Library\libAnalog.a(analog.o)
 .comment       0x00000000       0x71 C:\Users\12551519\Desktop\git\Project\Library\libAnalog.a(SPI.o)

.debug_frame    0x00000000      0xdd4
 .debug_frame   0x00000000       0x70 ./Sources/FIFO.o
 .debug_frame   0x00000070       0x88 ./Sources/FTM.o
 .debug_frame   0x000000f8      0x128 ./Sources/Flash.o
 .debug_frame   0x00000220       0x7c ./Sources/LEDs.o
 .debug_frame   0x0000029c       0x8c ./Sources/PIT.o
 .debug_frame   0x00000328       0x8c ./Sources/RTC.o
 .debug_frame   0x000003b4       0xd4 ./Sources/UART.o
 .debug_frame   0x00000488      0x1d0 ./Sources/main.o
 .debug_frame   0x00000658       0x70 ./Sources/packet.o
 .debug_frame   0x000006c8       0xc0 ./Project_Settings/Startup_Code/startup.o
 .debug_frame   0x00000788       0x80 ./Generated_Code/Cpu.o
 .debug_frame   0x00000808      0x2a0 C:\Users\12551519\Desktop\git\Project\Library\libOS.a(OS.o)
 .debug_frame   0x00000aa8       0x90 C:\Users\12551519\Desktop\git\Project\Library\libAnalog.a(analog.o)
 .debug_frame   0x00000b38      0x100 C:\Users\12551519\Desktop\git\Project\Library\libAnalog.a(SPI.o)
 .debug_frame   0x00000c38       0x38 c:/freescale/kds_3.0.0/toolchain/bin/../lib/gcc/arm-none-eabi/4.8.4/../../../../arm-none-eabi/lib/armv7e-m/fpu\libm.a(lib_a-w_sqrt.o)
 .debug_frame   0x00000c70       0x3c c:/freescale/kds_3.0.0/toolchain/bin/../lib/gcc/arm-none-eabi/4.8.4/../../../../arm-none-eabi/lib/armv7e-m/fpu\libm.a(lib_a-e_sqrt.o)
 .debug_frame   0x00000cac       0x28 c:/freescale/kds_3.0.0/toolchain/bin/../lib/gcc/arm-none-eabi/4.8.4/../../../../arm-none-eabi/lib/armv7e-m/fpu\libm.a(lib_a-s_fpclassify.o)
 .debug_frame   0x00000cd4       0x20 c:/freescale/kds_3.0.0/toolchain/bin/../lib/gcc/arm-none-eabi/4.8.4/../../../../arm-none-eabi/lib/armv7e-m/fpu\libm.a(lib_a-s_matherr.o)
 .debug_frame   0x00000cf4       0x2c c:/freescale/kds_3.0.0/toolchain/bin/../lib/gcc/arm-none-eabi/4.8.4/armv7e-m/fpu\libgcc.a(_fixunssfdi.o)
 .debug_frame   0x00000d20       0x20 c:/freescale/kds_3.0.0/toolchain/bin/../lib/gcc/arm-none-eabi/4.8.4/../../../../arm-none-eabi/lib/armv7e-m/fpu\libg_s.a(lib_a-errno.o)
 .debug_frame   0x00000d40       0x28 c:/freescale/kds_3.0.0/toolchain/bin/../lib/gcc/arm-none-eabi/4.8.4/../../../../arm-none-eabi/lib/armv7e-m/fpu\libg_s.a(lib_a-exit.o)
 .debug_frame   0x00000d68       0x2c c:/freescale/kds_3.0.0/toolchain/bin/../lib/gcc/arm-none-eabi/4.8.4/../../../../arm-none-eabi/lib/armv7e-m/fpu\libg_s.a(lib_a-init.o)
 .debug_frame   0x00000d94       0x20 c:/freescale/kds_3.0.0/toolchain/bin/../lib/gcc/arm-none-eabi/4.8.4/../../../../arm-none-eabi/lib/armv7e-m/fpu\libg_s.a(lib_a-memset.o)
 .debug_frame   0x00000db4       0x20 c:/freescale/kds_3.0.0/toolchain/bin/../lib/gcc/arm-none-eabi/4.8.4/../../../../arm-none-eabi/lib/armv7e-m/fpu\libnosys.a(_exit.o)
