Archive member included because of file (symbol)

D:\Embedded Software US\es18aut13\Project\Library\libOS.a(OS.o)
                              ./Sources/main.o (OS_Init)
D:\Embedded Software US\es18aut13\Project\Library\libAnalog.a(analog.o)
                              ./Sources/main.o (Analog_Init)
D:\Embedded Software US\es18aut13\Project\Library\libAnalog.a(SPI.o)
                              D:\Embedded Software US\es18aut13\Project\Library\libAnalog.a(analog.o) (SPI_Init)
c:/freescale/kds_3.0.0/toolchain/bin/../lib/gcc/arm-none-eabi/4.8.4/../../../../arm-none-eabi/lib/armv7e-m/fpu\libm.a(lib_a-s_cos.o)
                              ./Sources/kiss_fft.o (cos)
c:/freescale/kds_3.0.0/toolchain/bin/../lib/gcc/arm-none-eabi/4.8.4/../../../../arm-none-eabi/lib/armv7e-m/fpu\libm.a(lib_a-s_floor.o)
                              ./Sources/kiss_fft.o (floor)
c:/freescale/kds_3.0.0/toolchain/bin/../lib/gcc/arm-none-eabi/4.8.4/../../../../arm-none-eabi/lib/armv7e-m/fpu\libm.a(lib_a-s_sin.o)
                              ./Sources/kiss_fft.o (sin)
c:/freescale/kds_3.0.0/toolchain/bin/../lib/gcc/arm-none-eabi/4.8.4/../../../../arm-none-eabi/lib/armv7e-m/fpu\libm.a(lib_a-w_sqrt.o)
                              ./Sources/kiss_fft.o (sqrt)
c:/freescale/kds_3.0.0/toolchain/bin/../lib/gcc/arm-none-eabi/4.8.4/../../../../arm-none-eabi/lib/armv7e-m/fpu\libm.a(lib_a-e_rem_pio2.o)
                              c:/freescale/kds_3.0.0/toolchain/bin/../lib/gcc/arm-none-eabi/4.8.4/../../../../arm-none-eabi/lib/armv7e-m/fpu\libm.a(lib_a-s_cos.o) (__ieee754_rem_pio2)
c:/freescale/kds_3.0.0/toolchain/bin/../lib/gcc/arm-none-eabi/4.8.4/../../../../arm-none-eabi/lib/armv7e-m/fpu\libm.a(lib_a-e_sqrt.o)
                              c:/freescale/kds_3.0.0/toolchain/bin/../lib/gcc/arm-none-eabi/4.8.4/../../../../arm-none-eabi/lib/armv7e-m/fpu\libm.a(lib_a-w_sqrt.o) (__ieee754_sqrt)
c:/freescale/kds_3.0.0/toolchain/bin/../lib/gcc/arm-none-eabi/4.8.4/../../../../arm-none-eabi/lib/armv7e-m/fpu\libm.a(lib_a-k_cos.o)
                              c:/freescale/kds_3.0.0/toolchain/bin/../lib/gcc/arm-none-eabi/4.8.4/../../../../arm-none-eabi/lib/armv7e-m/fpu\libm.a(lib_a-s_cos.o) (__kernel_cos)
c:/freescale/kds_3.0.0/toolchain/bin/../lib/gcc/arm-none-eabi/4.8.4/../../../../arm-none-eabi/lib/armv7e-m/fpu\libm.a(lib_a-k_rem_pio2.o)
                              c:/freescale/kds_3.0.0/toolchain/bin/../lib/gcc/arm-none-eabi/4.8.4/../../../../arm-none-eabi/lib/armv7e-m/fpu\libm.a(lib_a-e_rem_pio2.o) (__kernel_rem_pio2)
c:/freescale/kds_3.0.0/toolchain/bin/../lib/gcc/arm-none-eabi/4.8.4/../../../../arm-none-eabi/lib/armv7e-m/fpu\libm.a(lib_a-k_sin.o)
                              c:/freescale/kds_3.0.0/toolchain/bin/../lib/gcc/arm-none-eabi/4.8.4/../../../../arm-none-eabi/lib/armv7e-m/fpu\libm.a(lib_a-s_cos.o) (__kernel_sin)
c:/freescale/kds_3.0.0/toolchain/bin/../lib/gcc/arm-none-eabi/4.8.4/../../../../arm-none-eabi/lib/armv7e-m/fpu\libm.a(lib_a-s_fabs.o)
                              c:/freescale/kds_3.0.0/toolchain/bin/../lib/gcc/arm-none-eabi/4.8.4/../../../../arm-none-eabi/lib/armv7e-m/fpu\libm.a(lib_a-e_rem_pio2.o) (fabs)
c:/freescale/kds_3.0.0/toolchain/bin/../lib/gcc/arm-none-eabi/4.8.4/../../../../arm-none-eabi/lib/armv7e-m/fpu\libm.a(lib_a-s_fpclassify.o)
                              c:/freescale/kds_3.0.0/toolchain/bin/../lib/gcc/arm-none-eabi/4.8.4/../../../../arm-none-eabi/lib/armv7e-m/fpu\libm.a(lib_a-w_sqrt.o) (__fpclassifyd)
c:/freescale/kds_3.0.0/toolchain/bin/../lib/gcc/arm-none-eabi/4.8.4/../../../../arm-none-eabi/lib/armv7e-m/fpu\libm.a(lib_a-s_lib_ver.o)
                              c:/freescale/kds_3.0.0/toolchain/bin/../lib/gcc/arm-none-eabi/4.8.4/../../../../arm-none-eabi/lib/armv7e-m/fpu\libm.a(lib_a-w_sqrt.o) (__fdlib_version)
c:/freescale/kds_3.0.0/toolchain/bin/../lib/gcc/arm-none-eabi/4.8.4/../../../../arm-none-eabi/lib/armv7e-m/fpu\libm.a(lib_a-s_matherr.o)
                              c:/freescale/kds_3.0.0/toolchain/bin/../lib/gcc/arm-none-eabi/4.8.4/../../../../arm-none-eabi/lib/armv7e-m/fpu\libm.a(lib_a-w_sqrt.o) (matherr)
c:/freescale/kds_3.0.0/toolchain/bin/../lib/gcc/arm-none-eabi/4.8.4/../../../../arm-none-eabi/lib/armv7e-m/fpu\libm.a(lib_a-s_scalbn.o)
                              c:/freescale/kds_3.0.0/toolchain/bin/../lib/gcc/arm-none-eabi/4.8.4/../../../../arm-none-eabi/lib/armv7e-m/fpu\libm.a(lib_a-k_rem_pio2.o) (scalbn)
c:/freescale/kds_3.0.0/toolchain/bin/../lib/gcc/arm-none-eabi/4.8.4/../../../../arm-none-eabi/lib/armv7e-m/fpu\libm.a(lib_a-s_copysign.o)
                              c:/freescale/kds_3.0.0/toolchain/bin/../lib/gcc/arm-none-eabi/4.8.4/../../../../arm-none-eabi/lib/armv7e-m/fpu\libm.a(lib_a-s_scalbn.o) (copysign)
c:/freescale/kds_3.0.0/toolchain/bin/../lib/gcc/arm-none-eabi/4.8.4/armv7e-m/fpu\libgcc.a(_arm_addsubdf3.o)
                              ./Sources/kiss_fft.o (__aeabi_dsub)
[...]
Memory Configuration

Name             Origin             Length             Attributes
m_interrupts     0x00000000         0x000001e8         xr
m_text           0x00000410         0x0007fbf0         xr
m_data           0x1fff0000         0x00010000         rw
m_data_20000000  0x20000000         0x00010000         rw
m_cfmprotrom     0x00000400         0x00000010         xr
*default*        0x00000000         0xffffffff

Linker script and memory map

LOAD c:/freescale/kds_3.0.0/toolchain/bin/../lib/gcc/arm-none-eabi/4.8.4/armv7e-m/fpu/crti.o
LOAD c:/freescale/kds_3.0.0/toolchain/bin/../lib/gcc/arm-none-eabi/4.8.4/armv7e-m/fpu/crtbegin.o
LOAD c:/freescale/kds_3.0.0/toolchain/bin/../lib/gcc/arm-none-eabi/4.8.4/../../../../arm-none-eabi/lib/armv7e-m/fpu/crt0.o
LOAD ./Sources/Events.o
LOAD ./Sources/FIFO.o
LOAD ./Sources/FTM.o
LOAD ./Sources/Flash.o
LOAD ./Sources/I2C.o
LOAD ./Sources/LEDs.o
LOAD ./Sources/PIT.o
LOAD ./Sources/RTC.o
LOAD ./Sources/UART.o
LOAD ./Sources/accel.o
LOAD ./Sources/kiss_fft.o
LOAD ./Sources/kiss_fftr.o
LOAD ./Sources/main.o
LOAD ./Sources/main_sample.o
LOAD ./Sources/median.o
LOAD ./Sources/packet.o
LOAD ./Project_Settings/Startup_Code/startup.o
LOAD ./Generated_Code/Cpu.o
LOAD ./Generated_Code/Vectors.o
LOAD D:\Embedded Software US\es18aut13\Project\Library\libOS.a
LOAD D:\Embedded Software US\es18aut13\Project\Library\libAnalog.a
LOAD c:/freescale/kds_3.0.0/toolchain/bin/../lib/gcc/arm-none-eabi/4.8.4/../../../../arm-none-eabi/lib/armv7e-m/fpu\libstdc++_s.a
LOAD c:/freescale/kds_3.0.0/toolchain/bin/../lib/gcc/arm-none-eabi/4.8.4/../../../../arm-none-eabi/lib/armv7e-m/fpu\libm.a
START GROUP
LOAD c:/freescale/kds_3.0.0/toolchain/bin/../lib/gcc/arm-none-eabi/4.8.4/armv7e-m/fpu\libgcc.a
LOAD c:/freescale/kds_3.0.0/toolchain/bin/../lib/gcc/arm-none-eabi/4.8.4/../../../../arm-none-eabi/lib/armv7e-m/fpu\libg_s.a
LOAD c:/freescale/kds_3.0.0/toolchain/bin/../lib/gcc/arm-none-eabi/4.8.4/../../../../arm-none-eabi/lib/armv7e-m/fpu\libc_s.a
END GROUP
START GROUP
LOAD c:/freescale/kds_3.0.0/toolchain/bin/../lib/gcc/arm-none-eabi/4.8.4/armv7e-m/fpu\libgcc.a
LOAD c:/freescale/kds_3.0.0/toolchain/bin/../lib/gcc/arm-none-eabi/4.8.4/../../../../arm-none-eabi/lib/armv7e-m/fpu\libc_s.a
LOAD c:/freescale/kds_3.0.0/toolchain/bin/../lib/gcc/arm-none-eabi/4.8.4/../../../../arm-none-eabi/lib/armv7e-m/fpu\libnosys.a
END GROUP
START GROUP
LOAD c:/freescale/kds_3.0.0/toolchain/bin/../lib/gcc/arm-none-eabi/4.8.4/armv7e-m/fpu\libgcc.a
LOAD c:/freescale/kds_3.0.0/toolchain/bin/../lib/gcc/arm-none-eabi/4.8.4/../../../../arm-none-eabi/lib/armv7e-m/fpu\libc_s.a
LOAD c:/freescale/kds_3.0.0/toolchain/bin/../lib/gcc/arm-none-eabi/4.8.4/../../../../arm-none-eabi/lib/armv7e-m/fpu\libnosys.a
END GROUP
LOAD c:/freescale/kds_3.0.0/toolchain/bin/../lib/gcc/arm-none-eabi/4.8.4/armv7e-m/fpu/crtend.o
LOAD c:/freescale/kds_3.0.0/toolchain/bin/../lib/gcc/arm-none-eabi/4.8.4/armv7e-m/fpu/crtn.o
                0x20000000                _estack = 0x20000000
                0x20000000                __SP_INIT = _estack
                0x20000000                __stack = _estack
                0x00000000                __heap_size = 0x0
                0x00000400                __stack_size = 0x400

.interrupts     0x00000000      0x1e8
                0x00000000                __vector_table = .
                0x00000000                . = ALIGN (0x4)
 *(.vectortable)
 .vectortable   0x00000000      0x1e8 ./Generated_Code/Vectors.o
                0x00000000                __vect_table
                0x000001e8                . = ALIGN (0x4)

.cfmprotect     0x00000400       0x10
                0x00000400                . = ALIGN (0x4)
 *(.cfmconfig)
 .cfmconfig     0x00000400       0x10 ./Generated_Code/Cpu.o
                0x00000400                _cfm
                0x00000410                . = ALIGN (0x4)

.text           0x00000410     0x91b8
                0x00000410                . = ALIGN (0x4)
 *(.text)
 .text          0x00000410       0x54 c:/freescale/kds_3.0.0/toolchain/bin/../lib/gcc/arm-none-eabi/4.8.4/armv7e-m/fpu/crtbegin.o
 .text          0x00000464       0x74 c:/freescale/kds_3.0.0/toolchain/bin/../lib/gcc/arm-none-eabi/4.8.4/../../../../arm-none-eabi/lib/armv7e-m/fpu/crt0.o
                0x00000464                _start
                0x00000464                _mainCRTStartup
 .text          0x000004d8      0x370 c:/freescale/kds_3.0.0/toolchain/bin/../lib/gcc/arm-none-eabi/4.8.4/armv7e-m/fpu\libgcc.a(_arm_addsubdf3.o)
                0x000004d8                __aeabi_drsub
                0x000004e0                __aeabi_dsub
                0x000004e0                __subdf3
                0x000004e4                __aeabi_dadd
                0x000004e4                __adddf3
                0x0000075c                __floatunsidf
                0x0000075c                __aeabi_ui2d
                0x0000077c                __floatsidf
                0x0000077c                __aeabi_i2d
                0x000007a0                __aeabi_f2d
                0x000007a0                __extendsfdf2
                0x000007dc                __floatundidf
                0x000007dc                __aeabi_ul2d
                0x000007ec                __floatdidf
                0x000007ec                __aeabi_l2d
 .text          0x00000848      0x424 c:/freescale/kds_3.0.0/toolchain/bin/../lib/gcc/arm-none-eabi/4.8.4/armv7e-m/fpu\libgcc.a(_arm_muldivdf3.o)
                0x00000848                __aeabi_dmul
                0x00000848                __muldf3
                0x00000a9c                __divdf3
                0x00000a9c                __aeabi_ddiv
 .text          0x00000c6c      0x110 c:/freescale/kds_3.0.0/toolchain/bin/../lib/gcc/arm-none-eabi/4.8.4/armv7e-m/fpu\libgcc.a(_arm_cmpdf2.o)
                0x00000c6c                __gtdf2
                0x00000c6c                __gedf2
                0x00000c74                __ltdf2
                0x00000c74                __ledf2
                0x00000c7c                __nedf2
                0x00000c7c                __eqdf2
                0x00000c7c                __cmpdf2
                0x00000cf8                __aeabi_cdrcmple
                0x00000d08                __aeabi_cdcmpeq
                0x00000d08                __aeabi_cdcmple
                0x00000d18                __aeabi_dcmpeq
                0x00000d2c                __aeabi_dcmplt
                0x00000d40                __aeabi_dcmple
                0x00000d54                __aeabi_dcmpge
                0x00000d68                __aeabi_dcmpgt
 .text          0x00000d7c       0x50 c:/freescale/kds_3.0.0/toolchain/bin/../lib/gcc/arm-none-eabi/4.8.4/armv7e-m/fpu\libgcc.a(_arm_fixdfsi.o)
                0x00000d7c                __aeabi_d2iz
                0x00000d7c                __fixdfsi
 .text          0x00000dcc       0xa0 c:/freescale/kds_3.0.0/toolchain/bin/../lib/gcc/arm-none-eabi/4.8.4/armv7e-m/fpu\libgcc.a(_arm_truncdfsf2.o)
                0x00000dcc                __truncdfsf2
                0x00000dcc                __aeabi_d2f
 .text          0x00000e6c       0x38 c:/freescale/kds_3.0.0/toolchain/bin/../lib/gcc/arm-none-eabi/4.8.4/armv7e-m/fpu\libgcc.a(_aeabi_ldivmod.o)
                0x00000e6c                __aeabi_ldivmod
 .text          0x00000ea4       0x2c c:/freescale/kds_3.0.0/toolchain/bin/../lib/gcc/arm-none-eabi/4.8.4/armv7e-m/fpu\libgcc.a(_aeabi_uldivmod.o)
                0x00000ea4                __aeabi_uldivmod
 .text          0x00000ed0       0x60 c:/freescale/kds_3.0.0/toolchain/bin/../lib/gcc/arm-none-eabi/4.8.4/armv7e-m/fpu\libgcc.a(bpabi.o)
                0x00000ed0                __gnu_ldivmod_helper
                0x00000f00                __gnu_uldivmod_helper
 .text          0x00000f30        0x4 c:/freescale/kds_3.0.0/toolchain/bin/../lib/gcc/arm-none-eabi/4.8.4/armv7e-m/fpu\libgcc.a(_dvmd_tls.o)
                0x00000f30                __aeabi_idiv0
                0x00000f30                __aeabi_ldiv0
 .text          0x00000f34      0x298 c:/freescale/kds_3.0.0/toolchain/bin/../lib/gcc/arm-none-eabi/4.8.4/armv7e-m/fpu\libgcc.a(_divdi3.o)
                0x00000f34                __divdi3
 .text          0x000011cc      0x284 c:/freescale/kds_3.0.0/toolchain/bin/../lib/gcc/arm-none-eabi/4.8.4/armv7e-m/fpu\libgcc.a(_udivdi3.o)
                0x000011cc                __udivdi3
 *(.text*)
 .text.FIFO_Init
                0x00001450       0x38 ./Sources/FIFO.o
                0x00001450                FIFO_Init
 .text.FIFO_Put
                0x00001488       0x58 ./Sources/FIFO.o
                0x00001488                FIFO_Put
 .text.FIFO_Get
                0x000014e0       0x58 ./Sources/FIFO.o
                0x000014e0                FIFO_Get
 .text.FTM_Init
                0x00001538       0xfc ./Sources/FTM.o
                0x00001538                FTM_Init
 .text.FTM_Set  0x00001634       0xe4 ./Sources/FTM.o
                0x00001634                FTM_Set
 .text.FTM_StartTimer
                0x00001718       0x78 ./Sources/FTM.o
                0x00001718                FTM_StartTimer
 .text.FTM0_ISR
                0x00001790       0x98 ./Sources/FTM.o
                0x00001790                FTM0_ISR
 .text.Write32  0x00001828       0x58 ./Sources/Flash.o
 .text.Write16  0x00001880       0x60 ./Sources/Flash.o
 .text.Write8   0x000018e0       0x60 ./Sources/Flash.o
 .text.LaunchCommand
                0x00001940       0xa4 ./Sources/Flash.o
 .text.Flash_Init
                0x000019e4       0x4c ./Sources/Flash.o
                0x000019e4                Flash_Init
 .text.Flash_AllocateVar
                0x00001a30       0x90 ./Sources/Flash.o
                0x00001a30                Flash_AllocateVar
 .text.Flash_Erase
                0x00001ac0       0x3c ./Sources/Flash.o
                0x00001ac0                Flash_Erase
 .text.WritePhrase
                0x00001afc       0xec ./Sources/Flash.o
 .text.EraseSector
                0x00001be8       0x38 ./Sources/Flash.o
 .text.Flash_Write
                0x00001c20       0x78 ./Sources/Flash.o
                0x00001c20                Flash_Write
 .text._FB      0x00001c98       0x34 ./Sources/Flash.o
                0x00001c98                _FB
 .text._FH      0x00001ccc       0x34 ./Sources/Flash.o
                0x00001ccc                _FH
 .text.Flash_ISR
                0x00001d00       0x40 ./Sources/Flash.o
                0x00001d00                Flash_ISR
 .text.StopCondition
                0x00001d40       0x20 ./Sources/I2C.o
 .text.RepeatCondition
                0x00001d60       0x20 ./Sources/I2C.o
 .text.I2C_ISR  0x00001d80      0x1ac ./Sources/I2C.o
                0x00001d80                I2C_ISR
 .text.LEDs_Init
                0x00001f2c       0xd4 ./Sources/LEDs.o
                0x00001f2c                LEDs_Init
 .text.LEDs_On  0x00002000       0x24 ./Sources/LEDs.o
                0x00002000                LEDs_On
 .text.LEDs_Off
                0x00002024       0x24 ./Sources/LEDs.o
                0x00002024                LEDs_Off
 .text.LEDs_Toggle
                0x00002048       0x24 ./Sources/LEDs.o
                0x00002048                LEDs_Toggle
 .text.PIT_Init
                0x0000206c       0xdc ./Sources/PIT.o
                0x0000206c                PIT_Init
 .text.PIT_Set  0x00002148       0x5c ./Sources/PIT.o
                0x00002148                PIT_Set
 .text.PIT_Enable
                0x000021a4       0x40 ./Sources/PIT.o
                0x000021a4                PIT_Enable
 .text.PIT_ISR  0x000021e4       0x48 ./Sources/PIT.o
                0x000021e4                PIT_ISR
 .text.RTC_Init
                0x0000222c       0xe8 ./Sources/RTC.o
                0x0000222c                RTC_Init
 .text.RTC_Set  0x00002314       0x5c ./Sources/RTC.o
                0x00002314                RTC_Set
 .text.RTC_Get  0x00002370       0x9c ./Sources/RTC.o
                0x00002370                RTC_Get
 .text.RTC_ISR  0x0000240c       0x2c ./Sources/RTC.o
                0x0000240c                RTC_ISR
 .text.RxUARTThread
                0x00002438       0x30 ./Sources/UART.o
 .text.TxUARTThread
                0x00002468       0x50 ./Sources/UART.o
 .text.UART_Init
                0x000024b8      0x1c8 ./Sources/UART.o
                0x000024b8                UART_Init
 .text.UART_InChar
                0x00002680       0x1c ./Sources/UART.o
                0x00002680                UART_InChar
 .text.UART_OutChar
                0x0000269c       0x34 ./Sources/UART.o
                0x0000269c                UART_OutChar
 .text.UART_ISR
                0x000026d0       0x94 ./Sources/UART.o
                0x000026d0                UART_ISR
 .text.AccelDataReady_ISR
                0x00002764       0x48 ./Sources/accel.o
                0x00002764                AccelDataReady_ISR
 .text.kf_bfly2
                0x000027ac       0xec ./Sources/kiss_fft.o
 .text.kf_bfly4
                0x00002898      0x360 ./Sources/kiss_fft.o
 .text.kf_bfly3
                0x00002bf8      0x2e4 ./Sources/kiss_fft.o
 .text.kf_bfly5
                0x00002edc      0x604 ./Sources/kiss_fft.o
 .text.kf_bfly_generic
                0x000034e0      0x1b0 ./Sources/kiss_fft.o
 .text.kf_work  0x00003690      0x118 ./Sources/kiss_fft.o
 .text.kf_factor
                0x000037a8       0xb8 ./Sources/kiss_fft.o
 .text.kiss_fft_alloc
                0x00003860      0x140 ./Sources/kiss_fft.o
                0x00003860                kiss_fft_alloc
 .text.kiss_fft_stride
                0x000039a0       0x70 ./Sources/kiss_fft.o
                0x000039a0                kiss_fft_stride
 .text.kiss_fft
                0x00003a10       0x20 ./Sources/kiss_fft.o
                0x00003a10                kiss_fft
 .text.kiss_fftr_alloc
                0x00003a30      0x1a0 ./Sources/kiss_fftr.o
                0x00003a30                kiss_fftr_alloc
 .text.kiss_fftr
                0x00003bd0      0x24c ./Sources/kiss_fftr.o
                0x00003bd0                kiss_fftr
 .text.FastSqrt
                0x00003e1c       0x68 ./Sources/main.o
                0x00003e1c                FastSqrt
 .text.ProtectedUint16Get
                0x00003e84       0x28 ./Sources/main.o
                0x00003e84                ProtectedUint16Get
 .text.ProtectedUint16Put
                0x00003eac       0x28 ./Sources/main.o
                0x00003eac                ProtectedUint16Put
 .text.ProtectedUint32Get
                0x00003ed4       0x28 ./Sources/main.o
                0x00003ed4                ProtectedUint32Get
 .text.ProtectedUint32Put
                0x00003efc       0x28 ./Sources/main.o
                0x00003efc                ProtectedUint32Put
 .text.ProtectedAnalogPut
                0x00003f24       0x34 ./Sources/main.o
                0x00003f24                ProtectedAnalogPut
 .text.ProtectedFFTPut
                0x00003f58       0x5c ./Sources/main.o
                0x00003f58                ProtectedFFTPut
 .text.ProtectedFFTGet
                0x00003fb4       0xb0 ./Sources/main.o
                0x00003fb4                ProtectedFFTGet
 .text.ProtectedCheckFlagsOff
                0x00004064       0x6c ./Sources/main.o
                0x00004064                ProtectedCheckFlagsOff
 .text.ProtectedFlagUpdate
                0x000040d0       0x28 ./Sources/main.o
                0x000040d0                ProtectedFlagUpdate
 .text.HandleTowerStartup
                0x000040f8       0x80 ./Sources/main.o
                0x000040f8                HandleTowerStartup
 .text.HandleTowerVersion
                0x00004178       0x28 ./Sources/main.o
                0x00004178                HandleTowerVersion
 .text.HandleTowerNumber
                0x000041a0       0x6c ./Sources/main.o
                0x000041a0                HandleTowerNumber
 .text.HandleTowerProgramByte
                0x0000420c       0x58 ./Sources/main.o
                0x0000420c                HandleTowerProgramByte
 .text.HandleTowerReadByte
                0x00004264       0x4c ./Sources/main.o
                0x00004264                HandleTowerReadByte
 .text.HandleTowerMode
                0x000042b0       0x6c ./Sources/main.o
                0x000042b0                HandleTowerMode
 .text.HandleTowerSetTime
                0x0000431c       0x40 ./Sources/main.o
                0x0000431c                HandleTowerSetTime
 .text.HandleTowerTimingMode
                0x0000435c       0xa8 ./Sources/main.o
                0x0000435c                HandleTowerTimingMode
 .text.HandleTowerRaises
                0x00004404       0x74 ./Sources/main.o
                0x00004404                HandleTowerRaises
 .text.HandleTowerLowers
                0x00004478       0x74 ./Sources/main.o
                0x00004478                HandleTowerLowers
 .text.HandleTowerFrequency
                0x000044ec       0x8c ./Sources/main.o
                0x000044ec                HandleTowerFrequency
 .text.HandleTowerVoltage
                0x00004578       0x6c ./Sources/main.o
                0x00004578                HandleTowerVoltage
 .text.HandleTowerHarmonic
                0x000045e4       0x4c ./Sources/main.o
                0x000045e4                HandleTowerHarmonic
 .text.ReceivedPacket
                0x00004630      0x1ac ./Sources/main.o
                0x00004630                ReceivedPacket
 .text.ADCReadCallback
                0x000047dc      0x2a4 ./Sources/main.o
                0x000047dc                ADCReadCallback
 .text.TowerInit
                0x00004a80      0x230 ./Sources/main.o
                0x00004a80                TowerInit
 .text.InitModulesThread
                0x00004cb0      0x1a4 ./Sources/main.o
 .text.PacketThread
                0x00004e54       0x5c ./Sources/main.o
 .text.RTCThread
                0x00004eb0       0x44 ./Sources/main.o
 .text.LogRaisesThread
                0x00004ef4       0x64 ./Sources/main.o
 .text.LogLowersThread
                0x00004f58       0x64 ./Sources/main.o
 .text.FrequencyTrackThread
                0x00004fbc       0x4c ./Sources/main.o
 .text.FrequencyCalculateThread
                0x00005008      0x2e8 ./Sources/main.o
 .text.UpdateRMSFast
                0x000052f0       0xcc ./Sources/main.o
                0x000052f0                UpdateRMSFast
 *fill*         0x000053bc        0x4 
 .text.RMSThread
                0x000053c0      0x420 ./Sources/main.o
                0x000053c0                RMSThread
 .text.FTMLEDsOffThread
                0x000057e0       0x24 ./Sources/main.o
 .text.FFTThread
                0x00005804       0xa0 ./Sources/main.o
 .text.main     0x000058a4      0x148 ./Sources/main.o
                0x000058a4                main
 .text.Packet_Init
                0x000059ec       0x2c ./Sources/packet.o
                0x000059ec                Packet_Init
 .text.Packet_Get
                0x00005a18       0x6c ./Sources/packet.o
                0x00005a18                Packet_Get
 .text.Packet_Put
                0x00005a84       0x70 ./Sources/packet.o
                0x00005a84                Packet_Put
 .text.__copy_rom_section
                0x00005af4       0xe4 ./Project_Settings/Startup_Code/startup.o
                0x00005af4                __copy_rom_section
 .text.__copy_rom_sections_to_ram
                0x00005bd8       0x9c ./Project_Settings/Startup_Code/startup.o
                0x00005bd8                __copy_rom_sections_to_ram
 .text.__init_registers
                0x00005c74       0x20 ./Project_Settings/Startup_Code/startup.o
                0x00005c74                __init_registers
 .text.__init_user
                0x00005c94        0xc ./Project_Settings/Startup_Code/startup.o
                0x00005c94                __init_user
 .text.__thumb_startup
                0x00005ca0       0x34 ./Project_Settings/Startup_Code/startup.o
                0x00005ca0                __thumb_startup
 .text.Cpu_Interrupt
                0x00005cd4       0x18 ./Generated_Code/Cpu.o
                0x00005cd4                Cpu_Interrupt
 .text.__init_hardware
                0x00005cec      0x1cc ./Generated_Code/Cpu.o
                0x00005cec                __init_hardware
 .text.Cpu_SetBASEPRI
                0x00005eb8       0x18 ./Generated_Code/Cpu.o
                0x00005eb8                Cpu_SetBASEPRI
 .text.PE_low_level_init
                0x00005ed0       0xe4 ./Generated_Code/Cpu.o
                0x00005ed0                PE_low_level_init
 .text.OS_Init  0x00005fb4      0x110 D:\Embedded Software US\es18aut13\Project\Library\libOS.a(OS.o)
                0x00005fb4                OS_Init
 .text.OS_ISREnter
                0x000060c4       0x20 D:\Embedded Software US\es18aut13\Project\Library\libOS.a(OS.o)
                0x000060c4                OS_ISREnter
 .text.OS_ISRExit
                0x000060e4       0x1c D:\Embedded Software US\es18aut13\Project\Library\libOS.a(OS.o)
                0x000060e4                OS_ISRExit
 .text.OS_SemaphoreCreate
                0x00006100       0x90 D:\Embedded Software US\es18aut13\Project\Library\libOS.a(OS.o)
                0x00006100                OS_SemaphoreCreate
 .text.OS_SemaphoreSignal
                0x00006190       0x44 D:\Embedded Software US\es18aut13\Project\Library\libOS.a(OS.o)
                0x00006190                OS_SemaphoreSignal
 .text.OS_SemaphoreWait
                0x000061d4       0x58 D:\Embedded Software US\es18aut13\Project\Library\libOS.a(OS.o)
                0x000061d4                OS_SemaphoreWait
 .text.OS_Start
                0x0000622c       0x10 D:\Embedded Software US\es18aut13\Project\Library\libOS.a(OS.o)
                0x0000622c                OS_Start
 .text.OS_ThreadCreate
                0x0000623c      0x160 D:\Embedded Software US\es18aut13\Project\Library\libOS.a(OS.o)
                0x0000623c                OS_ThreadCreate
 .text.OS_ThreadDelete
                0x0000639c      0x18c D:\Embedded Software US\es18aut13\Project\Library\libOS.a(OS.o)
                0x0000639c                OS_ThreadDelete
 .text.EventThreadReady
                0x00006528       0x68 D:\Embedded Software US\es18aut13\Project\Library\libOS.a(OS.o)
 .text.EventThreadWait
                0x00006590       0x64 D:\Embedded Software US\es18aut13\Project\Library\libOS.a(OS.o)
 .text.EventTimeout
                0x000065f4       0x40 D:\Embedded Software US\es18aut13\Project\Library\libOS.a(OS.o)
 .text.Idle     0x00006634       0x18 D:\Embedded Software US\es18aut13\Project\Library\libOS.a(OS.o)
 .text.FindFirstSet
                0x0000664c       0x44 D:\Embedded Software US\es18aut13\Project\Library\libOS.a(OS.o)
 .text.Schedule
                0x00006690       0x64 D:\Embedded Software US\es18aut13\Project\Library\libOS.a(OS.o)
 .text.TCBInit  0x000066f4       0xcc D:\Embedded Software US\es18aut13\Project\Library\libOS.a(OS.o)
 .text.TimeTick
                0x000067c0       0x74 D:\Embedded Software US\es18aut13\Project\Library\libOS.a(OS.o)
 *fill*         0x00006834        0xc 
 .text.OS_ContextSwitchISR
                0x00006840       0x70 D:\Embedded Software US\es18aut13\Project\Library\libOS.a(OS.o)
                0x00006840                OS_ContextSwitchISR
 .text.OS_SysTickISR
                0x000068b0       0x5c D:\Embedded Software US\es18aut13\Project\Library\libOS.a(OS.o)
                0x000068b0                OS_SysTickISR
 .text.DACWrite
                0x0000690c       0x6c D:\Embedded Software US\es18aut13\Project\Library\libAnalog.a(analog.o)
 .text.Analog_Init
                0x00006978       0x7c D:\Embedded Software US\es18aut13\Project\Library\libAnalog.a(analog.o)
                0x00006978                Analog_Init
 .text.Analog_Get
                0x000069f4       0x78 D:\Embedded Software US\es18aut13\Project\Library\libAnalog.a(analog.o)
                0x000069f4                Analog_Get
 .text.Analog_Put
                0x00006a6c       0x50 D:\Embedded Software US\es18aut13\Project\Library\libAnalog.a(analog.o)
                0x00006a6c                Analog_Put
 .text.InitChipSelectPins
                0x00006abc       0x6c D:\Embedded Software US\es18aut13\Project\Library\libAnalog.a(SPI.o)
 .text.SetupModuleConfigurationRegister
                0x00006b28      0x104 D:\Embedded Software US\es18aut13\Project\Library\libAnalog.a(SPI.o)
 .text.SetBaudRate
                0x00006c2c      0x15c D:\Embedded Software US\es18aut13\Project\Library\libAnalog.a(SPI.o)
 .text.SetDelayAfterTransfer
                0x00006d88      0x168 D:\Embedded Software US\es18aut13\Project\Library\libAnalog.a(SPI.o)
 .text.SetupClockAndTransferAttributesRegister
                0x00006ef0      0x16c D:\Embedded Software US\es18aut13\Project\Library\libAnalog.a(SPI.o)
 .text.SPI_Init
                0x0000705c       0x90 D:\Embedded Software US\es18aut13\Project\Library\libAnalog.a(SPI.o)
                0x0000705c                SPI_Init
 .text.SPI_SelectSlaveDevice
                0x000070ec       0x6c D:\Embedded Software US\es18aut13\Project\Library\libAnalog.a(SPI.o)
                0x000070ec                SPI_SelectSlaveDevice
 .text.SPI_Exchange
                0x00007158       0x94 D:\Embedded Software US\es18aut13\Project\Library\libAnalog.a(SPI.o)
                0x00007158                SPI_Exchange
 *fill*         0x000071ec        0x4 
 .text.cos      0x000071f0       0xa8 c:/freescale/kds_3.0.0/toolchain/bin/../lib/gcc/arm-none-eabi/4.8.4/../../../../arm-none-eabi/lib/armv7e-m/fpu\libm.a(lib_a-s_cos.o)
                0x000071f0                cos
 .text.floor    0x00007298      0x138 c:/freescale/kds_3.0.0/toolchain/bin/../lib/gcc/arm-none-eabi/4.8.4/../../../../arm-none-eabi/lib/armv7e-m/fpu\libm.a(lib_a-s_floor.o)
                0x00007298                floor
 .text.sin      0x000073d0       0xb0 c:/freescale/kds_3.0.0/toolchain/bin/../lib/gcc/arm-none-eabi/4.8.4/../../../../arm-none-eabi/lib/armv7e-m/fpu\libm.a(lib_a-s_sin.o)
                0x000073d0                sin
 .text.sqrt     0x00007480       0xbc c:/freescale/kds_3.0.0/toolchain/bin/../lib/gcc/arm-none-eabi/4.8.4/../../../../arm-none-eabi/lib/armv7e-m/fpu\libm.a(lib_a-w_sqrt.o)
                0x00007480                sqrt
 *fill*         0x0000753c        0x4 
 .text.__ieee754_rem_pio2
                0x00007540      0x450 c:/freescale/kds_3.0.0/toolchain/bin/../lib/gcc/arm-none-eabi/4.8.4/../../../../arm-none-eabi/lib/armv7e-m/fpu\libm.a(lib_a-e_rem_pio2.o)
                0x00007540                __ieee754_rem_pio2
 .text.__ieee754_sqrt
                0x00007990      0x198 c:/freescale/kds_3.0.0/toolchain/bin/../lib/gcc/arm-none-eabi/4.8.4/../../../../arm-none-eabi/lib/armv7e-m/fpu\libm.a(lib_a-e_sqrt.o)
                0x00007990                __ieee754_sqrt
 .text.__kernel_cos
                0x00007b28      0x280 c:/freescale/kds_3.0.0/toolchain/bin/../lib/gcc/arm-none-eabi/4.8.4/../../../../arm-none-eabi/lib/armv7e-m/fpu\libm.a(lib_a-k_cos.o)
                0x00007b28                __kernel_cos
 .text.__kernel_rem_pio2
                0x00007da8      0x798 c:/freescale/kds_3.0.0/toolchain/bin/../lib/gcc/arm-none-eabi/4.8.4/../../../../arm-none-eabi/lib/armv7e-m/fpu\libm.a(lib_a-k_rem_pio2.o)
                0x00007da8                __kernel_rem_pio2
 .text.__kernel_sin
                0x00008540      0x190 c:/freescale/kds_3.0.0/toolchain/bin/../lib/gcc/arm-none-eabi/4.8.4/../../../../arm-none-eabi/lib/armv7e-m/fpu\libm.a(lib_a-k_sin.o)
                0x00008540                __kernel_sin
 .text.fabs     0x000086d0       0x14 c:/freescale/kds_3.0.0/toolchain/bin/../lib/gcc/arm-none-eabi/4.8.4/../../../../arm-none-eabi/lib/armv7e-m/fpu\libm.a(lib_a-s_fabs.o)
                0x000086d0                fabs
 .text.__fpclassifyd
                0x000086e4       0x54 c:/freescale/kds_3.0.0/toolchain/bin/../lib/gcc/arm-none-eabi/4.8.4/../../../../arm-none-eabi/lib/armv7e-m/fpu\libm.a(lib_a-s_fpclassify.o)
                0x000086e4                __fpclassifyd
 .text.matherr  0x00008738        0x4 c:/freescale/kds_3.0.0/toolchain/bin/../lib/gcc/arm-none-eabi/4.8.4/../../../../arm-none-eabi/lib/armv7e-m/fpu\libm.a(lib_a-s_matherr.o)
                0x00008738                matherr
 *fill*         0x0000873c        0x4 
 .text.scalbn   0x00008740      0x120 c:/freescale/kds_3.0.0/toolchain/bin/../lib/gcc/arm-none-eabi/4.8.4/../../../../arm-none-eabi/lib/armv7e-m/fpu\libm.a(lib_a-s_scalbn.o)
                0x00008740                scalbn
 .text.copysign
                0x00008860       0x24 c:/freescale/kds_3.0.0/toolchain/bin/../lib/gcc/arm-none-eabi/4.8.4/../../../../arm-none-eabi/lib/armv7e-m/fpu\libm.a(lib_a-s_copysign.o)
                0x00008860                copysign
 .text.__errno  0x00008884        0xc c:/freescale/kds_3.0.0/toolchain/bin/../lib/gcc/arm-none-eabi/4.8.4/../../../../arm-none-eabi/lib/armv7e-m/fpu\libg_s.a(lib_a-errno.o)
                0x00008884                __errno
 .text.exit     0x00008890       0x28 c:/freescale/kds_3.0.0/toolchain/bin/../lib/gcc/arm-none-eabi/4.8.4/../../../../arm-none-eabi/lib/armv7e-m/fpu\libg_s.a(lib_a-exit.o)
                0x00008890                exit
 .text._fwrite_r
                0x000088b8       0xb0 c:/freescale/kds_3.0.0/toolchain/bin/../lib/gcc/arm-none-eabi/4.8.4/../../../../arm-none-eabi/lib/armv7e-m/fpu\libg_s.a(lib_a-fwrite.o)
                0x000088b8                _fwrite_r
 .text.fwrite   0x00008968       0x20 c:/freescale/kds_3.0.0/toolchain/bin/../lib/gcc/arm-none-eabi/4.8.4/../../../../arm-none-eabi/lib/armv7e-m/fpu\libg_s.a(lib_a-fwrite.o)
                0x00008968                fwrite
 .text.__libc_init_array
                0x00008988       0x4c c:/freescale/kds_3.0.0/toolchain/bin/../lib/gcc/arm-none-eabi/4.8.4/../../../../arm-none-eabi/lib/armv7e-m/fpu\libg_s.a(lib_a-init.o)
                0x00008988                __libc_init_array
 .text.malloc   0x000089d4       0x10 c:/freescale/kds_3.0.0/toolchain/bin/../lib/gcc/arm-none-eabi/4.8.4/../../../../arm-none-eabi/lib/armv7e-m/fpu\libg_s.a(lib_a-malloc.o)
                0x000089d4                malloc
 .text.free     0x000089e4       0x10 c:/freescale/kds_3.0.0/toolchain/bin/../lib/gcc/arm-none-eabi/4.8.4/../../../../arm-none-eabi/lib/armv7e-m/fpu\libg_s.a(lib_a-malloc.o)
                0x000089e4                free
 .text.memcpy   0x000089f4       0x12 c:/freescale/kds_3.0.0/toolchain/bin/../lib/gcc/arm-none-eabi/4.8.4/../../../../arm-none-eabi/lib/armv7e-m/fpu\libg_s.a(lib_a-memcpy-stub.o)
                0x000089f4                memcpy
 .text.memset   0x00008a06       0x10 c:/freescale/kds_3.0.0/toolchain/bin/../lib/gcc/arm-none-eabi/4.8.4/../../../../arm-none-eabi/lib/armv7e-m/fpu\libg_s.a(lib_a-memset.o)
                0x00008a06                memset
 *fill*         0x00008a16        0x2 
 .text._free_r  0x00008a18       0x88 c:/freescale/kds_3.0.0/toolchain/bin/../lib/gcc/arm-none-eabi/4.8.4/../../../../arm-none-eabi/lib/armv7e-m/fpu\libg_s.a(lib_a-nano-freer.o)
                0x00008a18                _free_r
 .text._malloc_r
                0x00008aa0       0xa8 c:/freescale/kds_3.0.0/toolchain/bin/../lib/gcc/arm-none-eabi/4.8.4/../../../../arm-none-eabi/lib/armv7e-m/fpu\libg_s.a(lib_a-nano-mallocr.o)
                0x00008aa0                _malloc_r
 .text._sbrk_r  0x00008b48       0x20 c:/freescale/kds_3.0.0/toolchain/bin/../lib/gcc/arm-none-eabi/4.8.4/../../../../arm-none-eabi/lib/armv7e-m/fpu\libg_s.a(lib_a-sbrkr.o)
                0x00008b48                _sbrk_r
 .text.__swbuf_r
                0x00008b68       0xa8 c:/freescale/kds_3.0.0/toolchain/bin/../lib/gcc/arm-none-eabi/4.8.4/../../../../arm-none-eabi/lib/armv7e-m/fpu\libg_s.a(lib_a-wbuf.o)
                0x00008b68                __swbuf_r
 .text.__swsetup_r
                0x00008c10       0xdc c:/freescale/kds_3.0.0/toolchain/bin/../lib/gcc/arm-none-eabi/4.8.4/../../../../arm-none-eabi/lib/armv7e-m/fpu\libg_s.a(lib_a-wsetup.o)
                0x00008c10                __swsetup_r
 .text.__sflush_r
                0x00008cec      0x106 c:/freescale/kds_3.0.0/toolchain/bin/../lib/gcc/arm-none-eabi/4.8.4/../../../../arm-none-eabi/lib/armv7e-m/fpu\libg_s.a(lib_a-fflush.o)
                0x00008cec                __sflush_r
 *fill*         0x00008df2        0x2 
 .text._fflush_r
                0x00008df4       0x54 c:/freescale/kds_3.0.0/toolchain/bin/../lib/gcc/arm-none-eabi/4.8.4/../../../../arm-none-eabi/lib/armv7e-m/fpu\libg_s.a(lib_a-fflush.o)
                0x00008df4                _fflush_r
 .text._cleanup_r
                0x00008e48       0x32 c:/freescale/kds_3.0.0/toolchain/bin/../lib/gcc/arm-none-eabi/4.8.4/../../../../arm-none-eabi/lib/armv7e-m/fpu\libg_s.a(lib_a-findfp.o)
                0x00008e48                _cleanup_r
 *fill*         0x00008e7a        0x2 
 .text.std.isra.0
                0x00008e7c       0x48 c:/freescale/kds_3.0.0/toolchain/bin/../lib/gcc/arm-none-eabi/4.8.4/../../../../arm-none-eabi/lib/armv7e-m/fpu\libg_s.a(lib_a-findfp.o)
 .text.__sfmoreglue
                0x00008ec4       0x2c c:/freescale/kds_3.0.0/toolchain/bin/../lib/gcc/arm-none-eabi/4.8.4/../../../../arm-none-eabi/lib/armv7e-m/fpu\libg_s.a(lib_a-findfp.o)
                0x00008ec4                __sfmoreglue
 .text.__sinit  0x00008ef0       0x60 c:/freescale/kds_3.0.0/toolchain/bin/../lib/gcc/arm-none-eabi/4.8.4/../../../../arm-none-eabi/lib/armv7e-m/fpu\libg_s.a(lib_a-findfp.o)
                0x00008ef0                __sinit
 .text.__sfp    0x00008f50       0x74 c:/freescale/kds_3.0.0/toolchain/bin/../lib/gcc/arm-none-eabi/4.8.4/../../../../arm-none-eabi/lib/armv7e-m/fpu\libg_s.a(lib_a-findfp.o)
                0x00008f50                __sfp
 .text.__smakebuf_r
                0x00008fc4       0x9c c:/freescale/kds_3.0.0/toolchain/bin/../lib/gcc/arm-none-eabi/4.8.4/../../../../arm-none-eabi/lib/armv7e-m/fpu\libg_s.a(lib_a-makebuf.o)
                0x00008fc4                __smakebuf_r
 .text.__sread  0x00009060       0x22 c:/freescale/kds_3.0.0/toolchain/bin/../lib/gcc/arm-none-eabi/4.8.4/../../../../arm-none-eabi/lib/armv7e-m/fpu\libg_s.a(lib_a-stdio.o)
                0x00009060                __sread
 .text.__swrite
                0x00009082       0x38 c:/freescale/kds_3.0.0/toolchain/bin/../lib/gcc/arm-none-eabi/4.8.4/../../../../arm-none-eabi/lib/armv7e-m/fpu\libg_s.a(lib_a-stdio.o)
                0x00009082                __swrite
 .text.__sseek  0x000090ba       0x24 c:/freescale/kds_3.0.0/toolchain/bin/../lib/gcc/arm-none-eabi/4.8.4/../../../../arm-none-eabi/lib/armv7e-m/fpu\libg_s.a(lib_a-stdio.o)
                0x000090ba                __sseek
 .text.__sclose
                0x000090de        0x8 c:/freescale/kds_3.0.0/toolchain/bin/../lib/gcc/arm-none-eabi/4.8.4/../../../../arm-none-eabi/lib/armv7e-m/fpu\libg_s.a(lib_a-stdio.o)
                0x000090de                __sclose
 *fill*         0x000090e6        0x2 
 .text._write_r
                0x000090e8       0x24 c:/freescale/kds_3.0.0/toolchain/bin/../lib/gcc/arm-none-eabi/4.8.4/../../../../arm-none-eabi/lib/armv7e-m/fpu\libg_s.a(lib_a-writer.o)
                0x000090e8                _write_r
 .text._close_r
                0x0000910c       0x20 c:/freescale/kds_3.0.0/toolchain/bin/../lib/gcc/arm-none-eabi/4.8.4/../../../../arm-none-eabi/lib/armv7e-m/fpu\libg_s.a(lib_a-closer.o)
                0x0000910c                _close_r
 .text._fstat_r
                0x0000912c       0x24 c:/freescale/kds_3.0.0/toolchain/bin/../lib/gcc/arm-none-eabi/4.8.4/../../../../arm-none-eabi/lib/armv7e-m/fpu\libg_s.a(lib_a-fstatr.o)
                0x0000912c                _fstat_r
 .text._isatty_r
                0x00009150       0x20 c:/freescale/kds_3.0.0/toolchain/bin/../lib/gcc/arm-none-eabi/4.8.4/../../../../arm-none-eabi/lib/armv7e-m/fpu\libg_s.a(lib_a-isattyr.o)
                0x00009150                _isatty_r
 .text._lseek_r
                0x00009170       0x24 c:/freescale/kds_3.0.0/toolchain/bin/../lib/gcc/arm-none-eabi/4.8.4/../../../../arm-none-eabi/lib/armv7e-m/fpu\libg_s.a(lib_a-lseekr.o)
                0x00009170                _lseek_r
 .text._read_r  0x00009194       0x24 c:/freescale/kds_3.0.0/toolchain/bin/../lib/gcc/arm-none-eabi/4.8.4/../../../../arm-none-eabi/lib/armv7e-m/fpu\libg_s.a(lib_a-readr.o)
                0x00009194                _read_r
 .text._close   0x000091b8       0x10 c:/freescale/kds_3.0.0/toolchain/bin/../lib/gcc/arm-none-eabi/4.8.4/../../../../arm-none-eabi/lib/armv7e-m/fpu\libnosys.a(close.o)
                0x000091b8                _close
 .text._fstat   0x000091c8       0x10 c:/freescale/kds_3.0.0/toolchain/bin/../lib/gcc/arm-none-eabi/4.8.4/../../../../arm-none-eabi/lib/armv7e-m/fpu\libnosys.a(fstat.o)
                0x000091c8                _fstat
 .text._isatty  0x000091d8       0x10 c:/freescale/kds_3.0.0/toolchain/bin/../lib/gcc/arm-none-eabi/4.8.4/../../../../arm-none-eabi/lib/armv7e-m/fpu\libnosys.a(isatty.o)
                0x000091d8                _isatty
 .text._lseek   0x000091e8       0x10 c:/freescale/kds_3.0.0/toolchain/bin/../lib/gcc/arm-none-eabi/4.8.4/../../../../arm-none-eabi/lib/armv7e-m/fpu\libnosys.a(lseek.o)
                0x000091e8                _lseek
 .text._read    0x000091f8       0x10 c:/freescale/kds_3.0.0/toolchain/bin/../lib/gcc/arm-none-eabi/4.8.4/../../../../arm-none-eabi/lib/armv7e-m/fpu\libnosys.a(read.o)
                0x000091f8                _read
 .text._sbrk    0x00009208       0x34 c:/freescale/kds_3.0.0/toolchain/bin/../lib/gcc/arm-none-eabi/4.8.4/../../../../arm-none-eabi/lib/armv7e-m/fpu\libnosys.a(sbrk.o)
                0x00009208                _sbrk
 .text._write   0x0000923c       0x10 c:/freescale/kds_3.0.0/toolchain/bin/../lib/gcc/arm-none-eabi/4.8.4/../../../../arm-none-eabi/lib/armv7e-m/fpu\libnosys.a(write.o)
                0x0000923c                _write
 .text._exit    0x0000924c        0x4 c:/freescale/kds_3.0.0/toolchain/bin/../lib/gcc/arm-none-eabi/4.8.4/../../../../arm-none-eabi/lib/armv7e-m/fpu\libnosys.a(_exit.o)
                0x0000924c                _exit
 *(.rodata)
 .rodata        0x00009250       0x50 ./Sources/kiss_fftr.o
 .rodata        0x000092a0        0x4 D:\Embedded Software US\es18aut13\Project\Library\libAnalog.a(analog.o)
 .rodata        0x000092a4       0xa0 D:\Embedded Software US\es18aut13\Project\Library\libAnalog.a(SPI.o)
 *(.rodata*)
 .rodata.ANALOG_THREAD_PRIORITIES
                0x00009344        0x4 ./Sources/main.o
                0x00009344                ANALOG_THREAD_PRIORITIES
 .rodata.PACKET_ACK_MASK
                0x00009348        0x1 ./Sources/packet.o
                0x00009348                PACKET_ACK_MASK
 *fill*         0x00009349        0x3 
 .rodata.SPI_SETUP
                0x0000934c       0x1c D:\Embedded Software US\es18aut13\Project\Library\libAnalog.a(analog.o)
 .rodata.str1.4
                0x00009368        0x8 c:/freescale/kds_3.0.0/toolchain/bin/../lib/gcc/arm-none-eabi/4.8.4/../../../../arm-none-eabi/lib/armv7e-m/fpu\libm.a(lib_a-w_sqrt.o)
 .rodata.npio2_hw
                0x00009370       0x80 c:/freescale/kds_3.0.0/toolchain/bin/../lib/gcc/arm-none-eabi/4.8.4/../../../../arm-none-eabi/lib/armv7e-m/fpu\libm.a(lib_a-e_rem_pio2.o)
 .rodata.two_over_pi
                0x000093f0      0x108 c:/freescale/kds_3.0.0/toolchain/bin/../lib/gcc/arm-none-eabi/4.8.4/../../../../arm-none-eabi/lib/armv7e-m/fpu\libm.a(lib_a-e_rem_pio2.o)
 .rodata.init_jk
                0x000094f8       0x10 c:/freescale/kds_3.0.0/toolchain/bin/../lib/gcc/arm-none-eabi/4.8.4/../../../../arm-none-eabi/lib/armv7e-m/fpu\libm.a(lib_a-k_rem_pio2.o)
 .rodata.PIo2   0x00009508       0x40 c:/freescale/kds_3.0.0/toolchain/bin/../lib/gcc/arm-none-eabi/4.8.4/../../../../arm-none-eabi/lib/armv7e-m/fpu\libm.a(lib_a-k_rem_pio2.o)
 .rodata.str1.1
                0x00009548        0x2 c:/freescale/kds_3.0.0/toolchain/bin/../lib/gcc/arm-none-eabi/4.8.4/../../../../arm-none-eabi/lib/armv7e-m/fpu\libg_s.a(lib_a-impure.o)
 *fill*         0x0000954a        0x2 
 .rodata._global_impure_ptr
                0x0000954c        0x4 c:/freescale/kds_3.0.0/toolchain/bin/../lib/gcc/arm-none-eabi/4.8.4/../../../../arm-none-eabi/lib/armv7e-m/fpu\libg_s.a(lib_a-impure.o)
                0x0000954c                _global_impure_ptr
 .rodata.__sf_fake_stdin
                0x00009550       0x20 c:/freescale/kds_3.0.0/toolchain/bin/../lib/gcc/arm-none-eabi/4.8.4/../../../../arm-none-eabi/lib/armv7e-m/fpu\libg_s.a(lib_a-findfp.o)
                0x00009550                __sf_fake_stdin
 .rodata.__sf_fake_stdout
                0x00009570       0x20 c:/freescale/kds_3.0.0/toolchain/bin/../lib/gcc/arm-none-eabi/4.8.4/../../../../arm-none-eabi/lib/armv7e-m/fpu\libg_s.a(lib_a-findfp.o)
                0x00009570                __sf_fake_stdout
 .rodata.__sf_fake_stderr
                0x00009590       0x20 c:/freescale/kds_3.0.0/toolchain/bin/../lib/gcc/arm-none-eabi/4.8.4/../../../../arm-none-eabi/lib/armv7e-m/fpu\libg_s.a(lib_a-findfp.o)
                0x00009590                __sf_fake_stderr
 *(.glue_7)
 .glue_7        0x00000000        0x0 linker stubs
 *(.glue_7t)
 .glue_7t       0x00000000        0x0 linker stubs
 *(.eh_frame)
 .eh_frame      0x000095b0        0x0 c:/freescale/kds_3.0.0/toolchain/bin/../lib/gcc/arm-none-eabi/4.8.4/armv7e-m/fpu/crtbegin.o
 *(.init)
 .init          0x000095b0        0x4 c:/freescale/kds_3.0.0/toolchain/bin/../lib/gcc/arm-none-eabi/4.8.4/armv7e-m/fpu/crti.o
                0x000095b0                _init
 .init          0x000095b4        0x8 c:/freescale/kds_3.0.0/toolchain/bin/../lib/gcc/arm-none-eabi/4.8.4/armv7e-m/fpu/crtn.o
 *(.fini)
 .fini          0x000095bc        0x4 c:/freescale/kds_3.0.0/toolchain/bin/../lib/gcc/arm-none-eabi/4.8.4/armv7e-m/fpu/crti.o
                0x000095bc                _fini
 .fini          0x000095c0        0x8 c:/freescale/kds_3.0.0/toolchain/bin/../lib/gcc/arm-none-eabi/4.8.4/armv7e-m/fpu/crtn.o
                0x000095c8                . = ALIGN (0x4)
                0x000095c8                _etext = .

.vfp11_veneer   0x000095c8        0x0
 .vfp11_veneer  0x00000000        0x0 linker stubs

.v4_bx          0x000095c8        0x0
 .v4_bx         0x00000000        0x0 linker stubs

.iplt           0x000095c8        0x0
 .iplt          0x00000000        0x0 c:/freescale/kds_3.0.0/toolchain/bin/../lib/gcc/arm-none-eabi/4.8.4/armv7e-m/fpu/crtbegin.o

.ARM.extab
 *(.ARM.extab* .gnu.linkonce.armextab.*)

.ARM            0x000095c8        0x8
                0x000095c8                __exidx_start = .
 *(.ARM.exidx*)
 .ARM.exidx     0x000095c8        0x8 c:/freescale/kds_3.0.0/toolchain/bin/../lib/gcc/arm-none-eabi/4.8.4/../../../../arm-none-eabi/lib/armv7e-m/fpu/crt0.o
 .ARM.exidx     0x000095d0        0x0 c:/freescale/kds_3.0.0/toolchain/bin/../lib/gcc/arm-none-eabi/4.8.4/armv7e-m/fpu\libgcc.a(_divdi3.o)
                                  0x8 (size before relaxing)
 .ARM.exidx     0x000095d0        0x0 c:/freescale/kds_3.0.0/toolchain/bin/../lib/gcc/arm-none-eabi/4.8.4/armv7e-m/fpu\libgcc.a(_udivdi3.o)
                                  0x8 (size before relaxing)
                0x000095d0                __exidx_end = .

.rel.dyn        0x000095d0        0x0
 .rel.iplt      0x00000000        0x0 c:/freescale/kds_3.0.0/toolchain/bin/../lib/gcc/arm-none-eabi/4.8.4/armv7e-m/fpu/crtbegin.o

.ctors          0x000095d0        0x0
                0x000095d0                __CTOR_LIST__ = .
 *crtbegin.o(.ctors)
 *(EXCLUDE_FILE(*crtend.o) .ctors)
 *(SORT(.ctors.*))
 *(.ctors)
                0x000095d0                __CTOR_END__ = .

.dtors          0x000095d0        0x0
                0x000095d0                __DTOR_LIST__ = .
 *crtbegin.o(.dtors)
 *(EXCLUDE_FILE(*crtend.o) .dtors)
 *(SORT(.dtors.*))
 *(.dtors)
                0x000095d0                __DTOR_END__ = .

.preinit_array  0x000095d0        0x0
                0x000095d0                PROVIDE (__preinit_array_start, .)
 *(.preinit_array*)
                0x000095d0                PROVIDE (__preinit_array_end, .)

.init_array     0x000095d0        0x4
                0x000095d0                PROVIDE (__init_array_start, .)
 *(SORT(.init_array.*))
 *(.init_array*)
 .init_array    0x000095d0        0x4 c:/freescale/kds_3.0.0/toolchain/bin/../lib/gcc/arm-none-eabi/4.8.4/armv7e-m/fpu/crtbegin.o
                0x000095d4                PROVIDE (__init_array_end, .)

.fini_array     0x000095d4        0x4
                0x000095d4                PROVIDE (__fini_array_start, .)
 *(SORT(.fini_array.*))
 *(.fini_array*)
 .fini_array    0x000095d4        0x4 c:/freescale/kds_3.0.0/toolchain/bin/../lib/gcc/arm-none-eabi/4.8.4/armv7e-m/fpu/crtbegin.o
                0x000095d8                PROVIDE (__fini_array_end, .)
                0x000095d8                ___ROM_AT = .

.data           0x1fff0000       0x84 load address 0x000095d8
                0x1fff0000                . = ALIGN (0x4)
                0x1fff0000                _sdata = .
 *(.data)
 *(.data*)
 .data.SlaveDeviceAddress
                0x1fff0000        0x1 ./Sources/I2C.o
 *fill*         0x1fff0001        0x3 
 .data.AnalogThreadData
                0x1fff0004       0x18 ./Sources/main.o
 .data.__fdlib_version
                0x1fff001c        0x1 c:/freescale/kds_3.0.0/toolchain/bin/../lib/gcc/arm-none-eabi/4.8.4/../../../../arm-none-eabi/lib/armv7e-m/fpu\libm.a(lib_a-s_lib_ver.o)
                0x1fff001c                __fdlib_version
 *fill*         0x1fff001d        0x3 
 .data.impure_data
                0x1fff0020       0x60 c:/freescale/kds_3.0.0/toolchain/bin/../lib/gcc/arm-none-eabi/4.8.4/../../../../arm-none-eabi/lib/armv7e-m/fpu\libg_s.a(lib_a-impure.o)
 .data._impure_ptr
                0x1fff0080        0x4 c:/freescale/kds_3.0.0/toolchain/bin/../lib/gcc/arm-none-eabi/4.8.4/../../../../arm-none-eabi/lib/armv7e-m/fpu\libg_s.a(lib_a-impure.o)
                0x1fff0080                _impure_ptr
                0x1fff0084                . = ALIGN (0x4)
                0x1fff0084                _edata = .
                0x00000084                ___data_size = (_edata - _sdata)
                0x0000965c                ___m_data_20000000_ROMStart = (___ROM_AT + SIZEOF (.data))

.jcr            0x1fff0084        0x0 load address 0x0000965c
 .jcr           0x1fff0084        0x0 c:/freescale/kds_3.0.0/toolchain/bin/../lib/gcc/arm-none-eabi/4.8.4/armv7e-m/fpu/crtbegin.o

.igot.plt       0x1fff0084        0x0 load address 0x0000965c
 .igot.plt      0x00000000        0x0 c:/freescale/kds_3.0.0/toolchain/bin/../lib/gcc/arm-none-eabi/4.8.4/armv7e-m/fpu/crtbegin.o

.m_data_20000000
                0x20000000        0x0 load address 0x0000965c
                0x20000000                . = ALIGN (0x4)
                0x20000000                ___m_data_20000000_RAMStart = .
 *(.m_data_20000000)
                0x20000000                ___m_data_20000000_RAMEnd = .
                0x20000000                . = ALIGN (0x4)
                0x00000000                ___m_data_20000000_ROMSize = (___m_data_20000000_RAMEnd - ___m_data_20000000_RAMStart)
                0x20000000                . = ALIGN (0x4)

.bss            0x1fff0088     0x8954 load address 0x00009660
                0x1fff0088                __START_BSS = .
                0x1fff0088                PROVIDE (__bss_start__, __START_BSS)
 *(.bss)
 .bss           0x1fff0088       0x1c c:/freescale/kds_3.0.0/toolchain/bin/../lib/gcc/arm-none-eabi/4.8.4/armv7e-m/fpu/crtbegin.o
 *(.bss*)
 .bss.UserSemaphore
                0x1fff00a4       0x20 ./Sources/FTM.o
 .bss.occupiedBytes.5729
                0x1fff00c4        0x1 ./Sources/Flash.o
 *fill*         0x1fff00c5        0x3 
 .bss.ReadCompleteSemaphore
                0x1fff00c8        0x4 ./Sources/I2C.o
 .bss.I2CAccess
                0x1fff00cc        0x4 ./Sources/I2C.o
 .bss.SlaveDeviceReadAddress
                0x1fff00d0        0x1 ./Sources/I2C.o
 .bss.NbBytes   0x1fff00d1        0x1 ./Sources/I2C.o
 *fill*         0x1fff00d2        0x2 
 .bss.DataPtr   0x1fff00d4        0x4 ./Sources/I2C.o
 .bss.stage.6666
                0x1fff00d8        0x1 ./Sources/I2C.o
 .bss.readCount.6667
                0x1fff00d9        0x1 ./Sources/I2C.o
 *fill*         0x1fff00da        0x2 
 .bss.ModuleClk
                0x1fff00dc        0x4 ./Sources/PIT.o
 .bss.UserFunction
                0x1fff00e0        0x4 ./Sources/PIT.o
 .bss.UserArguments
                0x1fff00e4        0x4 ./Sources/PIT.o
 .bss.ReadSemaphore
                0x1fff00e8        0x4 ./Sources/RTC.o
 *fill*         0x1fff00ec        0x4 
 .bss.RxUARTThreadStack
                0x1fff00f0      0x7d0 ./Sources/UART.o
 .bss.TxUARTThreadStack
                0x1fff08c0      0x7d0 ./Sources/UART.o
 .bss.DataReadySemaphore
                0x1fff1090        0x4 ./Sources/accel.o
 .bss.VoltageSamples
                0x1fff1094      0x188 ./Sources/main.o
 .bss.RMS       0x1fff121c        0x8 ./Sources/main.o
 .bss.TimingMode
                0x1fff1224        0x2 ./Sources/main.o
 *fill*         0x1fff1226        0x2 
 .bss.SamplePeriod
                0x1fff1228        0x4 ./Sources/main.o
 .bss.NewSamplePeriod
                0x1fff122c        0x4 ./Sources/main.o
 .bss.LastCrossing
                0x1fff1230        0x4 ./Sources/main.o
 *fill*         0x1fff1234        0x4 
 .bss.LastSumOfSquares
                0x1fff1238       0x18 ./Sources/main.o
 .bss.OldestData
                0x1fff1250        0x8 ./Sources/main.o
 .bss.Alarm     0x1fff1258        0x4 ./Sources/main.o
 .bss.Adjusting
                0x1fff125c        0x4 ./Sources/main.o
 .bss.Frequency
                0x1fff1260        0x2 ./Sources/main.o
 *fill*         0x1fff1262        0x2 
 .bss.LEDOffSemaphore
                0x1fff1264        0x4 ./Sources/main.o
 .bss.RTCReadSemaphore
                0x1fff1268        0x4 ./Sources/main.o
 .bss.FrequencyCalculateSemaphore
                0x1fff126c        0x4 ./Sources/main.o
 .bss.FrequencyTrackSemaphore
                0x1fff1270        0x4 ./Sources/main.o
 .bss.LogRaisesSemaphore
                0x1fff1274        0x4 ./Sources/main.o
 .bss.LogLowersSemaphore
                0x1fff1278        0x4 ./Sources/main.o
 .bss.FlashAccessMutex
                0x1fff127c        0x4 ./Sources/main.o
 .bss.FFTSemaphore
                0x1fff1280        0x4 ./Sources/main.o
 .bss.FFTOutputMutex
                0x1fff1284        0x4 ./Sources/main.o
 .bss.AlarmMutex
                0x1fff1288        0x4 ./Sources/main.o
 .bss.AdjustingMutex
                0x1fff128c        0x4 ./Sources/main.o
 .bss.RMSCalculationDataMutex
                0x1fff1290        0x4 ./Sources/main.o
 .bss.SamplePeriodMutex
                0x1fff1294        0x4 ./Sources/main.o
 .bss.NewSamplePeriodMutex
                0x1fff1298        0x4 ./Sources/main.o
 .bss.FrequencyMutex
                0x1fff129c        0x4 ./Sources/main.o
 .bss.RMSMutex  0x1fff12a0        0x4 ./Sources/main.o
 .bss.TimingModeMutex
                0x1fff12a4        0x4 ./Sources/main.o
 .bss.InitModulesThreadStack
                0x1fff12a8      0x7d0 ./Sources/main.o
 .bss.RTCThreadStack
                0x1fff1a78      0x7d0 ./Sources/main.o
 .bss.FTMLEDsOffThreadStack
                0x1fff2248      0x7d0 ./Sources/main.o
 .bss.FrequencyCalculateThreadStack
                0x1fff2a18      0x7d0 ./Sources/main.o
 .bss.FrequencyTrackThreadStack
                0x1fff31e8      0x7d0 ./Sources/main.o
 .bss.PacketThreadStack
                0x1fff39b8      0x7d0 ./Sources/main.o
 .bss.LogRaisesThreadStack
                0x1fff4188      0x7d0 ./Sources/main.o
 .bss.LogLowersThreadStack
                0x1fff4958      0x7d0 ./Sources/main.o
 .bss.FFTThreadStack
                0x1fff5128      0x7d0 ./Sources/main.o
 .bss.RMSThreadStacks
                0x1fff58f8     0x1770 ./Sources/main.o
 .bss.phase.8508
                0x1fff7068        0x1 ./Sources/main.o
 *fill*         0x1fff7069        0x3 
 .bss.PacketPutAccess
                0x1fff706c        0x4 ./Sources/packet.o
 .bss.SR_lock   0x1fff7070        0x1 ./Generated_Code/Cpu.o
                0x1fff7070                SR_lock
 *fill*         0x1fff7071        0x3 
 .bss.TCBUnusedMain
                0x1fff7074       0x18 D:\Embedded Software US\es18aut13\Project\Library\libOS.a(OS.o)
 .bss.TCBTable  0x1fff708c      0x300 D:\Embedded Software US\es18aut13\Project\Library\libOS.a(OS.o)
 .bss.pTCBFreeList
                0x1fff738c        0x4 D:\Embedded Software US\es18aut13\Project\Library\libOS.a(OS.o)
 .bss.pTCBAllocatedList
                0x1fff7390        0x4 D:\Embedded Software US\es18aut13\Project\Library\libOS.a(OS.o)
 .bss.pTCBPriorityTable
                0x1fff7394       0x80 D:\Embedded Software US\es18aut13\Project\Library\libOS.a(OS.o)
 .bss.pTCBRunning
                0x1fff7414        0x4 D:\Embedded Software US\es18aut13\Project\Library\libOS.a(OS.o)
 .bss.pTCBHighestReady
                0x1fff7418        0x4 D:\Embedded Software US\es18aut13\Project\Library\libOS.a(OS.o)
 .bss.ReadyList
                0x1fff741c        0x4 D:\Embedded Software US\es18aut13\Project\Library\libOS.a(OS.o)
 .bss.ECBTable  0x1fff7420      0x100 D:\Embedded Software US\es18aut13\Project\Library\libOS.a(OS.o)
 .bss.NextECBFree
                0x1fff7520        0x1 D:\Embedded Software US\es18aut13\Project\Library\libOS.a(OS.o)
 *fill*         0x1fff7521        0x3 
 .bss.IdleCounter
                0x1fff7524        0x4 D:\Embedded Software US\es18aut13\Project\Library\libOS.a(OS.o)
 .bss.IdleStack
                0x1fff7528      0x400 D:\Embedded Software US\es18aut13\Project\Library\libOS.a(OS.o)
 .bss.Ticks     0x1fff7928        0x4 D:\Embedded Software US\es18aut13\Project\Library\libOS.a(OS.o)
 .bss.ToggleCntr
                0x1fff792c        0x4 D:\Embedded Software US\es18aut13\Project\Library\libOS.a(OS.o)
 .bss.ToggleLED
                0x1fff7930        0x1 D:\Embedded Software US\es18aut13\Project\Library\libOS.a(OS.o)
 .bss.ISRNestLevel
                0x1fff7931        0x1 D:\Embedded Software US\es18aut13\Project\Library\libOS.a(OS.o)
 *fill*         0x1fff7932        0x2 
 .bss.ADCCommandUnion
                0x1fff7934        0x4 D:\Embedded Software US\es18aut13\Project\Library\libAnalog.a(analog.o)
 .bss.__malloc_sbrk_start
                0x1fff7938        0x4 c:/freescale/kds_3.0.0/toolchain/bin/../lib/gcc/arm-none-eabi/4.8.4/../../../../arm-none-eabi/lib/armv7e-m/fpu\libg_s.a(lib_a-nano-mallocr.o)
                0x1fff7938                __malloc_sbrk_start
 .bss.__malloc_free_list
                0x1fff793c        0x4 c:/freescale/kds_3.0.0/toolchain/bin/../lib/gcc/arm-none-eabi/4.8.4/../../../../arm-none-eabi/lib/armv7e-m/fpu\libg_s.a(lib_a-nano-mallocr.o)
                0x1fff793c                __malloc_free_list
 .bss.heap_end.4246
                0x1fff7940        0x4 c:/freescale/kds_3.0.0/toolchain/bin/../lib/gcc/arm-none-eabi/4.8.4/../../../../arm-none-eabi/lib/armv7e-m/fpu\libnosys.a(sbrk.o)
 *(COMMON)
 COMMON         0x1fff7944        0x8 ./Sources/Flash.o
                0x1fff7944                CCIFSemaphore
                0x1fff7948                FlashAccessMutex
 COMMON         0x1fff794c     0x1024 ./Sources/UART.o
                0x1fff794c                DummyRead
                0x1fff7950                TxFIFO
                0x1fff815c                RxFIFO
                0x1fff8968                RxUARTSemaphore
                0x1fff896c                TxUARTSemaphore
 COMMON         0x1fff8970       0x5c ./Sources/main.o
                0x1fff8970                NvTowerMd
                0x1fff8974                NvTowerNb
                0x1fff8978                NvTimingMd
                0x1fff897c                NvNbRaises
                0x1fff8980                FFTOutput
                0x1fff89c8                NvNbLowers
 COMMON         0x1fff89cc        0x5 ./Sources/packet.o
                0x1fff89cc                Packet
 COMMON         0x1fff89d1        0x1 ./Generated_Code/Cpu.o
                0x1fff89d1                SR_reg
 *fill*         0x1fff89d2        0x2 
 COMMON         0x1fff89d4        0x4 D:\Embedded Software US\es18aut13\Project\Library\libAnalog.a(analog.o)
                0x1fff89d4                DACInput
 COMMON         0x1fff89d8        0x4 c:/freescale/kds_3.0.0/toolchain/bin/../lib/gcc/arm-none-eabi/4.8.4/../../../../arm-none-eabi/lib/armv7e-m/fpu\libg_s.a(lib_a-reent.o)
                0x1fff89d8                errno
                0x1fff89dc                . = ALIGN (0x4)
                0x1fff89dc                __END_BSS = .
                0x1fff89dc                PROVIDE (__bss_end__, __END_BSS)
                0x0000965c                _romp_at = ((___ROM_AT + SIZEOF (.data)) + SIZEOF (.m_data_20000000))

.romp           0x1fff89dc       0x24 load address 0x0000965c
                0x0000965c                __S_romp = _romp_at
                0x1fff89dc        0x4 LONG 0x95d8 ___ROM_AT
                0x1fff89e0        0x4 LONG 0x1fff0000 _sdata
                0x1fff89e4        0x4 LONG 0x84 ___data_size
                0x1fff89e8        0x4 LONG 0x965c ___m_data_20000000_ROMStart
                0x1fff89ec        0x4 LONG 0x20000000 ___m_data_20000000_RAMStart
                0x1fff89f0        0x4 LONG 0x0 ___m_data_20000000_ROMSize
                0x1fff89f4        0x4 LONG 0x0
                0x1fff89f8        0x4 LONG 0x0
                0x1fff89fc        0x4 LONG 0x0

._user_heap_stack
                0x1fff8a00      0x400 load address 0x00009680
                0x1fff8a00                . = ALIGN (0x4)
                0x1fff8a00                PROVIDE (end, .)
                0x1fff8a00                PROVIDE (_end, .)
                0x1fff8a00                __heap_addr = .
                0x1fff8a00                __HeapBase = .
                0x1fff8a00                . = (. + __heap_size)
                0x1fff8a00                __HeapLimit = .
                0x1fff8e00                . = (. + __stack_size)
 *fill*         0x1fff8a00      0x400 
                0x1fff8e00                . = ALIGN (0x4)

.ARM.attributes
                0x00000000       0x30
 *(.ARM.attributes)
 .ARM.attributes
                0x00000000       0x22 c:/freescale/kds_3.0.0/toolchain/bin/../lib/gcc/arm-none-eabi/4.8.4/armv7e-m/fpu/crti.o
 .ARM.attributes
                0x00000022       0x34 c:/freescale/kds_3.0.0/toolchain/bin/../lib/gcc/arm-none-eabi/4.8.4/armv7e-m/fpu/crtbegin.o
 .ARM.attributes
                0x00000056       0x20 c:/freescale/kds_3.0.0/toolchain/bin/../lib/gcc/arm-none-eabi/4.8.4/../../../../arm-none-eabi/lib/armv7e-m/fpu/crt0.o
 .ARM.attributes
                0x00000076       0x39 ./Sources/FIFO.o
 .ARM.attributes
                0x000000af       0x39 ./Sources/FTM.o
 .ARM.attributes
                0x000000e8       0x39 ./Sources/Flash.o
 .ARM.attributes
                0x00000121       0x39 ./Sources/I2C.o
 .ARM.attributes
                0x0000015a       0x39 ./Sources/LEDs.o
 .ARM.attributes
                0x00000193       0x39 ./Sources/PIT.o
 .ARM.attributes
                0x000001cc       0x39 ./Sources/RTC.o
 .ARM.attributes
                0x00000205       0x39 ./Sources/UART.o
 .ARM.attributes
                0x0000023e       0x39 ./Sources/accel.o
 .ARM.attributes
                0x00000277       0x39 ./Sources/kiss_fft.o
 .ARM.attributes
                0x000002b0       0x39 ./Sources/kiss_fftr.o
 .ARM.attributes
                0x000002e9       0x39 ./Sources/main.o
 .ARM.attributes
                0x00000322       0x39 ./Sources/packet.o
 .ARM.attributes
                0x0000035b       0x39 ./Project_Settings/Startup_Code/startup.o
 .ARM.attributes
                0x00000394       0x39 ./Generated_Code/Cpu.o
 .ARM.attributes
                0x000003cd       0x39 ./Generated_Code/Vectors.o
 .ARM.attributes
                0x00000406       0x39 D:\Embedded Software US\es18aut13\Project\Library\libOS.a(OS.o)
 .ARM.attributes
                0x0000043f       0x39 D:\Embedded Software US\es18aut13\Project\Library\libAnalog.a(analog.o)
 .ARM.attributes
                0x00000478       0x39 D:\Embedded Software US\es18aut13\Project\Library\libAnalog.a(SPI.o)
 .ARM.attributes
                0x000004b1       0x34 c:/freescale/kds_3.0.0/toolchain/bin/../lib/gcc/arm-none-eabi/4.8.4/../../../../arm-none-eabi/lib/armv7e-m/fpu\libm.a(lib_a-s_cos.o)
 .ARM.attributes
                0x000004e5       0x34 c:/freescale/kds_3.0.0/toolchain/bin/../lib/gcc/arm-none-eabi/4.8.4/../../../../arm-none-eabi/lib/armv7e-m/fpu\libm.a(lib_a-s_floor.o)
 .ARM.attributes
                0x00000519       0x34 c:/freescale/kds_3.0.0/toolchain/bin/../lib/gcc/arm-none-eabi/4.8.4/../../../../arm-none-eabi/lib/armv7e-m/fpu\libm.a(lib_a-s_sin.o)
 .ARM.attributes
                0x0000054d       0x34 c:/freescale/kds_3.0.0/toolchain/bin/../lib/gcc/arm-none-eabi/4.8.4/../../../../arm-none-eabi/lib/armv7e-m/fpu\libm.a(lib_a-w_sqrt.o)
 .ARM.attributes
                0x00000581       0x34 c:/freescale/kds_3.0.0/toolchain/bin/../lib/gcc/arm-none-eabi/4.8.4/../../../../arm-none-eabi/lib/armv7e-m/fpu\libm.a(lib_a-e_rem_pio2.o)
 .ARM.attributes
                0x000005b5       0x34 c:/freescale/kds_3.0.0/toolchain/bin/../lib/gcc/arm-none-eabi/4.8.4/../../../../arm-none-eabi/lib/armv7e-m/fpu\libm.a(lib_a-e_sqrt.o)
 .ARM.attributes
                0x000005e9       0x34 c:/freescale/kds_3.0.0/toolchain/bin/../lib/gcc/arm-none-eabi/4.8.4/../../../../arm-none-eabi/lib/armv7e-m/fpu\libm.a(lib_a-k_cos.o)
 .ARM.attributes
                0x0000061d       0x34 c:/freescale/kds_3.0.0/toolchain/bin/../lib/gcc/arm-none-eabi/4.8.4/../../../../arm-none-eabi/lib/armv7e-m/fpu\libm.a(lib_a-k_rem_pio2.o)
 .ARM.attributes
                0x00000651       0x34 c:/freescale/kds_3.0.0/toolchain/bin/../lib/gcc/arm-none-eabi/4.8.4/../../../../arm-none-eabi/lib/armv7e-m/fpu\libm.a(lib_a-k_sin.o)
 .ARM.attributes
                0x00000685       0x34 c:/freescale/kds_3.0.0/toolchain/bin/../lib/gcc/arm-none-eabi/4.8.4/../../../../arm-none-eabi/lib/armv7e-m/fpu\libm.a(lib_a-s_fabs.o)
 .ARM.attributes
                0x000006b9       0x34 c:/freescale/kds_3.0.0/toolchain/bin/../lib/gcc/arm-none-eabi/4.8.4/../../../../arm-none-eabi/lib/armv7e-m/fpu\libm.a(lib_a-s_fpclassify.o)
 .ARM.attributes
                0x000006ed       0x34 c:/freescale/kds_3.0.0/toolchain/bin/../lib/gcc/arm-none-eabi/4.8.4/../../../../arm-none-eabi/lib/armv7e-m/fpu\libm.a(lib_a-s_lib_ver.o)
 .ARM.attributes
                0x00000721       0x34 c:/freescale/kds_3.0.0/toolchain/bin/../lib/gcc/arm-none-eabi/4.8.4/../../../../arm-none-eabi/lib/armv7e-m/fpu\libm.a(lib_a-s_matherr.o)
 .ARM.attributes
                0x00000755       0x34 c:/freescale/kds_3.0.0/toolchain/bin/../lib/gcc/arm-none-eabi/4.8.4/../../../../arm-none-eabi/lib/armv7e-m/fpu\libm.a(lib_a-s_scalbn.o)
 .ARM.attributes
                0x00000789       0x34 c:/freescale/kds_3.0.0/toolchain/bin/../lib/gcc/arm-none-eabi/4.8.4/../../../../arm-none-eabi/lib/armv7e-m/fpu\libm.a(lib_a-s_copysign.o)
 .ARM.attributes
                0x000007bd       0x22 c:/freescale/kds_3.0.0/toolchain/bin/../lib/gcc/arm-none-eabi/4.8.4/armv7e-m/fpu\libgcc.a(_arm_addsubdf3.o)
 .ARM.attributes
                0x000007df       0x22 c:/freescale/kds_3.0.0/toolchain/bin/../lib/gcc/arm-none-eabi/4.8.4/armv7e-m/fpu\libgcc.a(_arm_muldivdf3.o)
 .ARM.attributes
                0x00000801       0x22 c:/freescale/kds_3.0.0/toolchain/bin/../lib/gcc/arm-none-eabi/4.8.4/armv7e-m/fpu\libgcc.a(_arm_cmpdf2.o)
 .ARM.attributes
                0x00000823       0x22 c:/freescale/kds_3.0.0/toolchain/bin/../lib/gcc/arm-none-eabi/4.8.4/armv7e-m/fpu\libgcc.a(_arm_fixdfsi.o)
 .ARM.attributes
                0x00000845       0x22 c:/freescale/kds_3.0.0/toolchain/bin/../lib/gcc/arm-none-eabi/4.8.4/armv7e-m/fpu\libgcc.a(_arm_truncdfsf2.o)
 .ARM.attributes
                0x00000867       0x22 c:/freescale/kds_3.0.0/toolchain/bin/../lib/gcc/arm-none-eabi/4.8.4/armv7e-m/fpu\libgcc.a(_aeabi_ldivmod.o)
 .ARM.attributes
                0x00000889       0x22 c:/freescale/kds_3.0.0/toolchain/bin/../lib/gcc/arm-none-eabi/4.8.4/armv7e-m/fpu\libgcc.a(_aeabi_uldivmod.o)
 .ARM.attributes
                0x000008ab       0x34 c:/freescale/kds_3.0.0/toolchain/bin/../lib/gcc/arm-none-eabi/4.8.4/armv7e-m/fpu\libgcc.a(bpabi.o)
 .ARM.attributes
                0x000008df       0x22 c:/freescale/kds_3.0.0/toolchain/bin/../lib/gcc/arm-none-eabi/4.8.4/armv7e-m/fpu\libgcc.a(_dvmd_tls.o)
 .ARM.attributes
                0x00000901       0x34 c:/freescale/kds_3.0.0/toolchain/bin/../lib/gcc/arm-none-eabi/4.8.4/armv7e-m/fpu\libgcc.a(_divdi3.o)
 .ARM.attributes
                0x00000935       0x34 c:/freescale/kds_3.0.0/toolchain/bin/../lib/gcc/arm-none-eabi/4.8.4/armv7e-m/fpu\libgcc.a(_udivdi3.o)
 .ARM.attributes
                0x00000969       0x34 c:/freescale/kds_3.0.0/toolchain/bin/../lib/gcc/arm-none-eabi/4.8.4/../../../../arm-none-eabi/lib/armv7e-m/fpu\libg_s.a(lib_a-errno.o)
 .ARM.attributes
                0x0000099d       0x34 c:/freescale/kds_3.0.0/toolchain/bin/../lib/gcc/arm-none-eabi/4.8.4/../../../../arm-none-eabi/lib/armv7e-m/fpu\libg_s.a(lib_a-exit.o)
 .ARM.attributes
                0x000009d1       0x34 c:/freescale/kds_3.0.0/toolchain/bin/../lib/gcc/arm-none-eabi/4.8.4/../../../../arm-none-eabi/lib/armv7e-m/fpu\libg_s.a(lib_a-fwrite.o)
 .ARM.attributes
                0x00000a05       0x34 c:/freescale/kds_3.0.0/toolchain/bin/../lib/gcc/arm-none-eabi/4.8.4/../../../../arm-none-eabi/lib/armv7e-m/fpu\libg_s.a(lib_a-impure.o)
 .ARM.attributes
                0x00000a39       0x34 c:/freescale/kds_3.0.0/toolchain/bin/../lib/gcc/arm-none-eabi/4.8.4/../../../../arm-none-eabi/lib/armv7e-m/fpu\libg_s.a(lib_a-init.o)
 .ARM.attributes
                0x00000a6d       0x34 c:/freescale/kds_3.0.0/toolchain/bin/../lib/gcc/arm-none-eabi/4.8.4/../../../../arm-none-eabi/lib/armv7e-m/fpu\libg_s.a(lib_a-malloc.o)
 .ARM.attributes
                0x00000aa1       0x34 c:/freescale/kds_3.0.0/toolchain/bin/../lib/gcc/arm-none-eabi/4.8.4/../../../../arm-none-eabi/lib/armv7e-m/fpu\libg_s.a(lib_a-memcpy-stub.o)
 .ARM.attributes
                0x00000ad5       0x34 c:/freescale/kds_3.0.0/toolchain/bin/../lib/gcc/arm-none-eabi/4.8.4/../../../../arm-none-eabi/lib/armv7e-m/fpu\libg_s.a(lib_a-memset.o)
 .ARM.attributes
                0x00000b09       0x34 c:/freescale/kds_3.0.0/toolchain/bin/../lib/gcc/arm-none-eabi/4.8.4/../../../../arm-none-eabi/lib/armv7e-m/fpu\libg_s.a(lib_a-nano-freer.o)
 .ARM.attributes
                0x00000b3d       0x34 c:/freescale/kds_3.0.0/toolchain/bin/../lib/gcc/arm-none-eabi/4.8.4/../../../../arm-none-eabi/lib/armv7e-m/fpu\libg_s.a(lib_a-nano-mallocr.o)
 .ARM.attributes
                0x00000b71       0x34 c:/freescale/kds_3.0.0/toolchain/bin/../lib/gcc/arm-none-eabi/4.8.4/../../../../arm-none-eabi/lib/armv7e-m/fpu\libg_s.a(lib_a-sbrkr.o)
 .ARM.attributes
                0x00000ba5       0x34 c:/freescale/kds_3.0.0/toolchain/bin/../lib/gcc/arm-none-eabi/4.8.4/../../../../arm-none-eabi/lib/armv7e-m/fpu\libg_s.a(lib_a-wbuf.o)
 .ARM.attributes
                0x00000bd9       0x34 c:/freescale/kds_3.0.0/toolchain/bin/../lib/gcc/arm-none-eabi/4.8.4/../../../../arm-none-eabi/lib/armv7e-m/fpu\libg_s.a(lib_a-wsetup.o)
 .ARM.attributes
                0x00000c0d       0x34 c:/freescale/kds_3.0.0/toolchain/bin/../lib/gcc/arm-none-eabi/4.8.4/../../../../arm-none-eabi/lib/armv7e-m/fpu\libg_s.a(lib_a-fflush.o)
 .ARM.attributes
                0x00000c41       0x34 c:/freescale/kds_3.0.0/toolchain/bin/../lib/gcc/arm-none-eabi/4.8.4/../../../../arm-none-eabi/lib/armv7e-m/fpu\libg_s.a(lib_a-findfp.o)
 .ARM.attributes
                0x00000c75       0x34 c:/freescale/kds_3.0.0/toolchain/bin/../lib/gcc/arm-none-eabi/4.8.4/../../../../arm-none-eabi/lib/armv7e-m/fpu\libg_s.a(lib_a-makebuf.o)
 .ARM.attributes
                0x00000ca9       0x34 c:/freescale/kds_3.0.0/toolchain/bin/../lib/gcc/arm-none-eabi/4.8.4/../../../../arm-none-eabi/lib/armv7e-m/fpu\libg_s.a(lib_a-reent.o)
 .ARM.attributes
                0x00000cdd       0x34 c:/freescale/kds_3.0.0/toolchain/bin/../lib/gcc/arm-none-eabi/4.8.4/../../../../arm-none-eabi/lib/armv7e-m/fpu\libg_s.a(lib_a-stdio.o)
 .ARM.attributes
                0x00000d11       0x34 c:/freescale/kds_3.0.0/toolchain/bin/../lib/gcc/arm-none-eabi/4.8.4/../../../../arm-none-eabi/lib/armv7e-m/fpu\libg_s.a(lib_a-writer.o)
 .ARM.attributes
                0x00000d45       0x34 c:/freescale/kds_3.0.0/toolchain/bin/../lib/gcc/arm-none-eabi/4.8.4/../../../../arm-none-eabi/lib/armv7e-m/fpu\libg_s.a(lib_a-closer.o)
 .ARM.attributes
                0x00000d79       0x34 c:/freescale/kds_3.0.0/toolchain/bin/../lib/gcc/arm-none-eabi/4.8.4/../../../../arm-none-eabi/lib/armv7e-m/fpu\libg_s.a(lib_a-fstatr.o)
 .ARM.attributes
                0x00000dad       0x34 c:/freescale/kds_3.0.0/toolchain/bin/../lib/gcc/arm-none-eabi/4.8.4/../../../../arm-none-eabi/lib/armv7e-m/fpu\libg_s.a(lib_a-isattyr.o)
 .ARM.attributes
                0x00000de1       0x34 c:/freescale/kds_3.0.0/toolchain/bin/../lib/gcc/arm-none-eabi/4.8.4/../../../../arm-none-eabi/lib/armv7e-m/fpu\libg_s.a(lib_a-lseekr.o)
 .ARM.attributes
                0x00000e15       0x34 c:/freescale/kds_3.0.0/toolchain/bin/../lib/gcc/arm-none-eabi/4.8.4/../../../../arm-none-eabi/lib/armv7e-m/fpu\libg_s.a(lib_a-readr.o)
 .ARM.attributes
                0x00000e49       0x34 c:/freescale/kds_3.0.0/toolchain/bin/../lib/gcc/arm-none-eabi/4.8.4/../../../../arm-none-eabi/lib/armv7e-m/fpu\libnosys.a(close.o)
 .ARM.attributes
                0x00000e7d       0x34 c:/freescale/kds_3.0.0/toolchain/bin/../lib/gcc/arm-none-eabi/4.8.4/../../../../arm-none-eabi/lib/armv7e-m/fpu\libnosys.a(fstat.o)
 .ARM.attributes
                0x00000eb1       0x34 c:/freescale/kds_3.0.0/toolchain/bin/../lib/gcc/arm-none-eabi/4.8.4/../../../../arm-none-eabi/lib/armv7e-m/fpu\libnosys.a(isatty.o)
 .ARM.attributes
                0x00000ee5       0x34 c:/freescale/kds_3.0.0/toolchain/bin/../lib/gcc/arm-none-eabi/4.8.4/../../../../arm-none-eabi/lib/armv7e-m/fpu\libnosys.a(lseek.o)
 .ARM.attributes
                0x00000f19       0x34 c:/freescale/kds_3.0.0/toolchain/bin/../lib/gcc/arm-none-eabi/4.8.4/../../../../arm-none-eabi/lib/armv7e-m/fpu\libnosys.a(read.o)
 .ARM.attributes
                0x00000f4d       0x34 c:/freescale/kds_3.0.0/toolchain/bin/../lib/gcc/arm-none-eabi/4.8.4/../../../../arm-none-eabi/lib/armv7e-m/fpu\libnosys.a(sbrk.o)
 .ARM.attributes
                0x00000f81       0x34 c:/freescale/kds_3.0.0/toolchain/bin/../lib/gcc/arm-none-eabi/4.8.4/../../../../arm-none-eabi/lib/armv7e-m/fpu\libnosys.a(write.o)
 .ARM.attributes
                0x00000fb5       0x34 c:/freescale/kds_3.0.0/toolchain/bin/../lib/gcc/arm-none-eabi/4.8.4/../../../../arm-none-eabi/lib/armv7e-m/fpu\libnosys.a(_exit.o)
 .ARM.attributes
                0x00000fe9       0x22 c:/freescale/kds_3.0.0/toolchain/bin/../lib/gcc/arm-none-eabi/4.8.4/armv7e-m/fpu/crtn.o
OUTPUT(Project.elf elf32-littlearm)

.debug_info     0x00000000     0x99ff
 .debug_info    0x00000000      0x20b ./Sources/FIFO.o
 .debug_info    0x0000020b      0x797 ./Sources/FTM.o
 .debug_info    0x000009a2      0x974 ./Sources/Flash.o
 .debug_info    0x00001316      0x8fb ./Sources/I2C.o
 .debug_info    0x00001c11      0x490 ./Sources/LEDs.o
 .debug_info    0x000020a1      0x5d0 ./Sources/PIT.o
 .debug_info    0x00002671      0x632 ./Sources/RTC.o
 .debug_info    0x00002ca3      0xa80 ./Sources/UART.o
 .debug_info    0x00003723      0x9af ./Sources/accel.o
 .debug_info    0x000040d2      0x7b1 ./Sources/kiss_fft.o
 .debug_info    0x00004883      0xb8b ./Sources/kiss_fftr.o
 .debug_info    0x0000540e     0x15a8 ./Sources/main.o
 .debug_info    0x000069b6      0x2ff ./Sources/packet.o
 .debug_info    0x00006cb5      0x3b0 ./Project_Settings/Startup_Code/startup.o
 .debug_info    0x00007065      0xc82 ./Generated_Code/Cpu.o
 .debug_info    0x00007ce7      0x14c ./Generated_Code/Vectors.o
 .debug_info    0x00007e33      0xd02 D:\Embedded Software US\es18aut13\Project\Library\libOS.a(OS.o)
 .debug_info    0x00008b35      0x46a D:\Embedded Software US\es18aut13\Project\Library\libAnalog.a(analog.o)
 .debug_info    0x00008f9f      0xa60 D:\Embedded Software US\es18aut13\Project\Library\libAnalog.a(SPI.o)

.debug_abbrev   0x00000000     0x202d
 .debug_abbrev  0x00000000       0xce ./Sources/FIFO.o
 .debug_abbrev  0x000000ce      0x1d2 ./Sources/FTM.o
 .debug_abbrev  0x000002a0      0x23c ./Sources/Flash.o
 .debug_abbrev  0x000004dc      0x1fb ./Sources/I2C.o
 .debug_abbrev  0x000006d7      0x144 ./Sources/LEDs.o
 .debug_abbrev  0x0000081b      0x188 ./Sources/PIT.o
 .debug_abbrev  0x000009a3      0x168 ./Sources/RTC.o
 .debug_abbrev  0x00000b0b      0x232 ./Sources/UART.o
 .debug_abbrev  0x00000d3d      0x207 ./Sources/accel.o
 .debug_abbrev  0x00000f44      0x1dd ./Sources/kiss_fft.o
 .debug_abbrev  0x00001121      0x1f3 ./Sources/kiss_fftr.o
 .debug_abbrev  0x00001314      0x24e ./Sources/main.o
 .debug_abbrev  0x00001562       0xec ./Sources/packet.o
 .debug_abbrev  0x0000164e      0x189 ./Project_Settings/Startup_Code/startup.o
 .debug_abbrev  0x000017d7      0x185 ./Generated_Code/Cpu.o
 .debug_abbrev  0x0000195c       0xb3 ./Generated_Code/Vectors.o
 .debug_abbrev  0x00001a0f      0x2f8 D:\Embedded Software US\es18aut13\Project\Library\libOS.a(OS.o)
 .debug_abbrev  0x00001d07      0x151 D:\Embedded Software US\es18aut13\Project\Library\libAnalog.a(analog.o)
 .debug_abbrev  0x00001e58      0x1d5 D:\Embedded Software US\es18aut13\Project\Library\libAnalog.a(SPI.o)

.debug_aranges  0x00000000      0x6a8
 .debug_aranges
                0x00000000       0x30 ./Sources/FIFO.o
 .debug_aranges
                0x00000030       0x38 ./Sources/FTM.o
 .debug_aranges
                0x00000068       0x90 ./Sources/Flash.o
 .debug_aranges
                0x000000f8       0x70 ./Sources/I2C.o
 .debug_aranges
                0x00000168       0x38 ./Sources/LEDs.o
 .debug_aranges
                0x000001a0       0x38 ./Sources/PIT.o
 .debug_aranges
                0x000001d8       0x38 ./Sources/RTC.o
 .debug_aranges
                0x00000210       0x48 ./Sources/UART.o
 .debug_aranges
                0x00000258       0x38 ./Sources/accel.o
 .debug_aranges
                0x00000290       0x78 ./Sources/kiss_fft.o
 .debug_aranges
                0x00000308       0x30 ./Sources/kiss_fftr.o
 .debug_aranges
                0x00000338      0x148 ./Sources/main.o
 .debug_aranges
                0x00000480       0x30 ./Sources/packet.o
 .debug_aranges
                0x000004b0       0x50 ./Project_Settings/Startup_Code/startup.o
 .debug_aranges
                0x00000500       0x38 ./Generated_Code/Cpu.o
 .debug_aranges
                0x00000538       0x18 ./Generated_Code/Vectors.o
 .debug_aranges
                0x00000550       0xc8 D:\Embedded Software US\es18aut13\Project\Library\libOS.a(OS.o)
 .debug_aranges
                0x00000618       0x38 D:\Embedded Software US\es18aut13\Project\Library\libAnalog.a(analog.o)
 .debug_aranges
                0x00000650       0x58 D:\Embedded Software US\es18aut13\Project\Library\libAnalog.a(SPI.o)

.debug_ranges   0x00000000      0x570
 .debug_ranges  0x00000000       0x20 ./Sources/FIFO.o
 .debug_ranges  0x00000020       0x28 ./Sources/FTM.o
 .debug_ranges  0x00000048       0x80 ./Sources/Flash.o
 .debug_ranges  0x000000c8       0x60 ./Sources/I2C.o
 .debug_ranges  0x00000128       0x28 ./Sources/LEDs.o
 .debug_ranges  0x00000150       0x28 ./Sources/PIT.o
 .debug_ranges  0x00000178       0x28 ./Sources/RTC.o
 .debug_ranges  0x000001a0       0x38 ./Sources/UART.o
 .debug_ranges  0x000001d8       0x28 ./Sources/accel.o
 .debug_ranges  0x00000200       0x68 ./Sources/kiss_fft.o
 .debug_ranges  0x00000268       0x20 ./Sources/kiss_fftr.o
 .debug_ranges  0x00000288      0x138 ./Sources/main.o
 .debug_ranges  0x000003c0       0x20 ./Sources/packet.o
 .debug_ranges  0x000003e0       0x40 ./Project_Settings/Startup_Code/startup.o
 .debug_ranges  0x00000420       0x28 ./Generated_Code/Cpu.o
 .debug_ranges  0x00000448       0xb8 D:\Embedded Software US\es18aut13\Project\Library\libOS.a(OS.o)
 .debug_ranges  0x00000500       0x28 D:\Embedded Software US\es18aut13\Project\Library\libAnalog.a(analog.o)
 .debug_ranges  0x00000528       0x48 D:\Embedded Software US\es18aut13\Project\Library\libAnalog.a(SPI.o)

.debug_macro    0x00000000    0x1b34a
 .debug_macro   0x00000000       0xaf ./Sources/FIFO.o
 .debug_macro   0x000000af       0x22 ./Sources/FIFO.o
 .debug_macro   0x000000d1       0x3c ./Sources/FIFO.o
 .debug_macro   0x0000010d     0x1800 ./Sources/FIFO.o
 .debug_macro   0x0000190d       0xa9 ./Sources/FTM.o
 .debug_macro   0x000019b6       0x7f ./Sources/Flash.o
 .debug_macro   0x00001a35       0x16 ./Sources/Flash.o
 .debug_macro   0x00001a4b    0x174af ./Sources/Flash.o
 .debug_macro   0x00018efa       0x16 ./Sources/Flash.o
 .debug_macro   0x00018f10       0xad ./Sources/I2C.o
 .debug_macro   0x00018fbd       0x6d ./Sources/LEDs.o
 .debug_macro   0x0001902a       0xbc ./Sources/PIT.o
 .debug_macro   0x000190e6       0x10 ./Sources/PIT.o
 .debug_macro   0x000190f6       0xa9 ./Sources/RTC.o
 .debug_macro   0x0001919f       0xbd ./Sources/UART.o
 .debug_macro   0x0001925c      0x211 ./Sources/accel.o
 .debug_macro   0x0001946d       0x9a ./Sources/accel.o
 .debug_macro   0x00019507      0x198 ./Sources/kiss_fft.o
 .debug_macro   0x0001969f       0x58 ./Sources/kiss_fft.o
 .debug_macro   0x000196f7       0x35 ./Sources/kiss_fft.o
 .debug_macro   0x0001972c       0xa3 ./Sources/kiss_fft.o
 .debug_macro   0x000197cf       0x16 ./Sources/kiss_fft.o
 .debug_macro   0x000197e5      0x10e ./Sources/kiss_fft.o
 .debug_macro   0x000198f3       0x7f ./Sources/kiss_fft.o
 .debug_macro   0x00019972       0x4a ./Sources/kiss_fft.o
 .debug_macro   0x000199bc       0x52 ./Sources/kiss_fft.o
 .debug_macro   0x00019a0e       0x16 ./Sources/kiss_fft.o
 .debug_macro   0x00019a24       0x43 ./Sources/kiss_fft.o
 .debug_macro   0x00019a67      0x180 ./Sources/kiss_fft.o
 .debug_macro   0x00019be7       0x22 ./Sources/kiss_fft.o
 .debug_macro   0x00019c09       0x1c ./Sources/kiss_fft.o
 .debug_macro   0x00019c25       0x35 ./Sources/kiss_fft.o
 .debug_macro   0x00019c5a       0x10 ./Sources/kiss_fft.o
 .debug_macro   0x00019c6a       0x10 ./Sources/kiss_fft.o
 .debug_macro   0x00019c7a       0x22 ./Sources/kiss_fft.o
 .debug_macro   0x00019c9c       0xbd ./Sources/kiss_fft.o
 .debug_macro   0x00019d59       0x16 ./Sources/kiss_fft.o
 .debug_macro   0x00019d6f      0x14a ./Sources/kiss_fft.o
 .debug_macro   0x00019eb9       0xde ./Sources/kiss_fft.o
 .debug_macro   0x00019f97      0x2a6 ./Sources/kiss_fft.o
 .debug_macro   0x0001a23d       0x10 ./Sources/kiss_fft.o
 .debug_macro   0x0001a24d       0x22 ./Sources/kiss_fft.o
 .debug_macro   0x0001a26f       0x2b ./Sources/kiss_fft.o
 .debug_macro   0x0001a29a       0xee ./Sources/kiss_fft.o
 .debug_macro   0x0001a388       0x71 ./Sources/kiss_fft.o
 .debug_macro   0x0001a3f9      0x1a8 ./Sources/kiss_fftr.o
 .debug_macro   0x0001a5a1      0x2d4 ./Sources/main.o
 .debug_macro   0x0001a875       0x10 ./Sources/main.o
 .debug_macro   0x0001a885       0x3a ./Sources/main.o
 .debug_macro   0x0001a8bf      0x166 ./Sources/main.o
 .debug_macro   0x0001aa25       0x10 ./Sources/main.o
 .debug_macro   0x0001aa35       0xc2 ./Sources/packet.o
 .debug_macro   0x0001aaf7      0x121 ./Project_Settings/Startup_Code/startup.o
 .debug_macro   0x0001ac18      0x20f ./Project_Settings/Startup_Code/startup.o
 .debug_macro   0x0001ae27       0x84 ./Generated_Code/Cpu.o
 .debug_macro   0x0001aeab       0xa0 ./Generated_Code/Cpu.o
 .debug_macro   0x0001af4b       0xf5 ./Generated_Code/Vectors.o
 .debug_macro   0x0001b040       0x36 ./Generated_Code/Vectors.o
 .debug_macro   0x0001b076       0xa3 D:\Embedded Software US\es18aut13\Project\Library\libOS.a(OS.o)
 .debug_macro   0x0001b119       0x94 D:\Embedded Software US\es18aut13\Project\Library\libOS.a(OS.o)
 .debug_macro   0x0001b1ad       0x30 D:\Embedded Software US\es18aut13\Project\Library\libOS.a(OS.o)
 .debug_macro   0x0001b1dd       0xf5 D:\Embedded Software US\es18aut13\Project\Library\libAnalog.a(analog.o)
 .debug_macro   0x0001b2d2       0x10 D:\Embedded Software US\es18aut13\Project\Library\libAnalog.a(analog.o)
 .debug_macro   0x0001b2e2       0x68 D:\Embedded Software US\es18aut13\Project\Library\libAnalog.a(SPI.o)

.debug_line     0x00000000     0x45e3
 .debug_line    0x00000000      0x2c5 ./Sources/FIFO.o
 .debug_line    0x000002c5      0x307 ./Sources/FTM.o
 .debug_line    0x000005cc      0x394 ./Sources/Flash.o
 .debug_line    0x00000960      0x3f9 ./Sources/I2C.o
 .debug_line    0x00000d59      0x225 ./Sources/LEDs.o
 .debug_line    0x00000f7e      0x332 ./Sources/PIT.o
 .debug_line    0x000012b0      0x2ea ./Sources/RTC.o
 .debug_line    0x0000159a      0x341 ./Sources/UART.o
 .debug_line    0x000018db      0x329 ./Sources/accel.o
 .debug_line    0x00001c04      0x61b ./Sources/kiss_fft.o
 .debug_line    0x0000221f      0x418 ./Sources/kiss_fftr.o
 .debug_line    0x00002637      0xa4f ./Sources/main.o
 .debug_line    0x00003086      0x2de ./Sources/packet.o
 .debug_line    0x00003364      0x3d4 ./Project_Settings/Startup_Code/startup.o
 .debug_line    0x00003738      0x27b ./Generated_Code/Cpu.o
 .debug_line    0x000039b3      0x2c7 ./Generated_Code/Vectors.o
 .debug_line    0x00003c7a      0x496 D:\Embedded Software US\es18aut13\Project\Library\libOS.a(OS.o)
 .debug_line    0x00004110      0x200 D:\Embedded Software US\es18aut13\Project\Library\libAnalog.a(analog.o)
 .debug_line    0x00004310      0x2d3 D:\Embedded Software US\es18aut13\Project\Library\libAnalog.a(SPI.o)

.debug_str      0x00000000    0x91e45
 .debug_str     0x00000000    0x8a66f ./Sources/FIFO.o
                              0x8a7fe (size before relaxing)
 .debug_str     0x0008a66f      0x3b0 ./Sources/FTM.o
                              0x8ab40 (size before relaxing)
 .debug_str     0x0008aa1f      0x301 ./Sources/Flash.o
                              0x83200 (size before relaxing)
 .debug_str     0x0008ad20      0x222 ./Sources/I2C.o
                              0x8ab06 (size before relaxing)
 .debug_str     0x0008af42       0xa6 ./Sources/LEDs.o
                              0x82eec (size before relaxing)
 .debug_str     0x0008afe8      0x109 ./Sources/PIT.o
                              0x8a9c9 (size before relaxing)
 .debug_str     0x0008b0f1       0x9d ./Sources/RTC.o
                              0x8a96b (size before relaxing)
 .debug_str     0x0008b18e      0x235 ./Sources/UART.o
                              0x8abb0 (size before relaxing)
 .debug_str     0x0008b3c3      0xa39 ./Sources/accel.o
                              0x8b4f2 (size before relaxing)
 .debug_str     0x0008bdfc     0x3eba ./Sources/kiss_fft.o
                               0x65de (size before relaxing)
 .debug_str     0x0008fcb6      0x452 ./Sources/kiss_fftr.o
                               0x6938 (size before relaxing)
 .debug_str     0x00090108      0xcdc ./Sources/main.o
                              0x8efb8 (size before relaxing)
 .debug_str     0x00090de4       0x4f ./Sources/packet.o
                              0x8aa8d (size before relaxing)
 .debug_str     0x00090e33      0x182 ./Project_Settings/Startup_Code/startup.o
                              0x853f0 (size before relaxing)
 .debug_str     0x00090fb5      0x1e3 ./Generated_Code/Cpu.o
                              0x8aa21 (size before relaxing)
 .debug_str     0x00091198       0x1c ./Generated_Code/Vectors.o
                              0x8a854 (size before relaxing)
 .debug_str     0x000911b4      0x39a D:\Embedded Software US\es18aut13\Project\Library\libOS.a(OS.o)
                              0x8ad2a (size before relaxing)
 .debug_str     0x0009154e      0x55a D:\Embedded Software US\es18aut13\Project\Library\libAnalog.a(analog.o)
                               0x3866 (size before relaxing)
 .debug_str     0x00091aa8      0x39d D:\Embedded Software US\es18aut13\Project\Library\libAnalog.a(SPI.o)
                              0x83389 (size before relaxing)

.comment        0x00000000       0x70
 .comment       0x00000000       0x70 ./Sources/FIFO.o
                                 0x71 (size before relaxing)
 .comment       0x00000000       0x71 ./Sources/FTM.o
 .comment       0x00000000       0x71 ./Sources/Flash.o
 .comment       0x00000000       0x71 ./Sources/I2C.o
 .comment       0x00000000       0x71 ./Sources/LEDs.o
 .comment       0x00000000       0x71 ./Sources/PIT.o
 .comment       0x00000000       0x71 ./Sources/RTC.o
 .comment       0x00000000       0x71 ./Sources/UART.o
 .comment       0x00000000       0x71 ./Sources/accel.o
 .comment       0x00000000       0x71 ./Sources/kiss_fft.o
 .comment       0x00000000       0x71 ./Sources/kiss_fftr.o
 .comment       0x00000000       0x71 ./Sources/main.o
 .comment       0x00000000       0x71 ./Sources/packet.o
 .comment       0x00000000       0x71 ./Project_Settings/Startup_Code/startup.o
 .comment       0x00000000       0x71 ./Generated_Code/Cpu.o
 .comment       0x00000000       0x71 ./Generated_Code/Vectors.o
 .comment       0x00000000       0x71 D:\Embedded Software US\es18aut13\Project\Library\libOS.a(OS.o)
 .comment       0x00000000       0x71 D:\Embedded Software US\es18aut13\Project\Library\libAnalog.a(analog.o)
 .comment       0x00000000       0x71 D:\Embedded Software US\es18aut13\Project\Library\libAnalog.a(SPI.o)

.debug_frame    0x00000000     0x1de0
 .debug_frame   0x00000000       0x70 ./Sources/FIFO.o
 .debug_frame   0x00000070       0x88 ./Sources/FTM.o
 .debug_frame   0x000000f8      0x1f8 ./Sources/Flash.o
 .debug_frame   0x000002f0      0x148 ./Sources/I2C.o
 .debug_frame   0x00000438       0x7c ./Sources/LEDs.o
 .debug_frame   0x000004b4       0x8c ./Sources/PIT.o
 .debug_frame   0x00000540       0x8c ./Sources/RTC.o
 .debug_frame   0x000005cc       0xd4 ./Sources/UART.o
 .debug_frame   0x000006a0       0x94 ./Sources/accel.o
 .debug_frame   0x00000734      0x180 ./Sources/kiss_fft.o
 .debug_frame   0x000008b4       0x74 ./Sources/kiss_fftr.o
 .debug_frame   0x00000928      0x4c0 ./Sources/main.o
 .debug_frame   0x00000de8       0x70 ./Sources/packet.o
 .debug_frame   0x00000e58       0xc0 ./Project_Settings/Startup_Code/startup.o
 .debug_frame   0x00000f18       0x80 ./Generated_Code/Cpu.o
 .debug_frame   0x00000f98      0x2a0 D:\Embedded Software US\es18aut13\Project\Library\libOS.a(OS.o)
 .debug_frame   0x00001238       0x90 D:\Embedded Software US\es18aut13\Project\Library\libAnalog.a(analog.o)
 .debug_frame   0x000012c8      0x100 D:\Embedded Software US\es18aut13\Project\Library\libAnalog.a(SPI.o)
 .debug_frame   0x000013c8       0x28 c:/freescale/kds_3.0.0/toolchain/bin/../lib/gcc/arm-none-eabi/4.8.4/../../../../arm-none-eabi/lib/armv7e-m/fpu\libm.a(lib_a-s_cos.o)
 .debug_frame   0x000013f0       0x38 c:/freescale/kds_3.0.0/toolchain/bin/../lib/gcc/arm-none-eabi/4.8.4/../../../../arm-none-eabi/lib/armv7e-m/fpu\libm.a(lib_a-s_floor.o)
 .debug_frame   0x00001428       0x28 c:/freescale/kds_3.0.0/toolchain/bin/../lib/gcc/arm-none-eabi/4.8.4/../../../../arm-none-eabi/lib/armv7e-m/fpu\libm.a(lib_a-s_sin.o)
 .debug_frame   0x00001450       0x38 c:/freescale/kds_3.0.0/toolchain/bin/../lib/gcc/arm-none-eabi/4.8.4/../../../../arm-none-eabi/lib/armv7e-m/fpu\libm.a(lib_a-w_sqrt.o)
 .debug_frame   0x00001488       0x38 c:/freescale/kds_3.0.0/toolchain/bin/../lib/gcc/arm-none-eabi/4.8.4/../../../../arm-none-eabi/lib/armv7e-m/fpu\libm.a(lib_a-e_rem_pio2.o)
 .debug_frame   0x000014c0       0x3c c:/freescale/kds_3.0.0/toolchain/bin/../lib/gcc/arm-none-eabi/4.8.4/../../../../arm-none-eabi/lib/armv7e-m/fpu\libm.a(lib_a-e_sqrt.o)
 .debug_frame   0x000014fc       0x40 c:/freescale/kds_3.0.0/toolchain/bin/../lib/gcc/arm-none-eabi/4.8.4/../../../../arm-none-eabi/lib/armv7e-m/fpu\libm.a(lib_a-k_cos.o)
 .debug_frame   0x0000153c       0x3c c:/freescale/kds_3.0.0/toolchain/bin/../lib/gcc/arm-none-eabi/4.8.4/../../../../arm-none-eabi/lib/armv7e-m/fpu\libm.a(lib_a-k_rem_pio2.o)
 .debug_frame   0x00001578       0x40 c:/freescale/kds_3.0.0/toolchain/bin/../lib/gcc/arm-none-eabi/4.8.4/../../../../arm-none-eabi/lib/armv7e-m/fpu\libm.a(lib_a-k_sin.o)
 .debug_frame   0x000015b8       0x20 c:/freescale/kds_3.0.0/toolchain/bin/../lib/gcc/arm-none-eabi/4.8.4/../../../../arm-none-eabi/lib/armv7e-m/fpu\libm.a(lib_a-s_fabs.o)
 .debug_frame   0x000015d8       0x28 c:/freescale/kds_3.0.0/toolchain/bin/../lib/gcc/arm-none-eabi/4.8.4/../../../../arm-none-eabi/lib/armv7e-m/fpu\libm.a(lib_a-s_fpclassify.o)
 .debug_frame   0x00001600       0x20 c:/freescale/kds_3.0.0/toolchain/bin/../lib/gcc/arm-none-eabi/4.8.4/../../../../arm-none-eabi/lib/armv7e-m/fpu\libm.a(lib_a-s_matherr.o)
 .debug_frame   0x00001620       0x2c c:/freescale/kds_3.0.0/toolchain/bin/../lib/gcc/arm-none-eabi/4.8.4/../../../../arm-none-eabi/lib/armv7e-m/fpu\libm.a(lib_a-s_scalbn.o)
 .debug_frame   0x0000164c       0x28 c:/freescale/kds_3.0.0/toolchain/bin/../lib/gcc/arm-none-eabi/4.8.4/../../../../arm-none-eabi/lib/armv7e-m/fpu\libm.a(lib_a-s_copysign.o)
 .debug_frame   0x00001674       0x50 c:/freescale/kds_3.0.0/toolchain/bin/../lib/gcc/arm-none-eabi/4.8.4/armv7e-m/fpu\libgcc.a(bpabi.o)
 .debug_frame   0x000016c4       0x34 c:/freescale/kds_3.0.0/toolchain/bin/../lib/gcc/arm-none-eabi/4.8.4/armv7e-m/fpu\libgcc.a(_divdi3.o)
 .debug_frame   0x000016f8       0x34 c:/freescale/kds_3.0.0/toolchain/bin/../lib/gcc/arm-none-eabi/4.8.4/armv7e-m/fpu\libgcc.a(_udivdi3.o)
 .debug_frame   0x0000172c       0x20 c:/freescale/kds_3.0.0/toolchain/bin/../lib/gcc/arm-none-eabi/4.8.4/../../../../arm-none-eabi/lib/armv7e-m/fpu\libg_s.a(lib_a-errno.o)
 .debug_frame   0x0000174c       0x28 c:/freescale/kds_3.0.0/toolchain/bin/../lib/gcc/arm-none-eabi/4.8.4/../../../../arm-none-eabi/lib/armv7e-m/fpu\libg_s.a(lib_a-exit.o)
 .debug_frame   0x00001774       0x54 c:/freescale/kds_3.0.0/toolchain/bin/../lib/gcc/arm-none-eabi/4.8.4/../../../../arm-none-eabi/lib/armv7e-m/fpu\libg_s.a(lib_a-fwrite.o)
 .debug_frame   0x000017c8       0x2c c:/freescale/kds_3.0.0/toolchain/bin/../lib/gcc/arm-none-eabi/4.8.4/../../../../arm-none-eabi/lib/armv7e-m/fpu\libg_s.a(lib_a-init.o)
 .debug_frame   0x000017f4       0x30 c:/freescale/kds_3.0.0/toolchain/bin/../lib/gcc/arm-none-eabi/4.8.4/../../../../arm-none-eabi/lib/armv7e-m/fpu\libg_s.a(lib_a-malloc.o)
 .debug_frame   0x00001824       0x28 c:/freescale/kds_3.0.0/toolchain/bin/../lib/gcc/arm-none-eabi/4.8.4/../../../../arm-none-eabi/lib/armv7e-m/fpu\libg_s.a(lib_a-memcpy-stub.o)
 .debug_frame   0x0000184c       0x20 c:/freescale/kds_3.0.0/toolchain/bin/../lib/gcc/arm-none-eabi/4.8.4/../../../../arm-none-eabi/lib/armv7e-m/fpu\libg_s.a(lib_a-memset.o)
 .debug_frame   0x0000186c       0x2c c:/freescale/kds_3.0.0/toolchain/bin/../lib/gcc/arm-none-eabi/4.8.4/../../../../arm-none-eabi/lib/armv7e-m/fpu\libg_s.a(lib_a-nano-freer.o)
 .debug_frame   0x00001898       0x2c c:/freescale/kds_3.0.0/toolchain/bin/../lib/gcc/arm-none-eabi/4.8.4/../../../../arm-none-eabi/lib/armv7e-m/fpu\libg_s.a(lib_a-nano-mallocr.o)
 .debug_frame   0x000018c4       0x2c c:/freescale/kds_3.0.0/toolchain/bin/../lib/gcc/arm-none-eabi/4.8.4/../../../../arm-none-eabi/lib/armv7e-m/fpu\libg_s.a(lib_a-sbrkr.o)
 .debug_frame   0x000018f0       0x3c c:/freescale/kds_3.0.0/toolchain/bin/../lib/gcc/arm-none-eabi/4.8.4/../../../../arm-none-eabi/lib/armv7e-m/fpu\libg_s.a(lib_a-wbuf.o)
 .debug_frame   0x0000192c       0x2c c:/freescale/kds_3.0.0/toolchain/bin/../lib/gcc/arm-none-eabi/4.8.4/../../../../arm-none-eabi/lib/armv7e-m/fpu\libg_s.a(lib_a-wsetup.o)
 .debug_frame   0x00001958       0x5c c:/freescale/kds_3.0.0/toolchain/bin/../lib/gcc/arm-none-eabi/4.8.4/../../../../arm-none-eabi/lib/armv7e-m/fpu\libg_s.a(lib_a-fflush.o)
 .debug_frame   0x000019b4      0x12c c:/freescale/kds_3.0.0/toolchain/bin/../lib/gcc/arm-none-eabi/4.8.4/../../../../arm-none-eabi/lib/armv7e-m/fpu\libg_s.a(lib_a-findfp.o)
 .debug_frame   0x00001ae0       0x30 c:/freescale/kds_3.0.0/toolchain/bin/../lib/gcc/arm-none-eabi/4.8.4/../../../../arm-none-eabi/lib/armv7e-m/fpu\libg_s.a(lib_a-makebuf.o)
 .debug_frame   0x00001b10       0x48 c:/freescale/kds_3.0.0/toolchain/bin/../lib/gcc/arm-none-eabi/4.8.4/../../../../arm-none-eabi/lib/armv7e-m/fpu\libg_s.a(lib_a-reent.o)
 .debug_frame   0x00001b58       0x80 c:/freescale/kds_3.0.0/toolchain/bin/../lib/gcc/arm-none-eabi/4.8.4/../../../../arm-none-eabi/lib/armv7e-m/fpu\libg_s.a(lib_a-stdio.o)
 .debug_frame   0x00001bd8       0x2c c:/freescale/kds_3.0.0/toolchain/bin/../lib/gcc/arm-none-eabi/4.8.4/../../../../arm-none-eabi/lib/armv7e-m/fpu\libg_s.a(lib_a-writer.o)
 .debug_frame   0x00001c04       0x2c c:/freescale/kds_3.0.0/toolchain/bin/../lib/gcc/arm-none-eabi/4.8.4/../../../../arm-none-eabi/lib/armv7e-m/fpu\libg_s.a(lib_a-closer.o)