Archive member included because of file (symbol)

C:\Freescale\KDS_3.0.0\eclipse\es18aut13\Project\Library\libOS.a(OS.o)
                              ./Sources/main.o (OS_Init)
C:\Freescale\KDS_3.0.0\eclipse\es18aut13\Project\Library\libAnalog.a(analog.o)
                              ./Sources/main.o (Analog_Init)
C:\Freescale\KDS_3.0.0\eclipse\es18aut13\Project\Library\libAnalog.a(SPI.o)
                              C:\Freescale\KDS_3.0.0\eclipse\es18aut13\Project\Library\libAnalog.a(analog.o) (SPI_Init)
c:/freescale/kds_3.0.0/toolchain/bin/../lib/gcc/arm-none-eabi/4.8.4/../../../../arm-none-eabi/lib/armv7e-m/fpu\libm.a(lib_a-w_sqrt.o)
                              ./Sources/main.o (sqrt)
c:/freescale/kds_3.0.0/toolchain/bin/../lib/gcc/arm-none-eabi/4.8.4/../../../../arm-none-eabi/lib/armv7e-m/fpu\libm.a(lib_a-e_sqrt.o)
                              c:/freescale/kds_3.0.0/toolchain/bin/../lib/gcc/arm-none-eabi/4.8.4/../../../../arm-none-eabi/lib/armv7e-m/fpu\libm.a(lib_a-w_sqrt.o) (__ieee754_sqrt)
c:/freescale/kds_3.0.0/toolchain/bin/../lib/gcc/arm-none-eabi/4.8.4/../../../../arm-none-eabi/lib/armv7e-m/fpu\libm.a(lib_a-s_fpclassify.o)
                              c:/freescale/kds_3.0.0/toolchain/bin/../lib/gcc/arm-none-eabi/4.8.4/../../../../arm-none-eabi/lib/armv7e-m/fpu\libm.a(lib_a-w_sqrt.o) (__fpclassifyd)
c:/freescale/kds_3.0.0/toolchain/bin/../lib/gcc/arm-none-eabi/4.8.4/../../../../arm-none-eabi/lib/armv7e-m/fpu\libm.a(lib_a-s_lib_ver.o)
                              c:/freescale/kds_3.0.0/toolchain/bin/../lib/gcc/arm-none-eabi/4.8.4/../../../../arm-none-eabi/lib/armv7e-m/fpu\libm.a(lib_a-w_sqrt.o) (__fdlib_version)
c:/freescale/kds_3.0.0/toolchain/bin/../lib/gcc/arm-none-eabi/4.8.4/../../../../arm-none-eabi/lib/armv7e-m/fpu\libm.a(lib_a-s_matherr.o)
                              c:/freescale/kds_3.0.0/toolchain/bin/../lib/gcc/arm-none-eabi/4.8.4/../../../../arm-none-eabi/lib/armv7e-m/fpu\libm.a(lib_a-w_sqrt.o) (matherr)
c:/freescale/kds_3.0.0/toolchain/bin/../lib/gcc/arm-none-eabi/4.8.4/armv7e-m/fpu\libgcc.a(_arm_addsubdf3.o)
                              c:/freescale/kds_3.0.0/toolchain/bin/../lib/gcc/arm-none-eabi/4.8.4/../../../../arm-none-eabi/lib/armv7e-m/fpu\libm.a(lib_a-e_sqrt.o) (__aeabi_dsub)
c:/freescale/kds_3.0.0/toolchain/bin/../lib/gcc/arm-none-eabi/4.8.4/armv7e-m/fpu\libgcc.a(_arm_muldivdf3.o)
                              c:/freescale/kds_3.0.0/toolchain/bin/../lib/gcc/arm-none-eabi/4.8.4/../../../../arm-none-eabi/lib/armv7e-m/fpu\libm.a(lib_a-e_sqrt.o) (__aeabi_dmul)
c:/freescale/kds_3.0.0/toolchain/bin/../lib/gcc/arm-none-eabi/4.8.4/armv7e-m/fpu\libgcc.a(_arm_cmpdf2.o)
                              c:/freescale/kds_3.0.0/toolchain/bin/../lib/gcc/arm-none-eabi/4.8.4/../../../../arm-none-eabi/lib/armv7e-m/fpu\libm.a(lib_a-w_sqrt.o) (__aeabi_dcmplt)
c:/freescale/kds_3.0.0/toolchain/bin/../lib/gcc/arm-none-eabi/4.8.4/armv7e-m/fpu\libgcc.a(_arm_truncdfsf2.o)
                              ./Sources/main.o (__aeabi_d2f)
c:/freescale/kds_3.0.0/toolchain/bin/../lib/gcc/arm-none-eabi/4.8.4/armv7e-m/fpu\libgcc.a(_arm_addsubsf3.o)
                              ./Sources/main.o (__aeabi_l2f)
c:/freescale/kds_3.0.0/toolchain/bin/../lib/gcc/arm-none-eabi/4.8.4/armv7e-m/fpu\libgcc.a(_fixunssfdi.o)
                              ./Sources/main.o (__aeabi_f2ulz)
c:/freescale/kds_3.0.0/toolchain/bin/../lib/gcc/arm-none-eabi/4.8.4/armv7e-m/fpu\libgcc.a(_arm_fixunsdfsi.o)
                              c:/freescale/kds_3.0.0/toolchain/bin/../lib/gcc/arm-none-eabi/4.8.4/armv7e-m/fpu\libgcc.a(_fixunssfdi.o) (__aeabi_d2uiz)
c:/freescale/kds_3.0.0/toolchain/bin/../lib/gcc/arm-none-eabi/4.8.4/../../../../arm-none-eabi/lib/armv7e-m/fpu\libg_s.a(lib_a-errno.o)
                              c:/freescale/kds_3.0.0/toolchain/bin/../lib/gcc/arm-none-eabi/4.8.4/../../../../arm-none-eabi/lib/armv7e-m/fpu\libm.a(lib_a-w_sqrt.o) (__errno)
c:/freescale/kds_3.0.0/toolchain/bin/../lib/gcc/arm-none-eabi/4.8.4/../../../../arm-none-eabi/lib/armv7e-m/fpu\libg_s.a(lib_a-exit.o)
                              c:/freescale/kds_3.0.0/toolchain/bin/../lib/gcc/arm-none-eabi/4.8.4/../../../../arm-none-eabi/lib/armv7e-m/fpu/crt0.o (exit)
c:/freescale/kds_3.0.0/toolchain/bin/../lib/gcc/arm-none-eabi/4.8.4/../../../../arm-none-eabi/lib/armv7e-m/fpu\libg_s.a(lib_a-impure.o)
                              c:/freescale/kds_3.0.0/toolchain/bin/../lib/gcc/arm-none-eabi/4.8.4/../../../../arm-none-eabi/lib/armv7e-m/fpu\libg_s.a(lib_a-exit.o) (_global_impure_ptr)
c:/freescale/kds_3.0.0/toolchain/bin/../lib/gcc/arm-none-eabi/4.8.4/../../../../arm-none-eabi/lib/armv7e-m/fpu\libg_s.a(lib_a-init.o)
                              c:/freescale/kds_3.0.0/toolchain/bin/../lib/gcc/arm-none-eabi/4.8.4/../../../../arm-none-eabi/lib/armv7e-m/fpu/crt0.o (__libc_init_array)
c:/freescale/kds_3.0.0/toolchain/bin/../lib/gcc/arm-none-eabi/4.8.4/../../../../arm-none-eabi/lib/armv7e-m/fpu\libg_s.a(lib_a-memset.o)
[...]
Memory Configuration

Name             Origin             Length             Attributes
m_interrupts     0x00000000         0x000001e8         xr
m_text           0x00000410         0x0007fbf0         xr
m_data           0x1fff0000         0x00010000         rw
m_data_20000000  0x20000000         0x00010000         rw
m_cfmprotrom     0x00000400         0x00000010         xr
*default*        0x00000000         0xffffffff

Linker script and memory map

LOAD c:/freescale/kds_3.0.0/toolchain/bin/../lib/gcc/arm-none-eabi/4.8.4/armv7e-m/fpu/crti.o
LOAD c:/freescale/kds_3.0.0/toolchain/bin/../lib/gcc/arm-none-eabi/4.8.4/armv7e-m/fpu/crtbegin.o
LOAD c:/freescale/kds_3.0.0/toolchain/bin/../lib/gcc/arm-none-eabi/4.8.4/../../../../arm-none-eabi/lib/armv7e-m/fpu/crt0.o
LOAD ./Sources/Events.o
LOAD ./Sources/FIFO.o
LOAD ./Sources/FTM.o
LOAD ./Sources/Flash.o
LOAD ./Sources/LEDs.o
LOAD ./Sources/PIT.o
LOAD ./Sources/RTC.o
LOAD ./Sources/UART.o
LOAD ./Sources/main.o
LOAD ./Sources/packet.o
LOAD ./Project_Settings/Startup_Code/startup.o
LOAD ./Generated_Code/Cpu.o
LOAD ./Generated_Code/Vectors.o
LOAD C:\Freescale\KDS_3.0.0\eclipse\es18aut13\Project\Library\libOS.a
LOAD C:\Freescale\KDS_3.0.0\eclipse\es18aut13\Project\Library\libAnalog.a
LOAD c:/freescale/kds_3.0.0/toolchain/bin/../lib/gcc/arm-none-eabi/4.8.4/../../../../arm-none-eabi/lib/armv7e-m/fpu\libstdc++_s.a
LOAD c:/freescale/kds_3.0.0/toolchain/bin/../lib/gcc/arm-none-eabi/4.8.4/../../../../arm-none-eabi/lib/armv7e-m/fpu\libm.a
START GROUP
LOAD c:/freescale/kds_3.0.0/toolchain/bin/../lib/gcc/arm-none-eabi/4.8.4/armv7e-m/fpu\libgcc.a
LOAD c:/freescale/kds_3.0.0/toolchain/bin/../lib/gcc/arm-none-eabi/4.8.4/../../../../arm-none-eabi/lib/armv7e-m/fpu\libg_s.a
LOAD c:/freescale/kds_3.0.0/toolchain/bin/../lib/gcc/arm-none-eabi/4.8.4/../../../../arm-none-eabi/lib/armv7e-m/fpu\libc_s.a
END GROUP
START GROUP
LOAD c:/freescale/kds_3.0.0/toolchain/bin/../lib/gcc/arm-none-eabi/4.8.4/armv7e-m/fpu\libgcc.a
LOAD c:/freescale/kds_3.0.0/toolchain/bin/../lib/gcc/arm-none-eabi/4.8.4/../../../../arm-none-eabi/lib/armv7e-m/fpu\libc_s.a
LOAD c:/freescale/kds_3.0.0/toolchain/bin/../lib/gcc/arm-none-eabi/4.8.4/../../../../arm-none-eabi/lib/armv7e-m/fpu\libnosys.a
END GROUP
START GROUP
LOAD c:/freescale/kds_3.0.0/toolchain/bin/../lib/gcc/arm-none-eabi/4.8.4/armv7e-m/fpu\libgcc.a
LOAD c:/freescale/kds_3.0.0/toolchain/bin/../lib/gcc/arm-none-eabi/4.8.4/../../../../arm-none-eabi/lib/armv7e-m/fpu\libc_s.a
LOAD c:/freescale/kds_3.0.0/toolchain/bin/../lib/gcc/arm-none-eabi/4.8.4/../../../../arm-none-eabi/lib/armv7e-m/fpu\libnosys.a
END GROUP
LOAD c:/freescale/kds_3.0.0/toolchain/bin/../lib/gcc/arm-none-eabi/4.8.4/armv7e-m/fpu/crtend.o
LOAD c:/freescale/kds_3.0.0/toolchain/bin/../lib/gcc/arm-none-eabi/4.8.4/armv7e-m/fpu/crtn.o
                0x20000000                _estack = 0x20000000
                0x20000000                __SP_INIT = _estack
                0x20000000                __stack = _estack
                0x00000000                __heap_size = 0x0
                0x00000400                __stack_size = 0x400

.interrupts     0x00000000      0x1e8
                0x00000000                __vector_table = .
                0x00000000                . = ALIGN (0x4)
 *(.vectortable)
 .vectortable   0x00000000      0x1e8 ./Generated_Code/Vectors.o
                0x00000000                __vect_table
                0x000001e8                . = ALIGN (0x4)

.cfmprotect     0x00000400       0x10
                0x00000400                . = ALIGN (0x4)
 *(.cfmconfig)
 .cfmconfig     0x00000400       0x10 ./Generated_Code/Cpu.o
                0x00000400                _cfm
                0x00000410                . = ALIGN (0x4)

.text           0x00000410     0x4378
                0x00000410                . = ALIGN (0x4)
 *(.text)
 .text          0x00000410       0x54 c:/freescale/kds_3.0.0/toolchain/bin/../lib/gcc/arm-none-eabi/4.8.4/armv7e-m/fpu/crtbegin.o
 .text          0x00000464       0x74 c:/freescale/kds_3.0.0/toolchain/bin/../lib/gcc/arm-none-eabi/4.8.4/../../../../arm-none-eabi/lib/armv7e-m/fpu/crt0.o
                0x00000464                _start
                0x00000464                _mainCRTStartup
 .text          0x000004d8      0x370 c:/freescale/kds_3.0.0/toolchain/bin/../lib/gcc/arm-none-eabi/4.8.4/armv7e-m/fpu\libgcc.a(_arm_addsubdf3.o)
                0x000004d8                __aeabi_drsub
                0x000004e0                __aeabi_dsub
                0x000004e0                __subdf3
                0x000004e4                __aeabi_dadd
                0x000004e4                __adddf3
                0x0000075c                __floatunsidf
                0x0000075c                __aeabi_ui2d
                0x0000077c                __floatsidf
                0x0000077c                __aeabi_i2d
                0x000007a0                __aeabi_f2d
                0x000007a0                __extendsfdf2
                0x000007dc                __floatundidf
                0x000007dc                __aeabi_ul2d
                0x000007ec                __floatdidf
                0x000007ec                __aeabi_l2d
 .text          0x00000848      0x424 c:/freescale/kds_3.0.0/toolchain/bin/../lib/gcc/arm-none-eabi/4.8.4/armv7e-m/fpu\libgcc.a(_arm_muldivdf3.o)
                0x00000848                __aeabi_dmul
                0x00000848                __muldf3
                0x00000a9c                __divdf3
                0x00000a9c                __aeabi_ddiv
 .text          0x00000c6c      0x110 c:/freescale/kds_3.0.0/toolchain/bin/../lib/gcc/arm-none-eabi/4.8.4/armv7e-m/fpu\libgcc.a(_arm_cmpdf2.o)
                0x00000c6c                __gtdf2
                0x00000c6c                __gedf2
                0x00000c74                __ltdf2
                0x00000c74                __ledf2
                0x00000c7c                __nedf2
                0x00000c7c                __eqdf2
                0x00000c7c                __cmpdf2
                0x00000cf8                __aeabi_cdrcmple
                0x00000d08                __aeabi_cdcmpeq
                0x00000d08                __aeabi_cdcmple
                0x00000d18                __aeabi_dcmpeq
                0x00000d2c                __aeabi_dcmplt
                0x00000d40                __aeabi_dcmple
                0x00000d54                __aeabi_dcmpge
                0x00000d68                __aeabi_dcmpgt
 .text          0x00000d7c       0xa0 c:/freescale/kds_3.0.0/toolchain/bin/../lib/gcc/arm-none-eabi/4.8.4/armv7e-m/fpu\libgcc.a(_arm_truncdfsf2.o)
                0x00000d7c                __truncdfsf2
                0x00000d7c                __aeabi_d2f
 .text          0x00000e1c      0x21c c:/freescale/kds_3.0.0/toolchain/bin/../lib/gcc/arm-none-eabi/4.8.4/armv7e-m/fpu\libgcc.a(_arm_addsubsf3.o)
                0x00000e1c                __aeabi_frsub
                0x00000e24                __subsf3
                0x00000e24                __aeabi_fsub
                0x00000e28                __aeabi_fadd
                0x00000e28                __addsf3
                0x00000f88                __aeabi_ui2f
                0x00000f88                __floatunsisf
                0x00000f90                __aeabi_i2f
                0x00000f90                __floatsisf
                0x00000fac                __aeabi_ul2f
                0x00000fac                __floatundisf
                0x00000fbc                __aeabi_l2f
                0x00000fbc                __floatdisf
 .text          0x00001038       0x48 c:/freescale/kds_3.0.0/toolchain/bin/../lib/gcc/arm-none-eabi/4.8.4/armv7e-m/fpu\libgcc.a(_fixunssfdi.o)
                0x00001038                __fixunssfdi
                0x00001038                __aeabi_f2ulz
 .text          0x00001080       0x40 c:/freescale/kds_3.0.0/toolchain/bin/../lib/gcc/arm-none-eabi/4.8.4/armv7e-m/fpu\libgcc.a(_arm_fixunsdfsi.o)
                0x00001080                __aeabi_d2uiz
                0x00001080                __fixunsdfsi
 *(.text*)
 .text.FIFO_Init
                0x000010c0       0x48 ./Sources/FIFO.o
                0x000010c0                FIFO_Init
 .text.FIFO_Put
                0x00001108       0x70 ./Sources/FIFO.o
                0x00001108                FIFO_Put
 .text.FIFO_Get
                0x00001178       0x70 ./Sources/FIFO.o
                0x00001178                FIFO_Get
 .text.FTM_Init
                0x000011e8       0xfc ./Sources/FTM.o
                0x000011e8                FTM_Init
 .text.FTM_Set  0x000012e4       0xe4 ./Sources/FTM.o
                0x000012e4                FTM_Set
 .text.FTM_StartTimer
                0x000013c8       0x78 ./Sources/FTM.o
                0x000013c8                FTM_StartTimer
 .text.FTM0_ISR
                0x00001440       0x98 ./Sources/FTM.o
                0x00001440                FTM0_ISR
 .text.Flash_Init
                0x000014d8       0x10 ./Sources/Flash.o
                0x000014d8                Flash_Init
 .text.Flash_AllocateVar
                0x000014e8       0x90 ./Sources/Flash.o
                0x000014e8                Flash_AllocateVar
 .text.Flash_Write32
                0x00001578       0x58 ./Sources/Flash.o
                0x00001578                Flash_Write32
 .text.Flash_Write16
                0x000015d0       0x60 ./Sources/Flash.o
                0x000015d0                Flash_Write16
 .text.Flash_Write8
                0x00001630       0x60 ./Sources/Flash.o
                0x00001630                Flash_Write8
 .text.Flash_Erase
                0x00001690       0x14 ./Sources/Flash.o
                0x00001690                Flash_Erase
 .text.LaunchCommand
                0x000016a4       0x98 ./Sources/Flash.o
 .text.WritePhrase
                0x0000173c       0xe8 ./Sources/Flash.o
 .text.EraseSector
                0x00001824       0x38 ./Sources/Flash.o
 .text.LEDs_Init
                0x0000185c       0xd4 ./Sources/LEDs.o
                0x0000185c                LEDs_Init
 .text.LEDs_On  0x00001930       0x24 ./Sources/LEDs.o
                0x00001930                LEDs_On
 .text.LEDs_Off
                0x00001954       0x24 ./Sources/LEDs.o
                0x00001954                LEDs_Off
 .text.PIT_Init
                0x00001978       0xdc ./Sources/PIT.o
                0x00001978                PIT_Init
 .text.PIT_Set  0x00001a54       0x5c ./Sources/PIT.o
                0x00001a54                PIT_Set
 .text.PIT_Enable
                0x00001ab0       0x40 ./Sources/PIT.o
                0x00001ab0                PIT_Enable
 .text.PIT_ISR  0x00001af0       0x48 ./Sources/PIT.o
                0x00001af0                PIT_ISR
 .text.RTC_ISR  0x00001b38       0x2c ./Sources/RTC.o
                0x00001b38                RTC_ISR
 .text.RxUARTThread
                0x00001b64       0x30 ./Sources/UART.o
 .text.TxUARTThread
                0x00001b94       0x50 ./Sources/UART.o
 .text.UART_Init
                0x00001be4      0x1c8 ./Sources/UART.o
                0x00001be4                UART_Init
 .text.UART_InChar
                0x00001dac       0x1c ./Sources/UART.o
                0x00001dac                UART_InChar
 .text.UART_OutChar
                0x00001dc8       0x34 ./Sources/UART.o
                0x00001dc8                UART_OutChar
 .text.UART_ISR
                0x00001dfc       0x94 ./Sources/UART.o
                0x00001dfc                UART_ISR
 .text.ArrayCopy
                0x00001e90       0x40 ./Sources/main.o
                0x00001e90                ArrayCopy
 .text.CalculateRMS
                0x00001ed0       0xa8 ./Sources/main.o
                0x00001ed0                CalculateRMS
 .text.CheckRMS
                0x00001f78      0x120 ./Sources/main.o
                0x00001f78                CheckRMS
 .text.CalculateRMSThread
                0x00002098      0x130 ./Sources/main.o
                0x00002098                CalculateRMSThread
 .text.CalculateFrequencyThread
                0x000021c8      0x1ec ./Sources/main.o
                0x000021c8                CalculateFrequencyThread
 .text.RaisesThread
                0x000023b4       0x50 ./Sources/main.o
                0x000023b4                RaisesThread
 .text.LowersThread
                0x00002404       0x50 ./Sources/main.o
                0x00002404                LowersThread
 .text.PITCallback
                0x00002454       0xc0 ./Sources/main.o
                0x00002454                PITCallback
 .text.HandleTowerTiming
                0x00002514       0x6c ./Sources/main.o
                0x00002514                HandleTowerTiming
 .text.HandleTowerRaises
                0x00002580       0x6c ./Sources/main.o
                0x00002580                HandleTowerRaises
 .text.HandleTowerLowers
                0x000025ec       0x6c ./Sources/main.o
                0x000025ec                HandleTowerLowers
 .text.HandleTowerFrequency
                0x00002658       0x48 ./Sources/main.o
                0x00002658                HandleTowerFrequency
 .text.HandleTowerVoltage
                0x000026a0       0x84 ./Sources/main.o
                0x000026a0                HandleTowerVoltage
 .text.HandleTowerSpectrum
                0x00002724       0x10 ./Sources/main.o
                0x00002724                HandleTowerSpectrum
 .text.ReceivedPacket
                0x00002734       0xfc ./Sources/main.o
                0x00002734                ReceivedPacket
 .text.TowerInit
                0x00002830       0xb8 ./Sources/main.o
                0x00002830                TowerInit
 .text.InitModulesThread
                0x000028e8      0x100 ./Sources/main.o
 .text.PacketThread
                0x000029e8       0x5c ./Sources/main.o
 .text.FTMLEDsOffThread
                0x00002a44       0x24 ./Sources/main.o
 .text.main     0x00002a68       0xfc ./Sources/main.o
                0x00002a68                main
 .text.Packet_Init
                0x00002b64       0x2c ./Sources/packet.o
                0x00002b64                Packet_Init
 .text.Packet_Get
                0x00002b90       0x6c ./Sources/packet.o
                0x00002b90                Packet_Get
 .text.Packet_Put
                0x00002bfc       0x70 ./Sources/packet.o
                0x00002bfc                Packet_Put
 .text.__copy_rom_section
                0x00002c6c       0xe4 ./Project_Settings/Startup_Code/startup.o
                0x00002c6c                __copy_rom_section
 .text.__copy_rom_sections_to_ram
                0x00002d50       0x9c ./Project_Settings/Startup_Code/startup.o
                0x00002d50                __copy_rom_sections_to_ram
 .text.__init_registers
                0x00002dec       0x20 ./Project_Settings/Startup_Code/startup.o
                0x00002dec                __init_registers
 .text.__init_user
                0x00002e0c        0xc ./Project_Settings/Startup_Code/startup.o
                0x00002e0c                __init_user
 .text.__thumb_startup
                0x00002e18       0x34 ./Project_Settings/Startup_Code/startup.o
                0x00002e18                __thumb_startup
 .text.Cpu_Interrupt
                0x00002e4c       0x18 ./Generated_Code/Cpu.o
                0x00002e4c                Cpu_Interrupt
 .text.__init_hardware
                0x00002e64      0x1cc ./Generated_Code/Cpu.o
                0x00002e64                __init_hardware
 .text.Cpu_SetBASEPRI
                0x00003030       0x18 ./Generated_Code/Cpu.o
                0x00003030                Cpu_SetBASEPRI
 .text.PE_low_level_init
                0x00003048       0xe4 ./Generated_Code/Cpu.o
                0x00003048                PE_low_level_init
 .text.OS_Init  0x0000312c      0x110 C:\Freescale\KDS_3.0.0\eclipse\es18aut13\Project\Library\libOS.a(OS.o)
                0x0000312c                OS_Init
 .text.OS_ISREnter
                0x0000323c       0x20 C:\Freescale\KDS_3.0.0\eclipse\es18aut13\Project\Library\libOS.a(OS.o)
                0x0000323c                OS_ISREnter
 .text.OS_ISRExit
                0x0000325c       0x1c C:\Freescale\KDS_3.0.0\eclipse\es18aut13\Project\Library\libOS.a(OS.o)
                0x0000325c                OS_ISRExit
 .text.OS_SemaphoreCreate
                0x00003278       0x90 C:\Freescale\KDS_3.0.0\eclipse\es18aut13\Project\Library\libOS.a(OS.o)
                0x00003278                OS_SemaphoreCreate
 .text.OS_SemaphoreSignal
                0x00003308       0x44 C:\Freescale\KDS_3.0.0\eclipse\es18aut13\Project\Library\libOS.a(OS.o)
                0x00003308                OS_SemaphoreSignal
 .text.OS_SemaphoreWait
                0x0000334c       0x58 C:\Freescale\KDS_3.0.0\eclipse\es18aut13\Project\Library\libOS.a(OS.o)
                0x0000334c                OS_SemaphoreWait
 .text.OS_Start
                0x000033a4       0x10 C:\Freescale\KDS_3.0.0\eclipse\es18aut13\Project\Library\libOS.a(OS.o)
                0x000033a4                OS_Start
 .text.OS_ThreadCreate
                0x000033b4      0x160 C:\Freescale\KDS_3.0.0\eclipse\es18aut13\Project\Library\libOS.a(OS.o)
                0x000033b4                OS_ThreadCreate
 .text.OS_ThreadDelete
                0x00003514      0x18c C:\Freescale\KDS_3.0.0\eclipse\es18aut13\Project\Library\libOS.a(OS.o)
                0x00003514                OS_ThreadDelete
 .text.EventThreadReady
                0x000036a0       0x68 C:\Freescale\KDS_3.0.0\eclipse\es18aut13\Project\Library\libOS.a(OS.o)
 .text.EventThreadWait
                0x00003708       0x64 C:\Freescale\KDS_3.0.0\eclipse\es18aut13\Project\Library\libOS.a(OS.o)
 .text.EventTimeout
                0x0000376c       0x40 C:\Freescale\KDS_3.0.0\eclipse\es18aut13\Project\Library\libOS.a(OS.o)
 .text.Idle     0x000037ac       0x18 C:\Freescale\KDS_3.0.0\eclipse\es18aut13\Project\Library\libOS.a(OS.o)
 .text.FindFirstSet
                0x000037c4       0x44 C:\Freescale\KDS_3.0.0\eclipse\es18aut13\Project\Library\libOS.a(OS.o)
 .text.Schedule
                0x00003808       0x64 C:\Freescale\KDS_3.0.0\eclipse\es18aut13\Project\Library\libOS.a(OS.o)
 .text.TCBInit  0x0000386c       0xcc C:\Freescale\KDS_3.0.0\eclipse\es18aut13\Project\Library\libOS.a(OS.o)
 .text.TimeTick
                0x00003938       0x74 C:\Freescale\KDS_3.0.0\eclipse\es18aut13\Project\Library\libOS.a(OS.o)
 *fill*         0x000039ac        0x4 
 .text.OS_ContextSwitchISR
                0x000039b0       0x70 C:\Freescale\KDS_3.0.0\eclipse\es18aut13\Project\Library\libOS.a(OS.o)
                0x000039b0                OS_ContextSwitchISR
 .text.OS_SysTickISR
                0x00003a20       0x5c C:\Freescale\KDS_3.0.0\eclipse\es18aut13\Project\Library\libOS.a(OS.o)
                0x00003a20                OS_SysTickISR
 .text.DACWrite
                0x00003a7c       0x6c C:\Freescale\KDS_3.0.0\eclipse\es18aut13\Project\Library\libAnalog.a(analog.o)
 .text.Analog_Init
                0x00003ae8       0x7c C:\Freescale\KDS_3.0.0\eclipse\es18aut13\Project\Library\libAnalog.a(analog.o)
                0x00003ae8                Analog_Init
 .text.Analog_Get
                0x00003b64       0x78 C:\Freescale\KDS_3.0.0\eclipse\es18aut13\Project\Library\libAnalog.a(analog.o)
                0x00003b64                Analog_Get
 .text.Analog_Put
                0x00003bdc       0x50 C:\Freescale\KDS_3.0.0\eclipse\es18aut13\Project\Library\libAnalog.a(analog.o)
                0x00003bdc                Analog_Put
 .text.InitChipSelectPins
                0x00003c2c       0x6c C:\Freescale\KDS_3.0.0\eclipse\es18aut13\Project\Library\libAnalog.a(SPI.o)
 .text.SetupModuleConfigurationRegister
                0x00003c98      0x104 C:\Freescale\KDS_3.0.0\eclipse\es18aut13\Project\Library\libAnalog.a(SPI.o)
 .text.SetBaudRate
                0x00003d9c      0x15c C:\Freescale\KDS_3.0.0\eclipse\es18aut13\Project\Library\libAnalog.a(SPI.o)
 .text.SetDelayAfterTransfer
                0x00003ef8      0x168 C:\Freescale\KDS_3.0.0\eclipse\es18aut13\Project\Library\libAnalog.a(SPI.o)
 .text.SetupClockAndTransferAttributesRegister
                0x00004060      0x16c C:\Freescale\KDS_3.0.0\eclipse\es18aut13\Project\Library\libAnalog.a(SPI.o)
 .text.SPI_Init
                0x000041cc       0x90 C:\Freescale\KDS_3.0.0\eclipse\es18aut13\Project\Library\libAnalog.a(SPI.o)
                0x000041cc                SPI_Init
 .text.SPI_SelectSlaveDevice
                0x0000425c       0x6c C:\Freescale\KDS_3.0.0\eclipse\es18aut13\Project\Library\libAnalog.a(SPI.o)
                0x0000425c                SPI_SelectSlaveDevice
 .text.SPI_Exchange
                0x000042c8       0x94 C:\Freescale\KDS_3.0.0\eclipse\es18aut13\Project\Library\libAnalog.a(SPI.o)
                0x000042c8                SPI_Exchange
 .text.sqrt     0x0000435c       0xbc c:/freescale/kds_3.0.0/toolchain/bin/../lib/gcc/arm-none-eabi/4.8.4/../../../../arm-none-eabi/lib/armv7e-m/fpu\libm.a(lib_a-w_sqrt.o)
                0x0000435c                sqrt
 .text.__ieee754_sqrt
                0x00004418      0x198 c:/freescale/kds_3.0.0/toolchain/bin/../lib/gcc/arm-none-eabi/4.8.4/../../../../arm-none-eabi/lib/armv7e-m/fpu\libm.a(lib_a-e_sqrt.o)
                0x00004418                __ieee754_sqrt
 .text.__fpclassifyd
                0x000045b0       0x54 c:/freescale/kds_3.0.0/toolchain/bin/../lib/gcc/arm-none-eabi/4.8.4/../../../../arm-none-eabi/lib/armv7e-m/fpu\libm.a(lib_a-s_fpclassify.o)
                0x000045b0                __fpclassifyd
 .text.matherr  0x00004604        0x4 c:/freescale/kds_3.0.0/toolchain/bin/../lib/gcc/arm-none-eabi/4.8.4/../../../../arm-none-eabi/lib/armv7e-m/fpu\libm.a(lib_a-s_matherr.o)
                0x00004604                matherr
 .text.__errno  0x00004608        0xc c:/freescale/kds_3.0.0/toolchain/bin/../lib/gcc/arm-none-eabi/4.8.4/../../../../arm-none-eabi/lib/armv7e-m/fpu\libg_s.a(lib_a-errno.o)
                0x00004608                __errno
 .text.exit     0x00004614       0x28 c:/freescale/kds_3.0.0/toolchain/bin/../lib/gcc/arm-none-eabi/4.8.4/../../../../arm-none-eabi/lib/armv7e-m/fpu\libg_s.a(lib_a-exit.o)
                0x00004614                exit
 .text.__libc_init_array
                0x0000463c       0x4c c:/freescale/kds_3.0.0/toolchain/bin/../lib/gcc/arm-none-eabi/4.8.4/../../../../arm-none-eabi/lib/armv7e-m/fpu\libg_s.a(lib_a-init.o)
                0x0000463c                __libc_init_array
 .text.memset   0x00004688       0x10 c:/freescale/kds_3.0.0/toolchain/bin/../lib/gcc/arm-none-eabi/4.8.4/../../../../arm-none-eabi/lib/armv7e-m/fpu\libg_s.a(lib_a-memset.o)
                0x00004688                memset
 .text._exit    0x00004698        0x4 c:/freescale/kds_3.0.0/toolchain/bin/../lib/gcc/arm-none-eabi/4.8.4/../../../../arm-none-eabi/lib/armv7e-m/fpu\libnosys.a(_exit.o)
                0x00004698                _exit
 *(.rodata)
 .rodata        0x0000469c        0x4 C:\Freescale\KDS_3.0.0\eclipse\es18aut13\Project\Library\libAnalog.a(analog.o)
 .rodata        0x000046a0       0xa0 C:\Freescale\KDS_3.0.0\eclipse\es18aut13\Project\Library\libAnalog.a(SPI.o)
 *(.rodata*)
 .rodata.PACKET_ACK_MASK
                0x00004740        0x1 ./Sources/packet.o
                0x00004740                PACKET_ACK_MASK
 *fill*         0x00004741        0x3 
 .rodata.SPI_SETUP
                0x00004744       0x1c C:\Freescale\KDS_3.0.0\eclipse\es18aut13\Project\Library\libAnalog.a(analog.o)
 .rodata.str1.4
                0x00004760        0x8 c:/freescale/kds_3.0.0/toolchain/bin/../lib/gcc/arm-none-eabi/4.8.4/../../../../arm-none-eabi/lib/armv7e-m/fpu\libm.a(lib_a-w_sqrt.o)
 .rodata.str1.1
                0x00004768        0x2 c:/freescale/kds_3.0.0/toolchain/bin/../lib/gcc/arm-none-eabi/4.8.4/../../../../arm-none-eabi/lib/armv7e-m/fpu\libg_s.a(lib_a-impure.o)
 *fill*         0x0000476a        0x2 
 .rodata._global_impure_ptr
                0x0000476c        0x4 c:/freescale/kds_3.0.0/toolchain/bin/../lib/gcc/arm-none-eabi/4.8.4/../../../../arm-none-eabi/lib/armv7e-m/fpu\libg_s.a(lib_a-impure.o)
                0x0000476c                _global_impure_ptr
 *(.glue_7)
 .glue_7        0x00000000        0x0 linker stubs
 *(.glue_7t)
 .glue_7t       0x00000000        0x0 linker stubs
 *(.eh_frame)
 .eh_frame      0x00004770        0x0 c:/freescale/kds_3.0.0/toolchain/bin/../lib/gcc/arm-none-eabi/4.8.4/armv7e-m/fpu/crtbegin.o
 *(.init)
 .init          0x00004770        0x4 c:/freescale/kds_3.0.0/toolchain/bin/../lib/gcc/arm-none-eabi/4.8.4/armv7e-m/fpu/crti.o
                0x00004770                _init
 .init          0x00004774        0x8 c:/freescale/kds_3.0.0/toolchain/bin/../lib/gcc/arm-none-eabi/4.8.4/armv7e-m/fpu/crtn.o
 *(.fini)
 .fini          0x0000477c        0x4 c:/freescale/kds_3.0.0/toolchain/bin/../lib/gcc/arm-none-eabi/4.8.4/armv7e-m/fpu/crti.o
                0x0000477c                _fini
 .fini          0x00004780        0x8 c:/freescale/kds_3.0.0/toolchain/bin/../lib/gcc/arm-none-eabi/4.8.4/armv7e-m/fpu/crtn.o
                0x00004788                . = ALIGN (0x4)
                0x00004788                _etext = .

.vfp11_veneer   0x00004788        0x0
 .vfp11_veneer  0x00000000        0x0 linker stubs

.v4_bx          0x00004788        0x0
 .v4_bx         0x00000000        0x0 linker stubs

.iplt           0x00004788        0x0
 .iplt          0x00000000        0x0 c:/freescale/kds_3.0.0/toolchain/bin/../lib/gcc/arm-none-eabi/4.8.4/armv7e-m/fpu/crtbegin.o

.ARM.extab
 *(.ARM.extab* .gnu.linkonce.armextab.*)

.ARM            0x00004788        0x8
                0x00004788                __exidx_start = .
 *(.ARM.exidx*)
 .ARM.exidx     0x00004788        0x8 c:/freescale/kds_3.0.0/toolchain/bin/../lib/gcc/arm-none-eabi/4.8.4/../../../../arm-none-eabi/lib/armv7e-m/fpu/crt0.o
                0x00004790                __exidx_end = .

.rel.dyn        0x00004790        0x0
 .rel.iplt      0x00000000        0x0 c:/freescale/kds_3.0.0/toolchain/bin/../lib/gcc/arm-none-eabi/4.8.4/armv7e-m/fpu/crtbegin.o

.ctors          0x00004790        0x0
                0x00004790                __CTOR_LIST__ = .
 *crtbegin.o(.ctors)
 *(EXCLUDE_FILE(*crtend.o) .ctors)
 *(SORT(.ctors.*))
 *(.ctors)
                0x00004790                __CTOR_END__ = .

.dtors          0x00004790        0x0
                0x00004790                __DTOR_LIST__ = .
 *crtbegin.o(.dtors)
 *(EXCLUDE_FILE(*crtend.o) .dtors)
 *(SORT(.dtors.*))
 *(.dtors)
                0x00004790                __DTOR_END__ = .

.preinit_array  0x00004790        0x0
                0x00004790                PROVIDE (__preinit_array_start, .)
 *(.preinit_array*)
                0x00004790                PROVIDE (__preinit_array_end, .)

.init_array     0x00004790        0x4
                0x00004790                PROVIDE (__init_array_start, .)
 *(SORT(.init_array.*))
 *(.init_array*)
 .init_array    0x00004790        0x4 c:/freescale/kds_3.0.0/toolchain/bin/../lib/gcc/arm-none-eabi/4.8.4/armv7e-m/fpu/crtbegin.o
                0x00004794                PROVIDE (__init_array_end, .)

.fini_array     0x00004794        0x4
                0x00004794                PROVIDE (__fini_array_start, .)
 *(SORT(.fini_array.*))
 *(.fini_array*)
 .fini_array    0x00004794        0x4 c:/freescale/kds_3.0.0/toolchain/bin/../lib/gcc/arm-none-eabi/4.8.4/armv7e-m/fpu/crtbegin.o
                0x00004798                PROVIDE (__fini_array_end, .)
                0x00004798                ___ROM_AT = .

.data           0x1fff0000      0x144 load address 0x00004798
                0x1fff0000                . = ALIGN (0x4)
                0x1fff0000                _sdata = .
 *(.data)
 *(.data*)
 .data.Timing_Mode
                0x1fff0000        0x1 ./Sources/main.o
 *fill*         0x1fff0001        0x3 
 .data.AnalogThreadData
                0x1fff0004       0xd8 ./Sources/main.o
 .data.__fdlib_version
                0x1fff00dc        0x1 c:/freescale/kds_3.0.0/toolchain/bin/../lib/gcc/arm-none-eabi/4.8.4/../../../../arm-none-eabi/lib/armv7e-m/fpu\libm.a(lib_a-s_lib_ver.o)
                0x1fff00dc                __fdlib_version
 *fill*         0x1fff00dd        0x3 
 .data.impure_data
                0x1fff00e0       0x60 c:/freescale/kds_3.0.0/toolchain/bin/../lib/gcc/arm-none-eabi/4.8.4/../../../../arm-none-eabi/lib/armv7e-m/fpu\libg_s.a(lib_a-impure.o)
 .data._impure_ptr
                0x1fff0140        0x4 c:/freescale/kds_3.0.0/toolchain/bin/../lib/gcc/arm-none-eabi/4.8.4/../../../../arm-none-eabi/lib/armv7e-m/fpu\libg_s.a(lib_a-impure.o)
                0x1fff0140                _impure_ptr
                0x1fff0144                . = ALIGN (0x4)
                0x1fff0144                _edata = .
                0x00000144                ___data_size = (_edata - _sdata)
                0x000048dc                ___m_data_20000000_ROMStart = (___ROM_AT + SIZEOF (.data))

.jcr            0x1fff0144        0x0 load address 0x000048dc
 .jcr           0x1fff0144        0x0 c:/freescale/kds_3.0.0/toolchain/bin/../lib/gcc/arm-none-eabi/4.8.4/armv7e-m/fpu/crtbegin.o

.igot.plt       0x1fff0144        0x0 load address 0x000048dc
 .igot.plt      0x00000000        0x0 c:/freescale/kds_3.0.0/toolchain/bin/../lib/gcc/arm-none-eabi/4.8.4/armv7e-m/fpu/crtbegin.o

.m_data_20000000
                0x20000000        0x0 load address 0x000048dc
                0x20000000                . = ALIGN (0x4)
                0x20000000                ___m_data_20000000_RAMStart = .
 *(.m_data_20000000)
                0x20000000                ___m_data_20000000_RAMEnd = .
                0x20000000                . = ALIGN (0x4)
                0x00000000                ___m_data_20000000_ROMSize = (___m_data_20000000_RAMEnd - ___m_data_20000000_RAMStart)
                0x20000000                . = ALIGN (0x4)

.bss            0x1fff0148     0xcb78 load address 0x000048e0
                0x1fff0148                __START_BSS = .
                0x1fff0148                PROVIDE (__bss_start__, __START_BSS)
 *(.bss)
 .bss           0x1fff0148       0x1c c:/freescale/kds_3.0.0/toolchain/bin/../lib/gcc/arm-none-eabi/4.8.4/armv7e-m/fpu/crtbegin.o
 *(.bss*)
 .bss.UserSemaphore
                0x1fff0164       0x20 ./Sources/FTM.o
 .bss.occupiedBytes.5646
                0x1fff0184        0x1 ./Sources/Flash.o
 *fill*         0x1fff0185        0x3 
 .bss.ModuleClk
                0x1fff0188        0x4 ./Sources/PIT.o
 .bss.UserFunction
                0x1fff018c        0x4 ./Sources/PIT.o
 .bss.UserArguments
                0x1fff0190        0x4 ./Sources/PIT.o
 .bss.ReadSemaphore
                0x1fff0194        0x4 ./Sources/RTC.o
 .bss.RxUARTThreadStack
                0x1fff0198     0x1000 ./Sources/UART.o
 .bss.TxUARTThreadStack
                0x1fff1198     0x1000 ./Sources/UART.o
 .bss.Frequency
                0x1fff2198        0x4 ./Sources/main.o
 .bss.LEDOffSemaphore
                0x1fff219c        0x4 ./Sources/main.o
 .bss.RaisesSemaphore
                0x1fff21a0        0x4 ./Sources/main.o
 .bss.LowersSemaphore
                0x1fff21a4        0x4 ./Sources/main.o
 .bss.FlashMutex
                0x1fff21a8        0x4 ./Sources/main.o
 .bss.FrequencySemaphore
                0x1fff21ac        0x4 ./Sources/main.o
 .bss.InitModulesThreadStack
                0x1fff21b0     0x1000 ./Sources/main.o
 .bss.FTMLEDsOffThreadStack
                0x1fff31b0     0x1000 ./Sources/main.o
 .bss.PacketThreadStack
                0x1fff41b0     0x1000 ./Sources/main.o
 .bss.RaisesThreadStack
                0x1fff51b0     0x1000 ./Sources/main.o
 .bss.LowersThreadStack
                0x1fff61b0     0x1000 ./Sources/main.o
 .bss.FrequencyThreadStack
                0x1fff71b0     0x2000 ./Sources/main.o
 .bss.RMSThreadStacks
                0x1fff91b0     0x3000 ./Sources/main.o
 .bss.channel.7431
                0x1fffc1b0        0x1 ./Sources/main.o
 *fill*         0x1fffc1b1        0x3 
 .bss.PacketPutAccess
                0x1fffc1b4        0x4 ./Sources/packet.o
 .bss.SR_lock   0x1fffc1b8        0x1 ./Generated_Code/Cpu.o
                0x1fffc1b8                SR_lock
 *fill*         0x1fffc1b9        0x3 
 .bss.TCBUnusedMain
                0x1fffc1bc       0x18 C:\Freescale\KDS_3.0.0\eclipse\es18aut13\Project\Library\libOS.a(OS.o)
 .bss.TCBTable  0x1fffc1d4      0x300 C:\Freescale\KDS_3.0.0\eclipse\es18aut13\Project\Library\libOS.a(OS.o)
 .bss.pTCBFreeList
                0x1fffc4d4        0x4 C:\Freescale\KDS_3.0.0\eclipse\es18aut13\Project\Library\libOS.a(OS.o)
 .bss.pTCBAllocatedList
                0x1fffc4d8        0x4 C:\Freescale\KDS_3.0.0\eclipse\es18aut13\Project\Library\libOS.a(OS.o)
 .bss.pTCBPriorityTable
                0x1fffc4dc       0x80 C:\Freescale\KDS_3.0.0\eclipse\es18aut13\Project\Library\libOS.a(OS.o)
 .bss.pTCBRunning
                0x1fffc55c        0x4 C:\Freescale\KDS_3.0.0\eclipse\es18aut13\Project\Library\libOS.a(OS.o)
 .bss.pTCBHighestReady
                0x1fffc560        0x4 C:\Freescale\KDS_3.0.0\eclipse\es18aut13\Project\Library\libOS.a(OS.o)
 .bss.ReadyList
                0x1fffc564        0x4 C:\Freescale\KDS_3.0.0\eclipse\es18aut13\Project\Library\libOS.a(OS.o)
 .bss.ECBTable  0x1fffc568      0x100 C:\Freescale\KDS_3.0.0\eclipse\es18aut13\Project\Library\libOS.a(OS.o)
 .bss.NextECBFree
                0x1fffc668        0x1 C:\Freescale\KDS_3.0.0\eclipse\es18aut13\Project\Library\libOS.a(OS.o)
 *fill*         0x1fffc669        0x3 
 .bss.IdleCounter
                0x1fffc66c        0x4 C:\Freescale\KDS_3.0.0\eclipse\es18aut13\Project\Library\libOS.a(OS.o)
 .bss.IdleStack
                0x1fffc670      0x400 C:\Freescale\KDS_3.0.0\eclipse\es18aut13\Project\Library\libOS.a(OS.o)
 .bss.Ticks     0x1fffca70        0x4 C:\Freescale\KDS_3.0.0\eclipse\es18aut13\Project\Library\libOS.a(OS.o)
 .bss.ToggleCntr
                0x1fffca74        0x4 C:\Freescale\KDS_3.0.0\eclipse\es18aut13\Project\Library\libOS.a(OS.o)
 .bss.ToggleLED
                0x1fffca78        0x1 C:\Freescale\KDS_3.0.0\eclipse\es18aut13\Project\Library\libOS.a(OS.o)
 .bss.ISRNestLevel
                0x1fffca79        0x1 C:\Freescale\KDS_3.0.0\eclipse\es18aut13\Project\Library\libOS.a(OS.o)
 *fill*         0x1fffca7a        0x2 
 .bss.ADCCommandUnion
                0x1fffca7c        0x4 C:\Freescale\KDS_3.0.0\eclipse\es18aut13\Project\Library\libAnalog.a(analog.o)
 *(COMMON)
 COMMON         0x1fffca80      0x22c ./Sources/UART.o
                0x1fffca80                DummyRead
                0x1fffca84                TxFIFO
                0x1fffcb94                RxFIFO
                0x1fffcca4                RxUARTSemaphore
                0x1fffcca8                TxUARTSemaphore
 COMMON         0x1fffccac        0x8 ./Sources/main.o
                0x1fffccac                NvCountRaises
                0x1fffccb0                NvCountLowers
 COMMON         0x1fffccb4        0x5 ./Sources/packet.o
                0x1fffccb4                Packet
 COMMON         0x1fffccb9        0x1 ./Generated_Code/Cpu.o
                0x1fffccb9                SR_reg
 *fill*         0x1fffccba        0x2 
 COMMON         0x1fffccbc        0x4 C:\Freescale\KDS_3.0.0\eclipse\es18aut13\Project\Library\libAnalog.a(analog.o)
                0x1fffccbc                DACInput
                0x1fffccc0                . = ALIGN (0x4)
                0x1fffccc0                __END_BSS = .
                0x1fffccc0                PROVIDE (__bss_end__, __END_BSS)
                0x000048dc                _romp_at = ((___ROM_AT + SIZEOF (.data)) + SIZEOF (.m_data_20000000))

.romp           0x1fffccc0       0x24 load address 0x000048dc
                0x000048dc                __S_romp = _romp_at
                0x1fffccc0        0x4 LONG 0x4798 ___ROM_AT
                0x1fffccc4        0x4 LONG 0x1fff0000 _sdata
                0x1fffccc8        0x4 LONG 0x144 ___data_size
                0x1fffcccc        0x4 LONG 0x48dc ___m_data_20000000_ROMStart
                0x1fffccd0        0x4 LONG 0x20000000 ___m_data_20000000_RAMStart
                0x1fffccd4        0x4 LONG 0x0 ___m_data_20000000_ROMSize
                0x1fffccd8        0x4 LONG 0x0
                0x1fffccdc        0x4 LONG 0x0
                0x1fffcce0        0x4 LONG 0x0

._user_heap_stack
                0x1fffcce4      0x400 load address 0x00004900
                0x1fffcce4                . = ALIGN (0x4)
                0x1fffcce4                PROVIDE (end, .)
                0x1fffcce4                PROVIDE (_end, .)
                0x1fffcce4                __heap_addr = .
                0x1fffcce4                __HeapBase = .
                0x1fffcce4                . = (. + __heap_size)
                0x1fffcce4                __HeapLimit = .
                0x1fffd0e4                . = (. + __stack_size)
 *fill*         0x1fffcce4      0x400 
                0x1fffd0e4                . = ALIGN (0x4)

.ARM.attributes
                0x00000000       0x30
 *(.ARM.attributes)
 .ARM.attributes
                0x00000000       0x22 c:/freescale/kds_3.0.0/toolchain/bin/../lib/gcc/arm-none-eabi/4.8.4/armv7e-m/fpu/crti.o
 .ARM.attributes
                0x00000022       0x34 c:/freescale/kds_3.0.0/toolchain/bin/../lib/gcc/arm-none-eabi/4.8.4/armv7e-m/fpu/crtbegin.o
 .ARM.attributes
                0x00000056       0x20 c:/freescale/kds_3.0.0/toolchain/bin/../lib/gcc/arm-none-eabi/4.8.4/../../../../arm-none-eabi/lib/armv7e-m/fpu/crt0.o
 .ARM.attributes
                0x00000076       0x39 ./Sources/FIFO.o
 .ARM.attributes
                0x000000af       0x39 ./Sources/FTM.o
 .ARM.attributes
                0x000000e8       0x39 ./Sources/Flash.o
 .ARM.attributes
                0x00000121       0x39 ./Sources/LEDs.o
 .ARM.attributes
                0x0000015a       0x39 ./Sources/PIT.o
 .ARM.attributes
                0x00000193       0x39 ./Sources/RTC.o
 .ARM.attributes
                0x000001cc       0x39 ./Sources/UART.o
 .ARM.attributes
                0x00000205       0x39 ./Sources/main.o
 .ARM.attributes
                0x0000023e       0x39 ./Sources/packet.o
 .ARM.attributes
                0x00000277       0x39 ./Project_Settings/Startup_Code/startup.o
 .ARM.attributes
                0x000002b0       0x39 ./Generated_Code/Cpu.o
 .ARM.attributes
                0x000002e9       0x39 ./Generated_Code/Vectors.o
 .ARM.attributes
                0x00000322       0x39 C:\Freescale\KDS_3.0.0\eclipse\es18aut13\Project\Library\libOS.a(OS.o)
 .ARM.attributes
                0x0000035b       0x39 C:\Freescale\KDS_3.0.0\eclipse\es18aut13\Project\Library\libAnalog.a(analog.o)
 .ARM.attributes
                0x00000394       0x39 C:\Freescale\KDS_3.0.0\eclipse\es18aut13\Project\Library\libAnalog.a(SPI.o)
 .ARM.attributes
                0x000003cd       0x34 c:/freescale/kds_3.0.0/toolchain/bin/../lib/gcc/arm-none-eabi/4.8.4/../../../../arm-none-eabi/lib/armv7e-m/fpu\libm.a(lib_a-w_sqrt.o)
 .ARM.attributes
                0x00000401       0x34 c:/freescale/kds_3.0.0/toolchain/bin/../lib/gcc/arm-none-eabi/4.8.4/../../../../arm-none-eabi/lib/armv7e-m/fpu\libm.a(lib_a-e_sqrt.o)
 .ARM.attributes
                0x00000435       0x34 c:/freescale/kds_3.0.0/toolchain/bin/../lib/gcc/arm-none-eabi/4.8.4/../../../../arm-none-eabi/lib/armv7e-m/fpu\libm.a(lib_a-s_fpclassify.o)
 .ARM.attributes
                0x00000469       0x34 c:/freescale/kds_3.0.0/toolchain/bin/../lib/gcc/arm-none-eabi/4.8.4/../../../../arm-none-eabi/lib/armv7e-m/fpu\libm.a(lib_a-s_lib_ver.o)
 .ARM.attributes
                0x0000049d       0x34 c:/freescale/kds_3.0.0/toolchain/bin/../lib/gcc/arm-none-eabi/4.8.4/../../../../arm-none-eabi/lib/armv7e-m/fpu\libm.a(lib_a-s_matherr.o)
 .ARM.attributes
                0x000004d1       0x22 c:/freescale/kds_3.0.0/toolchain/bin/../lib/gcc/arm-none-eabi/4.8.4/armv7e-m/fpu\libgcc.a(_arm_addsubdf3.o)
 .ARM.attributes
                0x000004f3       0x22 c:/freescale/kds_3.0.0/toolchain/bin/../lib/gcc/arm-none-eabi/4.8.4/armv7e-m/fpu\libgcc.a(_arm_muldivdf3.o)
 .ARM.attributes
                0x00000515       0x22 c:/freescale/kds_3.0.0/toolchain/bin/../lib/gcc/arm-none-eabi/4.8.4/armv7e-m/fpu\libgcc.a(_arm_cmpdf2.o)
 .ARM.attributes
                0x00000537       0x22 c:/freescale/kds_3.0.0/toolchain/bin/../lib/gcc/arm-none-eabi/4.8.4/armv7e-m/fpu\libgcc.a(_arm_truncdfsf2.o)
 .ARM.attributes
                0x00000559       0x22 c:/freescale/kds_3.0.0/toolchain/bin/../lib/gcc/arm-none-eabi/4.8.4/armv7e-m/fpu\libgcc.a(_arm_addsubsf3.o)
 .ARM.attributes
                0x0000057b       0x34 c:/freescale/kds_3.0.0/toolchain/bin/../lib/gcc/arm-none-eabi/4.8.4/armv7e-m/fpu\libgcc.a(_fixunssfdi.o)
 .ARM.attributes
                0x000005af       0x22 c:/freescale/kds_3.0.0/toolchain/bin/../lib/gcc/arm-none-eabi/4.8.4/armv7e-m/fpu\libgcc.a(_arm_fixunsdfsi.o)
 .ARM.attributes
                0x000005d1       0x34 c:/freescale/kds_3.0.0/toolchain/bin/../lib/gcc/arm-none-eabi/4.8.4/../../../../arm-none-eabi/lib/armv7e-m/fpu\libg_s.a(lib_a-errno.o)
 .ARM.attributes
                0x00000605       0x34 c:/freescale/kds_3.0.0/toolchain/bin/../lib/gcc/arm-none-eabi/4.8.4/../../../../arm-none-eabi/lib/armv7e-m/fpu\libg_s.a(lib_a-exit.o)
 .ARM.attributes
                0x00000639       0x34 c:/freescale/kds_3.0.0/toolchain/bin/../lib/gcc/arm-none-eabi/4.8.4/../../../../arm-none-eabi/lib/armv7e-m/fpu\libg_s.a(lib_a-impure.o)
 .ARM.attributes
                0x0000066d       0x34 c:/freescale/kds_3.0.0/toolchain/bin/../lib/gcc/arm-none-eabi/4.8.4/../../../../arm-none-eabi/lib/armv7e-m/fpu\libg_s.a(lib_a-init.o)
 .ARM.attributes
                0x000006a1       0x34 c:/freescale/kds_3.0.0/toolchain/bin/../lib/gcc/arm-none-eabi/4.8.4/../../../../arm-none-eabi/lib/armv7e-m/fpu\libg_s.a(lib_a-memset.o)
 .ARM.attributes
                0x000006d5       0x34 c:/freescale/kds_3.0.0/toolchain/bin/../lib/gcc/arm-none-eabi/4.8.4/../../../../arm-none-eabi/lib/armv7e-m/fpu\libnosys.a(_exit.o)
 .ARM.attributes
                0x00000709       0x22 c:/freescale/kds_3.0.0/toolchain/bin/../lib/gcc/arm-none-eabi/4.8.4/armv7e-m/fpu/crtn.o
OUTPUT(Project.elf elf32-littlearm)

.debug_info     0x00000000     0x6830
 .debug_info    0x00000000      0x217 ./Sources/FIFO.o
 .debug_info    0x00000217      0x797 ./Sources/FTM.o
 .debug_info    0x000009ae      0x671 ./Sources/Flash.o
 .debug_info    0x0000101f      0x490 ./Sources/LEDs.o
 .debug_info    0x000014af      0x5d0 ./Sources/PIT.o
 .debug_info    0x00001a7f      0x632 ./Sources/RTC.o
 .debug_info    0x000020b1      0xa8c ./Sources/UART.o
 .debug_info    0x00002b3d      0xce7 ./Sources/main.o
 .debug_info    0x00003824      0x2ff ./Sources/packet.o
 .debug_info    0x00003b23      0x3b0 ./Project_Settings/Startup_Code/startup.o
 .debug_info    0x00003ed3      0xc82 ./Generated_Code/Cpu.o
 .debug_info    0x00004b55      0x10f ./Generated_Code/Vectors.o
 .debug_info    0x00004c64      0xd02 C:\Freescale\KDS_3.0.0\eclipse\es18aut13\Project\Library\libOS.a(OS.o)
 .debug_info    0x00005966      0x46a C:\Freescale\KDS_3.0.0\eclipse\es18aut13\Project\Library\libAnalog.a(analog.o)
 .debug_info    0x00005dd0      0xa60 C:\Freescale\KDS_3.0.0\eclipse\es18aut13\Project\Library\libAnalog.a(SPI.o)

.debug_abbrev   0x00000000     0x17f8
 .debug_abbrev  0x00000000       0xce ./Sources/FIFO.o
 .debug_abbrev  0x000000ce      0x1d2 ./Sources/FTM.o
 .debug_abbrev  0x000002a0      0x1cc ./Sources/Flash.o
 .debug_abbrev  0x0000046c      0x144 ./Sources/LEDs.o
 .debug_abbrev  0x000005b0      0x188 ./Sources/PIT.o
 .debug_abbrev  0x00000738      0x168 ./Sources/RTC.o
 .debug_abbrev  0x000008a0      0x232 ./Sources/UART.o
 .debug_abbrev  0x00000ad2      0x26a ./Sources/main.o
 .debug_abbrev  0x00000d3c       0xec ./Sources/packet.o
 .debug_abbrev  0x00000e28      0x189 ./Project_Settings/Startup_Code/startup.o
 .debug_abbrev  0x00000fb1      0x185 ./Generated_Code/Cpu.o
 .debug_abbrev  0x00001136       0xa4 ./Generated_Code/Vectors.o
 .debug_abbrev  0x000011da      0x2f8 C:\Freescale\KDS_3.0.0\eclipse\es18aut13\Project\Library\libOS.a(OS.o)
 .debug_abbrev  0x000014d2      0x151 C:\Freescale\KDS_3.0.0\eclipse\es18aut13\Project\Library\libAnalog.a(analog.o)
 .debug_abbrev  0x00001623      0x1d5 C:\Freescale\KDS_3.0.0\eclipse\es18aut13\Project\Library\libAnalog.a(SPI.o)

.debug_aranges  0x00000000      0x498
 .debug_aranges
                0x00000000       0x30 ./Sources/FIFO.o
 .debug_aranges
                0x00000030       0x38 ./Sources/FTM.o
 .debug_aranges
                0x00000068       0x60 ./Sources/Flash.o
 .debug_aranges
                0x000000c8       0x38 ./Sources/LEDs.o
 .debug_aranges
                0x00000100       0x38 ./Sources/PIT.o
 .debug_aranges
                0x00000138       0x38 ./Sources/RTC.o
 .debug_aranges
                0x00000170       0x48 ./Sources/UART.o
 .debug_aranges
                0x000001b8       0xb8 ./Sources/main.o
 .debug_aranges
                0x00000270       0x30 ./Sources/packet.o
 .debug_aranges
                0x000002a0       0x50 ./Project_Settings/Startup_Code/startup.o
 .debug_aranges
                0x000002f0       0x38 ./Generated_Code/Cpu.o
 .debug_aranges
                0x00000328       0x18 ./Generated_Code/Vectors.o
 .debug_aranges
                0x00000340       0xc8 C:\Freescale\KDS_3.0.0\eclipse\es18aut13\Project\Library\libOS.a(OS.o)
 .debug_aranges
                0x00000408       0x38 C:\Freescale\KDS_3.0.0\eclipse\es18aut13\Project\Library\libAnalog.a(analog.o)
 .debug_aranges
                0x00000440       0x58 C:\Freescale\KDS_3.0.0\eclipse\es18aut13\Project\Library\libAnalog.a(SPI.o)

.debug_ranges   0x00000000      0x3a0
 .debug_ranges  0x00000000       0x20 ./Sources/FIFO.o
 .debug_ranges  0x00000020       0x28 ./Sources/FTM.o
 .debug_ranges  0x00000048       0x50 ./Sources/Flash.o
 .debug_ranges  0x00000098       0x28 ./Sources/LEDs.o
 .debug_ranges  0x000000c0       0x28 ./Sources/PIT.o
 .debug_ranges  0x000000e8       0x28 ./Sources/RTC.o
 .debug_ranges  0x00000110       0x38 ./Sources/UART.o
 .debug_ranges  0x00000148       0xa8 ./Sources/main.o
 .debug_ranges  0x000001f0       0x20 ./Sources/packet.o
 .debug_ranges  0x00000210       0x40 ./Project_Settings/Startup_Code/startup.o
 .debug_ranges  0x00000250       0x28 ./Generated_Code/Cpu.o
 .debug_ranges  0x00000278       0xb8 C:\Freescale\KDS_3.0.0\eclipse\es18aut13\Project\Library\libOS.a(OS.o)
 .debug_ranges  0x00000330       0x28 C:\Freescale\KDS_3.0.0\eclipse\es18aut13\Project\Library\libAnalog.a(analog.o)
 .debug_ranges  0x00000358       0x48 C:\Freescale\KDS_3.0.0\eclipse\es18aut13\Project\Library\libAnalog.a(SPI.o)

.debug_macro    0x00000000    0x1a5be
 .debug_macro   0x00000000       0xaf ./Sources/FIFO.o
 .debug_macro   0x000000af       0x22 ./Sources/FIFO.o
 .debug_macro   0x000000d1       0x3c ./Sources/FIFO.o
 .debug_macro   0x0000010d     0x1800 ./Sources/FIFO.o
 .debug_macro   0x0000190d       0xa9 ./Sources/FTM.o
 .debug_macro   0x000019b6       0x76 ./Sources/Flash.o
 .debug_macro   0x00001a2c       0x16 ./Sources/Flash.o
 .debug_macro   0x00001a42    0x174af ./Sources/Flash.o
 .debug_macro   0x00018ef1       0x2e ./Sources/Flash.o
 .debug_macro   0x00018f1f       0x6d ./Sources/LEDs.o
 .debug_macro   0x00018f8c       0xa9 ./Sources/PIT.o
 .debug_macro   0x00019035       0xa9 ./Sources/RTC.o
 .debug_macro   0x000190de       0xbd ./Sources/UART.o
 .debug_macro   0x0001919b      0x1c5 ./Sources/main.o
 .debug_macro   0x00019360       0x10 ./Sources/main.o
 .debug_macro   0x00019370       0x3a ./Sources/main.o
 .debug_macro   0x000193aa       0x10 ./Sources/main.o
 .debug_macro   0x000193ba       0x58 ./Sources/main.o
 .debug_macro   0x00019412       0x35 ./Sources/main.o
 .debug_macro   0x00019447       0xa3 ./Sources/main.o
 .debug_macro   0x000194ea      0x166 ./Sources/main.o
 .debug_macro   0x00019650       0x52 ./Sources/main.o
 .debug_macro   0x000196a2       0x16 ./Sources/main.o
 .debug_macro   0x000196b8       0x43 ./Sources/main.o
 .debug_macro   0x000196fb      0x180 ./Sources/main.o
 .debug_macro   0x0001987b       0xde ./Sources/main.o
 .debug_macro   0x00019959       0xc2 ./Sources/packet.o
 .debug_macro   0x00019a1b      0x121 ./Project_Settings/Startup_Code/startup.o
 .debug_macro   0x00019b3c       0x4a ./Project_Settings/Startup_Code/startup.o
 .debug_macro   0x00019b86      0x2a6 ./Project_Settings/Startup_Code/startup.o
 .debug_macro   0x00019e2c       0x10 ./Project_Settings/Startup_Code/startup.o
 .debug_macro   0x00019e3c       0x35 ./Project_Settings/Startup_Code/startup.o
 .debug_macro   0x00019e71       0x16 ./Project_Settings/Startup_Code/startup.o
 .debug_macro   0x00019e87       0x22 ./Project_Settings/Startup_Code/startup.o
 .debug_macro   0x00019ea9      0x20f ./Project_Settings/Startup_Code/startup.o
 .debug_macro   0x0001a0b8       0x84 ./Generated_Code/Cpu.o
 .debug_macro   0x0001a13c       0xa0 ./Generated_Code/Cpu.o
 .debug_macro   0x0001a1dc       0xd8 ./Generated_Code/Vectors.o
 .debug_macro   0x0001a2b4       0x36 ./Generated_Code/Vectors.o
 .debug_macro   0x0001a2ea       0xa3 C:\Freescale\KDS_3.0.0\eclipse\es18aut13\Project\Library\libOS.a(OS.o)
 .debug_macro   0x0001a38d       0x94 C:\Freescale\KDS_3.0.0\eclipse\es18aut13\Project\Library\libOS.a(OS.o)
 .debug_macro   0x0001a421       0x30 C:\Freescale\KDS_3.0.0\eclipse\es18aut13\Project\Library\libOS.a(OS.o)
 .debug_macro   0x0001a451       0xf5 C:\Freescale\KDS_3.0.0\eclipse\es18aut13\Project\Library\libAnalog.a(analog.o)
 .debug_macro   0x0001a546       0x10 C:\Freescale\KDS_3.0.0\eclipse\es18aut13\Project\Library\libAnalog.a(analog.o)
 .debug_macro   0x0001a556       0x68 C:\Freescale\KDS_3.0.0\eclipse\es18aut13\Project\Library\libAnalog.a(SPI.o)

.debug_line     0x00000000     0x3074
 .debug_line    0x00000000      0x2db ./Sources/FIFO.o
 .debug_line    0x000002db      0x31c ./Sources/FTM.o
 .debug_line    0x000005f7      0x2da ./Sources/Flash.o
 .debug_line    0x000008d1      0x22c ./Sources/LEDs.o
 .debug_line    0x00000afd      0x2fe ./Sources/PIT.o
 .debug_line    0x00000dfb      0x2ff ./Sources/RTC.o
 .debug_line    0x000010fa      0x356 ./Sources/UART.o
 .debug_line    0x00001450      0x6a7 ./Sources/main.o
 .debug_line    0x00001af7      0x2f3 ./Sources/packet.o
 .debug_line    0x00001dea      0x3e2 ./Project_Settings/Startup_Code/startup.o
 .debug_line    0x000021cc      0x282 ./Generated_Code/Cpu.o
 .debug_line    0x0000244e      0x2bd ./Generated_Code/Vectors.o
 .debug_line    0x0000270b      0x496 C:\Freescale\KDS_3.0.0\eclipse\es18aut13\Project\Library\libOS.a(OS.o)
 .debug_line    0x00002ba1      0x200 C:\Freescale\KDS_3.0.0\eclipse\es18aut13\Project\Library\libAnalog.a(analog.o)
 .debug_line    0x00002da1      0x2d3 C:\Freescale\KDS_3.0.0\eclipse\es18aut13\Project\Library\libAnalog.a(SPI.o)

.debug_str      0x00000000    0x8f642
 .debug_str     0x00000000    0x8a691 ./Sources/FIFO.o
                              0x8a80f (size before relaxing)
 .debug_str     0x0008a691      0x3b5 ./Sources/FTM.o
                              0x8ab48 (size before relaxing)
 .debug_str     0x0008aa46      0x3a5 ./Sources/Flash.o
                              0x8310d (size before relaxing)
 .debug_str     0x0008adeb       0xe1 ./Sources/LEDs.o
                              0x82ef3 (size before relaxing)
 .debug_str     0x0008aecc       0xe2 ./Sources/PIT.o
                              0x8a9a0 (size before relaxing)
 .debug_str     0x0008afae       0xab ./Sources/RTC.o
                              0x8a973 (size before relaxing)
 .debug_str     0x0008b059      0x23e ./Sources/UART.o
                              0x8abc1 (size before relaxing)
 .debug_str     0x0008b297     0x2358 ./Sources/main.o
                              0x8cfe8 (size before relaxing)
 .debug_str     0x0008d5ef       0x4f ./Sources/packet.o
                              0x8aa94 (size before relaxing)
 .debug_str     0x0008d63e     0x1147 ./Project_Settings/Startup_Code/startup.o
                              0x853f7 (size before relaxing)
 .debug_str     0x0008e785      0x1e3 ./Generated_Code/Cpu.o
                              0x8aa28 (size before relaxing)
 .debug_str     0x0008e968       0x1c ./Generated_Code/Vectors.o
                              0x8a7d4 (size before relaxing)
 .debug_str     0x0008e984      0x3ab C:\Freescale\KDS_3.0.0\eclipse\es18aut13\Project\Library\libOS.a(OS.o)
                              0x8ad2a (size before relaxing)
 .debug_str     0x0008ed2f      0x569 C:\Freescale\KDS_3.0.0\eclipse\es18aut13\Project\Library\libAnalog.a(analog.o)
                               0x3866 (size before relaxing)
 .debug_str     0x0008f298      0x3aa C:\Freescale\KDS_3.0.0\eclipse\es18aut13\Project\Library\libAnalog.a(SPI.o)
                              0x83389 (size before relaxing)

.comment        0x00000000       0x70
 .comment       0x00000000       0x70 ./Sources/FIFO.o
                                 0x71 (size before relaxing)
 .comment       0x00000000       0x71 ./Sources/FTM.o
 .comment       0x00000000       0x71 ./Sources/Flash.o
 .comment       0x00000000       0x71 ./Sources/LEDs.o
 .comment       0x00000000       0x71 ./Sources/PIT.o
 .comment       0x00000000       0x71 ./Sources/RTC.o
 .comment       0x00000000       0x71 ./Sources/UART.o
 .comment       0x00000000       0x71 ./Sources/main.o
 .comment       0x00000000       0x71 ./Sources/packet.o
 .comment       0x00000000       0x71 ./Project_Settings/Startup_Code/startup.o
 .comment       0x00000000       0x71 ./Generated_Code/Cpu.o
 .comment       0x00000000       0x71 ./Generated_Code/Vectors.o
 .comment       0x00000000       0x71 C:\Freescale\KDS_3.0.0\eclipse\es18aut13\Project\Library\libOS.a(OS.o)
 .comment       0x00000000       0x71 C:\Freescale\KDS_3.0.0\eclipse\es18aut13\Project\Library\libAnalog.a(analog.o)
 .comment       0x00000000       0x71 C:\Freescale\KDS_3.0.0\eclipse\es18aut13\Project\Library\libAnalog.a(SPI.o)

.debug_frame    0x00000000      0xe80
 .debug_frame   0x00000000       0x70 ./Sources/FIFO.o
 .debug_frame   0x00000070       0x88 ./Sources/FTM.o
 .debug_frame   0x000000f8      0x128 ./Sources/Flash.o
 .debug_frame   0x00000220       0x7c ./Sources/LEDs.o
 .debug_frame   0x0000029c       0x8c ./Sources/PIT.o
 .debug_frame   0x00000328       0x8c ./Sources/RTC.o
 .debug_frame   0x000003b4       0xd4 ./Sources/UART.o
 .debug_frame   0x00000488      0x27c ./Sources/main.o
 .debug_frame   0x00000704       0x70 ./Sources/packet.o
 .debug_frame   0x00000774       0xc0 ./Project_Settings/Startup_Code/startup.o
 .debug_frame   0x00000834       0x80 ./Generated_Code/Cpu.o
 .debug_frame   0x000008b4      0x2a0 C:\Freescale\KDS_3.0.0\eclipse\es18aut13\Project\Library\libOS.a(OS.o)
 .debug_frame   0x00000b54       0x90 C:\Freescale\KDS_3.0.0\eclipse\es18aut13\Project\Library\libAnalog.a(analog.o)
 .debug_frame   0x00000be4      0x100 C:\Freescale\KDS_3.0.0\eclipse\es18aut13\Project\Library\libAnalog.a(SPI.o)
 .debug_frame   0x00000ce4       0x38 c:/freescale/kds_3.0.0/toolchain/bin/../lib/gcc/arm-none-eabi/4.8.4/../../../../arm-none-eabi/lib/armv7e-m/fpu\libm.a(lib_a-w_sqrt.o)
 .debug_frame   0x00000d1c       0x3c c:/freescale/kds_3.0.0/toolchain/bin/../lib/gcc/arm-none-eabi/4.8.4/../../../../arm-none-eabi/lib/armv7e-m/fpu\libm.a(lib_a-e_sqrt.o)
 .debug_frame   0x00000d58       0x28 c:/freescale/kds_3.0.0/toolchain/bin/../lib/gcc/arm-none-eabi/4.8.4/../../../../arm-none-eabi/lib/armv7e-m/fpu\libm.a(lib_a-s_fpclassify.o)
 .debug_frame   0x00000d80       0x20 c:/freescale/kds_3.0.0/toolchain/bin/../lib/gcc/arm-none-eabi/4.8.4/../../../../arm-none-eabi/lib/armv7e-m/fpu\libm.a(lib_a-s_matherr.o)
 .debug_frame   0x00000da0       0x2c c:/freescale/kds_3.0.0/toolchain/bin/../lib/gcc/arm-none-eabi/4.8.4/armv7e-m/fpu\libgcc.a(_fixunssfdi.o)
 .debug_frame   0x00000dcc       0x20 c:/freescale/kds_3.0.0/toolchain/bin/../lib/gcc/arm-none-eabi/4.8.4/../../../../arm-none-eabi/lib/armv7e-m/fpu\libg_s.a(lib_a-errno.o)
 .debug_frame   0x00000dec       0x28 c:/freescale/kds_3.0.0/toolchain/bin/../lib/gcc/arm-none-eabi/4.8.4/../../../../arm-none-eabi/lib/armv7e-m/fpu\libg_s.a(lib_a-exit.o)
 .debug_frame   0x00000e14       0x2c c:/freescale/kds_3.0.0/toolchain/bin/../lib/gcc/arm-none-eabi/4.8.4/../../../../arm-none-eabi/lib/armv7e-m/fpu\libg_s.a(lib_a-init.o)
 .debug_frame   0x00000e40       0x20 c:/freescale/kds_3.0.0/toolchain/bin/../lib/gcc/arm-none-eabi/4.8.4/../../../../arm-none-eabi/lib/armv7e-m/fpu\libg_s.a(lib_a-memset.o)
 .debug_frame   0x00000e60       0x20 c:/freescale/kds_3.0.0/toolchain/bin/../lib/gcc/arm-none-eabi/4.8.4/../../../../arm-none-eabi/lib/armv7e-m/fpu\libnosys.a(_exit.o)
