Archive member included because of file (symbol)

C:\Users\PMcL\Documents\Subjects\48434 Embedded Software\5 Projects\Odd Spring\Template\Project\Library\libOS.a(OS.o)
                              ./Sources/main.o (OS_Init)
C:\Users\PMcL\Documents\Subjects\48434 Embedded Software\5 Projects\Odd Spring\Template\Project\Library\libAnalog.a(analog.o)
                              ./Sources/main.o (Analog_Init)
C:\Users\PMcL\Documents\Subjects\48434 Embedded Software\5 Projects\Odd Spring\Template\Project\Library\libAnalog.a(SPI.o)
                              C:\Users\PMcL\Documents\Subjects\48434 Embedded Software\5 Projects\Odd Spring\Template\Project\Library\libAnalog.a(analog.o) (SPI_Init)
c:/freescale/kds_3.0.0/toolchain/bin/../lib/gcc/arm-none-eabi/4.8.4/../../../../arm-none-eabi/lib/armv7e-m/fpu\libg_s.a(lib_a-exit.o)
                              c:/freescale/kds_3.0.0/toolchain/bin/../lib/gcc/arm-none-eabi/4.8.4/../../../../arm-none-eabi/lib/armv7e-m/fpu/crt0.o (exit)
c:/freescale/kds_3.0.0/toolchain/bin/../lib/gcc/arm-none-eabi/4.8.4/../../../../arm-none-eabi/lib/armv7e-m/fpu\libg_s.a(lib_a-impure.o)
                              c:/freescale/kds_3.0.0/toolchain/bin/../lib/gcc/arm-none-eabi/4.8.4/../../../../arm-none-eabi/lib/armv7e-m/fpu\libg_s.a(lib_a-exit.o) (_global_impure_ptr)
c:/freescale/kds_3.0.0/toolchain/bin/../lib/gcc/arm-none-eabi/4.8.4/../../../../arm-none-eabi/lib/armv7e-m/fpu\libg_s.a(lib_a-init.o)
                              c:/freescale/kds_3.0.0/toolchain/bin/../lib/gcc/arm-none-eabi/4.8.4/../../../../arm-none-eabi/lib/armv7e-m/fpu/crt0.o (__libc_init_array)
c:/freescale/kds_3.0.0/toolchain/bin/../lib/gcc/arm-none-eabi/4.8.4/../../../../arm-none-eabi/lib/armv7e-m/fpu\libg_s.a(lib_a-memset.o)
                              c:/freescale/kds_3.0.0/toolchain/bin/../lib/gcc/arm-none-eabi/4.8.4/../../../../arm-none-eabi/lib/armv7e-m/fpu/crt0.o (memset)
c:/freescale/kds_3.0.0/toolchain/bin/../lib/gcc/arm-none-eabi/4.8.4/../../../../arm-none-eabi/lib/armv7e-m/fpu\libnosys.a(_exit.o)
                              c:/freescale/kds_3.0.0/toolchain/bin/../lib/gcc/arm-none-eabi/4.8.4/../../../../arm-none-eabi/lib/armv7e-m/fpu\libg_s.a(lib_a-exit.o) (_exit)

Allocating common symbols
Common symbol       size              file

SR_reg              0x1               ./Generated_Code/Cpu.o
DACInput            0x4               C:\Users\PMcL\Documents\Subjects\48434 Embedded Software\5 Projects\Odd Spring\Template\Project\Library\libAnalog.a(analog.o)

Discarded input sections

 .text          0x00000000        0x0 c:/freescale/kds_3.0.0/toolchain/bin/../lib/gcc/arm-none-eabi/4.8.4/armv7e-m/fpu/crti.o
 .data          0x00000000        0x0 c:/freescale/kds_3.0.0/toolchain/bin/../lib/gcc/arm-none-eabi/4.8.4/armv7e-m/fpu/crti.o
 .bss           0x00000000        0x0 c:/freescale/kds_3.0.0/toolchain/bin/../lib/gcc/arm-none-eabi/4.8.4/armv7e-m/fpu/crti.o
 .data          0x00000000        0x4 c:/freescale/kds_3.0.0/toolchain/bin/../lib/gcc/arm-none-eabi/4.8.4/armv7e-m/fpu/crtbegin.o
 .data          0x00000000        0x0 c:/freescale/kds_3.0.0/toolchain/bin/../lib/gcc/arm-none-eabi/4.8.4/../../../../arm-none-eabi/lib/armv7e-m/fpu/crt0.o
 .bss           0x00000000        0x0 c:/freescale/kds_3.0.0/toolchain/bin/../lib/gcc/arm-none-eabi/4.8.4/../../../../arm-none-eabi/lib/armv7e-m/fpu/crt0.o
 .ARM.extab     0x00000000        0x0 c:/freescale/kds_3.0.0/toolchain/bin/../lib/gcc/arm-none-eabi/4.8.4/../../../../arm-none-eabi/lib/armv7e-m/fpu/crt0.o
 .group         0x00000000        0x8 ./Sources/main.o
 .group         0x00000000        0x8 ./Sources/main.o
 .group         0x00000000        0x8 ./Sources/main.o
 .group         0x00000000        0x8 ./Sources/main.o
 .group         0x00000000        0x8 ./Sources/main.o
 .group         0x00000000        0x8 ./Sources/main.o
 .group         0x00000000        0x8 ./Sources/main.o
 .group         0x00000000        0x8 ./Sources/main.o
 .group         0x00000000        0x8 ./Sources/main.o
 .group         0x00000000        0x8 ./Sources/main.o
 .group         0x00000000        0x8 ./Sources/main.o
 .group         0x00000000        0x8 ./Sources/main.o
 .text          0x00000000        0x0 ./Sources/main.o
 .data          0x00000000        0x0 ./Sources/main.o
 .bss           0x00000000        0x0 ./Sources/main.o
 .group         0x00000000        0x8 ./Project_Settings/Startup_Code/startup.o
 .group         0x00000000        0x8 ./Project_Settings/Startup_Code/startup.o
 .group         0x00000000        0x8 ./Project_Settings/Startup_Code/startup.o
 .group         0x00000000        0x8 ./Project_Settings/Startup_Code/startup.o
 .group         0x00000000        0x8 ./Project_Settings/Startup_Code/startup.o
 .group         0x00000000        0x8 ./Project_Settings/Startup_Code/startup.o
 .group         0x00000000        0x8 ./Project_Settings/Startup_Code/startup.o
 .group         0x00000000        0x8 ./Project_Settings/Startup_Code/startup.o
 .group         0x00000000        0x8 ./Project_Settings/Startup_Code/startup.o
 .group         0x00000000        0x8 ./Project_Settings/Startup_Code/startup.o
 .group         0x00000000        0x8 ./Project_Settings/Startup_Code/startup.o
 .group         0x00000000        0x8 ./Project_Settings/Startup_Code/startup.o
 .group         0x00000000        0x8 ./Project_Settings/Startup_Code/startup.o
 .group         0x00000000        0x8 ./Project_Settings/Startup_Code/startup.o
 .group         0x00000000        0x8 ./Project_Settings/Startup_Code/startup.o
 .group         0x00000000        0x8 ./Project_Settings/Startup_Code/startup.o
 .group         0x00000000        0x8 ./Project_Settings/Startup_Code/startup.o
 .group         0x00000000        0x8 ./Project_Settings/Startup_Code/startup.o
 .group         0x00000000        0x8 ./Project_Settings/Startup_Code/startup.o
 .text          0x00000000        0x0 ./Project_Settings/Startup_Code/startup.o
 .data          0x00000000        0x0 ./Project_Settings/Startup_Code/startup.o
 .bss           0x00000000        0x0 ./Project_Settings/Startup_Code/startup.o
 .text.__init_hardware
                0x00000000        0xc ./Project_Settings/Startup_Code/startup.o
 .text.__iar_program_start
                0x00000000        0xc ./Project_Settings/Startup_Code/startup.o
 .debug_macro   0x00000000      0x850 ./Project_Settings/Startup_Code/startup.o
 .debug_macro   0x00000000       0x16 ./Project_Settings/Startup_Code/startup.o
 .group         0x00000000        0x8 ./Generated_Code/Cpu.o
 .group         0x00000000        0x8 ./Generated_Code/Cpu.o
 .group         0x00000000        0x8 ./Generated_Code/Cpu.o
 .group         0x00000000        0x8 ./Generated_Code/Cpu.o
 .group         0x00000000        0x8 ./Generated_Code/Cpu.o
 .group         0x00000000        0x8 ./Generated_Code/Cpu.o
 .group         0x00000000        0x8 ./Generated_Code/Cpu.o
 .group         0x00000000        0x8 ./Generated_Code/Cpu.o
 .group         0x00000000        0x8 ./Generated_Code/Cpu.o
 .text          0x00000000        0x0 ./Generated_Code/Cpu.o
 .data          0x00000000        0x0 ./Generated_Code/Cpu.o
 .bss           0x00000000        0x0 ./Generated_Code/Cpu.o
 .debug_macro   0x00000000      0x850 ./Generated_Code/Cpu.o
 .debug_macro   0x00000000       0x16 ./Generated_Code/Cpu.o
 .debug_macro   0x00000000       0x44 ./Generated_Code/Cpu.o
 .debug_macro   0x00000000      0x209 ./Generated_Code/Cpu.o
 .debug_macro   0x00000000     0x17fa ./Generated_Code/Cpu.o
 .debug_macro   0x00000000      0x14e ./Generated_Code/Cpu.o
 .debug_macro   0x00000000       0x64 ./Generated_Code/Cpu.o
 .debug_macro   0x00000000    0x174c1 ./Generated_Code/Cpu.o
 .group         0x00000000        0x8 ./Generated_Code/Vectors.o
 .group         0x00000000        0x8 ./Generated_Code/Vectors.o
 .group         0x00000000        0x8 ./Generated_Code/Vectors.o
 .group         0x00000000        0x8 ./Generated_Code/Vectors.o
 .group         0x00000000        0x8 ./Generated_Code/Vectors.o
 .group         0x00000000        0x8 ./Generated_Code/Vectors.o
 .group         0x00000000        0x8 ./Generated_Code/Vectors.o
 .group         0x00000000        0x8 ./Generated_Code/Vectors.o
 .group         0x00000000        0x8 ./Generated_Code/Vectors.o
 .group         0x00000000        0x8 ./Generated_Code/Vectors.o
 .group         0x00000000        0x8 ./Generated_Code/Vectors.o
 .text          0x00000000        0x0 ./Generated_Code/Vectors.o
 .data          0x00000000        0x0 ./Generated_Code/Vectors.o
 .bss           0x00000000        0x0 ./Generated_Code/Vectors.o
 .debug_macro   0x00000000      0x850 ./Generated_Code/Vectors.o
 .debug_macro   0x00000000       0x16 ./Generated_Code/Vectors.o
 .debug_macro   0x00000000       0x44 ./Generated_Code/Vectors.o
 .debug_macro   0x00000000      0x209 ./Generated_Code/Vectors.o
 .debug_macro   0x00000000     0x17fa ./Generated_Code/Vectors.o
 .debug_macro   0x00000000      0x14e ./Generated_Code/Vectors.o
 .debug_macro   0x00000000       0x64 ./Generated_Code/Vectors.o
 .debug_macro   0x00000000    0x174c1 ./Generated_Code/Vectors.o
 .debug_macro   0x00000000       0x9a ./Generated_Code/Vectors.o
 .debug_macro   0x00000000       0x22 ./Generated_Code/Vectors.o
 .debug_macro   0x00000000       0x30 ./Generated_Code/Vectors.o
 .group         0x00000000        0x8 C:\Users\PMcL\Documents\Subjects\48434 Embedded Software\5 Projects\Odd Spring\Template\Project\Library\libOS.a(OS.o)
 .group         0x00000000        0x8 C:\Users\PMcL\Documents\Subjects\48434 Embedded Software\5 Projects\Odd Spring\Template\Project\Library\libOS.a(OS.o)
 .group         0x00000000        0x8 C:\Users\PMcL\Documents\Subjects\48434 Embedded Software\5 Projects\Odd Spring\Template\Project\Library\libOS.a(OS.o)
 .group         0x00000000        0x8 C:\Users\PMcL\Documents\Subjects\48434 Embedded Software\5 Projects\Odd Spring\Template\Project\Library\libOS.a(OS.o)
 .group         0x00000000        0x8 C:\Users\PMcL\Documents\Subjects\48434 Embedded Software\5 Projects\Odd Spring\Template\Project\Library\libOS.a(OS.o)
 .group         0x00000000        0x8 C:\Users\PMcL\Documents\Subjects\48434 Embedded Software\5 Projects\Odd Spring\Template\Project\Library\libOS.a(OS.o)
 .group         0x00000000        0x8 C:\Users\PMcL\Documents\Subjects\48434 Embedded Software\5 Projects\Odd Spring\Template\Project\Library\libOS.a(OS.o)
 .group         0x00000000        0x8 C:\Users\PMcL\Documents\Subjects\48434 Embedded Software\5 Projects\Odd Spring\Template\Project\Library\libOS.a(OS.o)
 .group         0x00000000        0x8 C:\Users\PMcL\Documents\Subjects\48434 Embedded Software\5 Projects\Odd Spring\Template\Project\Library\libOS.a(OS.o)
 .group         0x00000000        0x8 C:\Users\PMcL\Documents\Subjects\48434 Embedded Software\5 Projects\Odd Spring\Template\Project\Library\libOS.a(OS.o)
 .group         0x00000000        0x8 C:\Users\PMcL\Documents\Subjects\48434 Embedded Software\5 Projects\Odd Spring\Template\Project\Library\libOS.a(OS.o)
 .text          0x00000000        0x0 C:\Users\PMcL\Documents\Subjects\48434 Embedded Software\5 Projects\Odd Spring\Template\Project\Library\libOS.a(OS.o)
 .data          0x00000000        0x0 C:\Users\PMcL\Documents\Subjects\48434 Embedded Software\5 Projects\Odd Spring\Template\Project\Library\libOS.a(OS.o)
 .bss           0x00000000        0x0 C:\Users\PMcL\Documents\Subjects\48434 Embedded Software\5 Projects\Odd Spring\Template\Project\Library\libOS.a(OS.o)
 .rodata.OS_TICK_FREQUENCY
                0x00000000        0x4 C:\Users\PMcL\Documents\Subjects\48434 Embedded Software\5 Projects\Odd Spring\Template\Project\Library\libOS.a(OS.o)
 .text.OS_TimeDelay
                0x00000000       0x48 C:\Users\PMcL\Documents\Subjects\48434 Embedded Software\5 Projects\Odd Spring\Template\Project\Library\libOS.a(OS.o)
 .text.OS_TimeGet
                0x00000000       0x24 C:\Users\PMcL\Documents\Subjects\48434 Embedded Software\5 Projects\Odd Spring\Template\Project\Library\libOS.a(OS.o)
 .text.OS_TimeSet
                0x00000000       0x20 C:\Users\PMcL\Documents\Subjects\48434 Embedded Software\5 Projects\Odd Spring\Template\Project\Library\libOS.a(OS.o)
 .debug_macro   0x00000000      0x850 C:\Users\PMcL\Documents\Subjects\48434 Embedded Software\5 Projects\Odd Spring\Template\Project\Library\libOS.a(OS.o)
 .debug_macro   0x00000000       0x16 C:\Users\PMcL\Documents\Subjects\48434 Embedded Software\5 Projects\Odd Spring\Template\Project\Library\libOS.a(OS.o)
 .debug_macro   0x00000000       0x44 C:\Users\PMcL\Documents\Subjects\48434 Embedded Software\5 Projects\Odd Spring\Template\Project\Library\libOS.a(OS.o)
 .debug_macro   0x00000000      0x209 C:\Users\PMcL\Documents\Subjects\48434 Embedded Software\5 Projects\Odd Spring\Template\Project\Library\libOS.a(OS.o)
 .debug_macro   0x00000000     0x17fa C:\Users\PMcL\Documents\Subjects\48434 Embedded Software\5 Projects\Odd Spring\Template\Project\Library\libOS.a(OS.o)
 .debug_macro   0x00000000      0x14e C:\Users\PMcL\Documents\Subjects\48434 Embedded Software\5 Projects\Odd Spring\Template\Project\Library\libOS.a(OS.o)
 .debug_macro   0x00000000       0x64 C:\Users\PMcL\Documents\Subjects\48434 Embedded Software\5 Projects\Odd Spring\Template\Project\Library\libOS.a(OS.o)
 .debug_macro   0x00000000    0x174c1 C:\Users\PMcL\Documents\Subjects\48434 Embedded Software\5 Projects\Odd Spring\Template\Project\Library\libOS.a(OS.o)
 .debug_macro   0x00000000       0x22 C:\Users\PMcL\Documents\Subjects\48434 Embedded Software\5 Projects\Odd Spring\Template\Project\Library\libOS.a(OS.o)
 .debug_macro   0x00000000       0x30 C:\Users\PMcL\Documents\Subjects\48434 Embedded Software\5 Projects\Odd Spring\Template\Project\Library\libOS.a(OS.o)
 .group         0x00000000        0x8 C:\Users\PMcL\Documents\Subjects\48434 Embedded Software\5 Projects\Odd Spring\Template\Project\Library\libAnalog.a(analog.o)
 .group         0x00000000        0x8 C:\Users\PMcL\Documents\Subjects\48434 Embedded Software\5 Projects\Odd Spring\Template\Project\Library\libAnalog.a(analog.o)
 .group         0x00000000        0x8 C:\Users\PMcL\Documents\Subjects\48434 Embedded Software\5 Projects\Odd Spring\Template\Project\Library\libAnalog.a(analog.o)
 .group         0x00000000        0x8 C:\Users\PMcL\Documents\Subjects\48434 Embedded Software\5 Projects\Odd Spring\Template\Project\Library\libAnalog.a(analog.o)
 .group         0x00000000        0x8 C:\Users\PMcL\Documents\Subjects\48434 Embedded Software\5 Projects\Odd Spring\Template\Project\Library\libAnalog.a(analog.o)
 .group         0x00000000        0x8 C:\Users\PMcL\Documents\Subjects\48434 Embedded Software\5 Projects\Odd Spring\Template\Project\Library\libAnalog.a(analog.o)
 .group         0x00000000        0x8 C:\Users\PMcL\Documents\Subjects\48434 Embedded Software\5 Projects\Odd Spring\Template\Project\Library\libAnalog.a(analog.o)
 .text          0x00000000        0x0 C:\Users\PMcL\Documents\Subjects\48434 Embedded Software\5 Projects\Odd Spring\Template\Project\Library\libAnalog.a(analog.o)
 .data          0x00000000        0x0 C:\Users\PMcL\Documents\Subjects\48434 Embedded Software\5 Projects\Odd Spring\Template\Project\Library\libAnalog.a(analog.o)
 .bss           0x00000000        0x0 C:\Users\PMcL\Documents\Subjects\48434 Embedded Software\5 Projects\Odd Spring\Template\Project\Library\libAnalog.a(analog.o)
 .debug_macro   0x00000000      0x850 C:\Users\PMcL\Documents\Subjects\48434 Embedded Software\5 Projects\Odd Spring\Template\Project\Library\libAnalog.a(analog.o)
 .debug_macro   0x00000000      0x166 C:\Users\PMcL\Documents\Subjects\48434 Embedded Software\5 Projects\Odd Spring\Template\Project\Library\libAnalog.a(analog.o)
 .debug_macro   0x00000000       0x16 C:\Users\PMcL\Documents\Subjects\48434 Embedded Software\5 Projects\Odd Spring\Template\Project\Library\libAnalog.a(analog.o)
 .debug_macro   0x00000000       0x44 C:\Users\PMcL\Documents\Subjects\48434 Embedded Software\5 Projects\Odd Spring\Template\Project\Library\libAnalog.a(analog.o)
 .debug_macro   0x00000000      0x209 C:\Users\PMcL\Documents\Subjects\48434 Embedded Software\5 Projects\Odd Spring\Template\Project\Library\libAnalog.a(analog.o)
 .debug_macro   0x00000000       0x22 C:\Users\PMcL\Documents\Subjects\48434 Embedded Software\5 Projects\Odd Spring\Template\Project\Library\libAnalog.a(analog.o)
 .group         0x00000000        0x8 C:\Users\PMcL\Documents\Subjects\48434 Embedded Software\5 Projects\Odd Spring\Template\Project\Library\libAnalog.a(SPI.o)
 .group         0x00000000        0x8 C:\Users\PMcL\Documents\Subjects\48434 Embedded Software\5 Projects\Odd Spring\Template\Project\Library\libAnalog.a(SPI.o)
 .group         0x00000000        0x8 C:\Users\PMcL\Documents\Subjects\48434 Embedded Software\5 Projects\Odd Spring\Template\Project\Library\libAnalog.a(SPI.o)
 .group         0x00000000        0x8 C:\Users\PMcL\Documents\Subjects\48434 Embedded Software\5 Projects\Odd Spring\Template\Project\Library\libAnalog.a(SPI.o)
 .group         0x00000000        0x8 C:\Users\PMcL\Documents\Subjects\48434 Embedded Software\5 Projects\Odd Spring\Template\Project\Library\libAnalog.a(SPI.o)
 .group         0x00000000        0x8 C:\Users\PMcL\Documents\Subjects\48434 Embedded Software\5 Projects\Odd Spring\Template\Project\Library\libAnalog.a(SPI.o)
 .text          0x00000000        0x0 C:\Users\PMcL\Documents\Subjects\48434 Embedded Software\5 Projects\Odd Spring\Template\Project\Library\libAnalog.a(SPI.o)
 .data          0x00000000        0x0 C:\Users\PMcL\Documents\Subjects\48434 Embedded Software\5 Projects\Odd Spring\Template\Project\Library\libAnalog.a(SPI.o)
 .bss           0x00000000        0x0 C:\Users\PMcL\Documents\Subjects\48434 Embedded Software\5 Projects\Odd Spring\Template\Project\Library\libAnalog.a(SPI.o)
 .rodata.MAX_SPI_WAIT_COUNT
                0x00000000        0x2 C:\Users\PMcL\Documents\Subjects\48434 Embedded Software\5 Projects\Odd Spring\Template\Project\Library\libAnalog.a(SPI.o)
 .debug_macro   0x00000000      0x850 C:\Users\PMcL\Documents\Subjects\48434 Embedded Software\5 Projects\Odd Spring\Template\Project\Library\libAnalog.a(SPI.o)
 .debug_macro   0x00000000       0x16 C:\Users\PMcL\Documents\Subjects\48434 Embedded Software\5 Projects\Odd Spring\Template\Project\Library\libAnalog.a(SPI.o)
 .debug_macro   0x00000000       0x44 C:\Users\PMcL\Documents\Subjects\48434 Embedded Software\5 Projects\Odd Spring\Template\Project\Library\libAnalog.a(SPI.o)
 .debug_macro   0x00000000      0x209 C:\Users\PMcL\Documents\Subjects\48434 Embedded Software\5 Projects\Odd Spring\Template\Project\Library\libAnalog.a(SPI.o)
 .debug_macro   0x00000000       0x22 C:\Users\PMcL\Documents\Subjects\48434 Embedded Software\5 Projects\Odd Spring\Template\Project\Library\libAnalog.a(SPI.o)
 .debug_macro   0x00000000    0x174c1 C:\Users\PMcL\Documents\Subjects\48434 Embedded Software\5 Projects\Odd Spring\Template\Project\Library\libAnalog.a(SPI.o)
 .text          0x00000000        0x0 c:/freescale/kds_3.0.0/toolchain/bin/../lib/gcc/arm-none-eabi/4.8.4/../../../../arm-none-eabi/lib/armv7e-m/fpu\libg_s.a(lib_a-exit.o)
 .data          0x00000000        0x0 c:/freescale/kds_3.0.0/toolchain/bin/../lib/gcc/arm-none-eabi/4.8.4/../../../../arm-none-eabi/lib/armv7e-m/fpu\libg_s.a(lib_a-exit.o)
 .bss           0x00000000        0x0 c:/freescale/kds_3.0.0/toolchain/bin/../lib/gcc/arm-none-eabi/4.8.4/../../../../arm-none-eabi/lib/armv7e-m/fpu\libg_s.a(lib_a-exit.o)
 .text          0x00000000        0x0 c:/freescale/kds_3.0.0/toolchain/bin/../lib/gcc/arm-none-eabi/4.8.4/../../../../arm-none-eabi/lib/armv7e-m/fpu\libg_s.a(lib_a-impure.o)
 .data          0x00000000        0x0 c:/freescale/kds_3.0.0/toolchain/bin/../lib/gcc/arm-none-eabi/4.8.4/../../../../arm-none-eabi/lib/armv7e-m/fpu\libg_s.a(lib_a-impure.o)
 .bss           0x00000000        0x0 c:/freescale/kds_3.0.0/toolchain/bin/../lib/gcc/arm-none-eabi/4.8.4/../../../../arm-none-eabi/lib/armv7e-m/fpu\libg_s.a(lib_a-impure.o)
 .data._impure_ptr
                0x00000000        0x4 c:/freescale/kds_3.0.0/toolchain/bin/../lib/gcc/arm-none-eabi/4.8.4/../../../../arm-none-eabi/lib/armv7e-m/fpu\libg_s.a(lib_a-impure.o)
 .text          0x00000000        0x0 c:/freescale/kds_3.0.0/toolchain/bin/../lib/gcc/arm-none-eabi/4.8.4/../../../../arm-none-eabi/lib/armv7e-m/fpu\libg_s.a(lib_a-init.o)
 .data          0x00000000        0x0 c:/freescale/kds_3.0.0/toolchain/bin/../lib/gcc/arm-none-eabi/4.8.4/../../../../arm-none-eabi/lib/armv7e-m/fpu\libg_s.a(lib_a-init.o)
 .bss           0x00000000        0x0 c:/freescale/kds_3.0.0/toolchain/bin/../lib/gcc/arm-none-eabi/4.8.4/../../../../arm-none-eabi/lib/armv7e-m/fpu\libg_s.a(lib_a-init.o)
 .text          0x00000000        0x0 c:/freescale/kds_3.0.0/toolchain/bin/../lib/gcc/arm-none-eabi/4.8.4/../../../../arm-none-eabi/lib/armv7e-m/fpu\libg_s.a(lib_a-memset.o)
 .data          0x00000000        0x0 c:/freescale/kds_3.0.0/toolchain/bin/../lib/gcc/arm-none-eabi/4.8.4/../../../../arm-none-eabi/lib/armv7e-m/fpu\libg_s.a(lib_a-memset.o)
 .bss           0x00000000        0x0 c:/freescale/kds_3.0.0/toolchain/bin/../lib/gcc/arm-none-eabi/4.8.4/../../../../arm-none-eabi/lib/armv7e-m/fpu\libg_s.a(lib_a-memset.o)
 .text          0x00000000        0x0 c:/freescale/kds_3.0.0/toolchain/bin/../lib/gcc/arm-none-eabi/4.8.4/../../../../arm-none-eabi/lib/armv7e-m/fpu\libnosys.a(_exit.o)
 .data          0x00000000        0x0 c:/freescale/kds_3.0.0/toolchain/bin/../lib/gcc/arm-none-eabi/4.8.4/../../../../arm-none-eabi/lib/armv7e-m/fpu\libnosys.a(_exit.o)
 .bss           0x00000000        0x0 c:/freescale/kds_3.0.0/toolchain/bin/../lib/gcc/arm-none-eabi/4.8.4/../../../../arm-none-eabi/lib/armv7e-m/fpu\libnosys.a(_exit.o)
 .text          0x00000000        0x0 c:/freescale/kds_3.0.0/toolchain/bin/../lib/gcc/arm-none-eabi/4.8.4/armv7e-m/fpu/crtend.o
 .data          0x00000000        0x0 c:/freescale/kds_3.0.0/toolchain/bin/../lib/gcc/arm-none-eabi/4.8.4/armv7e-m/fpu/crtend.o
 .bss           0x00000000        0x0 c:/freescale/kds_3.0.0/toolchain/bin/../lib/gcc/arm-none-eabi/4.8.4/armv7e-m/fpu/crtend.o
 .eh_frame      0x00000000        0x4 c:/freescale/kds_3.0.0/toolchain/bin/../lib/gcc/arm-none-eabi/4.8.4/armv7e-m/fpu/crtend.o
 .jcr           0x00000000        0x4 c:/freescale/kds_3.0.0/toolchain/bin/../lib/gcc/arm-none-eabi/4.8.4/armv7e-m/fpu/crtend.o
 .ARM.attributes
                0x00000000       0x34 c:/freescale/kds_3.0.0/toolchain/bin/../lib/gcc/arm-none-eabi/4.8.4/armv7e-m/fpu/crtend.o
 .text          0x00000000        0x0 c:/freescale/kds_3.0.0/toolchain/bin/../lib/gcc/arm-none-eabi/4.8.4/armv7e-m/fpu/crtn.o
 .data          0x00000000        0x0 c:/freescale/kds_3.0.0/toolchain/bin/../lib/gcc/arm-none-eabi/4.8.4/armv7e-m/fpu/crtn.o
 .bss           0x00000000        0x0 c:/freescale/kds_3.0.0/toolchain/bin/../lib/gcc/arm-none-eabi/4.8.4/armv7e-m/fpu/crtn.o

Memory Configuration

Name             Origin             Length             Attributes
m_interrupts     0x00000000         0x000001e8         xr
m_text           0x00000410         0x0007fbf0         xr
m_data           0x1fff0000         0x00010000         rw
m_data_20000000  0x20000000         0x00010000         rw
m_cfmprotrom     0x00000400         0x00000010         xr
*default*        0x00000000         0xffffffff

Linker script and memory map

LOAD c:/freescale/kds_3.0.0/toolchain/bin/../lib/gcc/arm-none-eabi/4.8.4/armv7e-m/fpu/crti.o
LOAD c:/freescale/kds_3.0.0/toolchain/bin/../lib/gcc/arm-none-eabi/4.8.4/armv7e-m/fpu/crtbegin.o
LOAD c:/freescale/kds_3.0.0/toolchain/bin/../lib/gcc/arm-none-eabi/4.8.4/../../../../arm-none-eabi/lib/armv7e-m/fpu/crt0.o
LOAD ./Sources/main.o
LOAD ./Project_Settings/Startup_Code/startup.o
LOAD ./Generated_Code/Cpu.o
LOAD ./Generated_Code/Vectors.o
LOAD C:\Users\PMcL\Documents\Subjects\48434 Embedded Software\5 Projects\Odd Spring\Template\Project\Library\libOS.a
LOAD C:\Users\PMcL\Documents\Subjects\48434 Embedded Software\5 Projects\Odd Spring\Template\Project\Library\libAnalog.a
LOAD c:/freescale/kds_3.0.0/toolchain/bin/../lib/gcc/arm-none-eabi/4.8.4/../../../../arm-none-eabi/lib/armv7e-m/fpu\libstdc++_s.a
LOAD c:/freescale/kds_3.0.0/toolchain/bin/../lib/gcc/arm-none-eabi/4.8.4/../../../../arm-none-eabi/lib/armv7e-m/fpu\libm.a
START GROUP
LOAD c:/freescale/kds_3.0.0/toolchain/bin/../lib/gcc/arm-none-eabi/4.8.4/armv7e-m/fpu\libgcc.a
LOAD c:/freescale/kds_3.0.0/toolchain/bin/../lib/gcc/arm-none-eabi/4.8.4/../../../../arm-none-eabi/lib/armv7e-m/fpu\libg_s.a
LOAD c:/freescale/kds_3.0.0/toolchain/bin/../lib/gcc/arm-none-eabi/4.8.4/../../../../arm-none-eabi/lib/armv7e-m/fpu\libc_s.a
END GROUP
START GROUP
LOAD c:/freescale/kds_3.0.0/toolchain/bin/../lib/gcc/arm-none-eabi/4.8.4/armv7e-m/fpu\libgcc.a
LOAD c:/freescale/kds_3.0.0/toolchain/bin/../lib/gcc/arm-none-eabi/4.8.4/../../../../arm-none-eabi/lib/armv7e-m/fpu\libc_s.a
LOAD c:/freescale/kds_3.0.0/toolchain/bin/../lib/gcc/arm-none-eabi/4.8.4/../../../../arm-none-eabi/lib/armv7e-m/fpu\libnosys.a
END GROUP
START GROUP
LOAD c:/freescale/kds_3.0.0/toolchain/bin/../lib/gcc/arm-none-eabi/4.8.4/armv7e-m/fpu\libgcc.a
LOAD c:/freescale/kds_3.0.0/toolchain/bin/../lib/gcc/arm-none-eabi/4.8.4/../../../../arm-none-eabi/lib/armv7e-m/fpu\libc_s.a
LOAD c:/freescale/kds_3.0.0/toolchain/bin/../lib/gcc/arm-none-eabi/4.8.4/../../../../arm-none-eabi/lib/armv7e-m/fpu\libnosys.a
END GROUP
LOAD c:/freescale/kds_3.0.0/toolchain/bin/../lib/gcc/arm-none-eabi/4.8.4/armv7e-m/fpu/crtend.o
LOAD c:/freescale/kds_3.0.0/toolchain/bin/../lib/gcc/arm-none-eabi/4.8.4/armv7e-m/fpu/crtn.o
                0x20000000                _estack = 0x20000000
                0x20000000                __SP_INIT = _estack
                0x20000000                __stack = _estack
                0x00000000                __heap_size = 0x0
                0x00000400                __stack_size = 0x400

.interrupts     0x00000000      0x1e8
                0x00000000                __vector_table = .
                0x00000000                . = ALIGN (0x4)
 *(.vectortable)
 .vectortable   0x00000000      0x1e8 ./Generated_Code/Vectors.o
                0x00000000                __vect_table
                0x000001e8                . = ALIGN (0x4)

.cfmprotect     0x00000400       0x10
                0x00000400                . = ALIGN (0x4)
 *(.cfmconfig)
 .cfmconfig     0x00000400       0x10 ./Generated_Code/Cpu.o
                0x00000400                _cfm
                0x00000410                . = ALIGN (0x4)

.text           0x00000410     0x1b38
                0x00000410                . = ALIGN (0x4)
 *(.text)
 .text          0x00000410       0x54 c:/freescale/kds_3.0.0/toolchain/bin/../lib/gcc/arm-none-eabi/4.8.4/armv7e-m/fpu/crtbegin.o
 .text          0x00000464       0x74 c:/freescale/kds_3.0.0/toolchain/bin/../lib/gcc/arm-none-eabi/4.8.4/../../../../arm-none-eabi/lib/armv7e-m/fpu/crt0.o
                0x00000464                _start
                0x00000464                _mainCRTStartup
 *(.text*)
 .text.LPTMRInit
                0x000004d8       0xa8 ./Sources/main.o
                0x000004d8                LPTMRInit
 .text.LPTimer_ISR
                0x00000580       0x58 ./Sources/main.o
                0x00000580                LPTimer_ISR
 .text.InitModulesThread
                0x000005d8       0x4c ./Sources/main.o
 .text.AnalogLoopbackThread
                0x00000624       0x38 ./Sources/main.o
                0x00000624                AnalogLoopbackThread
 .text.main     0x0000065c       0x88 ./Sources/main.o
                0x0000065c                main
 .text.__copy_rom_section
                0x000006e4       0xe4 ./Project_Settings/Startup_Code/startup.o
                0x000006e4                __copy_rom_section
 .text.__copy_rom_sections_to_ram
                0x000007c8       0x9c ./Project_Settings/Startup_Code/startup.o
                0x000007c8                __copy_rom_sections_to_ram
 .text.__init_registers
                0x00000864       0x20 ./Project_Settings/Startup_Code/startup.o
                0x00000864                __init_registers
 .text.__init_user
                0x00000884        0xc ./Project_Settings/Startup_Code/startup.o
                0x00000884                __init_user
 .text.__thumb_startup
                0x00000890       0x34 ./Project_Settings/Startup_Code/startup.o
                0x00000890                __thumb_startup
 .text.Cpu_Interrupt
                0x000008c4       0x18 ./Generated_Code/Cpu.o
                0x000008c4                Cpu_Interrupt
 .text.__init_hardware
                0x000008dc      0x1cc ./Generated_Code/Cpu.o
                0x000008dc                __init_hardware
 .text.Cpu_SetBASEPRI
                0x00000aa8       0x18 ./Generated_Code/Cpu.o
                0x00000aa8                Cpu_SetBASEPRI
 .text.PE_low_level_init
                0x00000ac0       0xe4 ./Generated_Code/Cpu.o
                0x00000ac0                PE_low_level_init
 .text.OS_Init  0x00000ba4      0x110 C:\Users\PMcL\Documents\Subjects\48434 Embedded Software\5 Projects\Odd Spring\Template\Project\Library\libOS.a(OS.o)
                0x00000ba4                OS_Init
 .text.OS_ISREnter
                0x00000cb4       0x20 C:\Users\PMcL\Documents\Subjects\48434 Embedded Software\5 Projects\Odd Spring\Template\Project\Library\libOS.a(OS.o)
                0x00000cb4                OS_ISREnter
 .text.OS_ISRExit
                0x00000cd4       0x1c C:\Users\PMcL\Documents\Subjects\48434 Embedded Software\5 Projects\Odd Spring\Template\Project\Library\libOS.a(OS.o)
                0x00000cd4                OS_ISRExit
 .text.OS_SemaphoreCreate
                0x00000cf0       0x90 C:\Users\PMcL\Documents\Subjects\48434 Embedded Software\5 Projects\Odd Spring\Template\Project\Library\libOS.a(OS.o)
                0x00000cf0                OS_SemaphoreCreate
 .text.OS_SemaphoreSignal
                0x00000d80       0x44 C:\Users\PMcL\Documents\Subjects\48434 Embedded Software\5 Projects\Odd Spring\Template\Project\Library\libOS.a(OS.o)
                0x00000d80                OS_SemaphoreSignal
 .text.OS_SemaphoreWait
                0x00000dc4       0x58 C:\Users\PMcL\Documents\Subjects\48434 Embedded Software\5 Projects\Odd Spring\Template\Project\Library\libOS.a(OS.o)
                0x00000dc4                OS_SemaphoreWait
 .text.OS_Start
                0x00000e1c       0x10 C:\Users\PMcL\Documents\Subjects\48434 Embedded Software\5 Projects\Odd Spring\Template\Project\Library\libOS.a(OS.o)
                0x00000e1c                OS_Start
 .text.OS_ThreadCreate
                0x00000e2c      0x160 C:\Users\PMcL\Documents\Subjects\48434 Embedded Software\5 Projects\Odd Spring\Template\Project\Library\libOS.a(OS.o)
                0x00000e2c                OS_ThreadCreate
 .text.OS_ThreadDelete
                0x00000f8c      0x18c C:\Users\PMcL\Documents\Subjects\48434 Embedded Software\5 Projects\Odd Spring\Template\Project\Library\libOS.a(OS.o)
                0x00000f8c                OS_ThreadDelete
 .text.EventThreadReady
                0x00001118       0x68 C:\Users\PMcL\Documents\Subjects\48434 Embedded Software\5 Projects\Odd Spring\Template\Project\Library\libOS.a(OS.o)
 .text.EventThreadWait
                0x00001180       0x64 C:\Users\PMcL\Documents\Subjects\48434 Embedded Software\5 Projects\Odd Spring\Template\Project\Library\libOS.a(OS.o)
 .text.EventTimeout
                0x000011e4       0x40 C:\Users\PMcL\Documents\Subjects\48434 Embedded Software\5 Projects\Odd Spring\Template\Project\Library\libOS.a(OS.o)
 .text.Idle     0x00001224       0x18 C:\Users\PMcL\Documents\Subjects\48434 Embedded Software\5 Projects\Odd Spring\Template\Project\Library\libOS.a(OS.o)
 .text.FindFirstSet
                0x0000123c       0x44 C:\Users\PMcL\Documents\Subjects\48434 Embedded Software\5 Projects\Odd Spring\Template\Project\Library\libOS.a(OS.o)
 .text.Schedule
                0x00001280       0x64 C:\Users\PMcL\Documents\Subjects\48434 Embedded Software\5 Projects\Odd Spring\Template\Project\Library\libOS.a(OS.o)
 .text.TCBInit  0x000012e4       0xcc C:\Users\PMcL\Documents\Subjects\48434 Embedded Software\5 Projects\Odd Spring\Template\Project\Library\libOS.a(OS.o)
 .text.TimeTick
                0x000013b0       0x74 C:\Users\PMcL\Documents\Subjects\48434 Embedded Software\5 Projects\Odd Spring\Template\Project\Library\libOS.a(OS.o)
 *fill*         0x00001424        0xc 
 .text.OS_ContextSwitchISR
                0x00001430       0x70 C:\Users\PMcL\Documents\Subjects\48434 Embedded Software\5 Projects\Odd Spring\Template\Project\Library\libOS.a(OS.o)
                0x00001430                OS_ContextSwitchISR
 .text.OS_SysTickISR
                0x000014a0       0x5c C:\Users\PMcL\Documents\Subjects\48434 Embedded Software\5 Projects\Odd Spring\Template\Project\Library\libOS.a(OS.o)
                0x000014a0                OS_SysTickISR
 .text.DACWrite
                0x000014fc       0x6c C:\Users\PMcL\Documents\Subjects\48434 Embedded Software\5 Projects\Odd Spring\Template\Project\Library\libAnalog.a(analog.o)
 .text.Analog_Init
                0x00001568       0x7c C:\Users\PMcL\Documents\Subjects\48434 Embedded Software\5 Projects\Odd Spring\Template\Project\Library\libAnalog.a(analog.o)
                0x00001568                Analog_Init
 .text.Analog_Get
                0x000015e4       0x78 C:\Users\PMcL\Documents\Subjects\48434 Embedded Software\5 Projects\Odd Spring\Template\Project\Library\libAnalog.a(analog.o)
                0x000015e4                Analog_Get
 .text.Analog_Put
                0x0000165c       0x50 C:\Users\PMcL\Documents\Subjects\48434 Embedded Software\5 Projects\Odd Spring\Template\Project\Library\libAnalog.a(analog.o)
                0x0000165c                Analog_Put
 .text.InitChipSelectPins
                0x000016ac       0x6c C:\Users\PMcL\Documents\Subjects\48434 Embedded Software\5 Projects\Odd Spring\Template\Project\Library\libAnalog.a(SPI.o)
 .text.SetupModuleConfigurationRegister
                0x00001718      0x104 C:\Users\PMcL\Documents\Subjects\48434 Embedded Software\5 Projects\Odd Spring\Template\Project\Library\libAnalog.a(SPI.o)
 .text.SetBaudRate
                0x0000181c      0x15c C:\Users\PMcL\Documents\Subjects\48434 Embedded Software\5 Projects\Odd Spring\Template\Project\Library\libAnalog.a(SPI.o)
 .text.SetDelayAfterTransfer
                0x00001978      0x168 C:\Users\PMcL\Documents\Subjects\48434 Embedded Software\5 Projects\Odd Spring\Template\Project\Library\libAnalog.a(SPI.o)
 .text.SetupClockAndTransferAttributesRegister
                0x00001ae0      0x16c C:\Users\PMcL\Documents\Subjects\48434 Embedded Software\5 Projects\Odd Spring\Template\Project\Library\libAnalog.a(SPI.o)
 .text.SPI_Init
                0x00001c4c       0x90 C:\Users\PMcL\Documents\Subjects\48434 Embedded Software\5 Projects\Odd Spring\Template\Project\Library\libAnalog.a(SPI.o)
                0x00001c4c                SPI_Init
 .text.SPI_SelectSlaveDevice
                0x00001cdc       0x6c C:\Users\PMcL\Documents\Subjects\48434 Embedded Software\5 Projects\Odd Spring\Template\Project\Library\libAnalog.a(SPI.o)
                0x00001cdc                SPI_SelectSlaveDevice
 .text.SPI_Exchange
                0x00001d48       0x94 C:\Users\PMcL\Documents\Subjects\48434 Embedded Software\5 Projects\Odd Spring\Template\Project\Library\libAnalog.a(SPI.o)
                0x00001d48                SPI_Exchange
 .text.exit     0x00001ddc       0x28 c:/freescale/kds_3.0.0/toolchain/bin/../lib/gcc/arm-none-eabi/4.8.4/../../../../arm-none-eabi/lib/armv7e-m/fpu\libg_s.a(lib_a-exit.o)
                0x00001ddc                exit
 .text.__libc_init_array
                0x00001e04       0x4c c:/freescale/kds_3.0.0/toolchain/bin/../lib/gcc/arm-none-eabi/4.8.4/../../../../arm-none-eabi/lib/armv7e-m/fpu\libg_s.a(lib_a-init.o)
                0x00001e04                __libc_init_array
 .text.memset   0x00001e50       0x10 c:/freescale/kds_3.0.0/toolchain/bin/../lib/gcc/arm-none-eabi/4.8.4/../../../../arm-none-eabi/lib/armv7e-m/fpu\libg_s.a(lib_a-memset.o)
                0x00001e50                memset
 .text._exit    0x00001e60        0x4 c:/freescale/kds_3.0.0/toolchain/bin/../lib/gcc/arm-none-eabi/4.8.4/../../../../arm-none-eabi/lib/armv7e-m/fpu\libnosys.a(_exit.o)
                0x00001e60                _exit
 *(.rodata)
 .rodata        0x00001e64        0x4 C:\Users\PMcL\Documents\Subjects\48434 Embedded Software\5 Projects\Odd Spring\Template\Project\Library\libAnalog.a(analog.o)
 .rodata        0x00001e68       0xa0 C:\Users\PMcL\Documents\Subjects\48434 Embedded Software\5 Projects\Odd Spring\Template\Project\Library\libAnalog.a(SPI.o)
 *(.rodata*)
 .rodata.ANALOG_THREAD_PRIORITIES
                0x00001f08        0x4 ./Sources/main.o
                0x00001f08                ANALOG_THREAD_PRIORITIES
 .rodata.SPI_SETUP
                0x00001f0c       0x1c C:\Users\PMcL\Documents\Subjects\48434 Embedded Software\5 Projects\Odd Spring\Template\Project\Library\libAnalog.a(analog.o)
 .rodata.str1.1
                0x00001f28        0x2 c:/freescale/kds_3.0.0/toolchain/bin/../lib/gcc/arm-none-eabi/4.8.4/../../../../arm-none-eabi/lib/armv7e-m/fpu\libg_s.a(lib_a-impure.o)
 *fill*         0x00001f2a        0x2 
 .rodata._global_impure_ptr
                0x00001f2c        0x4 c:/freescale/kds_3.0.0/toolchain/bin/../lib/gcc/arm-none-eabi/4.8.4/../../../../arm-none-eabi/lib/armv7e-m/fpu\libg_s.a(lib_a-impure.o)
                0x00001f2c                _global_impure_ptr
 *(.glue_7)
 .glue_7        0x00000000        0x0 linker stubs
 *(.glue_7t)
 .glue_7t       0x00000000        0x0 linker stubs
 *(.eh_frame)
 .eh_frame      0x00001f30        0x0 c:/freescale/kds_3.0.0/toolchain/bin/../lib/gcc/arm-none-eabi/4.8.4/armv7e-m/fpu/crtbegin.o
 *(.init)
 .init          0x00001f30        0x4 c:/freescale/kds_3.0.0/toolchain/bin/../lib/gcc/arm-none-eabi/4.8.4/armv7e-m/fpu/crti.o
                0x00001f30                _init
 .init          0x00001f34        0x8 c:/freescale/kds_3.0.0/toolchain/bin/../lib/gcc/arm-none-eabi/4.8.4/armv7e-m/fpu/crtn.o
 *(.fini)
 .fini          0x00001f3c        0x4 c:/freescale/kds_3.0.0/toolchain/bin/../lib/gcc/arm-none-eabi/4.8.4/armv7e-m/fpu/crti.o
                0x00001f3c                _fini
 .fini          0x00001f40        0x8 c:/freescale/kds_3.0.0/toolchain/bin/../lib/gcc/arm-none-eabi/4.8.4/armv7e-m/fpu/crtn.o
                0x00001f48                . = ALIGN (0x4)
                0x00001f48                _etext = .

.vfp11_veneer   0x00001f48        0x0
 .vfp11_veneer  0x00000000        0x0 linker stubs

.v4_bx          0x00001f48        0x0
 .v4_bx         0x00000000        0x0 linker stubs

.iplt           0x00001f48        0x0
 .iplt          0x00000000        0x0 c:/freescale/kds_3.0.0/toolchain/bin/../lib/gcc/arm-none-eabi/4.8.4/armv7e-m/fpu/crtbegin.o

.ARM.extab
 *(.ARM.extab* .gnu.linkonce.armextab.*)

.ARM            0x00001f48        0x8
                0x00001f48                __exidx_start = .
 *(.ARM.exidx*)
 .ARM.exidx     0x00001f48        0x8 c:/freescale/kds_3.0.0/toolchain/bin/../lib/gcc/arm-none-eabi/4.8.4/../../../../arm-none-eabi/lib/armv7e-m/fpu/crt0.o
                0x00001f50                __exidx_end = .

.rel.dyn        0x00001f50        0x0
 .rel.iplt      0x00000000        0x0 c:/freescale/kds_3.0.0/toolchain/bin/../lib/gcc/arm-none-eabi/4.8.4/armv7e-m/fpu/crtbegin.o

.ctors          0x00001f50        0x0
                0x00001f50                __CTOR_LIST__ = .
 *crtbegin.o(.ctors)
 *(EXCLUDE_FILE(*crtend.o) .ctors)
 *(SORT(.ctors.*))
 *(.ctors)
                0x00001f50                __CTOR_END__ = .

.dtors          0x00001f50        0x0
                0x00001f50                __DTOR_LIST__ = .
 *crtbegin.o(.dtors)
 *(EXCLUDE_FILE(*crtend.o) .dtors)
 *(SORT(.dtors.*))
 *(.dtors)
                0x00001f50                __DTOR_END__ = .

.preinit_array  0x00001f50        0x0
                0x00001f50                PROVIDE (__preinit_array_start, .)
 *(.preinit_array*)
                0x00001f50                PROVIDE (__preinit_array_end, .)

.init_array     0x00001f50        0x4
                0x00001f50                PROVIDE (__init_array_start, .)
 *(SORT(.init_array.*))
 *(.init_array*)
 .init_array    0x00001f50        0x4 c:/freescale/kds_3.0.0/toolchain/bin/../lib/gcc/arm-none-eabi/4.8.4/armv7e-m/fpu/crtbegin.o
                0x00001f54                PROVIDE (__init_array_end, .)

.fini_array     0x00001f54        0x4
                0x00001f54                PROVIDE (__fini_array_start, .)
 *(SORT(.fini_array.*))
 *(.fini_array*)
 .fini_array    0x00001f54        0x4 c:/freescale/kds_3.0.0/toolchain/bin/../lib/gcc/arm-none-eabi/4.8.4/armv7e-m/fpu/crtbegin.o
                0x00001f58                PROVIDE (__fini_array_end, .)
                0x00001f58                ___ROM_AT = .

.data           0x1fff0000       0x70 load address 0x00001f58
                0x1fff0000                . = ALIGN (0x4)
                0x1fff0000                _sdata = .
 *(.data)
 *(.data*)
 .data.AnalogThreadData
                0x1fff0000       0x10 ./Sources/main.o
 .data.impure_data
                0x1fff0010       0x60 c:/freescale/kds_3.0.0/toolchain/bin/../lib/gcc/arm-none-eabi/4.8.4/../../../../arm-none-eabi/lib/armv7e-m/fpu\libg_s.a(lib_a-impure.o)
                0x1fff0070                . = ALIGN (0x4)
                0x1fff0070                _edata = .
                0x00000070                ___data_size = (_edata - _sdata)
                0x00001fc8                ___m_data_20000000_ROMStart = (___ROM_AT + SIZEOF (.data))

.jcr            0x1fff0070        0x0 load address 0x00001fc8
 .jcr           0x1fff0070        0x0 c:/freescale/kds_3.0.0/toolchain/bin/../lib/gcc/arm-none-eabi/4.8.4/armv7e-m/fpu/crtbegin.o

.igot.plt       0x1fff0070        0x0 load address 0x00001fc8
 .igot.plt      0x00000000        0x0 c:/freescale/kds_3.0.0/toolchain/bin/../lib/gcc/arm-none-eabi/4.8.4/armv7e-m/fpu/crtbegin.o

.m_data_20000000
                0x20000000        0x0 load address 0x00001fc8
                0x20000000                . = ALIGN (0x4)
                0x20000000                ___m_data_20000000_RAMStart = .
 *(.m_data_20000000)
                0x20000000                ___m_data_20000000_RAMEnd = .
                0x20000000                . = ALIGN (0x4)
                0x00000000                ___m_data_20000000_ROMSize = (___m_data_20000000_RAMEnd - ___m_data_20000000_RAMStart)
                0x20000000                . = ALIGN (0x4)

.bss            0x1fff0070      0xda0 load address 0x00001fc8
                0x1fff0070                __START_BSS = .
                0x1fff0070                PROVIDE (__bss_start__, __START_BSS)
 *(.bss)
 .bss           0x1fff0070       0x1c c:/freescale/kds_3.0.0/toolchain/bin/../lib/gcc/arm-none-eabi/4.8.4/armv7e-m/fpu/crtbegin.o
 *(.bss*)
 *fill*         0x1fff008c        0x4 
 .bss.InitModulesThreadStack
                0x1fff0090      0x190 ./Sources/main.o
 .bss.AnalogThreadStacks
                0x1fff0220      0x320 ./Sources/main.o
 .bss.SR_lock   0x1fff0540        0x1 ./Generated_Code/Cpu.o
                0x1fff0540                SR_lock
 *fill*         0x1fff0541        0x3 
 .bss.TCBUnusedMain
                0x1fff0544       0x18 C:\Users\PMcL\Documents\Subjects\48434 Embedded Software\5 Projects\Odd Spring\Template\Project\Library\libOS.a(OS.o)
 .bss.TCBTable  0x1fff055c      0x300 C:\Users\PMcL\Documents\Subjects\48434 Embedded Software\5 Projects\Odd Spring\Template\Project\Library\libOS.a(OS.o)
 .bss.pTCBFreeList
                0x1fff085c        0x4 C:\Users\PMcL\Documents\Subjects\48434 Embedded Software\5 Projects\Odd Spring\Template\Project\Library\libOS.a(OS.o)
 .bss.pTCBAllocatedList
                0x1fff0860        0x4 C:\Users\PMcL\Documents\Subjects\48434 Embedded Software\5 Projects\Odd Spring\Template\Project\Library\libOS.a(OS.o)
 .bss.pTCBPriorityTable
                0x1fff0864       0x80 C:\Users\PMcL\Documents\Subjects\48434 Embedded Software\5 Projects\Odd Spring\Template\Project\Library\libOS.a(OS.o)
 .bss.pTCBRunning
                0x1fff08e4        0x4 C:\Users\PMcL\Documents\Subjects\48434 Embedded Software\5 Projects\Odd Spring\Template\Project\Library\libOS.a(OS.o)
 .bss.pTCBHighestReady
                0x1fff08e8        0x4 C:\Users\PMcL\Documents\Subjects\48434 Embedded Software\5 Projects\Odd Spring\Template\Project\Library\libOS.a(OS.o)
 .bss.ReadyList
                0x1fff08ec        0x4 C:\Users\PMcL\Documents\Subjects\48434 Embedded Software\5 Projects\Odd Spring\Template\Project\Library\libOS.a(OS.o)
 .bss.ECBTable  0x1fff08f0      0x100 C:\Users\PMcL\Documents\Subjects\48434 Embedded Software\5 Projects\Odd Spring\Template\Project\Library\libOS.a(OS.o)
 .bss.NextECBFree
                0x1fff09f0        0x1 C:\Users\PMcL\Documents\Subjects\48434 Embedded Software\5 Projects\Odd Spring\Template\Project\Library\libOS.a(OS.o)
 *fill*         0x1fff09f1        0x3 
 .bss.IdleCounter
                0x1fff09f4        0x4 C:\Users\PMcL\Documents\Subjects\48434 Embedded Software\5 Projects\Odd Spring\Template\Project\Library\libOS.a(OS.o)
 .bss.IdleStack
                0x1fff09f8      0x400 C:\Users\PMcL\Documents\Subjects\48434 Embedded Software\5 Projects\Odd Spring\Template\Project\Library\libOS.a(OS.o)
 .bss.Ticks     0x1fff0df8        0x4 C:\Users\PMcL\Documents\Subjects\48434 Embedded Software\5 Projects\Odd Spring\Template\Project\Library\libOS.a(OS.o)
 .bss.ToggleCntr
                0x1fff0dfc        0x4 C:\Users\PMcL\Documents\Subjects\48434 Embedded Software\5 Projects\Odd Spring\Template\Project\Library\libOS.a(OS.o)
 .bss.ToggleLED
                0x1fff0e00        0x1 C:\Users\PMcL\Documents\Subjects\48434 Embedded Software\5 Projects\Odd Spring\Template\Project\Library\libOS.a(OS.o)
 .bss.ISRNestLevel
                0x1fff0e01        0x1 C:\Users\PMcL\Documents\Subjects\48434 Embedded Software\5 Projects\Odd Spring\Template\Project\Library\libOS.a(OS.o)
 *fill*         0x1fff0e02        0x2 
 .bss.ADCCommandUnion
                0x1fff0e04        0x4 C:\Users\PMcL\Documents\Subjects\48434 Embedded Software\5 Projects\Odd Spring\Template\Project\Library\libAnalog.a(analog.o)
 *(COMMON)
 COMMON         0x1fff0e08        0x1 ./Generated_Code/Cpu.o
                0x1fff0e08                SR_reg
 *fill*         0x1fff0e09        0x3 
 COMMON         0x1fff0e0c        0x4 C:\Users\PMcL\Documents\Subjects\48434 Embedded Software\5 Projects\Odd Spring\Template\Project\Library\libAnalog.a(analog.o)
                0x1fff0e0c                DACInput
                0x1fff0e10                . = ALIGN (0x4)
                0x1fff0e10                __END_BSS = .
                0x1fff0e10                PROVIDE (__bss_end__, __END_BSS)
                0x00001fc8                _romp_at = ((___ROM_AT + SIZEOF (.data)) + SIZEOF (.m_data_20000000))

.romp           0x1fff0e10       0x24 load address 0x00001fc8
                0x00001fc8                __S_romp = _romp_at
                0x1fff0e10        0x4 LONG 0x1f58 ___ROM_AT
                0x1fff0e14        0x4 LONG 0x1fff0000 _sdata
                0x1fff0e18        0x4 LONG 0x70 ___data_size
                0x1fff0e1c        0x4 LONG 0x1fc8 ___m_data_20000000_ROMStart
                0x1fff0e20        0x4 LONG 0x20000000 ___m_data_20000000_RAMStart
                0x1fff0e24        0x4 LONG 0x0 ___m_data_20000000_ROMSize
                0x1fff0e28        0x4 LONG 0x0
                0x1fff0e2c        0x4 LONG 0x0
                0x1fff0e30        0x4 LONG 0x0

._user_heap_stack
                0x1fff0e34      0x400 load address 0x00001fec
                0x1fff0e34                . = ALIGN (0x4)
                0x1fff0e34                PROVIDE (end, .)
                0x1fff0e34                PROVIDE (_end, .)
                0x1fff0e34                __heap_addr = .
                0x1fff0e34                __HeapBase = .
                0x1fff0e34                . = (. + __heap_size)
                0x1fff0e34                __HeapLimit = .
                0x1fff1234                . = (. + __stack_size)
 *fill*         0x1fff0e34      0x400 
                0x1fff1234                . = ALIGN (0x4)

.ARM.attributes
                0x00000000       0x30
 *(.ARM.attributes)
 .ARM.attributes
                0x00000000       0x22 c:/freescale/kds_3.0.0/toolchain/bin/../lib/gcc/arm-none-eabi/4.8.4/armv7e-m/fpu/crti.o
 .ARM.attributes
                0x00000022       0x34 c:/freescale/kds_3.0.0/toolchain/bin/../lib/gcc/arm-none-eabi/4.8.4/armv7e-m/fpu/crtbegin.o
 .ARM.attributes
                0x00000056       0x20 c:/freescale/kds_3.0.0/toolchain/bin/../lib/gcc/arm-none-eabi/4.8.4/../../../../arm-none-eabi/lib/armv7e-m/fpu/crt0.o
 .ARM.attributes
                0x00000076       0x39 ./Sources/main.o
 .ARM.attributes
                0x000000af       0x39 ./Project_Settings/Startup_Code/startup.o
 .ARM.attributes
                0x000000e8       0x39 ./Generated_Code/Cpu.o
 .ARM.attributes
                0x00000121       0x39 ./Generated_Code/Vectors.o
 .ARM.attributes
                0x0000015a       0x39 C:\Users\PMcL\Documents\Subjects\48434 Embedded Software\5 Projects\Odd Spring\Template\Project\Library\libOS.a(OS.o)
 .ARM.attributes
                0x00000193       0x39 C:\Users\PMcL\Documents\Subjects\48434 Embedded Software\5 Projects\Odd Spring\Template\Project\Library\libAnalog.a(analog.o)
 .ARM.attributes
                0x000001cc       0x39 C:\Users\PMcL\Documents\Subjects\48434 Embedded Software\5 Projects\Odd Spring\Template\Project\Library\libAnalog.a(SPI.o)
 .ARM.attributes
                0x00000205       0x34 c:/freescale/kds_3.0.0/toolchain/bin/../lib/gcc/arm-none-eabi/4.8.4/../../../../arm-none-eabi/lib/armv7e-m/fpu\libg_s.a(lib_a-exit.o)
 .ARM.attributes
                0x00000239       0x34 c:/freescale/kds_3.0.0/toolchain/bin/../lib/gcc/arm-none-eabi/4.8.4/../../../../arm-none-eabi/lib/armv7e-m/fpu\libg_s.a(lib_a-impure.o)
 .ARM.attributes
                0x0000026d       0x34 c:/freescale/kds_3.0.0/toolchain/bin/../lib/gcc/arm-none-eabi/4.8.4/../../../../arm-none-eabi/lib/armv7e-m/fpu\libg_s.a(lib_a-init.o)
 .ARM.attributes
                0x000002a1       0x34 c:/freescale/kds_3.0.0/toolchain/bin/../lib/gcc/arm-none-eabi/4.8.4/../../../../arm-none-eabi/lib/armv7e-m/fpu\libg_s.a(lib_a-memset.o)
 .ARM.attributes
                0x000002d5       0x34 c:/freescale/kds_3.0.0/toolchain/bin/../lib/gcc/arm-none-eabi/4.8.4/../../../../arm-none-eabi/lib/armv7e-m/fpu\libnosys.a(_exit.o)
 .ARM.attributes
                0x00000309       0x22 c:/freescale/kds_3.0.0/toolchain/bin/../lib/gcc/arm-none-eabi/4.8.4/armv7e-m/fpu/crtn.o
OUTPUT(Project.elf elf32-littlearm)

.debug_info     0x00000000     0x33b5
 .debug_info    0x00000000      0x6a8 ./Sources/main.o
 .debug_info    0x000006a8      0x3b0 ./Project_Settings/Startup_Code/startup.o
 .debug_info    0x00000a58      0xc82 ./Generated_Code/Cpu.o
 .debug_info    0x000016da      0x10f ./Generated_Code/Vectors.o
 .debug_info    0x000017e9      0xd02 C:\Users\PMcL\Documents\Subjects\48434 Embedded Software\5 Projects\Odd Spring\Template\Project\Library\libOS.a(OS.o)
 .debug_info    0x000024eb      0x46a C:\Users\PMcL\Documents\Subjects\48434 Embedded Software\5 Projects\Odd Spring\Template\Project\Library\libAnalog.a(analog.o)
 .debug_info    0x00002955      0xa60 C:\Users\PMcL\Documents\Subjects\48434 Embedded Software\5 Projects\Odd Spring\Template\Project\Library\libAnalog.a(SPI.o)

.debug_abbrev   0x00000000      0xb8d
 .debug_abbrev  0x00000000      0x1bd ./Sources/main.o
 .debug_abbrev  0x000001bd      0x189 ./Project_Settings/Startup_Code/startup.o
 .debug_abbrev  0x00000346      0x185 ./Generated_Code/Cpu.o
 .debug_abbrev  0x000004cb       0xa4 ./Generated_Code/Vectors.o
 .debug_abbrev  0x0000056f      0x2f8 C:\Users\PMcL\Documents\Subjects\48434 Embedded Software\5 Projects\Odd Spring\Template\Project\Library\libOS.a(OS.o)
 .debug_abbrev  0x00000867      0x151 C:\Users\PMcL\Documents\Subjects\48434 Embedded Software\5 Projects\Odd Spring\Template\Project\Library\libAnalog.a(analog.o)
 .debug_abbrev  0x000009b8      0x1d5 C:\Users\PMcL\Documents\Subjects\48434 Embedded Software\5 Projects\Odd Spring\Template\Project\Library\libAnalog.a(SPI.o)

.debug_aranges  0x00000000      0x238
 .debug_aranges
                0x00000000       0x40 ./Sources/main.o
 .debug_aranges
                0x00000040       0x50 ./Project_Settings/Startup_Code/startup.o
 .debug_aranges
                0x00000090       0x38 ./Generated_Code/Cpu.o
 .debug_aranges
                0x000000c8       0x18 ./Generated_Code/Vectors.o
 .debug_aranges
                0x000000e0       0xc8 C:\Users\PMcL\Documents\Subjects\48434 Embedded Software\5 Projects\Odd Spring\Template\Project\Library\libOS.a(OS.o)
 .debug_aranges
                0x000001a8       0x38 C:\Users\PMcL\Documents\Subjects\48434 Embedded Software\5 Projects\Odd Spring\Template\Project\Library\libAnalog.a(analog.o)
 .debug_aranges
                0x000001e0       0x58 C:\Users\PMcL\Documents\Subjects\48434 Embedded Software\5 Projects\Odd Spring\Template\Project\Library\libAnalog.a(SPI.o)

.debug_ranges   0x00000000      0x1c0
 .debug_ranges  0x00000000       0x30 ./Sources/main.o
 .debug_ranges  0x00000030       0x40 ./Project_Settings/Startup_Code/startup.o
 .debug_ranges  0x00000070       0x28 ./Generated_Code/Cpu.o
 .debug_ranges  0x00000098       0xb8 C:\Users\PMcL\Documents\Subjects\48434 Embedded Software\5 Projects\Odd Spring\Template\Project\Library\libOS.a(OS.o)
 .debug_ranges  0x00000150       0x28 C:\Users\PMcL\Documents\Subjects\48434 Embedded Software\5 Projects\Odd Spring\Template\Project\Library\libAnalog.a(analog.o)
 .debug_ranges  0x00000178       0x48 C:\Users\PMcL\Documents\Subjects\48434 Embedded Software\5 Projects\Odd Spring\Template\Project\Library\libAnalog.a(SPI.o)

.debug_macro    0x00000000    0x31f6d
 .debug_macro   0x00000000       0xc9 ./Sources/main.o
 .debug_macro   0x000000c9      0x850 ./Sources/main.o
 .debug_macro   0x00000919       0x16 ./Sources/main.o
 .debug_macro   0x0000092f       0x44 ./Sources/main.o
 .debug_macro   0x00000973      0x209 ./Sources/main.o
 .debug_macro   0x00000b7c     0x17fa ./Sources/main.o
 .debug_macro   0x00002376      0x14e ./Sources/main.o
 .debug_macro   0x000024c4       0x64 ./Sources/main.o
 .debug_macro   0x00002528    0x174c1 ./Sources/main.o
 .debug_macro   0x000199e9       0x9a ./Sources/main.o
 .debug_macro   0x00019a83       0x22 ./Sources/main.o
 .debug_macro   0x00019aa5       0x30 ./Sources/main.o
 .debug_macro   0x00019ad5       0x10 ./Sources/main.o
 .debug_macro   0x00019ae5      0x121 ./Project_Settings/Startup_Code/startup.o
 .debug_macro   0x00019c06       0x58 ./Project_Settings/Startup_Code/startup.o
 .debug_macro   0x00019c5e       0x35 ./Project_Settings/Startup_Code/startup.o
 .debug_macro   0x00019c93       0xa3 ./Project_Settings/Startup_Code/startup.o
 .debug_macro   0x00019d36      0x166 ./Project_Settings/Startup_Code/startup.o
 .debug_macro   0x00019e9c       0x4a ./Project_Settings/Startup_Code/startup.o
 .debug_macro   0x00019ee6       0x52 ./Project_Settings/Startup_Code/startup.o
 .debug_macro   0x00019f38       0x16 ./Project_Settings/Startup_Code/startup.o
 .debug_macro   0x00019f4e       0x43 ./Project_Settings/Startup_Code/startup.o
 .debug_macro   0x00019f91      0x180 ./Project_Settings/Startup_Code/startup.o
 .debug_macro   0x0001a111      0x2a6 ./Project_Settings/Startup_Code/startup.o
 .debug_macro   0x0001a3b7       0x10 ./Project_Settings/Startup_Code/startup.o
 .debug_macro   0x0001a3c7       0x35 ./Project_Settings/Startup_Code/startup.o
 .debug_macro   0x0001a3fc       0x16 ./Project_Settings/Startup_Code/startup.o
 .debug_macro   0x0001a412       0x22 ./Project_Settings/Startup_Code/startup.o
 .debug_macro   0x0001a434       0x16 ./Project_Settings/Startup_Code/startup.o
 .debug_macro   0x0001a44a      0x20f ./Project_Settings/Startup_Code/startup.o
 .debug_macro   0x0001a659    0x174af ./Project_Settings/Startup_Code/startup.o
 .debug_macro   0x00031b08       0x84 ./Generated_Code/Cpu.o
 .debug_macro   0x00031b8c       0xa0 ./Generated_Code/Cpu.o
 .debug_macro   0x00031c2c       0x9d ./Generated_Code/Vectors.o
 .debug_macro   0x00031cc9       0xa3 C:\Users\PMcL\Documents\Subjects\48434 Embedded Software\5 Projects\Odd Spring\Template\Project\Library\libOS.a(OS.o)
 .debug_macro   0x00031d6c       0x94 C:\Users\PMcL\Documents\Subjects\48434 Embedded Software\5 Projects\Odd Spring\Template\Project\Library\libOS.a(OS.o)
 .debug_macro   0x00031e00       0xf5 C:\Users\PMcL\Documents\Subjects\48434 Embedded Software\5 Projects\Odd Spring\Template\Project\Library\libAnalog.a(analog.o)
 .debug_macro   0x00031ef5       0x10 C:\Users\PMcL\Documents\Subjects\48434 Embedded Software\5 Projects\Odd Spring\Template\Project\Library\libAnalog.a(analog.o)
 .debug_macro   0x00031f05       0x68 C:\Users\PMcL\Documents\Subjects\48434 Embedded Software\5 Projects\Odd Spring\Template\Project\Library\libAnalog.a(SPI.o)

.debug_line     0x00000000     0x174d
 .debug_line    0x00000000      0x44b ./Sources/main.o
 .debug_line    0x0000044b      0x440 ./Project_Settings/Startup_Code/startup.o
 .debug_line    0x0000088b      0x2b1 ./Generated_Code/Cpu.o
 .debug_line    0x00000b3c      0x2a8 ./Generated_Code/Vectors.o
 .debug_line    0x00000de4      0x496 C:\Users\PMcL\Documents\Subjects\48434 Embedded Software\5 Projects\Odd Spring\Template\Project\Library\libOS.a(OS.o)
 .debug_line    0x0000127a      0x200 C:\Users\PMcL\Documents\Subjects\48434 Embedded Software\5 Projects\Odd Spring\Template\Project\Library\libAnalog.a(analog.o)
 .debug_line    0x0000147a      0x2d3 C:\Users\PMcL\Documents\Subjects\48434 Embedded Software\5 Projects\Odd Spring\Template\Project\Library\libAnalog.a(SPI.o)

.debug_str      0x00000000    0x8dfa0
 .debug_str     0x00000000    0x8a9aa ./Sources/main.o
                              0x8ab30 (size before relaxing)
 .debug_str     0x0008a9aa     0x2663 ./Project_Settings/Startup_Code/startup.o
                              0x85426 (size before relaxing)
 .debug_str     0x0008d00d      0x255 ./Generated_Code/Cpu.o
                              0x8aa57 (size before relaxing)
 .debug_str     0x0008d262       0x1c ./Generated_Code/Vectors.o
                              0x8a7b0 (size before relaxing)
 .debug_str     0x0008d27e      0x3f6 C:\Users\PMcL\Documents\Subjects\48434 Embedded Software\5 Projects\Odd Spring\Template\Project\Library\libOS.a(OS.o)
                              0x8ad2a (size before relaxing)
 .debug_str     0x0008d674      0x582 C:\Users\PMcL\Documents\Subjects\48434 Embedded Software\5 Projects\Odd Spring\Template\Project\Library\libAnalog.a(analog.o)
                               0x3866 (size before relaxing)
 .debug_str     0x0008dbf6      0x3aa C:\Users\PMcL\Documents\Subjects\48434 Embedded Software\5 Projects\Odd Spring\Template\Project\Library\libAnalog.a(SPI.o)
                              0x83389 (size before relaxing)

.comment        0x00000000       0x70
 .comment       0x00000000       0x70 ./Sources/main.o
                                 0x71 (size before relaxing)
 .comment       0x00000000       0x71 ./Project_Settings/Startup_Code/startup.o
 .comment       0x00000000       0x71 ./Generated_Code/Cpu.o
 .comment       0x00000000       0x71 ./Generated_Code/Vectors.o
 .comment       0x00000000       0x71 C:\Users\PMcL\Documents\Subjects\48434 Embedded Software\5 Projects\Odd Spring\Template\Project\Library\libOS.a(OS.o)
 .comment       0x00000000       0x71 C:\Users\PMcL\Documents\Subjects\48434 Embedded Software\5 Projects\Odd Spring\Template\Project\Library\libAnalog.a(analog.o)
 .comment       0x00000000       0x71 C:\Users\PMcL\Documents\Subjects\48434 Embedded Software\5 Projects\Odd Spring\Template\Project\Library\libAnalog.a(SPI.o)

.debug_frame    0x00000000      0x6b4
 .debug_frame   0x00000000       0xb0 ./Sources/main.o
 .debug_frame   0x000000b0       0xc0 ./Project_Settings/Startup_Code/startup.o
 .debug_frame   0x00000170       0x80 ./Generated_Code/Cpu.o
 .debug_frame   0x000001f0      0x2a0 C:\Users\PMcL\Documents\Subjects\48434 Embedded Software\5 Projects\Odd Spring\Template\Project\Library\libOS.a(OS.o)
 .debug_frame   0x00000490       0x90 C:\Users\PMcL\Documents\Subjects\48434 Embedded Software\5 Projects\Odd Spring\Template\Project\Library\libAnalog.a(analog.o)
 .debug_frame   0x00000520      0x100 C:\Users\PMcL\Documents\Subjects\48434 Embedded Software\5 Projects\Odd Spring\Template\Project\Library\libAnalog.a(SPI.o)
 .debug_frame   0x00000620       0x28 c:/freescale/kds_3.0.0/toolchain/bin/../lib/gcc/arm-none-eabi/4.8.4/../../../../arm-none-eabi/lib/armv7e-m/fpu\libg_s.a(lib_a-exit.o)
 .debug_frame   0x00000648       0x2c c:/freescale/kds_3.0.0/toolchain/bin/../lib/gcc/arm-none-eabi/4.8.4/../../../../arm-none-eabi/lib/armv7e-m/fpu\libg_s.a(lib_a-init.o)
 .debug_frame   0x00000674       0x20 c:/freescale/kds_3.0.0/toolchain/bin/../lib/gcc/arm-none-eabi/4.8.4/../../../../arm-none-eabi/lib/armv7e-m/fpu\libg_s.a(lib_a-memset.o)
 .debug_frame   0x00000694       0x20 c:/freescale/kds_3.0.0/toolchain/bin/../lib/gcc/arm-none-eabi/4.8.4/../../../../arm-none-eabi/lib/armv7e-m/fpu\libnosys.a(_exit.o)
