Archive member included because of file (symbol)

D:\Embedded Software US\es18aut13\Project\Library\libOS.a(OS.o)
                              ./Sources/main.o (OS_Init)
D:\Embedded Software US\es18aut13\Project\Library\libAnalog.a(analog.o)
                              ./Sources/main.o (Analog_Init)
D:\Embedded Software US\es18aut13\Project\Library\libAnalog.a(SPI.o)
                              D:\Embedded Software US\es18aut13\Project\Library\libAnalog.a(analog.o) (SPI_Init)
c:/freescale/kds_3.0.0/toolchain/bin/../lib/gcc/arm-none-eabi/4.8.4/../../../../arm-none-eabi/lib/armv7e-m/fpu\libm.a(lib_a-s_cos.o)
                              ./Sources/kiss_fft.o (cos)
c:/freescale/kds_3.0.0/toolchain/bin/../lib/gcc/arm-none-eabi/4.8.4/../../../../arm-none-eabi/lib/armv7e-m/fpu\libm.a(lib_a-s_floor.o)
                              ./Sources/kiss_fft.o (floor)
c:/freescale/kds_3.0.0/toolchain/bin/../lib/gcc/arm-none-eabi/4.8.4/../../../../arm-none-eabi/lib/armv7e-m/fpu\libm.a(lib_a-s_sin.o)
                              ./Sources/kiss_fft.o (sin)
c:/freescale/kds_3.0.0/toolchain/bin/../lib/gcc/arm-none-eabi/4.8.4/../../../../arm-none-eabi/lib/armv7e-m/fpu\libm.a(lib_a-sf_round.o)
                              ./Sources/main.o (roundf)
c:/freescale/kds_3.0.0/toolchain/bin/../lib/gcc/arm-none-eabi/4.8.4/../../../../arm-none-eabi/lib/armv7e-m/fpu\libm.a(lib_a-w_sqrt.o)
                              ./Sources/kiss_fft.o (sqrt)
c:/freescale/kds_3.0.0/toolchain/bin/../lib/gcc/arm-none-eabi/4.8.4/../../../../arm-none-eabi/lib/armv7e-m/fpu\libm.a(lib_a-wf_sqrt.o)
                              ./Sources/main.o (sqrtf)
c:/freescale/kds_3.0.0/toolchain/bin/../lib/gcc/arm-none-eabi/4.8.4/../../../../arm-none-eabi/lib/armv7e-m/fpu\libm.a(lib_a-e_rem_pio2.o)
                              c:/freescale/kds_3.0.0/toolchain/bin/../lib/gcc/arm-none-eabi/4.8.4/../../../../arm-none-eabi/lib/armv7e-m/fpu\libm.a(lib_a-s_cos.o) (__ieee754_rem_pio2)
c:/freescale/kds_3.0.0/toolchain/bin/../lib/gcc/arm-none-eabi/4.8.4/../../../../arm-none-eabi/lib/armv7e-m/fpu\libm.a(lib_a-e_sqrt.o)
                              c:/freescale/kds_3.0.0/toolchain/bin/../lib/gcc/arm-none-eabi/4.8.4/../../../../arm-none-eabi/lib/armv7e-m/fpu\libm.a(lib_a-w_sqrt.o) (__ieee754_sqrt)
c:/freescale/kds_3.0.0/toolchain/bin/../lib/gcc/arm-none-eabi/4.8.4/../../../../arm-none-eabi/lib/armv7e-m/fpu\libm.a(lib_a-ef_sqrt.o)
                              c:/freescale/kds_3.0.0/toolchain/bin/../lib/gcc/arm-none-eabi/4.8.4/../../../../arm-none-eabi/lib/armv7e-m/fpu\libm.a(lib_a-wf_sqrt.o) (__ieee754_sqrtf)
c:/freescale/kds_3.0.0/toolchain/bin/../lib/gcc/arm-none-eabi/4.8.4/../../../../arm-none-eabi/lib/armv7e-m/fpu\libm.a(lib_a-k_cos.o)
                              c:/freescale/kds_3.0.0/toolchain/bin/../lib/gcc/arm-none-eabi/4.8.4/../../../../arm-none-eabi/lib/armv7e-m/fpu\libm.a(lib_a-s_cos.o) (__kernel_cos)
c:/freescale/kds_3.0.0/toolchain/bin/../lib/gcc/arm-none-eabi/4.8.4/../../../../arm-none-eabi/lib/armv7e-m/fpu\libm.a(lib_a-k_rem_pio2.o)
                              c:/freescale/kds_3.0.0/toolchain/bin/../lib/gcc/arm-none-eabi/4.8.4/../../../../arm-none-eabi/lib/armv7e-m/fpu\libm.a(lib_a-e_rem_pio2.o) (__kernel_rem_pio2)
c:/freescale/kds_3.0.0/toolchain/bin/../lib/gcc/arm-none-eabi/4.8.4/../../../../arm-none-eabi/lib/armv7e-m/fpu\libm.a(lib_a-k_sin.o)
                              c:/freescale/kds_3.0.0/toolchain/bin/../lib/gcc/arm-none-eabi/4.8.4/../../../../arm-none-eabi/lib/armv7e-m/fpu\libm.a(lib_a-s_cos.o) (__kernel_sin)
c:/freescale/kds_3.0.0/toolchain/bin/../lib/gcc/arm-none-eabi/4.8.4/../../../../arm-none-eabi/lib/armv7e-m/fpu\libm.a(lib_a-s_fabs.o)
                              c:/freescale/kds_3.0.0/toolchain/bin/../lib/gcc/arm-none-eabi/4.8.4/../../../../arm-none-eabi/lib/armv7e-m/fpu\libm.a(lib_a-e_rem_pio2.o) (fabs)
c:/freescale/kds_3.0.0/toolchain/bin/../lib/gcc/arm-none-eabi/4.8.4/../../../../arm-none-eabi/lib/armv7e-m/fpu\libm.a(lib_a-s_fpclassify.o)
                              c:/freescale/kds_3.0.0/toolchain/bin/../lib/gcc/arm-none-eabi/4.8.4/../../../../arm-none-eabi/lib/armv7e-m/fpu\libm.a(lib_a-w_sqrt.o) (__fpclassifyd)
c:/freescale/kds_3.0.0/toolchain/bin/../lib/gcc/arm-none-eabi/4.8.4/../../../../arm-none-eabi/lib/armv7e-m/fpu\libm.a(lib_a-s_lib_ver.o)
                              c:/freescale/kds_3.0.0/toolchain/bin/../lib/gcc/arm-none-eabi/4.8.4/../../../../arm-none-eabi/lib/armv7e-m/fpu\libm.a(lib_a-w_sqrt.o) (__fdlib_version)
c:/freescale/kds_3.0.0/toolchain/bin/../lib/gcc/arm-none-eabi/4.8.4/../../../../arm-none-eabi/lib/armv7e-m/fpu\libm.a(lib_a-s_matherr.o)
                              c:/freescale/kds_3.0.0/toolchain/bin/../lib/gcc/arm-none-eabi/4.8.4/../../../../arm-none-eabi/lib/armv7e-m/fpu\libm.a(lib_a-w_sqrt.o) (matherr)
c:/freescale/kds_3.0.0/toolchain/bin/../lib/gcc/arm-none-eabi/4.8.4/../../../../arm-none-eabi/lib/armv7e-m/fpu\libm.a(lib_a-s_scalbn.o)
[...]
Memory Configuration

Name             Origin             Length             Attributes
m_interrupts     0x00000000         0x000001e8         xr
m_text           0x00000410         0x0007fbf0         xr
m_data           0x1fff0000         0x00010000         rw
m_data_20000000  0x20000000         0x00010000         rw
m_cfmprotrom     0x00000400         0x00000010         xr
*default*        0x00000000         0xffffffff

Linker script and memory map

LOAD c:/freescale/kds_3.0.0/toolchain/bin/../lib/gcc/arm-none-eabi/4.8.4/armv7e-m/fpu/crti.o
LOAD c:/freescale/kds_3.0.0/toolchain/bin/../lib/gcc/arm-none-eabi/4.8.4/armv7e-m/fpu/crtbegin.o
LOAD c:/freescale/kds_3.0.0/toolchain/bin/../lib/gcc/arm-none-eabi/4.8.4/../../../../arm-none-eabi/lib/armv7e-m/fpu/crt0.o
LOAD ./Sources/Events.o
LOAD ./Sources/FIFO.o
LOAD ./Sources/FTM.o
LOAD ./Sources/Flash.o
LOAD ./Sources/I2C.o
LOAD ./Sources/LEDs.o
LOAD ./Sources/PIT.o
LOAD ./Sources/RTC.o
LOAD ./Sources/UART.o
LOAD ./Sources/accel.o
LOAD ./Sources/kiss_fft.o
LOAD ./Sources/kiss_fftr.o
LOAD ./Sources/main.o
LOAD ./Sources/main_sample.o
LOAD ./Sources/median.o
LOAD ./Sources/packet.o
LOAD ./Project_Settings/Startup_Code/startup.o
LOAD ./Generated_Code/Cpu.o
LOAD ./Generated_Code/Vectors.o
LOAD D:\Embedded Software US\es18aut13\Project\Library\libOS.a
LOAD D:\Embedded Software US\es18aut13\Project\Library\libAnalog.a
LOAD c:/freescale/kds_3.0.0/toolchain/bin/../lib/gcc/arm-none-eabi/4.8.4/../../../../arm-none-eabi/lib/armv7e-m/fpu\libstdc++_s.a
LOAD c:/freescale/kds_3.0.0/toolchain/bin/../lib/gcc/arm-none-eabi/4.8.4/../../../../arm-none-eabi/lib/armv7e-m/fpu\libm.a
START GROUP
LOAD c:/freescale/kds_3.0.0/toolchain/bin/../lib/gcc/arm-none-eabi/4.8.4/armv7e-m/fpu\libgcc.a
LOAD c:/freescale/kds_3.0.0/toolchain/bin/../lib/gcc/arm-none-eabi/4.8.4/../../../../arm-none-eabi/lib/armv7e-m/fpu\libg_s.a
LOAD c:/freescale/kds_3.0.0/toolchain/bin/../lib/gcc/arm-none-eabi/4.8.4/../../../../arm-none-eabi/lib/armv7e-m/fpu\libc_s.a
END GROUP
START GROUP
LOAD c:/freescale/kds_3.0.0/toolchain/bin/../lib/gcc/arm-none-eabi/4.8.4/armv7e-m/fpu\libgcc.a
LOAD c:/freescale/kds_3.0.0/toolchain/bin/../lib/gcc/arm-none-eabi/4.8.4/../../../../arm-none-eabi/lib/armv7e-m/fpu\libc_s.a
LOAD c:/freescale/kds_3.0.0/toolchain/bin/../lib/gcc/arm-none-eabi/4.8.4/../../../../arm-none-eabi/lib/armv7e-m/fpu\libnosys.a
END GROUP
START GROUP
LOAD c:/freescale/kds_3.0.0/toolchain/bin/../lib/gcc/arm-none-eabi/4.8.4/armv7e-m/fpu\libgcc.a
LOAD c:/freescale/kds_3.0.0/toolchain/bin/../lib/gcc/arm-none-eabi/4.8.4/../../../../arm-none-eabi/lib/armv7e-m/fpu\libc_s.a
LOAD c:/freescale/kds_3.0.0/toolchain/bin/../lib/gcc/arm-none-eabi/4.8.4/../../../../arm-none-eabi/lib/armv7e-m/fpu\libnosys.a
END GROUP
LOAD c:/freescale/kds_3.0.0/toolchain/bin/../lib/gcc/arm-none-eabi/4.8.4/armv7e-m/fpu/crtend.o
LOAD c:/freescale/kds_3.0.0/toolchain/bin/../lib/gcc/arm-none-eabi/4.8.4/armv7e-m/fpu/crtn.o
                0x20000000                _estack = 0x20000000
                0x20000000                __SP_INIT = _estack
                0x20000000                __stack = _estack
                0x00000000                __heap_size = 0x0
                0x00000400                __stack_size = 0x400

.interrupts     0x00000000      0x1e8
                0x00000000                __vector_table = .
                0x00000000                . = ALIGN (0x4)
 *(.vectortable)
 .vectortable   0x00000000      0x1e8 ./Generated_Code/Vectors.o
                0x00000000                __vect_table
                0x000001e8                . = ALIGN (0x4)

.cfmprotect     0x00000400       0x10
                0x00000400                . = ALIGN (0x4)
 *(.cfmconfig)
 .cfmconfig     0x00000400       0x10 ./Generated_Code/Cpu.o
                0x00000400                _cfm
                0x00000410                . = ALIGN (0x4)

.text           0x00000410     0x9538
                0x00000410                . = ALIGN (0x4)
 *(.text)
 .text          0x00000410       0x54 c:/freescale/kds_3.0.0/toolchain/bin/../lib/gcc/arm-none-eabi/4.8.4/armv7e-m/fpu/crtbegin.o
 .text          0x00000464       0x74 c:/freescale/kds_3.0.0/toolchain/bin/../lib/gcc/arm-none-eabi/4.8.4/../../../../arm-none-eabi/lib/armv7e-m/fpu/crt0.o
                0x00000464                _start
                0x00000464                _mainCRTStartup
 .text          0x000004d8      0x370 c:/freescale/kds_3.0.0/toolchain/bin/../lib/gcc/arm-none-eabi/4.8.4/armv7e-m/fpu\libgcc.a(_arm_addsubdf3.o)
                0x000004d8                __aeabi_drsub
                0x000004e0                __aeabi_dsub
                0x000004e0                __subdf3
                0x000004e4                __aeabi_dadd
                0x000004e4                __adddf3
                0x0000075c                __floatunsidf
                0x0000075c                __aeabi_ui2d
                0x0000077c                __floatsidf
                0x0000077c                __aeabi_i2d
                0x000007a0                __aeabi_f2d
                0x000007a0                __extendsfdf2
                0x000007dc                __floatundidf
                0x000007dc                __aeabi_ul2d
                0x000007ec                __floatdidf
                0x000007ec                __aeabi_l2d
 .text          0x00000848      0x424 c:/freescale/kds_3.0.0/toolchain/bin/../lib/gcc/arm-none-eabi/4.8.4/armv7e-m/fpu\libgcc.a(_arm_muldivdf3.o)
                0x00000848                __aeabi_dmul
                0x00000848                __muldf3
                0x00000a9c                __divdf3
                0x00000a9c                __aeabi_ddiv
 .text          0x00000c6c      0x110 c:/freescale/kds_3.0.0/toolchain/bin/../lib/gcc/arm-none-eabi/4.8.4/armv7e-m/fpu\libgcc.a(_arm_cmpdf2.o)
                0x00000c6c                __gtdf2
                0x00000c6c                __gedf2
                0x00000c74                __ltdf2
                0x00000c74                __ledf2
                0x00000c7c                __nedf2
                0x00000c7c                __eqdf2
                0x00000c7c                __cmpdf2
                0x00000cf8                __aeabi_cdrcmple
                0x00000d08                __aeabi_cdcmpeq
                0x00000d08                __aeabi_cdcmple
                0x00000d18                __aeabi_dcmpeq
                0x00000d2c                __aeabi_dcmplt
                0x00000d40                __aeabi_dcmple
                0x00000d54                __aeabi_dcmpge
                0x00000d68                __aeabi_dcmpgt
 .text          0x00000d7c       0x50 c:/freescale/kds_3.0.0/toolchain/bin/../lib/gcc/arm-none-eabi/4.8.4/armv7e-m/fpu\libgcc.a(_arm_fixdfsi.o)
                0x00000d7c                __aeabi_d2iz
                0x00000d7c                __fixdfsi
 .text          0x00000dcc       0x40 c:/freescale/kds_3.0.0/toolchain/bin/../lib/gcc/arm-none-eabi/4.8.4/armv7e-m/fpu\libgcc.a(_arm_fixunsdfsi.o)
                0x00000dcc                __aeabi_d2uiz
                0x00000dcc                __fixunsdfsi
 .text          0x00000e0c       0xa0 c:/freescale/kds_3.0.0/toolchain/bin/../lib/gcc/arm-none-eabi/4.8.4/armv7e-m/fpu\libgcc.a(_arm_truncdfsf2.o)
                0x00000e0c                __truncdfsf2
                0x00000e0c                __aeabi_d2f
 .text          0x00000eac      0x21c c:/freescale/kds_3.0.0/toolchain/bin/../lib/gcc/arm-none-eabi/4.8.4/armv7e-m/fpu\libgcc.a(_arm_addsubsf3.o)
                0x00000eac                __aeabi_frsub
                0x00000eb4                __subsf3
                0x00000eb4                __aeabi_fsub
                0x00000eb8                __aeabi_fadd
                0x00000eb8                __addsf3
                0x00001018                __aeabi_ui2f
                0x00001018                __floatunsisf
                0x00001020                __aeabi_i2f
                0x00001020                __floatsisf
                0x0000103c                __aeabi_ul2f
                0x0000103c                __floatundisf
                0x0000104c                __aeabi_l2f
                0x0000104c                __floatdisf
 .text          0x000010c8       0x2c c:/freescale/kds_3.0.0/toolchain/bin/../lib/gcc/arm-none-eabi/4.8.4/armv7e-m/fpu\libgcc.a(_aeabi_uldivmod.o)
                0x000010c8                __aeabi_uldivmod
 .text          0x000010f4       0x60 c:/freescale/kds_3.0.0/toolchain/bin/../lib/gcc/arm-none-eabi/4.8.4/armv7e-m/fpu\libgcc.a(bpabi.o)
                0x000010f4                __gnu_ldivmod_helper
                0x00001124                __gnu_uldivmod_helper
 .text          0x00001154        0x4 c:/freescale/kds_3.0.0/toolchain/bin/../lib/gcc/arm-none-eabi/4.8.4/armv7e-m/fpu\libgcc.a(_dvmd_tls.o)
                0x00001154                __aeabi_idiv0
                0x00001154                __aeabi_ldiv0
 .text          0x00001158      0x298 c:/freescale/kds_3.0.0/toolchain/bin/../lib/gcc/arm-none-eabi/4.8.4/armv7e-m/fpu\libgcc.a(_divdi3.o)
                0x00001158                __divdi3
 .text          0x000013f0      0x284 c:/freescale/kds_3.0.0/toolchain/bin/../lib/gcc/arm-none-eabi/4.8.4/armv7e-m/fpu\libgcc.a(_udivdi3.o)
                0x000013f0                __udivdi3
 *(.text*)
 .text.FIFO_Init
                0x00001674       0x38 ./Sources/FIFO.o
                0x00001674                FIFO_Init
 .text.FIFO_Put
                0x000016ac       0x58 ./Sources/FIFO.o
                0x000016ac                FIFO_Put
 .text.FIFO_Get
                0x00001704       0x58 ./Sources/FIFO.o
                0x00001704                FIFO_Get
 .text.FTM_Init
                0x0000175c       0xfc ./Sources/FTM.o
                0x0000175c                FTM_Init
 .text.FTM_Set  0x00001858       0xe4 ./Sources/FTM.o
                0x00001858                FTM_Set
 .text.FTM_StartTimer
                0x0000193c       0x78 ./Sources/FTM.o
                0x0000193c                FTM_StartTimer
 .text.FTM0_ISR
                0x000019b4       0x98 ./Sources/FTM.o
                0x000019b4                FTM0_ISR
 .text.Write32  0x00001a4c       0x58 ./Sources/Flash.o
 .text.Write16  0x00001aa4       0x60 ./Sources/Flash.o
 .text.Write8   0x00001b04       0x60 ./Sources/Flash.o
 .text.LaunchCommand
                0x00001b64       0xa4 ./Sources/Flash.o
 .text.Flash_Init
                0x00001c08       0x4c ./Sources/Flash.o
                0x00001c08                Flash_Init
 .text.Flash_AllocateVar
                0x00001c54       0x90 ./Sources/Flash.o
                0x00001c54                Flash_AllocateVar
 .text.Flash_Erase
                0x00001ce4       0x3c ./Sources/Flash.o
                0x00001ce4                Flash_Erase
 .text.WritePhrase
                0x00001d20       0xec ./Sources/Flash.o
 .text.EraseSector
                0x00001e0c       0x38 ./Sources/Flash.o
 .text.Flash_Write
                0x00001e44       0x78 ./Sources/Flash.o
                0x00001e44                Flash_Write
 .text._FB      0x00001ebc       0x34 ./Sources/Flash.o
                0x00001ebc                _FB
 .text._FH      0x00001ef0       0x34 ./Sources/Flash.o
                0x00001ef0                _FH
 .text.Flash_ISR
                0x00001f24       0x40 ./Sources/Flash.o
                0x00001f24                Flash_ISR
 .text.StopCondition
                0x00001f64       0x20 ./Sources/I2C.o
 .text.RepeatCondition
                0x00001f84       0x20 ./Sources/I2C.o
 .text.I2C_ISR  0x00001fa4      0x1ac ./Sources/I2C.o
                0x00001fa4                I2C_ISR
 .text.LEDs_Init
                0x00002150       0xd4 ./Sources/LEDs.o
                0x00002150                LEDs_Init
 .text.LEDs_On  0x00002224       0x24 ./Sources/LEDs.o
                0x00002224                LEDs_On
 .text.LEDs_Off
                0x00002248       0x24 ./Sources/LEDs.o
                0x00002248                LEDs_Off
 .text.LEDs_Toggle
                0x0000226c       0x24 ./Sources/LEDs.o
                0x0000226c                LEDs_Toggle
 .text.PIT_Init
                0x00002290       0xdc ./Sources/PIT.o
                0x00002290                PIT_Init
 .text.PIT_Set  0x0000236c       0x5c ./Sources/PIT.o
                0x0000236c                PIT_Set
 .text.PIT_Enable
                0x000023c8       0x40 ./Sources/PIT.o
                0x000023c8                PIT_Enable
 .text.PIT_ISR  0x00002408       0x48 ./Sources/PIT.o
                0x00002408                PIT_ISR
 .text.RTC_Init
                0x00002450       0xe8 ./Sources/RTC.o
                0x00002450                RTC_Init
 .text.RTC_Set  0x00002538       0x5c ./Sources/RTC.o
                0x00002538                RTC_Set
 .text.RTC_Get  0x00002594       0x9c ./Sources/RTC.o
                0x00002594                RTC_Get
 .text.RTC_ISR  0x00002630       0x2c ./Sources/RTC.o
                0x00002630                RTC_ISR
 .text.RxUARTThread
                0x0000265c       0x30 ./Sources/UART.o
 .text.TxUARTThread
                0x0000268c       0x50 ./Sources/UART.o
 .text.UART_Init
                0x000026dc      0x1c8 ./Sources/UART.o
                0x000026dc                UART_Init
 .text.UART_InChar
                0x000028a4       0x1c ./Sources/UART.o
                0x000028a4                UART_InChar
 .text.UART_OutChar
                0x000028c0       0x34 ./Sources/UART.o
                0x000028c0                UART_OutChar
 .text.UART_ISR
                0x000028f4       0x94 ./Sources/UART.o
                0x000028f4                UART_ISR
 .text.AccelDataReady_ISR
                0x00002988       0x48 ./Sources/accel.o
                0x00002988                AccelDataReady_ISR
 .text.kf_bfly2
                0x000029d0       0xec ./Sources/kiss_fft.o
 .text.kf_bfly4
                0x00002abc      0x360 ./Sources/kiss_fft.o
 .text.kf_bfly3
                0x00002e1c      0x2e4 ./Sources/kiss_fft.o
 .text.kf_bfly5
                0x00003100      0x604 ./Sources/kiss_fft.o
 .text.kf_bfly_generic
                0x00003704      0x1b0 ./Sources/kiss_fft.o
 .text.kf_work  0x000038b4      0x118 ./Sources/kiss_fft.o
 .text.kf_factor
                0x000039cc       0xb8 ./Sources/kiss_fft.o
 *fill*         0x00003a84        0x4 
 .text.kiss_fft_alloc
                0x00003a88      0x140 ./Sources/kiss_fft.o
                0x00003a88                kiss_fft_alloc
 .text.kiss_fft_stride
                0x00003bc8       0x70 ./Sources/kiss_fft.o
                0x00003bc8                kiss_fft_stride
 .text.kiss_fft
                0x00003c38       0x20 ./Sources/kiss_fft.o
                0x00003c38                kiss_fft
 .text.kiss_fftr_alloc
                0x00003c58      0x1a0 ./Sources/kiss_fftr.o
                0x00003c58                kiss_fftr_alloc
 .text.kiss_fftr
                0x00003df8      0x24c ./Sources/kiss_fftr.o
                0x00003df8                kiss_fftr
 .text.ProtectedUint16Get
                0x00004044       0x28 ./Sources/main.o
                0x00004044                ProtectedUint16Get
 .text.ProtectedUint16Put
                0x0000406c       0x28 ./Sources/main.o
                0x0000406c                ProtectedUint16Put
 .text.ProtectedUint32Get
                0x00004094       0x28 ./Sources/main.o
                0x00004094                ProtectedUint32Get
 .text.ProtectedUint32Put
                0x000040bc       0x28 ./Sources/main.o
                0x000040bc                ProtectedUint32Put
 .text.ProtectedFloatGet
                0x000040e4       0x30 ./Sources/main.o
                0x000040e4                ProtectedFloatGet
 .text.ProtectedFloatPut
                0x00004114       0x28 ./Sources/main.o
                0x00004114                ProtectedFloatPut
 .text.ProtectedAnalogPut
                0x0000413c       0x34 ./Sources/main.o
                0x0000413c                ProtectedAnalogPut
 .text.ProtectedFFTPut
                0x00004170       0x5c ./Sources/main.o
                0x00004170                ProtectedFFTPut
 .text.ProtectedFFTGet
                0x000041cc       0x9c ./Sources/main.o
                0x000041cc                ProtectedFFTGet
 .text.ProtectedCheckFlagsOff
                0x00004268       0x6c ./Sources/main.o
                0x00004268                ProtectedCheckFlagsOff
 .text.ProtectedFlagUpdate
                0x000042d4       0x28 ./Sources/main.o
                0x000042d4                ProtectedFlagUpdate
 .text.HandleTowerStartup
                0x000042fc       0x80 ./Sources/main.o
                0x000042fc                HandleTowerStartup
 .text.HandleTowerVersion
                0x0000437c       0x28 ./Sources/main.o
                0x0000437c                HandleTowerVersion
 .text.HandleTowerNumber
                0x000043a4       0x6c ./Sources/main.o
                0x000043a4                HandleTowerNumber
 .text.HandleTowerProgramByte
                0x00004410       0x58 ./Sources/main.o
                0x00004410                HandleTowerProgramByte
 .text.HandleTowerReadByte
                0x00004468       0x4c ./Sources/main.o
                0x00004468                HandleTowerReadByte
 .text.HandleTowerMode
                0x000044b4       0x6c ./Sources/main.o
                0x000044b4                HandleTowerMode
 .text.HandleTowerSetTime
                0x00004520       0x40 ./Sources/main.o
                0x00004520                HandleTowerSetTime
 .text.HandleTowerTimingMode
                0x00004560       0xa8 ./Sources/main.o
                0x00004560                HandleTowerTimingMode
 .text.HandleTowerRaises
                0x00004608       0x74 ./Sources/main.o
                0x00004608                HandleTowerRaises
 .text.HandleTowerLowers
                0x0000467c       0x74 ./Sources/main.o
                0x0000467c                HandleTowerLowers
 .text.HandleTowerFrequency
                0x000046f0       0x84 ./Sources/main.o
                0x000046f0                HandleTowerFrequency
 .text.HandleTowerVoltage
                0x00004774       0x5c ./Sources/main.o
                0x00004774                HandleTowerVoltage
 .text.HandleTowerHarmonic
                0x000047d0       0x50 ./Sources/main.o
                0x000047d0                HandleTowerHarmonic
 .text.ReceivedPacket
                0x00004820      0x1ac ./Sources/main.o
                0x00004820                ReceivedPacket
 .text.ADCReadCallback
                0x000049cc      0x2a4 ./Sources/main.o
                0x000049cc                ADCReadCallback
 .text.TowerInit
                0x00004c70      0x230 ./Sources/main.o
                0x00004c70                TowerInit
 .text.InitModulesThread
                0x00004ea0      0x1bc ./Sources/main.o
 .text.PacketThread
                0x0000505c       0x5c ./Sources/main.o
 .text.RTCThread
                0x000050b8       0x44 ./Sources/main.o
 .text.LogRaisesThread
                0x000050fc       0x64 ./Sources/main.o
 .text.LogLowersThread
                0x00005160       0x64 ./Sources/main.o
 .text.FrequencyTrackThread
                0x000051c4       0x4c ./Sources/main.o
 .text.FrequencyCalculateThread
                0x00005210      0x320 ./Sources/main.o
 .text.FastSqrt
                0x00005530       0xb0 ./Sources/main.o
                0x00005530                FastSqrt
 .text.UpdateRMSFast
                0x000055e0       0xf0 ./Sources/main.o
                0x000055e0                UpdateRMSFast
 .text.RMSThread
                0x000056d0      0x440 ./Sources/main.o
                0x000056d0                RMSThread
 .text.FTMLEDsOffThread
                0x00005b10       0x24 ./Sources/main.o
 .text.FFTThread
                0x00005b34       0xa0 ./Sources/main.o
 .text.main     0x00005bd4      0x148 ./Sources/main.o
                0x00005bd4                main
 .text.Packet_Init
                0x00005d1c       0x2c ./Sources/packet.o
                0x00005d1c                Packet_Init
 .text.Packet_Get
                0x00005d48       0x6c ./Sources/packet.o
                0x00005d48                Packet_Get
 .text.Packet_Put
                0x00005db4       0x70 ./Sources/packet.o
                0x00005db4                Packet_Put
 .text.__copy_rom_section
                0x00005e24       0xe4 ./Project_Settings/Startup_Code/startup.o
                0x00005e24                __copy_rom_section
 .text.__copy_rom_sections_to_ram
                0x00005f08       0x9c ./Project_Settings/Startup_Code/startup.o
                0x00005f08                __copy_rom_sections_to_ram
 .text.__init_registers
                0x00005fa4       0x20 ./Project_Settings/Startup_Code/startup.o
                0x00005fa4                __init_registers
 .text.__init_user
                0x00005fc4        0xc ./Project_Settings/Startup_Code/startup.o
                0x00005fc4                __init_user
 .text.__thumb_startup
                0x00005fd0       0x34 ./Project_Settings/Startup_Code/startup.o
                0x00005fd0                __thumb_startup
 .text.Cpu_Interrupt
                0x00006004       0x18 ./Generated_Code/Cpu.o
                0x00006004                Cpu_Interrupt
 .text.__init_hardware
                0x0000601c      0x1cc ./Generated_Code/Cpu.o
                0x0000601c                __init_hardware
 .text.Cpu_SetBASEPRI
                0x000061e8       0x18 ./Generated_Code/Cpu.o
                0x000061e8                Cpu_SetBASEPRI
 .text.PE_low_level_init
                0x00006200       0xe4 ./Generated_Code/Cpu.o
                0x00006200                PE_low_level_init
 .text.OS_Init  0x000062e4      0x110 D:\Embedded Software US\es18aut13\Project\Library\libOS.a(OS.o)
                0x000062e4                OS_Init
 .text.OS_ISREnter
                0x000063f4       0x20 D:\Embedded Software US\es18aut13\Project\Library\libOS.a(OS.o)
                0x000063f4                OS_ISREnter
 .text.OS_ISRExit
                0x00006414       0x1c D:\Embedded Software US\es18aut13\Project\Library\libOS.a(OS.o)
                0x00006414                OS_ISRExit
 .text.OS_SemaphoreCreate
                0x00006430       0x90 D:\Embedded Software US\es18aut13\Project\Library\libOS.a(OS.o)
                0x00006430                OS_SemaphoreCreate
 .text.OS_SemaphoreSignal
                0x000064c0       0x44 D:\Embedded Software US\es18aut13\Project\Library\libOS.a(OS.o)
                0x000064c0                OS_SemaphoreSignal
 .text.OS_SemaphoreWait
                0x00006504       0x58 D:\Embedded Software US\es18aut13\Project\Library\libOS.a(OS.o)
                0x00006504                OS_SemaphoreWait
 .text.OS_Start
                0x0000655c       0x10 D:\Embedded Software US\es18aut13\Project\Library\libOS.a(OS.o)
                0x0000655c                OS_Start
 .text.OS_ThreadCreate
                0x0000656c      0x160 D:\Embedded Software US\es18aut13\Project\Library\libOS.a(OS.o)
                0x0000656c                OS_ThreadCreate
 .text.OS_ThreadDelete
                0x000066cc      0x18c D:\Embedded Software US\es18aut13\Project\Library\libOS.a(OS.o)
                0x000066cc                OS_ThreadDelete
 .text.EventThreadReady
                0x00006858       0x68 D:\Embedded Software US\es18aut13\Project\Library\libOS.a(OS.o)
 .text.EventThreadWait
                0x000068c0       0x64 D:\Embedded Software US\es18aut13\Project\Library\libOS.a(OS.o)
 .text.EventTimeout
                0x00006924       0x40 D:\Embedded Software US\es18aut13\Project\Library\libOS.a(OS.o)
 .text.Idle     0x00006964       0x18 D:\Embedded Software US\es18aut13\Project\Library\libOS.a(OS.o)
 .text.FindFirstSet
                0x0000697c       0x44 D:\Embedded Software US\es18aut13\Project\Library\libOS.a(OS.o)
 .text.Schedule
                0x000069c0       0x64 D:\Embedded Software US\es18aut13\Project\Library\libOS.a(OS.o)
 .text.TCBInit  0x00006a24       0xcc D:\Embedded Software US\es18aut13\Project\Library\libOS.a(OS.o)
 .text.TimeTick
                0x00006af0       0x74 D:\Embedded Software US\es18aut13\Project\Library\libOS.a(OS.o)
 *fill*         0x00006b64        0xc 
 .text.OS_ContextSwitchISR
                0x00006b70       0x70 D:\Embedded Software US\es18aut13\Project\Library\libOS.a(OS.o)
                0x00006b70                OS_ContextSwitchISR
 .text.OS_SysTickISR
                0x00006be0       0x5c D:\Embedded Software US\es18aut13\Project\Library\libOS.a(OS.o)
                0x00006be0                OS_SysTickISR
 .text.DACWrite
                0x00006c3c       0x6c D:\Embedded Software US\es18aut13\Project\Library\libAnalog.a(analog.o)
 .text.Analog_Init
                0x00006ca8       0x7c D:\Embedded Software US\es18aut13\Project\Library\libAnalog.a(analog.o)
                0x00006ca8                Analog_Init
 .text.Analog_Get
                0x00006d24       0x78 D:\Embedded Software US\es18aut13\Project\Library\libAnalog.a(analog.o)
                0x00006d24                Analog_Get
 .text.Analog_Put
                0x00006d9c       0x50 D:\Embedded Software US\es18aut13\Project\Library\libAnalog.a(analog.o)
                0x00006d9c                Analog_Put
 .text.InitChipSelectPins
                0x00006dec       0x6c D:\Embedded Software US\es18aut13\Project\Library\libAnalog.a(SPI.o)
 .text.SetupModuleConfigurationRegister
                0x00006e58      0x104 D:\Embedded Software US\es18aut13\Project\Library\libAnalog.a(SPI.o)
 .text.SetBaudRate
                0x00006f5c      0x15c D:\Embedded Software US\es18aut13\Project\Library\libAnalog.a(SPI.o)
 .text.SetDelayAfterTransfer
                0x000070b8      0x168 D:\Embedded Software US\es18aut13\Project\Library\libAnalog.a(SPI.o)
 .text.SetupClockAndTransferAttributesRegister
                0x00007220      0x16c D:\Embedded Software US\es18aut13\Project\Library\libAnalog.a(SPI.o)
 .text.SPI_Init
                0x0000738c       0x90 D:\Embedded Software US\es18aut13\Project\Library\libAnalog.a(SPI.o)
                0x0000738c                SPI_Init
 .text.SPI_SelectSlaveDevice
                0x0000741c       0x6c D:\Embedded Software US\es18aut13\Project\Library\libAnalog.a(SPI.o)
                0x0000741c                SPI_SelectSlaveDevice
 .text.SPI_Exchange
                0x00007488       0x94 D:\Embedded Software US\es18aut13\Project\Library\libAnalog.a(SPI.o)
                0x00007488                SPI_Exchange
 *fill*         0x0000751c        0x4 
 .text.cos      0x00007520       0xa8 c:/freescale/kds_3.0.0/toolchain/bin/../lib/gcc/arm-none-eabi/4.8.4/../../../../arm-none-eabi/lib/armv7e-m/fpu\libm.a(lib_a-s_cos.o)
                0x00007520                cos
 .text.floor    0x000075c8      0x138 c:/freescale/kds_3.0.0/toolchain/bin/../lib/gcc/arm-none-eabi/4.8.4/../../../../arm-none-eabi/lib/armv7e-m/fpu\libm.a(lib_a-s_floor.o)
                0x000075c8                floor
 .text.sin      0x00007700       0xb0 c:/freescale/kds_3.0.0/toolchain/bin/../lib/gcc/arm-none-eabi/4.8.4/../../../../arm-none-eabi/lib/armv7e-m/fpu\libm.a(lib_a-s_sin.o)
                0x00007700                sin
 .text.roundf   0x000077b0       0x54 c:/freescale/kds_3.0.0/toolchain/bin/../lib/gcc/arm-none-eabi/4.8.4/../../../../arm-none-eabi/lib/armv7e-m/fpu\libm.a(lib_a-sf_round.o)
                0x000077b0                roundf
 .text.sqrt     0x00007804       0xbc c:/freescale/kds_3.0.0/toolchain/bin/../lib/gcc/arm-none-eabi/4.8.4/../../../../arm-none-eabi/lib/armv7e-m/fpu\libm.a(lib_a-w_sqrt.o)
                0x00007804                sqrt
 .text.__ieee754_rem_pio2
                0x000078c0      0x450 c:/freescale/kds_3.0.0/toolchain/bin/../lib/gcc/arm-none-eabi/4.8.4/../../../../arm-none-eabi/lib/armv7e-m/fpu\libm.a(lib_a-e_rem_pio2.o)
                0x000078c0                __ieee754_rem_pio2
 .text.__ieee754_sqrt
                0x00007d10      0x198 c:/freescale/kds_3.0.0/toolchain/bin/../lib/gcc/arm-none-eabi/4.8.4/../../../../arm-none-eabi/lib/armv7e-m/fpu\libm.a(lib_a-e_sqrt.o)
                0x00007d10                __ieee754_sqrt
 .text.__kernel_cos
                0x00007ea8      0x280 c:/freescale/kds_3.0.0/toolchain/bin/../lib/gcc/arm-none-eabi/4.8.4/../../../../arm-none-eabi/lib/armv7e-m/fpu\libm.a(lib_a-k_cos.o)
                0x00007ea8                __kernel_cos
 .text.__kernel_rem_pio2
                0x00008128      0x798 c:/freescale/kds_3.0.0/toolchain/bin/../lib/gcc/arm-none-eabi/4.8.4/../../../../arm-none-eabi/lib/armv7e-m/fpu\libm.a(lib_a-k_rem_pio2.o)
                0x00008128                __kernel_rem_pio2
 .text.__kernel_sin
                0x000088c0      0x190 c:/freescale/kds_3.0.0/toolchain/bin/../lib/gcc/arm-none-eabi/4.8.4/../../../../arm-none-eabi/lib/armv7e-m/fpu\libm.a(lib_a-k_sin.o)
                0x000088c0                __kernel_sin
 .text.fabs     0x00008a50       0x14 c:/freescale/kds_3.0.0/toolchain/bin/../lib/gcc/arm-none-eabi/4.8.4/../../../../arm-none-eabi/lib/armv7e-m/fpu\libm.a(lib_a-s_fabs.o)
                0x00008a50                fabs
 .text.__fpclassifyd
                0x00008a64       0x54 c:/freescale/kds_3.0.0/toolchain/bin/../lib/gcc/arm-none-eabi/4.8.4/../../../../arm-none-eabi/lib/armv7e-m/fpu\libm.a(lib_a-s_fpclassify.o)
                0x00008a64                __fpclassifyd
 .text.matherr  0x00008ab8        0x4 c:/freescale/kds_3.0.0/toolchain/bin/../lib/gcc/arm-none-eabi/4.8.4/../../../../arm-none-eabi/lib/armv7e-m/fpu\libm.a(lib_a-s_matherr.o)
                0x00008ab8                matherr
 *fill*         0x00008abc        0x4 
 .text.scalbn   0x00008ac0      0x120 c:/freescale/kds_3.0.0/toolchain/bin/../lib/gcc/arm-none-eabi/4.8.4/../../../../arm-none-eabi/lib/armv7e-m/fpu\libm.a(lib_a-s_scalbn.o)
                0x00008ac0                scalbn
 .text.copysign
                0x00008be0       0x24 c:/freescale/kds_3.0.0/toolchain/bin/../lib/gcc/arm-none-eabi/4.8.4/../../../../arm-none-eabi/lib/armv7e-m/fpu\libm.a(lib_a-s_copysign.o)
                0x00008be0                copysign
 .text.__errno  0x00008c04        0xc c:/freescale/kds_3.0.0/toolchain/bin/../lib/gcc/arm-none-eabi/4.8.4/../../../../arm-none-eabi/lib/armv7e-m/fpu\libg_s.a(lib_a-errno.o)
                0x00008c04                __errno
 .text.exit     0x00008c10       0x28 c:/freescale/kds_3.0.0/toolchain/bin/../lib/gcc/arm-none-eabi/4.8.4/../../../../arm-none-eabi/lib/armv7e-m/fpu\libg_s.a(lib_a-exit.o)
                0x00008c10                exit
 .text._fwrite_r
                0x00008c38       0xb0 c:/freescale/kds_3.0.0/toolchain/bin/../lib/gcc/arm-none-eabi/4.8.4/../../../../arm-none-eabi/lib/armv7e-m/fpu\libg_s.a(lib_a-fwrite.o)
                0x00008c38                _fwrite_r
 .text.fwrite   0x00008ce8       0x20 c:/freescale/kds_3.0.0/toolchain/bin/../lib/gcc/arm-none-eabi/4.8.4/../../../../arm-none-eabi/lib/armv7e-m/fpu\libg_s.a(lib_a-fwrite.o)
                0x00008ce8                fwrite
 .text.__libc_init_array
                0x00008d08       0x4c c:/freescale/kds_3.0.0/toolchain/bin/../lib/gcc/arm-none-eabi/4.8.4/../../../../arm-none-eabi/lib/armv7e-m/fpu\libg_s.a(lib_a-init.o)
                0x00008d08                __libc_init_array
 .text.malloc   0x00008d54       0x10 c:/freescale/kds_3.0.0/toolchain/bin/../lib/gcc/arm-none-eabi/4.8.4/../../../../arm-none-eabi/lib/armv7e-m/fpu\libg_s.a(lib_a-malloc.o)
                0x00008d54                malloc
 .text.free     0x00008d64       0x10 c:/freescale/kds_3.0.0/toolchain/bin/../lib/gcc/arm-none-eabi/4.8.4/../../../../arm-none-eabi/lib/armv7e-m/fpu\libg_s.a(lib_a-malloc.o)
                0x00008d64                free
 .text.memcpy   0x00008d74       0x12 c:/freescale/kds_3.0.0/toolchain/bin/../lib/gcc/arm-none-eabi/4.8.4/../../../../arm-none-eabi/lib/armv7e-m/fpu\libg_s.a(lib_a-memcpy-stub.o)
                0x00008d74                memcpy
 .text.memset   0x00008d86       0x10 c:/freescale/kds_3.0.0/toolchain/bin/../lib/gcc/arm-none-eabi/4.8.4/../../../../arm-none-eabi/lib/armv7e-m/fpu\libg_s.a(lib_a-memset.o)
                0x00008d86                memset
 *fill*         0x00008d96        0x2 
 .text._free_r  0x00008d98       0x88 c:/freescale/kds_3.0.0/toolchain/bin/../lib/gcc/arm-none-eabi/4.8.4/../../../../arm-none-eabi/lib/armv7e-m/fpu\libg_s.a(lib_a-nano-freer.o)
                0x00008d98                _free_r
 .text._malloc_r
                0x00008e20       0xa8 c:/freescale/kds_3.0.0/toolchain/bin/../lib/gcc/arm-none-eabi/4.8.4/../../../../arm-none-eabi/lib/armv7e-m/fpu\libg_s.a(lib_a-nano-mallocr.o)
                0x00008e20                _malloc_r
 .text._sbrk_r  0x00008ec8       0x20 c:/freescale/kds_3.0.0/toolchain/bin/../lib/gcc/arm-none-eabi/4.8.4/../../../../arm-none-eabi/lib/armv7e-m/fpu\libg_s.a(lib_a-sbrkr.o)
                0x00008ec8                _sbrk_r
 .text.__swbuf_r
                0x00008ee8       0xa8 c:/freescale/kds_3.0.0/toolchain/bin/../lib/gcc/arm-none-eabi/4.8.4/../../../../arm-none-eabi/lib/armv7e-m/fpu\libg_s.a(lib_a-wbuf.o)
                0x00008ee8                __swbuf_r
 .text.__swsetup_r
                0x00008f90       0xdc c:/freescale/kds_3.0.0/toolchain/bin/../lib/gcc/arm-none-eabi/4.8.4/../../../../arm-none-eabi/lib/armv7e-m/fpu\libg_s.a(lib_a-wsetup.o)
                0x00008f90                __swsetup_r
 .text.__sflush_r
                0x0000906c      0x106 c:/freescale/kds_3.0.0/toolchain/bin/../lib/gcc/arm-none-eabi/4.8.4/../../../../arm-none-eabi/lib/armv7e-m/fpu\libg_s.a(lib_a-fflush.o)
                0x0000906c                __sflush_r
 *fill*         0x00009172        0x2 
 .text._fflush_r
                0x00009174       0x54 c:/freescale/kds_3.0.0/toolchain/bin/../lib/gcc/arm-none-eabi/4.8.4/../../../../arm-none-eabi/lib/armv7e-m/fpu\libg_s.a(lib_a-fflush.o)
                0x00009174                _fflush_r
 .text._cleanup_r
                0x000091c8       0x32 c:/freescale/kds_3.0.0/toolchain/bin/../lib/gcc/arm-none-eabi/4.8.4/../../../../arm-none-eabi/lib/armv7e-m/fpu\libg_s.a(lib_a-findfp.o)
                0x000091c8                _cleanup_r
 *fill*         0x000091fa        0x2 
 .text.std.isra.0
                0x000091fc       0x48 c:/freescale/kds_3.0.0/toolchain/bin/../lib/gcc/arm-none-eabi/4.8.4/../../../../arm-none-eabi/lib/armv7e-m/fpu\libg_s.a(lib_a-findfp.o)
 .text.__sfmoreglue
                0x00009244       0x2c c:/freescale/kds_3.0.0/toolchain/bin/../lib/gcc/arm-none-eabi/4.8.4/../../../../arm-none-eabi/lib/armv7e-m/fpu\libg_s.a(lib_a-findfp.o)
                0x00009244                __sfmoreglue
 .text.__sinit  0x00009270       0x60 c:/freescale/kds_3.0.0/toolchain/bin/../lib/gcc/arm-none-eabi/4.8.4/../../../../arm-none-eabi/lib/armv7e-m/fpu\libg_s.a(lib_a-findfp.o)
                0x00009270                __sinit
 .text.__sfp    0x000092d0       0x74 c:/freescale/kds_3.0.0/toolchain/bin/../lib/gcc/arm-none-eabi/4.8.4/../../../../arm-none-eabi/lib/armv7e-m/fpu\libg_s.a(lib_a-findfp.o)
                0x000092d0                __sfp
 .text.__smakebuf_r
                0x00009344       0x9c c:/freescale/kds_3.0.0/toolchain/bin/../lib/gcc/arm-none-eabi/4.8.4/../../../../arm-none-eabi/lib/armv7e-m/fpu\libg_s.a(lib_a-makebuf.o)
                0x00009344                __smakebuf_r
 .text.__sread  0x000093e0       0x22 c:/freescale/kds_3.0.0/toolchain/bin/../lib/gcc/arm-none-eabi/4.8.4/../../../../arm-none-eabi/lib/armv7e-m/fpu\libg_s.a(lib_a-stdio.o)
                0x000093e0                __sread
 .text.__swrite
                0x00009402       0x38 c:/freescale/kds_3.0.0/toolchain/bin/../lib/gcc/arm-none-eabi/4.8.4/../../../../arm-none-eabi/lib/armv7e-m/fpu\libg_s.a(lib_a-stdio.o)
                0x00009402                __swrite
 .text.__sseek  0x0000943a       0x24 c:/freescale/kds_3.0.0/toolchain/bin/../lib/gcc/arm-none-eabi/4.8.4/../../../../arm-none-eabi/lib/armv7e-m/fpu\libg_s.a(lib_a-stdio.o)
                0x0000943a                __sseek
 .text.__sclose
                0x0000945e        0x8 c:/freescale/kds_3.0.0/toolchain/bin/../lib/gcc/arm-none-eabi/4.8.4/../../../../arm-none-eabi/lib/armv7e-m/fpu\libg_s.a(lib_a-stdio.o)
                0x0000945e                __sclose
 *fill*         0x00009466        0x2 
 .text._write_r
                0x00009468       0x24 c:/freescale/kds_3.0.0/toolchain/bin/../lib/gcc/arm-none-eabi/4.8.4/../../../../arm-none-eabi/lib/armv7e-m/fpu\libg_s.a(lib_a-writer.o)
                0x00009468                _write_r
 .text._close_r
                0x0000948c       0x20 c:/freescale/kds_3.0.0/toolchain/bin/../lib/gcc/arm-none-eabi/4.8.4/../../../../arm-none-eabi/lib/armv7e-m/fpu\libg_s.a(lib_a-closer.o)
                0x0000948c                _close_r
 .text._fstat_r
                0x000094ac       0x24 c:/freescale/kds_3.0.0/toolchain/bin/../lib/gcc/arm-none-eabi/4.8.4/../../../../arm-none-eabi/lib/armv7e-m/fpu\libg_s.a(lib_a-fstatr.o)
                0x000094ac                _fstat_r
 .text._isatty_r
                0x000094d0       0x20 c:/freescale/kds_3.0.0/toolchain/bin/../lib/gcc/arm-none-eabi/4.8.4/../../../../arm-none-eabi/lib/armv7e-m/fpu\libg_s.a(lib_a-isattyr.o)
                0x000094d0                _isatty_r
 .text._lseek_r
                0x000094f0       0x24 c:/freescale/kds_3.0.0/toolchain/bin/../lib/gcc/arm-none-eabi/4.8.4/../../../../arm-none-eabi/lib/armv7e-m/fpu\libg_s.a(lib_a-lseekr.o)
                0x000094f0                _lseek_r
 .text._read_r  0x00009514       0x24 c:/freescale/kds_3.0.0/toolchain/bin/../lib/gcc/arm-none-eabi/4.8.4/../../../../arm-none-eabi/lib/armv7e-m/fpu\libg_s.a(lib_a-readr.o)
                0x00009514                _read_r
 .text._close   0x00009538       0x10 c:/freescale/kds_3.0.0/toolchain/bin/../lib/gcc/arm-none-eabi/4.8.4/../../../../arm-none-eabi/lib/armv7e-m/fpu\libnosys.a(close.o)
                0x00009538                _close
 .text._fstat   0x00009548       0x10 c:/freescale/kds_3.0.0/toolchain/bin/../lib/gcc/arm-none-eabi/4.8.4/../../../../arm-none-eabi/lib/armv7e-m/fpu\libnosys.a(fstat.o)
                0x00009548                _fstat
 .text._isatty  0x00009558       0x10 c:/freescale/kds_3.0.0/toolchain/bin/../lib/gcc/arm-none-eabi/4.8.4/../../../../arm-none-eabi/lib/armv7e-m/fpu\libnosys.a(isatty.o)
                0x00009558                _isatty
 .text._lseek   0x00009568       0x10 c:/freescale/kds_3.0.0/toolchain/bin/../lib/gcc/arm-none-eabi/4.8.4/../../../../arm-none-eabi/lib/armv7e-m/fpu\libnosys.a(lseek.o)
                0x00009568                _lseek
 .text._read    0x00009578       0x10 c:/freescale/kds_3.0.0/toolchain/bin/../lib/gcc/arm-none-eabi/4.8.4/../../../../arm-none-eabi/lib/armv7e-m/fpu\libnosys.a(read.o)
                0x00009578                _read
 .text._sbrk    0x00009588       0x34 c:/freescale/kds_3.0.0/toolchain/bin/../lib/gcc/arm-none-eabi/4.8.4/../../../../arm-none-eabi/lib/armv7e-m/fpu\libnosys.a(sbrk.o)
                0x00009588                _sbrk
 .text._write   0x000095bc       0x10 c:/freescale/kds_3.0.0/toolchain/bin/../lib/gcc/arm-none-eabi/4.8.4/../../../../arm-none-eabi/lib/armv7e-m/fpu\libnosys.a(write.o)
                0x000095bc                _write
 .text._exit    0x000095cc        0x4 c:/freescale/kds_3.0.0/toolchain/bin/../lib/gcc/arm-none-eabi/4.8.4/../../../../arm-none-eabi/lib/armv7e-m/fpu\libnosys.a(_exit.o)
                0x000095cc                _exit
 *(.rodata)
 .rodata        0x000095d0       0x50 ./Sources/kiss_fftr.o
 .rodata        0x00009620        0x4 D:\Embedded Software US\es18aut13\Project\Library\libAnalog.a(analog.o)
 .rodata        0x00009624       0xa0 D:\Embedded Software US\es18aut13\Project\Library\libAnalog.a(SPI.o)
 *(.rodata*)
 .rodata.ANALOG_THREAD_PRIORITIES
                0x000096c4        0x4 ./Sources/main.o
                0x000096c4                ANALOG_THREAD_PRIORITIES
 .rodata.PACKET_ACK_MASK
                0x000096c8        0x1 ./Sources/packet.o
                0x000096c8                PACKET_ACK_MASK
 *fill*         0x000096c9        0x3 
 .rodata.SPI_SETUP
                0x000096cc       0x1c D:\Embedded Software US\es18aut13\Project\Library\libAnalog.a(analog.o)
 .rodata.str1.4
                0x000096e8        0x8 c:/freescale/kds_3.0.0/toolchain/bin/../lib/gcc/arm-none-eabi/4.8.4/../../../../arm-none-eabi/lib/armv7e-m/fpu\libm.a(lib_a-w_sqrt.o)
 .rodata.npio2_hw
                0x000096f0       0x80 c:/freescale/kds_3.0.0/toolchain/bin/../lib/gcc/arm-none-eabi/4.8.4/../../../../arm-none-eabi/lib/armv7e-m/fpu\libm.a(lib_a-e_rem_pio2.o)
 .rodata.two_over_pi
                0x00009770      0x108 c:/freescale/kds_3.0.0/toolchain/bin/../lib/gcc/arm-none-eabi/4.8.4/../../../../arm-none-eabi/lib/armv7e-m/fpu\libm.a(lib_a-e_rem_pio2.o)
 .rodata.init_jk
                0x00009878       0x10 c:/freescale/kds_3.0.0/toolchain/bin/../lib/gcc/arm-none-eabi/4.8.4/../../../../arm-none-eabi/lib/armv7e-m/fpu\libm.a(lib_a-k_rem_pio2.o)
 .rodata.PIo2   0x00009888       0x40 c:/freescale/kds_3.0.0/toolchain/bin/../lib/gcc/arm-none-eabi/4.8.4/../../../../arm-none-eabi/lib/armv7e-m/fpu\libm.a(lib_a-k_rem_pio2.o)
 .rodata.str1.1
                0x000098c8        0x2 c:/freescale/kds_3.0.0/toolchain/bin/../lib/gcc/arm-none-eabi/4.8.4/../../../../arm-none-eabi/lib/armv7e-m/fpu\libg_s.a(lib_a-impure.o)
 *fill*         0x000098ca        0x2 
 .rodata._global_impure_ptr
                0x000098cc        0x4 c:/freescale/kds_3.0.0/toolchain/bin/../lib/gcc/arm-none-eabi/4.8.4/../../../../arm-none-eabi/lib/armv7e-m/fpu\libg_s.a(lib_a-impure.o)
                0x000098cc                _global_impure_ptr
 .rodata.__sf_fake_stdin
                0x000098d0       0x20 c:/freescale/kds_3.0.0/toolchain/bin/../lib/gcc/arm-none-eabi/4.8.4/../../../../arm-none-eabi/lib/armv7e-m/fpu\libg_s.a(lib_a-findfp.o)
                0x000098d0                __sf_fake_stdin
 .rodata.__sf_fake_stdout
                0x000098f0       0x20 c:/freescale/kds_3.0.0/toolchain/bin/../lib/gcc/arm-none-eabi/4.8.4/../../../../arm-none-eabi/lib/armv7e-m/fpu\libg_s.a(lib_a-findfp.o)
                0x000098f0                __sf_fake_stdout
 .rodata.__sf_fake_stderr
                0x00009910       0x20 c:/freescale/kds_3.0.0/toolchain/bin/../lib/gcc/arm-none-eabi/4.8.4/../../../../arm-none-eabi/lib/armv7e-m/fpu\libg_s.a(lib_a-findfp.o)
                0x00009910                __sf_fake_stderr
 *(.glue_7)
 .glue_7        0x00000000        0x0 linker stubs
 *(.glue_7t)
 .glue_7t       0x00000000        0x0 linker stubs
 *(.eh_frame)
 .eh_frame      0x00009930        0x0 c:/freescale/kds_3.0.0/toolchain/bin/../lib/gcc/arm-none-eabi/4.8.4/armv7e-m/fpu/crtbegin.o
 *(.init)
 .init          0x00009930        0x4 c:/freescale/kds_3.0.0/toolchain/bin/../lib/gcc/arm-none-eabi/4.8.4/armv7e-m/fpu/crti.o
                0x00009930                _init
 .init          0x00009934        0x8 c:/freescale/kds_3.0.0/toolchain/bin/../lib/gcc/arm-none-eabi/4.8.4/armv7e-m/fpu/crtn.o
 *(.fini)
 .fini          0x0000993c        0x4 c:/freescale/kds_3.0.0/toolchain/bin/../lib/gcc/arm-none-eabi/4.8.4/armv7e-m/fpu/crti.o
                0x0000993c                _fini
 .fini          0x00009940        0x8 c:/freescale/kds_3.0.0/toolchain/bin/../lib/gcc/arm-none-eabi/4.8.4/armv7e-m/fpu/crtn.o
                0x00009948                . = ALIGN (0x4)
                0x00009948                _etext = .

.vfp11_veneer   0x00009948        0x0
 .vfp11_veneer  0x00000000        0x0 linker stubs

.v4_bx          0x00009948        0x0
 .v4_bx         0x00000000        0x0 linker stubs

.iplt           0x00009948        0x0
 .iplt          0x00000000        0x0 c:/freescale/kds_3.0.0/toolchain/bin/../lib/gcc/arm-none-eabi/4.8.4/armv7e-m/fpu/crtbegin.o

.ARM.extab
 *(.ARM.extab* .gnu.linkonce.armextab.*)

.ARM            0x00009948        0x8
                0x00009948                __exidx_start = .
 *(.ARM.exidx*)
 .ARM.exidx     0x00009948        0x8 c:/freescale/kds_3.0.0/toolchain/bin/../lib/gcc/arm-none-eabi/4.8.4/../../../../arm-none-eabi/lib/armv7e-m/fpu/crt0.o
 .ARM.exidx     0x00009950        0x0 c:/freescale/kds_3.0.0/toolchain/bin/../lib/gcc/arm-none-eabi/4.8.4/armv7e-m/fpu\libgcc.a(_divdi3.o)
                                  0x8 (size before relaxing)
 .ARM.exidx     0x00009950        0x0 c:/freescale/kds_3.0.0/toolchain/bin/../lib/gcc/arm-none-eabi/4.8.4/armv7e-m/fpu\libgcc.a(_udivdi3.o)
                                  0x8 (size before relaxing)
                0x00009950                __exidx_end = .

.rel.dyn        0x00009950        0x0
 .rel.iplt      0x00000000        0x0 c:/freescale/kds_3.0.0/toolchain/bin/../lib/gcc/arm-none-eabi/4.8.4/armv7e-m/fpu/crtbegin.o

.ctors          0x00009950        0x0
                0x00009950                __CTOR_LIST__ = .
 *crtbegin.o(.ctors)
 *(EXCLUDE_FILE(*crtend.o) .ctors)
 *(SORT(.ctors.*))
 *(.ctors)
                0x00009950                __CTOR_END__ = .

.dtors          0x00009950        0x0
                0x00009950                __DTOR_LIST__ = .
 *crtbegin.o(.dtors)
 *(EXCLUDE_FILE(*crtend.o) .dtors)
 *(SORT(.dtors.*))
 *(.dtors)
                0x00009950                __DTOR_END__ = .

.preinit_array  0x00009950        0x0
                0x00009950                PROVIDE (__preinit_array_start, .)
 *(.preinit_array*)
                0x00009950                PROVIDE (__preinit_array_end, .)

.init_array     0x00009950        0x4
                0x00009950                PROVIDE (__init_array_start, .)
 *(SORT(.init_array.*))
 *(.init_array*)
 .init_array    0x00009950        0x4 c:/freescale/kds_3.0.0/toolchain/bin/../lib/gcc/arm-none-eabi/4.8.4/armv7e-m/fpu/crtbegin.o
                0x00009954                PROVIDE (__init_array_end, .)

.fini_array     0x00009954        0x4
                0x00009954                PROVIDE (__fini_array_start, .)
 *(SORT(.fini_array.*))
 *(.fini_array*)
 .fini_array    0x00009954        0x4 c:/freescale/kds_3.0.0/toolchain/bin/../lib/gcc/arm-none-eabi/4.8.4/armv7e-m/fpu/crtbegin.o
                0x00009958                PROVIDE (__fini_array_end, .)
                0x00009958                ___ROM_AT = .

.data           0x1fff0000       0x84 load address 0x00009958
                0x1fff0000                . = ALIGN (0x4)
                0x1fff0000                _sdata = .
 *(.data)
 *(.data*)
 .data.SlaveDeviceAddress
                0x1fff0000        0x1 ./Sources/I2C.o
 *fill*         0x1fff0001        0x3 
 .data.AnalogThreadData
                0x1fff0004       0x18 ./Sources/main.o
 .data.__fdlib_version
                0x1fff001c        0x1 c:/freescale/kds_3.0.0/toolchain/bin/../lib/gcc/arm-none-eabi/4.8.4/../../../../arm-none-eabi/lib/armv7e-m/fpu\libm.a(lib_a-s_lib_ver.o)
                0x1fff001c                __fdlib_version
 *fill*         0x1fff001d        0x3 
 .data.impure_data
                0x1fff0020       0x60 c:/freescale/kds_3.0.0/toolchain/bin/../lib/gcc/arm-none-eabi/4.8.4/../../../../arm-none-eabi/lib/armv7e-m/fpu\libg_s.a(lib_a-impure.o)
 .data._impure_ptr
                0x1fff0080        0x4 c:/freescale/kds_3.0.0/toolchain/bin/../lib/gcc/arm-none-eabi/4.8.4/../../../../arm-none-eabi/lib/armv7e-m/fpu\libg_s.a(lib_a-impure.o)
                0x1fff0080                _impure_ptr
                0x1fff0084                . = ALIGN (0x4)
                0x1fff0084                _edata = .
                0x00000084                ___data_size = (_edata - _sdata)
                0x000099dc                ___m_data_20000000_ROMStart = (___ROM_AT + SIZEOF (.data))

.jcr            0x1fff0084        0x0 load address 0x000099dc
 .jcr           0x1fff0084        0x0 c:/freescale/kds_3.0.0/toolchain/bin/../lib/gcc/arm-none-eabi/4.8.4/armv7e-m/fpu/crtbegin.o

.igot.plt       0x1fff0084        0x0 load address 0x000099dc
 .igot.plt      0x00000000        0x0 c:/freescale/kds_3.0.0/toolchain/bin/../lib/gcc/arm-none-eabi/4.8.4/armv7e-m/fpu/crtbegin.o

.m_data_20000000
                0x20000000        0x0 load address 0x000099dc
                0x20000000                . = ALIGN (0x4)
                0x20000000                ___m_data_20000000_RAMStart = .
 *(.m_data_20000000)
                0x20000000                ___m_data_20000000_RAMEnd = .
                0x20000000                . = ALIGN (0x4)
                0x00000000                ___m_data_20000000_ROMSize = (___m_data_20000000_RAMEnd - ___m_data_20000000_RAMStart)
                0x20000000                . = ALIGN (0x4)

.bss            0x1fff0088     0xa0bc load address 0x000099e0
                0x1fff0088                __START_BSS = .
                0x1fff0088                PROVIDE (__bss_start__, __START_BSS)
 *(.bss)
 .bss           0x1fff0088       0x1c c:/freescale/kds_3.0.0/toolchain/bin/../lib/gcc/arm-none-eabi/4.8.4/armv7e-m/fpu/crtbegin.o
 *(.bss*)
 .bss.UserSemaphore
                0x1fff00a4       0x20 ./Sources/FTM.o
 .bss.occupiedBytes.5729
                0x1fff00c4        0x1 ./Sources/Flash.o
 *fill*         0x1fff00c5        0x3 
 .bss.ReadCompleteSemaphore
                0x1fff00c8        0x4 ./Sources/I2C.o
 .bss.I2CAccess
                0x1fff00cc        0x4 ./Sources/I2C.o
 .bss.SlaveDeviceReadAddress
                0x1fff00d0        0x1 ./Sources/I2C.o
 .bss.NbBytes   0x1fff00d1        0x1 ./Sources/I2C.o
 *fill*         0x1fff00d2        0x2 
 .bss.DataPtr   0x1fff00d4        0x4 ./Sources/I2C.o
 .bss.stage.6666
                0x1fff00d8        0x1 ./Sources/I2C.o
 .bss.readCount.6667
                0x1fff00d9        0x1 ./Sources/I2C.o
 *fill*         0x1fff00da        0x2 
 .bss.ModuleClk
                0x1fff00dc        0x4 ./Sources/PIT.o
 .bss.UserFunction
                0x1fff00e0        0x4 ./Sources/PIT.o
 .bss.UserArguments
                0x1fff00e4        0x4 ./Sources/PIT.o
 .bss.ReadSemaphore
                0x1fff00e8        0x4 ./Sources/RTC.o
 *fill*         0x1fff00ec        0x4 
 .bss.RxUARTThreadStack
                0x1fff00f0      0x7d0 ./Sources/UART.o
 .bss.TxUARTThreadStack
                0x1fff08c0      0x7d0 ./Sources/UART.o
 .bss.DataReadySemaphore
                0x1fff1090        0x4 ./Sources/accel.o
 .bss.VoltageSamples
                0x1fff1094      0x188 ./Sources/main.o
 .bss.RMS       0x1fff121c        0x8 ./Sources/main.o
 .bss.TimingMode
                0x1fff1224        0x2 ./Sources/main.o
 *fill*         0x1fff1226        0x2 
 .bss.SamplePeriod
                0x1fff1228        0x4 ./Sources/main.o
 .bss.NewSamplePeriod
                0x1fff122c        0x4 ./Sources/main.o
 .bss.LastSumOfSquares
                0x1fff1230       0x18 ./Sources/main.o
 .bss.OldestData
                0x1fff1248        0x8 ./Sources/main.o
 .bss.Alarm     0x1fff1250        0x4 ./Sources/main.o
 .bss.Adjusting
                0x1fff1254        0x4 ./Sources/main.o
 .bss.Frequency
                0x1fff1258        0x4 ./Sources/main.o
 .bss.LEDOffSemaphore
                0x1fff125c        0x4 ./Sources/main.o
 .bss.RTCReadSemaphore
                0x1fff1260        0x4 ./Sources/main.o
 .bss.FrequencyCalculateSemaphore
                0x1fff1264        0x4 ./Sources/main.o
 .bss.FrequencyTrackSemaphore
                0x1fff1268        0x4 ./Sources/main.o
 .bss.LogRaisesSemaphore
                0x1fff126c        0x4 ./Sources/main.o
 .bss.LogLowersSemaphore
                0x1fff1270        0x4 ./Sources/main.o
 .bss.FlashAccessMutex
                0x1fff1274        0x4 ./Sources/main.o
 .bss.FFTSemaphore
                0x1fff1278        0x4 ./Sources/main.o
 .bss.FFTOutputMutex
                0x1fff127c        0x4 ./Sources/main.o
 .bss.AlarmMutex
                0x1fff1280        0x4 ./Sources/main.o
 .bss.AdjustingMutex
                0x1fff1284        0x4 ./Sources/main.o
 .bss.RMSCalculationDataMutex
                0x1fff1288        0x4 ./Sources/main.o
 .bss.SamplePeriodMutex
                0x1fff128c        0x4 ./Sources/main.o
 .bss.NewSamplePeriodMutex
                0x1fff1290        0x4 ./Sources/main.o
 .bss.FrequencyMutex
                0x1fff1294        0x4 ./Sources/main.o
 .bss.RMSMutex  0x1fff1298        0x4 ./Sources/main.o
 .bss.TimingModeMutex
                0x1fff129c        0x4 ./Sources/main.o
 .bss.InitModulesThreadStack
                0x1fff12a0      0x7d0 ./Sources/main.o
 .bss.RTCThreadStack
                0x1fff1a70      0x7d0 ./Sources/main.o
 .bss.FTMLEDsOffThreadStack
                0x1fff2240      0x7d0 ./Sources/main.o
 .bss.FrequencyCalculateThreadStack
                0x1fff2a10      0x7d0 ./Sources/main.o
 .bss.FrequencyTrackThreadStack
                0x1fff31e0      0x7d0 ./Sources/main.o
 .bss.PacketThreadStack
                0x1fff39b0      0x7d0 ./Sources/main.o
 .bss.LogRaisesThreadStack
                0x1fff4180      0x7d0 ./Sources/main.o
 .bss.LogLowersThreadStack
                0x1fff4950      0x7d0 ./Sources/main.o
 .bss.FFTThreadStack
                0x1fff5120     0x1f40 ./Sources/main.o
 .bss.RMSThreadStacks
                0x1fff7060     0x1770 ./Sources/main.o
 .bss.phase.8502
                0x1fff87d0        0x1 ./Sources/main.o
 *fill*         0x1fff87d1        0x3 
 .bss.PacketPutAccess
                0x1fff87d4        0x4 ./Sources/packet.o
 .bss.SR_lock   0x1fff87d8        0x1 ./Generated_Code/Cpu.o
                0x1fff87d8                SR_lock
 *fill*         0x1fff87d9        0x3 
 .bss.TCBUnusedMain
                0x1fff87dc       0x18 D:\Embedded Software US\es18aut13\Project\Library\libOS.a(OS.o)
 .bss.TCBTable  0x1fff87f4      0x300 D:\Embedded Software US\es18aut13\Project\Library\libOS.a(OS.o)
 .bss.pTCBFreeList
                0x1fff8af4        0x4 D:\Embedded Software US\es18aut13\Project\Library\libOS.a(OS.o)
 .bss.pTCBAllocatedList
                0x1fff8af8        0x4 D:\Embedded Software US\es18aut13\Project\Library\libOS.a(OS.o)
 .bss.pTCBPriorityTable
                0x1fff8afc       0x80 D:\Embedded Software US\es18aut13\Project\Library\libOS.a(OS.o)
 .bss.pTCBRunning
                0x1fff8b7c        0x4 D:\Embedded Software US\es18aut13\Project\Library\libOS.a(OS.o)
 .bss.pTCBHighestReady
                0x1fff8b80        0x4 D:\Embedded Software US\es18aut13\Project\Library\libOS.a(OS.o)
 .bss.ReadyList
                0x1fff8b84        0x4 D:\Embedded Software US\es18aut13\Project\Library\libOS.a(OS.o)
 .bss.ECBTable  0x1fff8b88      0x100 D:\Embedded Software US\es18aut13\Project\Library\libOS.a(OS.o)
 .bss.NextECBFree
                0x1fff8c88        0x1 D:\Embedded Software US\es18aut13\Project\Library\libOS.a(OS.o)
 *fill*         0x1fff8c89        0x3 
 .bss.IdleCounter
                0x1fff8c8c        0x4 D:\Embedded Software US\es18aut13\Project\Library\libOS.a(OS.o)
 .bss.IdleStack
                0x1fff8c90      0x400 D:\Embedded Software US\es18aut13\Project\Library\libOS.a(OS.o)
 .bss.Ticks     0x1fff9090        0x4 D:\Embedded Software US\es18aut13\Project\Library\libOS.a(OS.o)
 .bss.ToggleCntr
                0x1fff9094        0x4 D:\Embedded Software US\es18aut13\Project\Library\libOS.a(OS.o)
 .bss.ToggleLED
                0x1fff9098        0x1 D:\Embedded Software US\es18aut13\Project\Library\libOS.a(OS.o)
 .bss.ISRNestLevel
                0x1fff9099        0x1 D:\Embedded Software US\es18aut13\Project\Library\libOS.a(OS.o)
 *fill*         0x1fff909a        0x2 
 .bss.ADCCommandUnion
                0x1fff909c        0x4 D:\Embedded Software US\es18aut13\Project\Library\libAnalog.a(analog.o)
 .bss.__malloc_sbrk_start
                0x1fff90a0        0x4 c:/freescale/kds_3.0.0/toolchain/bin/../lib/gcc/arm-none-eabi/4.8.4/../../../../arm-none-eabi/lib/armv7e-m/fpu\libg_s.a(lib_a-nano-mallocr.o)
                0x1fff90a0                __malloc_sbrk_start
 .bss.__malloc_free_list
                0x1fff90a4        0x4 c:/freescale/kds_3.0.0/toolchain/bin/../lib/gcc/arm-none-eabi/4.8.4/../../../../arm-none-eabi/lib/armv7e-m/fpu\libg_s.a(lib_a-nano-mallocr.o)
                0x1fff90a4                __malloc_free_list
 .bss.heap_end.4246
                0x1fff90a8        0x4 c:/freescale/kds_3.0.0/toolchain/bin/../lib/gcc/arm-none-eabi/4.8.4/../../../../arm-none-eabi/lib/armv7e-m/fpu\libnosys.a(sbrk.o)
 *(COMMON)
 COMMON         0x1fff90ac        0x8 ./Sources/Flash.o
                0x1fff90ac                CCIFSemaphore
                0x1fff90b0                FlashAccessMutex
 COMMON         0x1fff90b4     0x1024 ./Sources/UART.o
                0x1fff90b4                DummyRead
                0x1fff90b8                TxFIFO
                0x1fff98c4                RxFIFO
                0x1fffa0d0                RxUARTSemaphore
                0x1fffa0d4                TxUARTSemaphore
 COMMON         0x1fffa0d8       0x5c ./Sources/main.o
                0x1fffa0d8                NvTowerMd
                0x1fffa0dc                NvTowerNb
                0x1fffa0e0                NvTimingMd
                0x1fffa0e4                NvNbRaises
                0x1fffa0e8                FFTOutput
                0x1fffa130                NvNbLowers
 COMMON         0x1fffa134        0x5 ./Sources/packet.o
                0x1fffa134                Packet
 COMMON         0x1fffa139        0x1 ./Generated_Code/Cpu.o
                0x1fffa139                SR_reg
 *fill*         0x1fffa13a        0x2 
 COMMON         0x1fffa13c        0x4 D:\Embedded Software US\es18aut13\Project\Library\libAnalog.a(analog.o)
                0x1fffa13c                DACInput
 COMMON         0x1fffa140        0x4 c:/freescale/kds_3.0.0/toolchain/bin/../lib/gcc/arm-none-eabi/4.8.4/../../../../arm-none-eabi/lib/armv7e-m/fpu\libg_s.a(lib_a-reent.o)
                0x1fffa140                errno
                0x1fffa144                . = ALIGN (0x4)
                0x1fffa144                __END_BSS = .
                0x1fffa144                PROVIDE (__bss_end__, __END_BSS)
                0x000099dc                _romp_at = ((___ROM_AT + SIZEOF (.data)) + SIZEOF (.m_data_20000000))

.romp           0x1fffa144       0x24 load address 0x000099dc
                0x000099dc                __S_romp = _romp_at
                0x1fffa144        0x4 LONG 0x9958 ___ROM_AT
                0x1fffa148        0x4 LONG 0x1fff0000 _sdata
                0x1fffa14c        0x4 LONG 0x84 ___data_size
                0x1fffa150        0x4 LONG 0x99dc ___m_data_20000000_ROMStart
                0x1fffa154        0x4 LONG 0x20000000 ___m_data_20000000_RAMStart
                0x1fffa158        0x4 LONG 0x0 ___m_data_20000000_ROMSize
                0x1fffa15c        0x4 LONG 0x0
                0x1fffa160        0x4 LONG 0x0
                0x1fffa164        0x4 LONG 0x0

._user_heap_stack
                0x1fffa168      0x400 load address 0x00009a00
                0x1fffa168                . = ALIGN (0x4)
                0x1fffa168                PROVIDE (end, .)
                0x1fffa168                PROVIDE (_end, .)
                0x1fffa168                __heap_addr = .
                0x1fffa168                __HeapBase = .
                0x1fffa168                . = (. + __heap_size)
                0x1fffa168                __HeapLimit = .
                0x1fffa568                . = (. + __stack_size)
 *fill*         0x1fffa168      0x400 
                0x1fffa568                . = ALIGN (0x4)

.ARM.attributes
                0x00000000       0x30
 *(.ARM.attributes)
 .ARM.attributes
                0x00000000       0x22 c:/freescale/kds_3.0.0/toolchain/bin/../lib/gcc/arm-none-eabi/4.8.4/armv7e-m/fpu/crti.o
 .ARM.attributes
                0x00000022       0x34 c:/freescale/kds_3.0.0/toolchain/bin/../lib/gcc/arm-none-eabi/4.8.4/armv7e-m/fpu/crtbegin.o
 .ARM.attributes
                0x00000056       0x20 c:/freescale/kds_3.0.0/toolchain/bin/../lib/gcc/arm-none-eabi/4.8.4/../../../../arm-none-eabi/lib/armv7e-m/fpu/crt0.o
 .ARM.attributes
                0x00000076       0x39 ./Sources/FIFO.o
 .ARM.attributes
                0x000000af       0x39 ./Sources/FTM.o
 .ARM.attributes
                0x000000e8       0x39 ./Sources/Flash.o
 .ARM.attributes
                0x00000121       0x39 ./Sources/I2C.o
 .ARM.attributes
                0x0000015a       0x39 ./Sources/LEDs.o
 .ARM.attributes
                0x00000193       0x39 ./Sources/PIT.o
 .ARM.attributes
                0x000001cc       0x39 ./Sources/RTC.o
 .ARM.attributes
                0x00000205       0x39 ./Sources/UART.o
 .ARM.attributes
                0x0000023e       0x39 ./Sources/accel.o
 .ARM.attributes
                0x00000277       0x39 ./Sources/kiss_fft.o
 .ARM.attributes
                0x000002b0       0x39 ./Sources/kiss_fftr.o
 .ARM.attributes
                0x000002e9       0x39 ./Sources/main.o
 .ARM.attributes
                0x00000322       0x39 ./Sources/packet.o
 .ARM.attributes
                0x0000035b       0x39 ./Project_Settings/Startup_Code/startup.o
 .ARM.attributes
                0x00000394       0x39 ./Generated_Code/Cpu.o
 .ARM.attributes
                0x000003cd       0x39 ./Generated_Code/Vectors.o
 .ARM.attributes
                0x00000406       0x39 D:\Embedded Software US\es18aut13\Project\Library\libOS.a(OS.o)
 .ARM.attributes
                0x0000043f       0x39 D:\Embedded Software US\es18aut13\Project\Library\libAnalog.a(analog.o)
 .ARM.attributes
                0x00000478       0x39 D:\Embedded Software US\es18aut13\Project\Library\libAnalog.a(SPI.o)
 .ARM.attributes
                0x000004b1       0x34 c:/freescale/kds_3.0.0/toolchain/bin/../lib/gcc/arm-none-eabi/4.8.4/../../../../arm-none-eabi/lib/armv7e-m/fpu\libm.a(lib_a-s_cos.o)
 .ARM.attributes
                0x000004e5       0x34 c:/freescale/kds_3.0.0/toolchain/bin/../lib/gcc/arm-none-eabi/4.8.4/../../../../arm-none-eabi/lib/armv7e-m/fpu\libm.a(lib_a-s_floor.o)
 .ARM.attributes
                0x00000519       0x34 c:/freescale/kds_3.0.0/toolchain/bin/../lib/gcc/arm-none-eabi/4.8.4/../../../../arm-none-eabi/lib/armv7e-m/fpu\libm.a(lib_a-s_sin.o)
 .ARM.attributes
                0x0000054d       0x34 c:/freescale/kds_3.0.0/toolchain/bin/../lib/gcc/arm-none-eabi/4.8.4/../../../../arm-none-eabi/lib/armv7e-m/fpu\libm.a(lib_a-sf_round.o)
 .ARM.attributes
                0x00000581       0x34 c:/freescale/kds_3.0.0/toolchain/bin/../lib/gcc/arm-none-eabi/4.8.4/../../../../arm-none-eabi/lib/armv7e-m/fpu\libm.a(lib_a-w_sqrt.o)
 .ARM.attributes
                0x000005b5       0x34 c:/freescale/kds_3.0.0/toolchain/bin/../lib/gcc/arm-none-eabi/4.8.4/../../../../arm-none-eabi/lib/armv7e-m/fpu\libm.a(lib_a-e_rem_pio2.o)
 .ARM.attributes
                0x000005e9       0x34 c:/freescale/kds_3.0.0/toolchain/bin/../lib/gcc/arm-none-eabi/4.8.4/../../../../arm-none-eabi/lib/armv7e-m/fpu\libm.a(lib_a-e_sqrt.o)
 .ARM.attributes
                0x0000061d       0x34 c:/freescale/kds_3.0.0/toolchain/bin/../lib/gcc/arm-none-eabi/4.8.4/../../../../arm-none-eabi/lib/armv7e-m/fpu\libm.a(lib_a-k_cos.o)
 .ARM.attributes
                0x00000651       0x34 c:/freescale/kds_3.0.0/toolchain/bin/../lib/gcc/arm-none-eabi/4.8.4/../../../../arm-none-eabi/lib/armv7e-m/fpu\libm.a(lib_a-k_rem_pio2.o)
 .ARM.attributes
                0x00000685       0x34 c:/freescale/kds_3.0.0/toolchain/bin/../lib/gcc/arm-none-eabi/4.8.4/../../../../arm-none-eabi/lib/armv7e-m/fpu\libm.a(lib_a-k_sin.o)
 .ARM.attributes
                0x000006b9       0x34 c:/freescale/kds_3.0.0/toolchain/bin/../lib/gcc/arm-none-eabi/4.8.4/../../../../arm-none-eabi/lib/armv7e-m/fpu\libm.a(lib_a-s_fabs.o)
 .ARM.attributes
                0x000006ed       0x34 c:/freescale/kds_3.0.0/toolchain/bin/../lib/gcc/arm-none-eabi/4.8.4/../../../../arm-none-eabi/lib/armv7e-m/fpu\libm.a(lib_a-s_fpclassify.o)
 .ARM.attributes
                0x00000721       0x34 c:/freescale/kds_3.0.0/toolchain/bin/../lib/gcc/arm-none-eabi/4.8.4/../../../../arm-none-eabi/lib/armv7e-m/fpu\libm.a(lib_a-s_lib_ver.o)
 .ARM.attributes
                0x00000755       0x34 c:/freescale/kds_3.0.0/toolchain/bin/../lib/gcc/arm-none-eabi/4.8.4/../../../../arm-none-eabi/lib/armv7e-m/fpu\libm.a(lib_a-s_matherr.o)
 .ARM.attributes
                0x00000789       0x34 c:/freescale/kds_3.0.0/toolchain/bin/../lib/gcc/arm-none-eabi/4.8.4/../../../../arm-none-eabi/lib/armv7e-m/fpu\libm.a(lib_a-s_scalbn.o)
 .ARM.attributes
                0x000007bd       0x34 c:/freescale/kds_3.0.0/toolchain/bin/../lib/gcc/arm-none-eabi/4.8.4/../../../../arm-none-eabi/lib/armv7e-m/fpu\libm.a(lib_a-s_copysign.o)
 .ARM.attributes
                0x000007f1       0x22 c:/freescale/kds_3.0.0/toolchain/bin/../lib/gcc/arm-none-eabi/4.8.4/armv7e-m/fpu\libgcc.a(_arm_addsubdf3.o)
 .ARM.attributes
                0x00000813       0x22 c:/freescale/kds_3.0.0/toolchain/bin/../lib/gcc/arm-none-eabi/4.8.4/armv7e-m/fpu\libgcc.a(_arm_muldivdf3.o)
 .ARM.attributes
                0x00000835       0x22 c:/freescale/kds_3.0.0/toolchain/bin/../lib/gcc/arm-none-eabi/4.8.4/armv7e-m/fpu\libgcc.a(_arm_cmpdf2.o)
 .ARM.attributes
                0x00000857       0x22 c:/freescale/kds_3.0.0/toolchain/bin/../lib/gcc/arm-none-eabi/4.8.4/armv7e-m/fpu\libgcc.a(_arm_fixdfsi.o)
 .ARM.attributes
                0x00000879       0x22 c:/freescale/kds_3.0.0/toolchain/bin/../lib/gcc/arm-none-eabi/4.8.4/armv7e-m/fpu\libgcc.a(_arm_fixunsdfsi.o)
 .ARM.attributes
                0x0000089b       0x22 c:/freescale/kds_3.0.0/toolchain/bin/../lib/gcc/arm-none-eabi/4.8.4/armv7e-m/fpu\libgcc.a(_arm_truncdfsf2.o)
 .ARM.attributes
                0x000008bd       0x22 c:/freescale/kds_3.0.0/toolchain/bin/../lib/gcc/arm-none-eabi/4.8.4/armv7e-m/fpu\libgcc.a(_arm_addsubsf3.o)
 .ARM.attributes
                0x000008df       0x22 c:/freescale/kds_3.0.0/toolchain/bin/../lib/gcc/arm-none-eabi/4.8.4/armv7e-m/fpu\libgcc.a(_aeabi_uldivmod.o)
 .ARM.attributes
                0x00000901       0x34 c:/freescale/kds_3.0.0/toolchain/bin/../lib/gcc/arm-none-eabi/4.8.4/armv7e-m/fpu\libgcc.a(bpabi.o)
 .ARM.attributes
                0x00000935       0x22 c:/freescale/kds_3.0.0/toolchain/bin/../lib/gcc/arm-none-eabi/4.8.4/armv7e-m/fpu\libgcc.a(_dvmd_tls.o)
 .ARM.attributes
                0x00000957       0x34 c:/freescale/kds_3.0.0/toolchain/bin/../lib/gcc/arm-none-eabi/4.8.4/armv7e-m/fpu\libgcc.a(_divdi3.o)
 .ARM.attributes
                0x0000098b       0x34 c:/freescale/kds_3.0.0/toolchain/bin/../lib/gcc/arm-none-eabi/4.8.4/armv7e-m/fpu\libgcc.a(_udivdi3.o)
 .ARM.attributes
                0x000009bf       0x34 c:/freescale/kds_3.0.0/toolchain/bin/../lib/gcc/arm-none-eabi/4.8.4/../../../../arm-none-eabi/lib/armv7e-m/fpu\libg_s.a(lib_a-errno.o)
 .ARM.attributes
                0x000009f3       0x34 c:/freescale/kds_3.0.0/toolchain/bin/../lib/gcc/arm-none-eabi/4.8.4/../../../../arm-none-eabi/lib/armv7e-m/fpu\libg_s.a(lib_a-exit.o)
 .ARM.attributes
                0x00000a27       0x34 c:/freescale/kds_3.0.0/toolchain/bin/../lib/gcc/arm-none-eabi/4.8.4/../../../../arm-none-eabi/lib/armv7e-m/fpu\libg_s.a(lib_a-fwrite.o)
 .ARM.attributes
                0x00000a5b       0x34 c:/freescale/kds_3.0.0/toolchain/bin/../lib/gcc/arm-none-eabi/4.8.4/../../../../arm-none-eabi/lib/armv7e-m/fpu\libg_s.a(lib_a-impure.o)
 .ARM.attributes
                0x00000a8f       0x34 c:/freescale/kds_3.0.0/toolchain/bin/../lib/gcc/arm-none-eabi/4.8.4/../../../../arm-none-eabi/lib/armv7e-m/fpu\libg_s.a(lib_a-init.o)
 .ARM.attributes
                0x00000ac3       0x34 c:/freescale/kds_3.0.0/toolchain/bin/../lib/gcc/arm-none-eabi/4.8.4/../../../../arm-none-eabi/lib/armv7e-m/fpu\libg_s.a(lib_a-malloc.o)
 .ARM.attributes
                0x00000af7       0x34 c:/freescale/kds_3.0.0/toolchain/bin/../lib/gcc/arm-none-eabi/4.8.4/../../../../arm-none-eabi/lib/armv7e-m/fpu\libg_s.a(lib_a-memcpy-stub.o)
 .ARM.attributes
                0x00000b2b       0x34 c:/freescale/kds_3.0.0/toolchain/bin/../lib/gcc/arm-none-eabi/4.8.4/../../../../arm-none-eabi/lib/armv7e-m/fpu\libg_s.a(lib_a-memset.o)
 .ARM.attributes
                0x00000b5f       0x34 c:/freescale/kds_3.0.0/toolchain/bin/../lib/gcc/arm-none-eabi/4.8.4/../../../../arm-none-eabi/lib/armv7e-m/fpu\libg_s.a(lib_a-nano-freer.o)
 .ARM.attributes
                0x00000b93       0x34 c:/freescale/kds_3.0.0/toolchain/bin/../lib/gcc/arm-none-eabi/4.8.4/../../../../arm-none-eabi/lib/armv7e-m/fpu\libg_s.a(lib_a-nano-mallocr.o)
 .ARM.attributes
                0x00000bc7       0x34 c:/freescale/kds_3.0.0/toolchain/bin/../lib/gcc/arm-none-eabi/4.8.4/../../../../arm-none-eabi/lib/armv7e-m/fpu\libg_s.a(lib_a-sbrkr.o)
 .ARM.attributes
                0x00000bfb       0x34 c:/freescale/kds_3.0.0/toolchain/bin/../lib/gcc/arm-none-eabi/4.8.4/../../../../arm-none-eabi/lib/armv7e-m/fpu\libg_s.a(lib_a-wbuf.o)
 .ARM.attributes
                0x00000c2f       0x34 c:/freescale/kds_3.0.0/toolchain/bin/../lib/gcc/arm-none-eabi/4.8.4/../../../../arm-none-eabi/lib/armv7e-m/fpu\libg_s.a(lib_a-wsetup.o)
 .ARM.attributes
                0x00000c63       0x34 c:/freescale/kds_3.0.0/toolchain/bin/../lib/gcc/arm-none-eabi/4.8.4/../../../../arm-none-eabi/lib/armv7e-m/fpu\libg_s.a(lib_a-fflush.o)
 .ARM.attributes
                0x00000c97       0x34 c:/freescale/kds_3.0.0/toolchain/bin/../lib/gcc/arm-none-eabi/4.8.4/../../../../arm-none-eabi/lib/armv7e-m/fpu\libg_s.a(lib_a-findfp.o)
 .ARM.attributes
                0x00000ccb       0x34 c:/freescale/kds_3.0.0/toolchain/bin/../lib/gcc/arm-none-eabi/4.8.4/../../../../arm-none-eabi/lib/armv7e-m/fpu\libg_s.a(lib_a-makebuf.o)
 .ARM.attributes
                0x00000cff       0x34 c:/freescale/kds_3.0.0/toolchain/bin/../lib/gcc/arm-none-eabi/4.8.4/../../../../arm-none-eabi/lib/armv7e-m/fpu\libg_s.a(lib_a-reent.o)
 .ARM.attributes
                0x00000d33       0x34 c:/freescale/kds_3.0.0/toolchain/bin/../lib/gcc/arm-none-eabi/4.8.4/../../../../arm-none-eabi/lib/armv7e-m/fpu\libg_s.a(lib_a-stdio.o)
 .ARM.attributes
                0x00000d67       0x34 c:/freescale/kds_3.0.0/toolchain/bin/../lib/gcc/arm-none-eabi/4.8.4/../../../../arm-none-eabi/lib/armv7e-m/fpu\libg_s.a(lib_a-writer.o)
 .ARM.attributes
                0x00000d9b       0x34 c:/freescale/kds_3.0.0/toolchain/bin/../lib/gcc/arm-none-eabi/4.8.4/../../../../arm-none-eabi/lib/armv7e-m/fpu\libg_s.a(lib_a-closer.o)
 .ARM.attributes
                0x00000dcf       0x34 c:/freescale/kds_3.0.0/toolchain/bin/../lib/gcc/arm-none-eabi/4.8.4/../../../../arm-none-eabi/lib/armv7e-m/fpu\libg_s.a(lib_a-fstatr.o)
 .ARM.attributes
                0x00000e03       0x34 c:/freescale/kds_3.0.0/toolchain/bin/../lib/gcc/arm-none-eabi/4.8.4/../../../../arm-none-eabi/lib/armv7e-m/fpu\libg_s.a(lib_a-isattyr.o)
 .ARM.attributes
                0x00000e37       0x34 c:/freescale/kds_3.0.0/toolchain/bin/../lib/gcc/arm-none-eabi/4.8.4/../../../../arm-none-eabi/lib/armv7e-m/fpu\libg_s.a(lib_a-lseekr.o)
 .ARM.attributes
                0x00000e6b       0x34 c:/freescale/kds_3.0.0/toolchain/bin/../lib/gcc/arm-none-eabi/4.8.4/../../../../arm-none-eabi/lib/armv7e-m/fpu\libg_s.a(lib_a-readr.o)
 .ARM.attributes
                0x00000e9f       0x34 c:/freescale/kds_3.0.0/toolchain/bin/../lib/gcc/arm-none-eabi/4.8.4/../../../../arm-none-eabi/lib/armv7e-m/fpu\libnosys.a(close.o)
 .ARM.attributes
                0x00000ed3       0x34 c:/freescale/kds_3.0.0/toolchain/bin/../lib/gcc/arm-none-eabi/4.8.4/../../../../arm-none-eabi/lib/armv7e-m/fpu\libnosys.a(fstat.o)
 .ARM.attributes
                0x00000f07       0x34 c:/freescale/kds_3.0.0/toolchain/bin/../lib/gcc/arm-none-eabi/4.8.4/../../../../arm-none-eabi/lib/armv7e-m/fpu\libnosys.a(isatty.o)
 .ARM.attributes
                0x00000f3b       0x34 c:/freescale/kds_3.0.0/toolchain/bin/../lib/gcc/arm-none-eabi/4.8.4/../../../../arm-none-eabi/lib/armv7e-m/fpu\libnosys.a(lseek.o)
 .ARM.attributes
                0x00000f6f       0x34 c:/freescale/kds_3.0.0/toolchain/bin/../lib/gcc/arm-none-eabi/4.8.4/../../../../arm-none-eabi/lib/armv7e-m/fpu\libnosys.a(read.o)
 .ARM.attributes
                0x00000fa3       0x34 c:/freescale/kds_3.0.0/toolchain/bin/../lib/gcc/arm-none-eabi/4.8.4/../../../../arm-none-eabi/lib/armv7e-m/fpu\libnosys.a(sbrk.o)
 .ARM.attributes
                0x00000fd7       0x34 c:/freescale/kds_3.0.0/toolchain/bin/../lib/gcc/arm-none-eabi/4.8.4/../../../../arm-none-eabi/lib/armv7e-m/fpu\libnosys.a(write.o)
 .ARM.attributes
                0x0000100b       0x34 c:/freescale/kds_3.0.0/toolchain/bin/../lib/gcc/arm-none-eabi/4.8.4/../../../../arm-none-eabi/lib/armv7e-m/fpu\libnosys.a(_exit.o)
 .ARM.attributes
                0x0000103f       0x22 c:/freescale/kds_3.0.0/toolchain/bin/../lib/gcc/arm-none-eabi/4.8.4/armv7e-m/fpu/crtn.o
OUTPUT(Project.elf elf32-littlearm)

.debug_info     0x00000000     0x9b77
 .debug_info    0x00000000      0x20b ./Sources/FIFO.o
 .debug_info    0x0000020b      0x797 ./Sources/FTM.o
 .debug_info    0x000009a2      0x974 ./Sources/Flash.o
 .debug_info    0x00001316      0x8fb ./Sources/I2C.o
 .debug_info    0x00001c11      0x490 ./Sources/LEDs.o
 .debug_info    0x000020a1      0x5d0 ./Sources/PIT.o
 .debug_info    0x00002671      0x632 ./Sources/RTC.o
 .debug_info    0x00002ca3      0xa80 ./Sources/UART.o
 .debug_info    0x00003723      0x9af ./Sources/accel.o
 .debug_info    0x000040d2      0x7b1 ./Sources/kiss_fft.o
 .debug_info    0x00004883      0xb8b ./Sources/kiss_fftr.o
 .debug_info    0x0000540e     0x1720 ./Sources/main.o
 .debug_info    0x00006b2e      0x2ff ./Sources/packet.o
 .debug_info    0x00006e2d      0x3b0 ./Project_Settings/Startup_Code/startup.o
 .debug_info    0x000071dd      0xc82 ./Generated_Code/Cpu.o
 .debug_info    0x00007e5f      0x14c ./Generated_Code/Vectors.o
 .debug_info    0x00007fab      0xd02 D:\Embedded Software US\es18aut13\Project\Library\libOS.a(OS.o)
 .debug_info    0x00008cad      0x46a D:\Embedded Software US\es18aut13\Project\Library\libAnalog.a(analog.o)
 .debug_info    0x00009117      0xa60 D:\Embedded Software US\es18aut13\Project\Library\libAnalog.a(SPI.o)

.debug_abbrev   0x00000000     0x2047
 .debug_abbrev  0x00000000       0xce ./Sources/FIFO.o
 .debug_abbrev  0x000000ce      0x1d2 ./Sources/FTM.o
 .debug_abbrev  0x000002a0      0x23c ./Sources/Flash.o
 .debug_abbrev  0x000004dc      0x1fb ./Sources/I2C.o
 .debug_abbrev  0x000006d7      0x144 ./Sources/LEDs.o
 .debug_abbrev  0x0000081b      0x188 ./Sources/PIT.o
 .debug_abbrev  0x000009a3      0x168 ./Sources/RTC.o
 .debug_abbrev  0x00000b0b      0x232 ./Sources/UART.o
 .debug_abbrev  0x00000d3d      0x207 ./Sources/accel.o
 .debug_abbrev  0x00000f44      0x1dd ./Sources/kiss_fft.o
 .debug_abbrev  0x00001121      0x1f3 ./Sources/kiss_fftr.o
 .debug_abbrev  0x00001314      0x268 ./Sources/main.o
 .debug_abbrev  0x0000157c       0xec ./Sources/packet.o
 .debug_abbrev  0x00001668      0x189 ./Project_Settings/Startup_Code/startup.o
 .debug_abbrev  0x000017f1      0x185 ./Generated_Code/Cpu.o
 .debug_abbrev  0x00001976       0xb3 ./Generated_Code/Vectors.o
 .debug_abbrev  0x00001a29      0x2f8 D:\Embedded Software US\es18aut13\Project\Library\libOS.a(OS.o)
 .debug_abbrev  0x00001d21      0x151 D:\Embedded Software US\es18aut13\Project\Library\libAnalog.a(analog.o)
 .debug_abbrev  0x00001e72      0x1d5 D:\Embedded Software US\es18aut13\Project\Library\libAnalog.a(SPI.o)

.debug_aranges  0x00000000      0x6c8
 .debug_aranges
                0x00000000       0x30 ./Sources/FIFO.o
 .debug_aranges
                0x00000030       0x38 ./Sources/FTM.o
 .debug_aranges
                0x00000068       0x90 ./Sources/Flash.o
 .debug_aranges
                0x000000f8       0x70 ./Sources/I2C.o
 .debug_aranges
                0x00000168       0x38 ./Sources/LEDs.o
 .debug_aranges
                0x000001a0       0x38 ./Sources/PIT.o
 .debug_aranges
                0x000001d8       0x38 ./Sources/RTC.o
 .debug_aranges
                0x00000210       0x48 ./Sources/UART.o
 .debug_aranges
                0x00000258       0x38 ./Sources/accel.o
 .debug_aranges
                0x00000290       0x78 ./Sources/kiss_fft.o
 .debug_aranges
                0x00000308       0x30 ./Sources/kiss_fftr.o
 .debug_aranges
                0x00000338      0x168 ./Sources/main.o
 .debug_aranges
                0x000004a0       0x30 ./Sources/packet.o
 .debug_aranges
                0x000004d0       0x50 ./Project_Settings/Startup_Code/startup.o
 .debug_aranges
                0x00000520       0x38 ./Generated_Code/Cpu.o
 .debug_aranges
                0x00000558       0x18 ./Generated_Code/Vectors.o
 .debug_aranges
                0x00000570       0xc8 D:\Embedded Software US\es18aut13\Project\Library\libOS.a(OS.o)
 .debug_aranges
                0x00000638       0x38 D:\Embedded Software US\es18aut13\Project\Library\libAnalog.a(analog.o)
 .debug_aranges
                0x00000670       0x58 D:\Embedded Software US\es18aut13\Project\Library\libAnalog.a(SPI.o)

.debug_ranges   0x00000000      0x590
 .debug_ranges  0x00000000       0x20 ./Sources/FIFO.o
 .debug_ranges  0x00000020       0x28 ./Sources/FTM.o
 .debug_ranges  0x00000048       0x80 ./Sources/Flash.o
 .debug_ranges  0x000000c8       0x60 ./Sources/I2C.o
 .debug_ranges  0x00000128       0x28 ./Sources/LEDs.o
 .debug_ranges  0x00000150       0x28 ./Sources/PIT.o
 .debug_ranges  0x00000178       0x28 ./Sources/RTC.o
 .debug_ranges  0x000001a0       0x38 ./Sources/UART.o
 .debug_ranges  0x000001d8       0x28 ./Sources/accel.o
 .debug_ranges  0x00000200       0x68 ./Sources/kiss_fft.o
 .debug_ranges  0x00000268       0x20 ./Sources/kiss_fftr.o
 .debug_ranges  0x00000288      0x158 ./Sources/main.o
 .debug_ranges  0x000003e0       0x20 ./Sources/packet.o
 .debug_ranges  0x00000400       0x40 ./Project_Settings/Startup_Code/startup.o
 .debug_ranges  0x00000440       0x28 ./Generated_Code/Cpu.o
 .debug_ranges  0x00000468       0xb8 D:\Embedded Software US\es18aut13\Project\Library\libOS.a(OS.o)
 .debug_ranges  0x00000520       0x28 D:\Embedded Software US\es18aut13\Project\Library\libAnalog.a(analog.o)
 .debug_ranges  0x00000548       0x48 D:\Embedded Software US\es18aut13\Project\Library\libAnalog.a(SPI.o)

.debug_macro    0x00000000    0x1b34a
 .debug_macro   0x00000000       0xaf ./Sources/FIFO.o
 .debug_macro   0x000000af       0x22 ./Sources/FIFO.o
 .debug_macro   0x000000d1       0x3c ./Sources/FIFO.o
 .debug_macro   0x0000010d     0x1800 ./Sources/FIFO.o
 .debug_macro   0x0000190d       0xa9 ./Sources/FTM.o
 .debug_macro   0x000019b6       0x7f ./Sources/Flash.o
 .debug_macro   0x00001a35       0x16 ./Sources/Flash.o
 .debug_macro   0x00001a4b    0x174af ./Sources/Flash.o
 .debug_macro   0x00018efa       0x16 ./Sources/Flash.o
 .debug_macro   0x00018f10       0xad ./Sources/I2C.o
 .debug_macro   0x00018fbd       0x6d ./Sources/LEDs.o
 .debug_macro   0x0001902a       0xbc ./Sources/PIT.o
 .debug_macro   0x000190e6       0x10 ./Sources/PIT.o
 .debug_macro   0x000190f6       0xa9 ./Sources/RTC.o
 .debug_macro   0x0001919f       0xbd ./Sources/UART.o
 .debug_macro   0x0001925c      0x211 ./Sources/accel.o
 .debug_macro   0x0001946d       0x9a ./Sources/accel.o
 .debug_macro   0x00019507      0x198 ./Sources/kiss_fft.o
 .debug_macro   0x0001969f       0x58 ./Sources/kiss_fft.o
 .debug_macro   0x000196f7       0x35 ./Sources/kiss_fft.o
 .debug_macro   0x0001972c       0xa3 ./Sources/kiss_fft.o
 .debug_macro   0x000197cf       0x16 ./Sources/kiss_fft.o
 .debug_macro   0x000197e5      0x10e ./Sources/kiss_fft.o
 .debug_macro   0x000198f3       0x7f ./Sources/kiss_fft.o
 .debug_macro   0x00019972       0x4a ./Sources/kiss_fft.o
 .debug_macro   0x000199bc       0x52 ./Sources/kiss_fft.o
 .debug_macro   0x00019a0e       0x16 ./Sources/kiss_fft.o
 .debug_macro   0x00019a24       0x43 ./Sources/kiss_fft.o
 .debug_macro   0x00019a67      0x180 ./Sources/kiss_fft.o
 .debug_macro   0x00019be7       0x22 ./Sources/kiss_fft.o
 .debug_macro   0x00019c09       0x1c ./Sources/kiss_fft.o
 .debug_macro   0x00019c25       0x35 ./Sources/kiss_fft.o
 .debug_macro   0x00019c5a       0x10 ./Sources/kiss_fft.o
 .debug_macro   0x00019c6a       0x10 ./Sources/kiss_fft.o
 .debug_macro   0x00019c7a       0x22 ./Sources/kiss_fft.o
 .debug_macro   0x00019c9c       0xbd ./Sources/kiss_fft.o
 .debug_macro   0x00019d59       0x16 ./Sources/kiss_fft.o
 .debug_macro   0x00019d6f      0x14a ./Sources/kiss_fft.o
 .debug_macro   0x00019eb9       0xde ./Sources/kiss_fft.o
 .debug_macro   0x00019f97      0x2a6 ./Sources/kiss_fft.o
 .debug_macro   0x0001a23d       0x10 ./Sources/kiss_fft.o
 .debug_macro   0x0001a24d       0x22 ./Sources/kiss_fft.o
 .debug_macro   0x0001a26f       0x2b ./Sources/kiss_fft.o
 .debug_macro   0x0001a29a       0xee ./Sources/kiss_fft.o
 .debug_macro   0x0001a388       0x71 ./Sources/kiss_fft.o
 .debug_macro   0x0001a3f9      0x1a8 ./Sources/kiss_fftr.o
 .debug_macro   0x0001a5a1      0x2d4 ./Sources/main.o
 .debug_macro   0x0001a875       0x10 ./Sources/main.o
 .debug_macro   0x0001a885       0x3a ./Sources/main.o
 .debug_macro   0x0001a8bf      0x166 ./Sources/main.o
 .debug_macro   0x0001aa25       0x10 ./Sources/main.o
 .debug_macro   0x0001aa35       0xc2 ./Sources/packet.o
 .debug_macro   0x0001aaf7      0x121 ./Project_Settings/Startup_Code/startup.o
 .debug_macro   0x0001ac18      0x20f ./Project_Settings/Startup_Code/startup.o
 .debug_macro   0x0001ae27       0x84 ./Generated_Code/Cpu.o
 .debug_macro   0x0001aeab       0xa0 ./Generated_Code/Cpu.o
 .debug_macro   0x0001af4b       0xf5 ./Generated_Code/Vectors.o
 .debug_macro   0x0001b040       0x36 ./Generated_Code/Vectors.o
 .debug_macro   0x0001b076       0xa3 D:\Embedded Software US\es18aut13\Project\Library\libOS.a(OS.o)
 .debug_macro   0x0001b119       0x94 D:\Embedded Software US\es18aut13\Project\Library\libOS.a(OS.o)
 .debug_macro   0x0001b1ad       0x30 D:\Embedded Software US\es18aut13\Project\Library\libOS.a(OS.o)
 .debug_macro   0x0001b1dd       0xf5 D:\Embedded Software US\es18aut13\Project\Library\libAnalog.a(analog.o)
 .debug_macro   0x0001b2d2       0x10 D:\Embedded Software US\es18aut13\Project\Library\libAnalog.a(analog.o)
 .debug_macro   0x0001b2e2       0x68 D:\Embedded Software US\es18aut13\Project\Library\libAnalog.a(SPI.o)

.debug_line     0x00000000     0x4662
 .debug_line    0x00000000      0x2c5 ./Sources/FIFO.o
 .debug_line    0x000002c5      0x307 ./Sources/FTM.o
 .debug_line    0x000005cc      0x394 ./Sources/Flash.o
 .debug_line    0x00000960      0x3f9 ./Sources/I2C.o
 .debug_line    0x00000d59      0x225 ./Sources/LEDs.o
 .debug_line    0x00000f7e      0x332 ./Sources/PIT.o
 .debug_line    0x000012b0      0x2ea ./Sources/RTC.o
 .debug_line    0x0000159a      0x341 ./Sources/UART.o
 .debug_line    0x000018db      0x329 ./Sources/accel.o
 .debug_line    0x00001c04      0x61b ./Sources/kiss_fft.o
 .debug_line    0x0000221f      0x418 ./Sources/kiss_fftr.o
 .debug_line    0x00002637      0xace ./Sources/main.o
 .debug_line    0x00003105      0x2de ./Sources/packet.o
 .debug_line    0x000033e3      0x3d4 ./Project_Settings/Startup_Code/startup.o
 .debug_line    0x000037b7      0x27b ./Generated_Code/Cpu.o
 .debug_line    0x00003a32      0x2c7 ./Generated_Code/Vectors.o
 .debug_line    0x00003cf9      0x496 D:\Embedded Software US\es18aut13\Project\Library\libOS.a(OS.o)
 .debug_line    0x0000418f      0x200 D:\Embedded Software US\es18aut13\Project\Library\libAnalog.a(analog.o)
 .debug_line    0x0000438f      0x2d3 D:\Embedded Software US\es18aut13\Project\Library\libAnalog.a(SPI.o)

.debug_str      0x00000000    0x91e6e
 .debug_str     0x00000000    0x8a66f ./Sources/FIFO.o
                              0x8a7fe (size before relaxing)
 .debug_str     0x0008a66f      0x3b0 ./Sources/FTM.o
                              0x8ab40 (size before relaxing)
 .debug_str     0x0008aa1f      0x301 ./Sources/Flash.o
                              0x83200 (size before relaxing)
 .debug_str     0x0008ad20      0x222 ./Sources/I2C.o
                              0x8ab06 (size before relaxing)
 .debug_str     0x0008af42       0xa6 ./Sources/LEDs.o
                              0x82eec (size before relaxing)
 .debug_str     0x0008afe8      0x109 ./Sources/PIT.o
                              0x8a9c9 (size before relaxing)
 .debug_str     0x0008b0f1       0x9d ./Sources/RTC.o
                              0x8a96b (size before relaxing)
 .debug_str     0x0008b18e      0x235 ./Sources/UART.o
                              0x8abb0 (size before relaxing)
 .debug_str     0x0008b3c3      0xa39 ./Sources/accel.o
                              0x8b4f2 (size before relaxing)
 .debug_str     0x0008bdfc     0x3eba ./Sources/kiss_fft.o
                               0x65de (size before relaxing)
 .debug_str     0x0008fcb6      0x452 ./Sources/kiss_fftr.o
                               0x6938 (size before relaxing)
 .debug_str     0x00090108      0xd05 ./Sources/main.o
                              0x8effd (size before relaxing)
 .debug_str     0x00090e0d       0x4f ./Sources/packet.o
                              0x8aa8d (size before relaxing)
 .debug_str     0x00090e5c      0x182 ./Project_Settings/Startup_Code/startup.o
                              0x853f0 (size before relaxing)
 .debug_str     0x00090fde      0x1e3 ./Generated_Code/Cpu.o
                              0x8aa21 (size before relaxing)
 .debug_str     0x000911c1       0x1c ./Generated_Code/Vectors.o
                              0x8a854 (size before relaxing)
 .debug_str     0x000911dd      0x39a D:\Embedded Software US\es18aut13\Project\Library\libOS.a(OS.o)
                              0x8ad2a (size before relaxing)
 .debug_str     0x00091577      0x55a D:\Embedded Software US\es18aut13\Project\Library\libAnalog.a(analog.o)
                               0x3866 (size before relaxing)
 .debug_str     0x00091ad1      0x39d D:\Embedded Software US\es18aut13\Project\Library\libAnalog.a(SPI.o)
                              0x83389 (size before relaxing)

.comment        0x00000000       0x70
 .comment       0x00000000       0x70 ./Sources/FIFO.o
                                 0x71 (size before relaxing)
 .comment       0x00000000       0x71 ./Sources/FTM.o
 .comment       0x00000000       0x71 ./Sources/Flash.o
 .comment       0x00000000       0x71 ./Sources/I2C.o
 .comment       0x00000000       0x71 ./Sources/LEDs.o
 .comment       0x00000000       0x71 ./Sources/PIT.o
 .comment       0x00000000       0x71 ./Sources/RTC.o
 .comment       0x00000000       0x71 ./Sources/UART.o
 .comment       0x00000000       0x71 ./Sources/accel.o
 .comment       0x00000000       0x71 ./Sources/kiss_fft.o
 .comment       0x00000000       0x71 ./Sources/kiss_fftr.o
 .comment       0x00000000       0x71 ./Sources/main.o
 .comment       0x00000000       0x71 ./Sources/packet.o
 .comment       0x00000000       0x71 ./Project_Settings/Startup_Code/startup.o
 .comment       0x00000000       0x71 ./Generated_Code/Cpu.o
 .comment       0x00000000       0x71 ./Generated_Code/Vectors.o
 .comment       0x00000000       0x71 D:\Embedded Software US\es18aut13\Project\Library\libOS.a(OS.o)
 .comment       0x00000000       0x71 D:\Embedded Software US\es18aut13\Project\Library\libAnalog.a(analog.o)
 .comment       0x00000000       0x71 D:\Embedded Software US\es18aut13\Project\Library\libAnalog.a(SPI.o)

.debug_frame    0x00000000     0x1e7c
 .debug_frame   0x00000000       0x70 ./Sources/FIFO.o
 .debug_frame   0x00000070       0x88 ./Sources/FTM.o
 .debug_frame   0x000000f8      0x1f8 ./Sources/Flash.o
 .debug_frame   0x000002f0      0x148 ./Sources/I2C.o
 .debug_frame   0x00000438       0x7c ./Sources/LEDs.o
 .debug_frame   0x000004b4       0x8c ./Sources/PIT.o
 .debug_frame   0x00000540       0x8c ./Sources/RTC.o
 .debug_frame   0x000005cc       0xd4 ./Sources/UART.o
 .debug_frame   0x000006a0       0x94 ./Sources/accel.o
 .debug_frame   0x00000734      0x180 ./Sources/kiss_fft.o
 .debug_frame   0x000008b4       0x74 ./Sources/kiss_fftr.o
 .debug_frame   0x00000928      0x53c ./Sources/main.o
 .debug_frame   0x00000e64       0x70 ./Sources/packet.o
 .debug_frame   0x00000ed4       0xc0 ./Project_Settings/Startup_Code/startup.o
 .debug_frame   0x00000f94       0x80 ./Generated_Code/Cpu.o
 .debug_frame   0x00001014      0x2a0 D:\Embedded Software US\es18aut13\Project\Library\libOS.a(OS.o)
 .debug_frame   0x000012b4       0x90 D:\Embedded Software US\es18aut13\Project\Library\libAnalog.a(analog.o)
 .debug_frame   0x00001344      0x100 D:\Embedded Software US\es18aut13\Project\Library\libAnalog.a(SPI.o)
 .debug_frame   0x00001444       0x28 c:/freescale/kds_3.0.0/toolchain/bin/../lib/gcc/arm-none-eabi/4.8.4/../../../../arm-none-eabi/lib/armv7e-m/fpu\libm.a(lib_a-s_cos.o)
 .debug_frame   0x0000146c       0x38 c:/freescale/kds_3.0.0/toolchain/bin/../lib/gcc/arm-none-eabi/4.8.4/../../../../arm-none-eabi/lib/armv7e-m/fpu\libm.a(lib_a-s_floor.o)
 .debug_frame   0x000014a4       0x28 c:/freescale/kds_3.0.0/toolchain/bin/../lib/gcc/arm-none-eabi/4.8.4/../../../../arm-none-eabi/lib/armv7e-m/fpu\libm.a(lib_a-s_sin.o)
 .debug_frame   0x000014cc       0x20 c:/freescale/kds_3.0.0/toolchain/bin/../lib/gcc/arm-none-eabi/4.8.4/../../../../arm-none-eabi/lib/armv7e-m/fpu\libm.a(lib_a-sf_round.o)
 .debug_frame   0x000014ec       0x38 c:/freescale/kds_3.0.0/toolchain/bin/../lib/gcc/arm-none-eabi/4.8.4/../../../../arm-none-eabi/lib/armv7e-m/fpu\libm.a(lib_a-w_sqrt.o)
 .debug_frame   0x00001524       0x38 c:/freescale/kds_3.0.0/toolchain/bin/../lib/gcc/arm-none-eabi/4.8.4/../../../../arm-none-eabi/lib/armv7e-m/fpu\libm.a(lib_a-e_rem_pio2.o)
 .debug_frame   0x0000155c       0x3c c:/freescale/kds_3.0.0/toolchain/bin/../lib/gcc/arm-none-eabi/4.8.4/../../../../arm-none-eabi/lib/armv7e-m/fpu\libm.a(lib_a-e_sqrt.o)
 .debug_frame   0x00001598       0x40 c:/freescale/kds_3.0.0/toolchain/bin/../lib/gcc/arm-none-eabi/4.8.4/../../../../arm-none-eabi/lib/armv7e-m/fpu\libm.a(lib_a-k_cos.o)
 .debug_frame   0x000015d8       0x3c c:/freescale/kds_3.0.0/toolchain/bin/../lib/gcc/arm-none-eabi/4.8.4/../../../../arm-none-eabi/lib/armv7e-m/fpu\libm.a(lib_a-k_rem_pio2.o)
 .debug_frame   0x00001614       0x40 c:/freescale/kds_3.0.0/toolchain/bin/../lib/gcc/arm-none-eabi/4.8.4/../../../../arm-none-eabi/lib/armv7e-m/fpu\libm.a(lib_a-k_sin.o)
 .debug_frame   0x00001654       0x20 c:/freescale/kds_3.0.0/toolchain/bin/../lib/gcc/arm-none-eabi/4.8.4/../../../../arm-none-eabi/lib/armv7e-m/fpu\libm.a(lib_a-s_fabs.o)
 .debug_frame   0x00001674       0x28 c:/freescale/kds_3.0.0/toolchain/bin/../lib/gcc/arm-none-eabi/4.8.4/../../../../arm-none-eabi/lib/armv7e-m/fpu\libm.a(lib_a-s_fpclassify.o)
 .debug_frame   0x0000169c       0x20 c:/freescale/kds_3.0.0/toolchain/bin/../lib/gcc/arm-none-eabi/4.8.4/../../../../arm-none-eabi/lib/armv7e-m/fpu\libm.a(lib_a-s_matherr.o)
 .debug_frame   0x000016bc       0x2c c:/freescale/kds_3.0.0/toolchain/bin/../lib/gcc/arm-none-eabi/4.8.4/../../../../arm-none-eabi/lib/armv7e-m/fpu\libm.a(lib_a-s_scalbn.o)
 .debug_frame   0x000016e8       0x28 c:/freescale/kds_3.0.0/toolchain/bin/../lib/gcc/arm-none-eabi/4.8.4/../../../../arm-none-eabi/lib/armv7e-m/fpu\libm.a(lib_a-s_copysign.o)
 .debug_frame   0x00001710       0x50 c:/freescale/kds_3.0.0/toolchain/bin/../lib/gcc/arm-none-eabi/4.8.4/armv7e-m/fpu\libgcc.a(bpabi.o)
 .debug_frame   0x00001760       0x34 c:/freescale/kds_3.0.0/toolchain/bin/../lib/gcc/arm-none-eabi/4.8.4/armv7e-m/fpu\libgcc.a(_divdi3.o)
 .debug_frame   0x00001794       0x34 c:/freescale/kds_3.0.0/toolchain/bin/../lib/gcc/arm-none-eabi/4.8.4/armv7e-m/fpu\libgcc.a(_udivdi3.o)
 .debug_frame   0x000017c8       0x20 c:/freescale/kds_3.0.0/toolchain/bin/../lib/gcc/arm-none-eabi/4.8.4/../../../../arm-none-eabi/lib/armv7e-m/fpu\libg_s.a(lib_a-errno.o)
 .debug_frame   0x000017e8       0x28 c:/freescale/kds_3.0.0/toolchain/bin/../lib/gcc/arm-none-eabi/4.8.4/../../../../arm-none-eabi/lib/armv7e-m/fpu\libg_s.a(lib_a-exit.o)
 .debug_frame   0x00001810       0x54 c:/freescale/kds_3.0.0/toolchain/bin/../lib/gcc/arm-none-eabi/4.8.4/../../../../arm-none-eabi/lib/armv7e-m/fpu\libg_s.a(lib_a-fwrite.o)
 .debug_frame   0x00001864       0x2c c:/freescale/kds_3.0.0/toolchain/bin/../lib/gcc/arm-none-eabi/4.8.4/../../../../arm-none-eabi/lib/armv7e-m/fpu\libg_s.a(lib_a-init.o)
 .debug_frame   0x00001890       0x30 c:/freescale/kds_3.0.0/toolchain/bin/../lib/gcc/arm-none-eabi/4.8.4/../../../../arm-none-eabi/lib/armv7e-m/fpu\libg_s.a(lib_a-malloc.o)
 .debug_frame   0x000018c0       0x28 c:/freescale/kds_3.0.0/toolchain/bin/../lib/gcc/arm-none-eabi/4.8.4/../../../../arm-none-eabi/lib/armv7e-m/fpu\libg_s.a(lib_a-memcpy-stub.o)
 .debug_frame   0x000018e8       0x20 c:/freescale/kds_3.0.0/toolchain/bin/../lib/gcc/arm-none-eabi/4.8.4/../../../../arm-none-eabi/lib/armv7e-m/fpu\libg_s.a(lib_a-memset.o)
 .debug_frame   0x00001908       0x2c c:/freescale/kds_3.0.0/toolchain/bin/../lib/gcc/arm-none-eabi/4.8.4/../../../../arm-none-eabi/lib/armv7e-m/fpu\libg_s.a(lib_a-nano-freer.o)
 .debug_frame   0x00001934       0x2c c:/freescale/kds_3.0.0/toolchain/bin/../lib/gcc/arm-none-eabi/4.8.4/../../../../arm-none-eabi/lib/armv7e-m/fpu\libg_s.a(lib_a-nano-mallocr.o)