Archive member included because of file (symbol)

D:\Embedded Software US\es18aut13\Project\Library\libOS.a(OS.o)
                              ./Sources/main.o (OS_Init)
D:\Embedded Software US\es18aut13\Project\Library\libAnalog.a(analog.o)
                              ./Sources/main.o (Analog_Init)
D:\Embedded Software US\es18aut13\Project\Library\libAnalog.a(SPI.o)
                              D:\Embedded Software US\es18aut13\Project\Library\libAnalog.a(analog.o) (SPI_Init)
c:/freescale/kds_3.0.0/toolchain/bin/../lib/gcc/arm-none-eabi/4.8.4/../../../../arm-none-eabi/lib/armv7e-m/fpu\libm.a(lib_a-s_cos.o)
                              ./Sources/kiss_fft.o (cos)
c:/freescale/kds_3.0.0/toolchain/bin/../lib/gcc/arm-none-eabi/4.8.4/../../../../arm-none-eabi/lib/armv7e-m/fpu\libm.a(lib_a-s_floor.o)
                              ./Sources/kiss_fft.o (floor)
c:/freescale/kds_3.0.0/toolchain/bin/../lib/gcc/arm-none-eabi/4.8.4/../../../../arm-none-eabi/lib/armv7e-m/fpu\libm.a(lib_a-s_sin.o)
                              ./Sources/kiss_fft.o (sin)
c:/freescale/kds_3.0.0/toolchain/bin/../lib/gcc/arm-none-eabi/4.8.4/../../../../arm-none-eabi/lib/armv7e-m/fpu\libm.a(lib_a-sf_round.o)
                              ./Sources/main.o (roundf)
c:/freescale/kds_3.0.0/toolchain/bin/../lib/gcc/arm-none-eabi/4.8.4/../../../../arm-none-eabi/lib/armv7e-m/fpu\libm.a(lib_a-w_sqrt.o)
                              ./Sources/kiss_fft.o (sqrt)
c:/freescale/kds_3.0.0/toolchain/bin/../lib/gcc/arm-none-eabi/4.8.4/../../../../arm-none-eabi/lib/armv7e-m/fpu\libm.a(lib_a-wf_sqrt.o)
                              ./Sources/main.o (sqrtf)
c:/freescale/kds_3.0.0/toolchain/bin/../lib/gcc/arm-none-eabi/4.8.4/../../../../arm-none-eabi/lib/armv7e-m/fpu\libm.a(lib_a-e_rem_pio2.o)
                              c:/freescale/kds_3.0.0/toolchain/bin/../lib/gcc/arm-none-eabi/4.8.4/../../../../arm-none-eabi/lib/armv7e-m/fpu\libm.a(lib_a-s_cos.o) (__ieee754_rem_pio2)
c:/freescale/kds_3.0.0/toolchain/bin/../lib/gcc/arm-none-eabi/4.8.4/../../../../arm-none-eabi/lib/armv7e-m/fpu\libm.a(lib_a-e_sqrt.o)
                              c:/freescale/kds_3.0.0/toolchain/bin/../lib/gcc/arm-none-eabi/4.8.4/../../../../arm-none-eabi/lib/armv7e-m/fpu\libm.a(lib_a-w_sqrt.o) (__ieee754_sqrt)
c:/freescale/kds_3.0.0/toolchain/bin/../lib/gcc/arm-none-eabi/4.8.4/../../../../arm-none-eabi/lib/armv7e-m/fpu\libm.a(lib_a-ef_sqrt.o)
                              c:/freescale/kds_3.0.0/toolchain/bin/../lib/gcc/arm-none-eabi/4.8.4/../../../../arm-none-eabi/lib/armv7e-m/fpu\libm.a(lib_a-wf_sqrt.o) (__ieee754_sqrtf)
c:/freescale/kds_3.0.0/toolchain/bin/../lib/gcc/arm-none-eabi/4.8.4/../../../../arm-none-eabi/lib/armv7e-m/fpu\libm.a(lib_a-k_cos.o)
                              c:/freescale/kds_3.0.0/toolchain/bin/../lib/gcc/arm-none-eabi/4.8.4/../../../../arm-none-eabi/lib/armv7e-m/fpu\libm.a(lib_a-s_cos.o) (__kernel_cos)
c:/freescale/kds_3.0.0/toolchain/bin/../lib/gcc/arm-none-eabi/4.8.4/../../../../arm-none-eabi/lib/armv7e-m/fpu\libm.a(lib_a-k_rem_pio2.o)
                              c:/freescale/kds_3.0.0/toolchain/bin/../lib/gcc/arm-none-eabi/4.8.4/../../../../arm-none-eabi/lib/armv7e-m/fpu\libm.a(lib_a-e_rem_pio2.o) (__kernel_rem_pio2)
c:/freescale/kds_3.0.0/toolchain/bin/../lib/gcc/arm-none-eabi/4.8.4/../../../../arm-none-eabi/lib/armv7e-m/fpu\libm.a(lib_a-k_sin.o)
                              c:/freescale/kds_3.0.0/toolchain/bin/../lib/gcc/arm-none-eabi/4.8.4/../../../../arm-none-eabi/lib/armv7e-m/fpu\libm.a(lib_a-s_cos.o) (__kernel_sin)
c:/freescale/kds_3.0.0/toolchain/bin/../lib/gcc/arm-none-eabi/4.8.4/../../../../arm-none-eabi/lib/armv7e-m/fpu\libm.a(lib_a-s_fabs.o)
                              c:/freescale/kds_3.0.0/toolchain/bin/../lib/gcc/arm-none-eabi/4.8.4/../../../../arm-none-eabi/lib/armv7e-m/fpu\libm.a(lib_a-e_rem_pio2.o) (fabs)
c:/freescale/kds_3.0.0/toolchain/bin/../lib/gcc/arm-none-eabi/4.8.4/../../../../arm-none-eabi/lib/armv7e-m/fpu\libm.a(lib_a-s_fpclassify.o)
                              c:/freescale/kds_3.0.0/toolchain/bin/../lib/gcc/arm-none-eabi/4.8.4/../../../../arm-none-eabi/lib/armv7e-m/fpu\libm.a(lib_a-w_sqrt.o) (__fpclassifyd)
c:/freescale/kds_3.0.0/toolchain/bin/../lib/gcc/arm-none-eabi/4.8.4/../../../../arm-none-eabi/lib/armv7e-m/fpu\libm.a(lib_a-s_lib_ver.o)
                              c:/freescale/kds_3.0.0/toolchain/bin/../lib/gcc/arm-none-eabi/4.8.4/../../../../arm-none-eabi/lib/armv7e-m/fpu\libm.a(lib_a-w_sqrt.o) (__fdlib_version)
c:/freescale/kds_3.0.0/toolchain/bin/../lib/gcc/arm-none-eabi/4.8.4/../../../../arm-none-eabi/lib/armv7e-m/fpu\libm.a(lib_a-s_matherr.o)
                              c:/freescale/kds_3.0.0/toolchain/bin/../lib/gcc/arm-none-eabi/4.8.4/../../../../arm-none-eabi/lib/armv7e-m/fpu\libm.a(lib_a-w_sqrt.o) (matherr)
c:/freescale/kds_3.0.0/toolchain/bin/../lib/gcc/arm-none-eabi/4.8.4/../../../../arm-none-eabi/lib/armv7e-m/fpu\libm.a(lib_a-s_scalbn.o)
[...]
Memory Configuration

Name             Origin             Length             Attributes
m_interrupts     0x00000000         0x000001e8         xr
m_text           0x00000410         0x0007fbf0         xr
m_data           0x1fff0000         0x00010000         rw
m_data_20000000  0x20000000         0x00010000         rw
m_cfmprotrom     0x00000400         0x00000010         xr
*default*        0x00000000         0xffffffff

Linker script and memory map

LOAD c:/freescale/kds_3.0.0/toolchain/bin/../lib/gcc/arm-none-eabi/4.8.4/armv7e-m/fpu/crti.o
LOAD c:/freescale/kds_3.0.0/toolchain/bin/../lib/gcc/arm-none-eabi/4.8.4/armv7e-m/fpu/crtbegin.o
LOAD c:/freescale/kds_3.0.0/toolchain/bin/../lib/gcc/arm-none-eabi/4.8.4/../../../../arm-none-eabi/lib/armv7e-m/fpu/crt0.o
LOAD ./Sources/Events.o
LOAD ./Sources/FIFO.o
LOAD ./Sources/FTM.o
LOAD ./Sources/Flash.o
LOAD ./Sources/I2C.o
LOAD ./Sources/LEDs.o
LOAD ./Sources/PIT.o
LOAD ./Sources/RTC.o
LOAD ./Sources/UART.o
LOAD ./Sources/accel.o
LOAD ./Sources/kiss_fft.o
LOAD ./Sources/kiss_fftr.o
LOAD ./Sources/main.o
LOAD ./Sources/main_sample.o
LOAD ./Sources/median.o
LOAD ./Sources/packet.o
LOAD ./Project_Settings/Startup_Code/startup.o
LOAD ./Generated_Code/Cpu.o
LOAD ./Generated_Code/Vectors.o
LOAD D:\Embedded Software US\es18aut13\Project\Library\libOS.a
LOAD D:\Embedded Software US\es18aut13\Project\Library\libAnalog.a
LOAD c:/freescale/kds_3.0.0/toolchain/bin/../lib/gcc/arm-none-eabi/4.8.4/../../../../arm-none-eabi/lib/armv7e-m/fpu\libstdc++_s.a
LOAD c:/freescale/kds_3.0.0/toolchain/bin/../lib/gcc/arm-none-eabi/4.8.4/../../../../arm-none-eabi/lib/armv7e-m/fpu\libm.a
START GROUP
LOAD c:/freescale/kds_3.0.0/toolchain/bin/../lib/gcc/arm-none-eabi/4.8.4/armv7e-m/fpu\libgcc.a
LOAD c:/freescale/kds_3.0.0/toolchain/bin/../lib/gcc/arm-none-eabi/4.8.4/../../../../arm-none-eabi/lib/armv7e-m/fpu\libg_s.a
LOAD c:/freescale/kds_3.0.0/toolchain/bin/../lib/gcc/arm-none-eabi/4.8.4/../../../../arm-none-eabi/lib/armv7e-m/fpu\libc_s.a
END GROUP
START GROUP
LOAD c:/freescale/kds_3.0.0/toolchain/bin/../lib/gcc/arm-none-eabi/4.8.4/armv7e-m/fpu\libgcc.a
LOAD c:/freescale/kds_3.0.0/toolchain/bin/../lib/gcc/arm-none-eabi/4.8.4/../../../../arm-none-eabi/lib/armv7e-m/fpu\libc_s.a
LOAD c:/freescale/kds_3.0.0/toolchain/bin/../lib/gcc/arm-none-eabi/4.8.4/../../../../arm-none-eabi/lib/armv7e-m/fpu\libnosys.a
END GROUP
START GROUP
LOAD c:/freescale/kds_3.0.0/toolchain/bin/../lib/gcc/arm-none-eabi/4.8.4/armv7e-m/fpu\libgcc.a
LOAD c:/freescale/kds_3.0.0/toolchain/bin/../lib/gcc/arm-none-eabi/4.8.4/../../../../arm-none-eabi/lib/armv7e-m/fpu\libc_s.a
LOAD c:/freescale/kds_3.0.0/toolchain/bin/../lib/gcc/arm-none-eabi/4.8.4/../../../../arm-none-eabi/lib/armv7e-m/fpu\libnosys.a
END GROUP
LOAD c:/freescale/kds_3.0.0/toolchain/bin/../lib/gcc/arm-none-eabi/4.8.4/armv7e-m/fpu/crtend.o
LOAD c:/freescale/kds_3.0.0/toolchain/bin/../lib/gcc/arm-none-eabi/4.8.4/armv7e-m/fpu/crtn.o
                0x20000000                _estack = 0x20000000
                0x20000000                __SP_INIT = _estack
                0x20000000                __stack = _estack
                0x00000000                __heap_size = 0x0
                0x00000400                __stack_size = 0x400

.interrupts     0x00000000      0x1e8
                0x00000000                __vector_table = .
                0x00000000                . = ALIGN (0x4)
 *(.vectortable)
 .vectortable   0x00000000      0x1e8 ./Generated_Code/Vectors.o
                0x00000000                __vect_table
                0x000001e8                . = ALIGN (0x4)

.cfmprotect     0x00000400       0x10
                0x00000400                . = ALIGN (0x4)
 *(.cfmconfig)
 .cfmconfig     0x00000400       0x10 ./Generated_Code/Cpu.o
                0x00000400                _cfm
                0x00000410                . = ALIGN (0x4)

.text           0x00000410     0x8cb8
                0x00000410                . = ALIGN (0x4)
 *(.text)
 .text          0x00000410       0x54 c:/freescale/kds_3.0.0/toolchain/bin/../lib/gcc/arm-none-eabi/4.8.4/armv7e-m/fpu/crtbegin.o
 .text          0x00000464       0x74 c:/freescale/kds_3.0.0/toolchain/bin/../lib/gcc/arm-none-eabi/4.8.4/../../../../arm-none-eabi/lib/armv7e-m/fpu/crt0.o
                0x00000464                _start
                0x00000464                _mainCRTStartup
 .text          0x000004d8      0x370 c:/freescale/kds_3.0.0/toolchain/bin/../lib/gcc/arm-none-eabi/4.8.4/armv7e-m/fpu\libgcc.a(_arm_addsubdf3.o)
                0x000004d8                __aeabi_drsub
                0x000004e0                __aeabi_dsub
                0x000004e0                __subdf3
                0x000004e4                __aeabi_dadd
                0x000004e4                __adddf3
                0x0000075c                __floatunsidf
                0x0000075c                __aeabi_ui2d
                0x0000077c                __floatsidf
                0x0000077c                __aeabi_i2d
                0x000007a0                __aeabi_f2d
                0x000007a0                __extendsfdf2
                0x000007dc                __floatundidf
                0x000007dc                __aeabi_ul2d
                0x000007ec                __floatdidf
                0x000007ec                __aeabi_l2d
 .text          0x00000848      0x424 c:/freescale/kds_3.0.0/toolchain/bin/../lib/gcc/arm-none-eabi/4.8.4/armv7e-m/fpu\libgcc.a(_arm_muldivdf3.o)
                0x00000848                __aeabi_dmul
                0x00000848                __muldf3
                0x00000a9c                __divdf3
                0x00000a9c                __aeabi_ddiv
 .text          0x00000c6c      0x110 c:/freescale/kds_3.0.0/toolchain/bin/../lib/gcc/arm-none-eabi/4.8.4/armv7e-m/fpu\libgcc.a(_arm_cmpdf2.o)
                0x00000c6c                __gtdf2
                0x00000c6c                __gedf2
                0x00000c74                __ltdf2
                0x00000c74                __ledf2
                0x00000c7c                __nedf2
                0x00000c7c                __eqdf2
                0x00000c7c                __cmpdf2
                0x00000cf8                __aeabi_cdrcmple
                0x00000d08                __aeabi_cdcmpeq
                0x00000d08                __aeabi_cdcmple
                0x00000d18                __aeabi_dcmpeq
                0x00000d2c                __aeabi_dcmplt
                0x00000d40                __aeabi_dcmple
                0x00000d54                __aeabi_dcmpge
                0x00000d68                __aeabi_dcmpgt
 .text          0x00000d7c       0x50 c:/freescale/kds_3.0.0/toolchain/bin/../lib/gcc/arm-none-eabi/4.8.4/armv7e-m/fpu\libgcc.a(_arm_fixdfsi.o)
                0x00000d7c                __aeabi_d2iz
                0x00000d7c                __fixdfsi
 .text          0x00000dcc       0x40 c:/freescale/kds_3.0.0/toolchain/bin/../lib/gcc/arm-none-eabi/4.8.4/armv7e-m/fpu\libgcc.a(_arm_fixunsdfsi.o)
                0x00000dcc                __aeabi_d2uiz
                0x00000dcc                __fixunsdfsi
 .text          0x00000e0c       0xa0 c:/freescale/kds_3.0.0/toolchain/bin/../lib/gcc/arm-none-eabi/4.8.4/armv7e-m/fpu\libgcc.a(_arm_truncdfsf2.o)
                0x00000e0c                __truncdfsf2
                0x00000e0c                __aeabi_d2f
 .text          0x00000eac      0x21c c:/freescale/kds_3.0.0/toolchain/bin/../lib/gcc/arm-none-eabi/4.8.4/armv7e-m/fpu\libgcc.a(_arm_addsubsf3.o)
                0x00000eac                __aeabi_frsub
                0x00000eb4                __subsf3
                0x00000eb4                __aeabi_fsub
                0x00000eb8                __aeabi_fadd
                0x00000eb8                __addsf3
                0x00001018                __aeabi_ui2f
                0x00001018                __floatunsisf
                0x00001020                __aeabi_i2f
                0x00001020                __floatsisf
                0x0000103c                __aeabi_ul2f
                0x0000103c                __floatundisf
                0x0000104c                __aeabi_l2f
                0x0000104c                __floatdisf
 .text          0x000010c8       0x48 c:/freescale/kds_3.0.0/toolchain/bin/../lib/gcc/arm-none-eabi/4.8.4/armv7e-m/fpu\libgcc.a(_fixunssfdi.o)
                0x000010c8                __fixunssfdi
                0x000010c8                __aeabi_f2ulz
 *(.text*)
 .text.FIFO_Init
                0x00001110       0x38 ./Sources/FIFO.o
                0x00001110                FIFO_Init
 .text.FIFO_Put
                0x00001148       0x58 ./Sources/FIFO.o
                0x00001148                FIFO_Put
 .text.FIFO_Get
                0x000011a0       0x58 ./Sources/FIFO.o
                0x000011a0                FIFO_Get
 .text.FTM_Init
                0x000011f8       0xfc ./Sources/FTM.o
                0x000011f8                FTM_Init
 .text.FTM_Set  0x000012f4       0xe4 ./Sources/FTM.o
                0x000012f4                FTM_Set
 .text.FTM_StartTimer
                0x000013d8       0x78 ./Sources/FTM.o
                0x000013d8                FTM_StartTimer
 .text.FTM0_ISR
                0x00001450       0x98 ./Sources/FTM.o
                0x00001450                FTM0_ISR
 .text.Write32  0x000014e8       0x58 ./Sources/Flash.o
 .text.Write16  0x00001540       0x60 ./Sources/Flash.o
 .text.Write8   0x000015a0       0x60 ./Sources/Flash.o
 .text.LaunchCommand
                0x00001600       0xa4 ./Sources/Flash.o
 .text.Flash_Init
                0x000016a4       0x4c ./Sources/Flash.o
                0x000016a4                Flash_Init
 .text.Flash_AllocateVar
                0x000016f0       0x90 ./Sources/Flash.o
                0x000016f0                Flash_AllocateVar
 .text.Flash_Erase
                0x00001780       0x14 ./Sources/Flash.o
                0x00001780                Flash_Erase
 .text.WritePhrase
                0x00001794       0xe8 ./Sources/Flash.o
 .text.EraseSector
                0x0000187c       0x38 ./Sources/Flash.o
 .text.Flash_Write
                0x000018b4       0x78 ./Sources/Flash.o
                0x000018b4                Flash_Write
 .text._FB      0x0000192c       0x34 ./Sources/Flash.o
                0x0000192c                _FB
 .text._FH      0x00001960       0x34 ./Sources/Flash.o
                0x00001960                _FH
 .text.Flash_ISR
                0x00001994       0x40 ./Sources/Flash.o
                0x00001994                Flash_ISR
 .text.StopCondition
                0x000019d4       0x20 ./Sources/I2C.o
 .text.RepeatCondition
                0x000019f4       0x20 ./Sources/I2C.o
 .text.I2C_ISR  0x00001a14      0x1ac ./Sources/I2C.o
                0x00001a14                I2C_ISR
 .text.LEDs_Init
                0x00001bc0       0xd4 ./Sources/LEDs.o
                0x00001bc0                LEDs_Init
 .text.LEDs_On  0x00001c94       0x24 ./Sources/LEDs.o
                0x00001c94                LEDs_On
 .text.LEDs_Off
                0x00001cb8       0x24 ./Sources/LEDs.o
                0x00001cb8                LEDs_Off
 .text.LEDs_Toggle
                0x00001cdc       0x24 ./Sources/LEDs.o
                0x00001cdc                LEDs_Toggle
 .text.PIT_Init
                0x00001d00       0xdc ./Sources/PIT.o
                0x00001d00                PIT_Init
 .text.PIT_Set  0x00001ddc       0x5c ./Sources/PIT.o
                0x00001ddc                PIT_Set
 .text.PIT_Enable
                0x00001e38       0x40 ./Sources/PIT.o
                0x00001e38                PIT_Enable
 .text.PIT_ISR  0x00001e78       0x48 ./Sources/PIT.o
                0x00001e78                PIT_ISR
 .text.RTC_Init
                0x00001ec0       0xe8 ./Sources/RTC.o
                0x00001ec0                RTC_Init
 .text.RTC_Set  0x00001fa8       0x5c ./Sources/RTC.o
                0x00001fa8                RTC_Set
 .text.RTC_Get  0x00002004       0x9c ./Sources/RTC.o
                0x00002004                RTC_Get
 .text.RTC_ISR  0x000020a0       0x2c ./Sources/RTC.o
                0x000020a0                RTC_ISR
 .text.RxUARTThread
                0x000020cc       0x30 ./Sources/UART.o
 .text.TxUARTThread
                0x000020fc       0x50 ./Sources/UART.o
 .text.UART_Init
                0x0000214c      0x1c8 ./Sources/UART.o
                0x0000214c                UART_Init
 .text.UART_InChar
                0x00002314       0x1c ./Sources/UART.o
                0x00002314                UART_InChar
 .text.UART_OutChar
                0x00002330       0x34 ./Sources/UART.o
                0x00002330                UART_OutChar
 .text.UART_ISR
                0x00002364       0x94 ./Sources/UART.o
                0x00002364                UART_ISR
 .text.AccelDataReady_ISR
                0x000023f8       0x48 ./Sources/accel.o
                0x000023f8                AccelDataReady_ISR
 .text.kf_bfly2
                0x00002440       0xec ./Sources/kiss_fft.o
 .text.kf_bfly4
                0x0000252c      0x360 ./Sources/kiss_fft.o
 .text.kf_bfly3
                0x0000288c      0x2e4 ./Sources/kiss_fft.o
 .text.kf_bfly5
                0x00002b70      0x604 ./Sources/kiss_fft.o
 .text.kf_bfly_generic
                0x00003174      0x1b0 ./Sources/kiss_fft.o
 .text.kf_work  0x00003324      0x118 ./Sources/kiss_fft.o
 .text.kf_factor
                0x0000343c       0xb8 ./Sources/kiss_fft.o
 *fill*         0x000034f4        0x4 
 .text.kiss_fft_alloc
                0x000034f8      0x140 ./Sources/kiss_fft.o
                0x000034f8                kiss_fft_alloc
 .text.kiss_fft_stride
                0x00003638       0x70 ./Sources/kiss_fft.o
                0x00003638                kiss_fft_stride
 .text.kiss_fft
                0x000036a8       0x20 ./Sources/kiss_fft.o
                0x000036a8                kiss_fft
 .text.kiss_fftr_alloc
                0x000036c8      0x1a0 ./Sources/kiss_fftr.o
                0x000036c8                kiss_fftr_alloc
 .text.kiss_fftr
                0x00003868      0x24c ./Sources/kiss_fftr.o
                0x00003868                kiss_fftr
 .text.FFTProtectedPut
                0x00003ab4       0x5c ./Sources/main.o
                0x00003ab4                FFTProtectedPut
 .text.FFTProtectedGet
                0x00003b10       0x9c ./Sources/main.o
                0x00003b10                FFTProtectedGet
 .text.HandleTowerStartup
                0x00003bac       0x80 ./Sources/main.o
                0x00003bac                HandleTowerStartup
 .text.HandleTowerVersion
                0x00003c2c       0x28 ./Sources/main.o
                0x00003c2c                HandleTowerVersion
 .text.HandleTowerNumber
                0x00003c54       0x6c ./Sources/main.o
                0x00003c54                HandleTowerNumber
 .text.HandleTowerProgramByte
                0x00003cc0       0x58 ./Sources/main.o
                0x00003cc0                HandleTowerProgramByte
 .text.HandleTowerReadByte
                0x00003d18       0x4c ./Sources/main.o
                0x00003d18                HandleTowerReadByte
 .text.HandleTowerMode
                0x00003d64       0x6c ./Sources/main.o
                0x00003d64                HandleTowerMode
 .text.HandleTowerSetTime
                0x00003dd0       0x40 ./Sources/main.o
                0x00003dd0                HandleTowerSetTime
 .text.HandleTowerTimingMode
                0x00003e10       0xa0 ./Sources/main.o
                0x00003e10                HandleTowerTimingMode
 .text.HandleTowerRaises
                0x00003eb0       0x74 ./Sources/main.o
                0x00003eb0                HandleTowerRaises
 .text.HandleTowerLowers
                0x00003f24       0x74 ./Sources/main.o
                0x00003f24                HandleTowerLowers
 .text.HandleTowerFrequency
                0x00003f98       0x78 ./Sources/main.o
                0x00003f98                HandleTowerFrequency
 .text.HandleTowerVoltage
                0x00004010       0x5c ./Sources/main.o
                0x00004010                HandleTowerVoltage
 .text.HandleTowerHarmonic
                0x0000406c       0x50 ./Sources/main.o
                0x0000406c                HandleTowerHarmonic
 .text.ReceivedPacket
                0x000040bc      0x1ac ./Sources/main.o
                0x000040bc                ReceivedPacket
 .text.ADCReadCallback
                0x00004268      0x2a4 ./Sources/main.o
                0x00004268                ADCReadCallback
 .text.TowerInit
                0x0000450c      0x230 ./Sources/main.o
                0x0000450c                TowerInit
 .text.InitModulesThread
                0x0000473c      0x13c ./Sources/main.o
 .text.PacketThread
                0x00004878       0x5c ./Sources/main.o
 .text.RTCThread
                0x000048d4       0x44 ./Sources/main.o
 .text.LogRaisesThread
                0x00004918       0x64 ./Sources/main.o
 .text.LogLowersThread
                0x0000497c       0x64 ./Sources/main.o
 .text.FrequencyTrackThread
                0x000049e0       0x3c ./Sources/main.o
 .text.FrequencyCalculateThread
                0x00004a1c      0x2d8 ./Sources/main.o
 .text.FastSqrt
                0x00004cf4       0xb0 ./Sources/main.o
                0x00004cf4                FastSqrt
 .text.UpdateRMSFast
                0x00004da4       0xe0 ./Sources/main.o
                0x00004da4                UpdateRMSFast
 .text.CheckOutputsOff
                0x00004e84       0x60 ./Sources/main.o
                0x00004e84                CheckOutputsOff
 *fill*         0x00004ee4        0x4 
 .text.RMSThread
                0x00004ee8      0x3b0 ./Sources/main.o
                0x00004ee8                RMSThread
 .text.FTMLEDsOffThread
                0x00005298       0x24 ./Sources/main.o
 .text.FFTThread
                0x000052bc       0xa0 ./Sources/main.o
 .text.main     0x0000535c      0x148 ./Sources/main.o
                0x0000535c                main
 .text.Packet_Init
                0x000054a4       0x2c ./Sources/packet.o
                0x000054a4                Packet_Init
 .text.Packet_Get
                0x000054d0       0x6c ./Sources/packet.o
                0x000054d0                Packet_Get
 .text.Packet_Put
                0x0000553c       0x70 ./Sources/packet.o
                0x0000553c                Packet_Put
 .text.__copy_rom_section
                0x000055ac       0xe4 ./Project_Settings/Startup_Code/startup.o
                0x000055ac                __copy_rom_section
 .text.__copy_rom_sections_to_ram
                0x00005690       0x9c ./Project_Settings/Startup_Code/startup.o
                0x00005690                __copy_rom_sections_to_ram
 .text.__init_registers
                0x0000572c       0x20 ./Project_Settings/Startup_Code/startup.o
                0x0000572c                __init_registers
 .text.__init_user
                0x0000574c        0xc ./Project_Settings/Startup_Code/startup.o
                0x0000574c                __init_user
 .text.__thumb_startup
                0x00005758       0x34 ./Project_Settings/Startup_Code/startup.o
                0x00005758                __thumb_startup
 .text.Cpu_Interrupt
                0x0000578c       0x18 ./Generated_Code/Cpu.o
                0x0000578c                Cpu_Interrupt
 .text.__init_hardware
                0x000057a4      0x1cc ./Generated_Code/Cpu.o
                0x000057a4                __init_hardware
 .text.Cpu_SetBASEPRI
                0x00005970       0x18 ./Generated_Code/Cpu.o
                0x00005970                Cpu_SetBASEPRI
 .text.PE_low_level_init
                0x00005988       0xe4 ./Generated_Code/Cpu.o
                0x00005988                PE_low_level_init
 .text.OS_Init  0x00005a6c      0x110 D:\Embedded Software US\es18aut13\Project\Library\libOS.a(OS.o)
                0x00005a6c                OS_Init
 .text.OS_ISREnter
                0x00005b7c       0x20 D:\Embedded Software US\es18aut13\Project\Library\libOS.a(OS.o)
                0x00005b7c                OS_ISREnter
 .text.OS_ISRExit
                0x00005b9c       0x1c D:\Embedded Software US\es18aut13\Project\Library\libOS.a(OS.o)
                0x00005b9c                OS_ISRExit
 .text.OS_SemaphoreCreate
                0x00005bb8       0x90 D:\Embedded Software US\es18aut13\Project\Library\libOS.a(OS.o)
                0x00005bb8                OS_SemaphoreCreate
 .text.OS_SemaphoreSignal
                0x00005c48       0x44 D:\Embedded Software US\es18aut13\Project\Library\libOS.a(OS.o)
                0x00005c48                OS_SemaphoreSignal
 .text.OS_SemaphoreWait
                0x00005c8c       0x58 D:\Embedded Software US\es18aut13\Project\Library\libOS.a(OS.o)
                0x00005c8c                OS_SemaphoreWait
 .text.OS_Start
                0x00005ce4       0x10 D:\Embedded Software US\es18aut13\Project\Library\libOS.a(OS.o)
                0x00005ce4                OS_Start
 .text.OS_ThreadCreate
                0x00005cf4      0x160 D:\Embedded Software US\es18aut13\Project\Library\libOS.a(OS.o)
                0x00005cf4                OS_ThreadCreate
 .text.OS_ThreadDelete
                0x00005e54      0x18c D:\Embedded Software US\es18aut13\Project\Library\libOS.a(OS.o)
                0x00005e54                OS_ThreadDelete
 .text.EventThreadReady
                0x00005fe0       0x68 D:\Embedded Software US\es18aut13\Project\Library\libOS.a(OS.o)
 .text.EventThreadWait
                0x00006048       0x64 D:\Embedded Software US\es18aut13\Project\Library\libOS.a(OS.o)
 .text.EventTimeout
                0x000060ac       0x40 D:\Embedded Software US\es18aut13\Project\Library\libOS.a(OS.o)
 .text.Idle     0x000060ec       0x18 D:\Embedded Software US\es18aut13\Project\Library\libOS.a(OS.o)
 .text.FindFirstSet
                0x00006104       0x44 D:\Embedded Software US\es18aut13\Project\Library\libOS.a(OS.o)
 .text.Schedule
                0x00006148       0x64 D:\Embedded Software US\es18aut13\Project\Library\libOS.a(OS.o)
 .text.TCBInit  0x000061ac       0xcc D:\Embedded Software US\es18aut13\Project\Library\libOS.a(OS.o)
 .text.TimeTick
                0x00006278       0x74 D:\Embedded Software US\es18aut13\Project\Library\libOS.a(OS.o)
 *fill*         0x000062ec        0x4 
 .text.OS_ContextSwitchISR
                0x000062f0       0x70 D:\Embedded Software US\es18aut13\Project\Library\libOS.a(OS.o)
                0x000062f0                OS_ContextSwitchISR
 .text.OS_SysTickISR
                0x00006360       0x5c D:\Embedded Software US\es18aut13\Project\Library\libOS.a(OS.o)
                0x00006360                OS_SysTickISR
 .text.DACWrite
                0x000063bc       0x6c D:\Embedded Software US\es18aut13\Project\Library\libAnalog.a(analog.o)
 .text.Analog_Init
                0x00006428       0x7c D:\Embedded Software US\es18aut13\Project\Library\libAnalog.a(analog.o)
                0x00006428                Analog_Init
 .text.Analog_Get
                0x000064a4       0x78 D:\Embedded Software US\es18aut13\Project\Library\libAnalog.a(analog.o)
                0x000064a4                Analog_Get
 .text.Analog_Put
                0x0000651c       0x50 D:\Embedded Software US\es18aut13\Project\Library\libAnalog.a(analog.o)
                0x0000651c                Analog_Put
 .text.InitChipSelectPins
                0x0000656c       0x6c D:\Embedded Software US\es18aut13\Project\Library\libAnalog.a(SPI.o)
 .text.SetupModuleConfigurationRegister
                0x000065d8      0x104 D:\Embedded Software US\es18aut13\Project\Library\libAnalog.a(SPI.o)
 .text.SetBaudRate
                0x000066dc      0x15c D:\Embedded Software US\es18aut13\Project\Library\libAnalog.a(SPI.o)
 .text.SetDelayAfterTransfer
                0x00006838      0x168 D:\Embedded Software US\es18aut13\Project\Library\libAnalog.a(SPI.o)
 .text.SetupClockAndTransferAttributesRegister
                0x000069a0      0x16c D:\Embedded Software US\es18aut13\Project\Library\libAnalog.a(SPI.o)
 .text.SPI_Init
                0x00006b0c       0x90 D:\Embedded Software US\es18aut13\Project\Library\libAnalog.a(SPI.o)
                0x00006b0c                SPI_Init
 .text.SPI_SelectSlaveDevice
                0x00006b9c       0x6c D:\Embedded Software US\es18aut13\Project\Library\libAnalog.a(SPI.o)
                0x00006b9c                SPI_SelectSlaveDevice
 .text.SPI_Exchange
                0x00006c08       0x94 D:\Embedded Software US\es18aut13\Project\Library\libAnalog.a(SPI.o)
                0x00006c08                SPI_Exchange
 *fill*         0x00006c9c        0x4 
 .text.cos      0x00006ca0       0xa8 c:/freescale/kds_3.0.0/toolchain/bin/../lib/gcc/arm-none-eabi/4.8.4/../../../../arm-none-eabi/lib/armv7e-m/fpu\libm.a(lib_a-s_cos.o)
                0x00006ca0                cos
 .text.floor    0x00006d48      0x138 c:/freescale/kds_3.0.0/toolchain/bin/../lib/gcc/arm-none-eabi/4.8.4/../../../../arm-none-eabi/lib/armv7e-m/fpu\libm.a(lib_a-s_floor.o)
                0x00006d48                floor
 .text.sin      0x00006e80       0xb0 c:/freescale/kds_3.0.0/toolchain/bin/../lib/gcc/arm-none-eabi/4.8.4/../../../../arm-none-eabi/lib/armv7e-m/fpu\libm.a(lib_a-s_sin.o)
                0x00006e80                sin
 .text.roundf   0x00006f30       0x54 c:/freescale/kds_3.0.0/toolchain/bin/../lib/gcc/arm-none-eabi/4.8.4/../../../../arm-none-eabi/lib/armv7e-m/fpu\libm.a(lib_a-sf_round.o)
                0x00006f30                roundf
 .text.sqrt     0x00006f84       0xbc c:/freescale/kds_3.0.0/toolchain/bin/../lib/gcc/arm-none-eabi/4.8.4/../../../../arm-none-eabi/lib/armv7e-m/fpu\libm.a(lib_a-w_sqrt.o)
                0x00006f84                sqrt
 .text.__ieee754_rem_pio2
                0x00007040      0x450 c:/freescale/kds_3.0.0/toolchain/bin/../lib/gcc/arm-none-eabi/4.8.4/../../../../arm-none-eabi/lib/armv7e-m/fpu\libm.a(lib_a-e_rem_pio2.o)
                0x00007040                __ieee754_rem_pio2
 .text.__ieee754_sqrt
                0x00007490      0x198 c:/freescale/kds_3.0.0/toolchain/bin/../lib/gcc/arm-none-eabi/4.8.4/../../../../arm-none-eabi/lib/armv7e-m/fpu\libm.a(lib_a-e_sqrt.o)
                0x00007490                __ieee754_sqrt
 .text.__kernel_cos
                0x00007628      0x280 c:/freescale/kds_3.0.0/toolchain/bin/../lib/gcc/arm-none-eabi/4.8.4/../../../../arm-none-eabi/lib/armv7e-m/fpu\libm.a(lib_a-k_cos.o)
                0x00007628                __kernel_cos
 .text.__kernel_rem_pio2
                0x000078a8      0x798 c:/freescale/kds_3.0.0/toolchain/bin/../lib/gcc/arm-none-eabi/4.8.4/../../../../arm-none-eabi/lib/armv7e-m/fpu\libm.a(lib_a-k_rem_pio2.o)
                0x000078a8                __kernel_rem_pio2
 .text.__kernel_sin
                0x00008040      0x190 c:/freescale/kds_3.0.0/toolchain/bin/../lib/gcc/arm-none-eabi/4.8.4/../../../../arm-none-eabi/lib/armv7e-m/fpu\libm.a(lib_a-k_sin.o)
                0x00008040                __kernel_sin
 .text.fabs     0x000081d0       0x14 c:/freescale/kds_3.0.0/toolchain/bin/../lib/gcc/arm-none-eabi/4.8.4/../../../../arm-none-eabi/lib/armv7e-m/fpu\libm.a(lib_a-s_fabs.o)
                0x000081d0                fabs
 .text.__fpclassifyd
                0x000081e4       0x54 c:/freescale/kds_3.0.0/toolchain/bin/../lib/gcc/arm-none-eabi/4.8.4/../../../../arm-none-eabi/lib/armv7e-m/fpu\libm.a(lib_a-s_fpclassify.o)
                0x000081e4                __fpclassifyd
 .text.matherr  0x00008238        0x4 c:/freescale/kds_3.0.0/toolchain/bin/../lib/gcc/arm-none-eabi/4.8.4/../../../../arm-none-eabi/lib/armv7e-m/fpu\libm.a(lib_a-s_matherr.o)
                0x00008238                matherr
 *fill*         0x0000823c        0x4 
 .text.scalbn   0x00008240      0x120 c:/freescale/kds_3.0.0/toolchain/bin/../lib/gcc/arm-none-eabi/4.8.4/../../../../arm-none-eabi/lib/armv7e-m/fpu\libm.a(lib_a-s_scalbn.o)
                0x00008240                scalbn
 .text.copysign
                0x00008360       0x24 c:/freescale/kds_3.0.0/toolchain/bin/../lib/gcc/arm-none-eabi/4.8.4/../../../../arm-none-eabi/lib/armv7e-m/fpu\libm.a(lib_a-s_copysign.o)
                0x00008360                copysign
 .text.__errno  0x00008384        0xc c:/freescale/kds_3.0.0/toolchain/bin/../lib/gcc/arm-none-eabi/4.8.4/../../../../arm-none-eabi/lib/armv7e-m/fpu\libg_s.a(lib_a-errno.o)
                0x00008384                __errno
 .text.exit     0x00008390       0x28 c:/freescale/kds_3.0.0/toolchain/bin/../lib/gcc/arm-none-eabi/4.8.4/../../../../arm-none-eabi/lib/armv7e-m/fpu\libg_s.a(lib_a-exit.o)
                0x00008390                exit
 .text._fwrite_r
                0x000083b8       0xb0 c:/freescale/kds_3.0.0/toolchain/bin/../lib/gcc/arm-none-eabi/4.8.4/../../../../arm-none-eabi/lib/armv7e-m/fpu\libg_s.a(lib_a-fwrite.o)
                0x000083b8                _fwrite_r
 .text.fwrite   0x00008468       0x20 c:/freescale/kds_3.0.0/toolchain/bin/../lib/gcc/arm-none-eabi/4.8.4/../../../../arm-none-eabi/lib/armv7e-m/fpu\libg_s.a(lib_a-fwrite.o)
                0x00008468                fwrite
 .text.__libc_init_array
                0x00008488       0x4c c:/freescale/kds_3.0.0/toolchain/bin/../lib/gcc/arm-none-eabi/4.8.4/../../../../arm-none-eabi/lib/armv7e-m/fpu\libg_s.a(lib_a-init.o)
                0x00008488                __libc_init_array
 .text.malloc   0x000084d4       0x10 c:/freescale/kds_3.0.0/toolchain/bin/../lib/gcc/arm-none-eabi/4.8.4/../../../../arm-none-eabi/lib/armv7e-m/fpu\libg_s.a(lib_a-malloc.o)
                0x000084d4                malloc
 .text.free     0x000084e4       0x10 c:/freescale/kds_3.0.0/toolchain/bin/../lib/gcc/arm-none-eabi/4.8.4/../../../../arm-none-eabi/lib/armv7e-m/fpu\libg_s.a(lib_a-malloc.o)
                0x000084e4                free
 .text.memcpy   0x000084f4       0x12 c:/freescale/kds_3.0.0/toolchain/bin/../lib/gcc/arm-none-eabi/4.8.4/../../../../arm-none-eabi/lib/armv7e-m/fpu\libg_s.a(lib_a-memcpy-stub.o)
                0x000084f4                memcpy
 .text.memset   0x00008506       0x10 c:/freescale/kds_3.0.0/toolchain/bin/../lib/gcc/arm-none-eabi/4.8.4/../../../../arm-none-eabi/lib/armv7e-m/fpu\libg_s.a(lib_a-memset.o)
                0x00008506                memset
 *fill*         0x00008516        0x2 
 .text._free_r  0x00008518       0x88 c:/freescale/kds_3.0.0/toolchain/bin/../lib/gcc/arm-none-eabi/4.8.4/../../../../arm-none-eabi/lib/armv7e-m/fpu\libg_s.a(lib_a-nano-freer.o)
                0x00008518                _free_r
 .text._malloc_r
                0x000085a0       0xa8 c:/freescale/kds_3.0.0/toolchain/bin/../lib/gcc/arm-none-eabi/4.8.4/../../../../arm-none-eabi/lib/armv7e-m/fpu\libg_s.a(lib_a-nano-mallocr.o)
                0x000085a0                _malloc_r
 .text._sbrk_r  0x00008648       0x20 c:/freescale/kds_3.0.0/toolchain/bin/../lib/gcc/arm-none-eabi/4.8.4/../../../../arm-none-eabi/lib/armv7e-m/fpu\libg_s.a(lib_a-sbrkr.o)
                0x00008648                _sbrk_r
 .text.__swbuf_r
                0x00008668       0xa8 c:/freescale/kds_3.0.0/toolchain/bin/../lib/gcc/arm-none-eabi/4.8.4/../../../../arm-none-eabi/lib/armv7e-m/fpu\libg_s.a(lib_a-wbuf.o)
                0x00008668                __swbuf_r
 .text.__swsetup_r
                0x00008710       0xdc c:/freescale/kds_3.0.0/toolchain/bin/../lib/gcc/arm-none-eabi/4.8.4/../../../../arm-none-eabi/lib/armv7e-m/fpu\libg_s.a(lib_a-wsetup.o)
                0x00008710                __swsetup_r
 .text.__sflush_r
                0x000087ec      0x106 c:/freescale/kds_3.0.0/toolchain/bin/../lib/gcc/arm-none-eabi/4.8.4/../../../../arm-none-eabi/lib/armv7e-m/fpu\libg_s.a(lib_a-fflush.o)
                0x000087ec                __sflush_r
 *fill*         0x000088f2        0x2 
 .text._fflush_r
                0x000088f4       0x54 c:/freescale/kds_3.0.0/toolchain/bin/../lib/gcc/arm-none-eabi/4.8.4/../../../../arm-none-eabi/lib/armv7e-m/fpu\libg_s.a(lib_a-fflush.o)
                0x000088f4                _fflush_r
 .text._cleanup_r
                0x00008948       0x32 c:/freescale/kds_3.0.0/toolchain/bin/../lib/gcc/arm-none-eabi/4.8.4/../../../../arm-none-eabi/lib/armv7e-m/fpu\libg_s.a(lib_a-findfp.o)
                0x00008948                _cleanup_r
 *fill*         0x0000897a        0x2 
 .text.std.isra.0
                0x0000897c       0x48 c:/freescale/kds_3.0.0/toolchain/bin/../lib/gcc/arm-none-eabi/4.8.4/../../../../arm-none-eabi/lib/armv7e-m/fpu\libg_s.a(lib_a-findfp.o)
 .text.__sfmoreglue
                0x000089c4       0x2c c:/freescale/kds_3.0.0/toolchain/bin/../lib/gcc/arm-none-eabi/4.8.4/../../../../arm-none-eabi/lib/armv7e-m/fpu\libg_s.a(lib_a-findfp.o)
                0x000089c4                __sfmoreglue
 .text.__sinit  0x000089f0       0x60 c:/freescale/kds_3.0.0/toolchain/bin/../lib/gcc/arm-none-eabi/4.8.4/../../../../arm-none-eabi/lib/armv7e-m/fpu\libg_s.a(lib_a-findfp.o)
                0x000089f0                __sinit
 .text.__sfp    0x00008a50       0x74 c:/freescale/kds_3.0.0/toolchain/bin/../lib/gcc/arm-none-eabi/4.8.4/../../../../arm-none-eabi/lib/armv7e-m/fpu\libg_s.a(lib_a-findfp.o)
                0x00008a50                __sfp
 .text.__smakebuf_r
                0x00008ac4       0x9c c:/freescale/kds_3.0.0/toolchain/bin/../lib/gcc/arm-none-eabi/4.8.4/../../../../arm-none-eabi/lib/armv7e-m/fpu\libg_s.a(lib_a-makebuf.o)
                0x00008ac4                __smakebuf_r
 .text.__sread  0x00008b60       0x22 c:/freescale/kds_3.0.0/toolchain/bin/../lib/gcc/arm-none-eabi/4.8.4/../../../../arm-none-eabi/lib/armv7e-m/fpu\libg_s.a(lib_a-stdio.o)
                0x00008b60                __sread
 .text.__swrite
                0x00008b82       0x38 c:/freescale/kds_3.0.0/toolchain/bin/../lib/gcc/arm-none-eabi/4.8.4/../../../../arm-none-eabi/lib/armv7e-m/fpu\libg_s.a(lib_a-stdio.o)
                0x00008b82                __swrite
 .text.__sseek  0x00008bba       0x24 c:/freescale/kds_3.0.0/toolchain/bin/../lib/gcc/arm-none-eabi/4.8.4/../../../../arm-none-eabi/lib/armv7e-m/fpu\libg_s.a(lib_a-stdio.o)
                0x00008bba                __sseek
 .text.__sclose
                0x00008bde        0x8 c:/freescale/kds_3.0.0/toolchain/bin/../lib/gcc/arm-none-eabi/4.8.4/../../../../arm-none-eabi/lib/armv7e-m/fpu\libg_s.a(lib_a-stdio.o)
                0x00008bde                __sclose
 *fill*         0x00008be6        0x2 
 .text._write_r
                0x00008be8       0x24 c:/freescale/kds_3.0.0/toolchain/bin/../lib/gcc/arm-none-eabi/4.8.4/../../../../arm-none-eabi/lib/armv7e-m/fpu\libg_s.a(lib_a-writer.o)
                0x00008be8                _write_r
 .text._close_r
                0x00008c0c       0x20 c:/freescale/kds_3.0.0/toolchain/bin/../lib/gcc/arm-none-eabi/4.8.4/../../../../arm-none-eabi/lib/armv7e-m/fpu\libg_s.a(lib_a-closer.o)
                0x00008c0c                _close_r
 .text._fstat_r
                0x00008c2c       0x24 c:/freescale/kds_3.0.0/toolchain/bin/../lib/gcc/arm-none-eabi/4.8.4/../../../../arm-none-eabi/lib/armv7e-m/fpu\libg_s.a(lib_a-fstatr.o)
                0x00008c2c                _fstat_r
 .text._isatty_r
                0x00008c50       0x20 c:/freescale/kds_3.0.0/toolchain/bin/../lib/gcc/arm-none-eabi/4.8.4/../../../../arm-none-eabi/lib/armv7e-m/fpu\libg_s.a(lib_a-isattyr.o)
                0x00008c50                _isatty_r
 .text._lseek_r
                0x00008c70       0x24 c:/freescale/kds_3.0.0/toolchain/bin/../lib/gcc/arm-none-eabi/4.8.4/../../../../arm-none-eabi/lib/armv7e-m/fpu\libg_s.a(lib_a-lseekr.o)
                0x00008c70                _lseek_r
 .text._read_r  0x00008c94       0x24 c:/freescale/kds_3.0.0/toolchain/bin/../lib/gcc/arm-none-eabi/4.8.4/../../../../arm-none-eabi/lib/armv7e-m/fpu\libg_s.a(lib_a-readr.o)
                0x00008c94                _read_r
 .text._close   0x00008cb8       0x10 c:/freescale/kds_3.0.0/toolchain/bin/../lib/gcc/arm-none-eabi/4.8.4/../../../../arm-none-eabi/lib/armv7e-m/fpu\libnosys.a(close.o)
                0x00008cb8                _close
 .text._fstat   0x00008cc8       0x10 c:/freescale/kds_3.0.0/toolchain/bin/../lib/gcc/arm-none-eabi/4.8.4/../../../../arm-none-eabi/lib/armv7e-m/fpu\libnosys.a(fstat.o)
                0x00008cc8                _fstat
 .text._isatty  0x00008cd8       0x10 c:/freescale/kds_3.0.0/toolchain/bin/../lib/gcc/arm-none-eabi/4.8.4/../../../../arm-none-eabi/lib/armv7e-m/fpu\libnosys.a(isatty.o)
                0x00008cd8                _isatty
 .text._lseek   0x00008ce8       0x10 c:/freescale/kds_3.0.0/toolchain/bin/../lib/gcc/arm-none-eabi/4.8.4/../../../../arm-none-eabi/lib/armv7e-m/fpu\libnosys.a(lseek.o)
                0x00008ce8                _lseek
 .text._read    0x00008cf8       0x10 c:/freescale/kds_3.0.0/toolchain/bin/../lib/gcc/arm-none-eabi/4.8.4/../../../../arm-none-eabi/lib/armv7e-m/fpu\libnosys.a(read.o)
                0x00008cf8                _read
 .text._sbrk    0x00008d08       0x34 c:/freescale/kds_3.0.0/toolchain/bin/../lib/gcc/arm-none-eabi/4.8.4/../../../../arm-none-eabi/lib/armv7e-m/fpu\libnosys.a(sbrk.o)
                0x00008d08                _sbrk
 .text._write   0x00008d3c       0x10 c:/freescale/kds_3.0.0/toolchain/bin/../lib/gcc/arm-none-eabi/4.8.4/../../../../arm-none-eabi/lib/armv7e-m/fpu\libnosys.a(write.o)
                0x00008d3c                _write
 .text._exit    0x00008d4c        0x4 c:/freescale/kds_3.0.0/toolchain/bin/../lib/gcc/arm-none-eabi/4.8.4/../../../../arm-none-eabi/lib/armv7e-m/fpu\libnosys.a(_exit.o)
                0x00008d4c                _exit
 *(.rodata)
 .rodata        0x00008d50       0x50 ./Sources/kiss_fftr.o
 .rodata        0x00008da0        0x4 D:\Embedded Software US\es18aut13\Project\Library\libAnalog.a(analog.o)
 .rodata        0x00008da4       0xa0 D:\Embedded Software US\es18aut13\Project\Library\libAnalog.a(SPI.o)
 *(.rodata*)
 .rodata.ANALOG_THREAD_PRIORITIES
                0x00008e44        0x4 ./Sources/main.o
                0x00008e44                ANALOG_THREAD_PRIORITIES
 .rodata.PACKET_ACK_MASK
                0x00008e48        0x1 ./Sources/packet.o
                0x00008e48                PACKET_ACK_MASK
 *fill*         0x00008e49        0x3 
 .rodata.SPI_SETUP
                0x00008e4c       0x1c D:\Embedded Software US\es18aut13\Project\Library\libAnalog.a(analog.o)
 .rodata.str1.4
                0x00008e68        0x8 c:/freescale/kds_3.0.0/toolchain/bin/../lib/gcc/arm-none-eabi/4.8.4/../../../../arm-none-eabi/lib/armv7e-m/fpu\libm.a(lib_a-w_sqrt.o)
 .rodata.npio2_hw
                0x00008e70       0x80 c:/freescale/kds_3.0.0/toolchain/bin/../lib/gcc/arm-none-eabi/4.8.4/../../../../arm-none-eabi/lib/armv7e-m/fpu\libm.a(lib_a-e_rem_pio2.o)
 .rodata.two_over_pi
                0x00008ef0      0x108 c:/freescale/kds_3.0.0/toolchain/bin/../lib/gcc/arm-none-eabi/4.8.4/../../../../arm-none-eabi/lib/armv7e-m/fpu\libm.a(lib_a-e_rem_pio2.o)
 .rodata.init_jk
                0x00008ff8       0x10 c:/freescale/kds_3.0.0/toolchain/bin/../lib/gcc/arm-none-eabi/4.8.4/../../../../arm-none-eabi/lib/armv7e-m/fpu\libm.a(lib_a-k_rem_pio2.o)
 .rodata.PIo2   0x00009008       0x40 c:/freescale/kds_3.0.0/toolchain/bin/../lib/gcc/arm-none-eabi/4.8.4/../../../../arm-none-eabi/lib/armv7e-m/fpu\libm.a(lib_a-k_rem_pio2.o)
 .rodata.str1.1
                0x00009048        0x2 c:/freescale/kds_3.0.0/toolchain/bin/../lib/gcc/arm-none-eabi/4.8.4/../../../../arm-none-eabi/lib/armv7e-m/fpu\libg_s.a(lib_a-impure.o)
 *fill*         0x0000904a        0x2 
 .rodata._global_impure_ptr
                0x0000904c        0x4 c:/freescale/kds_3.0.0/toolchain/bin/../lib/gcc/arm-none-eabi/4.8.4/../../../../arm-none-eabi/lib/armv7e-m/fpu\libg_s.a(lib_a-impure.o)
                0x0000904c                _global_impure_ptr
 .rodata.__sf_fake_stdin
                0x00009050       0x20 c:/freescale/kds_3.0.0/toolchain/bin/../lib/gcc/arm-none-eabi/4.8.4/../../../../arm-none-eabi/lib/armv7e-m/fpu\libg_s.a(lib_a-findfp.o)
                0x00009050                __sf_fake_stdin
 .rodata.__sf_fake_stdout
                0x00009070       0x20 c:/freescale/kds_3.0.0/toolchain/bin/../lib/gcc/arm-none-eabi/4.8.4/../../../../arm-none-eabi/lib/armv7e-m/fpu\libg_s.a(lib_a-findfp.o)
                0x00009070                __sf_fake_stdout
 .rodata.__sf_fake_stderr
                0x00009090       0x20 c:/freescale/kds_3.0.0/toolchain/bin/../lib/gcc/arm-none-eabi/4.8.4/../../../../arm-none-eabi/lib/armv7e-m/fpu\libg_s.a(lib_a-findfp.o)
                0x00009090                __sf_fake_stderr
 *(.glue_7)
 .glue_7        0x00000000        0x0 linker stubs
 *(.glue_7t)
 .glue_7t       0x00000000        0x0 linker stubs
 *(.eh_frame)
 .eh_frame      0x000090b0        0x0 c:/freescale/kds_3.0.0/toolchain/bin/../lib/gcc/arm-none-eabi/4.8.4/armv7e-m/fpu/crtbegin.o
 *(.init)
 .init          0x000090b0        0x4 c:/freescale/kds_3.0.0/toolchain/bin/../lib/gcc/arm-none-eabi/4.8.4/armv7e-m/fpu/crti.o
                0x000090b0                _init
 .init          0x000090b4        0x8 c:/freescale/kds_3.0.0/toolchain/bin/../lib/gcc/arm-none-eabi/4.8.4/armv7e-m/fpu/crtn.o
 *(.fini)
 .fini          0x000090bc        0x4 c:/freescale/kds_3.0.0/toolchain/bin/../lib/gcc/arm-none-eabi/4.8.4/armv7e-m/fpu/crti.o
                0x000090bc                _fini
 .fini          0x000090c0        0x8 c:/freescale/kds_3.0.0/toolchain/bin/../lib/gcc/arm-none-eabi/4.8.4/armv7e-m/fpu/crtn.o
                0x000090c8                . = ALIGN (0x4)
                0x000090c8                _etext = .

.vfp11_veneer   0x000090c8        0x0
 .vfp11_veneer  0x00000000        0x0 linker stubs

.v4_bx          0x000090c8        0x0
 .v4_bx         0x00000000        0x0 linker stubs

.iplt           0x000090c8        0x0
 .iplt          0x00000000        0x0 c:/freescale/kds_3.0.0/toolchain/bin/../lib/gcc/arm-none-eabi/4.8.4/armv7e-m/fpu/crtbegin.o

.ARM.extab
 *(.ARM.extab* .gnu.linkonce.armextab.*)

.ARM            0x000090c8        0x8
                0x000090c8                __exidx_start = .
 *(.ARM.exidx*)
 .ARM.exidx     0x000090c8        0x8 c:/freescale/kds_3.0.0/toolchain/bin/../lib/gcc/arm-none-eabi/4.8.4/../../../../arm-none-eabi/lib/armv7e-m/fpu/crt0.o
                0x000090d0                __exidx_end = .

.rel.dyn        0x000090d0        0x0
 .rel.iplt      0x00000000        0x0 c:/freescale/kds_3.0.0/toolchain/bin/../lib/gcc/arm-none-eabi/4.8.4/armv7e-m/fpu/crtbegin.o

.ctors          0x000090d0        0x0
                0x000090d0                __CTOR_LIST__ = .
 *crtbegin.o(.ctors)
 *(EXCLUDE_FILE(*crtend.o) .ctors)
 *(SORT(.ctors.*))
 *(.ctors)
                0x000090d0                __CTOR_END__ = .

.dtors          0x000090d0        0x0
                0x000090d0                __DTOR_LIST__ = .
 *crtbegin.o(.dtors)
 *(EXCLUDE_FILE(*crtend.o) .dtors)
 *(SORT(.dtors.*))
 *(.dtors)
                0x000090d0                __DTOR_END__ = .

.preinit_array  0x000090d0        0x0
                0x000090d0                PROVIDE (__preinit_array_start, .)
 *(.preinit_array*)
                0x000090d0                PROVIDE (__preinit_array_end, .)

.init_array     0x000090d0        0x4
                0x000090d0                PROVIDE (__init_array_start, .)
 *(SORT(.init_array.*))
 *(.init_array*)
 .init_array    0x000090d0        0x4 c:/freescale/kds_3.0.0/toolchain/bin/../lib/gcc/arm-none-eabi/4.8.4/armv7e-m/fpu/crtbegin.o
                0x000090d4                PROVIDE (__init_array_end, .)

.fini_array     0x000090d4        0x4
                0x000090d4                PROVIDE (__fini_array_start, .)
 *(SORT(.fini_array.*))
 *(.fini_array*)
 .fini_array    0x000090d4        0x4 c:/freescale/kds_3.0.0/toolchain/bin/../lib/gcc/arm-none-eabi/4.8.4/armv7e-m/fpu/crtbegin.o
                0x000090d8                PROVIDE (__fini_array_end, .)
                0x000090d8                ___ROM_AT = .

.data           0x1fff0000       0x84 load address 0x000090d8
                0x1fff0000                . = ALIGN (0x4)
                0x1fff0000                _sdata = .
 *(.data)
 *(.data*)
 .data.SlaveDeviceAddress
                0x1fff0000        0x1 ./Sources/I2C.o
 *fill*         0x1fff0001        0x3 
 .data.AnalogThreadData
                0x1fff0004       0x18 ./Sources/main.o
 .data.__fdlib_version
                0x1fff001c        0x1 c:/freescale/kds_3.0.0/toolchain/bin/../lib/gcc/arm-none-eabi/4.8.4/../../../../arm-none-eabi/lib/armv7e-m/fpu\libm.a(lib_a-s_lib_ver.o)
                0x1fff001c                __fdlib_version
 *fill*         0x1fff001d        0x3 
 .data.impure_data
                0x1fff0020       0x60 c:/freescale/kds_3.0.0/toolchain/bin/../lib/gcc/arm-none-eabi/4.8.4/../../../../arm-none-eabi/lib/armv7e-m/fpu\libg_s.a(lib_a-impure.o)
 .data._impure_ptr
                0x1fff0080        0x4 c:/freescale/kds_3.0.0/toolchain/bin/../lib/gcc/arm-none-eabi/4.8.4/../../../../arm-none-eabi/lib/armv7e-m/fpu\libg_s.a(lib_a-impure.o)
                0x1fff0080                _impure_ptr
                0x1fff0084                . = ALIGN (0x4)
                0x1fff0084                _edata = .
                0x00000084                ___data_size = (_edata - _sdata)
                0x0000915c                ___m_data_20000000_ROMStart = (___ROM_AT + SIZEOF (.data))

.jcr            0x1fff0084        0x0 load address 0x0000915c
 .jcr           0x1fff0084        0x0 c:/freescale/kds_3.0.0/toolchain/bin/../lib/gcc/arm-none-eabi/4.8.4/armv7e-m/fpu/crtbegin.o

.igot.plt       0x1fff0084        0x0 load address 0x0000915c
 .igot.plt      0x00000000        0x0 c:/freescale/kds_3.0.0/toolchain/bin/../lib/gcc/arm-none-eabi/4.8.4/armv7e-m/fpu/crtbegin.o

.m_data_20000000
                0x20000000        0x0 load address 0x0000915c
                0x20000000                . = ALIGN (0x4)
                0x20000000                ___m_data_20000000_RAMStart = .
 *(.m_data_20000000)
                0x20000000                ___m_data_20000000_RAMEnd = .
                0x20000000                . = ALIGN (0x4)
                0x00000000                ___m_data_20000000_ROMSize = (___m_data_20000000_RAMEnd - ___m_data_20000000_RAMStart)
                0x20000000                . = ALIGN (0x4)

.bss            0x1fff0088     0xa09c load address 0x00009160
                0x1fff0088                __START_BSS = .
                0x1fff0088                PROVIDE (__bss_start__, __START_BSS)
 *(.bss)
 .bss           0x1fff0088       0x1c c:/freescale/kds_3.0.0/toolchain/bin/../lib/gcc/arm-none-eabi/4.8.4/armv7e-m/fpu/crtbegin.o
 *(.bss*)
 .bss.UserSemaphore
                0x1fff00a4       0x20 ./Sources/FTM.o
 .bss.occupiedBytes.5729
                0x1fff00c4        0x1 ./Sources/Flash.o
 *fill*         0x1fff00c5        0x3 
 .bss.ReadCompleteSemaphore
                0x1fff00c8        0x4 ./Sources/I2C.o
 .bss.I2CAccess
                0x1fff00cc        0x4 ./Sources/I2C.o
 .bss.SlaveDeviceReadAddress
                0x1fff00d0        0x1 ./Sources/I2C.o
 .bss.NbBytes   0x1fff00d1        0x1 ./Sources/I2C.o
 *fill*         0x1fff00d2        0x2 
 .bss.DataPtr   0x1fff00d4        0x4 ./Sources/I2C.o
 .bss.stage.6666
                0x1fff00d8        0x1 ./Sources/I2C.o
 .bss.readCount.6667
                0x1fff00d9        0x1 ./Sources/I2C.o
 *fill*         0x1fff00da        0x2 
 .bss.ModuleClk
                0x1fff00dc        0x4 ./Sources/PIT.o
 .bss.UserFunction
                0x1fff00e0        0x4 ./Sources/PIT.o
 .bss.UserArguments
                0x1fff00e4        0x4 ./Sources/PIT.o
 .bss.ReadSemaphore
                0x1fff00e8        0x4 ./Sources/RTC.o
 *fill*         0x1fff00ec        0x4 
 .bss.RxUARTThreadStack
                0x1fff00f0      0x7d0 ./Sources/UART.o
 .bss.TxUARTThreadStack
                0x1fff08c0      0x7d0 ./Sources/UART.o
 .bss.DataReadySemaphore
                0x1fff1090        0x4 ./Sources/accel.o
 .bss.VoltageSamples
                0x1fff1094      0x188 ./Sources/main.o
 .bss.RMS       0x1fff121c        0x8 ./Sources/main.o
 .bss.TimingMode
                0x1fff1224        0x2 ./Sources/main.o
 *fill*         0x1fff1226        0x2 
 .bss.SamplePeriod
                0x1fff1228        0x4 ./Sources/main.o
 .bss.NewSamplePeriod
                0x1fff122c        0x4 ./Sources/main.o
 .bss.LastSumOfSquares
                0x1fff1230       0x18 ./Sources/main.o
 .bss.OldestData
                0x1fff1248        0x8 ./Sources/main.o
 .bss.Alarm     0x1fff1250        0x4 ./Sources/main.o
 .bss.Adjusting
                0x1fff1254        0x4 ./Sources/main.o
 .bss.Frequency
                0x1fff1258        0x4 ./Sources/main.o
 .bss.LEDOffSemaphore
                0x1fff125c        0x4 ./Sources/main.o
 .bss.RTCReadSemaphore
                0x1fff1260        0x4 ./Sources/main.o
 .bss.FrequencyCalculateSemaphore
                0x1fff1264        0x4 ./Sources/main.o
 .bss.FrequencyTrackSemaphore
                0x1fff1268        0x4 ./Sources/main.o
 .bss.LogRaisesSemaphore
                0x1fff126c        0x4 ./Sources/main.o
 .bss.LogLowersSemaphore
                0x1fff1270        0x4 ./Sources/main.o
 .bss.FlashAccessMutex
                0x1fff1274        0x4 ./Sources/main.o
 .bss.FFTSemaphore
                0x1fff1278        0x4 ./Sources/main.o
 .bss.FFTOutputMutex
                0x1fff127c        0x4 ./Sources/main.o
 .bss.InitModulesThreadStack
                0x1fff1280      0x7d0 ./Sources/main.o
 .bss.RTCThreadStack
                0x1fff1a50      0x7d0 ./Sources/main.o
 .bss.FTMLEDsOffThreadStack
                0x1fff2220      0x7d0 ./Sources/main.o
 .bss.FrequencyCalculateThreadStack
                0x1fff29f0      0x7d0 ./Sources/main.o
 .bss.FrequencyTrackThreadStack
                0x1fff31c0      0x7d0 ./Sources/main.o
 .bss.PacketThreadStack
                0x1fff3990      0x7d0 ./Sources/main.o
 .bss.LogRaisesThreadStack
                0x1fff4160      0x7d0 ./Sources/main.o
 .bss.LogLowersThreadStack
                0x1fff4930      0x7d0 ./Sources/main.o
 .bss.FFTThreadStack
                0x1fff5100     0x1f40 ./Sources/main.o
 .bss.RMSThreadStacks
                0x1fff7040     0x1770 ./Sources/main.o
 .bss.phase.8444
                0x1fff87b0        0x1 ./Sources/main.o
 *fill*         0x1fff87b1        0x3 
 .bss.PacketPutAccess
                0x1fff87b4        0x4 ./Sources/packet.o
 .bss.SR_lock   0x1fff87b8        0x1 ./Generated_Code/Cpu.o
                0x1fff87b8                SR_lock
 *fill*         0x1fff87b9        0x3 
 .bss.TCBUnusedMain
                0x1fff87bc       0x18 D:\Embedded Software US\es18aut13\Project\Library\libOS.a(OS.o)
 .bss.TCBTable  0x1fff87d4      0x300 D:\Embedded Software US\es18aut13\Project\Library\libOS.a(OS.o)
 .bss.pTCBFreeList
                0x1fff8ad4        0x4 D:\Embedded Software US\es18aut13\Project\Library\libOS.a(OS.o)
 .bss.pTCBAllocatedList
                0x1fff8ad8        0x4 D:\Embedded Software US\es18aut13\Project\Library\libOS.a(OS.o)
 .bss.pTCBPriorityTable
                0x1fff8adc       0x80 D:\Embedded Software US\es18aut13\Project\Library\libOS.a(OS.o)
 .bss.pTCBRunning
                0x1fff8b5c        0x4 D:\Embedded Software US\es18aut13\Project\Library\libOS.a(OS.o)
 .bss.pTCBHighestReady
                0x1fff8b60        0x4 D:\Embedded Software US\es18aut13\Project\Library\libOS.a(OS.o)
 .bss.ReadyList
                0x1fff8b64        0x4 D:\Embedded Software US\es18aut13\Project\Library\libOS.a(OS.o)
 .bss.ECBTable  0x1fff8b68      0x100 D:\Embedded Software US\es18aut13\Project\Library\libOS.a(OS.o)
 .bss.NextECBFree
                0x1fff8c68        0x1 D:\Embedded Software US\es18aut13\Project\Library\libOS.a(OS.o)
 *fill*         0x1fff8c69        0x3 
 .bss.IdleCounter
                0x1fff8c6c        0x4 D:\Embedded Software US\es18aut13\Project\Library\libOS.a(OS.o)
 .bss.IdleStack
                0x1fff8c70      0x400 D:\Embedded Software US\es18aut13\Project\Library\libOS.a(OS.o)
 .bss.Ticks     0x1fff9070        0x4 D:\Embedded Software US\es18aut13\Project\Library\libOS.a(OS.o)
 .bss.ToggleCntr
                0x1fff9074        0x4 D:\Embedded Software US\es18aut13\Project\Library\libOS.a(OS.o)
 .bss.ToggleLED
                0x1fff9078        0x1 D:\Embedded Software US\es18aut13\Project\Library\libOS.a(OS.o)
 .bss.ISRNestLevel
                0x1fff9079        0x1 D:\Embedded Software US\es18aut13\Project\Library\libOS.a(OS.o)
 *fill*         0x1fff907a        0x2 
 .bss.ADCCommandUnion
                0x1fff907c        0x4 D:\Embedded Software US\es18aut13\Project\Library\libAnalog.a(analog.o)
 .bss.__malloc_sbrk_start
                0x1fff9080        0x4 c:/freescale/kds_3.0.0/toolchain/bin/../lib/gcc/arm-none-eabi/4.8.4/../../../../arm-none-eabi/lib/armv7e-m/fpu\libg_s.a(lib_a-nano-mallocr.o)
                0x1fff9080                __malloc_sbrk_start
 .bss.__malloc_free_list
                0x1fff9084        0x4 c:/freescale/kds_3.0.0/toolchain/bin/../lib/gcc/arm-none-eabi/4.8.4/../../../../arm-none-eabi/lib/armv7e-m/fpu\libg_s.a(lib_a-nano-mallocr.o)
                0x1fff9084                __malloc_free_list
 .bss.heap_end.4246
                0x1fff9088        0x4 c:/freescale/kds_3.0.0/toolchain/bin/../lib/gcc/arm-none-eabi/4.8.4/../../../../arm-none-eabi/lib/armv7e-m/fpu\libnosys.a(sbrk.o)
 *(COMMON)
 COMMON         0x1fff908c        0x8 ./Sources/Flash.o
                0x1fff908c                CCIFSemaphore
                0x1fff9090                FlashAccessMutex
 COMMON         0x1fff9094     0x1024 ./Sources/UART.o
                0x1fff9094                DummyRead
                0x1fff9098                TxFIFO
                0x1fff98a4                RxFIFO
                0x1fffa0b0                RxUARTSemaphore
                0x1fffa0b4                TxUARTSemaphore
 COMMON         0x1fffa0b8       0x5c ./Sources/main.o
                0x1fffa0b8                NvTowerMd
                0x1fffa0bc                NvTowerNb
                0x1fffa0c0                NvTimingMd
                0x1fffa0c4                NvNbRaises
                0x1fffa0c8                FFTOutput
                0x1fffa110                NvNbLowers
 COMMON         0x1fffa114        0x5 ./Sources/packet.o
                0x1fffa114                Packet
 COMMON         0x1fffa119        0x1 ./Generated_Code/Cpu.o
                0x1fffa119                SR_reg
 *fill*         0x1fffa11a        0x2 
 COMMON         0x1fffa11c        0x4 D:\Embedded Software US\es18aut13\Project\Library\libAnalog.a(analog.o)
                0x1fffa11c                DACInput
 COMMON         0x1fffa120        0x4 c:/freescale/kds_3.0.0/toolchain/bin/../lib/gcc/arm-none-eabi/4.8.4/../../../../arm-none-eabi/lib/armv7e-m/fpu\libg_s.a(lib_a-reent.o)
                0x1fffa120                errno
                0x1fffa124                . = ALIGN (0x4)
                0x1fffa124                __END_BSS = .
                0x1fffa124                PROVIDE (__bss_end__, __END_BSS)
                0x0000915c                _romp_at = ((___ROM_AT + SIZEOF (.data)) + SIZEOF (.m_data_20000000))

.romp           0x1fffa124       0x24 load address 0x0000915c
                0x0000915c                __S_romp = _romp_at
                0x1fffa124        0x4 LONG 0x90d8 ___ROM_AT
                0x1fffa128        0x4 LONG 0x1fff0000 _sdata
                0x1fffa12c        0x4 LONG 0x84 ___data_size
                0x1fffa130        0x4 LONG 0x915c ___m_data_20000000_ROMStart
                0x1fffa134        0x4 LONG 0x20000000 ___m_data_20000000_RAMStart
                0x1fffa138        0x4 LONG 0x0 ___m_data_20000000_ROMSize
                0x1fffa13c        0x4 LONG 0x0
                0x1fffa140        0x4 LONG 0x0
                0x1fffa144        0x4 LONG 0x0

._user_heap_stack
                0x1fffa148      0x400 load address 0x00009180
                0x1fffa148                . = ALIGN (0x4)
                0x1fffa148                PROVIDE (end, .)
                0x1fffa148                PROVIDE (_end, .)
                0x1fffa148                __heap_addr = .
                0x1fffa148                __HeapBase = .
                0x1fffa148                . = (. + __heap_size)
                0x1fffa148                __HeapLimit = .
                0x1fffa548                . = (. + __stack_size)
 *fill*         0x1fffa148      0x400 
                0x1fffa548                . = ALIGN (0x4)

.ARM.attributes
                0x00000000       0x30
 *(.ARM.attributes)
 .ARM.attributes
                0x00000000       0x22 c:/freescale/kds_3.0.0/toolchain/bin/../lib/gcc/arm-none-eabi/4.8.4/armv7e-m/fpu/crti.o
 .ARM.attributes
                0x00000022       0x34 c:/freescale/kds_3.0.0/toolchain/bin/../lib/gcc/arm-none-eabi/4.8.4/armv7e-m/fpu/crtbegin.o
 .ARM.attributes
                0x00000056       0x20 c:/freescale/kds_3.0.0/toolchain/bin/../lib/gcc/arm-none-eabi/4.8.4/../../../../arm-none-eabi/lib/armv7e-m/fpu/crt0.o
 .ARM.attributes
                0x00000076       0x39 ./Sources/FIFO.o
 .ARM.attributes
                0x000000af       0x39 ./Sources/FTM.o
 .ARM.attributes
                0x000000e8       0x39 ./Sources/Flash.o
 .ARM.attributes
                0x00000121       0x39 ./Sources/I2C.o
 .ARM.attributes
                0x0000015a       0x39 ./Sources/LEDs.o
 .ARM.attributes
                0x00000193       0x39 ./Sources/PIT.o
 .ARM.attributes
                0x000001cc       0x39 ./Sources/RTC.o
 .ARM.attributes
                0x00000205       0x39 ./Sources/UART.o
 .ARM.attributes
                0x0000023e       0x39 ./Sources/accel.o
 .ARM.attributes
                0x00000277       0x39 ./Sources/kiss_fft.o
 .ARM.attributes
                0x000002b0       0x39 ./Sources/kiss_fftr.o
 .ARM.attributes
                0x000002e9       0x39 ./Sources/main.o
 .ARM.attributes
                0x00000322       0x39 ./Sources/packet.o
 .ARM.attributes
                0x0000035b       0x39 ./Project_Settings/Startup_Code/startup.o
 .ARM.attributes
                0x00000394       0x39 ./Generated_Code/Cpu.o
 .ARM.attributes
                0x000003cd       0x39 ./Generated_Code/Vectors.o
 .ARM.attributes
                0x00000406       0x39 D:\Embedded Software US\es18aut13\Project\Library\libOS.a(OS.o)
 .ARM.attributes
                0x0000043f       0x39 D:\Embedded Software US\es18aut13\Project\Library\libAnalog.a(analog.o)
 .ARM.attributes
                0x00000478       0x39 D:\Embedded Software US\es18aut13\Project\Library\libAnalog.a(SPI.o)
 .ARM.attributes
                0x000004b1       0x34 c:/freescale/kds_3.0.0/toolchain/bin/../lib/gcc/arm-none-eabi/4.8.4/../../../../arm-none-eabi/lib/armv7e-m/fpu\libm.a(lib_a-s_cos.o)
 .ARM.attributes
                0x000004e5       0x34 c:/freescale/kds_3.0.0/toolchain/bin/../lib/gcc/arm-none-eabi/4.8.4/../../../../arm-none-eabi/lib/armv7e-m/fpu\libm.a(lib_a-s_floor.o)
 .ARM.attributes
                0x00000519       0x34 c:/freescale/kds_3.0.0/toolchain/bin/../lib/gcc/arm-none-eabi/4.8.4/../../../../arm-none-eabi/lib/armv7e-m/fpu\libm.a(lib_a-s_sin.o)
 .ARM.attributes
                0x0000054d       0x34 c:/freescale/kds_3.0.0/toolchain/bin/../lib/gcc/arm-none-eabi/4.8.4/../../../../arm-none-eabi/lib/armv7e-m/fpu\libm.a(lib_a-sf_round.o)
 .ARM.attributes
                0x00000581       0x34 c:/freescale/kds_3.0.0/toolchain/bin/../lib/gcc/arm-none-eabi/4.8.4/../../../../arm-none-eabi/lib/armv7e-m/fpu\libm.a(lib_a-w_sqrt.o)
 .ARM.attributes
                0x000005b5       0x34 c:/freescale/kds_3.0.0/toolchain/bin/../lib/gcc/arm-none-eabi/4.8.4/../../../../arm-none-eabi/lib/armv7e-m/fpu\libm.a(lib_a-e_rem_pio2.o)
 .ARM.attributes
                0x000005e9       0x34 c:/freescale/kds_3.0.0/toolchain/bin/../lib/gcc/arm-none-eabi/4.8.4/../../../../arm-none-eabi/lib/armv7e-m/fpu\libm.a(lib_a-e_sqrt.o)
 .ARM.attributes
                0x0000061d       0x34 c:/freescale/kds_3.0.0/toolchain/bin/../lib/gcc/arm-none-eabi/4.8.4/../../../../arm-none-eabi/lib/armv7e-m/fpu\libm.a(lib_a-k_cos.o)
 .ARM.attributes
                0x00000651       0x34 c:/freescale/kds_3.0.0/toolchain/bin/../lib/gcc/arm-none-eabi/4.8.4/../../../../arm-none-eabi/lib/armv7e-m/fpu\libm.a(lib_a-k_rem_pio2.o)
 .ARM.attributes
                0x00000685       0x34 c:/freescale/kds_3.0.0/toolchain/bin/../lib/gcc/arm-none-eabi/4.8.4/../../../../arm-none-eabi/lib/armv7e-m/fpu\libm.a(lib_a-k_sin.o)
 .ARM.attributes
                0x000006b9       0x34 c:/freescale/kds_3.0.0/toolchain/bin/../lib/gcc/arm-none-eabi/4.8.4/../../../../arm-none-eabi/lib/armv7e-m/fpu\libm.a(lib_a-s_fabs.o)
 .ARM.attributes
                0x000006ed       0x34 c:/freescale/kds_3.0.0/toolchain/bin/../lib/gcc/arm-none-eabi/4.8.4/../../../../arm-none-eabi/lib/armv7e-m/fpu\libm.a(lib_a-s_fpclassify.o)
 .ARM.attributes
                0x00000721       0x34 c:/freescale/kds_3.0.0/toolchain/bin/../lib/gcc/arm-none-eabi/4.8.4/../../../../arm-none-eabi/lib/armv7e-m/fpu\libm.a(lib_a-s_lib_ver.o)
 .ARM.attributes
                0x00000755       0x34 c:/freescale/kds_3.0.0/toolchain/bin/../lib/gcc/arm-none-eabi/4.8.4/../../../../arm-none-eabi/lib/armv7e-m/fpu\libm.a(lib_a-s_matherr.o)
 .ARM.attributes
                0x00000789       0x34 c:/freescale/kds_3.0.0/toolchain/bin/../lib/gcc/arm-none-eabi/4.8.4/../../../../arm-none-eabi/lib/armv7e-m/fpu\libm.a(lib_a-s_scalbn.o)
 .ARM.attributes
                0x000007bd       0x34 c:/freescale/kds_3.0.0/toolchain/bin/../lib/gcc/arm-none-eabi/4.8.4/../../../../arm-none-eabi/lib/armv7e-m/fpu\libm.a(lib_a-s_copysign.o)
 .ARM.attributes
                0x000007f1       0x22 c:/freescale/kds_3.0.0/toolchain/bin/../lib/gcc/arm-none-eabi/4.8.4/armv7e-m/fpu\libgcc.a(_arm_addsubdf3.o)
 .ARM.attributes
                0x00000813       0x22 c:/freescale/kds_3.0.0/toolchain/bin/../lib/gcc/arm-none-eabi/4.8.4/armv7e-m/fpu\libgcc.a(_arm_muldivdf3.o)
 .ARM.attributes
                0x00000835       0x22 c:/freescale/kds_3.0.0/toolchain/bin/../lib/gcc/arm-none-eabi/4.8.4/armv7e-m/fpu\libgcc.a(_arm_cmpdf2.o)
 .ARM.attributes
                0x00000857       0x22 c:/freescale/kds_3.0.0/toolchain/bin/../lib/gcc/arm-none-eabi/4.8.4/armv7e-m/fpu\libgcc.a(_arm_fixdfsi.o)
 .ARM.attributes
                0x00000879       0x22 c:/freescale/kds_3.0.0/toolchain/bin/../lib/gcc/arm-none-eabi/4.8.4/armv7e-m/fpu\libgcc.a(_arm_fixunsdfsi.o)
 .ARM.attributes
                0x0000089b       0x22 c:/freescale/kds_3.0.0/toolchain/bin/../lib/gcc/arm-none-eabi/4.8.4/armv7e-m/fpu\libgcc.a(_arm_truncdfsf2.o)
 .ARM.attributes
                0x000008bd       0x22 c:/freescale/kds_3.0.0/toolchain/bin/../lib/gcc/arm-none-eabi/4.8.4/armv7e-m/fpu\libgcc.a(_arm_addsubsf3.o)
 .ARM.attributes
                0x000008df       0x34 c:/freescale/kds_3.0.0/toolchain/bin/../lib/gcc/arm-none-eabi/4.8.4/armv7e-m/fpu\libgcc.a(_fixunssfdi.o)
 .ARM.attributes
                0x00000913       0x34 c:/freescale/kds_3.0.0/toolchain/bin/../lib/gcc/arm-none-eabi/4.8.4/../../../../arm-none-eabi/lib/armv7e-m/fpu\libg_s.a(lib_a-errno.o)
 .ARM.attributes
                0x00000947       0x34 c:/freescale/kds_3.0.0/toolchain/bin/../lib/gcc/arm-none-eabi/4.8.4/../../../../arm-none-eabi/lib/armv7e-m/fpu\libg_s.a(lib_a-exit.o)
 .ARM.attributes
                0x0000097b       0x34 c:/freescale/kds_3.0.0/toolchain/bin/../lib/gcc/arm-none-eabi/4.8.4/../../../../arm-none-eabi/lib/armv7e-m/fpu\libg_s.a(lib_a-fwrite.o)
 .ARM.attributes
                0x000009af       0x34 c:/freescale/kds_3.0.0/toolchain/bin/../lib/gcc/arm-none-eabi/4.8.4/../../../../arm-none-eabi/lib/armv7e-m/fpu\libg_s.a(lib_a-impure.o)
 .ARM.attributes
                0x000009e3       0x34 c:/freescale/kds_3.0.0/toolchain/bin/../lib/gcc/arm-none-eabi/4.8.4/../../../../arm-none-eabi/lib/armv7e-m/fpu\libg_s.a(lib_a-init.o)
 .ARM.attributes
                0x00000a17       0x34 c:/freescale/kds_3.0.0/toolchain/bin/../lib/gcc/arm-none-eabi/4.8.4/../../../../arm-none-eabi/lib/armv7e-m/fpu\libg_s.a(lib_a-malloc.o)
 .ARM.attributes
                0x00000a4b       0x34 c:/freescale/kds_3.0.0/toolchain/bin/../lib/gcc/arm-none-eabi/4.8.4/../../../../arm-none-eabi/lib/armv7e-m/fpu\libg_s.a(lib_a-memcpy-stub.o)
 .ARM.attributes
                0x00000a7f       0x34 c:/freescale/kds_3.0.0/toolchain/bin/../lib/gcc/arm-none-eabi/4.8.4/../../../../arm-none-eabi/lib/armv7e-m/fpu\libg_s.a(lib_a-memset.o)
 .ARM.attributes
                0x00000ab3       0x34 c:/freescale/kds_3.0.0/toolchain/bin/../lib/gcc/arm-none-eabi/4.8.4/../../../../arm-none-eabi/lib/armv7e-m/fpu\libg_s.a(lib_a-nano-freer.o)
 .ARM.attributes
                0x00000ae7       0x34 c:/freescale/kds_3.0.0/toolchain/bin/../lib/gcc/arm-none-eabi/4.8.4/../../../../arm-none-eabi/lib/armv7e-m/fpu\libg_s.a(lib_a-nano-mallocr.o)
 .ARM.attributes
                0x00000b1b       0x34 c:/freescale/kds_3.0.0/toolchain/bin/../lib/gcc/arm-none-eabi/4.8.4/../../../../arm-none-eabi/lib/armv7e-m/fpu\libg_s.a(lib_a-sbrkr.o)
 .ARM.attributes
                0x00000b4f       0x34 c:/freescale/kds_3.0.0/toolchain/bin/../lib/gcc/arm-none-eabi/4.8.4/../../../../arm-none-eabi/lib/armv7e-m/fpu\libg_s.a(lib_a-wbuf.o)
 .ARM.attributes
                0x00000b83       0x34 c:/freescale/kds_3.0.0/toolchain/bin/../lib/gcc/arm-none-eabi/4.8.4/../../../../arm-none-eabi/lib/armv7e-m/fpu\libg_s.a(lib_a-wsetup.o)
 .ARM.attributes
                0x00000bb7       0x34 c:/freescale/kds_3.0.0/toolchain/bin/../lib/gcc/arm-none-eabi/4.8.4/../../../../arm-none-eabi/lib/armv7e-m/fpu\libg_s.a(lib_a-fflush.o)
 .ARM.attributes
                0x00000beb       0x34 c:/freescale/kds_3.0.0/toolchain/bin/../lib/gcc/arm-none-eabi/4.8.4/../../../../arm-none-eabi/lib/armv7e-m/fpu\libg_s.a(lib_a-findfp.o)
 .ARM.attributes
                0x00000c1f       0x34 c:/freescale/kds_3.0.0/toolchain/bin/../lib/gcc/arm-none-eabi/4.8.4/../../../../arm-none-eabi/lib/armv7e-m/fpu\libg_s.a(lib_a-makebuf.o)
 .ARM.attributes
                0x00000c53       0x34 c:/freescale/kds_3.0.0/toolchain/bin/../lib/gcc/arm-none-eabi/4.8.4/../../../../arm-none-eabi/lib/armv7e-m/fpu\libg_s.a(lib_a-reent.o)
 .ARM.attributes
                0x00000c87       0x34 c:/freescale/kds_3.0.0/toolchain/bin/../lib/gcc/arm-none-eabi/4.8.4/../../../../arm-none-eabi/lib/armv7e-m/fpu\libg_s.a(lib_a-stdio.o)
 .ARM.attributes
                0x00000cbb       0x34 c:/freescale/kds_3.0.0/toolchain/bin/../lib/gcc/arm-none-eabi/4.8.4/../../../../arm-none-eabi/lib/armv7e-m/fpu\libg_s.a(lib_a-writer.o)
 .ARM.attributes
                0x00000cef       0x34 c:/freescale/kds_3.0.0/toolchain/bin/../lib/gcc/arm-none-eabi/4.8.4/../../../../arm-none-eabi/lib/armv7e-m/fpu\libg_s.a(lib_a-closer.o)
 .ARM.attributes
                0x00000d23       0x34 c:/freescale/kds_3.0.0/toolchain/bin/../lib/gcc/arm-none-eabi/4.8.4/../../../../arm-none-eabi/lib/armv7e-m/fpu\libg_s.a(lib_a-fstatr.o)
 .ARM.attributes
                0x00000d57       0x34 c:/freescale/kds_3.0.0/toolchain/bin/../lib/gcc/arm-none-eabi/4.8.4/../../../../arm-none-eabi/lib/armv7e-m/fpu\libg_s.a(lib_a-isattyr.o)
 .ARM.attributes
                0x00000d8b       0x34 c:/freescale/kds_3.0.0/toolchain/bin/../lib/gcc/arm-none-eabi/4.8.4/../../../../arm-none-eabi/lib/armv7e-m/fpu\libg_s.a(lib_a-lseekr.o)
 .ARM.attributes
                0x00000dbf       0x34 c:/freescale/kds_3.0.0/toolchain/bin/../lib/gcc/arm-none-eabi/4.8.4/../../../../arm-none-eabi/lib/armv7e-m/fpu\libg_s.a(lib_a-readr.o)
 .ARM.attributes
                0x00000df3       0x34 c:/freescale/kds_3.0.0/toolchain/bin/../lib/gcc/arm-none-eabi/4.8.4/../../../../arm-none-eabi/lib/armv7e-m/fpu\libnosys.a(close.o)
 .ARM.attributes
                0x00000e27       0x34 c:/freescale/kds_3.0.0/toolchain/bin/../lib/gcc/arm-none-eabi/4.8.4/../../../../arm-none-eabi/lib/armv7e-m/fpu\libnosys.a(fstat.o)
 .ARM.attributes
                0x00000e5b       0x34 c:/freescale/kds_3.0.0/toolchain/bin/../lib/gcc/arm-none-eabi/4.8.4/../../../../arm-none-eabi/lib/armv7e-m/fpu\libnosys.a(isatty.o)
 .ARM.attributes
                0x00000e8f       0x34 c:/freescale/kds_3.0.0/toolchain/bin/../lib/gcc/arm-none-eabi/4.8.4/../../../../arm-none-eabi/lib/armv7e-m/fpu\libnosys.a(lseek.o)
 .ARM.attributes
                0x00000ec3       0x34 c:/freescale/kds_3.0.0/toolchain/bin/../lib/gcc/arm-none-eabi/4.8.4/../../../../arm-none-eabi/lib/armv7e-m/fpu\libnosys.a(read.o)
 .ARM.attributes
                0x00000ef7       0x34 c:/freescale/kds_3.0.0/toolchain/bin/../lib/gcc/arm-none-eabi/4.8.4/../../../../arm-none-eabi/lib/armv7e-m/fpu\libnosys.a(sbrk.o)
 .ARM.attributes
                0x00000f2b       0x34 c:/freescale/kds_3.0.0/toolchain/bin/../lib/gcc/arm-none-eabi/4.8.4/../../../../arm-none-eabi/lib/armv7e-m/fpu\libnosys.a(write.o)
 .ARM.attributes
                0x00000f5f       0x34 c:/freescale/kds_3.0.0/toolchain/bin/../lib/gcc/arm-none-eabi/4.8.4/../../../../arm-none-eabi/lib/armv7e-m/fpu\libnosys.a(_exit.o)
 .ARM.attributes
                0x00000f93       0x22 c:/freescale/kds_3.0.0/toolchain/bin/../lib/gcc/arm-none-eabi/4.8.4/armv7e-m/fpu/crtn.o
OUTPUT(Project.elf elf32-littlearm)

.debug_info     0x00000000     0x9805
 .debug_info    0x00000000      0x20b ./Sources/FIFO.o
 .debug_info    0x0000020b      0x797 ./Sources/FTM.o
 .debug_info    0x000009a2      0x960 ./Sources/Flash.o
 .debug_info    0x00001302      0x8fb ./Sources/I2C.o
 .debug_info    0x00001bfd      0x490 ./Sources/LEDs.o
 .debug_info    0x0000208d      0x5d0 ./Sources/PIT.o
 .debug_info    0x0000265d      0x632 ./Sources/RTC.o
 .debug_info    0x00002c8f      0xa80 ./Sources/UART.o
 .debug_info    0x0000370f      0x9af ./Sources/accel.o
 .debug_info    0x000040be      0x7b1 ./Sources/kiss_fft.o
 .debug_info    0x0000486f      0xb8b ./Sources/kiss_fftr.o
 .debug_info    0x000053fa     0x13c2 ./Sources/main.o
 .debug_info    0x000067bc      0x2ff ./Sources/packet.o
 .debug_info    0x00006abb      0x3b0 ./Project_Settings/Startup_Code/startup.o
 .debug_info    0x00006e6b      0xc82 ./Generated_Code/Cpu.o
 .debug_info    0x00007aed      0x14c ./Generated_Code/Vectors.o
 .debug_info    0x00007c39      0xd02 D:\Embedded Software US\es18aut13\Project\Library\libOS.a(OS.o)
 .debug_info    0x0000893b      0x46a D:\Embedded Software US\es18aut13\Project\Library\libAnalog.a(analog.o)
 .debug_info    0x00008da5      0xa60 D:\Embedded Software US\es18aut13\Project\Library\libAnalog.a(SPI.o)

.debug_abbrev   0x00000000     0x207b
 .debug_abbrev  0x00000000       0xce ./Sources/FIFO.o
 .debug_abbrev  0x000000ce      0x1d2 ./Sources/FTM.o
 .debug_abbrev  0x000002a0      0x256 ./Sources/Flash.o
 .debug_abbrev  0x000004f6      0x1fb ./Sources/I2C.o
 .debug_abbrev  0x000006f1      0x144 ./Sources/LEDs.o
 .debug_abbrev  0x00000835      0x188 ./Sources/PIT.o
 .debug_abbrev  0x000009bd      0x168 ./Sources/RTC.o
 .debug_abbrev  0x00000b25      0x232 ./Sources/UART.o
 .debug_abbrev  0x00000d57      0x207 ./Sources/accel.o
 .debug_abbrev  0x00000f5e      0x1dd ./Sources/kiss_fft.o
 .debug_abbrev  0x0000113b      0x1f3 ./Sources/kiss_fftr.o
 .debug_abbrev  0x0000132e      0x282 ./Sources/main.o
 .debug_abbrev  0x000015b0       0xec ./Sources/packet.o
 .debug_abbrev  0x0000169c      0x189 ./Project_Settings/Startup_Code/startup.o
 .debug_abbrev  0x00001825      0x185 ./Generated_Code/Cpu.o
 .debug_abbrev  0x000019aa       0xb3 ./Generated_Code/Vectors.o
 .debug_abbrev  0x00001a5d      0x2f8 D:\Embedded Software US\es18aut13\Project\Library\libOS.a(OS.o)
 .debug_abbrev  0x00001d55      0x151 D:\Embedded Software US\es18aut13\Project\Library\libAnalog.a(analog.o)
 .debug_abbrev  0x00001ea6      0x1d5 D:\Embedded Software US\es18aut13\Project\Library\libAnalog.a(SPI.o)

.debug_aranges  0x00000000      0x688
 .debug_aranges
                0x00000000       0x30 ./Sources/FIFO.o
 .debug_aranges
                0x00000030       0x38 ./Sources/FTM.o
 .debug_aranges
                0x00000068       0x90 ./Sources/Flash.o
 .debug_aranges
                0x000000f8       0x70 ./Sources/I2C.o
 .debug_aranges
                0x00000168       0x38 ./Sources/LEDs.o
 .debug_aranges
                0x000001a0       0x38 ./Sources/PIT.o
 .debug_aranges
                0x000001d8       0x38 ./Sources/RTC.o
 .debug_aranges
                0x00000210       0x48 ./Sources/UART.o
 .debug_aranges
                0x00000258       0x38 ./Sources/accel.o
 .debug_aranges
                0x00000290       0x78 ./Sources/kiss_fft.o
 .debug_aranges
                0x00000308       0x30 ./Sources/kiss_fftr.o
 .debug_aranges
                0x00000338      0x128 ./Sources/main.o
 .debug_aranges
                0x00000460       0x30 ./Sources/packet.o
 .debug_aranges
                0x00000490       0x50 ./Project_Settings/Startup_Code/startup.o
 .debug_aranges
                0x000004e0       0x38 ./Generated_Code/Cpu.o
 .debug_aranges
                0x00000518       0x18 ./Generated_Code/Vectors.o
 .debug_aranges
                0x00000530       0xc8 D:\Embedded Software US\es18aut13\Project\Library\libOS.a(OS.o)
 .debug_aranges
                0x000005f8       0x38 D:\Embedded Software US\es18aut13\Project\Library\libAnalog.a(analog.o)
 .debug_aranges
                0x00000630       0x58 D:\Embedded Software US\es18aut13\Project\Library\libAnalog.a(SPI.o)

.debug_ranges   0x00000000      0x550
 .debug_ranges  0x00000000       0x20 ./Sources/FIFO.o
 .debug_ranges  0x00000020       0x28 ./Sources/FTM.o
 .debug_ranges  0x00000048       0x80 ./Sources/Flash.o
 .debug_ranges  0x000000c8       0x60 ./Sources/I2C.o
 .debug_ranges  0x00000128       0x28 ./Sources/LEDs.o
 .debug_ranges  0x00000150       0x28 ./Sources/PIT.o
 .debug_ranges  0x00000178       0x28 ./Sources/RTC.o
 .debug_ranges  0x000001a0       0x38 ./Sources/UART.o
 .debug_ranges  0x000001d8       0x28 ./Sources/accel.o
 .debug_ranges  0x00000200       0x68 ./Sources/kiss_fft.o
 .debug_ranges  0x00000268       0x20 ./Sources/kiss_fftr.o
 .debug_ranges  0x00000288      0x118 ./Sources/main.o
 .debug_ranges  0x000003a0       0x20 ./Sources/packet.o
 .debug_ranges  0x000003c0       0x40 ./Project_Settings/Startup_Code/startup.o
 .debug_ranges  0x00000400       0x28 ./Generated_Code/Cpu.o
 .debug_ranges  0x00000428       0xb8 D:\Embedded Software US\es18aut13\Project\Library\libOS.a(OS.o)
 .debug_ranges  0x000004e0       0x28 D:\Embedded Software US\es18aut13\Project\Library\libAnalog.a(analog.o)
 .debug_ranges  0x00000508       0x48 D:\Embedded Software US\es18aut13\Project\Library\libAnalog.a(SPI.o)

.debug_macro    0x00000000    0x1b338
 .debug_macro   0x00000000       0xaf ./Sources/FIFO.o
 .debug_macro   0x000000af       0x22 ./Sources/FIFO.o
 .debug_macro   0x000000d1       0x3c ./Sources/FIFO.o
 .debug_macro   0x0000010d     0x1800 ./Sources/FIFO.o
 .debug_macro   0x0000190d       0xa9 ./Sources/FTM.o
 .debug_macro   0x000019b6       0x7f ./Sources/Flash.o
 .debug_macro   0x00001a35       0x16 ./Sources/Flash.o
 .debug_macro   0x00001a4b    0x174af ./Sources/Flash.o
 .debug_macro   0x00018efa       0x16 ./Sources/Flash.o
 .debug_macro   0x00018f10       0xad ./Sources/I2C.o
 .debug_macro   0x00018fbd       0x6d ./Sources/LEDs.o
 .debug_macro   0x0001902a       0xbc ./Sources/PIT.o
 .debug_macro   0x000190e6       0x10 ./Sources/PIT.o
 .debug_macro   0x000190f6       0xa9 ./Sources/RTC.o
 .debug_macro   0x0001919f       0xbd ./Sources/UART.o
 .debug_macro   0x0001925c      0x211 ./Sources/accel.o
 .debug_macro   0x0001946d       0x9a ./Sources/accel.o
 .debug_macro   0x00019507      0x198 ./Sources/kiss_fft.o
 .debug_macro   0x0001969f       0x58 ./Sources/kiss_fft.o
 .debug_macro   0x000196f7       0x35 ./Sources/kiss_fft.o
 .debug_macro   0x0001972c       0xa3 ./Sources/kiss_fft.o
 .debug_macro   0x000197cf       0x16 ./Sources/kiss_fft.o
 .debug_macro   0x000197e5      0x10e ./Sources/kiss_fft.o
 .debug_macro   0x000198f3       0x7f ./Sources/kiss_fft.o
 .debug_macro   0x00019972       0x4a ./Sources/kiss_fft.o
 .debug_macro   0x000199bc       0x52 ./Sources/kiss_fft.o
 .debug_macro   0x00019a0e       0x16 ./Sources/kiss_fft.o
 .debug_macro   0x00019a24       0x43 ./Sources/kiss_fft.o
 .debug_macro   0x00019a67      0x180 ./Sources/kiss_fft.o
 .debug_macro   0x00019be7       0x22 ./Sources/kiss_fft.o
 .debug_macro   0x00019c09       0x1c ./Sources/kiss_fft.o
 .debug_macro   0x00019c25       0x35 ./Sources/kiss_fft.o
 .debug_macro   0x00019c5a       0x10 ./Sources/kiss_fft.o
 .debug_macro   0x00019c6a       0x10 ./Sources/kiss_fft.o
 .debug_macro   0x00019c7a       0x22 ./Sources/kiss_fft.o
 .debug_macro   0x00019c9c       0xbd ./Sources/kiss_fft.o
 .debug_macro   0x00019d59       0x16 ./Sources/kiss_fft.o
 .debug_macro   0x00019d6f      0x14a ./Sources/kiss_fft.o
 .debug_macro   0x00019eb9       0xde ./Sources/kiss_fft.o
 .debug_macro   0x00019f97      0x2a6 ./Sources/kiss_fft.o
 .debug_macro   0x0001a23d       0x10 ./Sources/kiss_fft.o
 .debug_macro   0x0001a24d       0x22 ./Sources/kiss_fft.o
 .debug_macro   0x0001a26f       0x2b ./Sources/kiss_fft.o
 .debug_macro   0x0001a29a       0xee ./Sources/kiss_fft.o
 .debug_macro   0x0001a388       0x71 ./Sources/kiss_fft.o
 .debug_macro   0x0001a3f9      0x1a8 ./Sources/kiss_fftr.o
 .debug_macro   0x0001a5a1      0x2c2 ./Sources/main.o
 .debug_macro   0x0001a863       0x10 ./Sources/main.o
 .debug_macro   0x0001a873       0x3a ./Sources/main.o
 .debug_macro   0x0001a8ad      0x166 ./Sources/main.o
 .debug_macro   0x0001aa13       0x10 ./Sources/main.o
 .debug_macro   0x0001aa23       0xc2 ./Sources/packet.o
 .debug_macro   0x0001aae5      0x121 ./Project_Settings/Startup_Code/startup.o
 .debug_macro   0x0001ac06      0x20f ./Project_Settings/Startup_Code/startup.o
 .debug_macro   0x0001ae15       0x84 ./Generated_Code/Cpu.o
 .debug_macro   0x0001ae99       0xa0 ./Generated_Code/Cpu.o
 .debug_macro   0x0001af39       0xf5 ./Generated_Code/Vectors.o
 .debug_macro   0x0001b02e       0x36 ./Generated_Code/Vectors.o
 .debug_macro   0x0001b064       0xa3 D:\Embedded Software US\es18aut13\Project\Library\libOS.a(OS.o)
 .debug_macro   0x0001b107       0x94 D:\Embedded Software US\es18aut13\Project\Library\libOS.a(OS.o)
 .debug_macro   0x0001b19b       0x30 D:\Embedded Software US\es18aut13\Project\Library\libOS.a(OS.o)
 .debug_macro   0x0001b1cb       0xf5 D:\Embedded Software US\es18aut13\Project\Library\libAnalog.a(analog.o)
 .debug_macro   0x0001b2c0       0x10 D:\Embedded Software US\es18aut13\Project\Library\libAnalog.a(analog.o)
 .debug_macro   0x0001b2d0       0x68 D:\Embedded Software US\es18aut13\Project\Library\libAnalog.a(SPI.o)

.debug_line     0x00000000     0x45c6
 .debug_line    0x00000000      0x2c5 ./Sources/FIFO.o
 .debug_line    0x000002c5      0x307 ./Sources/FTM.o
 .debug_line    0x000005cc      0x390 ./Sources/Flash.o
 .debug_line    0x0000095c      0x3f9 ./Sources/I2C.o
 .debug_line    0x00000d55      0x225 ./Sources/LEDs.o
 .debug_line    0x00000f7a      0x332 ./Sources/PIT.o
 .debug_line    0x000012ac      0x2ea ./Sources/RTC.o
 .debug_line    0x00001596      0x341 ./Sources/UART.o
 .debug_line    0x000018d7      0x329 ./Sources/accel.o
 .debug_line    0x00001c00      0x61b ./Sources/kiss_fft.o
 .debug_line    0x0000221b      0x418 ./Sources/kiss_fftr.o
 .debug_line    0x00002633      0xa36 ./Sources/main.o
 .debug_line    0x00003069      0x2de ./Sources/packet.o
 .debug_line    0x00003347      0x3d4 ./Project_Settings/Startup_Code/startup.o
 .debug_line    0x0000371b      0x27b ./Generated_Code/Cpu.o
 .debug_line    0x00003996      0x2c7 ./Generated_Code/Vectors.o
 .debug_line    0x00003c5d      0x496 D:\Embedded Software US\es18aut13\Project\Library\libOS.a(OS.o)
 .debug_line    0x000040f3      0x200 D:\Embedded Software US\es18aut13\Project\Library\libAnalog.a(analog.o)
 .debug_line    0x000042f3      0x2d3 D:\Embedded Software US\es18aut13\Project\Library\libAnalog.a(SPI.o)

.debug_str      0x00000000    0x91cd0
 .debug_str     0x00000000    0x8a66f ./Sources/FIFO.o
                              0x8a7fe (size before relaxing)
 .debug_str     0x0008a66f      0x3b0 ./Sources/FTM.o
                              0x8ab40 (size before relaxing)
 .debug_str     0x0008aa1f      0x306 ./Sources/Flash.o
                              0x83200 (size before relaxing)
 .debug_str     0x0008ad25      0x222 ./Sources/I2C.o
                              0x8ab06 (size before relaxing)
 .debug_str     0x0008af47       0xa6 ./Sources/LEDs.o
                              0x82eec (size before relaxing)
 .debug_str     0x0008afed      0x109 ./Sources/PIT.o
                              0x8a9c9 (size before relaxing)
 .debug_str     0x0008b0f6       0x9d ./Sources/RTC.o
                              0x8a96b (size before relaxing)
 .debug_str     0x0008b193      0x235 ./Sources/UART.o
                              0x8abb0 (size before relaxing)
 .debug_str     0x0008b3c8      0xa39 ./Sources/accel.o
                              0x8b4f2 (size before relaxing)
 .debug_str     0x0008be01     0x3eba ./Sources/kiss_fft.o
                               0x65de (size before relaxing)
 .debug_str     0x0008fcbb      0x452 ./Sources/kiss_fftr.o
                               0x6938 (size before relaxing)
 .debug_str     0x0009010d      0xb62 ./Sources/main.o
                              0x8ee1e (size before relaxing)
 .debug_str     0x00090c6f       0x4f ./Sources/packet.o
                              0x8aa8d (size before relaxing)
 .debug_str     0x00090cbe      0x182 ./Project_Settings/Startup_Code/startup.o
                              0x853f0 (size before relaxing)
 .debug_str     0x00090e40      0x1e3 ./Generated_Code/Cpu.o
                              0x8aa21 (size before relaxing)
 .debug_str     0x00091023       0x1c ./Generated_Code/Vectors.o
                              0x8a854 (size before relaxing)
 .debug_str     0x0009103f      0x39a D:\Embedded Software US\es18aut13\Project\Library\libOS.a(OS.o)
                              0x8ad2a (size before relaxing)
 .debug_str     0x000913d9      0x55a D:\Embedded Software US\es18aut13\Project\Library\libAnalog.a(analog.o)
                               0x3866 (size before relaxing)
 .debug_str     0x00091933      0x39d D:\Embedded Software US\es18aut13\Project\Library\libAnalog.a(SPI.o)
                              0x83389 (size before relaxing)

.comment        0x00000000       0x70
 .comment       0x00000000       0x70 ./Sources/FIFO.o
                                 0x71 (size before relaxing)
 .comment       0x00000000       0x71 ./Sources/FTM.o
 .comment       0x00000000       0x71 ./Sources/Flash.o
 .comment       0x00000000       0x71 ./Sources/I2C.o
 .comment       0x00000000       0x71 ./Sources/LEDs.o
 .comment       0x00000000       0x71 ./Sources/PIT.o
 .comment       0x00000000       0x71 ./Sources/RTC.o
 .comment       0x00000000       0x71 ./Sources/UART.o
 .comment       0x00000000       0x71 ./Sources/accel.o
 .comment       0x00000000       0x71 ./Sources/kiss_fft.o
 .comment       0x00000000       0x71 ./Sources/kiss_fftr.o
 .comment       0x00000000       0x71 ./Sources/main.o
 .comment       0x00000000       0x71 ./Sources/packet.o
 .comment       0x00000000       0x71 ./Project_Settings/Startup_Code/startup.o
 .comment       0x00000000       0x71 ./Generated_Code/Cpu.o
 .comment       0x00000000       0x71 ./Generated_Code/Vectors.o
 .comment       0x00000000       0x71 D:\Embedded Software US\es18aut13\Project\Library\libOS.a(OS.o)
 .comment       0x00000000       0x71 D:\Embedded Software US\es18aut13\Project\Library\libAnalog.a(analog.o)
 .comment       0x00000000       0x71 D:\Embedded Software US\es18aut13\Project\Library\libAnalog.a(SPI.o)

.debug_frame    0x00000000     0x1ce8
 .debug_frame   0x00000000       0x70 ./Sources/FIFO.o
 .debug_frame   0x00000070       0x88 ./Sources/FTM.o
 .debug_frame   0x000000f8      0x1f4 ./Sources/Flash.o
 .debug_frame   0x000002ec      0x148 ./Sources/I2C.o
 .debug_frame   0x00000434       0x7c ./Sources/LEDs.o
 .debug_frame   0x000004b0       0x8c ./Sources/PIT.o
 .debug_frame   0x0000053c       0x8c ./Sources/RTC.o
 .debug_frame   0x000005c8       0xd4 ./Sources/UART.o
 .debug_frame   0x0000069c       0x94 ./Sources/accel.o
 .debug_frame   0x00000730      0x180 ./Sources/kiss_fft.o
 .debug_frame   0x000008b0       0x74 ./Sources/kiss_fftr.o
 .debug_frame   0x00000924      0x438 ./Sources/main.o
 .debug_frame   0x00000d5c       0x70 ./Sources/packet.o
 .debug_frame   0x00000dcc       0xc0 ./Project_Settings/Startup_Code/startup.o
 .debug_frame   0x00000e8c       0x80 ./Generated_Code/Cpu.o
 .debug_frame   0x00000f0c      0x2a0 D:\Embedded Software US\es18aut13\Project\Library\libOS.a(OS.o)
 .debug_frame   0x000011ac       0x90 D:\Embedded Software US\es18aut13\Project\Library\libAnalog.a(analog.o)
 .debug_frame   0x0000123c      0x100 D:\Embedded Software US\es18aut13\Project\Library\libAnalog.a(SPI.o)
 .debug_frame   0x0000133c       0x28 c:/freescale/kds_3.0.0/toolchain/bin/../lib/gcc/arm-none-eabi/4.8.4/../../../../arm-none-eabi/lib/armv7e-m/fpu\libm.a(lib_a-s_cos.o)
 .debug_frame   0x00001364       0x38 c:/freescale/kds_3.0.0/toolchain/bin/../lib/gcc/arm-none-eabi/4.8.4/../../../../arm-none-eabi/lib/armv7e-m/fpu\libm.a(lib_a-s_floor.o)
 .debug_frame   0x0000139c       0x28 c:/freescale/kds_3.0.0/toolchain/bin/../lib/gcc/arm-none-eabi/4.8.4/../../../../arm-none-eabi/lib/armv7e-m/fpu\libm.a(lib_a-s_sin.o)
 .debug_frame   0x000013c4       0x20 c:/freescale/kds_3.0.0/toolchain/bin/../lib/gcc/arm-none-eabi/4.8.4/../../../../arm-none-eabi/lib/armv7e-m/fpu\libm.a(lib_a-sf_round.o)
 .debug_frame   0x000013e4       0x38 c:/freescale/kds_3.0.0/toolchain/bin/../lib/gcc/arm-none-eabi/4.8.4/../../../../arm-none-eabi/lib/armv7e-m/fpu\libm.a(lib_a-w_sqrt.o)
 .debug_frame   0x0000141c       0x38 c:/freescale/kds_3.0.0/toolchain/bin/../lib/gcc/arm-none-eabi/4.8.4/../../../../arm-none-eabi/lib/armv7e-m/fpu\libm.a(lib_a-e_rem_pio2.o)
 .debug_frame   0x00001454       0x3c c:/freescale/kds_3.0.0/toolchain/bin/../lib/gcc/arm-none-eabi/4.8.4/../../../../arm-none-eabi/lib/armv7e-m/fpu\libm.a(lib_a-e_sqrt.o)
 .debug_frame   0x00001490       0x40 c:/freescale/kds_3.0.0/toolchain/bin/../lib/gcc/arm-none-eabi/4.8.4/../../../../arm-none-eabi/lib/armv7e-m/fpu\libm.a(lib_a-k_cos.o)
 .debug_frame   0x000014d0       0x3c c:/freescale/kds_3.0.0/toolchain/bin/../lib/gcc/arm-none-eabi/4.8.4/../../../../arm-none-eabi/lib/armv7e-m/fpu\libm.a(lib_a-k_rem_pio2.o)
 .debug_frame   0x0000150c       0x40 c:/freescale/kds_3.0.0/toolchain/bin/../lib/gcc/arm-none-eabi/4.8.4/../../../../arm-none-eabi/lib/armv7e-m/fpu\libm.a(lib_a-k_sin.o)
 .debug_frame   0x0000154c       0x20 c:/freescale/kds_3.0.0/toolchain/bin/../lib/gcc/arm-none-eabi/4.8.4/../../../../arm-none-eabi/lib/armv7e-m/fpu\libm.a(lib_a-s_fabs.o)
 .debug_frame   0x0000156c       0x28 c:/freescale/kds_3.0.0/toolchain/bin/../lib/gcc/arm-none-eabi/4.8.4/../../../../arm-none-eabi/lib/armv7e-m/fpu\libm.a(lib_a-s_fpclassify.o)
 .debug_frame   0x00001594       0x20 c:/freescale/kds_3.0.0/toolchain/bin/../lib/gcc/arm-none-eabi/4.8.4/../../../../arm-none-eabi/lib/armv7e-m/fpu\libm.a(lib_a-s_matherr.o)
 .debug_frame   0x000015b4       0x2c c:/freescale/kds_3.0.0/toolchain/bin/../lib/gcc/arm-none-eabi/4.8.4/../../../../arm-none-eabi/lib/armv7e-m/fpu\libm.a(lib_a-s_scalbn.o)
 .debug_frame   0x000015e0       0x28 c:/freescale/kds_3.0.0/toolchain/bin/../lib/gcc/arm-none-eabi/4.8.4/../../../../arm-none-eabi/lib/armv7e-m/fpu\libm.a(lib_a-s_copysign.o)
 .debug_frame   0x00001608       0x2c c:/freescale/kds_3.0.0/toolchain/bin/../lib/gcc/arm-none-eabi/4.8.4/armv7e-m/fpu\libgcc.a(_fixunssfdi.o)
 .debug_frame   0x00001634       0x20 c:/freescale/kds_3.0.0/toolchain/bin/../lib/gcc/arm-none-eabi/4.8.4/../../../../arm-none-eabi/lib/armv7e-m/fpu\libg_s.a(lib_a-errno.o)
 .debug_frame   0x00001654       0x28 c:/freescale/kds_3.0.0/toolchain/bin/../lib/gcc/arm-none-eabi/4.8.4/../../../../arm-none-eabi/lib/armv7e-m/fpu\libg_s.a(lib_a-exit.o)
 .debug_frame   0x0000167c       0x54 c:/freescale/kds_3.0.0/toolchain/bin/../lib/gcc/arm-none-eabi/4.8.4/../../../../arm-none-eabi/lib/armv7e-m/fpu\libg_s.a(lib_a-fwrite.o)
 .debug_frame   0x000016d0       0x2c c:/freescale/kds_3.0.0/toolchain/bin/../lib/gcc/arm-none-eabi/4.8.4/../../../../arm-none-eabi/lib/armv7e-m/fpu\libg_s.a(lib_a-init.o)
 .debug_frame   0x000016fc       0x30 c:/freescale/kds_3.0.0/toolchain/bin/../lib/gcc/arm-none-eabi/4.8.4/../../../../arm-none-eabi/lib/armv7e-m/fpu\libg_s.a(lib_a-malloc.o)
 .debug_frame   0x0000172c       0x28 c:/freescale/kds_3.0.0/toolchain/bin/../lib/gcc/arm-none-eabi/4.8.4/../../../../arm-none-eabi/lib/armv7e-m/fpu\libg_s.a(lib_a-memcpy-stub.o)
 .debug_frame   0x00001754       0x20 c:/freescale/kds_3.0.0/toolchain/bin/../lib/gcc/arm-none-eabi/4.8.4/../../../../arm-none-eabi/lib/armv7e-m/fpu\libg_s.a(lib_a-memset.o)
 .debug_frame   0x00001774       0x2c c:/freescale/kds_3.0.0/toolchain/bin/../lib/gcc/arm-none-eabi/4.8.4/../../../../arm-none-eabi/lib/armv7e-m/fpu\libg_s.a(lib_a-nano-freer.o)
 .debug_frame   0x000017a0       0x2c c:/freescale/kds_3.0.0/toolchain/bin/../lib/gcc/arm-none-eabi/4.8.4/../../../../arm-none-eabi/lib/armv7e-m/fpu\libg_s.a(lib_a-nano-mallocr.o)
 .debug_frame   0x000017cc       0x2c c:/freescale/kds_3.0.0/toolchain/bin/../lib/gcc/arm-none-eabi/4.8.4/../../../../arm-none-eabi/lib/armv7e-m/fpu\libg_s.a(lib_a-sbrkr.o)
 .debug_frame   0x000017f8       0x3c c:/freescale/kds_3.0.0/toolchain/bin/../lib/gcc/arm-none-eabi/4.8.4/../../../../arm-none-eabi/lib/armv7e-m/fpu\libg_s.a(lib_a-wbuf.o)
 .debug_frame   0x00001834       0x2c c:/freescale/kds_3.0.0/toolchain/bin/../lib/gcc/arm-none-eabi/4.8.4/../../../../arm-none-eabi/lib/armv7e-m/fpu\libg_s.a(lib_a-wsetup.o)
 .debug_frame   0x00001860       0x5c c:/freescale/kds_3.0.0/toolchain/bin/../lib/gcc/arm-none-eabi/4.8.4/../../../../arm-none-eabi/lib/armv7e-m/fpu\libg_s.a(lib_a-fflush.o)
 .debug_frame   0x000018bc      0x12c c:/freescale/kds_3.0.0/toolchain/bin/../lib/gcc/arm-none-eabi/4.8.4/../../../../arm-none-eabi/lib/armv7e-m/fpu\libg_s.a(lib_a-findfp.o)
 .debug_frame   0x000019e8       0x30 c:/freescale/kds_3.0.0/toolchain/bin/../lib/gcc/arm-none-eabi/4.8.4/../../../../arm-none-eabi/lib/armv7e-m/fpu\libg_s.a(lib_a-makebuf.o)
 .debug_frame   0x00001a18       0x48 c:/freescale/kds_3.0.0/toolchain/bin/../lib/gcc/arm-none-eabi/4.8.4/../../../../arm-none-eabi/lib/armv7e-m/fpu\libg_s.a(lib_a-reent.o)
 .debug_frame   0x00001a60       0x80 c:/freescale/kds_3.0.0/toolchain/bin/../lib/gcc/arm-none-eabi/4.8.4/../../../../arm-none-eabi/lib/armv7e-m/fpu\libg_s.a(lib_a-stdio.o)
 .debug_frame   0x00001ae0       0x2c c:/freescale/kds_3.0.0/toolchain/bin/../lib/gcc/arm-none-eabi/4.8.4/../../../../arm-none-eabi/lib/armv7e-m/fpu\libg_s.a(lib_a-writer.o)
 .debug_frame   0x00001b0c       0x2c c:/freescale/kds_3.0.0/toolchain/bin/../lib/gcc/arm-none-eabi/4.8.4/../../../../arm-none-eabi/lib/armv7e-m/fpu\libg_s.a(lib_a-closer.o)
 .debug_frame   0x00001b38       0x2c c:/freescale/kds_3.0.0/toolchain/bin/../lib/gcc/arm-none-eabi/4.8.4/../../../../arm-none-eabi/lib/armv7e-m/fpu\libg_s.a(lib_a-fstatr.o)
 .debug_frame   0x00001b64       0x2c c:/freescale/kds_3.0.0/toolchain/bin/../lib/gcc/arm-none-eabi/4.8.4/../../../../arm-none-eabi/lib/armv7e-m/fpu\libg_s.a(lib_a-isattyr.o)
 .debug_frame   0x00001b90       0x2c c:/freescale/kds_3.0.0/toolchain/bin/../lib/gcc/arm-none-eabi/4.8.4/../../../../arm-none-eabi/lib/armv7e-m/fpu\libg_s.a(lib_a-lseekr.o)
 .debug_frame   0x00001bbc       0x2c c:/freescale/kds_3.0.0/toolchain/bin/../lib/gcc/arm-none-eabi/4.8.4/../../../../arm-none-eabi/lib/armv7e-m/fpu\libg_s.a(lib_a-readr.o)
 .debug_frame   0x00001be8       0x20 c:/freescale/kds_3.0.0/toolchain/bin/../lib/gcc/arm-none-eabi/4.8.4/../../../../arm-none-eabi/lib/armv7e-m/fpu\libnosys.a(close.o)
 .debug_frame   0x00001c08       0x20 c:/freescale/kds_3.0.0/toolchain/bin/../lib/gcc/arm-none-eabi/4.8.4/../../../../arm-none-eabi/lib/armv7e-m/fpu\libnosys.a(fstat.o)
 .debug_frame   0x00001c28       0x20 c:/freescale/kds_3.0.0/toolchain/bin/../lib/gcc/arm-none-eabi/4.8.4/../../../../arm-none-eabi/lib/armv7e-m/fpu\libnosys.a(isatty.o)
 .debug_frame   0x00001c48       0x20 c:/freescale/kds_3.0.0/toolchain/bin/../lib/gcc/arm-none-eabi/4.8.4/../../../../arm-none-eabi/lib/armv7e-m/fpu\libnosys.a(lseek.o)
 .debug_frame   0x00001c68       0x20 c:/freescale/kds_3.0.0/toolchain/bin/../lib/gcc/arm-none-eabi/4.8.4/../../../../arm-none-eabi/lib/armv7e-m/fpu\libnosys.a(read.o)
 .debug_frame   0x00001c88       0x20 c:/freescale/kds_3.0.0/toolchain/bin/../lib/gcc/arm-none-eabi/4.8.4/../../../../arm-none-eabi/lib/armv7e-m/fpu\libnosys.a(sbrk.o)
 .debug_frame   0x00001ca8       0x20 c:/freescale/kds_3.0.0/toolchain/bin/../lib/gcc/arm-none-eabi/4.8.4/../../../../arm-none-eabi/lib/armv7e-m/fpu\libnosys.a(write.o)
 .debug_frame   0x00001cc8       0x20 c:/freescale/kds_3.0.0/toolchain/bin/../lib/gcc/arm-none-eabi/4.8.4/../../../../arm-none-eabi/lib/armv7e-m/fpu\libnosys.a(_exit.o)

.stab           0x00000000       0x9c
 .stab          0x00000000       0x24 c:/freescale/kds_3.0.0/toolchain/bin/../lib/gcc/arm-none-eabi/4.8.4/../../../../arm-none-eabi/lib/armv7e-m/fpu\libnosys.a(close.o)