Archive member included because of file (symbol)

C:\Users\12551519\kinetis\Project\Library\libOS.a(OS.o)
                              ./Sources/main.o (OS_Init)
C:\Users\12551519\kinetis\Project\Library\libAnalog.a(analog.o)
                              ./Sources/main.o (Analog_Init)
C:\Users\12551519\kinetis\Project\Library\libAnalog.a(SPI.o)
                              C:\Users\12551519\kinetis\Project\Library\libAnalog.a(analog.o) (SPI_Init)
c:/freescale/kds_3.0.0/toolchain/bin/../lib/gcc/arm-none-eabi/4.8.4/../../../../arm-none-eabi/lib/armv7e-m/fpu\libm.a(lib_a-w_sqrt.o)
                              ./Sources/main.o (sqrt)
c:/freescale/kds_3.0.0/toolchain/bin/../lib/gcc/arm-none-eabi/4.8.4/../../../../arm-none-eabi/lib/armv7e-m/fpu\libm.a(lib_a-e_sqrt.o)
                              c:/freescale/kds_3.0.0/toolchain/bin/../lib/gcc/arm-none-eabi/4.8.4/../../../../arm-none-eabi/lib/armv7e-m/fpu\libm.a(lib_a-w_sqrt.o) (__ieee754_sqrt)
c:/freescale/kds_3.0.0/toolchain/bin/../lib/gcc/arm-none-eabi/4.8.4/../../../../arm-none-eabi/lib/armv7e-m/fpu\libm.a(lib_a-s_fpclassify.o)
                              c:/freescale/kds_3.0.0/toolchain/bin/../lib/gcc/arm-none-eabi/4.8.4/../../../../arm-none-eabi/lib/armv7e-m/fpu\libm.a(lib_a-w_sqrt.o) (__fpclassifyd)
c:/freescale/kds_3.0.0/toolchain/bin/../lib/gcc/arm-none-eabi/4.8.4/../../../../arm-none-eabi/lib/armv7e-m/fpu\libm.a(lib_a-s_lib_ver.o)
                              c:/freescale/kds_3.0.0/toolchain/bin/../lib/gcc/arm-none-eabi/4.8.4/../../../../arm-none-eabi/lib/armv7e-m/fpu\libm.a(lib_a-w_sqrt.o) (__fdlib_version)
c:/freescale/kds_3.0.0/toolchain/bin/../lib/gcc/arm-none-eabi/4.8.4/../../../../arm-none-eabi/lib/armv7e-m/fpu\libm.a(lib_a-s_matherr.o)
                              c:/freescale/kds_3.0.0/toolchain/bin/../lib/gcc/arm-none-eabi/4.8.4/../../../../arm-none-eabi/lib/armv7e-m/fpu\libm.a(lib_a-w_sqrt.o) (matherr)
c:/freescale/kds_3.0.0/toolchain/bin/../lib/gcc/arm-none-eabi/4.8.4/armv7e-m/fpu\libgcc.a(_arm_addsubdf3.o)
                              c:/freescale/kds_3.0.0/toolchain/bin/../lib/gcc/arm-none-eabi/4.8.4/../../../../arm-none-eabi/lib/armv7e-m/fpu\libm.a(lib_a-e_sqrt.o) (__aeabi_dsub)
c:/freescale/kds_3.0.0/toolchain/bin/../lib/gcc/arm-none-eabi/4.8.4/armv7e-m/fpu\libgcc.a(_arm_muldivdf3.o)
                              c:/freescale/kds_3.0.0/toolchain/bin/../lib/gcc/arm-none-eabi/4.8.4/../../../../arm-none-eabi/lib/armv7e-m/fpu\libm.a(lib_a-e_sqrt.o) (__aeabi_dmul)
c:/freescale/kds_3.0.0/toolchain/bin/../lib/gcc/arm-none-eabi/4.8.4/armv7e-m/fpu\libgcc.a(_arm_cmpdf2.o)
                              c:/freescale/kds_3.0.0/toolchain/bin/../lib/gcc/arm-none-eabi/4.8.4/../../../../arm-none-eabi/lib/armv7e-m/fpu\libm.a(lib_a-w_sqrt.o) (__aeabi_dcmplt)
c:/freescale/kds_3.0.0/toolchain/bin/../lib/gcc/arm-none-eabi/4.8.4/armv7e-m/fpu\libgcc.a(_arm_truncdfsf2.o)
                              ./Sources/main.o (__aeabi_d2f)
c:/freescale/kds_3.0.0/toolchain/bin/../lib/gcc/arm-none-eabi/4.8.4/armv7e-m/fpu\libgcc.a(_arm_addsubsf3.o)
                              ./Sources/main.o (__aeabi_l2f)
c:/freescale/kds_3.0.0/toolchain/bin/../lib/gcc/arm-none-eabi/4.8.4/armv7e-m/fpu\libgcc.a(_fixunssfdi.o)
                              ./Sources/main.o (__aeabi_f2ulz)
c:/freescale/kds_3.0.0/toolchain/bin/../lib/gcc/arm-none-eabi/4.8.4/armv7e-m/fpu\libgcc.a(_arm_fixunsdfsi.o)
                              c:/freescale/kds_3.0.0/toolchain/bin/../lib/gcc/arm-none-eabi/4.8.4/armv7e-m/fpu\libgcc.a(_fixunssfdi.o) (__aeabi_d2uiz)
c:/freescale/kds_3.0.0/toolchain/bin/../lib/gcc/arm-none-eabi/4.8.4/../../../../arm-none-eabi/lib/armv7e-m/fpu\libg_s.a(lib_a-errno.o)
                              c:/freescale/kds_3.0.0/toolchain/bin/../lib/gcc/arm-none-eabi/4.8.4/../../../../arm-none-eabi/lib/armv7e-m/fpu\libm.a(lib_a-w_sqrt.o) (__errno)
c:/freescale/kds_3.0.0/toolchain/bin/../lib/gcc/arm-none-eabi/4.8.4/../../../../arm-none-eabi/lib/armv7e-m/fpu\libg_s.a(lib_a-exit.o)
                              c:/freescale/kds_3.0.0/toolchain/bin/../lib/gcc/arm-none-eabi/4.8.4/../../../../arm-none-eabi/lib/armv7e-m/fpu/crt0.o (exit)
c:/freescale/kds_3.0.0/toolchain/bin/../lib/gcc/arm-none-eabi/4.8.4/../../../../arm-none-eabi/lib/armv7e-m/fpu\libg_s.a(lib_a-impure.o)
                              c:/freescale/kds_3.0.0/toolchain/bin/../lib/gcc/arm-none-eabi/4.8.4/../../../../arm-none-eabi/lib/armv7e-m/fpu\libg_s.a(lib_a-exit.o) (_global_impure_ptr)
c:/freescale/kds_3.0.0/toolchain/bin/../lib/gcc/arm-none-eabi/4.8.4/../../../../arm-none-eabi/lib/armv7e-m/fpu\libg_s.a(lib_a-init.o)
                              c:/freescale/kds_3.0.0/toolchain/bin/../lib/gcc/arm-none-eabi/4.8.4/../../../../arm-none-eabi/lib/armv7e-m/fpu/crt0.o (__libc_init_array)
c:/freescale/kds_3.0.0/toolchain/bin/../lib/gcc/arm-none-eabi/4.8.4/../../../../arm-none-eabi/lib/armv7e-m/fpu\libg_s.a(lib_a-memset.o)
[...]
Memory Configuration

Name             Origin             Length             Attributes
m_interrupts     0x00000000         0x000001e8         xr
m_text           0x00000410         0x0007fbf0         xr
m_data           0x1fff0000         0x00010000         rw
m_data_20000000  0x20000000         0x00010000         rw
m_cfmprotrom     0x00000400         0x00000010         xr
*default*        0x00000000         0xffffffff

Linker script and memory map

LOAD c:/freescale/kds_3.0.0/toolchain/bin/../lib/gcc/arm-none-eabi/4.8.4/armv7e-m/fpu/crti.o
LOAD c:/freescale/kds_3.0.0/toolchain/bin/../lib/gcc/arm-none-eabi/4.8.4/armv7e-m/fpu/crtbegin.o
LOAD c:/freescale/kds_3.0.0/toolchain/bin/../lib/gcc/arm-none-eabi/4.8.4/../../../../arm-none-eabi/lib/armv7e-m/fpu/crt0.o
LOAD ./Sources/Events.o
LOAD ./Sources/FIFO.o
LOAD ./Sources/FTM.o
LOAD ./Sources/Flash.o
LOAD ./Sources/LEDs.o
LOAD ./Sources/PIT.o
LOAD ./Sources/RTC.o
LOAD ./Sources/UART.o
LOAD ./Sources/main.o
LOAD ./Sources/packet.o
LOAD ./Project_Settings/Startup_Code/startup.o
LOAD ./Generated_Code/Cpu.o
LOAD ./Generated_Code/Vectors.o
LOAD C:\Users\12551519\kinetis\Project\Library\libOS.a
LOAD C:\Users\12551519\kinetis\Project\Library\libAnalog.a
LOAD c:/freescale/kds_3.0.0/toolchain/bin/../lib/gcc/arm-none-eabi/4.8.4/../../../../arm-none-eabi/lib/armv7e-m/fpu\libstdc++_s.a
LOAD c:/freescale/kds_3.0.0/toolchain/bin/../lib/gcc/arm-none-eabi/4.8.4/../../../../arm-none-eabi/lib/armv7e-m/fpu\libm.a
START GROUP
LOAD c:/freescale/kds_3.0.0/toolchain/bin/../lib/gcc/arm-none-eabi/4.8.4/armv7e-m/fpu\libgcc.a
LOAD c:/freescale/kds_3.0.0/toolchain/bin/../lib/gcc/arm-none-eabi/4.8.4/../../../../arm-none-eabi/lib/armv7e-m/fpu\libg_s.a
LOAD c:/freescale/kds_3.0.0/toolchain/bin/../lib/gcc/arm-none-eabi/4.8.4/../../../../arm-none-eabi/lib/armv7e-m/fpu\libc_s.a
END GROUP
START GROUP
LOAD c:/freescale/kds_3.0.0/toolchain/bin/../lib/gcc/arm-none-eabi/4.8.4/armv7e-m/fpu\libgcc.a
LOAD c:/freescale/kds_3.0.0/toolchain/bin/../lib/gcc/arm-none-eabi/4.8.4/../../../../arm-none-eabi/lib/armv7e-m/fpu\libc_s.a
LOAD c:/freescale/kds_3.0.0/toolchain/bin/../lib/gcc/arm-none-eabi/4.8.4/../../../../arm-none-eabi/lib/armv7e-m/fpu\libnosys.a
END GROUP
START GROUP
LOAD c:/freescale/kds_3.0.0/toolchain/bin/../lib/gcc/arm-none-eabi/4.8.4/armv7e-m/fpu\libgcc.a
LOAD c:/freescale/kds_3.0.0/toolchain/bin/../lib/gcc/arm-none-eabi/4.8.4/../../../../arm-none-eabi/lib/armv7e-m/fpu\libc_s.a
LOAD c:/freescale/kds_3.0.0/toolchain/bin/../lib/gcc/arm-none-eabi/4.8.4/../../../../arm-none-eabi/lib/armv7e-m/fpu\libnosys.a
END GROUP
LOAD c:/freescale/kds_3.0.0/toolchain/bin/../lib/gcc/arm-none-eabi/4.8.4/armv7e-m/fpu/crtend.o
LOAD c:/freescale/kds_3.0.0/toolchain/bin/../lib/gcc/arm-none-eabi/4.8.4/armv7e-m/fpu/crtn.o
                0x20000000                _estack = 0x20000000
                0x20000000                __SP_INIT = _estack
                0x20000000                __stack = _estack
                0x00000000                __heap_size = 0x0
                0x00000400                __stack_size = 0x400

.interrupts     0x00000000      0x1e8
                0x00000000                __vector_table = .
                0x00000000                . = ALIGN (0x4)
 *(.vectortable)
 .vectortable   0x00000000      0x1e8 ./Generated_Code/Vectors.o
                0x00000000                __vect_table
                0x000001e8                . = ALIGN (0x4)

.cfmprotect     0x00000400       0x10
                0x00000400                . = ALIGN (0x4)
 *(.cfmconfig)
 .cfmconfig     0x00000400       0x10 ./Generated_Code/Cpu.o
                0x00000400                _cfm
                0x00000410                . = ALIGN (0x4)

.text           0x00000410     0x40c8
                0x00000410                . = ALIGN (0x4)
 *(.text)
 .text          0x00000410       0x54 c:/freescale/kds_3.0.0/toolchain/bin/../lib/gcc/arm-none-eabi/4.8.4/armv7e-m/fpu/crtbegin.o
 .text          0x00000464       0x74 c:/freescale/kds_3.0.0/toolchain/bin/../lib/gcc/arm-none-eabi/4.8.4/../../../../arm-none-eabi/lib/armv7e-m/fpu/crt0.o
                0x00000464                _start
                0x00000464                _mainCRTStartup
 .text          0x000004d8      0x370 c:/freescale/kds_3.0.0/toolchain/bin/../lib/gcc/arm-none-eabi/4.8.4/armv7e-m/fpu\libgcc.a(_arm_addsubdf3.o)
                0x000004d8                __aeabi_drsub
                0x000004e0                __aeabi_dsub
                0x000004e0                __subdf3
                0x000004e4                __aeabi_dadd
                0x000004e4                __adddf3
                0x0000075c                __floatunsidf
                0x0000075c                __aeabi_ui2d
                0x0000077c                __floatsidf
                0x0000077c                __aeabi_i2d
                0x000007a0                __aeabi_f2d
                0x000007a0                __extendsfdf2
                0x000007dc                __floatundidf
                0x000007dc                __aeabi_ul2d
                0x000007ec                __floatdidf
                0x000007ec                __aeabi_l2d
 .text          0x00000848      0x424 c:/freescale/kds_3.0.0/toolchain/bin/../lib/gcc/arm-none-eabi/4.8.4/armv7e-m/fpu\libgcc.a(_arm_muldivdf3.o)
                0x00000848                __aeabi_dmul
                0x00000848                __muldf3
                0x00000a9c                __divdf3
                0x00000a9c                __aeabi_ddiv
 .text          0x00000c6c      0x110 c:/freescale/kds_3.0.0/toolchain/bin/../lib/gcc/arm-none-eabi/4.8.4/armv7e-m/fpu\libgcc.a(_arm_cmpdf2.o)
                0x00000c6c                __gtdf2
                0x00000c6c                __gedf2
                0x00000c74                __ltdf2
                0x00000c74                __ledf2
                0x00000c7c                __nedf2
                0x00000c7c                __eqdf2
                0x00000c7c                __cmpdf2
                0x00000cf8                __aeabi_cdrcmple
                0x00000d08                __aeabi_cdcmpeq
                0x00000d08                __aeabi_cdcmple
                0x00000d18                __aeabi_dcmpeq
                0x00000d2c                __aeabi_dcmplt
                0x00000d40                __aeabi_dcmple
                0x00000d54                __aeabi_dcmpge
                0x00000d68                __aeabi_dcmpgt
 .text          0x00000d7c       0xa0 c:/freescale/kds_3.0.0/toolchain/bin/../lib/gcc/arm-none-eabi/4.8.4/armv7e-m/fpu\libgcc.a(_arm_truncdfsf2.o)
                0x00000d7c                __truncdfsf2
                0x00000d7c                __aeabi_d2f
 .text          0x00000e1c      0x21c c:/freescale/kds_3.0.0/toolchain/bin/../lib/gcc/arm-none-eabi/4.8.4/armv7e-m/fpu\libgcc.a(_arm_addsubsf3.o)
                0x00000e1c                __aeabi_frsub
                0x00000e24                __subsf3
                0x00000e24                __aeabi_fsub
                0x00000e28                __aeabi_fadd
                0x00000e28                __addsf3
                0x00000f88                __aeabi_ui2f
                0x00000f88                __floatunsisf
                0x00000f90                __aeabi_i2f
                0x00000f90                __floatsisf
                0x00000fac                __aeabi_ul2f
                0x00000fac                __floatundisf
                0x00000fbc                __aeabi_l2f
                0x00000fbc                __floatdisf
 .text          0x00001038       0x48 c:/freescale/kds_3.0.0/toolchain/bin/../lib/gcc/arm-none-eabi/4.8.4/armv7e-m/fpu\libgcc.a(_fixunssfdi.o)
                0x00001038                __fixunssfdi
                0x00001038                __aeabi_f2ulz
 .text          0x00001080       0x40 c:/freescale/kds_3.0.0/toolchain/bin/../lib/gcc/arm-none-eabi/4.8.4/armv7e-m/fpu\libgcc.a(_arm_fixunsdfsi.o)
                0x00001080                __aeabi_d2uiz
                0x00001080                __fixunsdfsi
 *(.text*)
 .text.FIFO_Init
                0x000010c0       0x48 ./Sources/FIFO.o
                0x000010c0                FIFO_Init
 .text.FIFO_Put
                0x00001108       0x70 ./Sources/FIFO.o
                0x00001108                FIFO_Put
 .text.FIFO_Get
                0x00001178       0x70 ./Sources/FIFO.o
                0x00001178                FIFO_Get
 .text.FTM_Init
                0x000011e8       0xfc ./Sources/FTM.o
                0x000011e8                FTM_Init
 .text.FTM_Set  0x000012e4       0xe4 ./Sources/FTM.o
                0x000012e4                FTM_Set
 .text.FTM_StartTimer
                0x000013c8       0x78 ./Sources/FTM.o
                0x000013c8                FTM_StartTimer
 .text.FTM0_ISR
                0x00001440       0x98 ./Sources/FTM.o
                0x00001440                FTM0_ISR
 .text.Flash_Init
                0x000014d8       0x10 ./Sources/Flash.o
                0x000014d8                Flash_Init
 .text.Flash_AllocateVar
                0x000014e8       0x90 ./Sources/Flash.o
                0x000014e8                Flash_AllocateVar
 .text.Flash_Write32
                0x00001578       0x58 ./Sources/Flash.o
                0x00001578                Flash_Write32
 .text.Flash_Write16
                0x000015d0       0x60 ./Sources/Flash.o
                0x000015d0                Flash_Write16
 .text.Flash_Write8
                0x00001630       0x60 ./Sources/Flash.o
                0x00001630                Flash_Write8
 .text.Flash_Erase
                0x00001690       0x14 ./Sources/Flash.o
                0x00001690                Flash_Erase
 .text.LaunchCommand
                0x000016a4       0x98 ./Sources/Flash.o
 .text.WritePhrase
                0x0000173c       0xe8 ./Sources/Flash.o
 .text.EraseSector
                0x00001824       0x38 ./Sources/Flash.o
 .text.LEDs_Init
                0x0000185c       0xd4 ./Sources/LEDs.o
                0x0000185c                LEDs_Init
 .text.LEDs_On  0x00001930       0x24 ./Sources/LEDs.o
                0x00001930                LEDs_On
 .text.LEDs_Off
                0x00001954       0x24 ./Sources/LEDs.o
                0x00001954                LEDs_Off
 .text.PIT_Init
                0x00001978       0xdc ./Sources/PIT.o
                0x00001978                PIT_Init
 .text.PIT_Set  0x00001a54       0x5c ./Sources/PIT.o
                0x00001a54                PIT_Set
 .text.PIT_Enable
                0x00001ab0       0x40 ./Sources/PIT.o
                0x00001ab0                PIT_Enable
 .text.PIT_ISR  0x00001af0       0x48 ./Sources/PIT.o
                0x00001af0                PIT_ISR
 .text.RTC_ISR  0x00001b38       0x2c ./Sources/RTC.o
                0x00001b38                RTC_ISR
 .text.RxUARTThread
                0x00001b64       0x30 ./Sources/UART.o
 .text.TxUARTThread
                0x00001b94       0x50 ./Sources/UART.o
 .text.UART_Init
                0x00001be4      0x1c8 ./Sources/UART.o
                0x00001be4                UART_Init
 .text.UART_InChar
                0x00001dac       0x1c ./Sources/UART.o
                0x00001dac                UART_InChar
 .text.UART_OutChar
                0x00001dc8       0x34 ./Sources/UART.o
                0x00001dc8                UART_OutChar
 .text.UART_ISR
                0x00001dfc       0x94 ./Sources/UART.o
                0x00001dfc                UART_ISR
 .text.CalculateRMS
                0x00001e90       0xa8 ./Sources/main.o
                0x00001e90                CalculateRMS
 .text.CheckRMS
                0x00001f38      0x120 ./Sources/main.o
                0x00001f38                CheckRMS
 .text.CalculateRMSThread
                0x00002058      0x130 ./Sources/main.o
                0x00002058                CalculateRMSThread
 .text.RaisesThread
                0x00002188       0x50 ./Sources/main.o
                0x00002188                RaisesThread
 .text.LowersThread
                0x000021d8       0x50 ./Sources/main.o
                0x000021d8                LowersThread
 .text.PITCallback
                0x00002228       0x98 ./Sources/main.o
                0x00002228                PITCallback
 .text.HandleTowerTiming
                0x000022c0       0x6c ./Sources/main.o
                0x000022c0                HandleTowerTiming
 .text.HandleTowerRaises
                0x0000232c       0x6c ./Sources/main.o
                0x0000232c                HandleTowerRaises
 .text.HandleTowerLowers
                0x00002398       0x6c ./Sources/main.o
                0x00002398                HandleTowerLowers
 .text.HandleTowerFrequency
                0x00002404       0x10 ./Sources/main.o
                0x00002404                HandleTowerFrequency
 .text.HandleTowerVoltage
                0x00002414       0x84 ./Sources/main.o
                0x00002414                HandleTowerVoltage
 .text.HandleTowerSpectrum
                0x00002498       0x10 ./Sources/main.o
                0x00002498                HandleTowerSpectrum
 .text.ReceivedPacket
                0x000024a8       0xfc ./Sources/main.o
                0x000024a8                ReceivedPacket
 .text.TowerInit
                0x000025a4       0xb8 ./Sources/main.o
                0x000025a4                TowerInit
 .text.InitModulesThread
                0x0000265c       0xf0 ./Sources/main.o
 .text.PacketThread
                0x0000274c       0x5c ./Sources/main.o
 .text.FTMLEDsOffThread
                0x000027a8       0x24 ./Sources/main.o
 .text.main     0x000027cc       0xe4 ./Sources/main.o
                0x000027cc                main
 .text.Packet_Init
                0x000028b0       0x2c ./Sources/packet.o
                0x000028b0                Packet_Init
 .text.Packet_Get
                0x000028dc       0x6c ./Sources/packet.o
                0x000028dc                Packet_Get
 .text.Packet_Put
                0x00002948       0x70 ./Sources/packet.o
                0x00002948                Packet_Put
 .text.__copy_rom_section
                0x000029b8       0xe4 ./Project_Settings/Startup_Code/startup.o
                0x000029b8                __copy_rom_section
 .text.__copy_rom_sections_to_ram
                0x00002a9c       0x9c ./Project_Settings/Startup_Code/startup.o
                0x00002a9c                __copy_rom_sections_to_ram
 .text.__init_registers
                0x00002b38       0x20 ./Project_Settings/Startup_Code/startup.o
                0x00002b38                __init_registers
 .text.__init_user
                0x00002b58        0xc ./Project_Settings/Startup_Code/startup.o
                0x00002b58                __init_user
 .text.__thumb_startup
                0x00002b64       0x34 ./Project_Settings/Startup_Code/startup.o
                0x00002b64                __thumb_startup
 .text.Cpu_Interrupt
                0x00002b98       0x18 ./Generated_Code/Cpu.o
                0x00002b98                Cpu_Interrupt
 .text.__init_hardware
                0x00002bb0      0x1cc ./Generated_Code/Cpu.o
                0x00002bb0                __init_hardware
 .text.Cpu_SetBASEPRI
                0x00002d7c       0x18 ./Generated_Code/Cpu.o
                0x00002d7c                Cpu_SetBASEPRI
 .text.PE_low_level_init
                0x00002d94       0xe4 ./Generated_Code/Cpu.o
                0x00002d94                PE_low_level_init
 .text.OS_Init  0x00002e78      0x110 C:\Users\12551519\kinetis\Project\Library\libOS.a(OS.o)
                0x00002e78                OS_Init
 .text.OS_ISREnter
                0x00002f88       0x20 C:\Users\12551519\kinetis\Project\Library\libOS.a(OS.o)
                0x00002f88                OS_ISREnter
 .text.OS_ISRExit
                0x00002fa8       0x1c C:\Users\12551519\kinetis\Project\Library\libOS.a(OS.o)
                0x00002fa8                OS_ISRExit
 .text.OS_SemaphoreCreate
                0x00002fc4       0x90 C:\Users\12551519\kinetis\Project\Library\libOS.a(OS.o)
                0x00002fc4                OS_SemaphoreCreate
 .text.OS_SemaphoreSignal
                0x00003054       0x44 C:\Users\12551519\kinetis\Project\Library\libOS.a(OS.o)
                0x00003054                OS_SemaphoreSignal
 .text.OS_SemaphoreWait
                0x00003098       0x58 C:\Users\12551519\kinetis\Project\Library\libOS.a(OS.o)
                0x00003098                OS_SemaphoreWait
 .text.OS_Start
                0x000030f0       0x10 C:\Users\12551519\kinetis\Project\Library\libOS.a(OS.o)
                0x000030f0                OS_Start
 .text.OS_ThreadCreate
                0x00003100      0x160 C:\Users\12551519\kinetis\Project\Library\libOS.a(OS.o)
                0x00003100                OS_ThreadCreate
 .text.OS_ThreadDelete
                0x00003260      0x18c C:\Users\12551519\kinetis\Project\Library\libOS.a(OS.o)
                0x00003260                OS_ThreadDelete
 .text.EventThreadReady
                0x000033ec       0x68 C:\Users\12551519\kinetis\Project\Library\libOS.a(OS.o)
 .text.EventThreadWait
                0x00003454       0x64 C:\Users\12551519\kinetis\Project\Library\libOS.a(OS.o)
 .text.EventTimeout
                0x000034b8       0x40 C:\Users\12551519\kinetis\Project\Library\libOS.a(OS.o)
 .text.Idle     0x000034f8       0x18 C:\Users\12551519\kinetis\Project\Library\libOS.a(OS.o)
 .text.FindFirstSet
                0x00003510       0x44 C:\Users\12551519\kinetis\Project\Library\libOS.a(OS.o)
 .text.Schedule
                0x00003554       0x64 C:\Users\12551519\kinetis\Project\Library\libOS.a(OS.o)
 .text.TCBInit  0x000035b8       0xcc C:\Users\12551519\kinetis\Project\Library\libOS.a(OS.o)
 .text.TimeTick
                0x00003684       0x74 C:\Users\12551519\kinetis\Project\Library\libOS.a(OS.o)
 *fill*         0x000036f8        0x8 
 .text.OS_ContextSwitchISR
                0x00003700       0x70 C:\Users\12551519\kinetis\Project\Library\libOS.a(OS.o)
                0x00003700                OS_ContextSwitchISR
 .text.OS_SysTickISR
                0x00003770       0x5c C:\Users\12551519\kinetis\Project\Library\libOS.a(OS.o)
                0x00003770                OS_SysTickISR
 .text.DACWrite
                0x000037cc       0x6c C:\Users\12551519\kinetis\Project\Library\libAnalog.a(analog.o)
 .text.Analog_Init
                0x00003838       0x7c C:\Users\12551519\kinetis\Project\Library\libAnalog.a(analog.o)
                0x00003838                Analog_Init
 .text.Analog_Get
                0x000038b4       0x78 C:\Users\12551519\kinetis\Project\Library\libAnalog.a(analog.o)
                0x000038b4                Analog_Get
 .text.Analog_Put
                0x0000392c       0x50 C:\Users\12551519\kinetis\Project\Library\libAnalog.a(analog.o)
                0x0000392c                Analog_Put
 .text.InitChipSelectPins
                0x0000397c       0x6c C:\Users\12551519\kinetis\Project\Library\libAnalog.a(SPI.o)
 .text.SetupModuleConfigurationRegister
                0x000039e8      0x104 C:\Users\12551519\kinetis\Project\Library\libAnalog.a(SPI.o)
 .text.SetBaudRate
                0x00003aec      0x15c C:\Users\12551519\kinetis\Project\Library\libAnalog.a(SPI.o)
 .text.SetDelayAfterTransfer
                0x00003c48      0x168 C:\Users\12551519\kinetis\Project\Library\libAnalog.a(SPI.o)
 .text.SetupClockAndTransferAttributesRegister
                0x00003db0      0x16c C:\Users\12551519\kinetis\Project\Library\libAnalog.a(SPI.o)
 .text.SPI_Init
                0x00003f1c       0x90 C:\Users\12551519\kinetis\Project\Library\libAnalog.a(SPI.o)
                0x00003f1c                SPI_Init
 .text.SPI_SelectSlaveDevice
                0x00003fac       0x6c C:\Users\12551519\kinetis\Project\Library\libAnalog.a(SPI.o)
                0x00003fac                SPI_SelectSlaveDevice
 .text.SPI_Exchange
                0x00004018       0x94 C:\Users\12551519\kinetis\Project\Library\libAnalog.a(SPI.o)
                0x00004018                SPI_Exchange
 .text.sqrt     0x000040ac       0xbc c:/freescale/kds_3.0.0/toolchain/bin/../lib/gcc/arm-none-eabi/4.8.4/../../../../arm-none-eabi/lib/armv7e-m/fpu\libm.a(lib_a-w_sqrt.o)
                0x000040ac                sqrt
 .text.__ieee754_sqrt
                0x00004168      0x198 c:/freescale/kds_3.0.0/toolchain/bin/../lib/gcc/arm-none-eabi/4.8.4/../../../../arm-none-eabi/lib/armv7e-m/fpu\libm.a(lib_a-e_sqrt.o)
                0x00004168                __ieee754_sqrt
 .text.__fpclassifyd
                0x00004300       0x54 c:/freescale/kds_3.0.0/toolchain/bin/../lib/gcc/arm-none-eabi/4.8.4/../../../../arm-none-eabi/lib/armv7e-m/fpu\libm.a(lib_a-s_fpclassify.o)
                0x00004300                __fpclassifyd
 .text.matherr  0x00004354        0x4 c:/freescale/kds_3.0.0/toolchain/bin/../lib/gcc/arm-none-eabi/4.8.4/../../../../arm-none-eabi/lib/armv7e-m/fpu\libm.a(lib_a-s_matherr.o)
                0x00004354                matherr
 .text.__errno  0x00004358        0xc c:/freescale/kds_3.0.0/toolchain/bin/../lib/gcc/arm-none-eabi/4.8.4/../../../../arm-none-eabi/lib/armv7e-m/fpu\libg_s.a(lib_a-errno.o)
                0x00004358                __errno
 .text.exit     0x00004364       0x28 c:/freescale/kds_3.0.0/toolchain/bin/../lib/gcc/arm-none-eabi/4.8.4/../../../../arm-none-eabi/lib/armv7e-m/fpu\libg_s.a(lib_a-exit.o)
                0x00004364                exit
 .text.__libc_init_array
                0x0000438c       0x4c c:/freescale/kds_3.0.0/toolchain/bin/../lib/gcc/arm-none-eabi/4.8.4/../../../../arm-none-eabi/lib/armv7e-m/fpu\libg_s.a(lib_a-init.o)
                0x0000438c                __libc_init_array
 .text.memset   0x000043d8       0x10 c:/freescale/kds_3.0.0/toolchain/bin/../lib/gcc/arm-none-eabi/4.8.4/../../../../arm-none-eabi/lib/armv7e-m/fpu\libg_s.a(lib_a-memset.o)
                0x000043d8                memset
 .text._exit    0x000043e8        0x4 c:/freescale/kds_3.0.0/toolchain/bin/../lib/gcc/arm-none-eabi/4.8.4/../../../../arm-none-eabi/lib/armv7e-m/fpu\libnosys.a(_exit.o)
                0x000043e8                _exit
 *(.rodata)
 .rodata        0x000043ec        0x4 C:\Users\12551519\kinetis\Project\Library\libAnalog.a(analog.o)
 .rodata        0x000043f0       0xa0 C:\Users\12551519\kinetis\Project\Library\libAnalog.a(SPI.o)
 *(.rodata*)
 .rodata.PACKET_ACK_MASK
                0x00004490        0x1 ./Sources/packet.o
                0x00004490                PACKET_ACK_MASK
 *fill*         0x00004491        0x3 
 .rodata.SPI_SETUP
                0x00004494       0x1c C:\Users\12551519\kinetis\Project\Library\libAnalog.a(analog.o)
 .rodata.str1.4
                0x000044b0        0x8 c:/freescale/kds_3.0.0/toolchain/bin/../lib/gcc/arm-none-eabi/4.8.4/../../../../arm-none-eabi/lib/armv7e-m/fpu\libm.a(lib_a-w_sqrt.o)
 .rodata.str1.1
                0x000044b8        0x2 c:/freescale/kds_3.0.0/toolchain/bin/../lib/gcc/arm-none-eabi/4.8.4/../../../../arm-none-eabi/lib/armv7e-m/fpu\libg_s.a(lib_a-impure.o)
 *fill*         0x000044ba        0x2 
 .rodata._global_impure_ptr
                0x000044bc        0x4 c:/freescale/kds_3.0.0/toolchain/bin/../lib/gcc/arm-none-eabi/4.8.4/../../../../arm-none-eabi/lib/armv7e-m/fpu\libg_s.a(lib_a-impure.o)
                0x000044bc                _global_impure_ptr
 *(.glue_7)
 .glue_7        0x00000000        0x0 linker stubs
 *(.glue_7t)
 .glue_7t       0x00000000        0x0 linker stubs
 *(.eh_frame)
 .eh_frame      0x000044c0        0x0 c:/freescale/kds_3.0.0/toolchain/bin/../lib/gcc/arm-none-eabi/4.8.4/armv7e-m/fpu/crtbegin.o
 *(.init)
 .init          0x000044c0        0x4 c:/freescale/kds_3.0.0/toolchain/bin/../lib/gcc/arm-none-eabi/4.8.4/armv7e-m/fpu/crti.o
                0x000044c0                _init
 .init          0x000044c4        0x8 c:/freescale/kds_3.0.0/toolchain/bin/../lib/gcc/arm-none-eabi/4.8.4/armv7e-m/fpu/crtn.o
 *(.fini)
 .fini          0x000044cc        0x4 c:/freescale/kds_3.0.0/toolchain/bin/../lib/gcc/arm-none-eabi/4.8.4/armv7e-m/fpu/crti.o
                0x000044cc                _fini
 .fini          0x000044d0        0x8 c:/freescale/kds_3.0.0/toolchain/bin/../lib/gcc/arm-none-eabi/4.8.4/armv7e-m/fpu/crtn.o
                0x000044d8                . = ALIGN (0x4)
                0x000044d8                _etext = .

.vfp11_veneer   0x000044d8        0x0
 .vfp11_veneer  0x00000000        0x0 linker stubs

.v4_bx          0x000044d8        0x0
 .v4_bx         0x00000000        0x0 linker stubs

.iplt           0x000044d8        0x0
 .iplt          0x00000000        0x0 c:/freescale/kds_3.0.0/toolchain/bin/../lib/gcc/arm-none-eabi/4.8.4/armv7e-m/fpu/crtbegin.o

.ARM.extab
 *(.ARM.extab* .gnu.linkonce.armextab.*)

.ARM            0x000044d8        0x8
                0x000044d8                __exidx_start = .
 *(.ARM.exidx*)
 .ARM.exidx     0x000044d8        0x8 c:/freescale/kds_3.0.0/toolchain/bin/../lib/gcc/arm-none-eabi/4.8.4/../../../../arm-none-eabi/lib/armv7e-m/fpu/crt0.o
                0x000044e0                __exidx_end = .

.rel.dyn        0x000044e0        0x0
 .rel.iplt      0x00000000        0x0 c:/freescale/kds_3.0.0/toolchain/bin/../lib/gcc/arm-none-eabi/4.8.4/armv7e-m/fpu/crtbegin.o

.ctors          0x000044e0        0x0
                0x000044e0                __CTOR_LIST__ = .
 *crtbegin.o(.ctors)
 *(EXCLUDE_FILE(*crtend.o) .ctors)
 *(SORT(.ctors.*))
 *(.ctors)
                0x000044e0                __CTOR_END__ = .

.dtors          0x000044e0        0x0
                0x000044e0                __DTOR_LIST__ = .
 *crtbegin.o(.dtors)
 *(EXCLUDE_FILE(*crtend.o) .dtors)
 *(SORT(.dtors.*))
 *(.dtors)
                0x000044e0                __DTOR_END__ = .

.preinit_array  0x000044e0        0x0
                0x000044e0                PROVIDE (__preinit_array_start, .)
 *(.preinit_array*)
                0x000044e0                PROVIDE (__preinit_array_end, .)

.init_array     0x000044e0        0x4
                0x000044e0                PROVIDE (__init_array_start, .)
 *(SORT(.init_array.*))
 *(.init_array*)
 .init_array    0x000044e0        0x4 c:/freescale/kds_3.0.0/toolchain/bin/../lib/gcc/arm-none-eabi/4.8.4/armv7e-m/fpu/crtbegin.o
                0x000044e4                PROVIDE (__init_array_end, .)

.fini_array     0x000044e4        0x4
                0x000044e4                PROVIDE (__fini_array_start, .)
 *(SORT(.fini_array.*))
 *(.fini_array*)
 .fini_array    0x000044e4        0x4 c:/freescale/kds_3.0.0/toolchain/bin/../lib/gcc/arm-none-eabi/4.8.4/armv7e-m/fpu/crtbegin.o
                0x000044e8                PROVIDE (__fini_array_end, .)
                0x000044e8                ___ROM_AT = .

.data           0x1fff0000       0xe4 load address 0x000044e8
                0x1fff0000                . = ALIGN (0x4)
                0x1fff0000                _sdata = .
 *(.data)
 *(.data*)
 .data.Timing_Mode
                0x1fff0000        0x1 ./Sources/main.o
                0x1fff0000                Timing_Mode
 *fill*         0x1fff0001        0x3 
 .data.AnalogThreadData
                0x1fff0004       0x78 ./Sources/main.o
 .data.__fdlib_version
                0x1fff007c        0x1 c:/freescale/kds_3.0.0/toolchain/bin/../lib/gcc/arm-none-eabi/4.8.4/../../../../arm-none-eabi/lib/armv7e-m/fpu\libm.a(lib_a-s_lib_ver.o)
                0x1fff007c                __fdlib_version
 *fill*         0x1fff007d        0x3 
 .data.impure_data
                0x1fff0080       0x60 c:/freescale/kds_3.0.0/toolchain/bin/../lib/gcc/arm-none-eabi/4.8.4/../../../../arm-none-eabi/lib/armv7e-m/fpu\libg_s.a(lib_a-impure.o)
 .data._impure_ptr
                0x1fff00e0        0x4 c:/freescale/kds_3.0.0/toolchain/bin/../lib/gcc/arm-none-eabi/4.8.4/../../../../arm-none-eabi/lib/armv7e-m/fpu\libg_s.a(lib_a-impure.o)
                0x1fff00e0                _impure_ptr
                0x1fff00e4                . = ALIGN (0x4)
                0x1fff00e4                _edata = .
                0x000000e4                ___data_size = (_edata - _sdata)
                0x000045cc                ___m_data_20000000_ROMStart = (___ROM_AT + SIZEOF (.data))

.jcr            0x1fff00e4        0x0 load address 0x000045cc
 .jcr           0x1fff00e4        0x0 c:/freescale/kds_3.0.0/toolchain/bin/../lib/gcc/arm-none-eabi/4.8.4/armv7e-m/fpu/crtbegin.o

.igot.plt       0x1fff00e4        0x0 load address 0x000045cc
 .igot.plt      0x00000000        0x0 c:/freescale/kds_3.0.0/toolchain/bin/../lib/gcc/arm-none-eabi/4.8.4/armv7e-m/fpu/crtbegin.o

.m_data_20000000
                0x20000000        0x0 load address 0x000045cc
                0x20000000                . = ALIGN (0x4)
                0x20000000                ___m_data_20000000_RAMStart = .
 *(.m_data_20000000)
                0x20000000                ___m_data_20000000_RAMEnd = .
                0x20000000                . = ALIGN (0x4)
                0x00000000                ___m_data_20000000_ROMSize = (___m_data_20000000_RAMEnd - ___m_data_20000000_RAMStart)
                0x20000000                . = ALIGN (0x4)

.bss            0x1fff00e8     0xab70 load address 0x000045d0
                0x1fff00e8                __START_BSS = .
                0x1fff00e8                PROVIDE (__bss_start__, __START_BSS)
 *(.bss)
 .bss           0x1fff00e8       0x1c c:/freescale/kds_3.0.0/toolchain/bin/../lib/gcc/arm-none-eabi/4.8.4/armv7e-m/fpu/crtbegin.o
 *(.bss*)
 .bss.UserSemaphore
                0x1fff0104       0x20 ./Sources/FTM.o
 .bss.occupiedBytes.5646
                0x1fff0124        0x1 ./Sources/Flash.o
 *fill*         0x1fff0125        0x3 
 .bss.ModuleClk
                0x1fff0128        0x4 ./Sources/PIT.o
 .bss.UserFunction
                0x1fff012c        0x4 ./Sources/PIT.o
 .bss.UserArguments
                0x1fff0130        0x4 ./Sources/PIT.o
 .bss.ReadSemaphore
                0x1fff0134        0x4 ./Sources/RTC.o
 .bss.RxUARTThreadStack
                0x1fff0138     0x1000 ./Sources/UART.o
 .bss.TxUARTThreadStack
                0x1fff1138     0x1000 ./Sources/UART.o
 .bss.InitModulesThreadStack
                0x1fff2138     0x1000 ./Sources/main.o
 .bss.FTMLEDsOffThreadStack
                0x1fff3138     0x1000 ./Sources/main.o
 .bss.PacketThreadStack
                0x1fff4138     0x1000 ./Sources/main.o
 .bss.RaisesThreadStack
                0x1fff5138     0x1000 ./Sources/main.o
 .bss.LowersThreadStack
                0x1fff6138     0x1000 ./Sources/main.o
 .bss.RMSThreadStacks
                0x1fff7138     0x3000 ./Sources/main.o
 .bss.LEDOffSemaphore
                0x1fffa138        0x4 ./Sources/main.o
 .bss.RaisesSemaphore
                0x1fffa13c        0x4 ./Sources/main.o
 .bss.LowersSemaphore
                0x1fffa140        0x4 ./Sources/main.o
 .bss.FlashMutex
                0x1fffa144        0x4 ./Sources/main.o
 .bss.channel.7401
                0x1fffa148        0x1 ./Sources/main.o
 *fill*         0x1fffa149        0x3 
 .bss.PacketPutAccess
                0x1fffa14c        0x4 ./Sources/packet.o
 .bss.SR_lock   0x1fffa150        0x1 ./Generated_Code/Cpu.o
                0x1fffa150                SR_lock
 *fill*         0x1fffa151        0x3 
 .bss.TCBUnusedMain
                0x1fffa154       0x18 C:\Users\12551519\kinetis\Project\Library\libOS.a(OS.o)
 .bss.TCBTable  0x1fffa16c      0x300 C:\Users\12551519\kinetis\Project\Library\libOS.a(OS.o)
 .bss.pTCBFreeList
                0x1fffa46c        0x4 C:\Users\12551519\kinetis\Project\Library\libOS.a(OS.o)
 .bss.pTCBAllocatedList
                0x1fffa470        0x4 C:\Users\12551519\kinetis\Project\Library\libOS.a(OS.o)
 .bss.pTCBPriorityTable
                0x1fffa474       0x80 C:\Users\12551519\kinetis\Project\Library\libOS.a(OS.o)
 .bss.pTCBRunning
                0x1fffa4f4        0x4 C:\Users\12551519\kinetis\Project\Library\libOS.a(OS.o)
 .bss.pTCBHighestReady
                0x1fffa4f8        0x4 C:\Users\12551519\kinetis\Project\Library\libOS.a(OS.o)
 .bss.ReadyList
                0x1fffa4fc        0x4 C:\Users\12551519\kinetis\Project\Library\libOS.a(OS.o)
 .bss.ECBTable  0x1fffa500      0x100 C:\Users\12551519\kinetis\Project\Library\libOS.a(OS.o)
 .bss.NextECBFree
                0x1fffa600        0x1 C:\Users\12551519\kinetis\Project\Library\libOS.a(OS.o)
 *fill*         0x1fffa601        0x3 
 .bss.IdleCounter
                0x1fffa604        0x4 C:\Users\12551519\kinetis\Project\Library\libOS.a(OS.o)
 .bss.IdleStack
                0x1fffa608      0x400 C:\Users\12551519\kinetis\Project\Library\libOS.a(OS.o)
 .bss.Ticks     0x1fffaa08        0x4 C:\Users\12551519\kinetis\Project\Library\libOS.a(OS.o)
 .bss.ToggleCntr
                0x1fffaa0c        0x4 C:\Users\12551519\kinetis\Project\Library\libOS.a(OS.o)
 .bss.ToggleLED
                0x1fffaa10        0x1 C:\Users\12551519\kinetis\Project\Library\libOS.a(OS.o)
 .bss.ISRNestLevel
                0x1fffaa11        0x1 C:\Users\12551519\kinetis\Project\Library\libOS.a(OS.o)
 *fill*         0x1fffaa12        0x2 
 .bss.ADCCommandUnion
                0x1fffaa14        0x4 C:\Users\12551519\kinetis\Project\Library\libAnalog.a(analog.o)
 *(COMMON)
 COMMON         0x1fffaa18      0x22c ./Sources/UART.o
                0x1fffaa18                DummyRead
                0x1fffaa1c                TxFIFO
                0x1fffab2c                RxFIFO
                0x1fffac3c                RxUARTSemaphore
                0x1fffac40                TxUARTSemaphore
 COMMON         0x1fffac44        0x8 ./Sources/main.o
                0x1fffac44                NvCountRaises
                0x1fffac48                NvCountLowers
 COMMON         0x1fffac4c        0x5 ./Sources/packet.o
                0x1fffac4c                Packet
 COMMON         0x1fffac51        0x1 ./Generated_Code/Cpu.o
                0x1fffac51                SR_reg
 *fill*         0x1fffac52        0x2 
 COMMON         0x1fffac54        0x4 C:\Users\12551519\kinetis\Project\Library\libAnalog.a(analog.o)
                0x1fffac54                DACInput
                0x1fffac58                . = ALIGN (0x4)
                0x1fffac58                __END_BSS = .
                0x1fffac58                PROVIDE (__bss_end__, __END_BSS)
                0x000045cc                _romp_at = ((___ROM_AT + SIZEOF (.data)) + SIZEOF (.m_data_20000000))

.romp           0x1fffac58       0x24 load address 0x000045cc
                0x000045cc                __S_romp = _romp_at
                0x1fffac58        0x4 LONG 0x44e8 ___ROM_AT
                0x1fffac5c        0x4 LONG 0x1fff0000 _sdata
                0x1fffac60        0x4 LONG 0xe4 ___data_size
                0x1fffac64        0x4 LONG 0x45cc ___m_data_20000000_ROMStart
                0x1fffac68        0x4 LONG 0x20000000 ___m_data_20000000_RAMStart
                0x1fffac6c        0x4 LONG 0x0 ___m_data_20000000_ROMSize
                0x1fffac70        0x4 LONG 0x0
                0x1fffac74        0x4 LONG 0x0
                0x1fffac78        0x4 LONG 0x0

._user_heap_stack
                0x1fffac7c      0x400 load address 0x000045f0
                0x1fffac7c                . = ALIGN (0x4)
                0x1fffac7c                PROVIDE (end, .)
                0x1fffac7c                PROVIDE (_end, .)
                0x1fffac7c                __heap_addr = .
                0x1fffac7c                __HeapBase = .
                0x1fffac7c                . = (. + __heap_size)
                0x1fffac7c                __HeapLimit = .
                0x1fffb07c                . = (. + __stack_size)
 *fill*         0x1fffac7c      0x400 
                0x1fffb07c                . = ALIGN (0x4)

.ARM.attributes
                0x00000000       0x30
 *(.ARM.attributes)
 .ARM.attributes
                0x00000000       0x22 c:/freescale/kds_3.0.0/toolchain/bin/../lib/gcc/arm-none-eabi/4.8.4/armv7e-m/fpu/crti.o
 .ARM.attributes
                0x00000022       0x34 c:/freescale/kds_3.0.0/toolchain/bin/../lib/gcc/arm-none-eabi/4.8.4/armv7e-m/fpu/crtbegin.o
 .ARM.attributes
                0x00000056       0x20 c:/freescale/kds_3.0.0/toolchain/bin/../lib/gcc/arm-none-eabi/4.8.4/../../../../arm-none-eabi/lib/armv7e-m/fpu/crt0.o
 .ARM.attributes
                0x00000076       0x39 ./Sources/FIFO.o
 .ARM.attributes
                0x000000af       0x39 ./Sources/FTM.o
 .ARM.attributes
                0x000000e8       0x39 ./Sources/Flash.o
 .ARM.attributes
                0x00000121       0x39 ./Sources/LEDs.o
 .ARM.attributes
                0x0000015a       0x39 ./Sources/PIT.o
 .ARM.attributes
                0x00000193       0x39 ./Sources/RTC.o
 .ARM.attributes
                0x000001cc       0x39 ./Sources/UART.o
 .ARM.attributes
                0x00000205       0x39 ./Sources/main.o
 .ARM.attributes
                0x0000023e       0x39 ./Sources/packet.o
 .ARM.attributes
                0x00000277       0x39 ./Project_Settings/Startup_Code/startup.o
 .ARM.attributes
                0x000002b0       0x39 ./Generated_Code/Cpu.o
 .ARM.attributes
                0x000002e9       0x39 ./Generated_Code/Vectors.o
 .ARM.attributes
                0x00000322       0x39 C:\Users\12551519\kinetis\Project\Library\libOS.a(OS.o)
 .ARM.attributes
                0x0000035b       0x39 C:\Users\12551519\kinetis\Project\Library\libAnalog.a(analog.o)
 .ARM.attributes
                0x00000394       0x39 C:\Users\12551519\kinetis\Project\Library\libAnalog.a(SPI.o)
 .ARM.attributes
                0x000003cd       0x34 c:/freescale/kds_3.0.0/toolchain/bin/../lib/gcc/arm-none-eabi/4.8.4/../../../../arm-none-eabi/lib/armv7e-m/fpu\libm.a(lib_a-w_sqrt.o)
 .ARM.attributes
                0x00000401       0x34 c:/freescale/kds_3.0.0/toolchain/bin/../lib/gcc/arm-none-eabi/4.8.4/../../../../arm-none-eabi/lib/armv7e-m/fpu\libm.a(lib_a-e_sqrt.o)
 .ARM.attributes
                0x00000435       0x34 c:/freescale/kds_3.0.0/toolchain/bin/../lib/gcc/arm-none-eabi/4.8.4/../../../../arm-none-eabi/lib/armv7e-m/fpu\libm.a(lib_a-s_fpclassify.o)
 .ARM.attributes
                0x00000469       0x34 c:/freescale/kds_3.0.0/toolchain/bin/../lib/gcc/arm-none-eabi/4.8.4/../../../../arm-none-eabi/lib/armv7e-m/fpu\libm.a(lib_a-s_lib_ver.o)
 .ARM.attributes
                0x0000049d       0x34 c:/freescale/kds_3.0.0/toolchain/bin/../lib/gcc/arm-none-eabi/4.8.4/../../../../arm-none-eabi/lib/armv7e-m/fpu\libm.a(lib_a-s_matherr.o)
 .ARM.attributes
                0x000004d1       0x22 c:/freescale/kds_3.0.0/toolchain/bin/../lib/gcc/arm-none-eabi/4.8.4/armv7e-m/fpu\libgcc.a(_arm_addsubdf3.o)
 .ARM.attributes
                0x000004f3       0x22 c:/freescale/kds_3.0.0/toolchain/bin/../lib/gcc/arm-none-eabi/4.8.4/armv7e-m/fpu\libgcc.a(_arm_muldivdf3.o)
 .ARM.attributes
                0x00000515       0x22 c:/freescale/kds_3.0.0/toolchain/bin/../lib/gcc/arm-none-eabi/4.8.4/armv7e-m/fpu\libgcc.a(_arm_cmpdf2.o)
 .ARM.attributes
                0x00000537       0x22 c:/freescale/kds_3.0.0/toolchain/bin/../lib/gcc/arm-none-eabi/4.8.4/armv7e-m/fpu\libgcc.a(_arm_truncdfsf2.o)
 .ARM.attributes
                0x00000559       0x22 c:/freescale/kds_3.0.0/toolchain/bin/../lib/gcc/arm-none-eabi/4.8.4/armv7e-m/fpu\libgcc.a(_arm_addsubsf3.o)
 .ARM.attributes
                0x0000057b       0x34 c:/freescale/kds_3.0.0/toolchain/bin/../lib/gcc/arm-none-eabi/4.8.4/armv7e-m/fpu\libgcc.a(_fixunssfdi.o)
 .ARM.attributes
                0x000005af       0x22 c:/freescale/kds_3.0.0/toolchain/bin/../lib/gcc/arm-none-eabi/4.8.4/armv7e-m/fpu\libgcc.a(_arm_fixunsdfsi.o)
 .ARM.attributes
                0x000005d1       0x34 c:/freescale/kds_3.0.0/toolchain/bin/../lib/gcc/arm-none-eabi/4.8.4/../../../../arm-none-eabi/lib/armv7e-m/fpu\libg_s.a(lib_a-errno.o)
 .ARM.attributes
                0x00000605       0x34 c:/freescale/kds_3.0.0/toolchain/bin/../lib/gcc/arm-none-eabi/4.8.4/../../../../arm-none-eabi/lib/armv7e-m/fpu\libg_s.a(lib_a-exit.o)
 .ARM.attributes
                0x00000639       0x34 c:/freescale/kds_3.0.0/toolchain/bin/../lib/gcc/arm-none-eabi/4.8.4/../../../../arm-none-eabi/lib/armv7e-m/fpu\libg_s.a(lib_a-impure.o)
 .ARM.attributes
                0x0000066d       0x34 c:/freescale/kds_3.0.0/toolchain/bin/../lib/gcc/arm-none-eabi/4.8.4/../../../../arm-none-eabi/lib/armv7e-m/fpu\libg_s.a(lib_a-init.o)
 .ARM.attributes
                0x000006a1       0x34 c:/freescale/kds_3.0.0/toolchain/bin/../lib/gcc/arm-none-eabi/4.8.4/../../../../arm-none-eabi/lib/armv7e-m/fpu\libg_s.a(lib_a-memset.o)
 .ARM.attributes
                0x000006d5       0x34 c:/freescale/kds_3.0.0/toolchain/bin/../lib/gcc/arm-none-eabi/4.8.4/../../../../arm-none-eabi/lib/armv7e-m/fpu\libnosys.a(_exit.o)
 .ARM.attributes
                0x00000709       0x22 c:/freescale/kds_3.0.0/toolchain/bin/../lib/gcc/arm-none-eabi/4.8.4/armv7e-m/fpu/crtn.o
OUTPUT(Project.elf elf32-littlearm)

.debug_info     0x00000000     0x6684
 .debug_info    0x00000000      0x217 ./Sources/FIFO.o
 .debug_info    0x00000217      0x797 ./Sources/FTM.o
 .debug_info    0x000009ae      0x671 ./Sources/Flash.o
 .debug_info    0x0000101f      0x490 ./Sources/LEDs.o
 .debug_info    0x000014af      0x5d0 ./Sources/PIT.o
 .debug_info    0x00001a7f      0x632 ./Sources/RTC.o
 .debug_info    0x000020b1      0xa8c ./Sources/UART.o
 .debug_info    0x00002b3d      0xb3b ./Sources/main.o
 .debug_info    0x00003678      0x2ff ./Sources/packet.o
 .debug_info    0x00003977      0x3b0 ./Project_Settings/Startup_Code/startup.o
 .debug_info    0x00003d27      0xc82 ./Generated_Code/Cpu.o
 .debug_info    0x000049a9      0x10f ./Generated_Code/Vectors.o
 .debug_info    0x00004ab8      0xd02 C:\Users\12551519\kinetis\Project\Library\libOS.a(OS.o)
 .debug_info    0x000057ba      0x46a C:\Users\12551519\kinetis\Project\Library\libAnalog.a(analog.o)
 .debug_info    0x00005c24      0xa60 C:\Users\12551519\kinetis\Project\Library\libAnalog.a(SPI.o)

.debug_abbrev   0x00000000     0x17d3
 .debug_abbrev  0x00000000       0xce ./Sources/FIFO.o
 .debug_abbrev  0x000000ce      0x1d2 ./Sources/FTM.o
 .debug_abbrev  0x000002a0      0x1cc ./Sources/Flash.o
 .debug_abbrev  0x0000046c      0x144 ./Sources/LEDs.o
 .debug_abbrev  0x000005b0      0x188 ./Sources/PIT.o
 .debug_abbrev  0x00000738      0x168 ./Sources/RTC.o
 .debug_abbrev  0x000008a0      0x232 ./Sources/UART.o
 .debug_abbrev  0x00000ad2      0x245 ./Sources/main.o
 .debug_abbrev  0x00000d17       0xec ./Sources/packet.o
 .debug_abbrev  0x00000e03      0x189 ./Project_Settings/Startup_Code/startup.o
 .debug_abbrev  0x00000f8c      0x185 ./Generated_Code/Cpu.o
 .debug_abbrev  0x00001111       0xa4 ./Generated_Code/Vectors.o
 .debug_abbrev  0x000011b5      0x2f8 C:\Users\12551519\kinetis\Project\Library\libOS.a(OS.o)
 .debug_abbrev  0x000014ad      0x151 C:\Users\12551519\kinetis\Project\Library\libAnalog.a(analog.o)
 .debug_abbrev  0x000015fe      0x1d5 C:\Users\12551519\kinetis\Project\Library\libAnalog.a(SPI.o)

.debug_aranges  0x00000000      0x488
 .debug_aranges
                0x00000000       0x30 ./Sources/FIFO.o
 .debug_aranges
                0x00000030       0x38 ./Sources/FTM.o
 .debug_aranges
                0x00000068       0x60 ./Sources/Flash.o
 .debug_aranges
                0x000000c8       0x38 ./Sources/LEDs.o
 .debug_aranges
                0x00000100       0x38 ./Sources/PIT.o
 .debug_aranges
                0x00000138       0x38 ./Sources/RTC.o
 .debug_aranges
                0x00000170       0x48 ./Sources/UART.o
 .debug_aranges
                0x000001b8       0xa8 ./Sources/main.o
 .debug_aranges
                0x00000260       0x30 ./Sources/packet.o
 .debug_aranges
                0x00000290       0x50 ./Project_Settings/Startup_Code/startup.o
 .debug_aranges
                0x000002e0       0x38 ./Generated_Code/Cpu.o
 .debug_aranges
                0x00000318       0x18 ./Generated_Code/Vectors.o
 .debug_aranges
                0x00000330       0xc8 C:\Users\12551519\kinetis\Project\Library\libOS.a(OS.o)
 .debug_aranges
                0x000003f8       0x38 C:\Users\12551519\kinetis\Project\Library\libAnalog.a(analog.o)
 .debug_aranges
                0x00000430       0x58 C:\Users\12551519\kinetis\Project\Library\libAnalog.a(SPI.o)

.debug_ranges   0x00000000      0x390
 .debug_ranges  0x00000000       0x20 ./Sources/FIFO.o
 .debug_ranges  0x00000020       0x28 ./Sources/FTM.o
 .debug_ranges  0x00000048       0x50 ./Sources/Flash.o
 .debug_ranges  0x00000098       0x28 ./Sources/LEDs.o
 .debug_ranges  0x000000c0       0x28 ./Sources/PIT.o
 .debug_ranges  0x000000e8       0x28 ./Sources/RTC.o
 .debug_ranges  0x00000110       0x38 ./Sources/UART.o
 .debug_ranges  0x00000148       0x98 ./Sources/main.o
 .debug_ranges  0x000001e0       0x20 ./Sources/packet.o
 .debug_ranges  0x00000200       0x40 ./Project_Settings/Startup_Code/startup.o
 .debug_ranges  0x00000240       0x28 ./Generated_Code/Cpu.o
 .debug_ranges  0x00000268       0xb8 C:\Users\12551519\kinetis\Project\Library\libOS.a(OS.o)
 .debug_ranges  0x00000320       0x28 C:\Users\12551519\kinetis\Project\Library\libAnalog.a(analog.o)
 .debug_ranges  0x00000348       0x48 C:\Users\12551519\kinetis\Project\Library\libAnalog.a(SPI.o)

.debug_macro    0x00000000    0x1a5be
 .debug_macro   0x00000000       0xaf ./Sources/FIFO.o
 .debug_macro   0x000000af       0x22 ./Sources/FIFO.o
 .debug_macro   0x000000d1       0x3c ./Sources/FIFO.o
 .debug_macro   0x0000010d     0x1800 ./Sources/FIFO.o
 .debug_macro   0x0000190d       0xa9 ./Sources/FTM.o
 .debug_macro   0x000019b6       0x76 ./Sources/Flash.o
 .debug_macro   0x00001a2c       0x16 ./Sources/Flash.o
 .debug_macro   0x00001a42    0x174af ./Sources/Flash.o
 .debug_macro   0x00018ef1       0x2e ./Sources/Flash.o
 .debug_macro   0x00018f1f       0x6d ./Sources/LEDs.o
 .debug_macro   0x00018f8c       0xa9 ./Sources/PIT.o
 .debug_macro   0x00019035       0xa9 ./Sources/RTC.o
 .debug_macro   0x000190de       0xbd ./Sources/UART.o
 .debug_macro   0x0001919b      0x1c5 ./Sources/main.o
 .debug_macro   0x00019360       0x10 ./Sources/main.o
 .debug_macro   0x00019370       0x3a ./Sources/main.o
 .debug_macro   0x000193aa       0x10 ./Sources/main.o
 .debug_macro   0x000193ba       0x58 ./Sources/main.o
 .debug_macro   0x00019412       0x35 ./Sources/main.o
 .debug_macro   0x00019447       0xa3 ./Sources/main.o
 .debug_macro   0x000194ea      0x166 ./Sources/main.o
 .debug_macro   0x00019650       0x52 ./Sources/main.o
 .debug_macro   0x000196a2       0x16 ./Sources/main.o
 .debug_macro   0x000196b8       0x43 ./Sources/main.o
 .debug_macro   0x000196fb      0x180 ./Sources/main.o
 .debug_macro   0x0001987b       0xde ./Sources/main.o
 .debug_macro   0x00019959       0xc2 ./Sources/packet.o
 .debug_macro   0x00019a1b      0x121 ./Project_Settings/Startup_Code/startup.o
 .debug_macro   0x00019b3c       0x4a ./Project_Settings/Startup_Code/startup.o
 .debug_macro   0x00019b86      0x2a6 ./Project_Settings/Startup_Code/startup.o
 .debug_macro   0x00019e2c       0x10 ./Project_Settings/Startup_Code/startup.o
 .debug_macro   0x00019e3c       0x35 ./Project_Settings/Startup_Code/startup.o
 .debug_macro   0x00019e71       0x16 ./Project_Settings/Startup_Code/startup.o
 .debug_macro   0x00019e87       0x22 ./Project_Settings/Startup_Code/startup.o
 .debug_macro   0x00019ea9      0x20f ./Project_Settings/Startup_Code/startup.o
 .debug_macro   0x0001a0b8       0x84 ./Generated_Code/Cpu.o
 .debug_macro   0x0001a13c       0xa0 ./Generated_Code/Cpu.o
 .debug_macro   0x0001a1dc       0xd8 ./Generated_Code/Vectors.o
 .debug_macro   0x0001a2b4       0x36 ./Generated_Code/Vectors.o
 .debug_macro   0x0001a2ea       0xa3 C:\Users\12551519\kinetis\Project\Library\libOS.a(OS.o)
 .debug_macro   0x0001a38d       0x94 C:\Users\12551519\kinetis\Project\Library\libOS.a(OS.o)
 .debug_macro   0x0001a421       0x30 C:\Users\12551519\kinetis\Project\Library\libOS.a(OS.o)
 .debug_macro   0x0001a451       0xf5 C:\Users\12551519\kinetis\Project\Library\libAnalog.a(analog.o)
 .debug_macro   0x0001a546       0x10 C:\Users\12551519\kinetis\Project\Library\libAnalog.a(analog.o)
 .debug_macro   0x0001a556       0x68 C:\Users\12551519\kinetis\Project\Library\libAnalog.a(SPI.o)

.debug_line     0x00000000     0x2e36
 .debug_line    0x00000000      0x2ae ./Sources/FIFO.o
 .debug_line    0x000002ae      0x2ef ./Sources/FTM.o
 .debug_line    0x0000059d      0x2cb ./Sources/Flash.o
 .debug_line    0x00000868      0x21d ./Sources/LEDs.o
 .debug_line    0x00000a85      0x2d1 ./Sources/PIT.o
 .debug_line    0x00000d56      0x2d2 ./Sources/RTC.o
 .debug_line    0x00001028      0x329 ./Sources/UART.o
 .debug_line    0x00001351      0x5ef ./Sources/main.o
 .debug_line    0x00001940      0x2c6 ./Sources/packet.o
 .debug_line    0x00001c06      0x3c4 ./Project_Settings/Startup_Code/startup.o
 .debug_line    0x00001fca      0x273 ./Generated_Code/Cpu.o
 .debug_line    0x0000223d      0x290 ./Generated_Code/Vectors.o
 .debug_line    0x000024cd      0x496 C:\Users\12551519\kinetis\Project\Library\libOS.a(OS.o)
 .debug_line    0x00002963      0x200 C:\Users\12551519\kinetis\Project\Library\libAnalog.a(analog.o)
 .debug_line    0x00002b63      0x2d3 C:\Users\12551519\kinetis\Project\Library\libAnalog.a(SPI.o)

.debug_str      0x00000000    0x8f5a8
 .debug_str     0x00000000    0x8a682 ./Sources/FIFO.o
                              0x8a800 (size before relaxing)
 .debug_str     0x0008a682      0x3b5 ./Sources/FTM.o
                              0x8ab39 (size before relaxing)
 .debug_str     0x0008aa37      0x3a5 ./Sources/Flash.o
                              0x830fe (size before relaxing)
 .debug_str     0x0008addc       0xe1 ./Sources/LEDs.o
                              0x82ee4 (size before relaxing)
 .debug_str     0x0008aebd       0xe2 ./Sources/PIT.o
                              0x8a991 (size before relaxing)
 .debug_str     0x0008af9f       0xab ./Sources/RTC.o
                              0x8a964 (size before relaxing)
 .debug_str     0x0008b04a      0x23e ./Sources/UART.o
                              0x8abb2 (size before relaxing)
 .debug_str     0x0008b288     0x22cd ./Sources/main.o
                              0x8cf44 (size before relaxing)
 .debug_str     0x0008d555       0x4f ./Sources/packet.o
                              0x8aa85 (size before relaxing)
 .debug_str     0x0008d5a4     0x1147 ./Project_Settings/Startup_Code/startup.o
                              0x853e8 (size before relaxing)
 .debug_str     0x0008e6eb      0x1e3 ./Generated_Code/Cpu.o
                              0x8aa19 (size before relaxing)
 .debug_str     0x0008e8ce       0x1c ./Generated_Code/Vectors.o
                              0x8a7c5 (size before relaxing)
 .debug_str     0x0008e8ea      0x3ab C:\Users\12551519\kinetis\Project\Library\libOS.a(OS.o)
                              0x8ad2a (size before relaxing)
 .debug_str     0x0008ec95      0x569 C:\Users\12551519\kinetis\Project\Library\libAnalog.a(analog.o)
                               0x3866 (size before relaxing)
 .debug_str     0x0008f1fe      0x3aa C:\Users\12551519\kinetis\Project\Library\libAnalog.a(SPI.o)
                              0x83389 (size before relaxing)

.comment        0x00000000       0x70
 .comment       0x00000000       0x70 ./Sources/FIFO.o
                                 0x71 (size before relaxing)
 .comment       0x00000000       0x71 ./Sources/FTM.o
 .comment       0x00000000       0x71 ./Sources/Flash.o
 .comment       0x00000000       0x71 ./Sources/LEDs.o
 .comment       0x00000000       0x71 ./Sources/PIT.o
 .comment       0x00000000       0x71 ./Sources/RTC.o
 .comment       0x00000000       0x71 ./Sources/UART.o
 .comment       0x00000000       0x71 ./Sources/main.o
 .comment       0x00000000       0x71 ./Sources/packet.o
 .comment       0x00000000       0x71 ./Project_Settings/Startup_Code/startup.o
 .comment       0x00000000       0x71 ./Generated_Code/Cpu.o
 .comment       0x00000000       0x71 ./Generated_Code/Vectors.o
 .comment       0x00000000       0x71 C:\Users\12551519\kinetis\Project\Library\libOS.a(OS.o)
 .comment       0x00000000       0x71 C:\Users\12551519\kinetis\Project\Library\libAnalog.a(analog.o)
 .comment       0x00000000       0x71 C:\Users\12551519\kinetis\Project\Library\libAnalog.a(SPI.o)

.debug_frame    0x00000000      0xe3c
 .debug_frame   0x00000000       0x70 ./Sources/FIFO.o
 .debug_frame   0x00000070       0x88 ./Sources/FTM.o
 .debug_frame   0x000000f8      0x128 ./Sources/Flash.o
 .debug_frame   0x00000220       0x7c ./Sources/LEDs.o
 .debug_frame   0x0000029c       0x8c ./Sources/PIT.o
 .debug_frame   0x00000328       0x8c ./Sources/RTC.o
 .debug_frame   0x000003b4       0xd4 ./Sources/UART.o
 .debug_frame   0x00000488      0x238 ./Sources/main.o
 .debug_frame   0x000006c0       0x70 ./Sources/packet.o
 .debug_frame   0x00000730       0xc0 ./Project_Settings/Startup_Code/startup.o
 .debug_frame   0x000007f0       0x80 ./Generated_Code/Cpu.o
 .debug_frame   0x00000870      0x2a0 C:\Users\12551519\kinetis\Project\Library\libOS.a(OS.o)
 .debug_frame   0x00000b10       0x90 C:\Users\12551519\kinetis\Project\Library\libAnalog.a(analog.o)
 .debug_frame   0x00000ba0      0x100 C:\Users\12551519\kinetis\Project\Library\libAnalog.a(SPI.o)
 .debug_frame   0x00000ca0       0x38 c:/freescale/kds_3.0.0/toolchain/bin/../lib/gcc/arm-none-eabi/4.8.4/../../../../arm-none-eabi/lib/armv7e-m/fpu\libm.a(lib_a-w_sqrt.o)
 .debug_frame   0x00000cd8       0x3c c:/freescale/kds_3.0.0/toolchain/bin/../lib/gcc/arm-none-eabi/4.8.4/../../../../arm-none-eabi/lib/armv7e-m/fpu\libm.a(lib_a-e_sqrt.o)
 .debug_frame   0x00000d14       0x28 c:/freescale/kds_3.0.0/toolchain/bin/../lib/gcc/arm-none-eabi/4.8.4/../../../../arm-none-eabi/lib/armv7e-m/fpu\libm.a(lib_a-s_fpclassify.o)
 .debug_frame   0x00000d3c       0x20 c:/freescale/kds_3.0.0/toolchain/bin/../lib/gcc/arm-none-eabi/4.8.4/../../../../arm-none-eabi/lib/armv7e-m/fpu\libm.a(lib_a-s_matherr.o)
 .debug_frame   0x00000d5c       0x2c c:/freescale/kds_3.0.0/toolchain/bin/../lib/gcc/arm-none-eabi/4.8.4/armv7e-m/fpu\libgcc.a(_fixunssfdi.o)
 .debug_frame   0x00000d88       0x20 c:/freescale/kds_3.0.0/toolchain/bin/../lib/gcc/arm-none-eabi/4.8.4/../../../../arm-none-eabi/lib/armv7e-m/fpu\libg_s.a(lib_a-errno.o)
 .debug_frame   0x00000da8       0x28 c:/freescale/kds_3.0.0/toolchain/bin/../lib/gcc/arm-none-eabi/4.8.4/../../../../arm-none-eabi/lib/armv7e-m/fpu\libg_s.a(lib_a-exit.o)
 .debug_frame   0x00000dd0       0x2c c:/freescale/kds_3.0.0/toolchain/bin/../lib/gcc/arm-none-eabi/4.8.4/../../../../arm-none-eabi/lib/armv7e-m/fpu\libg_s.a(lib_a-init.o)
 .debug_frame   0x00000dfc       0x20 c:/freescale/kds_3.0.0/toolchain/bin/../lib/gcc/arm-none-eabi/4.8.4/../../../../arm-none-eabi/lib/armv7e-m/fpu\libg_s.a(lib_a-memset.o)
 .debug_frame   0x00000e1c       0x20 c:/freescale/kds_3.0.0/toolchain/bin/../lib/gcc/arm-none-eabi/4.8.4/../../../../arm-none-eabi/lib/armv7e-m/fpu\libnosys.a(_exit.o)
