Archive member included because of file (symbol)

C:\Users\12551519\Desktop\project\es18aut13\Project\Library\libOS.a(OS.o)
                              ./Sources/main.o (OS_Init)
c:/freescale/kds_3.0.0/toolchain/bin/../lib/gcc/arm-none-eabi/4.8.4/../../../../arm-none-eabi/lib/armv7e-m/fpu\libg_s.a(lib_a-exit.o)
                              c:/freescale/kds_3.0.0/toolchain/bin/../lib/gcc/arm-none-eabi/4.8.4/../../../../arm-none-eabi/lib/armv7e-m/fpu/crt0.o (exit)
c:/freescale/kds_3.0.0/toolchain/bin/../lib/gcc/arm-none-eabi/4.8.4/../../../../arm-none-eabi/lib/armv7e-m/fpu\libg_s.a(lib_a-impure.o)
                              c:/freescale/kds_3.0.0/toolchain/bin/../lib/gcc/arm-none-eabi/4.8.4/../../../../arm-none-eabi/lib/armv7e-m/fpu\libg_s.a(lib_a-exit.o) (_global_impure_ptr)
c:/freescale/kds_3.0.0/toolchain/bin/../lib/gcc/arm-none-eabi/4.8.4/../../../../arm-none-eabi/lib/armv7e-m/fpu\libg_s.a(lib_a-init.o)
                              c:/freescale/kds_3.0.0/toolchain/bin/../lib/gcc/arm-none-eabi/4.8.4/../../../../arm-none-eabi/lib/armv7e-m/fpu/crt0.o (__libc_init_array)
c:/freescale/kds_3.0.0/toolchain/bin/../lib/gcc/arm-none-eabi/4.8.4/../../../../arm-none-eabi/lib/armv7e-m/fpu\libg_s.a(lib_a-memcpy-stub.o)
                              ./Sources/I2C.o (memcpy)
c:/freescale/kds_3.0.0/toolchain/bin/../lib/gcc/arm-none-eabi/4.8.4/../../../../arm-none-eabi/lib/armv7e-m/fpu\libg_s.a(lib_a-memset.o)
                              c:/freescale/kds_3.0.0/toolchain/bin/../lib/gcc/arm-none-eabi/4.8.4/../../../../arm-none-eabi/lib/armv7e-m/fpu/crt0.o (memset)
c:/freescale/kds_3.0.0/toolchain/bin/../lib/gcc/arm-none-eabi/4.8.4/../../../../arm-none-eabi/lib/armv7e-m/fpu\libnosys.a(_exit.o)
                              c:/freescale/kds_3.0.0/toolchain/bin/../lib/gcc/arm-none-eabi/4.8.4/../../../../arm-none-eabi/lib/armv7e-m/fpu\libg_s.a(lib_a-exit.o) (_exit)

Allocating common symbols
Common symbol       size              file

NvTowerMd           0x4               ./Sources/main.o
NvTowerNb           0x4               ./Sources/main.o
DummyRead           0x1               ./Sources/UART.o
Packet              0x5               ./Sources/packet.o
TxFIFO              0x110             ./Sources/UART.o
RxFIFO              0x110             ./Sources/UART.o
SR_reg              0x1               ./Generated_Code/Cpu.o
RxUARTSemaphore     0x4               ./Sources/UART.o
NvTowerPo           0x4               ./Sources/main.o
TxUARTSemaphore     0x4               ./Sources/UART.o

Discarded input sections

 .text          0x00000000        0x0 c:/freescale/kds_3.0.0/toolchain/bin/../lib/gcc/arm-none-eabi/4.8.4/armv7e-m/fpu/crti.o
 .data          0x00000000        0x0 c:/freescale/kds_3.0.0/toolchain/bin/../lib/gcc/arm-none-eabi/4.8.4/armv7e-m/fpu/crti.o
 .bss           0x00000000        0x0 c:/freescale/kds_3.0.0/toolchain/bin/../lib/gcc/arm-none-eabi/4.8.4/armv7e-m/fpu/crti.o
 .data          0x00000000        0x4 c:/freescale/kds_3.0.0/toolchain/bin/../lib/gcc/arm-none-eabi/4.8.4/armv7e-m/fpu/crtbegin.o
 .data          0x00000000        0x0 c:/freescale/kds_3.0.0/toolchain/bin/../lib/gcc/arm-none-eabi/4.8.4/../../../../arm-none-eabi/lib/armv7e-m/fpu/crt0.o
 .bss           0x00000000        0x0 c:/freescale/kds_3.0.0/toolchain/bin/../lib/gcc/arm-none-eabi/4.8.4/../../../../arm-none-eabi/lib/armv7e-m/fpu/crt0.o
 .ARM.extab     0x00000000        0x0 c:/freescale/kds_3.0.0/toolchain/bin/../lib/gcc/arm-none-eabi/4.8.4/../../../../arm-none-eabi/lib/armv7e-m/fpu/crt0.o
 .group         0x00000000        0x8 ./Sources/Events.o
 .group         0x00000000        0x8 ./Sources/Events.o
 .group         0x00000000        0x8 ./Sources/Events.o
 .group         0x00000000        0x8 ./Sources/Events.o
 .group         0x00000000        0x8 ./Sources/Events.o
 .group         0x00000000        0x8 ./Sources/Events.o
 .group         0x00000000        0x8 ./Sources/Events.o
 .group         0x00000000        0x8 ./Sources/Events.o
 .group         0x00000000        0x8 ./Sources/Events.o
 .text          0x00000000        0x0 ./Sources/Events.o
 .data          0x00000000        0x0 ./Sources/Events.o
 .bss           0x00000000        0x0 ./Sources/Events.o
 .debug_info    0x00000000       0x7d ./Sources/Events.o
 .debug_abbrev  0x00000000       0x29 ./Sources/Events.o
 .debug_aranges
                0x00000000       0x18 ./Sources/Events.o
 .debug_macro   0x00000000       0x9f ./Sources/Events.o
 .debug_macro   0x00000000      0x850 ./Sources/Events.o
 .debug_macro   0x00000000       0x16 ./Sources/Events.o
 .debug_macro   0x00000000       0x44 ./Sources/Events.o
 .debug_macro   0x00000000      0x209 ./Sources/Events.o
 .debug_macro   0x00000000     0x17fa ./Sources/Events.o
 .debug_macro   0x00000000      0x14e ./Sources/Events.o
 .debug_macro   0x00000000       0x64 ./Sources/Events.o
 .debug_macro   0x00000000    0x174c1 ./Sources/Events.o
 .debug_macro   0x00000000       0x9a ./Sources/Events.o
 .debug_line    0x00000000      0x246 ./Sources/Events.o
 .debug_str     0x00000000    0x8a602 ./Sources/Events.o
 .comment       0x00000000       0x71 ./Sources/Events.o
 .ARM.attributes
                0x00000000       0x39 ./Sources/Events.o
 .group         0x00000000        0x8 ./Sources/FIFO.o
 .group         0x00000000        0x8 ./Sources/FIFO.o
 .group         0x00000000        0x8 ./Sources/FIFO.o
 .group         0x00000000        0x8 ./Sources/FIFO.o
 .group         0x00000000        0x8 ./Sources/FIFO.o
 .group         0x00000000        0x8 ./Sources/FIFO.o
 .group         0x00000000        0x8 ./Sources/FIFO.o
 .group         0x00000000        0x8 ./Sources/FIFO.o
 .group         0x00000000        0x8 ./Sources/FIFO.o
 .group         0x00000000        0x8 ./Sources/FIFO.o
 .group         0x00000000        0x8 ./Sources/FIFO.o
 .text          0x00000000        0x0 ./Sources/FIFO.o
 .data          0x00000000        0x0 ./Sources/FIFO.o
 .bss           0x00000000        0x0 ./Sources/FIFO.o
 .debug_macro   0x00000000      0x850 ./Sources/FIFO.o
 .debug_macro   0x00000000       0x16 ./Sources/FIFO.o
 .debug_macro   0x00000000       0x44 ./Sources/FIFO.o
 .debug_macro   0x00000000      0x209 ./Sources/FIFO.o
 .debug_macro   0x00000000      0x14e ./Sources/FIFO.o
 .debug_macro   0x00000000       0x64 ./Sources/FIFO.o
 .debug_macro   0x00000000    0x174c1 ./Sources/FIFO.o
 .debug_macro   0x00000000       0x9a ./Sources/FIFO.o
 .group         0x00000000        0x8 ./Sources/FTM.o
 .group         0x00000000        0x8 ./Sources/FTM.o
 .group         0x00000000        0x8 ./Sources/FTM.o
 .group         0x00000000        0x8 ./Sources/FTM.o
 .group         0x00000000        0x8 ./Sources/FTM.o
 .group         0x00000000        0x8 ./Sources/FTM.o
 .group         0x00000000        0x8 ./Sources/FTM.o
 .group         0x00000000        0x8 ./Sources/FTM.o
 .group         0x00000000        0x8 ./Sources/FTM.o
 .group         0x00000000        0x8 ./Sources/FTM.o
 .group         0x00000000        0x8 ./Sources/FTM.o
 .text          0x00000000        0x0 ./Sources/FTM.o
 .data          0x00000000        0x0 ./Sources/FTM.o
 .bss           0x00000000        0x0 ./Sources/FTM.o
 .debug_macro   0x00000000      0x850 ./Sources/FTM.o
 .debug_macro   0x00000000       0x16 ./Sources/FTM.o
 .debug_macro   0x00000000       0x44 ./Sources/FTM.o
 .debug_macro   0x00000000      0x209 ./Sources/FTM.o
 .debug_macro   0x00000000       0x22 ./Sources/FTM.o
 .debug_macro   0x00000000       0x3c ./Sources/FTM.o
 .debug_macro   0x00000000    0x174c1 ./Sources/FTM.o
 .debug_macro   0x00000000     0x1800 ./Sources/FTM.o
 .debug_macro   0x00000000      0x14e ./Sources/FTM.o
 .debug_macro   0x00000000       0x64 ./Sources/FTM.o
 .debug_macro   0x00000000       0x9a ./Sources/FTM.o
 .group         0x00000000        0x8 ./Sources/Flash.o
 .group         0x00000000        0x8 ./Sources/Flash.o
 .group         0x00000000        0x8 ./Sources/Flash.o
 .group         0x00000000        0x8 ./Sources/Flash.o
 .group         0x00000000        0x8 ./Sources/Flash.o
 .group         0x00000000        0x8 ./Sources/Flash.o
 .group         0x00000000        0x8 ./Sources/Flash.o
 .group         0x00000000        0x8 ./Sources/Flash.o
 .text          0x00000000        0x0 ./Sources/Flash.o
 .data          0x00000000        0x0 ./Sources/Flash.o
 .bss           0x00000000        0x0 ./Sources/Flash.o
 .rodata.PROGRAM_PHRASE
                0x00000000        0x1 ./Sources/Flash.o
 .rodata.ERASE_FLASH_SECTOR
                0x00000000        0x1 ./Sources/Flash.o
 .debug_macro   0x00000000      0x850 ./Sources/Flash.o
 .debug_macro   0x00000000       0x16 ./Sources/Flash.o
 .debug_macro   0x00000000       0x44 ./Sources/Flash.o
 .debug_macro   0x00000000      0x209 ./Sources/Flash.o
 .debug_macro   0x00000000       0x22 ./Sources/Flash.o
 .group         0x00000000        0x8 ./Sources/I2C.o
 .group         0x00000000        0x8 ./Sources/I2C.o
 .group         0x00000000        0x8 ./Sources/I2C.o
 .group         0x00000000        0x8 ./Sources/I2C.o
 .group         0x00000000        0x8 ./Sources/I2C.o
 .group         0x00000000        0x8 ./Sources/I2C.o
 .group         0x00000000        0x8 ./Sources/I2C.o
 .group         0x00000000        0x8 ./Sources/I2C.o
 .group         0x00000000        0x8 ./Sources/I2C.o
 .group         0x00000000        0x8 ./Sources/I2C.o
 .group         0x00000000        0x8 ./Sources/I2C.o
 .text          0x00000000        0x0 ./Sources/I2C.o
 .data          0x00000000        0x0 ./Sources/I2C.o
 .bss           0x00000000        0x0 ./Sources/I2C.o
 .text.I2C_SelectSlaveDevice
                0x00000000       0x20 ./Sources/I2C.o
 .text.I2C_PollRead
                0x00000000      0x104 ./Sources/I2C.o
 .debug_macro   0x00000000      0x850 ./Sources/I2C.o
 .debug_macro   0x00000000       0x16 ./Sources/I2C.o
 .debug_macro   0x00000000       0x44 ./Sources/I2C.o
 .debug_macro   0x00000000      0x209 ./Sources/I2C.o
 .debug_macro   0x00000000       0x22 ./Sources/I2C.o
 .debug_macro   0x00000000       0x3c ./Sources/I2C.o
 .debug_macro   0x00000000    0x174c1 ./Sources/I2C.o
 .debug_macro   0x00000000     0x1800 ./Sources/I2C.o
 .debug_macro   0x00000000      0x14e ./Sources/I2C.o
 .debug_macro   0x00000000       0x64 ./Sources/I2C.o
 .debug_macro   0x00000000       0x9a ./Sources/I2C.o
 .group         0x00000000        0x8 ./Sources/LEDs.o
 .group         0x00000000        0x8 ./Sources/LEDs.o
 .group         0x00000000        0x8 ./Sources/LEDs.o
 .group         0x00000000        0x8 ./Sources/LEDs.o
 .group         0x00000000        0x8 ./Sources/LEDs.o
 .group         0x00000000        0x8 ./Sources/LEDs.o
 .group         0x00000000        0x8 ./Sources/LEDs.o
 .text          0x00000000        0x0 ./Sources/LEDs.o
 .data          0x00000000        0x0 ./Sources/LEDs.o
 .bss           0x00000000        0x0 ./Sources/LEDs.o
 .debug_macro   0x00000000      0x850 ./Sources/LEDs.o
 .debug_macro   0x00000000       0x16 ./Sources/LEDs.o
 .debug_macro   0x00000000       0x16 ./Sources/LEDs.o
 .debug_macro   0x00000000       0x44 ./Sources/LEDs.o
 .debug_macro   0x00000000      0x209 ./Sources/LEDs.o
 .debug_macro   0x00000000    0x174af ./Sources/LEDs.o
 .debug_macro   0x00000000       0x22 ./Sources/LEDs.o
 .group         0x00000000        0x8 ./Sources/PIT.o
 .group         0x00000000        0x8 ./Sources/PIT.o
 .group         0x00000000        0x8 ./Sources/PIT.o
 .group         0x00000000        0x8 ./Sources/PIT.o
 .group         0x00000000        0x8 ./Sources/PIT.o
 .group         0x00000000        0x8 ./Sources/PIT.o
 .group         0x00000000        0x8 ./Sources/PIT.o
 .group         0x00000000        0x8 ./Sources/PIT.o
 .group         0x00000000        0x8 ./Sources/PIT.o
 .group         0x00000000        0x8 ./Sources/PIT.o
 .group         0x00000000        0x8 ./Sources/PIT.o
 .text          0x00000000        0x0 ./Sources/PIT.o
 .data          0x00000000        0x0 ./Sources/PIT.o
 .bss           0x00000000        0x0 ./Sources/PIT.o
 .debug_macro   0x00000000      0x850 ./Sources/PIT.o
 .debug_macro   0x00000000       0x16 ./Sources/PIT.o
 .debug_macro   0x00000000       0x44 ./Sources/PIT.o
 .debug_macro   0x00000000      0x209 ./Sources/PIT.o
 .debug_macro   0x00000000       0x22 ./Sources/PIT.o
 .debug_macro   0x00000000       0x3c ./Sources/PIT.o
 .debug_macro   0x00000000    0x174c1 ./Sources/PIT.o
 .debug_macro   0x00000000     0x1800 ./Sources/PIT.o
 .debug_macro   0x00000000      0x14e ./Sources/PIT.o
 .debug_macro   0x00000000       0x64 ./Sources/PIT.o
 .debug_macro   0x00000000       0x9a ./Sources/PIT.o
 .group         0x00000000        0x8 ./Sources/RTC.o
 .group         0x00000000        0x8 ./Sources/RTC.o
 .group         0x00000000        0x8 ./Sources/RTC.o
 .group         0x00000000        0x8 ./Sources/RTC.o
 .group         0x00000000        0x8 ./Sources/RTC.o
 .group         0x00000000        0x8 ./Sources/RTC.o
 .group         0x00000000        0x8 ./Sources/RTC.o
 .group         0x00000000        0x8 ./Sources/RTC.o
 .group         0x00000000        0x8 ./Sources/RTC.o
 .group         0x00000000        0x8 ./Sources/RTC.o
 .group         0x00000000        0x8 ./Sources/RTC.o
 .text          0x00000000        0x0 ./Sources/RTC.o
 .data          0x00000000        0x0 ./Sources/RTC.o
 .bss           0x00000000        0x0 ./Sources/RTC.o
 .debug_macro   0x00000000      0x850 ./Sources/RTC.o
 .debug_macro   0x00000000       0x16 ./Sources/RTC.o
 .debug_macro   0x00000000       0x44 ./Sources/RTC.o
 .debug_macro   0x00000000      0x209 ./Sources/RTC.o
 .debug_macro   0x00000000       0x22 ./Sources/RTC.o
 .debug_macro   0x00000000       0x3c ./Sources/RTC.o
 .debug_macro   0x00000000    0x174c1 ./Sources/RTC.o
 .debug_macro   0x00000000     0x1800 ./Sources/RTC.o
 .debug_macro   0x00000000      0x14e ./Sources/RTC.o
 .debug_macro   0x00000000       0x64 ./Sources/RTC.o
 .debug_macro   0x00000000       0x9a ./Sources/RTC.o
 .group         0x00000000        0x8 ./Sources/UART.o
 .group         0x00000000        0x8 ./Sources/UART.o
 .group         0x00000000        0x8 ./Sources/UART.o
 .group         0x00000000        0x8 ./Sources/UART.o
 .group         0x00000000        0x8 ./Sources/UART.o
 .group         0x00000000        0x8 ./Sources/UART.o
 .group         0x00000000        0x8 ./Sources/UART.o
 .group         0x00000000        0x8 ./Sources/UART.o
 .group         0x00000000        0x8 ./Sources/UART.o
 .group         0x00000000        0x8 ./Sources/UART.o
 .group         0x00000000        0x8 ./Sources/UART.o
 .text          0x00000000        0x0 ./Sources/UART.o
 .data          0x00000000        0x0 ./Sources/UART.o
 .bss           0x00000000        0x0 ./Sources/UART.o
 .debug_macro   0x00000000      0x850 ./Sources/UART.o
 .debug_macro   0x00000000       0x16 ./Sources/UART.o
 .debug_macro   0x00000000       0x44 ./Sources/UART.o
 .debug_macro   0x00000000      0x209 ./Sources/UART.o
 .debug_macro   0x00000000       0x22 ./Sources/UART.o
 .debug_macro   0x00000000       0x3c ./Sources/UART.o
 .debug_macro   0x00000000    0x174c1 ./Sources/UART.o
 .debug_macro   0x00000000     0x1800 ./Sources/UART.o
 .debug_macro   0x00000000      0x14e ./Sources/UART.o
 .debug_macro   0x00000000       0x64 ./Sources/UART.o
 .debug_macro   0x00000000       0x9a ./Sources/UART.o
 .group         0x00000000        0x8 ./Sources/accel.o
 .group         0x00000000        0x8 ./Sources/accel.o
 .group         0x00000000        0x8 ./Sources/accel.o
 .group         0x00000000        0x8 ./Sources/accel.o
 .group         0x00000000        0x8 ./Sources/accel.o
 .group         0x00000000        0x8 ./Sources/accel.o
 .group         0x00000000        0x8 ./Sources/accel.o
 .group         0x00000000        0x8 ./Sources/accel.o
 .group         0x00000000        0x8 ./Sources/accel.o
 .group         0x00000000        0x8 ./Sources/accel.o
 .group         0x00000000        0x8 ./Sources/accel.o
 .text          0x00000000        0x0 ./Sources/accel.o
 .data          0x00000000        0x0 ./Sources/accel.o
 .bss           0x00000000        0x0 ./Sources/accel.o
 .bss.INT_SOURCE_Union
                0x00000000        0x4 ./Sources/accel.o
 .bss.CTRL_REG3_Union
                0x00000000        0x4 ./Sources/accel.o
 .debug_macro   0x00000000      0x850 ./Sources/accel.o
 .debug_macro   0x00000000       0x16 ./Sources/accel.o
 .debug_macro   0x00000000       0x44 ./Sources/accel.o
 .debug_macro   0x00000000      0x209 ./Sources/accel.o
 .debug_macro   0x00000000       0x22 ./Sources/accel.o
 .debug_macro   0x00000000       0x3c ./Sources/accel.o
 .debug_macro   0x00000000    0x174c1 ./Sources/accel.o
 .debug_macro   0x00000000     0x1800 ./Sources/accel.o
 .debug_macro   0x00000000      0x14e ./Sources/accel.o
 .debug_macro   0x00000000       0x64 ./Sources/accel.o
 .group         0x00000000        0x8 ./Sources/main.o
 .group         0x00000000        0x8 ./Sources/main.o
 .group         0x00000000        0x8 ./Sources/main.o
 .group         0x00000000        0x8 ./Sources/main.o
 .group         0x00000000        0x8 ./Sources/main.o
 .group         0x00000000        0x8 ./Sources/main.o
 .group         0x00000000        0x8 ./Sources/main.o
 .group         0x00000000        0x8 ./Sources/main.o
 .group         0x00000000        0x8 ./Sources/main.o
 .group         0x00000000        0x8 ./Sources/main.o
 .group         0x00000000        0x8 ./Sources/main.o
 .group         0x00000000        0x8 ./Sources/main.o
 .group         0x00000000        0x8 ./Sources/main.o
 .group         0x00000000        0x8 ./Sources/main.o
 .text          0x00000000        0x0 ./Sources/main.o
 .data          0x00000000        0x0 ./Sources/main.o
 .bss           0x00000000        0x0 ./Sources/main.o
 .rodata.PROGRAM_PHRASE
                0x00000000        0x1 ./Sources/main.o
 .rodata.ERASE_FLASH_SECTOR
                0x00000000        0x1 ./Sources/main.o
 .rodata.COMMAND_STARTUP
                0x00000000        0x1 ./Sources/main.o
 .rodata.COMMAND_VER
                0x00000000        0x1 ./Sources/main.o
 .rodata.COMMAND_NUM
                0x00000000        0x1 ./Sources/main.o
 .rodata.COMMAND_PROGRAMBYTE
                0x00000000        0x1 ./Sources/main.o
 .rodata.COMMAND_READBYTE
                0x00000000        0x1 ./Sources/main.o
 .rodata.COMMAND_MODE
                0x00000000        0x1 ./Sources/main.o
 .rodata.COMMAND_TIME
                0x00000000        0x1 ./Sources/main.o
 .rodata.COMMAND_PROTOCOL
                0x00000000        0x1 ./Sources/main.o
 .rodata.COMMAND_ACCEL
                0x00000000        0x1 ./Sources/main.o
 .rodata.COMMAND_TIMING
                0x00000000        0x1 ./Sources/main.o
 .rodata.COMMAND_RAISES
                0x00000000        0x1 ./Sources/main.o
 .rodata.COMMAND_LOWERS
                0x00000000        0x1 ./Sources/main.o
 .rodata.COMMAND_FREQUENCY
                0x00000000        0x1 ./Sources/main.o
 .rodata.COMMAND_VOLTAGE
                0x00000000        0x1 ./Sources/main.o
 .rodata.COMMAND_SPECTRUM
                0x00000000        0x1 ./Sources/main.o
 .rodata.PARAM_GET
                0x00000000        0x1 ./Sources/main.o
 .rodata.PARAM_SET
                0x00000000        0x1 ./Sources/main.o
 .rodata.VRR_GET
                0x00000000        0x1 ./Sources/main.o
 .rodata.VRR_DEFINITE
                0x00000000        0x1 ./Sources/main.o
 .rodata.VRR_INVERSE
                0x00000000        0x1 ./Sources/main.o
 .rodata.VRR_RESET
                0x00000000        0x1 ./Sources/main.o
 .rodata.VRR_PHASE_A
                0x00000000        0x1 ./Sources/main.o
 .rodata.VRR_PHASE_B
                0x00000000        0x1 ./Sources/main.o
 .rodata.VRR_PHASE_C
                0x00000000        0x1 ./Sources/main.o
 .rodata.TOWER_VER_MAJ
                0x00000000        0x1 ./Sources/main.o
 .rodata.TOWER_VER_MIN
                0x00000000        0x1 ./Sources/main.o
 .bss.PITThreadStack
                0x00000000      0x190 ./Sources/main.o
 .debug_macro   0x00000000      0x850 ./Sources/main.o
 .debug_macro   0x00000000       0x16 ./Sources/main.o
 .debug_macro   0x00000000       0x44 ./Sources/main.o
 .debug_macro   0x00000000      0x209 ./Sources/main.o
 .debug_macro   0x00000000       0x22 ./Sources/main.o
 .debug_macro   0x00000000     0x1800 ./Sources/main.o
 .debug_macro   0x00000000      0x14e ./Sources/main.o
 .debug_macro   0x00000000       0x64 ./Sources/main.o
 .debug_macro   0x00000000    0x174c1 ./Sources/main.o
 .debug_macro   0x00000000       0x9a ./Sources/main.o
 .debug_macro   0x00000000       0x3c ./Sources/main.o
 .debug_macro   0x00000000       0x2e ./Sources/main.o
 .group         0x00000000        0x8 ./Sources/median.o
 .group         0x00000000        0x8 ./Sources/median.o
 .group         0x00000000        0x8 ./Sources/median.o
 .group         0x00000000        0x8 ./Sources/median.o
 .group         0x00000000        0x8 ./Sources/median.o
 .text          0x00000000        0x0 ./Sources/median.o
 .data          0x00000000        0x0 ./Sources/median.o
 .bss           0x00000000        0x0 ./Sources/median.o
 .debug_macro   0x00000000      0x850 ./Sources/median.o
 .debug_macro   0x00000000       0x16 ./Sources/median.o
 .debug_macro   0x00000000       0x44 ./Sources/median.o
 .debug_macro   0x00000000      0x209 ./Sources/median.o
 .debug_macro   0x00000000       0x22 ./Sources/median.o
 .group         0x00000000        0x8 ./Sources/packet.o
 .group         0x00000000        0x8 ./Sources/packet.o
 .group         0x00000000        0x8 ./Sources/packet.o
 .group         0x00000000        0x8 ./Sources/packet.o
 .group         0x00000000        0x8 ./Sources/packet.o
 .group         0x00000000        0x8 ./Sources/packet.o
 .group         0x00000000        0x8 ./Sources/packet.o
 .group         0x00000000        0x8 ./Sources/packet.o
 .group         0x00000000        0x8 ./Sources/packet.o
 .group         0x00000000        0x8 ./Sources/packet.o
 .group         0x00000000        0x8 ./Sources/packet.o
 .group         0x00000000        0x8 ./Sources/packet.o
 .text          0x00000000        0x0 ./Sources/packet.o
 .data          0x00000000        0x0 ./Sources/packet.o
 .bss           0x00000000        0x0 ./Sources/packet.o
 .debug_macro   0x00000000      0x850 ./Sources/packet.o
 .debug_macro   0x00000000       0x16 ./Sources/packet.o
 .debug_macro   0x00000000       0x44 ./Sources/packet.o
 .debug_macro   0x00000000      0x209 ./Sources/packet.o
 .debug_macro   0x00000000       0x22 ./Sources/packet.o
 .debug_macro   0x00000000       0x3c ./Sources/packet.o
 .debug_macro   0x00000000       0x3a ./Sources/packet.o
 .debug_macro   0x00000000    0x174c1 ./Sources/packet.o
 .debug_macro   0x00000000     0x1800 ./Sources/packet.o
 .debug_macro   0x00000000      0x14e ./Sources/packet.o
 .debug_macro   0x00000000       0x64 ./Sources/packet.o
 .debug_macro   0x00000000       0x9a ./Sources/packet.o
 .group         0x00000000        0x8 ./Project_Settings/Startup_Code/startup.o
 .group         0x00000000        0x8 ./Project_Settings/Startup_Code/startup.o
 .group         0x00000000        0x8 ./Project_Settings/Startup_Code/startup.o
 .group         0x00000000        0x8 ./Project_Settings/Startup_Code/startup.o
 .group         0x00000000        0x8 ./Project_Settings/Startup_Code/startup.o
 .group         0x00000000        0x8 ./Project_Settings/Startup_Code/startup.o
 .group         0x00000000        0x8 ./Project_Settings/Startup_Code/startup.o
 .group         0x00000000        0x8 ./Project_Settings/Startup_Code/startup.o
 .group         0x00000000        0x8 ./Project_Settings/Startup_Code/startup.o
 .group         0x00000000        0x8 ./Project_Settings/Startup_Code/startup.o
 .group         0x00000000        0x8 ./Project_Settings/Startup_Code/startup.o
 .group         0x00000000        0x8 ./Project_Settings/Startup_Code/startup.o
 .group         0x00000000        0x8 ./Project_Settings/Startup_Code/startup.o
 .group         0x00000000        0x8 ./Project_Settings/Startup_Code/startup.o
 .group         0x00000000        0x8 ./Project_Settings/Startup_Code/startup.o
 .group         0x00000000        0x8 ./Project_Settings/Startup_Code/startup.o
 .group         0x00000000        0x8 ./Project_Settings/Startup_Code/startup.o
 .group         0x00000000        0x8 ./Project_Settings/Startup_Code/startup.o
 .group         0x00000000        0x8 ./Project_Settings/Startup_Code/startup.o
 .text          0x00000000        0x0 ./Project_Settings/Startup_Code/startup.o
 .data          0x00000000        0x0 ./Project_Settings/Startup_Code/startup.o
 .bss           0x00000000        0x0 ./Project_Settings/Startup_Code/startup.o
 .text.__init_hardware
                0x00000000        0xc ./Project_Settings/Startup_Code/startup.o
 .text.__iar_program_start
                0x00000000        0xc ./Project_Settings/Startup_Code/startup.o
 .debug_macro   0x00000000      0x850 ./Project_Settings/Startup_Code/startup.o
 .debug_macro   0x00000000       0x16 ./Project_Settings/Startup_Code/startup.o
 .debug_macro   0x00000000       0x16 ./Project_Settings/Startup_Code/startup.o
 .debug_macro   0x00000000    0x174af ./Project_Settings/Startup_Code/startup.o
 .group         0x00000000        0x8 ./Generated_Code/Cpu.o
 .group         0x00000000        0x8 ./Generated_Code/Cpu.o
 .group         0x00000000        0x8 ./Generated_Code/Cpu.o
 .group         0x00000000        0x8 ./Generated_Code/Cpu.o
 .group         0x00000000        0x8 ./Generated_Code/Cpu.o
 .group         0x00000000        0x8 ./Generated_Code/Cpu.o
 .group         0x00000000        0x8 ./Generated_Code/Cpu.o
 .group         0x00000000        0x8 ./Generated_Code/Cpu.o
 .group         0x00000000        0x8 ./Generated_Code/Cpu.o
 .text          0x00000000        0x0 ./Generated_Code/Cpu.o
 .data          0x00000000        0x0 ./Generated_Code/Cpu.o
 .bss           0x00000000        0x0 ./Generated_Code/Cpu.o
 .debug_macro   0x00000000      0x850 ./Generated_Code/Cpu.o
 .debug_macro   0x00000000       0x16 ./Generated_Code/Cpu.o
 .debug_macro   0x00000000       0x44 ./Generated_Code/Cpu.o
 .debug_macro   0x00000000      0x209 ./Generated_Code/Cpu.o
 .debug_macro   0x00000000     0x17fa ./Generated_Code/Cpu.o
 .debug_macro   0x00000000      0x14e ./Generated_Code/Cpu.o
 .debug_macro   0x00000000       0x64 ./Generated_Code/Cpu.o
 .debug_macro   0x00000000    0x174c1 ./Generated_Code/Cpu.o
 .group         0x00000000        0x8 ./Generated_Code/Vectors.o
 .group         0x00000000        0x8 ./Generated_Code/Vectors.o
 .group         0x00000000        0x8 ./Generated_Code/Vectors.o
 .group         0x00000000        0x8 ./Generated_Code/Vectors.o
 .group         0x00000000        0x8 ./Generated_Code/Vectors.o
 .group         0x00000000        0x8 ./Generated_Code/Vectors.o
 .group         0x00000000        0x8 ./Generated_Code/Vectors.o
 .group         0x00000000        0x8 ./Generated_Code/Vectors.o
 .group         0x00000000        0x8 ./Generated_Code/Vectors.o
 .group         0x00000000        0x8 ./Generated_Code/Vectors.o
 .group         0x00000000        0x8 ./Generated_Code/Vectors.o
 .group         0x00000000        0x8 ./Generated_Code/Vectors.o
 .text          0x00000000        0x0 ./Generated_Code/Vectors.o
 .data          0x00000000        0x0 ./Generated_Code/Vectors.o
 .bss           0x00000000        0x0 ./Generated_Code/Vectors.o
 .debug_macro   0x00000000      0x850 ./Generated_Code/Vectors.o
 .debug_macro   0x00000000       0x16 ./Generated_Code/Vectors.o
 .debug_macro   0x00000000       0x44 ./Generated_Code/Vectors.o
 .debug_macro   0x00000000      0x209 ./Generated_Code/Vectors.o
 .debug_macro   0x00000000     0x17fa ./Generated_Code/Vectors.o
 .debug_macro   0x00000000      0x14e ./Generated_Code/Vectors.o
 .debug_macro   0x00000000       0x64 ./Generated_Code/Vectors.o
 .debug_macro   0x00000000    0x174c1 ./Generated_Code/Vectors.o
 .debug_macro   0x00000000       0x9a ./Generated_Code/Vectors.o
 .debug_macro   0x00000000       0x22 ./Generated_Code/Vectors.o
 .debug_macro   0x00000000       0x10 ./Generated_Code/Vectors.o
 .group         0x00000000        0x8 C:\Users\12551519\Desktop\project\es18aut13\Project\Library\libOS.a(OS.o)
 .group         0x00000000        0x8 C:\Users\12551519\Desktop\project\es18aut13\Project\Library\libOS.a(OS.o)
 .group         0x00000000        0x8 C:\Users\12551519\Desktop\project\es18aut13\Project\Library\libOS.a(OS.o)
 .group         0x00000000        0x8 C:\Users\12551519\Desktop\project\es18aut13\Project\Library\libOS.a(OS.o)
 .group         0x00000000        0x8 C:\Users\12551519\Desktop\project\es18aut13\Project\Library\libOS.a(OS.o)
 .group         0x00000000        0x8 C:\Users\12551519\Desktop\project\es18aut13\Project\Library\libOS.a(OS.o)
 .group         0x00000000        0x8 C:\Users\12551519\Desktop\project\es18aut13\Project\Library\libOS.a(OS.o)
 .group         0x00000000        0x8 C:\Users\12551519\Desktop\project\es18aut13\Project\Library\libOS.a(OS.o)
 .group         0x00000000        0x8 C:\Users\12551519\Desktop\project\es18aut13\Project\Library\libOS.a(OS.o)
 .group         0x00000000        0x8 C:\Users\12551519\Desktop\project\es18aut13\Project\Library\libOS.a(OS.o)
 .group         0x00000000        0x8 C:\Users\12551519\Desktop\project\es18aut13\Project\Library\libOS.a(OS.o)
 .text          0x00000000        0x0 C:\Users\12551519\Desktop\project\es18aut13\Project\Library\libOS.a(OS.o)
 .data          0x00000000        0x0 C:\Users\12551519\Desktop\project\es18aut13\Project\Library\libOS.a(OS.o)
 .bss           0x00000000        0x0 C:\Users\12551519\Desktop\project\es18aut13\Project\Library\libOS.a(OS.o)
 .rodata.OS_TICK_FREQUENCY
                0x00000000        0x4 C:\Users\12551519\Desktop\project\es18aut13\Project\Library\libOS.a(OS.o)
 .text.OS_TimeDelay
                0x00000000       0x48 C:\Users\12551519\Desktop\project\es18aut13\Project\Library\libOS.a(OS.o)
 .text.OS_TimeGet
                0x00000000       0x24 C:\Users\12551519\Desktop\project\es18aut13\Project\Library\libOS.a(OS.o)
 .text.OS_TimeSet
                0x00000000       0x20 C:\Users\12551519\Desktop\project\es18aut13\Project\Library\libOS.a(OS.o)
 .debug_macro   0x00000000      0x850 C:\Users\12551519\Desktop\project\es18aut13\Project\Library\libOS.a(OS.o)
 .debug_macro   0x00000000       0x16 C:\Users\12551519\Desktop\project\es18aut13\Project\Library\libOS.a(OS.o)
 .debug_macro   0x00000000       0x44 C:\Users\12551519\Desktop\project\es18aut13\Project\Library\libOS.a(OS.o)
 .debug_macro   0x00000000      0x209 C:\Users\12551519\Desktop\project\es18aut13\Project\Library\libOS.a(OS.o)
 .debug_macro   0x00000000     0x17fa C:\Users\12551519\Desktop\project\es18aut13\Project\Library\libOS.a(OS.o)
 .debug_macro   0x00000000      0x14e C:\Users\12551519\Desktop\project\es18aut13\Project\Library\libOS.a(OS.o)
 .debug_macro   0x00000000       0x64 C:\Users\12551519\Desktop\project\es18aut13\Project\Library\libOS.a(OS.o)
 .debug_macro   0x00000000    0x174c1 C:\Users\12551519\Desktop\project\es18aut13\Project\Library\libOS.a(OS.o)
 .debug_macro   0x00000000       0x22 C:\Users\12551519\Desktop\project\es18aut13\Project\Library\libOS.a(OS.o)
 .text          0x00000000        0x0 c:/freescale/kds_3.0.0/toolchain/bin/../lib/gcc/arm-none-eabi/4.8.4/../../../../arm-none-eabi/lib/armv7e-m/fpu\libg_s.a(lib_a-exit.o)
 .data          0x00000000        0x0 c:/freescale/kds_3.0.0/toolchain/bin/../lib/gcc/arm-none-eabi/4.8.4/../../../../arm-none-eabi/lib/armv7e-m/fpu\libg_s.a(lib_a-exit.o)
 .bss           0x00000000        0x0 c:/freescale/kds_3.0.0/toolchain/bin/../lib/gcc/arm-none-eabi/4.8.4/../../../../arm-none-eabi/lib/armv7e-m/fpu\libg_s.a(lib_a-exit.o)
 .text          0x00000000        0x0 c:/freescale/kds_3.0.0/toolchain/bin/../lib/gcc/arm-none-eabi/4.8.4/../../../../arm-none-eabi/lib/armv7e-m/fpu\libg_s.a(lib_a-impure.o)
 .data          0x00000000        0x0 c:/freescale/kds_3.0.0/toolchain/bin/../lib/gcc/arm-none-eabi/4.8.4/../../../../arm-none-eabi/lib/armv7e-m/fpu\libg_s.a(lib_a-impure.o)
 .bss           0x00000000        0x0 c:/freescale/kds_3.0.0/toolchain/bin/../lib/gcc/arm-none-eabi/4.8.4/../../../../arm-none-eabi/lib/armv7e-m/fpu\libg_s.a(lib_a-impure.o)
 .data._impure_ptr
                0x00000000        0x4 c:/freescale/kds_3.0.0/toolchain/bin/../lib/gcc/arm-none-eabi/4.8.4/../../../../arm-none-eabi/lib/armv7e-m/fpu\libg_s.a(lib_a-impure.o)
 .text          0x00000000        0x0 c:/freescale/kds_3.0.0/toolchain/bin/../lib/gcc/arm-none-eabi/4.8.4/../../../../arm-none-eabi/lib/armv7e-m/fpu\libg_s.a(lib_a-init.o)
 .data          0x00000000        0x0 c:/freescale/kds_3.0.0/toolchain/bin/../lib/gcc/arm-none-eabi/4.8.4/../../../../arm-none-eabi/lib/armv7e-m/fpu\libg_s.a(lib_a-init.o)
 .bss           0x00000000        0x0 c:/freescale/kds_3.0.0/toolchain/bin/../lib/gcc/arm-none-eabi/4.8.4/../../../../arm-none-eabi/lib/armv7e-m/fpu\libg_s.a(lib_a-init.o)
 .text          0x00000000        0x0 c:/freescale/kds_3.0.0/toolchain/bin/../lib/gcc/arm-none-eabi/4.8.4/../../../../arm-none-eabi/lib/armv7e-m/fpu\libg_s.a(lib_a-memcpy-stub.o)
 .data          0x00000000        0x0 c:/freescale/kds_3.0.0/toolchain/bin/../lib/gcc/arm-none-eabi/4.8.4/../../../../arm-none-eabi/lib/armv7e-m/fpu\libg_s.a(lib_a-memcpy-stub.o)
 .bss           0x00000000        0x0 c:/freescale/kds_3.0.0/toolchain/bin/../lib/gcc/arm-none-eabi/4.8.4/../../../../arm-none-eabi/lib/armv7e-m/fpu\libg_s.a(lib_a-memcpy-stub.o)
 .text          0x00000000        0x0 c:/freescale/kds_3.0.0/toolchain/bin/../lib/gcc/arm-none-eabi/4.8.4/../../../../arm-none-eabi/lib/armv7e-m/fpu\libg_s.a(lib_a-memset.o)
 .data          0x00000000        0x0 c:/freescale/kds_3.0.0/toolchain/bin/../lib/gcc/arm-none-eabi/4.8.4/../../../../arm-none-eabi/lib/armv7e-m/fpu\libg_s.a(lib_a-memset.o)
 .bss           0x00000000        0x0 c:/freescale/kds_3.0.0/toolchain/bin/../lib/gcc/arm-none-eabi/4.8.4/../../../../arm-none-eabi/lib/armv7e-m/fpu\libg_s.a(lib_a-memset.o)
 .text          0x00000000        0x0 c:/freescale/kds_3.0.0/toolchain/bin/../lib/gcc/arm-none-eabi/4.8.4/../../../../arm-none-eabi/lib/armv7e-m/fpu\libnosys.a(_exit.o)
 .data          0x00000000        0x0 c:/freescale/kds_3.0.0/toolchain/bin/../lib/gcc/arm-none-eabi/4.8.4/../../../../arm-none-eabi/lib/armv7e-m/fpu\libnosys.a(_exit.o)
 .bss           0x00000000        0x0 c:/freescale/kds_3.0.0/toolchain/bin/../lib/gcc/arm-none-eabi/4.8.4/../../../../arm-none-eabi/lib/armv7e-m/fpu\libnosys.a(_exit.o)
 .text          0x00000000        0x0 c:/freescale/kds_3.0.0/toolchain/bin/../lib/gcc/arm-none-eabi/4.8.4/armv7e-m/fpu/crtend.o
 .data          0x00000000        0x0 c:/freescale/kds_3.0.0/toolchain/bin/../lib/gcc/arm-none-eabi/4.8.4/armv7e-m/fpu/crtend.o
 .bss           0x00000000        0x0 c:/freescale/kds_3.0.0/toolchain/bin/../lib/gcc/arm-none-eabi/4.8.4/armv7e-m/fpu/crtend.o
 .eh_frame      0x00000000        0x4 c:/freescale/kds_3.0.0/toolchain/bin/../lib/gcc/arm-none-eabi/4.8.4/armv7e-m/fpu/crtend.o
 .jcr           0x00000000        0x4 c:/freescale/kds_3.0.0/toolchain/bin/../lib/gcc/arm-none-eabi/4.8.4/armv7e-m/fpu/crtend.o
 .ARM.attributes
                0x00000000       0x34 c:/freescale/kds_3.0.0/toolchain/bin/../lib/gcc/arm-none-eabi/4.8.4/armv7e-m/fpu/crtend.o
 .text          0x00000000        0x0 c:/freescale/kds_3.0.0/toolchain/bin/../lib/gcc/arm-none-eabi/4.8.4/armv7e-m/fpu/crtn.o
 .data          0x00000000        0x0 c:/freescale/kds_3.0.0/toolchain/bin/../lib/gcc/arm-none-eabi/4.8.4/armv7e-m/fpu/crtn.o
 .bss           0x00000000        0x0 c:/freescale/kds_3.0.0/toolchain/bin/../lib/gcc/arm-none-eabi/4.8.4/armv7e-m/fpu/crtn.o

Memory Configuration

Name             Origin             Length             Attributes
m_interrupts     0x00000000         0x000001e8         xr
m_text           0x00000410         0x0007fbf0         xr
m_data           0x1fff0000         0x00010000         rw
m_data_20000000  0x20000000         0x00010000         rw
m_cfmprotrom     0x00000400         0x00000010         xr
*default*        0x00000000         0xffffffff

Linker script and memory map

LOAD c:/freescale/kds_3.0.0/toolchain/bin/../lib/gcc/arm-none-eabi/4.8.4/armv7e-m/fpu/crti.o
LOAD c:/freescale/kds_3.0.0/toolchain/bin/../lib/gcc/arm-none-eabi/4.8.4/armv7e-m/fpu/crtbegin.o
LOAD c:/freescale/kds_3.0.0/toolchain/bin/../lib/gcc/arm-none-eabi/4.8.4/../../../../arm-none-eabi/lib/armv7e-m/fpu/crt0.o
LOAD ./Sources/Events.o
LOAD ./Sources/FIFO.o
LOAD ./Sources/FTM.o
LOAD ./Sources/Flash.o
LOAD ./Sources/I2C.o
LOAD ./Sources/LEDs.o
LOAD ./Sources/PIT.o
LOAD ./Sources/RTC.o
LOAD ./Sources/UART.o
LOAD ./Sources/accel.o
LOAD ./Sources/main.o
LOAD ./Sources/median.o
LOAD ./Sources/packet.o
LOAD ./Project_Settings/Startup_Code/startup.o
LOAD ./Generated_Code/Cpu.o
LOAD ./Generated_Code/Vectors.o
LOAD C:\Users\12551519\Desktop\project\es18aut13\Project\Library\libOS.a
LOAD C:\Users\12551519\Desktop\project\es18aut13\Project\Library\libAnalog.a
LOAD c:/freescale/kds_3.0.0/toolchain/bin/../lib/gcc/arm-none-eabi/4.8.4/../../../../arm-none-eabi/lib/armv7e-m/fpu\libstdc++_s.a
LOAD c:/freescale/kds_3.0.0/toolchain/bin/../lib/gcc/arm-none-eabi/4.8.4/../../../../arm-none-eabi/lib/armv7e-m/fpu\libm.a
START GROUP
LOAD c:/freescale/kds_3.0.0/toolchain/bin/../lib/gcc/arm-none-eabi/4.8.4/armv7e-m/fpu\libgcc.a
LOAD c:/freescale/kds_3.0.0/toolchain/bin/../lib/gcc/arm-none-eabi/4.8.4/../../../../arm-none-eabi/lib/armv7e-m/fpu\libg_s.a
LOAD c:/freescale/kds_3.0.0/toolchain/bin/../lib/gcc/arm-none-eabi/4.8.4/../../../../arm-none-eabi/lib/armv7e-m/fpu\libc_s.a
END GROUP
START GROUP
LOAD c:/freescale/kds_3.0.0/toolchain/bin/../lib/gcc/arm-none-eabi/4.8.4/armv7e-m/fpu\libgcc.a
LOAD c:/freescale/kds_3.0.0/toolchain/bin/../lib/gcc/arm-none-eabi/4.8.4/../../../../arm-none-eabi/lib/armv7e-m/fpu\libc_s.a
LOAD c:/freescale/kds_3.0.0/toolchain/bin/../lib/gcc/arm-none-eabi/4.8.4/../../../../arm-none-eabi/lib/armv7e-m/fpu\libnosys.a
END GROUP
START GROUP
LOAD c:/freescale/kds_3.0.0/toolchain/bin/../lib/gcc/arm-none-eabi/4.8.4/armv7e-m/fpu\libgcc.a
LOAD c:/freescale/kds_3.0.0/toolchain/bin/../lib/gcc/arm-none-eabi/4.8.4/../../../../arm-none-eabi/lib/armv7e-m/fpu\libc_s.a
LOAD c:/freescale/kds_3.0.0/toolchain/bin/../lib/gcc/arm-none-eabi/4.8.4/../../../../arm-none-eabi/lib/armv7e-m/fpu\libnosys.a
END GROUP
LOAD c:/freescale/kds_3.0.0/toolchain/bin/../lib/gcc/arm-none-eabi/4.8.4/armv7e-m/fpu/crtend.o
LOAD c:/freescale/kds_3.0.0/toolchain/bin/../lib/gcc/arm-none-eabi/4.8.4/armv7e-m/fpu/crtn.o
                0x20000000                _estack = 0x20000000
                0x20000000                __SP_INIT = _estack
                0x20000000                __stack = _estack
                0x00000000                __heap_size = 0x0
                0x00000400                __stack_size = 0x400

.interrupts     0x00000000      0x1e8
                0x00000000                __vector_table = .
                0x00000000                . = ALIGN (0x4)
 *(.vectortable)
 .vectortable   0x00000000      0x1e8 ./Generated_Code/Vectors.o
                0x00000000                __vect_table
                0x000001e8                . = ALIGN (0x4)

.cfmprotect     0x00000400       0x10
                0x00000400                . = ALIGN (0x4)
 *(.cfmconfig)
 .cfmconfig     0x00000400       0x10 ./Generated_Code/Cpu.o
                0x00000400                _cfm
                0x00000410                . = ALIGN (0x4)

.text           0x00000410     0x33ec
                0x00000410                . = ALIGN (0x4)
 *(.text)
 .text          0x00000410       0x54 c:/freescale/kds_3.0.0/toolchain/bin/../lib/gcc/arm-none-eabi/4.8.4/armv7e-m/fpu/crtbegin.o
 .text          0x00000464       0x74 c:/freescale/kds_3.0.0/toolchain/bin/../lib/gcc/arm-none-eabi/4.8.4/../../../../arm-none-eabi/lib/armv7e-m/fpu/crt0.o
                0x00000464                _start
                0x00000464                _mainCRTStartup
 *(.text*)
 .text.FIFO_Init
                0x000004d8       0x48 ./Sources/FIFO.o
                0x000004d8                FIFO_Init
 .text.FIFO_Put
                0x00000520       0x70 ./Sources/FIFO.o
                0x00000520                FIFO_Put
 .text.FIFO_Get
                0x00000590       0x70 ./Sources/FIFO.o
                0x00000590                FIFO_Get
 .text.FTM_Init
                0x00000600       0xfc ./Sources/FTM.o
                0x00000600                FTM_Init
 .text.FTM_Set  0x000006fc       0xe4 ./Sources/FTM.o
                0x000006fc                FTM_Set
 .text.FTM_StartTimer
                0x000007e0       0x78 ./Sources/FTM.o
                0x000007e0                FTM_StartTimer
 .text.FTM0_ISR
                0x00000858       0x98 ./Sources/FTM.o
                0x00000858                FTM0_ISR
 .text.Flash_Init
                0x000008f0       0x10 ./Sources/Flash.o
                0x000008f0                Flash_Init
 .text.Flash_AllocateVar
                0x00000900       0x90 ./Sources/Flash.o
                0x00000900                Flash_AllocateVar
 .text.Flash_Write32
                0x00000990       0x58 ./Sources/Flash.o
                0x00000990                Flash_Write32
 .text.Flash_Write16
                0x000009e8       0x60 ./Sources/Flash.o
                0x000009e8                Flash_Write16
 .text.Flash_Write8
                0x00000a48       0x60 ./Sources/Flash.o
                0x00000a48                Flash_Write8
 .text.Flash_Erase
                0x00000aa8       0x14 ./Sources/Flash.o
                0x00000aa8                Flash_Erase
 .text.LaunchCommand
                0x00000abc       0x98 ./Sources/Flash.o
 .text.WritePhrase
                0x00000b54       0xe8 ./Sources/Flash.o
 .text.EraseSector
                0x00000c3c       0x38 ./Sources/Flash.o
 .text.StartCondition
                0x00000c74       0x30 ./Sources/I2C.o
 .text.StopCondition
                0x00000ca4       0x20 ./Sources/I2C.o
 .text.WaitCondition
                0x00000cc4       0x28 ./Sources/I2C.o
 .text.BusyCondition
                0x00000cec       0x20 ./Sources/I2C.o
 .text.RepeatCondition
                0x00000d0c       0x20 ./Sources/I2C.o
 .text.I2C_Init
                0x00000d2c      0x240 ./Sources/I2C.o
                0x00000d2c                I2C_Init
 .text.I2C_Write
                0x00000f6c       0x68 ./Sources/I2C.o
                0x00000f6c                I2C_Write
 .text.I2C_IntRead
                0x00000fd4       0x78 ./Sources/I2C.o
                0x00000fd4                I2C_IntRead
 .text.I2C_ISR  0x0000104c      0x1ac ./Sources/I2C.o
                0x0000104c                I2C_ISR
 .text.LEDs_Init
                0x000011f8       0xd4 ./Sources/LEDs.o
                0x000011f8                LEDs_Init
 .text.LEDs_On  0x000012cc       0x24 ./Sources/LEDs.o
                0x000012cc                LEDs_On
 .text.LEDs_Off
                0x000012f0       0x24 ./Sources/LEDs.o
                0x000012f0                LEDs_Off
 .text.LEDs_Toggle
                0x00001314       0x24 ./Sources/LEDs.o
                0x00001314                LEDs_Toggle
 .text.PIT_Init
                0x00001338       0xd0 ./Sources/PIT.o
                0x00001338                PIT_Init
 .text.PIT_Set  0x00001408       0x5c ./Sources/PIT.o
                0x00001408                PIT_Set
 .text.PIT_Enable
                0x00001464       0x40 ./Sources/PIT.o
                0x00001464                PIT_Enable
 .text.PIT_ISR  0x000014a4       0x38 ./Sources/PIT.o
                0x000014a4                PIT_ISR
 .text.RTC_Init
                0x000014dc       0xe8 ./Sources/RTC.o
                0x000014dc                RTC_Init
 .text.RTC_Set  0x000015c4       0x5c ./Sources/RTC.o
                0x000015c4                RTC_Set
 .text.RTC_Get  0x00001620       0x9c ./Sources/RTC.o
                0x00001620                RTC_Get
 .text.RTC_ISR  0x000016bc       0x2c ./Sources/RTC.o
                0x000016bc                RTC_ISR
 .text.RxUARTThread
                0x000016e8       0x30 ./Sources/UART.o
 .text.TxUARTThread
                0x00001718       0x50 ./Sources/UART.o
 .text.UART_Init
                0x00001768      0x1c8 ./Sources/UART.o
                0x00001768                UART_Init
 .text.UART_InChar
                0x00001930       0x1c ./Sources/UART.o
                0x00001930                UART_InChar
 .text.UART_OutChar
                0x0000194c       0x34 ./Sources/UART.o
                0x0000194c                UART_OutChar
 .text.UART_ISR
                0x00001980       0x94 ./Sources/UART.o
                0x00001980                UART_ISR
 .text.Accel_Init
                0x00001a14       0xe8 ./Sources/accel.o
                0x00001a14                Accel_Init
 .text.Accel_ReadXYZ
                0x00001afc       0x18 ./Sources/accel.o
                0x00001afc                Accel_ReadXYZ
 .text.Accel_SetMode
                0x00001b14      0x114 ./Sources/accel.o
                0x00001b14                Accel_SetMode
 .text.AccelDataReady_ISR
                0x00001c28       0x48 ./Sources/accel.o
                0x00001c28                AccelDataReady_ISR
 .text.HandleTowerStartup
                0x00001c70       0xa4 ./Sources/main.o
                0x00001c70                HandleTowerStartup
 .text.HandleTowerVersion
                0x00001d14       0x28 ./Sources/main.o
                0x00001d14                HandleTowerVersion
 .text.HandleTowerNumber
                0x00001d3c       0x68 ./Sources/main.o
                0x00001d3c                HandleTowerNumber
 .text.HandleTowerProgramByte
                0x00001da4       0x58 ./Sources/main.o
                0x00001da4                HandleTowerProgramByte
 .text.HandleTowerReadByte
                0x00001dfc       0x48 ./Sources/main.o
                0x00001dfc                HandleTowerReadByte
 .text.HandleTowerMode
                0x00001e44       0x68 ./Sources/main.o
                0x00001e44                HandleTowerMode
 .text.HandleTowerSetTime
                0x00001eac       0x40 ./Sources/main.o
                0x00001eac                HandleTowerSetTime
 .text.HandleTowerProtocol
                0x00001eec       0x88 ./Sources/main.o
                0x00001eec                HandleTowerProtocol
 .text.HandleTowerTiming
                0x00001f74       0x58 ./Sources/main.o
                0x00001f74                HandleTowerTiming
 .text.HandleTowerRaises
                0x00001fcc       0x40 ./Sources/main.o
                0x00001fcc                HandleTowerRaises
 .text.HandleTowerLowers
                0x0000200c       0x40 ./Sources/main.o
                0x0000200c                HandleTowerLowers
 .text.HandleTowerFrequency
                0x0000204c       0x10 ./Sources/main.o
                0x0000204c                HandleTowerFrequency
 .text.HandleTowerVoltage
                0x0000205c       0x28 ./Sources/main.o
                0x0000205c                HandleTowerVoltage
 .text.HandleTowerSpectrum
                0x00002084       0x10 ./Sources/main.o
                0x00002084                HandleTowerSpectrum
 .text.ReceivedPacket
                0x00002094      0x1bc ./Sources/main.o
                0x00002094                ReceivedPacket
 .text.TowerInit
                0x00002250      0x154 ./Sources/main.o
                0x00002250                TowerInit
 .text.InitModulesThread
                0x000023a4       0x6c ./Sources/main.o
 .text.PacketThread
                0x00002410       0x5c ./Sources/main.o
 .text.RTCThread
                0x0000246c       0x44 ./Sources/main.o
 .text.AccelReadCompleteThread
                0x000024b0      0x184 ./Sources/main.o
 .text.AccelDataReadyThread
                0x00002634       0x24 ./Sources/main.o
 .text.FTMLEDsOffThread
                0x00002658       0x24 ./Sources/main.o
 .text.main     0x0000267c       0xb4 ./Sources/main.o
                0x0000267c                main
 .text.Median_Filter3
                0x00002730       0x70 ./Sources/median.o
                0x00002730                Median_Filter3
 .text.Packet_Init
                0x000027a0       0x2c ./Sources/packet.o
                0x000027a0                Packet_Init
 .text.Packet_Get
                0x000027cc       0x6c ./Sources/packet.o
                0x000027cc                Packet_Get
 .text.Packet_Put
                0x00002838       0x70 ./Sources/packet.o
                0x00002838                Packet_Put
 .text.__copy_rom_section
                0x000028a8       0xe4 ./Project_Settings/Startup_Code/startup.o
                0x000028a8                __copy_rom_section
 .text.__copy_rom_sections_to_ram
                0x0000298c       0x9c ./Project_Settings/Startup_Code/startup.o
                0x0000298c                __copy_rom_sections_to_ram
 .text.__init_registers
                0x00002a28       0x20 ./Project_Settings/Startup_Code/startup.o
                0x00002a28                __init_registers
 .text.__init_user
                0x00002a48        0xc ./Project_Settings/Startup_Code/startup.o
                0x00002a48                __init_user
 .text.__thumb_startup
                0x00002a54       0x34 ./Project_Settings/Startup_Code/startup.o
                0x00002a54                __thumb_startup
 .text.Cpu_Interrupt
                0x00002a88       0x18 ./Generated_Code/Cpu.o
                0x00002a88                Cpu_Interrupt
 .text.__init_hardware
                0x00002aa0      0x1cc ./Generated_Code/Cpu.o
                0x00002aa0                __init_hardware
 .text.Cpu_SetBASEPRI
                0x00002c6c       0x18 ./Generated_Code/Cpu.o
                0x00002c6c                Cpu_SetBASEPRI
 .text.PE_low_level_init
                0x00002c84       0xe4 ./Generated_Code/Cpu.o
                0x00002c84                PE_low_level_init
 .text.OS_Init  0x00002d68      0x110 C:\Users\12551519\Desktop\project\es18aut13\Project\Library\libOS.a(OS.o)
                0x00002d68                OS_Init
 .text.OS_ISREnter
                0x00002e78       0x20 C:\Users\12551519\Desktop\project\es18aut13\Project\Library\libOS.a(OS.o)
                0x00002e78                OS_ISREnter
 .text.OS_ISRExit
                0x00002e98       0x1c C:\Users\12551519\Desktop\project\es18aut13\Project\Library\libOS.a(OS.o)
                0x00002e98                OS_ISRExit
 .text.OS_SemaphoreCreate
                0x00002eb4       0x90 C:\Users\12551519\Desktop\project\es18aut13\Project\Library\libOS.a(OS.o)
                0x00002eb4                OS_SemaphoreCreate
 .text.OS_SemaphoreSignal
                0x00002f44       0x44 C:\Users\12551519\Desktop\project\es18aut13\Project\Library\libOS.a(OS.o)
                0x00002f44                OS_SemaphoreSignal
 .text.OS_SemaphoreWait
                0x00002f88       0x58 C:\Users\12551519\Desktop\project\es18aut13\Project\Library\libOS.a(OS.o)
                0x00002f88                OS_SemaphoreWait
 .text.OS_Start
                0x00002fe0       0x10 C:\Users\12551519\Desktop\project\es18aut13\Project\Library\libOS.a(OS.o)
                0x00002fe0                OS_Start
 .text.OS_ThreadCreate
                0x00002ff0      0x160 C:\Users\12551519\Desktop\project\es18aut13\Project\Library\libOS.a(OS.o)
                0x00002ff0                OS_ThreadCreate
 .text.OS_ThreadDelete
                0x00003150      0x18c C:\Users\12551519\Desktop\project\es18aut13\Project\Library\libOS.a(OS.o)
                0x00003150                OS_ThreadDelete
 .text.EventThreadReady
                0x000032dc       0x68 C:\Users\12551519\Desktop\project\es18aut13\Project\Library\libOS.a(OS.o)
 .text.EventThreadWait
                0x00003344       0x64 C:\Users\12551519\Desktop\project\es18aut13\Project\Library\libOS.a(OS.o)
 .text.EventTimeout
                0x000033a8       0x40 C:\Users\12551519\Desktop\project\es18aut13\Project\Library\libOS.a(OS.o)
 .text.Idle     0x000033e8       0x18 C:\Users\12551519\Desktop\project\es18aut13\Project\Library\libOS.a(OS.o)
 .text.FindFirstSet
                0x00003400       0x44 C:\Users\12551519\Desktop\project\es18aut13\Project\Library\libOS.a(OS.o)
 .text.Schedule
                0x00003444       0x64 C:\Users\12551519\Desktop\project\es18aut13\Project\Library\libOS.a(OS.o)
 .text.TCBInit  0x000034a8       0xcc C:\Users\12551519\Desktop\project\es18aut13\Project\Library\libOS.a(OS.o)
 .text.TimeTick
                0x00003574       0x74 C:\Users\12551519\Desktop\project\es18aut13\Project\Library\libOS.a(OS.o)
 *fill*         0x000035e8        0x8 
 .text.OS_ContextSwitchISR
                0x000035f0       0x70 C:\Users\12551519\Desktop\project\es18aut13\Project\Library\libOS.a(OS.o)
                0x000035f0                OS_ContextSwitchISR
 .text.OS_SysTickISR
                0x00003660       0x5c C:\Users\12551519\Desktop\project\es18aut13\Project\Library\libOS.a(OS.o)
                0x00003660                OS_SysTickISR
 .text.exit     0x000036bc       0x28 c:/freescale/kds_3.0.0/toolchain/bin/../lib/gcc/arm-none-eabi/4.8.4/../../../../arm-none-eabi/lib/armv7e-m/fpu\libg_s.a(lib_a-exit.o)
                0x000036bc                exit
 .text.__libc_init_array
                0x000036e4       0x4c c:/freescale/kds_3.0.0/toolchain/bin/../lib/gcc/arm-none-eabi/4.8.4/../../../../arm-none-eabi/lib/armv7e-m/fpu\libg_s.a(lib_a-init.o)
                0x000036e4                __libc_init_array
 .text.memcpy   0x00003730       0x12 c:/freescale/kds_3.0.0/toolchain/bin/../lib/gcc/arm-none-eabi/4.8.4/../../../../arm-none-eabi/lib/armv7e-m/fpu\libg_s.a(lib_a-memcpy-stub.o)
                0x00003730                memcpy
 .text.memset   0x00003742       0x10 c:/freescale/kds_3.0.0/toolchain/bin/../lib/gcc/arm-none-eabi/4.8.4/../../../../arm-none-eabi/lib/armv7e-m/fpu\libg_s.a(lib_a-memset.o)
                0x00003742                memset
 *fill*         0x00003752        0x2 
 .text._exit    0x00003754        0x4 c:/freescale/kds_3.0.0/toolchain/bin/../lib/gcc/arm-none-eabi/4.8.4/../../../../arm-none-eabi/lib/armv7e-m/fpu\libnosys.a(_exit.o)
                0x00003754                _exit
 *(.rodata)
 .rodata        0x00003758       0x80 ./Sources/I2C.o
 *(.rodata*)
 .rodata.PERIOD_I2C_POLL
                0x000037d8        0x4 ./Sources/main.o
                0x000037d8                PERIOD_I2C_POLL
 .rodata.PACKET_ACK_MASK
                0x000037dc        0x1 ./Sources/packet.o
                0x000037dc                PACKET_ACK_MASK
 .rodata.str1.1
                0x000037dd        0x2 c:/freescale/kds_3.0.0/toolchain/bin/../lib/gcc/arm-none-eabi/4.8.4/../../../../arm-none-eabi/lib/armv7e-m/fpu\libg_s.a(lib_a-impure.o)
 *fill*         0x000037df        0x1 
 .rodata._global_impure_ptr
                0x000037e0        0x4 c:/freescale/kds_3.0.0/toolchain/bin/../lib/gcc/arm-none-eabi/4.8.4/../../../../arm-none-eabi/lib/armv7e-m/fpu\libg_s.a(lib_a-impure.o)
                0x000037e0                _global_impure_ptr
 *(.glue_7)
 .glue_7        0x00000000        0x0 linker stubs
 *(.glue_7t)
 .glue_7t       0x00000000        0x0 linker stubs
 *(.eh_frame)
 .eh_frame      0x000037e4        0x0 c:/freescale/kds_3.0.0/toolchain/bin/../lib/gcc/arm-none-eabi/4.8.4/armv7e-m/fpu/crtbegin.o
 *(.init)
 .init          0x000037e4        0x4 c:/freescale/kds_3.0.0/toolchain/bin/../lib/gcc/arm-none-eabi/4.8.4/armv7e-m/fpu/crti.o
                0x000037e4                _init
 .init          0x000037e8        0x8 c:/freescale/kds_3.0.0/toolchain/bin/../lib/gcc/arm-none-eabi/4.8.4/armv7e-m/fpu/crtn.o
 *(.fini)
 .fini          0x000037f0        0x4 c:/freescale/kds_3.0.0/toolchain/bin/../lib/gcc/arm-none-eabi/4.8.4/armv7e-m/fpu/crti.o
                0x000037f0                _fini
 .fini          0x000037f4        0x8 c:/freescale/kds_3.0.0/toolchain/bin/../lib/gcc/arm-none-eabi/4.8.4/armv7e-m/fpu/crtn.o
                0x000037fc                . = ALIGN (0x4)
                0x000037fc                _etext = .

.vfp11_veneer   0x000037fc        0x0
 .vfp11_veneer  0x00000000        0x0 linker stubs

.v4_bx          0x000037fc        0x0
 .v4_bx         0x00000000        0x0 linker stubs

.iplt           0x000037fc        0x0
 .iplt          0x00000000        0x0 c:/freescale/kds_3.0.0/toolchain/bin/../lib/gcc/arm-none-eabi/4.8.4/armv7e-m/fpu/crtbegin.o

.ARM.extab
 *(.ARM.extab* .gnu.linkonce.armextab.*)

.ARM            0x000037fc        0x8
                0x000037fc                __exidx_start = .
 *(.ARM.exidx*)
 .ARM.exidx     0x000037fc        0x8 c:/freescale/kds_3.0.0/toolchain/bin/../lib/gcc/arm-none-eabi/4.8.4/../../../../arm-none-eabi/lib/armv7e-m/fpu/crt0.o
                0x00003804                __exidx_end = .

.rel.dyn        0x00003804        0x0
 .rel.iplt      0x00000000        0x0 c:/freescale/kds_3.0.0/toolchain/bin/../lib/gcc/arm-none-eabi/4.8.4/armv7e-m/fpu/crtbegin.o

.ctors          0x00003804        0x0
                0x00003804                __CTOR_LIST__ = .
 *crtbegin.o(.ctors)
 *(EXCLUDE_FILE(*crtend.o) .ctors)
 *(SORT(.ctors.*))
 *(.ctors)
                0x00003804                __CTOR_END__ = .

.dtors          0x00003804        0x0
                0x00003804                __DTOR_LIST__ = .
 *crtbegin.o(.dtors)
 *(EXCLUDE_FILE(*crtend.o) .dtors)
 *(SORT(.dtors.*))
 *(.dtors)
                0x00003804                __DTOR_END__ = .

.preinit_array  0x00003804        0x0
                0x00003804                PROVIDE (__preinit_array_start, .)
 *(.preinit_array*)
                0x00003804                PROVIDE (__preinit_array_end, .)

.init_array     0x00003804        0x4
                0x00003804                PROVIDE (__init_array_start, .)
 *(SORT(.init_array.*))
 *(.init_array*)
 .init_array    0x00003804        0x4 c:/freescale/kds_3.0.0/toolchain/bin/../lib/gcc/arm-none-eabi/4.8.4/armv7e-m/fpu/crtbegin.o
                0x00003808                PROVIDE (__init_array_end, .)

.fini_array     0x00003808        0x4
                0x00003808                PROVIDE (__fini_array_start, .)
 *(SORT(.fini_array.*))
 *(.fini_array*)
 .fini_array    0x00003808        0x4 c:/freescale/kds_3.0.0/toolchain/bin/../lib/gcc/arm-none-eabi/4.8.4/armv7e-m/fpu/crtbegin.o
                0x0000380c                PROVIDE (__fini_array_end, .)
                0x0000380c                ___ROM_AT = .

.data           0x1fff0000       0x64 load address 0x0000380c
                0x1fff0000                . = ALIGN (0x4)
                0x1fff0000                _sdata = .
 *(.data)
 *(.data*)
 .data.SlaveDeviceAddress
                0x1fff0000        0x1 ./Sources/I2C.o
 *fill*         0x1fff0001        0x3 
 .data.impure_data
                0x1fff0004       0x60 c:/freescale/kds_3.0.0/toolchain/bin/../lib/gcc/arm-none-eabi/4.8.4/../../../../arm-none-eabi/lib/armv7e-m/fpu\libg_s.a(lib_a-impure.o)
                0x1fff0064                . = ALIGN (0x4)
                0x1fff0064                _edata = .
                0x00000064                ___data_size = (_edata - _sdata)
                0x00003870                ___m_data_20000000_ROMStart = (___ROM_AT + SIZEOF (.data))

.jcr            0x1fff0064        0x0 load address 0x00003870
 .jcr           0x1fff0064        0x0 c:/freescale/kds_3.0.0/toolchain/bin/../lib/gcc/arm-none-eabi/4.8.4/armv7e-m/fpu/crtbegin.o

.igot.plt       0x1fff0064        0x0 load address 0x00003870
 .igot.plt      0x00000000        0x0 c:/freescale/kds_3.0.0/toolchain/bin/../lib/gcc/arm-none-eabi/4.8.4/armv7e-m/fpu/crtbegin.o

.m_data_20000000
                0x20000000        0x0 load address 0x00003870
                0x20000000                . = ALIGN (0x4)
                0x20000000                ___m_data_20000000_RAMStart = .
 *(.m_data_20000000)
                0x20000000                ___m_data_20000000_RAMEnd = .
                0x20000000                . = ALIGN (0x4)
                0x00000000                ___m_data_20000000_ROMSize = (___m_data_20000000_RAMEnd - ___m_data_20000000_RAMStart)
                0x20000000                . = ALIGN (0x4)

.bss            0x1fff0068     0x1824 load address 0x00003878
                0x1fff0068                __START_BSS = .
                0x1fff0068                PROVIDE (__bss_start__, __START_BSS)
 *(.bss)
 .bss           0x1fff0068       0x1c c:/freescale/kds_3.0.0/toolchain/bin/../lib/gcc/arm-none-eabi/4.8.4/armv7e-m/fpu/crtbegin.o
 *(.bss*)
 .bss.UserSemaphore
                0x1fff0084       0x20 ./Sources/FTM.o
 .bss.occupiedBytes.5646
                0x1fff00a4        0x1 ./Sources/Flash.o
 *fill*         0x1fff00a5        0x3 
 .bss.ReadCompleteSemaphore
                0x1fff00a8        0x4 ./Sources/I2C.o
 .bss.I2CAccess
                0x1fff00ac        0x4 ./Sources/I2C.o
 .bss.SlaveDeviceReadAddress
                0x1fff00b0        0x1 ./Sources/I2C.o
 .bss.NbBytes   0x1fff00b1        0x1 ./Sources/I2C.o
 *fill*         0x1fff00b2        0x2 
 .bss.DataPtr   0x1fff00b4        0x4 ./Sources/I2C.o
 .bss.stage.6666
                0x1fff00b8        0x1 ./Sources/I2C.o
 .bss.readCount.6667
                0x1fff00b9        0x1 ./Sources/I2C.o
 *fill*         0x1fff00ba        0x2 
 .bss.ModuleClk
                0x1fff00bc        0x4 ./Sources/PIT.o
 .bss.UserSemaphore
                0x1fff00c0        0x4 ./Sources/PIT.o
 .bss.ReadSemaphore
                0x1fff00c4        0x4 ./Sources/RTC.o
 .bss.RxUARTThreadStack
                0x1fff00c8      0x190 ./Sources/UART.o
 .bss.TxUARTThreadStack
                0x1fff0258      0x190 ./Sources/UART.o
 .bss.CTRL_REG1_Union
                0x1fff03e8        0x4 ./Sources/accel.o
 .bss.CTRL_REG4_Union
                0x1fff03ec        0x4 ./Sources/accel.o
 .bss.CTRL_REG5_Union
                0x1fff03f0        0x4 ./Sources/accel.o
 .bss.DataReadySemaphore
                0x1fff03f4        0x4 ./Sources/accel.o
 .bss.AccelNewData
                0x1fff03f8        0x4 ./Sources/main.o
 .bss.LEDOffSemaphore
                0x1fff03fc        0x4 ./Sources/main.o
 .bss.DataReadySemaphore
                0x1fff0400        0x4 ./Sources/main.o
 .bss.ReadCompleteSemaphore
                0x1fff0404        0x4 ./Sources/main.o
 .bss.RTCReadSemaphore
                0x1fff0408        0x4 ./Sources/main.o
 *fill*         0x1fff040c        0x4 
 .bss.InitModulesThreadStack
                0x1fff0410      0x190 ./Sources/main.o
 .bss.RTCThreadStack
                0x1fff05a0      0x190 ./Sources/main.o
 .bss.FTMLEDsOffThreadStack
                0x1fff0730      0x190 ./Sources/main.o
 .bss.AccelReadCompleteThreadStack
                0x1fff08c0      0x190 ./Sources/main.o
 .bss.AccelDataReadyThreadStack
                0x1fff0a50      0x190 ./Sources/main.o
 .bss.PacketThreadStack
                0x1fff0be0      0x190 ./Sources/main.o
 .bss.recentData.6899
                0x1fff0d70        0xc ./Sources/main.o
 .bss.prevAccel.6900
                0x1fff0d7c        0x4 ./Sources/main.o
 .bss.PacketPutAccess
                0x1fff0d80        0x4 ./Sources/packet.o
 .bss.SR_lock   0x1fff0d84        0x1 ./Generated_Code/Cpu.o
                0x1fff0d84                SR_lock
 *fill*         0x1fff0d85        0x3 
 .bss.TCBUnusedMain
                0x1fff0d88       0x18 C:\Users\12551519\Desktop\project\es18aut13\Project\Library\libOS.a(OS.o)
 .bss.TCBTable  0x1fff0da0      0x300 C:\Users\12551519\Desktop\project\es18aut13\Project\Library\libOS.a(OS.o)
 .bss.pTCBFreeList
                0x1fff10a0        0x4 C:\Users\12551519\Desktop\project\es18aut13\Project\Library\libOS.a(OS.o)
 .bss.pTCBAllocatedList
                0x1fff10a4        0x4 C:\Users\12551519\Desktop\project\es18aut13\Project\Library\libOS.a(OS.o)
 .bss.pTCBPriorityTable
                0x1fff10a8       0x80 C:\Users\12551519\Desktop\project\es18aut13\Project\Library\libOS.a(OS.o)
 .bss.pTCBRunning
                0x1fff1128        0x4 C:\Users\12551519\Desktop\project\es18aut13\Project\Library\libOS.a(OS.o)
 .bss.pTCBHighestReady
                0x1fff112c        0x4 C:\Users\12551519\Desktop\project\es18aut13\Project\Library\libOS.a(OS.o)
 .bss.ReadyList
                0x1fff1130        0x4 C:\Users\12551519\Desktop\project\es18aut13\Project\Library\libOS.a(OS.o)
 .bss.ECBTable  0x1fff1134      0x100 C:\Users\12551519\Desktop\project\es18aut13\Project\Library\libOS.a(OS.o)
 .bss.NextECBFree
                0x1fff1234        0x1 C:\Users\12551519\Desktop\project\es18aut13\Project\Library\libOS.a(OS.o)
 *fill*         0x1fff1235        0x3 
 .bss.IdleCounter
                0x1fff1238        0x4 C:\Users\12551519\Desktop\project\es18aut13\Project\Library\libOS.a(OS.o)
 *fill*         0x1fff123c        0x4 
 .bss.IdleStack
                0x1fff1240      0x400 C:\Users\12551519\Desktop\project\es18aut13\Project\Library\libOS.a(OS.o)
 .bss.Ticks     0x1fff1640        0x4 C:\Users\12551519\Desktop\project\es18aut13\Project\Library\libOS.a(OS.o)
 .bss.ToggleCntr
                0x1fff1644        0x4 C:\Users\12551519\Desktop\project\es18aut13\Project\Library\libOS.a(OS.o)
 .bss.ToggleLED
                0x1fff1648        0x1 C:\Users\12551519\Desktop\project\es18aut13\Project\Library\libOS.a(OS.o)
 .bss.ISRNestLevel
                0x1fff1649        0x1 C:\Users\12551519\Desktop\project\es18aut13\Project\Library\libOS.a(OS.o)
 *(COMMON)
 *fill*         0x1fff164a        0x2 
 COMMON         0x1fff164c      0x22c ./Sources/UART.o
                0x1fff164c                DummyRead
                0x1fff1650                TxFIFO
                0x1fff1760                RxFIFO
                0x1fff1870                RxUARTSemaphore
                0x1fff1874                TxUARTSemaphore
 COMMON         0x1fff1878        0xc ./Sources/main.o
                0x1fff1878                NvTowerMd
                0x1fff187c                NvTowerNb
                0x1fff1880                NvTowerPo
 COMMON         0x1fff1884        0x5 ./Sources/packet.o
                0x1fff1884                Packet
 COMMON         0x1fff1889        0x1 ./Generated_Code/Cpu.o
                0x1fff1889                SR_reg
                0x1fff188c                . = ALIGN (0x4)
 *fill*         0x1fff188a        0x2 
                0x1fff188c                __END_BSS = .
                0x1fff188c                PROVIDE (__bss_end__, __END_BSS)
                0x00003870                _romp_at = ((___ROM_AT + SIZEOF (.data)) + SIZEOF (.m_data_20000000))

.romp           0x1fff188c       0x24 load address 0x00003870
                0x00003870                __S_romp = _romp_at
                0x1fff188c        0x4 LONG 0x380c ___ROM_AT
                0x1fff1890        0x4 LONG 0x1fff0000 _sdata
                0x1fff1894        0x4 LONG 0x64 ___data_size
                0x1fff1898        0x4 LONG 0x3870 ___m_data_20000000_ROMStart
                0x1fff189c        0x4 LONG 0x20000000 ___m_data_20000000_RAMStart
                0x1fff18a0        0x4 LONG 0x0 ___m_data_20000000_ROMSize
                0x1fff18a4        0x4 LONG 0x0
                0x1fff18a8        0x4 LONG 0x0
                0x1fff18ac        0x4 LONG 0x0

._user_heap_stack
                0x1fff18b0      0x400 load address 0x00003894
                0x1fff18b0                . = ALIGN (0x4)
                0x1fff18b0                PROVIDE (end, .)
                0x1fff18b0                PROVIDE (_end, .)
                0x1fff18b0                __heap_addr = .
                0x1fff18b0                __HeapBase = .
                0x1fff18b0                . = (. + __heap_size)
                0x1fff18b0                __HeapLimit = .
                0x1fff1cb0                . = (. + __stack_size)
 *fill*         0x1fff18b0      0x400 
                0x1fff1cb0                . = ALIGN (0x4)

.ARM.attributes
                0x00000000       0x30
 *(.ARM.attributes)
 .ARM.attributes
                0x00000000       0x22 c:/freescale/kds_3.0.0/toolchain/bin/../lib/gcc/arm-none-eabi/4.8.4/armv7e-m/fpu/crti.o
 .ARM.attributes
                0x00000022       0x34 c:/freescale/kds_3.0.0/toolchain/bin/../lib/gcc/arm-none-eabi/4.8.4/armv7e-m/fpu/crtbegin.o
 .ARM.attributes
                0x00000056       0x20 c:/freescale/kds_3.0.0/toolchain/bin/../lib/gcc/arm-none-eabi/4.8.4/../../../../arm-none-eabi/lib/armv7e-m/fpu/crt0.o
 .ARM.attributes
                0x00000076       0x39 ./Sources/FIFO.o
 .ARM.attributes
                0x000000af       0x39 ./Sources/FTM.o
 .ARM.attributes
                0x000000e8       0x39 ./Sources/Flash.o
 .ARM.attributes
                0x00000121       0x39 ./Sources/I2C.o
 .ARM.attributes
                0x0000015a       0x39 ./Sources/LEDs.o
 .ARM.attributes
                0x00000193       0x39 ./Sources/PIT.o
 .ARM.attributes
                0x000001cc       0x39 ./Sources/RTC.o
 .ARM.attributes
                0x00000205       0x39 ./Sources/UART.o
 .ARM.attributes
                0x0000023e       0x39 ./Sources/accel.o
 .ARM.attributes
                0x00000277       0x39 ./Sources/main.o
 .ARM.attributes
                0x000002b0       0x39 ./Sources/median.o
 .ARM.attributes
                0x000002e9       0x39 ./Sources/packet.o
 .ARM.attributes
                0x00000322       0x39 ./Project_Settings/Startup_Code/startup.o
 .ARM.attributes
                0x0000035b       0x39 ./Generated_Code/Cpu.o
 .ARM.attributes
                0x00000394       0x39 ./Generated_Code/Vectors.o
 .ARM.attributes
                0x000003cd       0x39 C:\Users\12551519\Desktop\project\es18aut13\Project\Library\libOS.a(OS.o)
 .ARM.attributes
                0x00000406       0x34 c:/freescale/kds_3.0.0/toolchain/bin/../lib/gcc/arm-none-eabi/4.8.4/../../../../arm-none-eabi/lib/armv7e-m/fpu\libg_s.a(lib_a-exit.o)
 .ARM.attributes
                0x0000043a       0x34 c:/freescale/kds_3.0.0/toolchain/bin/../lib/gcc/arm-none-eabi/4.8.4/../../../../arm-none-eabi/lib/armv7e-m/fpu\libg_s.a(lib_a-impure.o)
 .ARM.attributes
                0x0000046e       0x34 c:/freescale/kds_3.0.0/toolchain/bin/../lib/gcc/arm-none-eabi/4.8.4/../../../../arm-none-eabi/lib/armv7e-m/fpu\libg_s.a(lib_a-init.o)
 .ARM.attributes
                0x000004a2       0x34 c:/freescale/kds_3.0.0/toolchain/bin/../lib/gcc/arm-none-eabi/4.8.4/../../../../arm-none-eabi/lib/armv7e-m/fpu\libg_s.a(lib_a-memcpy-stub.o)
 .ARM.attributes
                0x000004d6       0x34 c:/freescale/kds_3.0.0/toolchain/bin/../lib/gcc/arm-none-eabi/4.8.4/../../../../arm-none-eabi/lib/armv7e-m/fpu\libg_s.a(lib_a-memset.o)
 .ARM.attributes
                0x0000050a       0x34 c:/freescale/kds_3.0.0/toolchain/bin/../lib/gcc/arm-none-eabi/4.8.4/../../../../arm-none-eabi/lib/armv7e-m/fpu\libnosys.a(_exit.o)
 .ARM.attributes
                0x0000053e       0x22 c:/freescale/kds_3.0.0/toolchain/bin/../lib/gcc/arm-none-eabi/4.8.4/armv7e-m/fpu/crtn.o
OUTPUT(Project.elf elf32-littlearm)

.debug_info     0x00000000     0x6aec
 .debug_info    0x00000000      0x217 ./Sources/FIFO.o
 .debug_info    0x00000217      0x797 ./Sources/FTM.o
 .debug_info    0x000009ae      0x671 ./Sources/Flash.o
 .debug_info    0x0000101f      0x8fb ./Sources/I2C.o
 .debug_info    0x0000191a      0x490 ./Sources/LEDs.o
 .debug_info    0x00001daa      0x5d4 ./Sources/PIT.o
 .debug_info    0x0000237e      0x632 ./Sources/RTC.o
 .debug_info    0x000029b0      0xa8b ./Sources/UART.o
 .debug_info    0x0000343b      0x9af ./Sources/accel.o
 .debug_info    0x00003dea      0xad7 ./Sources/main.o
 .debug_info    0x000048c1       0xe9 ./Sources/median.o
 .debug_info    0x000049aa      0x2ff ./Sources/packet.o
 .debug_info    0x00004ca9      0x3b0 ./Project_Settings/Startup_Code/startup.o
 .debug_info    0x00005059      0xc82 ./Generated_Code/Cpu.o
 .debug_info    0x00005cdb      0x10f ./Generated_Code/Vectors.o
 .debug_info    0x00005dea      0xd02 C:\Users\12551519\Desktop\project\es18aut13\Project\Library\libOS.a(OS.o)

.debug_abbrev   0x00000000     0x18dd
 .debug_abbrev  0x00000000       0xce ./Sources/FIFO.o
 .debug_abbrev  0x000000ce      0x1d2 ./Sources/FTM.o
 .debug_abbrev  0x000002a0      0x1cc ./Sources/Flash.o
 .debug_abbrev  0x0000046c      0x1fb ./Sources/I2C.o
 .debug_abbrev  0x00000667      0x144 ./Sources/LEDs.o
 .debug_abbrev  0x000007ab      0x18f ./Sources/PIT.o
 .debug_abbrev  0x0000093a      0x168 ./Sources/RTC.o
 .debug_abbrev  0x00000aa2      0x232 ./Sources/UART.o
 .debug_abbrev  0x00000cd4      0x207 ./Sources/accel.o
 .debug_abbrev  0x00000edb      0x200 ./Sources/main.o
 .debug_abbrev  0x000010db       0x6c ./Sources/median.o
 .debug_abbrev  0x00001147       0xec ./Sources/packet.o
 .debug_abbrev  0x00001233      0x189 ./Project_Settings/Startup_Code/startup.o
 .debug_abbrev  0x000013bc      0x185 ./Generated_Code/Cpu.o
 .debug_abbrev  0x00001541       0xa4 ./Generated_Code/Vectors.o
 .debug_abbrev  0x000015e5      0x2f8 C:\Users\12551519\Desktop\project\es18aut13\Project\Library\libOS.a(OS.o)

.debug_aranges  0x00000000      0x4e8
 .debug_aranges
                0x00000000       0x30 ./Sources/FIFO.o
 .debug_aranges
                0x00000030       0x38 ./Sources/FTM.o
 .debug_aranges
                0x00000068       0x60 ./Sources/Flash.o
 .debug_aranges
                0x000000c8       0x70 ./Sources/I2C.o
 .debug_aranges
                0x00000138       0x38 ./Sources/LEDs.o
 .debug_aranges
                0x00000170       0x38 ./Sources/PIT.o
 .debug_aranges
                0x000001a8       0x38 ./Sources/RTC.o
 .debug_aranges
                0x000001e0       0x48 ./Sources/UART.o
 .debug_aranges
                0x00000228       0x38 ./Sources/accel.o
 .debug_aranges
                0x00000260       0xd0 ./Sources/main.o
 .debug_aranges
                0x00000330       0x20 ./Sources/median.o
 .debug_aranges
                0x00000350       0x30 ./Sources/packet.o
 .debug_aranges
                0x00000380       0x50 ./Project_Settings/Startup_Code/startup.o
 .debug_aranges
                0x000003d0       0x38 ./Generated_Code/Cpu.o
 .debug_aranges
                0x00000408       0x18 ./Generated_Code/Vectors.o
 .debug_aranges
                0x00000420       0xc8 C:\Users\12551519\Desktop\project\es18aut13\Project\Library\libOS.a(OS.o)

.debug_ranges   0x00000000      0x3e0
 .debug_ranges  0x00000000       0x20 ./Sources/FIFO.o
 .debug_ranges  0x00000020       0x28 ./Sources/FTM.o
 .debug_ranges  0x00000048       0x50 ./Sources/Flash.o
 .debug_ranges  0x00000098       0x60 ./Sources/I2C.o
 .debug_ranges  0x000000f8       0x28 ./Sources/LEDs.o
 .debug_ranges  0x00000120       0x28 ./Sources/PIT.o
 .debug_ranges  0x00000148       0x28 ./Sources/RTC.o
 .debug_ranges  0x00000170       0x38 ./Sources/UART.o
 .debug_ranges  0x000001a8       0x28 ./Sources/accel.o
 .debug_ranges  0x000001d0       0xc0 ./Sources/main.o
 .debug_ranges  0x00000290       0x10 ./Sources/median.o
 .debug_ranges  0x000002a0       0x20 ./Sources/packet.o
 .debug_ranges  0x000002c0       0x40 ./Project_Settings/Startup_Code/startup.o
 .debug_ranges  0x00000300       0x28 ./Generated_Code/Cpu.o
 .debug_ranges  0x00000328       0xb8 C:\Users\12551519\Desktop\project\es18aut13\Project\Library\libOS.a(OS.o)

.debug_macro    0x00000000    0x1a693
 .debug_macro   0x00000000       0xaf ./Sources/FIFO.o
 .debug_macro   0x000000af       0x22 ./Sources/FIFO.o
 .debug_macro   0x000000d1       0x3c ./Sources/FIFO.o
 .debug_macro   0x0000010d     0x1800 ./Sources/FIFO.o
 .debug_macro   0x0000190d       0xa9 ./Sources/FTM.o
 .debug_macro   0x000019b6       0x76 ./Sources/Flash.o
 .debug_macro   0x00001a2c       0x16 ./Sources/Flash.o
 .debug_macro   0x00001a42    0x174af ./Sources/Flash.o
 .debug_macro   0x00018ef1       0x2e ./Sources/Flash.o
 .debug_macro   0x00018f1f       0xad ./Sources/I2C.o
 .debug_macro   0x00018fcc       0x6d ./Sources/LEDs.o
 .debug_macro   0x00019039       0xa9 ./Sources/PIT.o
 .debug_macro   0x000190e2       0xa9 ./Sources/RTC.o
 .debug_macro   0x0001918b       0xbd ./Sources/UART.o
 .debug_macro   0x00019248      0x211 ./Sources/accel.o
 .debug_macro   0x00019459       0x9a ./Sources/accel.o
 .debug_macro   0x000194f3      0x12a ./Sources/main.o
 .debug_macro   0x0001961d       0x10 ./Sources/main.o
 .debug_macro   0x0001962d       0x3a ./Sources/main.o
 .debug_macro   0x00019667       0x5f ./Sources/median.o
 .debug_macro   0x000196c6       0xc2 ./Sources/packet.o
 .debug_macro   0x00019788      0x121 ./Project_Settings/Startup_Code/startup.o
 .debug_macro   0x000198a9       0x58 ./Project_Settings/Startup_Code/startup.o
 .debug_macro   0x00019901       0x35 ./Project_Settings/Startup_Code/startup.o
 .debug_macro   0x00019936       0xa3 ./Project_Settings/Startup_Code/startup.o
 .debug_macro   0x000199d9      0x166 ./Project_Settings/Startup_Code/startup.o
 .debug_macro   0x00019b3f       0x4a ./Project_Settings/Startup_Code/startup.o
 .debug_macro   0x00019b89       0x52 ./Project_Settings/Startup_Code/startup.o
 .debug_macro   0x00019bdb       0x16 ./Project_Settings/Startup_Code/startup.o
 .debug_macro   0x00019bf1       0x43 ./Project_Settings/Startup_Code/startup.o
 .debug_macro   0x00019c34      0x180 ./Project_Settings/Startup_Code/startup.o
 .debug_macro   0x00019db4      0x2a6 ./Project_Settings/Startup_Code/startup.o
 .debug_macro   0x0001a05a       0x10 ./Project_Settings/Startup_Code/startup.o
 .debug_macro   0x0001a06a       0x35 ./Project_Settings/Startup_Code/startup.o
 .debug_macro   0x0001a09f       0x16 ./Project_Settings/Startup_Code/startup.o
 .debug_macro   0x0001a0b5       0x22 ./Project_Settings/Startup_Code/startup.o
 .debug_macro   0x0001a0d7      0x20f ./Project_Settings/Startup_Code/startup.o
 .debug_macro   0x0001a2e6       0x84 ./Generated_Code/Cpu.o
 .debug_macro   0x0001a36a       0xa0 ./Generated_Code/Cpu.o
 .debug_macro   0x0001a40a       0xec ./Generated_Code/Vectors.o
 .debug_macro   0x0001a4f6       0x36 ./Generated_Code/Vectors.o
 .debug_macro   0x0001a52c       0xa3 C:\Users\12551519\Desktop\project\es18aut13\Project\Library\libOS.a(OS.o)
 .debug_macro   0x0001a5cf       0x94 C:\Users\12551519\Desktop\project\es18aut13\Project\Library\libOS.a(OS.o)
 .debug_macro   0x0001a663       0x30 C:\Users\12551519\Desktop\project\es18aut13\Project\Library\libOS.a(OS.o)

.debug_line     0x00000000     0x348c
 .debug_line    0x00000000      0x2e4 ./Sources/FIFO.o
 .debug_line    0x000002e4      0x325 ./Sources/FTM.o
 .debug_line    0x00000609      0x2dd ./Sources/Flash.o
 .debug_line    0x000008e6      0x417 ./Sources/I2C.o
 .debug_line    0x00000cfd      0x22f ./Sources/LEDs.o
 .debug_line    0x00000f2c      0x305 ./Sources/PIT.o
 .debug_line    0x00001231      0x308 ./Sources/RTC.o
 .debug_line    0x00001539      0x35f ./Sources/UART.o
 .debug_line    0x00001898      0x348 ./Sources/accel.o
 .debug_line    0x00001be0      0x630 ./Sources/main.o
 .debug_line    0x00002210      0x1a3 ./Sources/median.o
 .debug_line    0x000023b3      0x2fc ./Sources/packet.o
 .debug_line    0x000026af      0x3e8 ./Project_Settings/Startup_Code/startup.o
 .debug_line    0x00002a97      0x285 ./Generated_Code/Cpu.o
 .debug_line    0x00002d1c      0x2da ./Generated_Code/Vectors.o
 .debug_line    0x00002ff6      0x496 C:\Users\12551519\Desktop\project\es18aut13\Project\Library\libOS.a(OS.o)

.debug_str      0x00000000    0x8f195
 .debug_str     0x00000000    0x8a693 ./Sources/FIFO.o
                              0x8a811 (size before relaxing)
 .debug_str     0x0008a693      0x3b0 ./Sources/FTM.o
                              0x8ab4a (size before relaxing)
 .debug_str     0x0008aa43      0x3ae ./Sources/Flash.o
                              0x83110 (size before relaxing)
 .debug_str     0x0008adf1      0x222 ./Sources/I2C.o
                              0x8ab10 (size before relaxing)
 .debug_str     0x0008b013       0xa6 ./Sources/LEDs.o
                              0x82ef6 (size before relaxing)
 .debug_str     0x0008b0b9       0xa2 ./Sources/PIT.o
                              0x8a99e (size before relaxing)
 .debug_str     0x0008b15b       0x9d ./Sources/RTC.o
                              0x8a975 (size before relaxing)
 .debug_str     0x0008b1f8      0x235 ./Sources/UART.o
                              0x8abc3 (size before relaxing)
 .debug_str     0x0008b42d      0xa39 ./Sources/accel.o
                              0x8b4fc (size before relaxing)
 .debug_str     0x0008be66      0x6a7 ./Sources/main.o
                              0x8b325 (size before relaxing)
 .debug_str     0x0008c50d       0x2c ./Sources/median.o
                               0x2f9e (size before relaxing)
 .debug_str     0x0008c539       0x4f ./Sources/packet.o
                              0x8aa96 (size before relaxing)
 .debug_str     0x0008c588     0x2663 ./Project_Settings/Startup_Code/startup.o
                              0x853fa (size before relaxing)
 .debug_str     0x0008ebeb      0x1e3 ./Generated_Code/Cpu.o
                              0x8aa2b (size before relaxing)
 .debug_str     0x0008edce       0x1c ./Generated_Code/Vectors.o
                              0x8a7e6 (size before relaxing)
 .debug_str     0x0008edea      0x3ab C:\Users\12551519\Desktop\project\es18aut13\Project\Library\libOS.a(OS.o)
                              0x8ad2a (size before relaxing)

.comment        0x00000000       0x70
 .comment       0x00000000       0x70 ./Sources/FIFO.o
                                 0x71 (size before relaxing)
 .comment       0x00000000       0x71 ./Sources/FTM.o
 .comment       0x00000000       0x71 ./Sources/Flash.o
 .comment       0x00000000       0x71 ./Sources/I2C.o
 .comment       0x00000000       0x71 ./Sources/LEDs.o
 .comment       0x00000000       0x71 ./Sources/PIT.o
 .comment       0x00000000       0x71 ./Sources/RTC.o
 .comment       0x00000000       0x71 ./Sources/UART.o
 .comment       0x00000000       0x71 ./Sources/accel.o
 .comment       0x00000000       0x71 ./Sources/main.o
 .comment       0x00000000       0x71 ./Sources/median.o
 .comment       0x00000000       0x71 ./Sources/packet.o
 .comment       0x00000000       0x71 ./Project_Settings/Startup_Code/startup.o
 .comment       0x00000000       0x71 ./Generated_Code/Cpu.o
 .comment       0x00000000       0x71 ./Generated_Code/Vectors.o
 .comment       0x00000000       0x71 C:\Users\12551519\Desktop\project\es18aut13\Project\Library\libOS.a(OS.o)

.debug_frame    0x00000000      0xe40
 .debug_frame   0x00000000       0x70 ./Sources/FIFO.o
 .debug_frame   0x00000070       0x88 ./Sources/FTM.o
 .debug_frame   0x000000f8      0x128 ./Sources/Flash.o
 .debug_frame   0x00000220      0x148 ./Sources/I2C.o
 .debug_frame   0x00000368       0x7c ./Sources/LEDs.o
 .debug_frame   0x000003e4       0x8c ./Sources/PIT.o
 .debug_frame   0x00000470       0x8c ./Sources/RTC.o
 .debug_frame   0x000004fc       0xd4 ./Sources/UART.o
 .debug_frame   0x000005d0       0x94 ./Sources/accel.o
 .debug_frame   0x00000664      0x2a4 ./Sources/main.o
 .debug_frame   0x00000908       0x2c ./Sources/median.o
 .debug_frame   0x00000934       0x70 ./Sources/packet.o
 .debug_frame   0x000009a4       0xc0 ./Project_Settings/Startup_Code/startup.o
 .debug_frame   0x00000a64       0x80 ./Generated_Code/Cpu.o
 .debug_frame   0x00000ae4      0x2a0 C:\Users\12551519\Desktop\project\es18aut13\Project\Library\libOS.a(OS.o)
 .debug_frame   0x00000d84       0x28 c:/freescale/kds_3.0.0/toolchain/bin/../lib/gcc/arm-none-eabi/4.8.4/../../../../arm-none-eabi/lib/armv7e-m/fpu\libg_s.a(lib_a-exit.o)
 .debug_frame   0x00000dac       0x2c c:/freescale/kds_3.0.0/toolchain/bin/../lib/gcc/arm-none-eabi/4.8.4/../../../../arm-none-eabi/lib/armv7e-m/fpu\libg_s.a(lib_a-init.o)
 .debug_frame   0x00000dd8       0x28 c:/freescale/kds_3.0.0/toolchain/bin/../lib/gcc/arm-none-eabi/4.8.4/../../../../arm-none-eabi/lib/armv7e-m/fpu\libg_s.a(lib_a-memcpy-stub.o)
 .debug_frame   0x00000e00       0x20 c:/freescale/kds_3.0.0/toolchain/bin/../lib/gcc/arm-none-eabi/4.8.4/../../../../arm-none-eabi/lib/armv7e-m/fpu\libg_s.a(lib_a-memset.o)
 .debug_frame   0x00000e20       0x20 c:/freescale/kds_3.0.0/toolchain/bin/../lib/gcc/arm-none-eabi/4.8.4/../../../../arm-none-eabi/lib/armv7e-m/fpu\libnosys.a(_exit.o)
