Archive member included because of file (symbol)

D:\Embedded Software\es18aut13\Project\Library\libOS.a(OS.o)
                              ./Sources/main.o (OS_Init)
D:\Embedded Software\es18aut13\Project\Library\libAnalog.a(analog.o)
                              ./Sources/main.o (Analog_Init)
D:\Embedded Software\es18aut13\Project\Library\libAnalog.a(SPI.o)
                              D:\Embedded Software\es18aut13\Project\Library\libAnalog.a(analog.o) (SPI_Init)
c:/freescale/kds_3.0.0/toolchain/bin/../lib/gcc/arm-none-eabi/4.8.4/../../../../arm-none-eabi/lib/armv7e-m/fpu\libm.a(lib_a-wf_sqrt.o)
                              ./Sources/main.o (sqrtf)
c:/freescale/kds_3.0.0/toolchain/bin/../lib/gcc/arm-none-eabi/4.8.4/../../../../arm-none-eabi/lib/armv7e-m/fpu\libm.a(lib_a-ef_sqrt.o)
                              c:/freescale/kds_3.0.0/toolchain/bin/../lib/gcc/arm-none-eabi/4.8.4/../../../../arm-none-eabi/lib/armv7e-m/fpu\libm.a(lib_a-wf_sqrt.o) (__ieee754_sqrtf)
c:/freescale/kds_3.0.0/toolchain/bin/../lib/gcc/arm-none-eabi/4.8.4/../../../../arm-none-eabi/lib/armv7e-m/fpu\libm.a(lib_a-s_lib_ver.o)
                              c:/freescale/kds_3.0.0/toolchain/bin/../lib/gcc/arm-none-eabi/4.8.4/../../../../arm-none-eabi/lib/armv7e-m/fpu\libm.a(lib_a-wf_sqrt.o) (__fdlib_version)
c:/freescale/kds_3.0.0/toolchain/bin/../lib/gcc/arm-none-eabi/4.8.4/../../../../arm-none-eabi/lib/armv7e-m/fpu\libm.a(lib_a-s_matherr.o)
                              c:/freescale/kds_3.0.0/toolchain/bin/../lib/gcc/arm-none-eabi/4.8.4/../../../../arm-none-eabi/lib/armv7e-m/fpu\libm.a(lib_a-wf_sqrt.o) (matherr)
c:/freescale/kds_3.0.0/toolchain/bin/../lib/gcc/arm-none-eabi/4.8.4/../../../../arm-none-eabi/lib/armv7e-m/fpu\libm.a(lib_a-sf_fpclassify.o)
                              c:/freescale/kds_3.0.0/toolchain/bin/../lib/gcc/arm-none-eabi/4.8.4/../../../../arm-none-eabi/lib/armv7e-m/fpu\libm.a(lib_a-wf_sqrt.o) (__fpclassifyf)
c:/freescale/kds_3.0.0/toolchain/bin/../lib/gcc/arm-none-eabi/4.8.4/armv7e-m/fpu\libgcc.a(_arm_addsubdf3.o)
                              c:/freescale/kds_3.0.0/toolchain/bin/../lib/gcc/arm-none-eabi/4.8.4/../../../../arm-none-eabi/lib/armv7e-m/fpu\libm.a(lib_a-wf_sqrt.o) (__aeabi_f2d)
c:/freescale/kds_3.0.0/toolchain/bin/../lib/gcc/arm-none-eabi/4.8.4/armv7e-m/fpu\libgcc.a(_arm_muldivdf3.o)
                              c:/freescale/kds_3.0.0/toolchain/bin/../lib/gcc/arm-none-eabi/4.8.4/../../../../arm-none-eabi/lib/armv7e-m/fpu\libm.a(lib_a-wf_sqrt.o) (__aeabi_ddiv)
c:/freescale/kds_3.0.0/toolchain/bin/../lib/gcc/arm-none-eabi/4.8.4/armv7e-m/fpu\libgcc.a(_arm_truncdfsf2.o)
                              c:/freescale/kds_3.0.0/toolchain/bin/../lib/gcc/arm-none-eabi/4.8.4/../../../../arm-none-eabi/lib/armv7e-m/fpu\libm.a(lib_a-wf_sqrt.o) (__aeabi_d2f)
c:/freescale/kds_3.0.0/toolchain/bin/../lib/gcc/arm-none-eabi/4.8.4/armv7e-m/fpu\libgcc.a(_aeabi_ldivmod.o)
                              ./Sources/main.o (__aeabi_ldivmod)
c:/freescale/kds_3.0.0/toolchain/bin/../lib/gcc/arm-none-eabi/4.8.4/armv7e-m/fpu\libgcc.a(bpabi.o)
                              c:/freescale/kds_3.0.0/toolchain/bin/../lib/gcc/arm-none-eabi/4.8.4/armv7e-m/fpu\libgcc.a(_aeabi_ldivmod.o) (__gnu_ldivmod_helper)
c:/freescale/kds_3.0.0/toolchain/bin/../lib/gcc/arm-none-eabi/4.8.4/armv7e-m/fpu\libgcc.a(_dvmd_tls.o)
                              c:/freescale/kds_3.0.0/toolchain/bin/../lib/gcc/arm-none-eabi/4.8.4/armv7e-m/fpu\libgcc.a(_aeabi_ldivmod.o) (__aeabi_ldiv0)
c:/freescale/kds_3.0.0/toolchain/bin/../lib/gcc/arm-none-eabi/4.8.4/armv7e-m/fpu\libgcc.a(_divdi3.o)
                              c:/freescale/kds_3.0.0/toolchain/bin/../lib/gcc/arm-none-eabi/4.8.4/armv7e-m/fpu\libgcc.a(bpabi.o) (__divdi3)
c:/freescale/kds_3.0.0/toolchain/bin/../lib/gcc/arm-none-eabi/4.8.4/armv7e-m/fpu\libgcc.a(_udivdi3.o)
                              c:/freescale/kds_3.0.0/toolchain/bin/../lib/gcc/arm-none-eabi/4.8.4/armv7e-m/fpu\libgcc.a(bpabi.o) (__udivdi3)
c:/freescale/kds_3.0.0/toolchain/bin/../lib/gcc/arm-none-eabi/4.8.4/../../../../arm-none-eabi/lib/armv7e-m/fpu\libg_s.a(lib_a-errno.o)
                              c:/freescale/kds_3.0.0/toolchain/bin/../lib/gcc/arm-none-eabi/4.8.4/../../../../arm-none-eabi/lib/armv7e-m/fpu\libm.a(lib_a-wf_sqrt.o) (__errno)
c:/freescale/kds_3.0.0/toolchain/bin/../lib/gcc/arm-none-eabi/4.8.4/../../../../arm-none-eabi/lib/armv7e-m/fpu\libg_s.a(lib_a-exit.o)
                              c:/freescale/kds_3.0.0/toolchain/bin/../lib/gcc/arm-none-eabi/4.8.4/../../../../arm-none-eabi/lib/armv7e-m/fpu/crt0.o (exit)
c:/freescale/kds_3.0.0/toolchain/bin/../lib/gcc/arm-none-eabi/4.8.4/../../../../arm-none-eabi/lib/armv7e-m/fpu\libg_s.a(lib_a-impure.o)
                              c:/freescale/kds_3.0.0/toolchain/bin/../lib/gcc/arm-none-eabi/4.8.4/../../../../arm-none-eabi/lib/armv7e-m/fpu\libg_s.a(lib_a-exit.o) (_global_impure_ptr)
[...]
Memory Configuration

Name             Origin             Length             Attributes
m_interrupts     0x00000000         0x000001e8         xr
m_text           0x00000410         0x0007fbf0         xr
m_data           0x1fff0000         0x00010000         rw
m_data_20000000  0x20000000         0x00010000         rw
m_cfmprotrom     0x00000400         0x00000010         xr
*default*        0x00000000         0xffffffff

Linker script and memory map

LOAD c:/freescale/kds_3.0.0/toolchain/bin/../lib/gcc/arm-none-eabi/4.8.4/armv7e-m/fpu/crti.o
LOAD c:/freescale/kds_3.0.0/toolchain/bin/../lib/gcc/arm-none-eabi/4.8.4/armv7e-m/fpu/crtbegin.o
LOAD c:/freescale/kds_3.0.0/toolchain/bin/../lib/gcc/arm-none-eabi/4.8.4/../../../../arm-none-eabi/lib/armv7e-m/fpu/crt0.o
LOAD ./Sources/Events.o
LOAD ./Sources/FIFO.o
LOAD ./Sources/FTM.o
LOAD ./Sources/Flash.o
LOAD ./Sources/I2C.o
LOAD ./Sources/LEDs.o
LOAD ./Sources/PIT.o
LOAD ./Sources/RTC.o
LOAD ./Sources/UART.o
LOAD ./Sources/accel.o
LOAD ./Sources/main.o
LOAD ./Sources/main_sample.o
LOAD ./Sources/median.o
LOAD ./Sources/packet.o
LOAD ./Project_Settings/Startup_Code/startup.o
LOAD ./Generated_Code/Cpu.o
LOAD ./Generated_Code/Vectors.o
LOAD D:\Embedded Software\es18aut13\Project\Library\libOS.a
LOAD D:\Embedded Software\es18aut13\Project\Library\libAnalog.a
LOAD c:/freescale/kds_3.0.0/toolchain/bin/../lib/gcc/arm-none-eabi/4.8.4/../../../../arm-none-eabi/lib/armv7e-m/fpu\libstdc++_s.a
LOAD c:/freescale/kds_3.0.0/toolchain/bin/../lib/gcc/arm-none-eabi/4.8.4/../../../../arm-none-eabi/lib/armv7e-m/fpu\libm.a
START GROUP
LOAD c:/freescale/kds_3.0.0/toolchain/bin/../lib/gcc/arm-none-eabi/4.8.4/armv7e-m/fpu\libgcc.a
LOAD c:/freescale/kds_3.0.0/toolchain/bin/../lib/gcc/arm-none-eabi/4.8.4/../../../../arm-none-eabi/lib/armv7e-m/fpu\libg_s.a
LOAD c:/freescale/kds_3.0.0/toolchain/bin/../lib/gcc/arm-none-eabi/4.8.4/../../../../arm-none-eabi/lib/armv7e-m/fpu\libc_s.a
END GROUP
START GROUP
LOAD c:/freescale/kds_3.0.0/toolchain/bin/../lib/gcc/arm-none-eabi/4.8.4/armv7e-m/fpu\libgcc.a
LOAD c:/freescale/kds_3.0.0/toolchain/bin/../lib/gcc/arm-none-eabi/4.8.4/../../../../arm-none-eabi/lib/armv7e-m/fpu\libc_s.a
LOAD c:/freescale/kds_3.0.0/toolchain/bin/../lib/gcc/arm-none-eabi/4.8.4/../../../../arm-none-eabi/lib/armv7e-m/fpu\libnosys.a
END GROUP
START GROUP
LOAD c:/freescale/kds_3.0.0/toolchain/bin/../lib/gcc/arm-none-eabi/4.8.4/armv7e-m/fpu\libgcc.a
LOAD c:/freescale/kds_3.0.0/toolchain/bin/../lib/gcc/arm-none-eabi/4.8.4/../../../../arm-none-eabi/lib/armv7e-m/fpu\libc_s.a
LOAD c:/freescale/kds_3.0.0/toolchain/bin/../lib/gcc/arm-none-eabi/4.8.4/../../../../arm-none-eabi/lib/armv7e-m/fpu\libnosys.a
END GROUP
LOAD c:/freescale/kds_3.0.0/toolchain/bin/../lib/gcc/arm-none-eabi/4.8.4/armv7e-m/fpu/crtend.o
LOAD c:/freescale/kds_3.0.0/toolchain/bin/../lib/gcc/arm-none-eabi/4.8.4/armv7e-m/fpu/crtn.o
                0x20000000                _estack = 0x20000000
                0x20000000                __SP_INIT = _estack
                0x20000000                __stack = _estack
                0x00000000                __heap_size = 0x0
                0x00000400                __stack_size = 0x400

.interrupts     0x00000000      0x1e8
                0x00000000                __vector_table = .
                0x00000000                . = ALIGN (0x4)
 *(.vectortable)
 .vectortable   0x00000000      0x1e8 ./Generated_Code/Vectors.o
                0x00000000                __vect_table
                0x000001e8                . = ALIGN (0x4)

.cfmprotect     0x00000400       0x10
                0x00000400                . = ALIGN (0x4)
 *(.cfmconfig)
 .cfmconfig     0x00000400       0x10 ./Generated_Code/Cpu.o
                0x00000400                _cfm
                0x00000410                . = ALIGN (0x4)

.text           0x00000410     0x48b4
                0x00000410                . = ALIGN (0x4)
 *(.text)
 .text          0x00000410       0x54 c:/freescale/kds_3.0.0/toolchain/bin/../lib/gcc/arm-none-eabi/4.8.4/armv7e-m/fpu/crtbegin.o
 .text          0x00000464       0x74 c:/freescale/kds_3.0.0/toolchain/bin/../lib/gcc/arm-none-eabi/4.8.4/../../../../arm-none-eabi/lib/armv7e-m/fpu/crt0.o
                0x00000464                _start
                0x00000464                _mainCRTStartup
 .text          0x000004d8      0x370 c:/freescale/kds_3.0.0/toolchain/bin/../lib/gcc/arm-none-eabi/4.8.4/armv7e-m/fpu\libgcc.a(_arm_addsubdf3.o)
                0x000004d8                __aeabi_drsub
                0x000004e0                __aeabi_dsub
                0x000004e0                __subdf3
                0x000004e4                __aeabi_dadd
                0x000004e4                __adddf3
                0x0000075c                __floatunsidf
                0x0000075c                __aeabi_ui2d
                0x0000077c                __floatsidf
                0x0000077c                __aeabi_i2d
                0x000007a0                __aeabi_f2d
                0x000007a0                __extendsfdf2
                0x000007dc                __floatundidf
                0x000007dc                __aeabi_ul2d
                0x000007ec                __floatdidf
                0x000007ec                __aeabi_l2d
 .text          0x00000848      0x424 c:/freescale/kds_3.0.0/toolchain/bin/../lib/gcc/arm-none-eabi/4.8.4/armv7e-m/fpu\libgcc.a(_arm_muldivdf3.o)
                0x00000848                __aeabi_dmul
                0x00000848                __muldf3
                0x00000a9c                __divdf3
                0x00000a9c                __aeabi_ddiv
 .text          0x00000c6c       0xa0 c:/freescale/kds_3.0.0/toolchain/bin/../lib/gcc/arm-none-eabi/4.8.4/armv7e-m/fpu\libgcc.a(_arm_truncdfsf2.o)
                0x00000c6c                __truncdfsf2
                0x00000c6c                __aeabi_d2f
 .text          0x00000d0c       0x38 c:/freescale/kds_3.0.0/toolchain/bin/../lib/gcc/arm-none-eabi/4.8.4/armv7e-m/fpu\libgcc.a(_aeabi_ldivmod.o)
                0x00000d0c                __aeabi_ldivmod
 .text          0x00000d44       0x60 c:/freescale/kds_3.0.0/toolchain/bin/../lib/gcc/arm-none-eabi/4.8.4/armv7e-m/fpu\libgcc.a(bpabi.o)
                0x00000d44                __gnu_ldivmod_helper
                0x00000d74                __gnu_uldivmod_helper
 .text          0x00000da4        0x4 c:/freescale/kds_3.0.0/toolchain/bin/../lib/gcc/arm-none-eabi/4.8.4/armv7e-m/fpu\libgcc.a(_dvmd_tls.o)
                0x00000da4                __aeabi_idiv0
                0x00000da4                __aeabi_ldiv0
 .text          0x00000da8      0x298 c:/freescale/kds_3.0.0/toolchain/bin/../lib/gcc/arm-none-eabi/4.8.4/armv7e-m/fpu\libgcc.a(_divdi3.o)
                0x00000da8                __divdi3
 .text          0x00001040      0x284 c:/freescale/kds_3.0.0/toolchain/bin/../lib/gcc/arm-none-eabi/4.8.4/armv7e-m/fpu\libgcc.a(_udivdi3.o)
                0x00001040                __udivdi3
 *(.text*)
 .text.FIFO_Init
                0x000012c4       0x38 ./Sources/FIFO.o
                0x000012c4                FIFO_Init
 .text.FIFO_Put
                0x000012fc       0x58 ./Sources/FIFO.o
                0x000012fc                FIFO_Put
 .text.FIFO_Get
                0x00001354       0x58 ./Sources/FIFO.o
                0x00001354                FIFO_Get
 .text.FTM_Init
                0x000013ac       0xfc ./Sources/FTM.o
                0x000013ac                FTM_Init
 .text.FTM_Set  0x000014a8       0xe4 ./Sources/FTM.o
                0x000014a8                FTM_Set
 .text.FTM_StartTimer
                0x0000158c       0x78 ./Sources/FTM.o
                0x0000158c                FTM_StartTimer
 .text.FTM0_ISR
                0x00001604       0x98 ./Sources/FTM.o
                0x00001604                FTM0_ISR
 .text.Flash_Init
                0x0000169c       0x10 ./Sources/Flash.o
                0x0000169c                Flash_Init
 .text.Flash_AllocateVar
                0x000016ac       0x90 ./Sources/Flash.o
                0x000016ac                Flash_AllocateVar
 .text.Flash_Write32
                0x0000173c       0x58 ./Sources/Flash.o
                0x0000173c                Flash_Write32
 .text.Flash_Write16
                0x00001794       0x60 ./Sources/Flash.o
                0x00001794                Flash_Write16
 .text.Flash_Write8
                0x000017f4       0x60 ./Sources/Flash.o
                0x000017f4                Flash_Write8
 .text.Flash_Erase
                0x00001854       0x14 ./Sources/Flash.o
                0x00001854                Flash_Erase
 .text.LaunchCommand
                0x00001868       0x98 ./Sources/Flash.o
 .text.WritePhrase
                0x00001900       0xe8 ./Sources/Flash.o
 .text.EraseSector
                0x000019e8       0x38 ./Sources/Flash.o
 .text.StopCondition
                0x00001a20       0x20 ./Sources/I2C.o
 .text.RepeatCondition
                0x00001a40       0x20 ./Sources/I2C.o
 .text.I2C_ISR  0x00001a60      0x1ac ./Sources/I2C.o
                0x00001a60                I2C_ISR
 .text.LEDs_Init
                0x00001c0c       0xd4 ./Sources/LEDs.o
                0x00001c0c                LEDs_Init
 .text.LEDs_On  0x00001ce0       0x24 ./Sources/LEDs.o
                0x00001ce0                LEDs_On
 .text.LEDs_Off
                0x00001d04       0x24 ./Sources/LEDs.o
                0x00001d04                LEDs_Off
 .text.LEDs_Toggle
                0x00001d28       0x24 ./Sources/LEDs.o
                0x00001d28                LEDs_Toggle
 .text.PIT_Init
                0x00001d4c       0xd0 ./Sources/PIT.o
                0x00001d4c                PIT_Init
 .text.PIT_Set  0x00001e1c       0x5c ./Sources/PIT.o
                0x00001e1c                PIT_Set
 .text.PIT_Enable
                0x00001e78       0x40 ./Sources/PIT.o
                0x00001e78                PIT_Enable
 .text.PIT_ISR  0x00001eb8       0xdc ./Sources/PIT.o
                0x00001eb8                PIT_ISR
 .text.RTC_Init
                0x00001f94       0xe8 ./Sources/RTC.o
                0x00001f94                RTC_Init
 .text.RTC_Set  0x0000207c       0x5c ./Sources/RTC.o
                0x0000207c                RTC_Set
 .text.RTC_Get  0x000020d8       0x9c ./Sources/RTC.o
                0x000020d8                RTC_Get
 .text.RTC_ISR  0x00002174       0x2c ./Sources/RTC.o
                0x00002174                RTC_ISR
 .text.RxUARTThread
                0x000021a0       0x30 ./Sources/UART.o
 .text.TxUARTThread
                0x000021d0       0x50 ./Sources/UART.o
 .text.UART_Init
                0x00002220      0x1c8 ./Sources/UART.o
                0x00002220                UART_Init
 .text.UART_InChar
                0x000023e8       0x1c ./Sources/UART.o
                0x000023e8                UART_InChar
 .text.UART_OutChar
                0x00002404       0x34 ./Sources/UART.o
                0x00002404                UART_OutChar
 .text.UART_ISR
                0x00002438       0x94 ./Sources/UART.o
                0x00002438                UART_ISR
 .text.AccelDataReady_ISR
                0x000024cc       0x48 ./Sources/accel.o
                0x000024cc                AccelDataReady_ISR
 .text.HandleTowerStartup
                0x00002514       0x80 ./Sources/main.o
                0x00002514                HandleTowerStartup
 .text.HandleTowerVersion
                0x00002594       0x28 ./Sources/main.o
                0x00002594                HandleTowerVersion
 .text.HandleTowerNumber
                0x000025bc       0x68 ./Sources/main.o
                0x000025bc                HandleTowerNumber
 .text.HandleTowerProgramByte
                0x00002624       0x58 ./Sources/main.o
                0x00002624                HandleTowerProgramByte
 .text.HandleTowerReadByte
                0x0000267c       0x48 ./Sources/main.o
                0x0000267c                HandleTowerReadByte
 .text.HandleTowerMode
                0x000026c4       0x68 ./Sources/main.o
                0x000026c4                HandleTowerMode
 .text.HandleTowerSetTime
                0x0000272c       0x40 ./Sources/main.o
                0x0000272c                HandleTowerSetTime
 .text.ReceivedPacket
                0x0000276c      0x140 ./Sources/main.o
                0x0000276c                ReceivedPacket
 .text.TowerInit
                0x000028ac       0xf8 ./Sources/main.o
                0x000028ac                TowerInit
 .text.InitModulesThread
                0x000029a4       0x7c ./Sources/main.o
 .text.PacketThread
                0x00002a20       0x5c ./Sources/main.o
 .text.RTCThread
                0x00002a7c       0x44 ./Sources/main.o
 .text.GetRMS   0x00002ac0       0x90 ./Sources/main.o
                0x00002ac0                GetRMS
 .text.GetFrequency
                0x00002b50      0x3e0 ./Sources/main.o
                0x00002b50                GetFrequency
 .text.ADCDataProcessThread
                0x00002f30      0x1d0 ./Sources/main.o
 .text.AlarmThread
                0x00003100       0x1c ./Sources/main.o
 .text.FTMLEDsOffThread
                0x0000311c       0x24 ./Sources/main.o
 .text.main     0x00003140       0xb4 ./Sources/main.o
                0x00003140                main
 .text.Packet_Init
                0x000031f4       0x2c ./Sources/packet.o
                0x000031f4                Packet_Init
 .text.Packet_Get
                0x00003220       0x6c ./Sources/packet.o
                0x00003220                Packet_Get
 .text.Packet_Put
                0x0000328c       0x70 ./Sources/packet.o
                0x0000328c                Packet_Put
 .text.__copy_rom_section
                0x000032fc       0xe4 ./Project_Settings/Startup_Code/startup.o
                0x000032fc                __copy_rom_section
 .text.__copy_rom_sections_to_ram
                0x000033e0       0x9c ./Project_Settings/Startup_Code/startup.o
                0x000033e0                __copy_rom_sections_to_ram
 .text.__init_registers
                0x0000347c       0x20 ./Project_Settings/Startup_Code/startup.o
                0x0000347c                __init_registers
 .text.__init_user
                0x0000349c        0xc ./Project_Settings/Startup_Code/startup.o
                0x0000349c                __init_user
 .text.__thumb_startup
                0x000034a8       0x34 ./Project_Settings/Startup_Code/startup.o
                0x000034a8                __thumb_startup
 .text.Cpu_Interrupt
                0x000034dc       0x18 ./Generated_Code/Cpu.o
                0x000034dc                Cpu_Interrupt
 .text.__init_hardware
                0x000034f4      0x1cc ./Generated_Code/Cpu.o
                0x000034f4                __init_hardware
 .text.Cpu_SetBASEPRI
                0x000036c0       0x18 ./Generated_Code/Cpu.o
                0x000036c0                Cpu_SetBASEPRI
 .text.PE_low_level_init
                0x000036d8       0xe4 ./Generated_Code/Cpu.o
                0x000036d8                PE_low_level_init
 .text.OS_Init  0x000037bc      0x110 D:\Embedded Software\es18aut13\Project\Library\libOS.a(OS.o)
                0x000037bc                OS_Init
 .text.OS_ISREnter
                0x000038cc       0x20 D:\Embedded Software\es18aut13\Project\Library\libOS.a(OS.o)
                0x000038cc                OS_ISREnter
 .text.OS_ISRExit
                0x000038ec       0x1c D:\Embedded Software\es18aut13\Project\Library\libOS.a(OS.o)
                0x000038ec                OS_ISRExit
 .text.OS_SemaphoreCreate
                0x00003908       0x90 D:\Embedded Software\es18aut13\Project\Library\libOS.a(OS.o)
                0x00003908                OS_SemaphoreCreate
 .text.OS_SemaphoreSignal
                0x00003998       0x44 D:\Embedded Software\es18aut13\Project\Library\libOS.a(OS.o)
                0x00003998                OS_SemaphoreSignal
 .text.OS_SemaphoreWait
                0x000039dc       0x58 D:\Embedded Software\es18aut13\Project\Library\libOS.a(OS.o)
                0x000039dc                OS_SemaphoreWait
 .text.OS_Start
                0x00003a34       0x10 D:\Embedded Software\es18aut13\Project\Library\libOS.a(OS.o)
                0x00003a34                OS_Start
 .text.OS_ThreadCreate
                0x00003a44      0x160 D:\Embedded Software\es18aut13\Project\Library\libOS.a(OS.o)
                0x00003a44                OS_ThreadCreate
 .text.OS_ThreadDelete
                0x00003ba4      0x18c D:\Embedded Software\es18aut13\Project\Library\libOS.a(OS.o)
                0x00003ba4                OS_ThreadDelete
 .text.EventThreadReady
                0x00003d30       0x68 D:\Embedded Software\es18aut13\Project\Library\libOS.a(OS.o)
 .text.EventThreadWait
                0x00003d98       0x64 D:\Embedded Software\es18aut13\Project\Library\libOS.a(OS.o)
 .text.EventTimeout
                0x00003dfc       0x40 D:\Embedded Software\es18aut13\Project\Library\libOS.a(OS.o)
 .text.Idle     0x00003e3c       0x18 D:\Embedded Software\es18aut13\Project\Library\libOS.a(OS.o)
 .text.FindFirstSet
                0x00003e54       0x44 D:\Embedded Software\es18aut13\Project\Library\libOS.a(OS.o)
 .text.Schedule
                0x00003e98       0x64 D:\Embedded Software\es18aut13\Project\Library\libOS.a(OS.o)
 .text.TCBInit  0x00003efc       0xcc D:\Embedded Software\es18aut13\Project\Library\libOS.a(OS.o)
 .text.TimeTick
                0x00003fc8       0x74 D:\Embedded Software\es18aut13\Project\Library\libOS.a(OS.o)
 *fill*         0x0000403c        0x4 
 .text.OS_ContextSwitchISR
                0x00004040       0x70 D:\Embedded Software\es18aut13\Project\Library\libOS.a(OS.o)
                0x00004040                OS_ContextSwitchISR
 .text.OS_SysTickISR
                0x000040b0       0x5c D:\Embedded Software\es18aut13\Project\Library\libOS.a(OS.o)
                0x000040b0                OS_SysTickISR
 .text.DACWrite
                0x0000410c       0x6c D:\Embedded Software\es18aut13\Project\Library\libAnalog.a(analog.o)
 .text.Analog_Init
                0x00004178       0x7c D:\Embedded Software\es18aut13\Project\Library\libAnalog.a(analog.o)
                0x00004178                Analog_Init
 .text.Analog_Get
                0x000041f4       0x78 D:\Embedded Software\es18aut13\Project\Library\libAnalog.a(analog.o)
                0x000041f4                Analog_Get
 .text.InitChipSelectPins
                0x0000426c       0x6c D:\Embedded Software\es18aut13\Project\Library\libAnalog.a(SPI.o)
 .text.SetupModuleConfigurationRegister
                0x000042d8      0x104 D:\Embedded Software\es18aut13\Project\Library\libAnalog.a(SPI.o)
 .text.SetBaudRate
                0x000043dc      0x15c D:\Embedded Software\es18aut13\Project\Library\libAnalog.a(SPI.o)
 .text.SetDelayAfterTransfer
                0x00004538      0x168 D:\Embedded Software\es18aut13\Project\Library\libAnalog.a(SPI.o)
 .text.SetupClockAndTransferAttributesRegister
                0x000046a0      0x16c D:\Embedded Software\es18aut13\Project\Library\libAnalog.a(SPI.o)
 .text.SPI_Init
                0x0000480c       0x90 D:\Embedded Software\es18aut13\Project\Library\libAnalog.a(SPI.o)
                0x0000480c                SPI_Init
 .text.SPI_SelectSlaveDevice
                0x0000489c       0x6c D:\Embedded Software\es18aut13\Project\Library\libAnalog.a(SPI.o)
                0x0000489c                SPI_SelectSlaveDevice
 .text.SPI_Exchange
                0x00004908       0x94 D:\Embedded Software\es18aut13\Project\Library\libAnalog.a(SPI.o)
                0x00004908                SPI_Exchange
 .text.sqrtf    0x0000499c       0xb8 c:/freescale/kds_3.0.0/toolchain/bin/../lib/gcc/arm-none-eabi/4.8.4/../../../../arm-none-eabi/lib/armv7e-m/fpu\libm.a(lib_a-wf_sqrt.o)
                0x0000499c                sqrtf
 .text.__ieee754_sqrtf
                0x00004a54       0xa4 c:/freescale/kds_3.0.0/toolchain/bin/../lib/gcc/arm-none-eabi/4.8.4/../../../../arm-none-eabi/lib/armv7e-m/fpu\libm.a(lib_a-ef_sqrt.o)
                0x00004a54                __ieee754_sqrtf
 .text.matherr  0x00004af8        0x4 c:/freescale/kds_3.0.0/toolchain/bin/../lib/gcc/arm-none-eabi/4.8.4/../../../../arm-none-eabi/lib/armv7e-m/fpu\libm.a(lib_a-s_matherr.o)
                0x00004af8                matherr
 .text.__fpclassifyf
                0x00004afc       0x38 c:/freescale/kds_3.0.0/toolchain/bin/../lib/gcc/arm-none-eabi/4.8.4/../../../../arm-none-eabi/lib/armv7e-m/fpu\libm.a(lib_a-sf_fpclassify.o)
                0x00004afc                __fpclassifyf
 .text.__errno  0x00004b34        0xc c:/freescale/kds_3.0.0/toolchain/bin/../lib/gcc/arm-none-eabi/4.8.4/../../../../arm-none-eabi/lib/armv7e-m/fpu\libg_s.a(lib_a-errno.o)
                0x00004b34                __errno
 .text.exit     0x00004b40       0x28 c:/freescale/kds_3.0.0/toolchain/bin/../lib/gcc/arm-none-eabi/4.8.4/../../../../arm-none-eabi/lib/armv7e-m/fpu\libg_s.a(lib_a-exit.o)
                0x00004b40                exit
 .text.__libc_init_array
                0x00004b68       0x4c c:/freescale/kds_3.0.0/toolchain/bin/../lib/gcc/arm-none-eabi/4.8.4/../../../../arm-none-eabi/lib/armv7e-m/fpu\libg_s.a(lib_a-init.o)
                0x00004b68                __libc_init_array
 .text.memcpy   0x00004bb4       0x12 c:/freescale/kds_3.0.0/toolchain/bin/../lib/gcc/arm-none-eabi/4.8.4/../../../../arm-none-eabi/lib/armv7e-m/fpu\libg_s.a(lib_a-memcpy-stub.o)
                0x00004bb4                memcpy
 .text.memset   0x00004bc6       0x10 c:/freescale/kds_3.0.0/toolchain/bin/../lib/gcc/arm-none-eabi/4.8.4/../../../../arm-none-eabi/lib/armv7e-m/fpu\libg_s.a(lib_a-memset.o)
                0x00004bc6                memset
 *fill*         0x00004bd6        0x2 
 .text._exit    0x00004bd8        0x4 c:/freescale/kds_3.0.0/toolchain/bin/../lib/gcc/arm-none-eabi/4.8.4/../../../../arm-none-eabi/lib/armv7e-m/fpu\libnosys.a(_exit.o)
                0x00004bd8                _exit
 *(.rodata)
 .rodata        0x00004bdc       0xa0 D:\Embedded Software\es18aut13\Project\Library\libAnalog.a(SPI.o)
 *(.rodata*)
 .rodata.PACKET_ACK_MASK
                0x00004c7c        0x1 ./Sources/packet.o
                0x00004c7c                PACKET_ACK_MASK
 *fill*         0x00004c7d        0x3 
 .rodata.SPI_SETUP
                0x00004c80       0x1c D:\Embedded Software\es18aut13\Project\Library\libAnalog.a(analog.o)
 .rodata.str1.4
                0x00004c9c        0x8 c:/freescale/kds_3.0.0/toolchain/bin/../lib/gcc/arm-none-eabi/4.8.4/../../../../arm-none-eabi/lib/armv7e-m/fpu\libm.a(lib_a-wf_sqrt.o)
 .rodata.str1.1
                0x00004ca4        0x2 c:/freescale/kds_3.0.0/toolchain/bin/../lib/gcc/arm-none-eabi/4.8.4/../../../../arm-none-eabi/lib/armv7e-m/fpu\libg_s.a(lib_a-impure.o)
 *fill*         0x00004ca6        0x2 
 .rodata._global_impure_ptr
                0x00004ca8        0x4 c:/freescale/kds_3.0.0/toolchain/bin/../lib/gcc/arm-none-eabi/4.8.4/../../../../arm-none-eabi/lib/armv7e-m/fpu\libg_s.a(lib_a-impure.o)
                0x00004ca8                _global_impure_ptr
 *(.glue_7)
 .glue_7        0x00000000        0x0 linker stubs
 *(.glue_7t)
 .glue_7t       0x00000000        0x0 linker stubs
 *(.eh_frame)
 .eh_frame      0x00004cac        0x0 c:/freescale/kds_3.0.0/toolchain/bin/../lib/gcc/arm-none-eabi/4.8.4/armv7e-m/fpu/crtbegin.o
 *(.init)
 .init          0x00004cac        0x4 c:/freescale/kds_3.0.0/toolchain/bin/../lib/gcc/arm-none-eabi/4.8.4/armv7e-m/fpu/crti.o
                0x00004cac                _init
 .init          0x00004cb0        0x8 c:/freescale/kds_3.0.0/toolchain/bin/../lib/gcc/arm-none-eabi/4.8.4/armv7e-m/fpu/crtn.o
 *(.fini)
 .fini          0x00004cb8        0x4 c:/freescale/kds_3.0.0/toolchain/bin/../lib/gcc/arm-none-eabi/4.8.4/armv7e-m/fpu/crti.o
                0x00004cb8                _fini
 .fini          0x00004cbc        0x8 c:/freescale/kds_3.0.0/toolchain/bin/../lib/gcc/arm-none-eabi/4.8.4/armv7e-m/fpu/crtn.o
                0x00004cc4                . = ALIGN (0x4)
                0x00004cc4                _etext = .

.vfp11_veneer   0x00004cc4        0x0
 .vfp11_veneer  0x00000000        0x0 linker stubs

.v4_bx          0x00004cc4        0x0
 .v4_bx         0x00000000        0x0 linker stubs

.iplt           0x00004cc4        0x0
 .iplt          0x00000000        0x0 c:/freescale/kds_3.0.0/toolchain/bin/../lib/gcc/arm-none-eabi/4.8.4/armv7e-m/fpu/crtbegin.o

.ARM.extab
 *(.ARM.extab* .gnu.linkonce.armextab.*)

.ARM            0x00004cc4        0x8
                0x00004cc4                __exidx_start = .
 *(.ARM.exidx*)
 .ARM.exidx     0x00004cc4        0x8 c:/freescale/kds_3.0.0/toolchain/bin/../lib/gcc/arm-none-eabi/4.8.4/../../../../arm-none-eabi/lib/armv7e-m/fpu/crt0.o
 .ARM.exidx     0x00004ccc        0x0 c:/freescale/kds_3.0.0/toolchain/bin/../lib/gcc/arm-none-eabi/4.8.4/armv7e-m/fpu\libgcc.a(_divdi3.o)
                                  0x8 (size before relaxing)
 .ARM.exidx     0x00004ccc        0x0 c:/freescale/kds_3.0.0/toolchain/bin/../lib/gcc/arm-none-eabi/4.8.4/armv7e-m/fpu\libgcc.a(_udivdi3.o)
                                  0x8 (size before relaxing)
                0x00004ccc                __exidx_end = .

.rel.dyn        0x00004ccc        0x0
 .rel.iplt      0x00000000        0x0 c:/freescale/kds_3.0.0/toolchain/bin/../lib/gcc/arm-none-eabi/4.8.4/armv7e-m/fpu/crtbegin.o

.ctors          0x00004ccc        0x0
                0x00004ccc                __CTOR_LIST__ = .
 *crtbegin.o(.ctors)
 *(EXCLUDE_FILE(*crtend.o) .ctors)
 *(SORT(.ctors.*))
 *(.ctors)
                0x00004ccc                __CTOR_END__ = .

.dtors          0x00004ccc        0x0
                0x00004ccc                __DTOR_LIST__ = .
 *crtbegin.o(.dtors)
 *(EXCLUDE_FILE(*crtend.o) .dtors)
 *(SORT(.dtors.*))
 *(.dtors)
                0x00004ccc                __DTOR_END__ = .

.preinit_array  0x00004ccc        0x0
                0x00004ccc                PROVIDE (__preinit_array_start, .)
 *(.preinit_array*)
                0x00004ccc                PROVIDE (__preinit_array_end, .)

.init_array     0x00004ccc        0x4
                0x00004ccc                PROVIDE (__init_array_start, .)
 *(SORT(.init_array.*))
 *(.init_array*)
 .init_array    0x00004ccc        0x4 c:/freescale/kds_3.0.0/toolchain/bin/../lib/gcc/arm-none-eabi/4.8.4/armv7e-m/fpu/crtbegin.o
                0x00004cd0                PROVIDE (__init_array_end, .)

.fini_array     0x00004cd0        0x4
                0x00004cd0                PROVIDE (__fini_array_start, .)
 *(SORT(.fini_array.*))
 *(.fini_array*)
 .fini_array    0x00004cd0        0x4 c:/freescale/kds_3.0.0/toolchain/bin/../lib/gcc/arm-none-eabi/4.8.4/armv7e-m/fpu/crtbegin.o
                0x00004cd4                PROVIDE (__fini_array_end, .)
                0x00004cd4                ___ROM_AT = .

.data           0x1fff0000       0x70 load address 0x00004cd4
                0x1fff0000                . = ALIGN (0x4)
                0x1fff0000                _sdata = .
 *(.data)
 *(.data*)
 .data.SlaveDeviceAddress
                0x1fff0000        0x1 ./Sources/I2C.o
 *fill*         0x1fff0001        0x3 
 .data.freq.7496
                0x1fff0004        0x4 ./Sources/main.o
 .data.__fdlib_version
                0x1fff0008        0x1 c:/freescale/kds_3.0.0/toolchain/bin/../lib/gcc/arm-none-eabi/4.8.4/../../../../arm-none-eabi/lib/armv7e-m/fpu\libm.a(lib_a-s_lib_ver.o)
                0x1fff0008                __fdlib_version
 *fill*         0x1fff0009        0x3 
 .data.impure_data
                0x1fff000c       0x60 c:/freescale/kds_3.0.0/toolchain/bin/../lib/gcc/arm-none-eabi/4.8.4/../../../../arm-none-eabi/lib/armv7e-m/fpu\libg_s.a(lib_a-impure.o)
 .data._impure_ptr
                0x1fff006c        0x4 c:/freescale/kds_3.0.0/toolchain/bin/../lib/gcc/arm-none-eabi/4.8.4/../../../../arm-none-eabi/lib/armv7e-m/fpu\libg_s.a(lib_a-impure.o)
                0x1fff006c                _impure_ptr
                0x1fff0070                . = ALIGN (0x4)
                0x1fff0070                _edata = .
                0x00000070                ___data_size = (_edata - _sdata)
                0x00004d44                ___m_data_20000000_ROMStart = (___ROM_AT + SIZEOF (.data))

.jcr            0x1fff0070        0x0 load address 0x00004d44
 .jcr           0x1fff0070        0x0 c:/freescale/kds_3.0.0/toolchain/bin/../lib/gcc/arm-none-eabi/4.8.4/armv7e-m/fpu/crtbegin.o

.igot.plt       0x1fff0070        0x0 load address 0x00004d44
 .igot.plt      0x00000000        0x0 c:/freescale/kds_3.0.0/toolchain/bin/../lib/gcc/arm-none-eabi/4.8.4/armv7e-m/fpu/crtbegin.o

.m_data_20000000
                0x20000000        0x0 load address 0x00004d44
                0x20000000                . = ALIGN (0x4)
                0x20000000                ___m_data_20000000_RAMStart = .
 *(.m_data_20000000)
                0x20000000                ___m_data_20000000_RAMEnd = .
                0x20000000                . = ALIGN (0x4)
                0x00000000                ___m_data_20000000_ROMSize = (___m_data_20000000_RAMEnd - ___m_data_20000000_RAMStart)
                0x20000000                . = ALIGN (0x4)

.bss            0x1fff0070     0x4294 load address 0x00004d48
                0x1fff0070                __START_BSS = .
                0x1fff0070                PROVIDE (__bss_start__, __START_BSS)
 *(.bss)
 .bss           0x1fff0070       0x1c c:/freescale/kds_3.0.0/toolchain/bin/../lib/gcc/arm-none-eabi/4.8.4/armv7e-m/fpu/crtbegin.o
 *(.bss*)
 .bss.UserSemaphore
                0x1fff008c       0x20 ./Sources/FTM.o
 .bss.occupiedBytes.5650
                0x1fff00ac        0x1 ./Sources/Flash.o
 *fill*         0x1fff00ad        0x3 
 .bss.ReadCompleteSemaphore
                0x1fff00b0        0x4 ./Sources/I2C.o
 .bss.I2CAccess
                0x1fff00b4        0x4 ./Sources/I2C.o
 .bss.SlaveDeviceReadAddress
                0x1fff00b8        0x1 ./Sources/I2C.o
 .bss.NbBytes   0x1fff00b9        0x1 ./Sources/I2C.o
 *fill*         0x1fff00ba        0x2 
 .bss.DataPtr   0x1fff00bc        0x4 ./Sources/I2C.o
 .bss.stage.6670
                0x1fff00c0        0x1 ./Sources/I2C.o
 .bss.readCount.6671
                0x1fff00c1        0x1 ./Sources/I2C.o
 *fill*         0x1fff00c2        0x2 
 .bss.ModuleClk
                0x1fff00c4        0x4 ./Sources/PIT.o
 .bss.UserSemaphore
                0x1fff00c8        0x4 ./Sources/PIT.o
 .bss.ReadSemaphore
                0x1fff00cc        0x4 ./Sources/RTC.o
 .bss.RxUARTThreadStack
                0x1fff00d0      0x640 ./Sources/UART.o
 .bss.TxUARTThreadStack
                0x1fff0710      0x640 ./Sources/UART.o
 .bss.DataReadySemaphore
                0x1fff0d50        0x4 ./Sources/accel.o
 .bss.RMS       0x1fff0d54        0xc ./Sources/main.o
 .bss.LEDOffSemaphore
                0x1fff0d60        0x4 ./Sources/main.o
 .bss.RTCReadSemaphore
                0x1fff0d64        0x4 ./Sources/main.o
 .bss.AlarmSemaphore
                0x1fff0d68        0x4 ./Sources/main.o
 .bss.NewADCDataSemaphore
                0x1fff0d6c        0x4 ./Sources/main.o
 .bss.InitModulesThreadStack
                0x1fff0d70      0x640 ./Sources/main.o
 .bss.RTCThreadStack
                0x1fff13b0      0x640 ./Sources/main.o
 .bss.FTMLEDsOffThreadStack
                0x1fff19f0      0x640 ./Sources/main.o
 .bss.ADCDataProcessThreadStack
                0x1fff2030      0x640 ./Sources/main.o
 .bss.AlarmThreadStack
                0x1fff2670      0x640 ./Sources/main.o
 .bss.PacketThreadStack
                0x1fff2cb0      0x640 ./Sources/main.o
 .bss.PacketPutAccess
                0x1fff32f0        0x4 ./Sources/packet.o
 .bss.SR_lock   0x1fff32f4        0x1 ./Generated_Code/Cpu.o
                0x1fff32f4                SR_lock
 *fill*         0x1fff32f5        0x3 
 .bss.TCBUnusedMain
                0x1fff32f8       0x18 D:\Embedded Software\es18aut13\Project\Library\libOS.a(OS.o)
 .bss.TCBTable  0x1fff3310      0x300 D:\Embedded Software\es18aut13\Project\Library\libOS.a(OS.o)
 .bss.pTCBFreeList
                0x1fff3610        0x4 D:\Embedded Software\es18aut13\Project\Library\libOS.a(OS.o)
 .bss.pTCBAllocatedList
                0x1fff3614        0x4 D:\Embedded Software\es18aut13\Project\Library\libOS.a(OS.o)
 .bss.pTCBPriorityTable
                0x1fff3618       0x80 D:\Embedded Software\es18aut13\Project\Library\libOS.a(OS.o)
 .bss.pTCBRunning
                0x1fff3698        0x4 D:\Embedded Software\es18aut13\Project\Library\libOS.a(OS.o)
 .bss.pTCBHighestReady
                0x1fff369c        0x4 D:\Embedded Software\es18aut13\Project\Library\libOS.a(OS.o)
 .bss.ReadyList
                0x1fff36a0        0x4 D:\Embedded Software\es18aut13\Project\Library\libOS.a(OS.o)
 .bss.ECBTable  0x1fff36a4      0x100 D:\Embedded Software\es18aut13\Project\Library\libOS.a(OS.o)
 .bss.NextECBFree
                0x1fff37a4        0x1 D:\Embedded Software\es18aut13\Project\Library\libOS.a(OS.o)
 *fill*         0x1fff37a5        0x3 
 .bss.IdleCounter
                0x1fff37a8        0x4 D:\Embedded Software\es18aut13\Project\Library\libOS.a(OS.o)
 *fill*         0x1fff37ac        0x4 
 .bss.IdleStack
                0x1fff37b0      0x400 D:\Embedded Software\es18aut13\Project\Library\libOS.a(OS.o)
 .bss.Ticks     0x1fff3bb0        0x4 D:\Embedded Software\es18aut13\Project\Library\libOS.a(OS.o)
 .bss.ToggleCntr
                0x1fff3bb4        0x4 D:\Embedded Software\es18aut13\Project\Library\libOS.a(OS.o)
 .bss.ToggleLED
                0x1fff3bb8        0x1 D:\Embedded Software\es18aut13\Project\Library\libOS.a(OS.o)
 .bss.ISRNestLevel
                0x1fff3bb9        0x1 D:\Embedded Software\es18aut13\Project\Library\libOS.a(OS.o)
 *fill*         0x1fff3bba        0x2 
 .bss.ADCCommandUnion
                0x1fff3bbc        0x4 D:\Embedded Software\es18aut13\Project\Library\libAnalog.a(analog.o)
 *(COMMON)
 COMMON         0x1fff3bc0      0x424 ./Sources/UART.o
                0x1fff3bc0                DummyRead
                0x1fff3bc4                TxFIFO
                0x1fff3dd0                RxFIFO
                0x1fff3fdc                RxUARTSemaphore
                0x1fff3fe0                TxUARTSemaphore
 COMMON         0x1fff3fe4      0x312 ./Sources/main.o
                0x1fff3fe4                NvTowerMd
                0x1fff3fe8                NvAlarmCount
                0x1fff3fec                NvTowerNb
                0x1fff3ff0                VoltageSamples
 *fill*         0x1fff42f6        0x2 
 COMMON         0x1fff42f8        0x5 ./Sources/packet.o
                0x1fff42f8                Packet
 COMMON         0x1fff42fd        0x1 ./Generated_Code/Cpu.o
                0x1fff42fd                SR_reg
 *fill*         0x1fff42fe        0x2 
 COMMON         0x1fff4300        0x4 D:\Embedded Software\es18aut13\Project\Library\libAnalog.a(analog.o)
                0x1fff4300                DACInput
                0x1fff4304                . = ALIGN (0x4)
                0x1fff4304                __END_BSS = .
                0x1fff4304                PROVIDE (__bss_end__, __END_BSS)
                0x00004d44                _romp_at = ((___ROM_AT + SIZEOF (.data)) + SIZEOF (.m_data_20000000))

.romp           0x1fff4304       0x24 load address 0x00004d44
                0x00004d44                __S_romp = _romp_at
                0x1fff4304        0x4 LONG 0x4cd4 ___ROM_AT
                0x1fff4308        0x4 LONG 0x1fff0000 _sdata
                0x1fff430c        0x4 LONG 0x70 ___data_size
                0x1fff4310        0x4 LONG 0x4d44 ___m_data_20000000_ROMStart
                0x1fff4314        0x4 LONG 0x20000000 ___m_data_20000000_RAMStart
                0x1fff4318        0x4 LONG 0x0 ___m_data_20000000_ROMSize
                0x1fff431c        0x4 LONG 0x0
                0x1fff4320        0x4 LONG 0x0
                0x1fff4324        0x4 LONG 0x0

._user_heap_stack
                0x1fff4328      0x400 load address 0x00004d68
                0x1fff4328                . = ALIGN (0x4)
                0x1fff4328                PROVIDE (end, .)
                0x1fff4328                PROVIDE (_end, .)
                0x1fff4328                __heap_addr = .
                0x1fff4328                __HeapBase = .
                0x1fff4328                . = (. + __heap_size)
                0x1fff4328                __HeapLimit = .
                0x1fff4728                . = (. + __stack_size)
 *fill*         0x1fff4328      0x400 
                0x1fff4728                . = ALIGN (0x4)

.ARM.attributes
                0x00000000       0x30
 *(.ARM.attributes)
 .ARM.attributes
                0x00000000       0x22 c:/freescale/kds_3.0.0/toolchain/bin/../lib/gcc/arm-none-eabi/4.8.4/armv7e-m/fpu/crti.o
 .ARM.attributes
                0x00000022       0x34 c:/freescale/kds_3.0.0/toolchain/bin/../lib/gcc/arm-none-eabi/4.8.4/armv7e-m/fpu/crtbegin.o
 .ARM.attributes
                0x00000056       0x20 c:/freescale/kds_3.0.0/toolchain/bin/../lib/gcc/arm-none-eabi/4.8.4/../../../../arm-none-eabi/lib/armv7e-m/fpu/crt0.o
 .ARM.attributes
                0x00000076       0x39 ./Sources/FIFO.o
 .ARM.attributes
                0x000000af       0x39 ./Sources/FTM.o
 .ARM.attributes
                0x000000e8       0x39 ./Sources/Flash.o
 .ARM.attributes
                0x00000121       0x39 ./Sources/I2C.o
 .ARM.attributes
                0x0000015a       0x39 ./Sources/LEDs.o
 .ARM.attributes
                0x00000193       0x39 ./Sources/PIT.o
 .ARM.attributes
                0x000001cc       0x39 ./Sources/RTC.o
 .ARM.attributes
                0x00000205       0x39 ./Sources/UART.o
 .ARM.attributes
                0x0000023e       0x39 ./Sources/accel.o
 .ARM.attributes
                0x00000277       0x39 ./Sources/main.o
 .ARM.attributes
                0x000002b0       0x39 ./Sources/packet.o
 .ARM.attributes
                0x000002e9       0x39 ./Project_Settings/Startup_Code/startup.o
 .ARM.attributes
                0x00000322       0x39 ./Generated_Code/Cpu.o
 .ARM.attributes
                0x0000035b       0x39 ./Generated_Code/Vectors.o
 .ARM.attributes
                0x00000394       0x39 D:\Embedded Software\es18aut13\Project\Library\libOS.a(OS.o)
 .ARM.attributes
                0x000003cd       0x39 D:\Embedded Software\es18aut13\Project\Library\libAnalog.a(analog.o)
 .ARM.attributes
                0x00000406       0x39 D:\Embedded Software\es18aut13\Project\Library\libAnalog.a(SPI.o)
 .ARM.attributes
                0x0000043f       0x34 c:/freescale/kds_3.0.0/toolchain/bin/../lib/gcc/arm-none-eabi/4.8.4/../../../../arm-none-eabi/lib/armv7e-m/fpu\libm.a(lib_a-wf_sqrt.o)
 .ARM.attributes
                0x00000473       0x34 c:/freescale/kds_3.0.0/toolchain/bin/../lib/gcc/arm-none-eabi/4.8.4/../../../../arm-none-eabi/lib/armv7e-m/fpu\libm.a(lib_a-ef_sqrt.o)
 .ARM.attributes
                0x000004a7       0x34 c:/freescale/kds_3.0.0/toolchain/bin/../lib/gcc/arm-none-eabi/4.8.4/../../../../arm-none-eabi/lib/armv7e-m/fpu\libm.a(lib_a-s_lib_ver.o)
 .ARM.attributes
                0x000004db       0x34 c:/freescale/kds_3.0.0/toolchain/bin/../lib/gcc/arm-none-eabi/4.8.4/../../../../arm-none-eabi/lib/armv7e-m/fpu\libm.a(lib_a-s_matherr.o)
 .ARM.attributes
                0x0000050f       0x34 c:/freescale/kds_3.0.0/toolchain/bin/../lib/gcc/arm-none-eabi/4.8.4/../../../../arm-none-eabi/lib/armv7e-m/fpu\libm.a(lib_a-sf_fpclassify.o)
 .ARM.attributes
                0x00000543       0x22 c:/freescale/kds_3.0.0/toolchain/bin/../lib/gcc/arm-none-eabi/4.8.4/armv7e-m/fpu\libgcc.a(_arm_addsubdf3.o)
 .ARM.attributes
                0x00000565       0x22 c:/freescale/kds_3.0.0/toolchain/bin/../lib/gcc/arm-none-eabi/4.8.4/armv7e-m/fpu\libgcc.a(_arm_muldivdf3.o)
 .ARM.attributes
                0x00000587       0x22 c:/freescale/kds_3.0.0/toolchain/bin/../lib/gcc/arm-none-eabi/4.8.4/armv7e-m/fpu\libgcc.a(_arm_truncdfsf2.o)
 .ARM.attributes
                0x000005a9       0x22 c:/freescale/kds_3.0.0/toolchain/bin/../lib/gcc/arm-none-eabi/4.8.4/armv7e-m/fpu\libgcc.a(_aeabi_ldivmod.o)
 .ARM.attributes
                0x000005cb       0x34 c:/freescale/kds_3.0.0/toolchain/bin/../lib/gcc/arm-none-eabi/4.8.4/armv7e-m/fpu\libgcc.a(bpabi.o)
 .ARM.attributes
                0x000005ff       0x22 c:/freescale/kds_3.0.0/toolchain/bin/../lib/gcc/arm-none-eabi/4.8.4/armv7e-m/fpu\libgcc.a(_dvmd_tls.o)
 .ARM.attributes
                0x00000621       0x34 c:/freescale/kds_3.0.0/toolchain/bin/../lib/gcc/arm-none-eabi/4.8.4/armv7e-m/fpu\libgcc.a(_divdi3.o)
 .ARM.attributes
                0x00000655       0x34 c:/freescale/kds_3.0.0/toolchain/bin/../lib/gcc/arm-none-eabi/4.8.4/armv7e-m/fpu\libgcc.a(_udivdi3.o)
 .ARM.attributes
                0x00000689       0x34 c:/freescale/kds_3.0.0/toolchain/bin/../lib/gcc/arm-none-eabi/4.8.4/../../../../arm-none-eabi/lib/armv7e-m/fpu\libg_s.a(lib_a-errno.o)
 .ARM.attributes
                0x000006bd       0x34 c:/freescale/kds_3.0.0/toolchain/bin/../lib/gcc/arm-none-eabi/4.8.4/../../../../arm-none-eabi/lib/armv7e-m/fpu\libg_s.a(lib_a-exit.o)
 .ARM.attributes
                0x000006f1       0x34 c:/freescale/kds_3.0.0/toolchain/bin/../lib/gcc/arm-none-eabi/4.8.4/../../../../arm-none-eabi/lib/armv7e-m/fpu\libg_s.a(lib_a-impure.o)
 .ARM.attributes
                0x00000725       0x34 c:/freescale/kds_3.0.0/toolchain/bin/../lib/gcc/arm-none-eabi/4.8.4/../../../../arm-none-eabi/lib/armv7e-m/fpu\libg_s.a(lib_a-init.o)
 .ARM.attributes
                0x00000759       0x34 c:/freescale/kds_3.0.0/toolchain/bin/../lib/gcc/arm-none-eabi/4.8.4/../../../../arm-none-eabi/lib/armv7e-m/fpu\libg_s.a(lib_a-memcpy-stub.o)
 .ARM.attributes
                0x0000078d       0x34 c:/freescale/kds_3.0.0/toolchain/bin/../lib/gcc/arm-none-eabi/4.8.4/../../../../arm-none-eabi/lib/armv7e-m/fpu\libg_s.a(lib_a-memset.o)
 .ARM.attributes
                0x000007c1       0x34 c:/freescale/kds_3.0.0/toolchain/bin/../lib/gcc/arm-none-eabi/4.8.4/../../../../arm-none-eabi/lib/armv7e-m/fpu\libnosys.a(_exit.o)
 .ARM.attributes
                0x000007f5       0x22 c:/freescale/kds_3.0.0/toolchain/bin/../lib/gcc/arm-none-eabi/4.8.4/armv7e-m/fpu/crtn.o
OUTPUT(Project.elf elf32-littlearm)

.debug_info     0x00000000     0x7947
 .debug_info    0x00000000      0x20b ./Sources/FIFO.o
 .debug_info    0x0000020b      0x797 ./Sources/FTM.o
 .debug_info    0x000009a2      0x671 ./Sources/Flash.o
 .debug_info    0x00001013      0x8fb ./Sources/I2C.o
 .debug_info    0x0000190e      0x490 ./Sources/LEDs.o
 .debug_info    0x00001d9e      0x65e ./Sources/PIT.o
 .debug_info    0x000023fc      0x632 ./Sources/RTC.o
 .debug_info    0x00002a2e      0xa80 ./Sources/UART.o
 .debug_info    0x000034ae      0x9af ./Sources/accel.o
 .debug_info    0x00003e5d      0xade ./Sources/main.o
 .debug_info    0x0000493b      0x2ff ./Sources/packet.o
 .debug_info    0x00004c3a      0x3b0 ./Project_Settings/Startup_Code/startup.o
 .debug_info    0x00004fea      0xc82 ./Generated_Code/Cpu.o
 .debug_info    0x00005c6c      0x10f ./Generated_Code/Vectors.o
 .debug_info    0x00005d7b      0xd02 D:\Embedded Software\es18aut13\Project\Library\libOS.a(OS.o)
 .debug_info    0x00006a7d      0x46a D:\Embedded Software\es18aut13\Project\Library\libAnalog.a(analog.o)
 .debug_info    0x00006ee7      0xa60 D:\Embedded Software\es18aut13\Project\Library\libAnalog.a(SPI.o)

.debug_abbrev   0x00000000     0x1bd1
 .debug_abbrev  0x00000000       0xce ./Sources/FIFO.o
 .debug_abbrev  0x000000ce      0x1d2 ./Sources/FTM.o
 .debug_abbrev  0x000002a0      0x1cc ./Sources/Flash.o
 .debug_abbrev  0x0000046c      0x1fb ./Sources/I2C.o
 .debug_abbrev  0x00000667      0x144 ./Sources/LEDs.o
 .debug_abbrev  0x000007ab      0x1a2 ./Sources/PIT.o
 .debug_abbrev  0x0000094d      0x168 ./Sources/RTC.o
 .debug_abbrev  0x00000ab5      0x232 ./Sources/UART.o
 .debug_abbrev  0x00000ce7      0x207 ./Sources/accel.o
 .debug_abbrev  0x00000eee      0x227 ./Sources/main.o
 .debug_abbrev  0x00001115       0xec ./Sources/packet.o
 .debug_abbrev  0x00001201      0x189 ./Project_Settings/Startup_Code/startup.o
 .debug_abbrev  0x0000138a      0x185 ./Generated_Code/Cpu.o
 .debug_abbrev  0x0000150f       0xa4 ./Generated_Code/Vectors.o
 .debug_abbrev  0x000015b3      0x2f8 D:\Embedded Software\es18aut13\Project\Library\libOS.a(OS.o)
 .debug_abbrev  0x000018ab      0x151 D:\Embedded Software\es18aut13\Project\Library\libAnalog.a(analog.o)
 .debug_abbrev  0x000019fc      0x1d5 D:\Embedded Software\es18aut13\Project\Library\libAnalog.a(SPI.o)

.debug_aranges  0x00000000      0x538
 .debug_aranges
                0x00000000       0x30 ./Sources/FIFO.o
 .debug_aranges
                0x00000030       0x38 ./Sources/FTM.o
 .debug_aranges
                0x00000068       0x60 ./Sources/Flash.o
 .debug_aranges
                0x000000c8       0x70 ./Sources/I2C.o
 .debug_aranges
                0x00000138       0x38 ./Sources/LEDs.o
 .debug_aranges
                0x00000170       0x38 ./Sources/PIT.o
 .debug_aranges
                0x000001a8       0x38 ./Sources/RTC.o
 .debug_aranges
                0x000001e0       0x48 ./Sources/UART.o
 .debug_aranges
                0x00000228       0x38 ./Sources/accel.o
 .debug_aranges
                0x00000260       0xb0 ./Sources/main.o
 .debug_aranges
                0x00000310       0x30 ./Sources/packet.o
 .debug_aranges
                0x00000340       0x50 ./Project_Settings/Startup_Code/startup.o
 .debug_aranges
                0x00000390       0x38 ./Generated_Code/Cpu.o
 .debug_aranges
                0x000003c8       0x18 ./Generated_Code/Vectors.o
 .debug_aranges
                0x000003e0       0xc8 D:\Embedded Software\es18aut13\Project\Library\libOS.a(OS.o)
 .debug_aranges
                0x000004a8       0x38 D:\Embedded Software\es18aut13\Project\Library\libAnalog.a(analog.o)
 .debug_aranges
                0x000004e0       0x58 D:\Embedded Software\es18aut13\Project\Library\libAnalog.a(SPI.o)

.debug_ranges   0x00000000      0x420
 .debug_ranges  0x00000000       0x20 ./Sources/FIFO.o
 .debug_ranges  0x00000020       0x28 ./Sources/FTM.o
 .debug_ranges  0x00000048       0x50 ./Sources/Flash.o
 .debug_ranges  0x00000098       0x60 ./Sources/I2C.o
 .debug_ranges  0x000000f8       0x28 ./Sources/LEDs.o
 .debug_ranges  0x00000120       0x28 ./Sources/PIT.o
 .debug_ranges  0x00000148       0x28 ./Sources/RTC.o
 .debug_ranges  0x00000170       0x38 ./Sources/UART.o
 .debug_ranges  0x000001a8       0x28 ./Sources/accel.o
 .debug_ranges  0x000001d0       0xa0 ./Sources/main.o
 .debug_ranges  0x00000270       0x20 ./Sources/packet.o
 .debug_ranges  0x00000290       0x40 ./Project_Settings/Startup_Code/startup.o
 .debug_ranges  0x000002d0       0x28 ./Generated_Code/Cpu.o
 .debug_ranges  0x000002f8       0xb8 D:\Embedded Software\es18aut13\Project\Library\libOS.a(OS.o)
 .debug_ranges  0x000003b0       0x28 D:\Embedded Software\es18aut13\Project\Library\libAnalog.a(analog.o)
 .debug_ranges  0x000003d8       0x48 D:\Embedded Software\es18aut13\Project\Library\libAnalog.a(SPI.o)

.debug_macro    0x00000000    0x1a945
 .debug_macro   0x00000000       0xb5 ./Sources/FIFO.o
 .debug_macro   0x000000b5       0x22 ./Sources/FIFO.o
 .debug_macro   0x000000d7       0x36 ./Sources/FIFO.o
 .debug_macro   0x0000010d     0x1800 ./Sources/FIFO.o
 .debug_macro   0x0000190d       0xaf ./Sources/FTM.o
 .debug_macro   0x000019bc       0x7c ./Sources/Flash.o
 .debug_macro   0x00001a38       0x16 ./Sources/Flash.o
 .debug_macro   0x00001a4e    0x174af ./Sources/Flash.o
 .debug_macro   0x00018efd       0x2e ./Sources/Flash.o
 .debug_macro   0x00018f2b       0xb3 ./Sources/I2C.o
 .debug_macro   0x00018fde       0x73 ./Sources/LEDs.o
 .debug_macro   0x00019051       0xc8 ./Sources/PIT.o
 .debug_macro   0x00019119       0x10 ./Sources/PIT.o
 .debug_macro   0x00019129       0xaf ./Sources/RTC.o
 .debug_macro   0x000191d8       0xc9 ./Sources/UART.o
 .debug_macro   0x000192a1      0x217 ./Sources/accel.o
 .debug_macro   0x000194b8       0x9a ./Sources/accel.o
 .debug_macro   0x00019552      0x1e6 ./Sources/main.o
 .debug_macro   0x00019738       0x10 ./Sources/main.o
 .debug_macro   0x00019748       0x3a ./Sources/main.o
 .debug_macro   0x00019782       0x58 ./Sources/main.o
 .debug_macro   0x000197da       0x35 ./Sources/main.o
 .debug_macro   0x0001980f       0xa3 ./Sources/main.o
 .debug_macro   0x000198b2      0x166 ./Sources/main.o
 .debug_macro   0x00019a18       0x52 ./Sources/main.o
 .debug_macro   0x00019a6a       0x16 ./Sources/main.o
 .debug_macro   0x00019a80       0x43 ./Sources/main.o
 .debug_macro   0x00019ac3      0x180 ./Sources/main.o
 .debug_macro   0x00019c43       0xde ./Sources/main.o
 .debug_macro   0x00019d21       0xce ./Sources/packet.o
 .debug_macro   0x00019def      0x121 ./Project_Settings/Startup_Code/startup.o
 .debug_macro   0x00019f10       0x4a ./Project_Settings/Startup_Code/startup.o
 .debug_macro   0x00019f5a      0x2a6 ./Project_Settings/Startup_Code/startup.o
 .debug_macro   0x0001a200       0x10 ./Project_Settings/Startup_Code/startup.o
 .debug_macro   0x0001a210       0x35 ./Project_Settings/Startup_Code/startup.o
 .debug_macro   0x0001a245       0x16 ./Project_Settings/Startup_Code/startup.o
 .debug_macro   0x0001a25b       0x22 ./Project_Settings/Startup_Code/startup.o
 .debug_macro   0x0001a27d      0x20f ./Project_Settings/Startup_Code/startup.o
 .debug_macro   0x0001a48c       0x84 ./Generated_Code/Cpu.o
 .debug_macro   0x0001a510       0xa0 ./Generated_Code/Cpu.o
 .debug_macro   0x0001a5b0       0xf1 ./Generated_Code/Vectors.o
 .debug_macro   0x0001a6a1       0xa3 D:\Embedded Software\es18aut13\Project\Library\libOS.a(OS.o)
 .debug_macro   0x0001a744       0x94 D:\Embedded Software\es18aut13\Project\Library\libOS.a(OS.o)
 .debug_macro   0x0001a7d8       0xf5 D:\Embedded Software\es18aut13\Project\Library\libAnalog.a(analog.o)
 .debug_macro   0x0001a8cd       0x10 D:\Embedded Software\es18aut13\Project\Library\libAnalog.a(analog.o)
 .debug_macro   0x0001a8dd       0x68 D:\Embedded Software\es18aut13\Project\Library\libAnalog.a(SPI.o)

.debug_line     0x00000000     0x3755
 .debug_line    0x00000000      0x2bc ./Sources/FIFO.o
 .debug_line    0x000002bc      0x2fe ./Sources/FTM.o
 .debug_line    0x000005ba      0x2d0 ./Sources/Flash.o
 .debug_line    0x0000088a      0x3f0 ./Sources/I2C.o
 .debug_line    0x00000c7a      0x222 ./Sources/LEDs.o
 .debug_line    0x00000e9c      0x337 ./Sources/PIT.o
 .debug_line    0x000011d3      0x2e1 ./Sources/RTC.o
 .debug_line    0x000014b4      0x338 ./Sources/UART.o
 .debug_line    0x000017ec      0x321 ./Sources/accel.o
 .debug_line    0x00001b0d      0x69f ./Sources/main.o
 .debug_line    0x000021ac      0x2d5 ./Sources/packet.o
 .debug_line    0x00002481      0x440 ./Project_Settings/Startup_Code/startup.o
 .debug_line    0x000028c1      0x278 ./Generated_Code/Cpu.o
 .debug_line    0x00002b39      0x2b3 ./Generated_Code/Vectors.o
 .debug_line    0x00002dec      0x496 D:\Embedded Software\es18aut13\Project\Library\libOS.a(OS.o)
 .debug_line    0x00003282      0x200 D:\Embedded Software\es18aut13\Project\Library\libAnalog.a(analog.o)
 .debug_line    0x00003482      0x2d3 D:\Embedded Software\es18aut13\Project\Library\libAnalog.a(SPI.o)

.debug_str      0x00000000    0x900c1
 .debug_str     0x00000000    0x8a67a ./Sources/FIFO.o
                              0x8a7f8 (size before relaxing)
 .debug_str     0x0008a67a      0x3b0 ./Sources/FTM.o
                              0x8ab3b (size before relaxing)
 .debug_str     0x0008aa2a      0x3a5 ./Sources/Flash.o
                              0x83117 (size before relaxing)
 .debug_str     0x0008adcf      0x222 ./Sources/I2C.o
                              0x8ab01 (size before relaxing)
 .debug_str     0x0008aff1       0xa6 ./Sources/LEDs.o
                              0x82efd (size before relaxing)
 .debug_str     0x0008b097      0x122 ./Sources/PIT.o
                              0x8aa17 (size before relaxing)
 .debug_str     0x0008b1b9       0x9d ./Sources/RTC.o
                              0x8a966 (size before relaxing)
 .debug_str     0x0008b256      0x24b ./Sources/UART.o
                              0x8abc0 (size before relaxing)
 .debug_str     0x0008b4a1      0xa39 ./Sources/accel.o
                              0x8b4ed (size before relaxing)
 .debug_str     0x0008beda     0x2140 ./Sources/main.o
                              0x8ce77 (size before relaxing)
 .debug_str     0x0008e01a       0x4f ./Sources/packet.o
                              0x8aa9d (size before relaxing)
 .debug_str     0x0008e069     0x11ad ./Project_Settings/Startup_Code/startup.o
                              0x85426 (size before relaxing)
 .debug_str     0x0008f216      0x1e3 ./Generated_Code/Cpu.o
                              0x8aa1e (size before relaxing)
 .debug_str     0x0008f3f9       0x1c ./Generated_Code/Vectors.o
                              0x8a7ed (size before relaxing)
 .debug_str     0x0008f415      0x3ab D:\Embedded Software\es18aut13\Project\Library\libOS.a(OS.o)
                              0x8ad2a (size before relaxing)
 .debug_str     0x0008f7c0      0x564 D:\Embedded Software\es18aut13\Project\Library\libAnalog.a(analog.o)
                               0x3866 (size before relaxing)
 .debug_str     0x0008fd24      0x39d D:\Embedded Software\es18aut13\Project\Library\libAnalog.a(SPI.o)
                              0x83389 (size before relaxing)

.comment        0x00000000       0x70
 .comment       0x00000000       0x70 ./Sources/FIFO.o
                                 0x71 (size before relaxing)
 .comment       0x00000000       0x71 ./Sources/FTM.o
 .comment       0x00000000       0x71 ./Sources/Flash.o
 .comment       0x00000000       0x71 ./Sources/I2C.o
 .comment       0x00000000       0x71 ./Sources/LEDs.o
 .comment       0x00000000       0x71 ./Sources/PIT.o
 .comment       0x00000000       0x71 ./Sources/RTC.o
 .comment       0x00000000       0x71 ./Sources/UART.o
 .comment       0x00000000       0x71 ./Sources/accel.o
 .comment       0x00000000       0x71 ./Sources/main.o
 .comment       0x00000000       0x71 ./Sources/packet.o
 .comment       0x00000000       0x71 ./Project_Settings/Startup_Code/startup.o
 .comment       0x00000000       0x71 ./Generated_Code/Cpu.o
 .comment       0x00000000       0x71 ./Generated_Code/Vectors.o
 .comment       0x00000000       0x71 D:\Embedded Software\es18aut13\Project\Library\libOS.a(OS.o)
 .comment       0x00000000       0x71 D:\Embedded Software\es18aut13\Project\Library\libAnalog.a(analog.o)
 .comment       0x00000000       0x71 D:\Embedded Software\es18aut13\Project\Library\libAnalog.a(SPI.o)

.debug_frame    0x00000000     0x10d8
 .debug_frame   0x00000000       0x70 ./Sources/FIFO.o
 .debug_frame   0x00000070       0x88 ./Sources/FTM.o
 .debug_frame   0x000000f8      0x128 ./Sources/Flash.o
 .debug_frame   0x00000220      0x148 ./Sources/I2C.o
 .debug_frame   0x00000368       0x7c ./Sources/LEDs.o
 .debug_frame   0x000003e4       0x8c ./Sources/PIT.o
 .debug_frame   0x00000470       0x8c ./Sources/RTC.o
 .debug_frame   0x000004fc       0xd4 ./Sources/UART.o
 .debug_frame   0x000005d0       0x94 ./Sources/accel.o
 .debug_frame   0x00000664      0x264 ./Sources/main.o
 .debug_frame   0x000008c8       0x70 ./Sources/packet.o
 .debug_frame   0x00000938       0xc0 ./Project_Settings/Startup_Code/startup.o
 .debug_frame   0x000009f8       0x80 ./Generated_Code/Cpu.o
 .debug_frame   0x00000a78      0x2a0 D:\Embedded Software\es18aut13\Project\Library\libOS.a(OS.o)
 .debug_frame   0x00000d18       0x90 D:\Embedded Software\es18aut13\Project\Library\libAnalog.a(analog.o)
 .debug_frame   0x00000da8      0x100 D:\Embedded Software\es18aut13\Project\Library\libAnalog.a(SPI.o)
 .debug_frame   0x00000ea8       0x30 c:/freescale/kds_3.0.0/toolchain/bin/../lib/gcc/arm-none-eabi/4.8.4/../../../../arm-none-eabi/lib/armv7e-m/fpu\libm.a(lib_a-wf_sqrt.o)
 .debug_frame   0x00000ed8       0x2c c:/freescale/kds_3.0.0/toolchain/bin/../lib/gcc/arm-none-eabi/4.8.4/../../../../arm-none-eabi/lib/armv7e-m/fpu\libm.a(lib_a-ef_sqrt.o)
 .debug_frame   0x00000f04       0x20 c:/freescale/kds_3.0.0/toolchain/bin/../lib/gcc/arm-none-eabi/4.8.4/../../../../arm-none-eabi/lib/armv7e-m/fpu\libm.a(lib_a-s_matherr.o)
 .debug_frame   0x00000f24       0x20 c:/freescale/kds_3.0.0/toolchain/bin/../lib/gcc/arm-none-eabi/4.8.4/../../../../arm-none-eabi/lib/armv7e-m/fpu\libm.a(lib_a-sf_fpclassify.o)
 .debug_frame   0x00000f44       0x50 c:/freescale/kds_3.0.0/toolchain/bin/../lib/gcc/arm-none-eabi/4.8.4/armv7e-m/fpu\libgcc.a(bpabi.o)
 .debug_frame   0x00000f94       0x34 c:/freescale/kds_3.0.0/toolchain/bin/../lib/gcc/arm-none-eabi/4.8.4/armv7e-m/fpu\libgcc.a(_divdi3.o)
 .debug_frame   0x00000fc8       0x34 c:/freescale/kds_3.0.0/toolchain/bin/../lib/gcc/arm-none-eabi/4.8.4/armv7e-m/fpu\libgcc.a(_udivdi3.o)
 .debug_frame   0x00000ffc       0x20 c:/freescale/kds_3.0.0/toolchain/bin/../lib/gcc/arm-none-eabi/4.8.4/../../../../arm-none-eabi/lib/armv7e-m/fpu\libg_s.a(lib_a-errno.o)
 .debug_frame   0x0000101c       0x28 c:/freescale/kds_3.0.0/toolchain/bin/../lib/gcc/arm-none-eabi/4.8.4/../../../../arm-none-eabi/lib/armv7e-m/fpu\libg_s.a(lib_a-exit.o)
 .debug_frame   0x00001044       0x2c c:/freescale/kds_3.0.0/toolchain/bin/../lib/gcc/arm-none-eabi/4.8.4/../../../../arm-none-eabi/lib/armv7e-m/fpu\libg_s.a(lib_a-init.o)
 .debug_frame   0x00001070       0x28 c:/freescale/kds_3.0.0/toolchain/bin/../lib/gcc/arm-none-eabi/4.8.4/../../../../arm-none-eabi/lib/armv7e-m/fpu\libg_s.a(lib_a-memcpy-stub.o)
 .debug_frame   0x00001098       0x20 c:/freescale/kds_3.0.0/toolchain/bin/../lib/gcc/arm-none-eabi/4.8.4/../../../../arm-none-eabi/lib/armv7e-m/fpu\libg_s.a(lib_a-memset.o)
 .debug_frame   0x000010b8       0x20 c:/freescale/kds_3.0.0/toolchain/bin/../lib/gcc/arm-none-eabi/4.8.4/../../../../arm-none-eabi/lib/armv7e-m/fpu\libnosys.a(_exit.o)
