Archive member included because of file (symbol)

D:\Embedded Software US\es18aut13\Project\Library\libOS.a(OS.o)
                              ./Sources/main.o (OS_Init)
D:\Embedded Software US\es18aut13\Project\Library\libAnalog.a(analog.o)
                              ./Sources/main.o (Analog_Init)
D:\Embedded Software US\es18aut13\Project\Library\libAnalog.a(SPI.o)
                              D:\Embedded Software US\es18aut13\Project\Library\libAnalog.a(analog.o) (SPI_Init)
c:/freescale/kds_3.0.0/toolchain/bin/../lib/gcc/arm-none-eabi/4.8.4/../../../../arm-none-eabi/lib/armv7e-m/fpu\libm.a(lib_a-wf_sqrt.o)
                              ./Sources/main.o (sqrtf)
c:/freescale/kds_3.0.0/toolchain/bin/../lib/gcc/arm-none-eabi/4.8.4/../../../../arm-none-eabi/lib/armv7e-m/fpu\libm.a(lib_a-ef_sqrt.o)
                              c:/freescale/kds_3.0.0/toolchain/bin/../lib/gcc/arm-none-eabi/4.8.4/../../../../arm-none-eabi/lib/armv7e-m/fpu\libm.a(lib_a-wf_sqrt.o) (__ieee754_sqrtf)
c:/freescale/kds_3.0.0/toolchain/bin/../lib/gcc/arm-none-eabi/4.8.4/../../../../arm-none-eabi/lib/armv7e-m/fpu\libm.a(lib_a-s_lib_ver.o)
                              c:/freescale/kds_3.0.0/toolchain/bin/../lib/gcc/arm-none-eabi/4.8.4/../../../../arm-none-eabi/lib/armv7e-m/fpu\libm.a(lib_a-wf_sqrt.o) (__fdlib_version)
c:/freescale/kds_3.0.0/toolchain/bin/../lib/gcc/arm-none-eabi/4.8.4/../../../../arm-none-eabi/lib/armv7e-m/fpu\libm.a(lib_a-s_matherr.o)
                              c:/freescale/kds_3.0.0/toolchain/bin/../lib/gcc/arm-none-eabi/4.8.4/../../../../arm-none-eabi/lib/armv7e-m/fpu\libm.a(lib_a-wf_sqrt.o) (matherr)
c:/freescale/kds_3.0.0/toolchain/bin/../lib/gcc/arm-none-eabi/4.8.4/../../../../arm-none-eabi/lib/armv7e-m/fpu\libm.a(lib_a-sf_fpclassify.o)
                              c:/freescale/kds_3.0.0/toolchain/bin/../lib/gcc/arm-none-eabi/4.8.4/../../../../arm-none-eabi/lib/armv7e-m/fpu\libm.a(lib_a-wf_sqrt.o) (__fpclassifyf)
c:/freescale/kds_3.0.0/toolchain/bin/../lib/gcc/arm-none-eabi/4.8.4/armv7e-m/fpu\libgcc.a(_arm_addsubdf3.o)
                              c:/freescale/kds_3.0.0/toolchain/bin/../lib/gcc/arm-none-eabi/4.8.4/../../../../arm-none-eabi/lib/armv7e-m/fpu\libm.a(lib_a-wf_sqrt.o) (__aeabi_f2d)
c:/freescale/kds_3.0.0/toolchain/bin/../lib/gcc/arm-none-eabi/4.8.4/armv7e-m/fpu\libgcc.a(_arm_muldivdf3.o)
                              c:/freescale/kds_3.0.0/toolchain/bin/../lib/gcc/arm-none-eabi/4.8.4/../../../../arm-none-eabi/lib/armv7e-m/fpu\libm.a(lib_a-wf_sqrt.o) (__aeabi_ddiv)
c:/freescale/kds_3.0.0/toolchain/bin/../lib/gcc/arm-none-eabi/4.8.4/armv7e-m/fpu\libgcc.a(_arm_truncdfsf2.o)
                              c:/freescale/kds_3.0.0/toolchain/bin/../lib/gcc/arm-none-eabi/4.8.4/../../../../arm-none-eabi/lib/armv7e-m/fpu\libm.a(lib_a-wf_sqrt.o) (__aeabi_d2f)
c:/freescale/kds_3.0.0/toolchain/bin/../lib/gcc/arm-none-eabi/4.8.4/armv7e-m/fpu\libgcc.a(_aeabi_ldivmod.o)
                              ./Sources/main.o (__aeabi_ldivmod)
c:/freescale/kds_3.0.0/toolchain/bin/../lib/gcc/arm-none-eabi/4.8.4/armv7e-m/fpu\libgcc.a(bpabi.o)
                              c:/freescale/kds_3.0.0/toolchain/bin/../lib/gcc/arm-none-eabi/4.8.4/armv7e-m/fpu\libgcc.a(_aeabi_ldivmod.o) (__gnu_ldivmod_helper)
c:/freescale/kds_3.0.0/toolchain/bin/../lib/gcc/arm-none-eabi/4.8.4/armv7e-m/fpu\libgcc.a(_dvmd_tls.o)
                              c:/freescale/kds_3.0.0/toolchain/bin/../lib/gcc/arm-none-eabi/4.8.4/armv7e-m/fpu\libgcc.a(_aeabi_ldivmod.o) (__aeabi_ldiv0)
c:/freescale/kds_3.0.0/toolchain/bin/../lib/gcc/arm-none-eabi/4.8.4/armv7e-m/fpu\libgcc.a(_divdi3.o)
                              c:/freescale/kds_3.0.0/toolchain/bin/../lib/gcc/arm-none-eabi/4.8.4/armv7e-m/fpu\libgcc.a(bpabi.o) (__divdi3)
c:/freescale/kds_3.0.0/toolchain/bin/../lib/gcc/arm-none-eabi/4.8.4/armv7e-m/fpu\libgcc.a(_udivdi3.o)
                              c:/freescale/kds_3.0.0/toolchain/bin/../lib/gcc/arm-none-eabi/4.8.4/armv7e-m/fpu\libgcc.a(bpabi.o) (__udivdi3)
c:/freescale/kds_3.0.0/toolchain/bin/../lib/gcc/arm-none-eabi/4.8.4/../../../../arm-none-eabi/lib/armv7e-m/fpu\libg_s.a(lib_a-errno.o)
                              c:/freescale/kds_3.0.0/toolchain/bin/../lib/gcc/arm-none-eabi/4.8.4/../../../../arm-none-eabi/lib/armv7e-m/fpu\libm.a(lib_a-wf_sqrt.o) (__errno)
c:/freescale/kds_3.0.0/toolchain/bin/../lib/gcc/arm-none-eabi/4.8.4/../../../../arm-none-eabi/lib/armv7e-m/fpu\libg_s.a(lib_a-exit.o)
                              c:/freescale/kds_3.0.0/toolchain/bin/../lib/gcc/arm-none-eabi/4.8.4/../../../../arm-none-eabi/lib/armv7e-m/fpu/crt0.o (exit)
c:/freescale/kds_3.0.0/toolchain/bin/../lib/gcc/arm-none-eabi/4.8.4/../../../../arm-none-eabi/lib/armv7e-m/fpu\libg_s.a(lib_a-impure.o)
                              c:/freescale/kds_3.0.0/toolchain/bin/../lib/gcc/arm-none-eabi/4.8.4/../../../../arm-none-eabi/lib/armv7e-m/fpu\libg_s.a(lib_a-exit.o) (_global_impure_ptr)
[...]
Memory Configuration

Name             Origin             Length             Attributes
m_interrupts     0x00000000         0x000001e8         xr
m_text           0x00000410         0x0007fbf0         xr
m_data           0x1fff0000         0x00010000         rw
m_data_20000000  0x20000000         0x00010000         rw
m_cfmprotrom     0x00000400         0x00000010         xr
*default*        0x00000000         0xffffffff

Linker script and memory map

LOAD c:/freescale/kds_3.0.0/toolchain/bin/../lib/gcc/arm-none-eabi/4.8.4/armv7e-m/fpu/crti.o
LOAD c:/freescale/kds_3.0.0/toolchain/bin/../lib/gcc/arm-none-eabi/4.8.4/armv7e-m/fpu/crtbegin.o
LOAD c:/freescale/kds_3.0.0/toolchain/bin/../lib/gcc/arm-none-eabi/4.8.4/../../../../arm-none-eabi/lib/armv7e-m/fpu/crt0.o
LOAD ./Sources/Events.o
LOAD ./Sources/FIFO.o
LOAD ./Sources/FTM.o
LOAD ./Sources/Flash.o
LOAD ./Sources/I2C.o
LOAD ./Sources/LEDs.o
LOAD ./Sources/PIT.o
LOAD ./Sources/RTC.o
LOAD ./Sources/UART.o
LOAD ./Sources/accel.o
LOAD ./Sources/main.o
LOAD ./Sources/main_sample.o
LOAD ./Sources/median.o
LOAD ./Sources/packet.o
LOAD ./Project_Settings/Startup_Code/startup.o
LOAD ./Generated_Code/Cpu.o
LOAD ./Generated_Code/Vectors.o
LOAD D:\Embedded Software US\es18aut13\Project\Library\libOS.a
LOAD D:\Embedded Software US\es18aut13\Project\Library\libAnalog.a
LOAD c:/freescale/kds_3.0.0/toolchain/bin/../lib/gcc/arm-none-eabi/4.8.4/../../../../arm-none-eabi/lib/armv7e-m/fpu\libstdc++_s.a
LOAD c:/freescale/kds_3.0.0/toolchain/bin/../lib/gcc/arm-none-eabi/4.8.4/../../../../arm-none-eabi/lib/armv7e-m/fpu\libm.a
START GROUP
LOAD c:/freescale/kds_3.0.0/toolchain/bin/../lib/gcc/arm-none-eabi/4.8.4/armv7e-m/fpu\libgcc.a
LOAD c:/freescale/kds_3.0.0/toolchain/bin/../lib/gcc/arm-none-eabi/4.8.4/../../../../arm-none-eabi/lib/armv7e-m/fpu\libg_s.a
LOAD c:/freescale/kds_3.0.0/toolchain/bin/../lib/gcc/arm-none-eabi/4.8.4/../../../../arm-none-eabi/lib/armv7e-m/fpu\libc_s.a
END GROUP
START GROUP
LOAD c:/freescale/kds_3.0.0/toolchain/bin/../lib/gcc/arm-none-eabi/4.8.4/armv7e-m/fpu\libgcc.a
LOAD c:/freescale/kds_3.0.0/toolchain/bin/../lib/gcc/arm-none-eabi/4.8.4/../../../../arm-none-eabi/lib/armv7e-m/fpu\libc_s.a
LOAD c:/freescale/kds_3.0.0/toolchain/bin/../lib/gcc/arm-none-eabi/4.8.4/../../../../arm-none-eabi/lib/armv7e-m/fpu\libnosys.a
END GROUP
START GROUP
LOAD c:/freescale/kds_3.0.0/toolchain/bin/../lib/gcc/arm-none-eabi/4.8.4/armv7e-m/fpu\libgcc.a
LOAD c:/freescale/kds_3.0.0/toolchain/bin/../lib/gcc/arm-none-eabi/4.8.4/../../../../arm-none-eabi/lib/armv7e-m/fpu\libc_s.a
LOAD c:/freescale/kds_3.0.0/toolchain/bin/../lib/gcc/arm-none-eabi/4.8.4/../../../../arm-none-eabi/lib/armv7e-m/fpu\libnosys.a
END GROUP
LOAD c:/freescale/kds_3.0.0/toolchain/bin/../lib/gcc/arm-none-eabi/4.8.4/armv7e-m/fpu/crtend.o
LOAD c:/freescale/kds_3.0.0/toolchain/bin/../lib/gcc/arm-none-eabi/4.8.4/armv7e-m/fpu/crtn.o
                0x20000000                _estack = 0x20000000
                0x20000000                __SP_INIT = _estack
                0x20000000                __stack = _estack
                0x00000000                __heap_size = 0x0
                0x00000400                __stack_size = 0x400

.interrupts     0x00000000      0x1e8
                0x00000000                __vector_table = .
                0x00000000                . = ALIGN (0x4)
 *(.vectortable)
 .vectortable   0x00000000      0x1e8 ./Generated_Code/Vectors.o
                0x00000000                __vect_table
                0x000001e8                . = ALIGN (0x4)

.cfmprotect     0x00000400       0x10
                0x00000400                . = ALIGN (0x4)
 *(.cfmconfig)
 .cfmconfig     0x00000400       0x10 ./Generated_Code/Cpu.o
                0x00000400                _cfm
                0x00000410                . = ALIGN (0x4)

.text           0x00000410     0x4c78
                0x00000410                . = ALIGN (0x4)
 *(.text)
 .text          0x00000410       0x54 c:/freescale/kds_3.0.0/toolchain/bin/../lib/gcc/arm-none-eabi/4.8.4/armv7e-m/fpu/crtbegin.o
 .text          0x00000464       0x74 c:/freescale/kds_3.0.0/toolchain/bin/../lib/gcc/arm-none-eabi/4.8.4/../../../../arm-none-eabi/lib/armv7e-m/fpu/crt0.o
                0x00000464                _start
                0x00000464                _mainCRTStartup
 .text          0x000004d8      0x370 c:/freescale/kds_3.0.0/toolchain/bin/../lib/gcc/arm-none-eabi/4.8.4/armv7e-m/fpu\libgcc.a(_arm_addsubdf3.o)
                0x000004d8                __aeabi_drsub
                0x000004e0                __aeabi_dsub
                0x000004e0                __subdf3
                0x000004e4                __aeabi_dadd
                0x000004e4                __adddf3
                0x0000075c                __floatunsidf
                0x0000075c                __aeabi_ui2d
                0x0000077c                __floatsidf
                0x0000077c                __aeabi_i2d
                0x000007a0                __aeabi_f2d
                0x000007a0                __extendsfdf2
                0x000007dc                __floatundidf
                0x000007dc                __aeabi_ul2d
                0x000007ec                __floatdidf
                0x000007ec                __aeabi_l2d
 .text          0x00000848      0x424 c:/freescale/kds_3.0.0/toolchain/bin/../lib/gcc/arm-none-eabi/4.8.4/armv7e-m/fpu\libgcc.a(_arm_muldivdf3.o)
                0x00000848                __aeabi_dmul
                0x00000848                __muldf3
                0x00000a9c                __divdf3
                0x00000a9c                __aeabi_ddiv
 .text          0x00000c6c       0xa0 c:/freescale/kds_3.0.0/toolchain/bin/../lib/gcc/arm-none-eabi/4.8.4/armv7e-m/fpu\libgcc.a(_arm_truncdfsf2.o)
                0x00000c6c                __truncdfsf2
                0x00000c6c                __aeabi_d2f
 .text          0x00000d0c       0x38 c:/freescale/kds_3.0.0/toolchain/bin/../lib/gcc/arm-none-eabi/4.8.4/armv7e-m/fpu\libgcc.a(_aeabi_ldivmod.o)
                0x00000d0c                __aeabi_ldivmod
 .text          0x00000d44       0x60 c:/freescale/kds_3.0.0/toolchain/bin/../lib/gcc/arm-none-eabi/4.8.4/armv7e-m/fpu\libgcc.a(bpabi.o)
                0x00000d44                __gnu_ldivmod_helper
                0x00000d74                __gnu_uldivmod_helper
 .text          0x00000da4        0x4 c:/freescale/kds_3.0.0/toolchain/bin/../lib/gcc/arm-none-eabi/4.8.4/armv7e-m/fpu\libgcc.a(_dvmd_tls.o)
                0x00000da4                __aeabi_idiv0
                0x00000da4                __aeabi_ldiv0
 .text          0x00000da8      0x298 c:/freescale/kds_3.0.0/toolchain/bin/../lib/gcc/arm-none-eabi/4.8.4/armv7e-m/fpu\libgcc.a(_divdi3.o)
                0x00000da8                __divdi3
 .text          0x00001040      0x284 c:/freescale/kds_3.0.0/toolchain/bin/../lib/gcc/arm-none-eabi/4.8.4/armv7e-m/fpu\libgcc.a(_udivdi3.o)
                0x00001040                __udivdi3
 *(.text*)
 .text.FIFO_Init
                0x000012c4       0x38 ./Sources/FIFO.o
                0x000012c4                FIFO_Init
 .text.FIFO_Put
                0x000012fc       0x58 ./Sources/FIFO.o
                0x000012fc                FIFO_Put
 .text.FIFO_Get
                0x00001354       0x58 ./Sources/FIFO.o
                0x00001354                FIFO_Get
 .text.FTM_Init
                0x000013ac       0xfc ./Sources/FTM.o
                0x000013ac                FTM_Init
 .text.FTM_Set  0x000014a8       0xe4 ./Sources/FTM.o
                0x000014a8                FTM_Set
 .text.FTM_StartTimer
                0x0000158c       0x78 ./Sources/FTM.o
                0x0000158c                FTM_StartTimer
 .text.FTM0_ISR
                0x00001604       0x98 ./Sources/FTM.o
                0x00001604                FTM0_ISR
 .text.Flash_Init
                0x0000169c       0x10 ./Sources/Flash.o
                0x0000169c                Flash_Init
 .text.Flash_AllocateVar
                0x000016ac       0x90 ./Sources/Flash.o
                0x000016ac                Flash_AllocateVar
 .text.Flash_Write32
                0x0000173c       0x58 ./Sources/Flash.o
                0x0000173c                Flash_Write32
 .text.Flash_Write16
                0x00001794       0x60 ./Sources/Flash.o
                0x00001794                Flash_Write16
 .text.Flash_Write8
                0x000017f4       0x60 ./Sources/Flash.o
                0x000017f4                Flash_Write8
 .text.Flash_Erase
                0x00001854       0x14 ./Sources/Flash.o
                0x00001854                Flash_Erase
 .text.LaunchCommand
                0x00001868       0x98 ./Sources/Flash.o
 .text.WritePhrase
                0x00001900       0xe8 ./Sources/Flash.o
 .text.EraseSector
                0x000019e8       0x38 ./Sources/Flash.o
 .text.StopCondition
                0x00001a20       0x20 ./Sources/I2C.o
 .text.RepeatCondition
                0x00001a40       0x20 ./Sources/I2C.o
 .text.I2C_ISR  0x00001a60      0x1ac ./Sources/I2C.o
                0x00001a60                I2C_ISR
 .text.LEDs_Init
                0x00001c0c       0xd4 ./Sources/LEDs.o
                0x00001c0c                LEDs_Init
 .text.LEDs_On  0x00001ce0       0x24 ./Sources/LEDs.o
                0x00001ce0                LEDs_On
 .text.LEDs_Off
                0x00001d04       0x24 ./Sources/LEDs.o
                0x00001d04                LEDs_Off
 .text.LEDs_Toggle
                0x00001d28       0x24 ./Sources/LEDs.o
                0x00001d28                LEDs_Toggle
 .text.PIT_Init
                0x00001d4c       0xdc ./Sources/PIT.o
                0x00001d4c                PIT_Init
 .text.PIT_Set  0x00001e28       0x5c ./Sources/PIT.o
                0x00001e28                PIT_Set
 .text.PIT_Enable
                0x00001e84       0x40 ./Sources/PIT.o
                0x00001e84                PIT_Enable
 .text.PIT_ISR  0x00001ec4       0x48 ./Sources/PIT.o
                0x00001ec4                PIT_ISR
 .text.RTC_Init
                0x00001f0c       0xe8 ./Sources/RTC.o
                0x00001f0c                RTC_Init
 .text.RTC_Set  0x00001ff4       0x5c ./Sources/RTC.o
                0x00001ff4                RTC_Set
 .text.RTC_Get  0x00002050       0x9c ./Sources/RTC.o
                0x00002050                RTC_Get
 .text.RTC_ISR  0x000020ec       0x2c ./Sources/RTC.o
                0x000020ec                RTC_ISR
 .text.RxUARTThread
                0x00002118       0x30 ./Sources/UART.o
 .text.TxUARTThread
                0x00002148       0x50 ./Sources/UART.o
 .text.UART_Init
                0x00002198      0x1c8 ./Sources/UART.o
                0x00002198                UART_Init
 .text.UART_InChar
                0x00002360       0x1c ./Sources/UART.o
                0x00002360                UART_InChar
 .text.UART_OutChar
                0x0000237c       0x34 ./Sources/UART.o
                0x0000237c                UART_OutChar
 .text.UART_ISR
                0x000023b0       0x94 ./Sources/UART.o
                0x000023b0                UART_ISR
 .text.AccelDataReady_ISR
                0x00002444       0x48 ./Sources/accel.o
                0x00002444                AccelDataReady_ISR
 .text.HandleTowerStartup
                0x0000248c       0x80 ./Sources/main.o
                0x0000248c                HandleTowerStartup
 .text.HandleTowerVersion
                0x0000250c       0x28 ./Sources/main.o
                0x0000250c                HandleTowerVersion
 .text.HandleTowerNumber
                0x00002534       0x68 ./Sources/main.o
                0x00002534                HandleTowerNumber
 .text.HandleTowerProgramByte
                0x0000259c       0x58 ./Sources/main.o
                0x0000259c                HandleTowerProgramByte
 .text.HandleTowerReadByte
                0x000025f4       0x48 ./Sources/main.o
                0x000025f4                HandleTowerReadByte
 .text.HandleTowerMode
                0x0000263c       0x68 ./Sources/main.o
                0x0000263c                HandleTowerMode
 .text.HandleTowerSetTime
                0x000026a4       0x40 ./Sources/main.o
                0x000026a4                HandleTowerSetTime
 .text.HandleTowerTimingMode
                0x000026e4       0x7c ./Sources/main.o
                0x000026e4                HandleTowerTimingMode
 .text.HandleTowerRaises
                0x00002760       0x6c ./Sources/main.o
                0x00002760                HandleTowerRaises
 .text.HandleTowerLowers
                0x000027cc       0x6c ./Sources/main.o
                0x000027cc                HandleTowerLowers
 .text.HandleTowerFrequency
                0x00002838       0x50 ./Sources/main.o
                0x00002838                HandleTowerFrequency
 .text.HandleTowerVoltage
                0x00002888       0x5c ./Sources/main.o
                0x00002888                HandleTowerVoltage
 .text.ReceivedPacket
                0x000028e4      0x198 ./Sources/main.o
                0x000028e4                ReceivedPacket
 .text.ADCReadCallback
                0x00002a7c       0xb4 ./Sources/main.o
                0x00002a7c                ADCReadCallback
 .text.TowerInit
                0x00002b30      0x1b4 ./Sources/main.o
                0x00002b30                TowerInit
 .text.InitModulesThread
                0x00002ce4       0x7c ./Sources/main.o
 .text.PacketThread
                0x00002d60       0x5c ./Sources/main.o
 .text.RTCThread
                0x00002dbc       0x44 ./Sources/main.o
 .text.GetRMS   0x00002e00       0x94 ./Sources/main.o
                0x00002e00                GetRMS
 .text.GetFrequency
                0x00002e94      0x3dc ./Sources/main.o
                0x00002e94                GetFrequency
 .text.ADCDataProcessThread
                0x00003270      0x1f8 ./Sources/main.o
 .text.OutOfRangeThread
                0x00003468       0x24 ./Sources/main.o
 .text.FTMLEDsOffThread
                0x0000348c       0x24 ./Sources/main.o
 .text.main     0x000034b0       0xb4 ./Sources/main.o
                0x000034b0                main
 .text.Packet_Init
                0x00003564       0x2c ./Sources/packet.o
                0x00003564                Packet_Init
 .text.Packet_Get
                0x00003590       0x6c ./Sources/packet.o
                0x00003590                Packet_Get
 .text.Packet_Put
                0x000035fc       0x70 ./Sources/packet.o
                0x000035fc                Packet_Put
 .text.__copy_rom_section
                0x0000366c       0xe4 ./Project_Settings/Startup_Code/startup.o
                0x0000366c                __copy_rom_section
 .text.__copy_rom_sections_to_ram
                0x00003750       0x9c ./Project_Settings/Startup_Code/startup.o
                0x00003750                __copy_rom_sections_to_ram
 .text.__init_registers
                0x000037ec       0x20 ./Project_Settings/Startup_Code/startup.o
                0x000037ec                __init_registers
 .text.__init_user
                0x0000380c        0xc ./Project_Settings/Startup_Code/startup.o
                0x0000380c                __init_user
 .text.__thumb_startup
                0x00003818       0x34 ./Project_Settings/Startup_Code/startup.o
                0x00003818                __thumb_startup
 .text.Cpu_Interrupt
                0x0000384c       0x18 ./Generated_Code/Cpu.o
                0x0000384c                Cpu_Interrupt
 .text.__init_hardware
                0x00003864      0x1cc ./Generated_Code/Cpu.o
                0x00003864                __init_hardware
 .text.Cpu_SetBASEPRI
                0x00003a30       0x18 ./Generated_Code/Cpu.o
                0x00003a30                Cpu_SetBASEPRI
 .text.PE_low_level_init
                0x00003a48       0xe4 ./Generated_Code/Cpu.o
                0x00003a48                PE_low_level_init
 .text.OS_Init  0x00003b2c      0x110 D:\Embedded Software US\es18aut13\Project\Library\libOS.a(OS.o)
                0x00003b2c                OS_Init
 .text.OS_ISREnter
                0x00003c3c       0x20 D:\Embedded Software US\es18aut13\Project\Library\libOS.a(OS.o)
                0x00003c3c                OS_ISREnter
 .text.OS_ISRExit
                0x00003c5c       0x1c D:\Embedded Software US\es18aut13\Project\Library\libOS.a(OS.o)
                0x00003c5c                OS_ISRExit
 .text.OS_SemaphoreCreate
                0x00003c78       0x90 D:\Embedded Software US\es18aut13\Project\Library\libOS.a(OS.o)
                0x00003c78                OS_SemaphoreCreate
 .text.OS_SemaphoreSignal
                0x00003d08       0x44 D:\Embedded Software US\es18aut13\Project\Library\libOS.a(OS.o)
                0x00003d08                OS_SemaphoreSignal
 .text.OS_SemaphoreWait
                0x00003d4c       0x58 D:\Embedded Software US\es18aut13\Project\Library\libOS.a(OS.o)
                0x00003d4c                OS_SemaphoreWait
 .text.OS_Start
                0x00003da4       0x10 D:\Embedded Software US\es18aut13\Project\Library\libOS.a(OS.o)
                0x00003da4                OS_Start
 .text.OS_ThreadCreate
                0x00003db4      0x160 D:\Embedded Software US\es18aut13\Project\Library\libOS.a(OS.o)
                0x00003db4                OS_ThreadCreate
 .text.OS_ThreadDelete
                0x00003f14      0x18c D:\Embedded Software US\es18aut13\Project\Library\libOS.a(OS.o)
                0x00003f14                OS_ThreadDelete
 .text.EventThreadReady
                0x000040a0       0x68 D:\Embedded Software US\es18aut13\Project\Library\libOS.a(OS.o)
 .text.EventThreadWait
                0x00004108       0x64 D:\Embedded Software US\es18aut13\Project\Library\libOS.a(OS.o)
 .text.EventTimeout
                0x0000416c       0x40 D:\Embedded Software US\es18aut13\Project\Library\libOS.a(OS.o)
 .text.Idle     0x000041ac       0x18 D:\Embedded Software US\es18aut13\Project\Library\libOS.a(OS.o)
 .text.FindFirstSet
                0x000041c4       0x44 D:\Embedded Software US\es18aut13\Project\Library\libOS.a(OS.o)
 .text.Schedule
                0x00004208       0x64 D:\Embedded Software US\es18aut13\Project\Library\libOS.a(OS.o)
 .text.TCBInit  0x0000426c       0xcc D:\Embedded Software US\es18aut13\Project\Library\libOS.a(OS.o)
 .text.TimeTick
                0x00004338       0x74 D:\Embedded Software US\es18aut13\Project\Library\libOS.a(OS.o)
 *fill*         0x000043ac        0x4 
 .text.OS_ContextSwitchISR
                0x000043b0       0x70 D:\Embedded Software US\es18aut13\Project\Library\libOS.a(OS.o)
                0x000043b0                OS_ContextSwitchISR
 .text.OS_SysTickISR
                0x00004420       0x5c D:\Embedded Software US\es18aut13\Project\Library\libOS.a(OS.o)
                0x00004420                OS_SysTickISR
 .text.DACWrite
                0x0000447c       0x6c D:\Embedded Software US\es18aut13\Project\Library\libAnalog.a(analog.o)
 .text.Analog_Init
                0x000044e8       0x7c D:\Embedded Software US\es18aut13\Project\Library\libAnalog.a(analog.o)
                0x000044e8                Analog_Init
 .text.Analog_Get
                0x00004564       0x78 D:\Embedded Software US\es18aut13\Project\Library\libAnalog.a(analog.o)
                0x00004564                Analog_Get
 .text.Analog_Put
                0x000045dc       0x50 D:\Embedded Software US\es18aut13\Project\Library\libAnalog.a(analog.o)
                0x000045dc                Analog_Put
 .text.InitChipSelectPins
                0x0000462c       0x6c D:\Embedded Software US\es18aut13\Project\Library\libAnalog.a(SPI.o)
 .text.SetupModuleConfigurationRegister
                0x00004698      0x104 D:\Embedded Software US\es18aut13\Project\Library\libAnalog.a(SPI.o)
 .text.SetBaudRate
                0x0000479c      0x15c D:\Embedded Software US\es18aut13\Project\Library\libAnalog.a(SPI.o)
 .text.SetDelayAfterTransfer
                0x000048f8      0x168 D:\Embedded Software US\es18aut13\Project\Library\libAnalog.a(SPI.o)
 .text.SetupClockAndTransferAttributesRegister
                0x00004a60      0x16c D:\Embedded Software US\es18aut13\Project\Library\libAnalog.a(SPI.o)
 .text.SPI_Init
                0x00004bcc       0x90 D:\Embedded Software US\es18aut13\Project\Library\libAnalog.a(SPI.o)
                0x00004bcc                SPI_Init
 .text.SPI_SelectSlaveDevice
                0x00004c5c       0x6c D:\Embedded Software US\es18aut13\Project\Library\libAnalog.a(SPI.o)
                0x00004c5c                SPI_SelectSlaveDevice
 .text.SPI_Exchange
                0x00004cc8       0x94 D:\Embedded Software US\es18aut13\Project\Library\libAnalog.a(SPI.o)
                0x00004cc8                SPI_Exchange
 .text.sqrtf    0x00004d5c       0xb8 c:/freescale/kds_3.0.0/toolchain/bin/../lib/gcc/arm-none-eabi/4.8.4/../../../../arm-none-eabi/lib/armv7e-m/fpu\libm.a(lib_a-wf_sqrt.o)
                0x00004d5c                sqrtf
 .text.__ieee754_sqrtf
                0x00004e14       0xa4 c:/freescale/kds_3.0.0/toolchain/bin/../lib/gcc/arm-none-eabi/4.8.4/../../../../arm-none-eabi/lib/armv7e-m/fpu\libm.a(lib_a-ef_sqrt.o)
                0x00004e14                __ieee754_sqrtf
 .text.matherr  0x00004eb8        0x4 c:/freescale/kds_3.0.0/toolchain/bin/../lib/gcc/arm-none-eabi/4.8.4/../../../../arm-none-eabi/lib/armv7e-m/fpu\libm.a(lib_a-s_matherr.o)
                0x00004eb8                matherr
 .text.__fpclassifyf
                0x00004ebc       0x38 c:/freescale/kds_3.0.0/toolchain/bin/../lib/gcc/arm-none-eabi/4.8.4/../../../../arm-none-eabi/lib/armv7e-m/fpu\libm.a(lib_a-sf_fpclassify.o)
                0x00004ebc                __fpclassifyf
 .text.__errno  0x00004ef4        0xc c:/freescale/kds_3.0.0/toolchain/bin/../lib/gcc/arm-none-eabi/4.8.4/../../../../arm-none-eabi/lib/armv7e-m/fpu\libg_s.a(lib_a-errno.o)
                0x00004ef4                __errno
 .text.exit     0x00004f00       0x28 c:/freescale/kds_3.0.0/toolchain/bin/../lib/gcc/arm-none-eabi/4.8.4/../../../../arm-none-eabi/lib/armv7e-m/fpu\libg_s.a(lib_a-exit.o)
                0x00004f00                exit
 .text.__libc_init_array
                0x00004f28       0x4c c:/freescale/kds_3.0.0/toolchain/bin/../lib/gcc/arm-none-eabi/4.8.4/../../../../arm-none-eabi/lib/armv7e-m/fpu\libg_s.a(lib_a-init.o)
                0x00004f28                __libc_init_array
 .text.memcpy   0x00004f74       0x12 c:/freescale/kds_3.0.0/toolchain/bin/../lib/gcc/arm-none-eabi/4.8.4/../../../../arm-none-eabi/lib/armv7e-m/fpu\libg_s.a(lib_a-memcpy-stub.o)
                0x00004f74                memcpy
 .text.memset   0x00004f86       0x10 c:/freescale/kds_3.0.0/toolchain/bin/../lib/gcc/arm-none-eabi/4.8.4/../../../../arm-none-eabi/lib/armv7e-m/fpu\libg_s.a(lib_a-memset.o)
                0x00004f86                memset
 *fill*         0x00004f96        0x2 
 .text._exit    0x00004f98        0x4 c:/freescale/kds_3.0.0/toolchain/bin/../lib/gcc/arm-none-eabi/4.8.4/../../../../arm-none-eabi/lib/armv7e-m/fpu\libnosys.a(_exit.o)
                0x00004f98                _exit
 *(.rodata)
 .rodata        0x00004f9c        0x4 D:\Embedded Software US\es18aut13\Project\Library\libAnalog.a(analog.o)
 .rodata        0x00004fa0       0xa0 D:\Embedded Software US\es18aut13\Project\Library\libAnalog.a(SPI.o)
 *(.rodata*)
 .rodata.PACKET_ACK_MASK
                0x00005040        0x1 ./Sources/packet.o
                0x00005040                PACKET_ACK_MASK
 *fill*         0x00005041        0x3 
 .rodata.SPI_SETUP
                0x00005044       0x1c D:\Embedded Software US\es18aut13\Project\Library\libAnalog.a(analog.o)
 .rodata.str1.4
                0x00005060        0x8 c:/freescale/kds_3.0.0/toolchain/bin/../lib/gcc/arm-none-eabi/4.8.4/../../../../arm-none-eabi/lib/armv7e-m/fpu\libm.a(lib_a-wf_sqrt.o)
 .rodata.str1.1
                0x00005068        0x2 c:/freescale/kds_3.0.0/toolchain/bin/../lib/gcc/arm-none-eabi/4.8.4/../../../../arm-none-eabi/lib/armv7e-m/fpu\libg_s.a(lib_a-impure.o)
 *fill*         0x0000506a        0x2 
 .rodata._global_impure_ptr
                0x0000506c        0x4 c:/freescale/kds_3.0.0/toolchain/bin/../lib/gcc/arm-none-eabi/4.8.4/../../../../arm-none-eabi/lib/armv7e-m/fpu\libg_s.a(lib_a-impure.o)
                0x0000506c                _global_impure_ptr
 *(.glue_7)
 .glue_7        0x00000000        0x0 linker stubs
 *(.glue_7t)
 .glue_7t       0x00000000        0x0 linker stubs
 *(.eh_frame)
 .eh_frame      0x00005070        0x0 c:/freescale/kds_3.0.0/toolchain/bin/../lib/gcc/arm-none-eabi/4.8.4/armv7e-m/fpu/crtbegin.o
 *(.init)
 .init          0x00005070        0x4 c:/freescale/kds_3.0.0/toolchain/bin/../lib/gcc/arm-none-eabi/4.8.4/armv7e-m/fpu/crti.o
                0x00005070                _init
 .init          0x00005074        0x8 c:/freescale/kds_3.0.0/toolchain/bin/../lib/gcc/arm-none-eabi/4.8.4/armv7e-m/fpu/crtn.o
 *(.fini)
 .fini          0x0000507c        0x4 c:/freescale/kds_3.0.0/toolchain/bin/../lib/gcc/arm-none-eabi/4.8.4/armv7e-m/fpu/crti.o
                0x0000507c                _fini
 .fini          0x00005080        0x8 c:/freescale/kds_3.0.0/toolchain/bin/../lib/gcc/arm-none-eabi/4.8.4/armv7e-m/fpu/crtn.o
                0x00005088                . = ALIGN (0x4)
                0x00005088                _etext = .

.vfp11_veneer   0x00005088        0x0
 .vfp11_veneer  0x00000000        0x0 linker stubs

.v4_bx          0x00005088        0x0
 .v4_bx         0x00000000        0x0 linker stubs

.iplt           0x00005088        0x0
 .iplt          0x00000000        0x0 c:/freescale/kds_3.0.0/toolchain/bin/../lib/gcc/arm-none-eabi/4.8.4/armv7e-m/fpu/crtbegin.o

.ARM.extab
 *(.ARM.extab* .gnu.linkonce.armextab.*)

.ARM            0x00005088        0x8
                0x00005088                __exidx_start = .
 *(.ARM.exidx*)
 .ARM.exidx     0x00005088        0x8 c:/freescale/kds_3.0.0/toolchain/bin/../lib/gcc/arm-none-eabi/4.8.4/../../../../arm-none-eabi/lib/armv7e-m/fpu/crt0.o
 .ARM.exidx     0x00005090        0x0 c:/freescale/kds_3.0.0/toolchain/bin/../lib/gcc/arm-none-eabi/4.8.4/armv7e-m/fpu\libgcc.a(_divdi3.o)
                                  0x8 (size before relaxing)
 .ARM.exidx     0x00005090        0x0 c:/freescale/kds_3.0.0/toolchain/bin/../lib/gcc/arm-none-eabi/4.8.4/armv7e-m/fpu\libgcc.a(_udivdi3.o)
                                  0x8 (size before relaxing)
                0x00005090                __exidx_end = .

.rel.dyn        0x00005090        0x0
 .rel.iplt      0x00000000        0x0 c:/freescale/kds_3.0.0/toolchain/bin/../lib/gcc/arm-none-eabi/4.8.4/armv7e-m/fpu/crtbegin.o

.ctors          0x00005090        0x0
                0x00005090                __CTOR_LIST__ = .
 *crtbegin.o(.ctors)
 *(EXCLUDE_FILE(*crtend.o) .ctors)
 *(SORT(.ctors.*))
 *(.ctors)
                0x00005090                __CTOR_END__ = .

.dtors          0x00005090        0x0
                0x00005090                __DTOR_LIST__ = .
 *crtbegin.o(.dtors)
 *(EXCLUDE_FILE(*crtend.o) .dtors)
 *(SORT(.dtors.*))
 *(.dtors)
                0x00005090                __DTOR_END__ = .

.preinit_array  0x00005090        0x0
                0x00005090                PROVIDE (__preinit_array_start, .)
 *(.preinit_array*)
                0x00005090                PROVIDE (__preinit_array_end, .)

.init_array     0x00005090        0x4
                0x00005090                PROVIDE (__init_array_start, .)
 *(SORT(.init_array.*))
 *(.init_array*)
 .init_array    0x00005090        0x4 c:/freescale/kds_3.0.0/toolchain/bin/../lib/gcc/arm-none-eabi/4.8.4/armv7e-m/fpu/crtbegin.o
                0x00005094                PROVIDE (__init_array_end, .)

.fini_array     0x00005094        0x4
                0x00005094                PROVIDE (__fini_array_start, .)
 *(SORT(.fini_array.*))
 *(.fini_array*)
 .fini_array    0x00005094        0x4 c:/freescale/kds_3.0.0/toolchain/bin/../lib/gcc/arm-none-eabi/4.8.4/armv7e-m/fpu/crtbegin.o
                0x00005098                PROVIDE (__fini_array_end, .)
                0x00005098                ___ROM_AT = .

.data           0x1fff0000       0x70 load address 0x00005098
                0x1fff0000                . = ALIGN (0x4)
                0x1fff0000                _sdata = .
 *(.data)
 *(.data*)
 .data.SlaveDeviceAddress
                0x1fff0000        0x1 ./Sources/I2C.o
 *fill*         0x1fff0001        0x3 
 .data.frequency.7531
                0x1fff0004        0x4 ./Sources/main.o
 .data.__fdlib_version
                0x1fff0008        0x1 c:/freescale/kds_3.0.0/toolchain/bin/../lib/gcc/arm-none-eabi/4.8.4/../../../../arm-none-eabi/lib/armv7e-m/fpu\libm.a(lib_a-s_lib_ver.o)
                0x1fff0008                __fdlib_version
 *fill*         0x1fff0009        0x3 
 .data.impure_data
                0x1fff000c       0x60 c:/freescale/kds_3.0.0/toolchain/bin/../lib/gcc/arm-none-eabi/4.8.4/../../../../arm-none-eabi/lib/armv7e-m/fpu\libg_s.a(lib_a-impure.o)
 .data._impure_ptr
                0x1fff006c        0x4 c:/freescale/kds_3.0.0/toolchain/bin/../lib/gcc/arm-none-eabi/4.8.4/../../../../arm-none-eabi/lib/armv7e-m/fpu\libg_s.a(lib_a-impure.o)
                0x1fff006c                _impure_ptr
                0x1fff0070                . = ALIGN (0x4)
                0x1fff0070                _edata = .
                0x00000070                ___data_size = (_edata - _sdata)
                0x00005108                ___m_data_20000000_ROMStart = (___ROM_AT + SIZEOF (.data))

.jcr            0x1fff0070        0x0 load address 0x00005108
 .jcr           0x1fff0070        0x0 c:/freescale/kds_3.0.0/toolchain/bin/../lib/gcc/arm-none-eabi/4.8.4/armv7e-m/fpu/crtbegin.o

.igot.plt       0x1fff0070        0x0 load address 0x00005108
 .igot.plt      0x00000000        0x0 c:/freescale/kds_3.0.0/toolchain/bin/../lib/gcc/arm-none-eabi/4.8.4/armv7e-m/fpu/crtbegin.o

.m_data_20000000
                0x20000000        0x0 load address 0x00005108
                0x20000000                . = ALIGN (0x4)
                0x20000000                ___m_data_20000000_RAMStart = .
 *(.m_data_20000000)
                0x20000000                ___m_data_20000000_RAMEnd = .
                0x20000000                . = ALIGN (0x4)
                0x00000000                ___m_data_20000000_ROMSize = (___m_data_20000000_RAMEnd - ___m_data_20000000_RAMStart)
                0x20000000                . = ALIGN (0x4)

.bss            0x1fff0070     0x4124 load address 0x00005108
                0x1fff0070                __START_BSS = .
                0x1fff0070                PROVIDE (__bss_start__, __START_BSS)
 *(.bss)
 .bss           0x1fff0070       0x1c c:/freescale/kds_3.0.0/toolchain/bin/../lib/gcc/arm-none-eabi/4.8.4/armv7e-m/fpu/crtbegin.o
 *(.bss*)
 .bss.UserSemaphore
                0x1fff008c       0x20 ./Sources/FTM.o
 .bss.occupiedBytes.5650
                0x1fff00ac        0x1 ./Sources/Flash.o
 *fill*         0x1fff00ad        0x3 
 .bss.ReadCompleteSemaphore
                0x1fff00b0        0x4 ./Sources/I2C.o
 .bss.I2CAccess
                0x1fff00b4        0x4 ./Sources/I2C.o
 .bss.SlaveDeviceReadAddress
                0x1fff00b8        0x1 ./Sources/I2C.o
 .bss.NbBytes   0x1fff00b9        0x1 ./Sources/I2C.o
 *fill*         0x1fff00ba        0x2 
 .bss.DataPtr   0x1fff00bc        0x4 ./Sources/I2C.o
 .bss.stage.6670
                0x1fff00c0        0x1 ./Sources/I2C.o
 .bss.readCount.6671
                0x1fff00c1        0x1 ./Sources/I2C.o
 *fill*         0x1fff00c2        0x2 
 .bss.ModuleClk
                0x1fff00c4        0x4 ./Sources/PIT.o
 .bss.UserFunction
                0x1fff00c8        0x4 ./Sources/PIT.o
 .bss.UserArguments
                0x1fff00cc        0x4 ./Sources/PIT.o
 .bss.ReadSemaphore
                0x1fff00d0        0x4 ./Sources/RTC.o
 *fill*         0x1fff00d4        0x4 
 .bss.RxUARTThreadStack
                0x1fff00d8      0x640 ./Sources/UART.o
 .bss.TxUARTThreadStack
                0x1fff0718      0x640 ./Sources/UART.o
 .bss.DataReadySemaphore
                0x1fff0d58        0x4 ./Sources/accel.o
 .bss.VoltageSamples
                0x1fff0d5c      0x188 ./Sources/main.o
 .bss.RMS       0x1fff0ee4        0x8 ./Sources/main.o
 .bss.Frequency
                0x1fff0eec        0x2 ./Sources/main.o
 *fill*         0x1fff0eee        0x2 
 .bss.LEDOffSemaphore
                0x1fff0ef0        0x4 ./Sources/main.o
 .bss.RTCReadSemaphore
                0x1fff0ef4        0x4 ./Sources/main.o
 .bss.OutOfRangeSemaphore
                0x1fff0ef8        0x4 ./Sources/main.o
 .bss.NewADCDataSemaphore
                0x1fff0efc        0x4 ./Sources/main.o
 .bss.InitModulesThreadStack
                0x1fff0f00      0x640 ./Sources/main.o
 .bss.RTCThreadStack
                0x1fff1540      0x640 ./Sources/main.o
 .bss.FTMLEDsOffThreadStack
                0x1fff1b80      0x640 ./Sources/main.o
 .bss.ADCDataProcessThreadStack
                0x1fff21c0      0x640 ./Sources/main.o
 .bss.OutOfRangeThreadStack
                0x1fff2800      0x640 ./Sources/main.o
 .bss.PacketThreadStack
                0x1fff2e40      0x640 ./Sources/main.o
 .bss.PacketPutAccess
                0x1fff3480        0x4 ./Sources/packet.o
 .bss.SR_lock   0x1fff3484        0x1 ./Generated_Code/Cpu.o
                0x1fff3484                SR_lock
 *fill*         0x1fff3485        0x3 
 .bss.TCBUnusedMain
                0x1fff3488       0x18 D:\Embedded Software US\es18aut13\Project\Library\libOS.a(OS.o)
 .bss.TCBTable  0x1fff34a0      0x300 D:\Embedded Software US\es18aut13\Project\Library\libOS.a(OS.o)
 .bss.pTCBFreeList
                0x1fff37a0        0x4 D:\Embedded Software US\es18aut13\Project\Library\libOS.a(OS.o)
 .bss.pTCBAllocatedList
                0x1fff37a4        0x4 D:\Embedded Software US\es18aut13\Project\Library\libOS.a(OS.o)
 .bss.pTCBPriorityTable
                0x1fff37a8       0x80 D:\Embedded Software US\es18aut13\Project\Library\libOS.a(OS.o)
 .bss.pTCBRunning
                0x1fff3828        0x4 D:\Embedded Software US\es18aut13\Project\Library\libOS.a(OS.o)
 .bss.pTCBHighestReady
                0x1fff382c        0x4 D:\Embedded Software US\es18aut13\Project\Library\libOS.a(OS.o)
 .bss.ReadyList
                0x1fff3830        0x4 D:\Embedded Software US\es18aut13\Project\Library\libOS.a(OS.o)
 .bss.ECBTable  0x1fff3834      0x100 D:\Embedded Software US\es18aut13\Project\Library\libOS.a(OS.o)
 .bss.NextECBFree
                0x1fff3934        0x1 D:\Embedded Software US\es18aut13\Project\Library\libOS.a(OS.o)
 *fill*         0x1fff3935        0x3 
 .bss.IdleCounter
                0x1fff3938        0x4 D:\Embedded Software US\es18aut13\Project\Library\libOS.a(OS.o)
 *fill*         0x1fff393c        0x4 
 .bss.IdleStack
                0x1fff3940      0x400 D:\Embedded Software US\es18aut13\Project\Library\libOS.a(OS.o)
 .bss.Ticks     0x1fff3d40        0x4 D:\Embedded Software US\es18aut13\Project\Library\libOS.a(OS.o)
 .bss.ToggleCntr
                0x1fff3d44        0x4 D:\Embedded Software US\es18aut13\Project\Library\libOS.a(OS.o)
 .bss.ToggleLED
                0x1fff3d48        0x1 D:\Embedded Software US\es18aut13\Project\Library\libOS.a(OS.o)
 .bss.ISRNestLevel
                0x1fff3d49        0x1 D:\Embedded Software US\es18aut13\Project\Library\libOS.a(OS.o)
 *fill*         0x1fff3d4a        0x2 
 .bss.ADCCommandUnion
                0x1fff3d4c        0x4 D:\Embedded Software US\es18aut13\Project\Library\libAnalog.a(analog.o)
 *(COMMON)
 COMMON         0x1fff3d50      0x424 ./Sources/UART.o
                0x1fff3d50                DummyRead
                0x1fff3d54                TxFIFO
                0x1fff3f60                RxFIFO
                0x1fff416c                RxUARTSemaphore
                0x1fff4170                TxUARTSemaphore
 COMMON         0x1fff4174       0x14 ./Sources/main.o
                0x1fff4174                NvTowerMd
                0x1fff4178                NvTowerNb
                0x1fff417c                NvTimingMd
                0x1fff4180                NvNbRaises
                0x1fff4184                NvNbLowers
 COMMON         0x1fff4188        0x5 ./Sources/packet.o
                0x1fff4188                Packet
 COMMON         0x1fff418d        0x1 ./Generated_Code/Cpu.o
                0x1fff418d                SR_reg
 *fill*         0x1fff418e        0x2 
 COMMON         0x1fff4190        0x4 D:\Embedded Software US\es18aut13\Project\Library\libAnalog.a(analog.o)
                0x1fff4190                DACInput
                0x1fff4194                . = ALIGN (0x4)
                0x1fff4194                __END_BSS = .
                0x1fff4194                PROVIDE (__bss_end__, __END_BSS)
                0x00005108                _romp_at = ((___ROM_AT + SIZEOF (.data)) + SIZEOF (.m_data_20000000))

.romp           0x1fff4194       0x24 load address 0x00005108
                0x00005108                __S_romp = _romp_at
                0x1fff4194        0x4 LONG 0x5098 ___ROM_AT
                0x1fff4198        0x4 LONG 0x1fff0000 _sdata
                0x1fff419c        0x4 LONG 0x70 ___data_size
                0x1fff41a0        0x4 LONG 0x5108 ___m_data_20000000_ROMStart
                0x1fff41a4        0x4 LONG 0x20000000 ___m_data_20000000_RAMStart
                0x1fff41a8        0x4 LONG 0x0 ___m_data_20000000_ROMSize
                0x1fff41ac        0x4 LONG 0x0
                0x1fff41b0        0x4 LONG 0x0
                0x1fff41b4        0x4 LONG 0x0

._user_heap_stack
                0x1fff41b8      0x400 load address 0x0000512c
                0x1fff41b8                . = ALIGN (0x4)
                0x1fff41b8                PROVIDE (end, .)
                0x1fff41b8                PROVIDE (_end, .)
                0x1fff41b8                __heap_addr = .
                0x1fff41b8                __HeapBase = .
                0x1fff41b8                . = (. + __heap_size)
                0x1fff41b8                __HeapLimit = .
                0x1fff45b8                . = (. + __stack_size)
 *fill*         0x1fff41b8      0x400 
                0x1fff45b8                . = ALIGN (0x4)

.ARM.attributes
                0x00000000       0x30
 *(.ARM.attributes)
 .ARM.attributes
                0x00000000       0x22 c:/freescale/kds_3.0.0/toolchain/bin/../lib/gcc/arm-none-eabi/4.8.4/armv7e-m/fpu/crti.o
 .ARM.attributes
                0x00000022       0x34 c:/freescale/kds_3.0.0/toolchain/bin/../lib/gcc/arm-none-eabi/4.8.4/armv7e-m/fpu/crtbegin.o
 .ARM.attributes
                0x00000056       0x20 c:/freescale/kds_3.0.0/toolchain/bin/../lib/gcc/arm-none-eabi/4.8.4/../../../../arm-none-eabi/lib/armv7e-m/fpu/crt0.o
 .ARM.attributes
                0x00000076       0x39 ./Sources/FIFO.o
 .ARM.attributes
                0x000000af       0x39 ./Sources/FTM.o
 .ARM.attributes
                0x000000e8       0x39 ./Sources/Flash.o
 .ARM.attributes
                0x00000121       0x39 ./Sources/I2C.o
 .ARM.attributes
                0x0000015a       0x39 ./Sources/LEDs.o
 .ARM.attributes
                0x00000193       0x39 ./Sources/PIT.o
 .ARM.attributes
                0x000001cc       0x39 ./Sources/RTC.o
 .ARM.attributes
                0x00000205       0x39 ./Sources/UART.o
 .ARM.attributes
                0x0000023e       0x39 ./Sources/accel.o
 .ARM.attributes
                0x00000277       0x39 ./Sources/main.o
 .ARM.attributes
                0x000002b0       0x39 ./Sources/packet.o
 .ARM.attributes
                0x000002e9       0x39 ./Project_Settings/Startup_Code/startup.o
 .ARM.attributes
                0x00000322       0x39 ./Generated_Code/Cpu.o
 .ARM.attributes
                0x0000035b       0x39 ./Generated_Code/Vectors.o
 .ARM.attributes
                0x00000394       0x39 D:\Embedded Software US\es18aut13\Project\Library\libOS.a(OS.o)
 .ARM.attributes
                0x000003cd       0x39 D:\Embedded Software US\es18aut13\Project\Library\libAnalog.a(analog.o)
 .ARM.attributes
                0x00000406       0x39 D:\Embedded Software US\es18aut13\Project\Library\libAnalog.a(SPI.o)
 .ARM.attributes
                0x0000043f       0x34 c:/freescale/kds_3.0.0/toolchain/bin/../lib/gcc/arm-none-eabi/4.8.4/../../../../arm-none-eabi/lib/armv7e-m/fpu\libm.a(lib_a-wf_sqrt.o)
 .ARM.attributes
                0x00000473       0x34 c:/freescale/kds_3.0.0/toolchain/bin/../lib/gcc/arm-none-eabi/4.8.4/../../../../arm-none-eabi/lib/armv7e-m/fpu\libm.a(lib_a-ef_sqrt.o)
 .ARM.attributes
                0x000004a7       0x34 c:/freescale/kds_3.0.0/toolchain/bin/../lib/gcc/arm-none-eabi/4.8.4/../../../../arm-none-eabi/lib/armv7e-m/fpu\libm.a(lib_a-s_lib_ver.o)
 .ARM.attributes
                0x000004db       0x34 c:/freescale/kds_3.0.0/toolchain/bin/../lib/gcc/arm-none-eabi/4.8.4/../../../../arm-none-eabi/lib/armv7e-m/fpu\libm.a(lib_a-s_matherr.o)
 .ARM.attributes
                0x0000050f       0x34 c:/freescale/kds_3.0.0/toolchain/bin/../lib/gcc/arm-none-eabi/4.8.4/../../../../arm-none-eabi/lib/armv7e-m/fpu\libm.a(lib_a-sf_fpclassify.o)
 .ARM.attributes
                0x00000543       0x22 c:/freescale/kds_3.0.0/toolchain/bin/../lib/gcc/arm-none-eabi/4.8.4/armv7e-m/fpu\libgcc.a(_arm_addsubdf3.o)
 .ARM.attributes
                0x00000565       0x22 c:/freescale/kds_3.0.0/toolchain/bin/../lib/gcc/arm-none-eabi/4.8.4/armv7e-m/fpu\libgcc.a(_arm_muldivdf3.o)
 .ARM.attributes
                0x00000587       0x22 c:/freescale/kds_3.0.0/toolchain/bin/../lib/gcc/arm-none-eabi/4.8.4/armv7e-m/fpu\libgcc.a(_arm_truncdfsf2.o)
 .ARM.attributes
                0x000005a9       0x22 c:/freescale/kds_3.0.0/toolchain/bin/../lib/gcc/arm-none-eabi/4.8.4/armv7e-m/fpu\libgcc.a(_aeabi_ldivmod.o)
 .ARM.attributes
                0x000005cb       0x34 c:/freescale/kds_3.0.0/toolchain/bin/../lib/gcc/arm-none-eabi/4.8.4/armv7e-m/fpu\libgcc.a(bpabi.o)
 .ARM.attributes
                0x000005ff       0x22 c:/freescale/kds_3.0.0/toolchain/bin/../lib/gcc/arm-none-eabi/4.8.4/armv7e-m/fpu\libgcc.a(_dvmd_tls.o)
 .ARM.attributes
                0x00000621       0x34 c:/freescale/kds_3.0.0/toolchain/bin/../lib/gcc/arm-none-eabi/4.8.4/armv7e-m/fpu\libgcc.a(_divdi3.o)
 .ARM.attributes
                0x00000655       0x34 c:/freescale/kds_3.0.0/toolchain/bin/../lib/gcc/arm-none-eabi/4.8.4/armv7e-m/fpu\libgcc.a(_udivdi3.o)
 .ARM.attributes
                0x00000689       0x34 c:/freescale/kds_3.0.0/toolchain/bin/../lib/gcc/arm-none-eabi/4.8.4/../../../../arm-none-eabi/lib/armv7e-m/fpu\libg_s.a(lib_a-errno.o)
 .ARM.attributes
                0x000006bd       0x34 c:/freescale/kds_3.0.0/toolchain/bin/../lib/gcc/arm-none-eabi/4.8.4/../../../../arm-none-eabi/lib/armv7e-m/fpu\libg_s.a(lib_a-exit.o)
 .ARM.attributes
                0x000006f1       0x34 c:/freescale/kds_3.0.0/toolchain/bin/../lib/gcc/arm-none-eabi/4.8.4/../../../../arm-none-eabi/lib/armv7e-m/fpu\libg_s.a(lib_a-impure.o)
 .ARM.attributes
                0x00000725       0x34 c:/freescale/kds_3.0.0/toolchain/bin/../lib/gcc/arm-none-eabi/4.8.4/../../../../arm-none-eabi/lib/armv7e-m/fpu\libg_s.a(lib_a-init.o)
 .ARM.attributes
                0x00000759       0x34 c:/freescale/kds_3.0.0/toolchain/bin/../lib/gcc/arm-none-eabi/4.8.4/../../../../arm-none-eabi/lib/armv7e-m/fpu\libg_s.a(lib_a-memcpy-stub.o)
 .ARM.attributes
                0x0000078d       0x34 c:/freescale/kds_3.0.0/toolchain/bin/../lib/gcc/arm-none-eabi/4.8.4/../../../../arm-none-eabi/lib/armv7e-m/fpu\libg_s.a(lib_a-memset.o)
 .ARM.attributes
                0x000007c1       0x34 c:/freescale/kds_3.0.0/toolchain/bin/../lib/gcc/arm-none-eabi/4.8.4/../../../../arm-none-eabi/lib/armv7e-m/fpu\libnosys.a(_exit.o)
 .ARM.attributes
                0x000007f5       0x22 c:/freescale/kds_3.0.0/toolchain/bin/../lib/gcc/arm-none-eabi/4.8.4/armv7e-m/fpu/crtn.o
OUTPUT(Project.elf elf32-littlearm)

.debug_info     0x00000000     0x7a3c
 .debug_info    0x00000000      0x20b ./Sources/FIFO.o
 .debug_info    0x0000020b      0x797 ./Sources/FTM.o
 .debug_info    0x000009a2      0x671 ./Sources/Flash.o
 .debug_info    0x00001013      0x8fb ./Sources/I2C.o
 .debug_info    0x0000190e      0x490 ./Sources/LEDs.o
 .debug_info    0x00001d9e      0x5d0 ./Sources/PIT.o
 .debug_info    0x0000236e      0x632 ./Sources/RTC.o
 .debug_info    0x000029a0      0xa80 ./Sources/UART.o
 .debug_info    0x00003420      0x9af ./Sources/accel.o
 .debug_info    0x00003dcf      0xc61 ./Sources/main.o
 .debug_info    0x00004a30      0x2ff ./Sources/packet.o
 .debug_info    0x00004d2f      0x3b0 ./Project_Settings/Startup_Code/startup.o
 .debug_info    0x000050df      0xc82 ./Generated_Code/Cpu.o
 .debug_info    0x00005d61      0x10f ./Generated_Code/Vectors.o
 .debug_info    0x00005e70      0xd02 D:\Embedded Software US\es18aut13\Project\Library\libOS.a(OS.o)
 .debug_info    0x00006b72      0x46a D:\Embedded Software US\es18aut13\Project\Library\libAnalog.a(analog.o)
 .debug_info    0x00006fdc      0xa60 D:\Embedded Software US\es18aut13\Project\Library\libAnalog.a(SPI.o)

.debug_abbrev   0x00000000     0x1bc4
 .debug_abbrev  0x00000000       0xce ./Sources/FIFO.o
 .debug_abbrev  0x000000ce      0x1d2 ./Sources/FTM.o
 .debug_abbrev  0x000002a0      0x1cc ./Sources/Flash.o
 .debug_abbrev  0x0000046c      0x1fb ./Sources/I2C.o
 .debug_abbrev  0x00000667      0x144 ./Sources/LEDs.o
 .debug_abbrev  0x000007ab      0x188 ./Sources/PIT.o
 .debug_abbrev  0x00000933      0x168 ./Sources/RTC.o
 .debug_abbrev  0x00000a9b      0x232 ./Sources/UART.o
 .debug_abbrev  0x00000ccd      0x207 ./Sources/accel.o
 .debug_abbrev  0x00000ed4      0x234 ./Sources/main.o
 .debug_abbrev  0x00001108       0xec ./Sources/packet.o
 .debug_abbrev  0x000011f4      0x189 ./Project_Settings/Startup_Code/startup.o
 .debug_abbrev  0x0000137d      0x185 ./Generated_Code/Cpu.o
 .debug_abbrev  0x00001502       0xa4 ./Generated_Code/Vectors.o
 .debug_abbrev  0x000015a6      0x2f8 D:\Embedded Software US\es18aut13\Project\Library\libOS.a(OS.o)
 .debug_abbrev  0x0000189e      0x151 D:\Embedded Software US\es18aut13\Project\Library\libAnalog.a(analog.o)
 .debug_abbrev  0x000019ef      0x1d5 D:\Embedded Software US\es18aut13\Project\Library\libAnalog.a(SPI.o)

.debug_aranges  0x00000000      0x568
 .debug_aranges
                0x00000000       0x30 ./Sources/FIFO.o
 .debug_aranges
                0x00000030       0x38 ./Sources/FTM.o
 .debug_aranges
                0x00000068       0x60 ./Sources/Flash.o
 .debug_aranges
                0x000000c8       0x70 ./Sources/I2C.o
 .debug_aranges
                0x00000138       0x38 ./Sources/LEDs.o
 .debug_aranges
                0x00000170       0x38 ./Sources/PIT.o
 .debug_aranges
                0x000001a8       0x38 ./Sources/RTC.o
 .debug_aranges
                0x000001e0       0x48 ./Sources/UART.o
 .debug_aranges
                0x00000228       0x38 ./Sources/accel.o
 .debug_aranges
                0x00000260       0xe0 ./Sources/main.o
 .debug_aranges
                0x00000340       0x30 ./Sources/packet.o
 .debug_aranges
                0x00000370       0x50 ./Project_Settings/Startup_Code/startup.o
 .debug_aranges
                0x000003c0       0x38 ./Generated_Code/Cpu.o
 .debug_aranges
                0x000003f8       0x18 ./Generated_Code/Vectors.o
 .debug_aranges
                0x00000410       0xc8 D:\Embedded Software US\es18aut13\Project\Library\libOS.a(OS.o)
 .debug_aranges
                0x000004d8       0x38 D:\Embedded Software US\es18aut13\Project\Library\libAnalog.a(analog.o)
 .debug_aranges
                0x00000510       0x58 D:\Embedded Software US\es18aut13\Project\Library\libAnalog.a(SPI.o)

.debug_ranges   0x00000000      0x450
 .debug_ranges  0x00000000       0x20 ./Sources/FIFO.o
 .debug_ranges  0x00000020       0x28 ./Sources/FTM.o
 .debug_ranges  0x00000048       0x50 ./Sources/Flash.o
 .debug_ranges  0x00000098       0x60 ./Sources/I2C.o
 .debug_ranges  0x000000f8       0x28 ./Sources/LEDs.o
 .debug_ranges  0x00000120       0x28 ./Sources/PIT.o
 .debug_ranges  0x00000148       0x28 ./Sources/RTC.o
 .debug_ranges  0x00000170       0x38 ./Sources/UART.o
 .debug_ranges  0x000001a8       0x28 ./Sources/accel.o
 .debug_ranges  0x000001d0       0xd0 ./Sources/main.o
 .debug_ranges  0x000002a0       0x20 ./Sources/packet.o
 .debug_ranges  0x000002c0       0x40 ./Project_Settings/Startup_Code/startup.o
 .debug_ranges  0x00000300       0x28 ./Generated_Code/Cpu.o
 .debug_ranges  0x00000328       0xb8 D:\Embedded Software US\es18aut13\Project\Library\libOS.a(OS.o)
 .debug_ranges  0x000003e0       0x28 D:\Embedded Software US\es18aut13\Project\Library\libAnalog.a(analog.o)
 .debug_ranges  0x00000408       0x48 D:\Embedded Software US\es18aut13\Project\Library\libAnalog.a(SPI.o)

.debug_macro    0x00000000    0x1a963
 .debug_macro   0x00000000       0xb5 ./Sources/FIFO.o
 .debug_macro   0x000000b5       0x22 ./Sources/FIFO.o
 .debug_macro   0x000000d7       0x3c ./Sources/FIFO.o
 .debug_macro   0x00000113     0x1800 ./Sources/FIFO.o
 .debug_macro   0x00001913       0xaf ./Sources/FTM.o
 .debug_macro   0x000019c2       0x7c ./Sources/Flash.o
 .debug_macro   0x00001a3e       0x16 ./Sources/Flash.o
 .debug_macro   0x00001a54    0x174af ./Sources/Flash.o
 .debug_macro   0x00018f03       0x2e ./Sources/Flash.o
 .debug_macro   0x00018f31       0xb3 ./Sources/I2C.o
 .debug_macro   0x00018fe4       0x73 ./Sources/LEDs.o
 .debug_macro   0x00019057       0xc8 ./Sources/PIT.o
 .debug_macro   0x0001911f       0x10 ./Sources/PIT.o
 .debug_macro   0x0001912f       0xaf ./Sources/RTC.o
 .debug_macro   0x000191de       0xc3 ./Sources/UART.o
 .debug_macro   0x000192a1      0x217 ./Sources/accel.o
 .debug_macro   0x000194b8       0x9a ./Sources/accel.o
 .debug_macro   0x00019552      0x1e0 ./Sources/main.o
 .debug_macro   0x00019732       0x10 ./Sources/main.o
 .debug_macro   0x00019742       0x3a ./Sources/main.o
 .debug_macro   0x0001977c       0x58 ./Sources/main.o
 .debug_macro   0x000197d4       0x35 ./Sources/main.o
 .debug_macro   0x00019809       0xa3 ./Sources/main.o
 .debug_macro   0x000198ac      0x166 ./Sources/main.o
 .debug_macro   0x00019a12       0x52 ./Sources/main.o
 .debug_macro   0x00019a64       0x16 ./Sources/main.o
 .debug_macro   0x00019a7a       0x43 ./Sources/main.o
 .debug_macro   0x00019abd      0x180 ./Sources/main.o
 .debug_macro   0x00019c3d       0xde ./Sources/main.o
 .debug_macro   0x00019d1b       0xc8 ./Sources/packet.o
 .debug_macro   0x00019de3      0x121 ./Project_Settings/Startup_Code/startup.o
 .debug_macro   0x00019f04       0x4a ./Project_Settings/Startup_Code/startup.o
 .debug_macro   0x00019f4e      0x2a6 ./Project_Settings/Startup_Code/startup.o
 .debug_macro   0x0001a1f4       0x10 ./Project_Settings/Startup_Code/startup.o
 .debug_macro   0x0001a204       0x35 ./Project_Settings/Startup_Code/startup.o
 .debug_macro   0x0001a239       0x16 ./Project_Settings/Startup_Code/startup.o
 .debug_macro   0x0001a24f       0x22 ./Project_Settings/Startup_Code/startup.o
 .debug_macro   0x0001a271      0x20f ./Project_Settings/Startup_Code/startup.o
 .debug_macro   0x0001a480       0x84 ./Generated_Code/Cpu.o
 .debug_macro   0x0001a504       0xa0 ./Generated_Code/Cpu.o
 .debug_macro   0x0001a5a4       0xeb ./Generated_Code/Vectors.o
 .debug_macro   0x0001a68f       0xa3 D:\Embedded Software US\es18aut13\Project\Library\libOS.a(OS.o)
 .debug_macro   0x0001a732       0x94 D:\Embedded Software US\es18aut13\Project\Library\libOS.a(OS.o)
 .debug_macro   0x0001a7c6       0x30 D:\Embedded Software US\es18aut13\Project\Library\libOS.a(OS.o)
 .debug_macro   0x0001a7f6       0xf5 D:\Embedded Software US\es18aut13\Project\Library\libAnalog.a(analog.o)
 .debug_macro   0x0001a8eb       0x10 D:\Embedded Software US\es18aut13\Project\Library\libAnalog.a(analog.o)
 .debug_macro   0x0001a8fb       0x68 D:\Embedded Software US\es18aut13\Project\Library\libAnalog.a(SPI.o)

.debug_line     0x00000000     0x3842
 .debug_line    0x00000000      0x2c5 ./Sources/FIFO.o
 .debug_line    0x000002c5      0x307 ./Sources/FTM.o
 .debug_line    0x000005cc      0x2d3 ./Sources/Flash.o
 .debug_line    0x0000089f      0x3f9 ./Sources/I2C.o
 .debug_line    0x00000c98      0x225 ./Sources/LEDs.o
 .debug_line    0x00000ebd      0x332 ./Sources/PIT.o
 .debug_line    0x000011ef      0x2ea ./Sources/RTC.o
 .debug_line    0x000014d9      0x341 ./Sources/UART.o
 .debug_line    0x0000181a      0x329 ./Sources/accel.o
 .debug_line    0x00001b43      0x7ad ./Sources/main.o
 .debug_line    0x000022f0      0x2de ./Sources/packet.o
 .debug_line    0x000025ce      0x3d4 ./Project_Settings/Startup_Code/startup.o
 .debug_line    0x000029a2      0x27b ./Generated_Code/Cpu.o
 .debug_line    0x00002c1d      0x2bc ./Generated_Code/Vectors.o
 .debug_line    0x00002ed9      0x496 D:\Embedded Software US\es18aut13\Project\Library\libOS.a(OS.o)
 .debug_line    0x0000336f      0x200 D:\Embedded Software US\es18aut13\Project\Library\libAnalog.a(analog.o)
 .debug_line    0x0000356f      0x2d3 D:\Embedded Software US\es18aut13\Project\Library\libAnalog.a(SPI.o)

.debug_str      0x00000000    0x90190
 .debug_str     0x00000000    0x8a692 ./Sources/FIFO.o
                              0x8a810 (size before relaxing)
 .debug_str     0x0008a692      0x3b0 ./Sources/FTM.o
                              0x8ab53 (size before relaxing)
 .debug_str     0x0008aa42      0x3a5 ./Sources/Flash.o
                              0x83119 (size before relaxing)
 .debug_str     0x0008ade7      0x222 ./Sources/I2C.o
                              0x8ab19 (size before relaxing)
 .debug_str     0x0008b009       0xa6 ./Sources/LEDs.o
                              0x82eff (size before relaxing)
 .debug_str     0x0008b0af      0x11e ./Sources/PIT.o
                              0x8a9f1 (size before relaxing)
 .debug_str     0x0008b1cd       0x9d ./Sources/RTC.o
                              0x8a97e (size before relaxing)
 .debug_str     0x0008b26a      0x235 ./Sources/UART.o
                              0x8abc2 (size before relaxing)
 .debug_str     0x0008b49f      0xa39 ./Sources/accel.o
                              0x8b505 (size before relaxing)
 .debug_str     0x0008bed8     0x2277 ./Sources/main.o
                              0x8cf80 (size before relaxing)
 .debug_str     0x0008e14f       0x4f ./Sources/packet.o
                              0x8aa9f (size before relaxing)
 .debug_str     0x0008e19e     0x1147 ./Project_Settings/Startup_Code/startup.o
                              0x853f0 (size before relaxing)
 .debug_str     0x0008f2e5      0x1e3 ./Generated_Code/Cpu.o
                              0x8aa21 (size before relaxing)
 .debug_str     0x0008f4c8       0x1c ./Generated_Code/Vectors.o
                              0x8a7ef (size before relaxing)
 .debug_str     0x0008f4e4      0x3ab D:\Embedded Software US\es18aut13\Project\Library\libOS.a(OS.o)
                              0x8ad2a (size before relaxing)
 .debug_str     0x0008f88f      0x564 D:\Embedded Software US\es18aut13\Project\Library\libAnalog.a(analog.o)
                               0x3866 (size before relaxing)
 .debug_str     0x0008fdf3      0x39d D:\Embedded Software US\es18aut13\Project\Library\libAnalog.a(SPI.o)
                              0x83389 (size before relaxing)

.comment        0x00000000       0x70
 .comment       0x00000000       0x70 ./Sources/FIFO.o
                                 0x71 (size before relaxing)
 .comment       0x00000000       0x71 ./Sources/FTM.o
 .comment       0x00000000       0x71 ./Sources/Flash.o
 .comment       0x00000000       0x71 ./Sources/I2C.o
 .comment       0x00000000       0x71 ./Sources/LEDs.o
 .comment       0x00000000       0x71 ./Sources/PIT.o
 .comment       0x00000000       0x71 ./Sources/RTC.o
 .comment       0x00000000       0x71 ./Sources/UART.o
 .comment       0x00000000       0x71 ./Sources/accel.o
 .comment       0x00000000       0x71 ./Sources/main.o
 .comment       0x00000000       0x71 ./Sources/packet.o
 .comment       0x00000000       0x71 ./Project_Settings/Startup_Code/startup.o
 .comment       0x00000000       0x71 ./Generated_Code/Cpu.o
 .comment       0x00000000       0x71 ./Generated_Code/Vectors.o
 .comment       0x00000000       0x71 D:\Embedded Software US\es18aut13\Project\Library\libOS.a(OS.o)
 .comment       0x00000000       0x71 D:\Embedded Software US\es18aut13\Project\Library\libAnalog.a(analog.o)
 .comment       0x00000000       0x71 D:\Embedded Software US\es18aut13\Project\Library\libAnalog.a(SPI.o)

.debug_frame    0x00000000     0x1188
 .debug_frame   0x00000000       0x70 ./Sources/FIFO.o
 .debug_frame   0x00000070       0x88 ./Sources/FTM.o
 .debug_frame   0x000000f8      0x128 ./Sources/Flash.o
 .debug_frame   0x00000220      0x148 ./Sources/I2C.o
 .debug_frame   0x00000368       0x7c ./Sources/LEDs.o
 .debug_frame   0x000003e4       0x8c ./Sources/PIT.o
 .debug_frame   0x00000470       0x8c ./Sources/RTC.o
 .debug_frame   0x000004fc       0xd4 ./Sources/UART.o
 .debug_frame   0x000005d0       0x94 ./Sources/accel.o
 .debug_frame   0x00000664      0x314 ./Sources/main.o
 .debug_frame   0x00000978       0x70 ./Sources/packet.o
 .debug_frame   0x000009e8       0xc0 ./Project_Settings/Startup_Code/startup.o
 .debug_frame   0x00000aa8       0x80 ./Generated_Code/Cpu.o
 .debug_frame   0x00000b28      0x2a0 D:\Embedded Software US\es18aut13\Project\Library\libOS.a(OS.o)
 .debug_frame   0x00000dc8       0x90 D:\Embedded Software US\es18aut13\Project\Library\libAnalog.a(analog.o)
 .debug_frame   0x00000e58      0x100 D:\Embedded Software US\es18aut13\Project\Library\libAnalog.a(SPI.o)
 .debug_frame   0x00000f58       0x30 c:/freescale/kds_3.0.0/toolchain/bin/../lib/gcc/arm-none-eabi/4.8.4/../../../../arm-none-eabi/lib/armv7e-m/fpu\libm.a(lib_a-wf_sqrt.o)
 .debug_frame   0x00000f88       0x2c c:/freescale/kds_3.0.0/toolchain/bin/../lib/gcc/arm-none-eabi/4.8.4/../../../../arm-none-eabi/lib/armv7e-m/fpu\libm.a(lib_a-ef_sqrt.o)
 .debug_frame   0x00000fb4       0x20 c:/freescale/kds_3.0.0/toolchain/bin/../lib/gcc/arm-none-eabi/4.8.4/../../../../arm-none-eabi/lib/armv7e-m/fpu\libm.a(lib_a-s_matherr.o)
 .debug_frame   0x00000fd4       0x20 c:/freescale/kds_3.0.0/toolchain/bin/../lib/gcc/arm-none-eabi/4.8.4/../../../../arm-none-eabi/lib/armv7e-m/fpu\libm.a(lib_a-sf_fpclassify.o)
 .debug_frame   0x00000ff4       0x50 c:/freescale/kds_3.0.0/toolchain/bin/../lib/gcc/arm-none-eabi/4.8.4/armv7e-m/fpu\libgcc.a(bpabi.o)
 .debug_frame   0x00001044       0x34 c:/freescale/kds_3.0.0/toolchain/bin/../lib/gcc/arm-none-eabi/4.8.4/armv7e-m/fpu\libgcc.a(_divdi3.o)
 .debug_frame   0x00001078       0x34 c:/freescale/kds_3.0.0/toolchain/bin/../lib/gcc/arm-none-eabi/4.8.4/armv7e-m/fpu\libgcc.a(_udivdi3.o)
 .debug_frame   0x000010ac       0x20 c:/freescale/kds_3.0.0/toolchain/bin/../lib/gcc/arm-none-eabi/4.8.4/../../../../arm-none-eabi/lib/armv7e-m/fpu\libg_s.a(lib_a-errno.o)
 .debug_frame   0x000010cc       0x28 c:/freescale/kds_3.0.0/toolchain/bin/../lib/gcc/arm-none-eabi/4.8.4/../../../../arm-none-eabi/lib/armv7e-m/fpu\libg_s.a(lib_a-exit.o)
 .debug_frame   0x000010f4       0x2c c:/freescale/kds_3.0.0/toolchain/bin/../lib/gcc/arm-none-eabi/4.8.4/../../../../arm-none-eabi/lib/armv7e-m/fpu\libg_s.a(lib_a-init.o)
 .debug_frame   0x00001120       0x28 c:/freescale/kds_3.0.0/toolchain/bin/../lib/gcc/arm-none-eabi/4.8.4/../../../../arm-none-eabi/lib/armv7e-m/fpu\libg_s.a(lib_a-memcpy-stub.o)
 .debug_frame   0x00001148       0x20 c:/freescale/kds_3.0.0/toolchain/bin/../lib/gcc/arm-none-eabi/4.8.4/../../../../arm-none-eabi/lib/armv7e-m/fpu\libg_s.a(lib_a-memset.o)
 .debug_frame   0x00001168       0x20 c:/freescale/kds_3.0.0/toolchain/bin/../lib/gcc/arm-none-eabi/4.8.4/../../../../arm-none-eabi/lib/armv7e-m/fpu\libnosys.a(_exit.o)
