Archive member included because of file (symbol)

C:\Users\12551519\Desktop\es18aut13\Project\Library\libOS.a(OS.o)
                              ./Sources/main.o (OS_Init)
C:\Users\12551519\Desktop\es18aut13\Project\Library\libAnalog.a(analog.o)
                              ./Sources/main.o (Analog_Init)
C:\Users\12551519\Desktop\es18aut13\Project\Library\libAnalog.a(SPI.o)
                              C:\Users\12551519\Desktop\es18aut13\Project\Library\libAnalog.a(analog.o) (SPI_Init)
c:/freescale/kds_3.0.0/toolchain/bin/../lib/gcc/arm-none-eabi/4.8.4/../../../../arm-none-eabi/lib/armv7e-m/fpu\libm.a(lib_a-s_cos.o)
                              ./Sources/kiss_fft.o (cos)
c:/freescale/kds_3.0.0/toolchain/bin/../lib/gcc/arm-none-eabi/4.8.4/../../../../arm-none-eabi/lib/armv7e-m/fpu\libm.a(lib_a-s_floor.o)
                              ./Sources/kiss_fft.o (floor)
c:/freescale/kds_3.0.0/toolchain/bin/../lib/gcc/arm-none-eabi/4.8.4/../../../../arm-none-eabi/lib/armv7e-m/fpu\libm.a(lib_a-s_sin.o)
                              ./Sources/kiss_fft.o (sin)
c:/freescale/kds_3.0.0/toolchain/bin/../lib/gcc/arm-none-eabi/4.8.4/../../../../arm-none-eabi/lib/armv7e-m/fpu\libm.a(lib_a-w_sqrt.o)
                              ./Sources/kiss_fft.o (sqrt)
c:/freescale/kds_3.0.0/toolchain/bin/../lib/gcc/arm-none-eabi/4.8.4/../../../../arm-none-eabi/lib/armv7e-m/fpu\libm.a(lib_a-e_rem_pio2.o)
                              c:/freescale/kds_3.0.0/toolchain/bin/../lib/gcc/arm-none-eabi/4.8.4/../../../../arm-none-eabi/lib/armv7e-m/fpu\libm.a(lib_a-s_cos.o) (__ieee754_rem_pio2)
c:/freescale/kds_3.0.0/toolchain/bin/../lib/gcc/arm-none-eabi/4.8.4/../../../../arm-none-eabi/lib/armv7e-m/fpu\libm.a(lib_a-e_sqrt.o)
                              c:/freescale/kds_3.0.0/toolchain/bin/../lib/gcc/arm-none-eabi/4.8.4/../../../../arm-none-eabi/lib/armv7e-m/fpu\libm.a(lib_a-w_sqrt.o) (__ieee754_sqrt)
c:/freescale/kds_3.0.0/toolchain/bin/../lib/gcc/arm-none-eabi/4.8.4/../../../../arm-none-eabi/lib/armv7e-m/fpu\libm.a(lib_a-k_cos.o)
                              c:/freescale/kds_3.0.0/toolchain/bin/../lib/gcc/arm-none-eabi/4.8.4/../../../../arm-none-eabi/lib/armv7e-m/fpu\libm.a(lib_a-s_cos.o) (__kernel_cos)
c:/freescale/kds_3.0.0/toolchain/bin/../lib/gcc/arm-none-eabi/4.8.4/../../../../arm-none-eabi/lib/armv7e-m/fpu\libm.a(lib_a-k_rem_pio2.o)
                              c:/freescale/kds_3.0.0/toolchain/bin/../lib/gcc/arm-none-eabi/4.8.4/../../../../arm-none-eabi/lib/armv7e-m/fpu\libm.a(lib_a-e_rem_pio2.o) (__kernel_rem_pio2)
c:/freescale/kds_3.0.0/toolchain/bin/../lib/gcc/arm-none-eabi/4.8.4/../../../../arm-none-eabi/lib/armv7e-m/fpu\libm.a(lib_a-k_sin.o)
                              c:/freescale/kds_3.0.0/toolchain/bin/../lib/gcc/arm-none-eabi/4.8.4/../../../../arm-none-eabi/lib/armv7e-m/fpu\libm.a(lib_a-s_cos.o) (__kernel_sin)
c:/freescale/kds_3.0.0/toolchain/bin/../lib/gcc/arm-none-eabi/4.8.4/../../../../arm-none-eabi/lib/armv7e-m/fpu\libm.a(lib_a-s_fabs.o)
                              c:/freescale/kds_3.0.0/toolchain/bin/../lib/gcc/arm-none-eabi/4.8.4/../../../../arm-none-eabi/lib/armv7e-m/fpu\libm.a(lib_a-e_rem_pio2.o) (fabs)
c:/freescale/kds_3.0.0/toolchain/bin/../lib/gcc/arm-none-eabi/4.8.4/../../../../arm-none-eabi/lib/armv7e-m/fpu\libm.a(lib_a-s_fpclassify.o)
                              c:/freescale/kds_3.0.0/toolchain/bin/../lib/gcc/arm-none-eabi/4.8.4/../../../../arm-none-eabi/lib/armv7e-m/fpu\libm.a(lib_a-w_sqrt.o) (__fpclassifyd)
c:/freescale/kds_3.0.0/toolchain/bin/../lib/gcc/arm-none-eabi/4.8.4/../../../../arm-none-eabi/lib/armv7e-m/fpu\libm.a(lib_a-s_lib_ver.o)
                              c:/freescale/kds_3.0.0/toolchain/bin/../lib/gcc/arm-none-eabi/4.8.4/../../../../arm-none-eabi/lib/armv7e-m/fpu\libm.a(lib_a-w_sqrt.o) (__fdlib_version)
c:/freescale/kds_3.0.0/toolchain/bin/../lib/gcc/arm-none-eabi/4.8.4/../../../../arm-none-eabi/lib/armv7e-m/fpu\libm.a(lib_a-s_matherr.o)
                              c:/freescale/kds_3.0.0/toolchain/bin/../lib/gcc/arm-none-eabi/4.8.4/../../../../arm-none-eabi/lib/armv7e-m/fpu\libm.a(lib_a-w_sqrt.o) (matherr)
c:/freescale/kds_3.0.0/toolchain/bin/../lib/gcc/arm-none-eabi/4.8.4/../../../../arm-none-eabi/lib/armv7e-m/fpu\libm.a(lib_a-s_scalbn.o)
                              c:/freescale/kds_3.0.0/toolchain/bin/../lib/gcc/arm-none-eabi/4.8.4/../../../../arm-none-eabi/lib/armv7e-m/fpu\libm.a(lib_a-k_rem_pio2.o) (scalbn)
c:/freescale/kds_3.0.0/toolchain/bin/../lib/gcc/arm-none-eabi/4.8.4/../../../../arm-none-eabi/lib/armv7e-m/fpu\libm.a(lib_a-s_copysign.o)
                              c:/freescale/kds_3.0.0/toolchain/bin/../lib/gcc/arm-none-eabi/4.8.4/../../../../arm-none-eabi/lib/armv7e-m/fpu\libm.a(lib_a-s_scalbn.o) (copysign)
c:/freescale/kds_3.0.0/toolchain/bin/../lib/gcc/arm-none-eabi/4.8.4/armv7e-m/fpu\libgcc.a(_arm_addsubdf3.o)
                              ./Sources/kiss_fft.o (__aeabi_dsub)
[...]
Memory Configuration

Name             Origin             Length             Attributes
m_interrupts     0x00000000         0x000001e8         xr
m_text           0x00000410         0x0007fbf0         xr
m_data           0x1fff0000         0x00010000         rw
m_data_20000000  0x20000000         0x00010000         rw
m_cfmprotrom     0x00000400         0x00000010         xr
*default*        0x00000000         0xffffffff

Linker script and memory map

LOAD c:/freescale/kds_3.0.0/toolchain/bin/../lib/gcc/arm-none-eabi/4.8.4/armv7e-m/fpu/crti.o
LOAD c:/freescale/kds_3.0.0/toolchain/bin/../lib/gcc/arm-none-eabi/4.8.4/armv7e-m/fpu/crtbegin.o
LOAD c:/freescale/kds_3.0.0/toolchain/bin/../lib/gcc/arm-none-eabi/4.8.4/../../../../arm-none-eabi/lib/armv7e-m/fpu/crt0.o
LOAD ./Sources/Events.o
LOAD ./Sources/FIFO.o
LOAD ./Sources/FTM.o
LOAD ./Sources/Flash.o
LOAD ./Sources/LEDs.o
LOAD ./Sources/PIT.o
LOAD ./Sources/UART.o
LOAD ./Sources/kiss_fft.o
LOAD ./Sources/kiss_fftr.o
LOAD ./Sources/main.o
LOAD ./Sources/packet.o
LOAD ./Project_Settings/Startup_Code/startup.o
LOAD ./Generated_Code/Cpu.o
LOAD ./Generated_Code/Vectors.o
LOAD C:\Users\12551519\Desktop\es18aut13\Project\Library\libOS.a
LOAD C:\Users\12551519\Desktop\es18aut13\Project\Library\libAnalog.a
LOAD c:/freescale/kds_3.0.0/toolchain/bin/../lib/gcc/arm-none-eabi/4.8.4/../../../../arm-none-eabi/lib/armv7e-m/fpu\libstdc++_s.a
LOAD c:/freescale/kds_3.0.0/toolchain/bin/../lib/gcc/arm-none-eabi/4.8.4/../../../../arm-none-eabi/lib/armv7e-m/fpu\libm.a
START GROUP
LOAD c:/freescale/kds_3.0.0/toolchain/bin/../lib/gcc/arm-none-eabi/4.8.4/armv7e-m/fpu\libgcc.a
LOAD c:/freescale/kds_3.0.0/toolchain/bin/../lib/gcc/arm-none-eabi/4.8.4/../../../../arm-none-eabi/lib/armv7e-m/fpu\libg_s.a
LOAD c:/freescale/kds_3.0.0/toolchain/bin/../lib/gcc/arm-none-eabi/4.8.4/../../../../arm-none-eabi/lib/armv7e-m/fpu\libc_s.a
END GROUP
START GROUP
LOAD c:/freescale/kds_3.0.0/toolchain/bin/../lib/gcc/arm-none-eabi/4.8.4/armv7e-m/fpu\libgcc.a
LOAD c:/freescale/kds_3.0.0/toolchain/bin/../lib/gcc/arm-none-eabi/4.8.4/../../../../arm-none-eabi/lib/armv7e-m/fpu\libc_s.a
LOAD c:/freescale/kds_3.0.0/toolchain/bin/../lib/gcc/arm-none-eabi/4.8.4/../../../../arm-none-eabi/lib/armv7e-m/fpu\libnosys.a
END GROUP
START GROUP
LOAD c:/freescale/kds_3.0.0/toolchain/bin/../lib/gcc/arm-none-eabi/4.8.4/armv7e-m/fpu\libgcc.a
LOAD c:/freescale/kds_3.0.0/toolchain/bin/../lib/gcc/arm-none-eabi/4.8.4/../../../../arm-none-eabi/lib/armv7e-m/fpu\libc_s.a
LOAD c:/freescale/kds_3.0.0/toolchain/bin/../lib/gcc/arm-none-eabi/4.8.4/../../../../arm-none-eabi/lib/armv7e-m/fpu\libnosys.a
END GROUP
LOAD c:/freescale/kds_3.0.0/toolchain/bin/../lib/gcc/arm-none-eabi/4.8.4/armv7e-m/fpu/crtend.o
LOAD c:/freescale/kds_3.0.0/toolchain/bin/../lib/gcc/arm-none-eabi/4.8.4/armv7e-m/fpu/crtn.o
                0x20000000                _estack = 0x20000000
                0x20000000                __SP_INIT = _estack
                0x20000000                __stack = _estack
                0x00000000                __heap_size = 0x0
                0x00000400                __stack_size = 0x400

.interrupts     0x00000000      0x1e8
                0x00000000                __vector_table = .
                0x00000000                . = ALIGN (0x4)
 *(.vectortable)
 .vectortable   0x00000000      0x1e8 ./Generated_Code/Vectors.o
                0x00000000                __vect_table
                0x000001e8                . = ALIGN (0x4)

.cfmprotect     0x00000400       0x10
                0x00000400                . = ALIGN (0x4)
 *(.cfmconfig)
 .cfmconfig     0x00000400       0x10 ./Generated_Code/Cpu.o
                0x00000400                _cfm
                0x00000410                . = ALIGN (0x4)

.text           0x00000410     0x81b8
                0x00000410                . = ALIGN (0x4)
 *(.text)
 .text          0x00000410       0x54 c:/freescale/kds_3.0.0/toolchain/bin/../lib/gcc/arm-none-eabi/4.8.4/armv7e-m/fpu/crtbegin.o
 .text          0x00000464       0x74 c:/freescale/kds_3.0.0/toolchain/bin/../lib/gcc/arm-none-eabi/4.8.4/../../../../arm-none-eabi/lib/armv7e-m/fpu/crt0.o
                0x00000464                _start
                0x00000464                _mainCRTStartup
 .text          0x000004d8      0x370 c:/freescale/kds_3.0.0/toolchain/bin/../lib/gcc/arm-none-eabi/4.8.4/armv7e-m/fpu\libgcc.a(_arm_addsubdf3.o)
                0x000004d8                __aeabi_drsub
                0x000004e0                __aeabi_dsub
                0x000004e0                __subdf3
                0x000004e4                __aeabi_dadd
                0x000004e4                __adddf3
                0x0000075c                __floatunsidf
                0x0000075c                __aeabi_ui2d
                0x0000077c                __floatsidf
                0x0000077c                __aeabi_i2d
                0x000007a0                __aeabi_f2d
                0x000007a0                __extendsfdf2
                0x000007dc                __floatundidf
                0x000007dc                __aeabi_ul2d
                0x000007ec                __floatdidf
                0x000007ec                __aeabi_l2d
 .text          0x00000848      0x424 c:/freescale/kds_3.0.0/toolchain/bin/../lib/gcc/arm-none-eabi/4.8.4/armv7e-m/fpu\libgcc.a(_arm_muldivdf3.o)
                0x00000848                __aeabi_dmul
                0x00000848                __muldf3
                0x00000a9c                __divdf3
                0x00000a9c                __aeabi_ddiv
 .text          0x00000c6c      0x110 c:/freescale/kds_3.0.0/toolchain/bin/../lib/gcc/arm-none-eabi/4.8.4/armv7e-m/fpu\libgcc.a(_arm_cmpdf2.o)
                0x00000c6c                __gtdf2
                0x00000c6c                __gedf2
                0x00000c74                __ltdf2
                0x00000c74                __ledf2
                0x00000c7c                __nedf2
                0x00000c7c                __eqdf2
                0x00000c7c                __cmpdf2
                0x00000cf8                __aeabi_cdrcmple
                0x00000d08                __aeabi_cdcmpeq
                0x00000d08                __aeabi_cdcmple
                0x00000d18                __aeabi_dcmpeq
                0x00000d2c                __aeabi_dcmplt
                0x00000d40                __aeabi_dcmple
                0x00000d54                __aeabi_dcmpge
                0x00000d68                __aeabi_dcmpgt
 .text          0x00000d7c       0x50 c:/freescale/kds_3.0.0/toolchain/bin/../lib/gcc/arm-none-eabi/4.8.4/armv7e-m/fpu\libgcc.a(_arm_fixdfsi.o)
                0x00000d7c                __aeabi_d2iz
                0x00000d7c                __fixdfsi
 .text          0x00000dcc       0xa0 c:/freescale/kds_3.0.0/toolchain/bin/../lib/gcc/arm-none-eabi/4.8.4/armv7e-m/fpu\libgcc.a(_arm_truncdfsf2.o)
                0x00000dcc                __truncdfsf2
                0x00000dcc                __aeabi_d2f
 .text          0x00000e6c       0x38 c:/freescale/kds_3.0.0/toolchain/bin/../lib/gcc/arm-none-eabi/4.8.4/armv7e-m/fpu\libgcc.a(_aeabi_ldivmod.o)
                0x00000e6c                __aeabi_ldivmod
 .text          0x00000ea4       0x2c c:/freescale/kds_3.0.0/toolchain/bin/../lib/gcc/arm-none-eabi/4.8.4/armv7e-m/fpu\libgcc.a(_aeabi_uldivmod.o)
                0x00000ea4                __aeabi_uldivmod
 .text          0x00000ed0       0x2c c:/freescale/kds_3.0.0/toolchain/bin/../lib/gcc/arm-none-eabi/4.8.4/armv7e-m/fpu\libgcc.a(_fixsfdi.o)
                0x00000ed0                __fixsfdi
                0x00000ed0                __aeabi_f2lz
 .text          0x00000efc       0x48 c:/freescale/kds_3.0.0/toolchain/bin/../lib/gcc/arm-none-eabi/4.8.4/armv7e-m/fpu\libgcc.a(_fixunssfdi.o)
                0x00000efc                __fixunssfdi
                0x00000efc                __aeabi_f2ulz
 .text          0x00000f44       0x60 c:/freescale/kds_3.0.0/toolchain/bin/../lib/gcc/arm-none-eabi/4.8.4/armv7e-m/fpu\libgcc.a(bpabi.o)
                0x00000f44                __gnu_ldivmod_helper
                0x00000f74                __gnu_uldivmod_helper
 .text          0x00000fa4        0x4 c:/freescale/kds_3.0.0/toolchain/bin/../lib/gcc/arm-none-eabi/4.8.4/armv7e-m/fpu\libgcc.a(_dvmd_tls.o)
                0x00000fa4                __aeabi_idiv0
                0x00000fa4                __aeabi_ldiv0
 .text          0x00000fa8       0x40 c:/freescale/kds_3.0.0/toolchain/bin/../lib/gcc/arm-none-eabi/4.8.4/armv7e-m/fpu\libgcc.a(_arm_fixunsdfsi.o)
                0x00000fa8                __aeabi_d2uiz
                0x00000fa8                __fixunsdfsi
 .text          0x00000fe8      0x298 c:/freescale/kds_3.0.0/toolchain/bin/../lib/gcc/arm-none-eabi/4.8.4/armv7e-m/fpu\libgcc.a(_divdi3.o)
                0x00000fe8                __divdi3
 .text          0x00001280      0x284 c:/freescale/kds_3.0.0/toolchain/bin/../lib/gcc/arm-none-eabi/4.8.4/armv7e-m/fpu\libgcc.a(_udivdi3.o)
                0x00001280                __udivdi3
 *(.text*)
 .text.FIFO_Init
                0x00001504       0x48 ./Sources/FIFO.o
                0x00001504                FIFO_Init
 .text.FIFO_Put
                0x0000154c       0x70 ./Sources/FIFO.o
                0x0000154c                FIFO_Put
 .text.FIFO_Get
                0x000015bc       0x70 ./Sources/FIFO.o
                0x000015bc                FIFO_Get
 .text.FTM_Init
                0x0000162c       0xfc ./Sources/FTM.o
                0x0000162c                FTM_Init
 .text.FTM_Set  0x00001728       0xe4 ./Sources/FTM.o
                0x00001728                FTM_Set
 .text.FTM_StartTimer
                0x0000180c       0x78 ./Sources/FTM.o
                0x0000180c                FTM_StartTimer
 .text.FTM0_ISR
                0x00001884       0x98 ./Sources/FTM.o
                0x00001884                FTM0_ISR
 .text.Flash_Init
                0x0000191c       0x20 ./Sources/Flash.o
                0x0000191c                Flash_Init
 .text.Flash_AllocateVar
                0x0000193c       0x90 ./Sources/Flash.o
                0x0000193c                Flash_AllocateVar
 .text.Flash_Write
                0x000019cc       0x78 ./Sources/Flash.o
                0x000019cc                Flash_Write
 .text.Flash_Read8
                0x00001a44       0x34 ./Sources/Flash.o
                0x00001a44                Flash_Read8
 .text.Write32  0x00001a78       0x58 ./Sources/Flash.o
 .text.Write16  0x00001ad0       0x60 ./Sources/Flash.o
 .text.Write8   0x00001b30       0x60 ./Sources/Flash.o
 .text.LaunchCommand
                0x00001b90       0x98 ./Sources/Flash.o
 .text.WritePhrase
                0x00001c28       0xec ./Sources/Flash.o
 .text.EraseSector
                0x00001d14       0x38 ./Sources/Flash.o
 .text.LEDs_Init
                0x00001d4c       0xd4 ./Sources/LEDs.o
                0x00001d4c                LEDs_Init
 .text.LEDs_On  0x00001e20       0x24 ./Sources/LEDs.o
                0x00001e20                LEDs_On
 .text.LEDs_Off
                0x00001e44       0x24 ./Sources/LEDs.o
                0x00001e44                LEDs_Off
 .text.PIT_Init
                0x00001e68       0xdc ./Sources/PIT.o
                0x00001e68                PIT_Init
 .text.PIT_Set  0x00001f44       0x5c ./Sources/PIT.o
                0x00001f44                PIT_Set
 .text.PIT_Enable
                0x00001fa0       0x40 ./Sources/PIT.o
                0x00001fa0                PIT_Enable
 .text.PIT_ISR  0x00001fe0       0x48 ./Sources/PIT.o
                0x00001fe0                PIT_ISR
 .text.RxUARTThread
                0x00002028       0x30 ./Sources/UART.o
 .text.TxUARTThread
                0x00002058       0x50 ./Sources/UART.o
 .text.UART_Init
                0x000020a8      0x1c8 ./Sources/UART.o
                0x000020a8                UART_Init
 .text.UART_InChar
                0x00002270       0x1c ./Sources/UART.o
                0x00002270                UART_InChar
 .text.UART_OutChar
                0x0000228c       0x34 ./Sources/UART.o
                0x0000228c                UART_OutChar
 .text.UART_ISR
                0x000022c0       0x94 ./Sources/UART.o
                0x000022c0                UART_ISR
 .text.kf_bfly2
                0x00002354       0xec ./Sources/kiss_fft.o
 .text.kf_bfly4
                0x00002440      0x360 ./Sources/kiss_fft.o
 .text.kf_bfly3
                0x000027a0      0x2e4 ./Sources/kiss_fft.o
 .text.kf_bfly5
                0x00002a84      0x604 ./Sources/kiss_fft.o
 .text.kf_bfly_generic
                0x00003088      0x1b0 ./Sources/kiss_fft.o
 .text.kf_work  0x00003238      0x118 ./Sources/kiss_fft.o
 .text.kf_factor
                0x00003350       0xb8 ./Sources/kiss_fft.o
 .text.kiss_fft_alloc
                0x00003408      0x140 ./Sources/kiss_fft.o
                0x00003408                kiss_fft_alloc
 .text.kiss_fft_stride
                0x00003548       0x70 ./Sources/kiss_fft.o
                0x00003548                kiss_fft_stride
 .text.kiss_fft
                0x000035b8       0x20 ./Sources/kiss_fft.o
                0x000035b8                kiss_fft
 .text.kiss_fftr_alloc
                0x000035d8      0x1a0 ./Sources/kiss_fftr.o
                0x000035d8                kiss_fftr_alloc
 .text.kiss_fftr
                0x00003778      0x24c ./Sources/kiss_fftr.o
                0x00003778                kiss_fftr
 .text.ProtectedAnalogPut
                0x000039c4       0x28 ./Sources/main.o
                0x000039c4                ProtectedAnalogPut
 .text.ArrayCopy
                0x000039ec       0x40 ./Sources/main.o
                0x000039ec                ArrayCopy
 .text.ArrayAnyTrue
                0x00003a2c       0x40 ./Sources/main.o
                0x00003a2c                ArrayAnyTrue
 .text.QuickSquareRoot
                0x00003a6c       0x90 ./Sources/main.o
                0x00003a6c                QuickSquareRoot
 .text.CalculateRMS
                0x00003afc       0xa4 ./Sources/main.o
                0x00003afc                CalculateRMS
 .text.CheckRMS
                0x00003ba0      0x130 ./Sources/main.o
                0x00003ba0                CheckRMS
 .text.HandleTowerTiming
                0x00003cd0       0x84 ./Sources/main.o
 .text.HandleTowerRaises
                0x00003d54       0x74 ./Sources/main.o
 .text.HandleTowerLowers
                0x00003dc8       0x74 ./Sources/main.o
 .text.HandleTowerFrequency
                0x00003e3c       0x38 ./Sources/main.o
 .text.HandleTowerVoltage
                0x00003e74       0x70 ./Sources/main.o
 .text.HandleTowerSpectrum
                0x00003ee4      0x1d4 ./Sources/main.o
 .text.ReceivedPacket
                0x000040b8       0xfc ./Sources/main.o
                0x000040b8                ReceivedPacket
 .text.PITCallback
                0x000041b4       0xb8 ./Sources/main.o
                0x000041b4                PITCallback
 .text.TowerInit
                0x0000426c      0x124 ./Sources/main.o
                0x0000426c                TowerInit
 .text.InitModulesThread
                0x00004390       0xf0 ./Sources/main.o
 .text.PacketThread
                0x00004480       0x5c ./Sources/main.o
 .text.FTMLEDsOffThread
                0x000044dc       0x24 ./Sources/main.o
 .text.CalculateRMSThread
                0x00004500      0x114 ./Sources/main.o
                0x00004500                CalculateRMSThread
 *fill*         0x00004614        0x4 
 .text.CalculateFrequencyThread
                0x00004618      0x260 ./Sources/main.o
                0x00004618                CalculateFrequencyThread
 .text.RaisesThread
                0x00004878       0x3c ./Sources/main.o
                0x00004878                RaisesThread
 .text.LowersThread
                0x000048b4       0x3c ./Sources/main.o
                0x000048b4                LowersThread
 .text.main     0x000048f0       0xfc ./Sources/main.o
                0x000048f0                main
 .text.Packet_Init
                0x000049ec       0x2c ./Sources/packet.o
                0x000049ec                Packet_Init
 .text.Packet_Get
                0x00004a18       0x6c ./Sources/packet.o
                0x00004a18                Packet_Get
 .text.Packet_Put
                0x00004a84       0x70 ./Sources/packet.o
                0x00004a84                Packet_Put
 .text.__copy_rom_section
                0x00004af4       0xe4 ./Project_Settings/Startup_Code/startup.o
                0x00004af4                __copy_rom_section
 .text.__copy_rom_sections_to_ram
                0x00004bd8       0x9c ./Project_Settings/Startup_Code/startup.o
                0x00004bd8                __copy_rom_sections_to_ram
 .text.__init_registers
                0x00004c74       0x20 ./Project_Settings/Startup_Code/startup.o
                0x00004c74                __init_registers
 .text.__init_user
                0x00004c94        0xc ./Project_Settings/Startup_Code/startup.o
                0x00004c94                __init_user
 .text.__thumb_startup
                0x00004ca0       0x34 ./Project_Settings/Startup_Code/startup.o
                0x00004ca0                __thumb_startup
 .text.Cpu_Interrupt
                0x00004cd4       0x18 ./Generated_Code/Cpu.o
                0x00004cd4                Cpu_Interrupt
 .text.__init_hardware
                0x00004cec      0x1cc ./Generated_Code/Cpu.o
                0x00004cec                __init_hardware
 .text.Cpu_SetBASEPRI
                0x00004eb8       0x18 ./Generated_Code/Cpu.o
                0x00004eb8                Cpu_SetBASEPRI
 .text.PE_low_level_init
                0x00004ed0       0xe4 ./Generated_Code/Cpu.o
                0x00004ed0                PE_low_level_init
 .text.OS_Init  0x00004fb4      0x110 C:\Users\12551519\Desktop\es18aut13\Project\Library\libOS.a(OS.o)
                0x00004fb4                OS_Init
 .text.OS_ISREnter
                0x000050c4       0x20 C:\Users\12551519\Desktop\es18aut13\Project\Library\libOS.a(OS.o)
                0x000050c4                OS_ISREnter
 .text.OS_ISRExit
                0x000050e4       0x1c C:\Users\12551519\Desktop\es18aut13\Project\Library\libOS.a(OS.o)
                0x000050e4                OS_ISRExit
 .text.OS_SemaphoreCreate
                0x00005100       0x90 C:\Users\12551519\Desktop\es18aut13\Project\Library\libOS.a(OS.o)
                0x00005100                OS_SemaphoreCreate
 .text.OS_SemaphoreSignal
                0x00005190       0x44 C:\Users\12551519\Desktop\es18aut13\Project\Library\libOS.a(OS.o)
                0x00005190                OS_SemaphoreSignal
 .text.OS_SemaphoreWait
                0x000051d4       0x58 C:\Users\12551519\Desktop\es18aut13\Project\Library\libOS.a(OS.o)
                0x000051d4                OS_SemaphoreWait
 .text.OS_Start
                0x0000522c       0x10 C:\Users\12551519\Desktop\es18aut13\Project\Library\libOS.a(OS.o)
                0x0000522c                OS_Start
 .text.OS_ThreadCreate
                0x0000523c      0x160 C:\Users\12551519\Desktop\es18aut13\Project\Library\libOS.a(OS.o)
                0x0000523c                OS_ThreadCreate
 .text.OS_ThreadDelete
                0x0000539c      0x18c C:\Users\12551519\Desktop\es18aut13\Project\Library\libOS.a(OS.o)
                0x0000539c                OS_ThreadDelete
 .text.EventThreadReady
                0x00005528       0x68 C:\Users\12551519\Desktop\es18aut13\Project\Library\libOS.a(OS.o)
 .text.EventThreadWait
                0x00005590       0x64 C:\Users\12551519\Desktop\es18aut13\Project\Library\libOS.a(OS.o)
 .text.EventTimeout
                0x000055f4       0x40 C:\Users\12551519\Desktop\es18aut13\Project\Library\libOS.a(OS.o)
 .text.Idle     0x00005634       0x18 C:\Users\12551519\Desktop\es18aut13\Project\Library\libOS.a(OS.o)
 .text.FindFirstSet
                0x0000564c       0x44 C:\Users\12551519\Desktop\es18aut13\Project\Library\libOS.a(OS.o)
 .text.Schedule
                0x00005690       0x64 C:\Users\12551519\Desktop\es18aut13\Project\Library\libOS.a(OS.o)
 .text.TCBInit  0x000056f4       0xcc C:\Users\12551519\Desktop\es18aut13\Project\Library\libOS.a(OS.o)
 .text.TimeTick
                0x000057c0       0x74 C:\Users\12551519\Desktop\es18aut13\Project\Library\libOS.a(OS.o)
 *fill*         0x00005834        0xc 
 .text.OS_ContextSwitchISR
                0x00005840       0x70 C:\Users\12551519\Desktop\es18aut13\Project\Library\libOS.a(OS.o)
                0x00005840                OS_ContextSwitchISR
 .text.OS_SysTickISR
                0x000058b0       0x5c C:\Users\12551519\Desktop\es18aut13\Project\Library\libOS.a(OS.o)
                0x000058b0                OS_SysTickISR
 .text.DACWrite
                0x0000590c       0x6c C:\Users\12551519\Desktop\es18aut13\Project\Library\libAnalog.a(analog.o)
 .text.Analog_Init
                0x00005978       0x7c C:\Users\12551519\Desktop\es18aut13\Project\Library\libAnalog.a(analog.o)
                0x00005978                Analog_Init
 .text.Analog_Get
                0x000059f4       0x78 C:\Users\12551519\Desktop\es18aut13\Project\Library\libAnalog.a(analog.o)
                0x000059f4                Analog_Get
 .text.Analog_Put
                0x00005a6c       0x50 C:\Users\12551519\Desktop\es18aut13\Project\Library\libAnalog.a(analog.o)
                0x00005a6c                Analog_Put
 .text.InitChipSelectPins
                0x00005abc       0x6c C:\Users\12551519\Desktop\es18aut13\Project\Library\libAnalog.a(SPI.o)
 .text.SetupModuleConfigurationRegister
                0x00005b28      0x104 C:\Users\12551519\Desktop\es18aut13\Project\Library\libAnalog.a(SPI.o)
 .text.SetBaudRate
                0x00005c2c      0x15c C:\Users\12551519\Desktop\es18aut13\Project\Library\libAnalog.a(SPI.o)
 .text.SetDelayAfterTransfer
                0x00005d88      0x168 C:\Users\12551519\Desktop\es18aut13\Project\Library\libAnalog.a(SPI.o)
 .text.SetupClockAndTransferAttributesRegister
                0x00005ef0      0x16c C:\Users\12551519\Desktop\es18aut13\Project\Library\libAnalog.a(SPI.o)
 .text.SPI_Init
                0x0000605c       0x90 C:\Users\12551519\Desktop\es18aut13\Project\Library\libAnalog.a(SPI.o)
                0x0000605c                SPI_Init
 .text.SPI_SelectSlaveDevice
                0x000060ec       0x6c C:\Users\12551519\Desktop\es18aut13\Project\Library\libAnalog.a(SPI.o)
                0x000060ec                SPI_SelectSlaveDevice
 .text.SPI_Exchange
                0x00006158       0x94 C:\Users\12551519\Desktop\es18aut13\Project\Library\libAnalog.a(SPI.o)
                0x00006158                SPI_Exchange
 *fill*         0x000061ec        0x4 
 .text.cos      0x000061f0       0xa8 c:/freescale/kds_3.0.0/toolchain/bin/../lib/gcc/arm-none-eabi/4.8.4/../../../../arm-none-eabi/lib/armv7e-m/fpu\libm.a(lib_a-s_cos.o)
                0x000061f0                cos
 .text.floor    0x00006298      0x138 c:/freescale/kds_3.0.0/toolchain/bin/../lib/gcc/arm-none-eabi/4.8.4/../../../../arm-none-eabi/lib/armv7e-m/fpu\libm.a(lib_a-s_floor.o)
                0x00006298                floor
 .text.sin      0x000063d0       0xb0 c:/freescale/kds_3.0.0/toolchain/bin/../lib/gcc/arm-none-eabi/4.8.4/../../../../arm-none-eabi/lib/armv7e-m/fpu\libm.a(lib_a-s_sin.o)
                0x000063d0                sin
 .text.sqrt     0x00006480       0xbc c:/freescale/kds_3.0.0/toolchain/bin/../lib/gcc/arm-none-eabi/4.8.4/../../../../arm-none-eabi/lib/armv7e-m/fpu\libm.a(lib_a-w_sqrt.o)
                0x00006480                sqrt
 *fill*         0x0000653c        0x4 
 .text.__ieee754_rem_pio2
                0x00006540      0x450 c:/freescale/kds_3.0.0/toolchain/bin/../lib/gcc/arm-none-eabi/4.8.4/../../../../arm-none-eabi/lib/armv7e-m/fpu\libm.a(lib_a-e_rem_pio2.o)
                0x00006540                __ieee754_rem_pio2
 .text.__ieee754_sqrt
                0x00006990      0x198 c:/freescale/kds_3.0.0/toolchain/bin/../lib/gcc/arm-none-eabi/4.8.4/../../../../arm-none-eabi/lib/armv7e-m/fpu\libm.a(lib_a-e_sqrt.o)
                0x00006990                __ieee754_sqrt
 .text.__kernel_cos
                0x00006b28      0x280 c:/freescale/kds_3.0.0/toolchain/bin/../lib/gcc/arm-none-eabi/4.8.4/../../../../arm-none-eabi/lib/armv7e-m/fpu\libm.a(lib_a-k_cos.o)
                0x00006b28                __kernel_cos
 .text.__kernel_rem_pio2
                0x00006da8      0x798 c:/freescale/kds_3.0.0/toolchain/bin/../lib/gcc/arm-none-eabi/4.8.4/../../../../arm-none-eabi/lib/armv7e-m/fpu\libm.a(lib_a-k_rem_pio2.o)
                0x00006da8                __kernel_rem_pio2
 .text.__kernel_sin
                0x00007540      0x190 c:/freescale/kds_3.0.0/toolchain/bin/../lib/gcc/arm-none-eabi/4.8.4/../../../../arm-none-eabi/lib/armv7e-m/fpu\libm.a(lib_a-k_sin.o)
                0x00007540                __kernel_sin
 .text.fabs     0x000076d0       0x14 c:/freescale/kds_3.0.0/toolchain/bin/../lib/gcc/arm-none-eabi/4.8.4/../../../../arm-none-eabi/lib/armv7e-m/fpu\libm.a(lib_a-s_fabs.o)
                0x000076d0                fabs
 .text.__fpclassifyd
                0x000076e4       0x54 c:/freescale/kds_3.0.0/toolchain/bin/../lib/gcc/arm-none-eabi/4.8.4/../../../../arm-none-eabi/lib/armv7e-m/fpu\libm.a(lib_a-s_fpclassify.o)
                0x000076e4                __fpclassifyd
 .text.matherr  0x00007738        0x4 c:/freescale/kds_3.0.0/toolchain/bin/../lib/gcc/arm-none-eabi/4.8.4/../../../../arm-none-eabi/lib/armv7e-m/fpu\libm.a(lib_a-s_matherr.o)
                0x00007738                matherr
 *fill*         0x0000773c        0x4 
 .text.scalbn   0x00007740      0x120 c:/freescale/kds_3.0.0/toolchain/bin/../lib/gcc/arm-none-eabi/4.8.4/../../../../arm-none-eabi/lib/armv7e-m/fpu\libm.a(lib_a-s_scalbn.o)
                0x00007740                scalbn
 .text.copysign
                0x00007860       0x24 c:/freescale/kds_3.0.0/toolchain/bin/../lib/gcc/arm-none-eabi/4.8.4/../../../../arm-none-eabi/lib/armv7e-m/fpu\libm.a(lib_a-s_copysign.o)
                0x00007860                copysign
 .text.__errno  0x00007884        0xc c:/freescale/kds_3.0.0/toolchain/bin/../lib/gcc/arm-none-eabi/4.8.4/../../../../arm-none-eabi/lib/armv7e-m/fpu\libg_s.a(lib_a-errno.o)
                0x00007884                __errno
 .text.exit     0x00007890       0x28 c:/freescale/kds_3.0.0/toolchain/bin/../lib/gcc/arm-none-eabi/4.8.4/../../../../arm-none-eabi/lib/armv7e-m/fpu\libg_s.a(lib_a-exit.o)
                0x00007890                exit
 .text._fwrite_r
                0x000078b8       0xb0 c:/freescale/kds_3.0.0/toolchain/bin/../lib/gcc/arm-none-eabi/4.8.4/../../../../arm-none-eabi/lib/armv7e-m/fpu\libg_s.a(lib_a-fwrite.o)
                0x000078b8                _fwrite_r
 .text.fwrite   0x00007968       0x20 c:/freescale/kds_3.0.0/toolchain/bin/../lib/gcc/arm-none-eabi/4.8.4/../../../../arm-none-eabi/lib/armv7e-m/fpu\libg_s.a(lib_a-fwrite.o)
                0x00007968                fwrite
 .text.__libc_init_array
                0x00007988       0x4c c:/freescale/kds_3.0.0/toolchain/bin/../lib/gcc/arm-none-eabi/4.8.4/../../../../arm-none-eabi/lib/armv7e-m/fpu\libg_s.a(lib_a-init.o)
                0x00007988                __libc_init_array
 .text.malloc   0x000079d4       0x10 c:/freescale/kds_3.0.0/toolchain/bin/../lib/gcc/arm-none-eabi/4.8.4/../../../../arm-none-eabi/lib/armv7e-m/fpu\libg_s.a(lib_a-malloc.o)
                0x000079d4                malloc
 .text.free     0x000079e4       0x10 c:/freescale/kds_3.0.0/toolchain/bin/../lib/gcc/arm-none-eabi/4.8.4/../../../../arm-none-eabi/lib/armv7e-m/fpu\libg_s.a(lib_a-malloc.o)
                0x000079e4                free
 .text.memcpy   0x000079f4       0x12 c:/freescale/kds_3.0.0/toolchain/bin/../lib/gcc/arm-none-eabi/4.8.4/../../../../arm-none-eabi/lib/armv7e-m/fpu\libg_s.a(lib_a-memcpy-stub.o)
                0x000079f4                memcpy
 .text.memset   0x00007a06       0x10 c:/freescale/kds_3.0.0/toolchain/bin/../lib/gcc/arm-none-eabi/4.8.4/../../../../arm-none-eabi/lib/armv7e-m/fpu\libg_s.a(lib_a-memset.o)
                0x00007a06                memset
 *fill*         0x00007a16        0x2 
 .text._free_r  0x00007a18       0x88 c:/freescale/kds_3.0.0/toolchain/bin/../lib/gcc/arm-none-eabi/4.8.4/../../../../arm-none-eabi/lib/armv7e-m/fpu\libg_s.a(lib_a-nano-freer.o)
                0x00007a18                _free_r
 .text._malloc_r
                0x00007aa0       0xa8 c:/freescale/kds_3.0.0/toolchain/bin/../lib/gcc/arm-none-eabi/4.8.4/../../../../arm-none-eabi/lib/armv7e-m/fpu\libg_s.a(lib_a-nano-mallocr.o)
                0x00007aa0                _malloc_r
 .text._sbrk_r  0x00007b48       0x20 c:/freescale/kds_3.0.0/toolchain/bin/../lib/gcc/arm-none-eabi/4.8.4/../../../../arm-none-eabi/lib/armv7e-m/fpu\libg_s.a(lib_a-sbrkr.o)
                0x00007b48                _sbrk_r
 .text.__swbuf_r
                0x00007b68       0xa8 c:/freescale/kds_3.0.0/toolchain/bin/../lib/gcc/arm-none-eabi/4.8.4/../../../../arm-none-eabi/lib/armv7e-m/fpu\libg_s.a(lib_a-wbuf.o)
                0x00007b68                __swbuf_r
 .text.__swsetup_r
                0x00007c10       0xdc c:/freescale/kds_3.0.0/toolchain/bin/../lib/gcc/arm-none-eabi/4.8.4/../../../../arm-none-eabi/lib/armv7e-m/fpu\libg_s.a(lib_a-wsetup.o)
                0x00007c10                __swsetup_r
 .text.__sflush_r
                0x00007cec      0x106 c:/freescale/kds_3.0.0/toolchain/bin/../lib/gcc/arm-none-eabi/4.8.4/../../../../arm-none-eabi/lib/armv7e-m/fpu\libg_s.a(lib_a-fflush.o)
                0x00007cec                __sflush_r
 *fill*         0x00007df2        0x2 
 .text._fflush_r
                0x00007df4       0x54 c:/freescale/kds_3.0.0/toolchain/bin/../lib/gcc/arm-none-eabi/4.8.4/../../../../arm-none-eabi/lib/armv7e-m/fpu\libg_s.a(lib_a-fflush.o)
                0x00007df4                _fflush_r
 .text._cleanup_r
                0x00007e48       0x32 c:/freescale/kds_3.0.0/toolchain/bin/../lib/gcc/arm-none-eabi/4.8.4/../../../../arm-none-eabi/lib/armv7e-m/fpu\libg_s.a(lib_a-findfp.o)
                0x00007e48                _cleanup_r
 *fill*         0x00007e7a        0x2 
 .text.std.isra.0
                0x00007e7c       0x48 c:/freescale/kds_3.0.0/toolchain/bin/../lib/gcc/arm-none-eabi/4.8.4/../../../../arm-none-eabi/lib/armv7e-m/fpu\libg_s.a(lib_a-findfp.o)
 .text.__sfmoreglue
                0x00007ec4       0x2c c:/freescale/kds_3.0.0/toolchain/bin/../lib/gcc/arm-none-eabi/4.8.4/../../../../arm-none-eabi/lib/armv7e-m/fpu\libg_s.a(lib_a-findfp.o)
                0x00007ec4                __sfmoreglue
 .text.__sinit  0x00007ef0       0x60 c:/freescale/kds_3.0.0/toolchain/bin/../lib/gcc/arm-none-eabi/4.8.4/../../../../arm-none-eabi/lib/armv7e-m/fpu\libg_s.a(lib_a-findfp.o)
                0x00007ef0                __sinit
 .text.__sfp    0x00007f50       0x74 c:/freescale/kds_3.0.0/toolchain/bin/../lib/gcc/arm-none-eabi/4.8.4/../../../../arm-none-eabi/lib/armv7e-m/fpu\libg_s.a(lib_a-findfp.o)
                0x00007f50                __sfp
 .text.__smakebuf_r
                0x00007fc4       0x9c c:/freescale/kds_3.0.0/toolchain/bin/../lib/gcc/arm-none-eabi/4.8.4/../../../../arm-none-eabi/lib/armv7e-m/fpu\libg_s.a(lib_a-makebuf.o)
                0x00007fc4                __smakebuf_r
 .text.__sread  0x00008060       0x22 c:/freescale/kds_3.0.0/toolchain/bin/../lib/gcc/arm-none-eabi/4.8.4/../../../../arm-none-eabi/lib/armv7e-m/fpu\libg_s.a(lib_a-stdio.o)
                0x00008060                __sread
 .text.__swrite
                0x00008082       0x38 c:/freescale/kds_3.0.0/toolchain/bin/../lib/gcc/arm-none-eabi/4.8.4/../../../../arm-none-eabi/lib/armv7e-m/fpu\libg_s.a(lib_a-stdio.o)
                0x00008082                __swrite
 .text.__sseek  0x000080ba       0x24 c:/freescale/kds_3.0.0/toolchain/bin/../lib/gcc/arm-none-eabi/4.8.4/../../../../arm-none-eabi/lib/armv7e-m/fpu\libg_s.a(lib_a-stdio.o)
                0x000080ba                __sseek
 .text.__sclose
                0x000080de        0x8 c:/freescale/kds_3.0.0/toolchain/bin/../lib/gcc/arm-none-eabi/4.8.4/../../../../arm-none-eabi/lib/armv7e-m/fpu\libg_s.a(lib_a-stdio.o)
                0x000080de                __sclose
 *fill*         0x000080e6        0x2 
 .text._write_r
                0x000080e8       0x24 c:/freescale/kds_3.0.0/toolchain/bin/../lib/gcc/arm-none-eabi/4.8.4/../../../../arm-none-eabi/lib/armv7e-m/fpu\libg_s.a(lib_a-writer.o)
                0x000080e8                _write_r
 .text._close_r
                0x0000810c       0x20 c:/freescale/kds_3.0.0/toolchain/bin/../lib/gcc/arm-none-eabi/4.8.4/../../../../arm-none-eabi/lib/armv7e-m/fpu\libg_s.a(lib_a-closer.o)
                0x0000810c                _close_r
 .text._fstat_r
                0x0000812c       0x24 c:/freescale/kds_3.0.0/toolchain/bin/../lib/gcc/arm-none-eabi/4.8.4/../../../../arm-none-eabi/lib/armv7e-m/fpu\libg_s.a(lib_a-fstatr.o)
                0x0000812c                _fstat_r
 .text._isatty_r
                0x00008150       0x20 c:/freescale/kds_3.0.0/toolchain/bin/../lib/gcc/arm-none-eabi/4.8.4/../../../../arm-none-eabi/lib/armv7e-m/fpu\libg_s.a(lib_a-isattyr.o)
                0x00008150                _isatty_r
 .text._lseek_r
                0x00008170       0x24 c:/freescale/kds_3.0.0/toolchain/bin/../lib/gcc/arm-none-eabi/4.8.4/../../../../arm-none-eabi/lib/armv7e-m/fpu\libg_s.a(lib_a-lseekr.o)
                0x00008170                _lseek_r
 .text._read_r  0x00008194       0x24 c:/freescale/kds_3.0.0/toolchain/bin/../lib/gcc/arm-none-eabi/4.8.4/../../../../arm-none-eabi/lib/armv7e-m/fpu\libg_s.a(lib_a-readr.o)
                0x00008194                _read_r
 .text._close   0x000081b8       0x10 c:/freescale/kds_3.0.0/toolchain/bin/../lib/gcc/arm-none-eabi/4.8.4/../../../../arm-none-eabi/lib/armv7e-m/fpu\libnosys.a(close.o)
                0x000081b8                _close
 .text._fstat   0x000081c8       0x10 c:/freescale/kds_3.0.0/toolchain/bin/../lib/gcc/arm-none-eabi/4.8.4/../../../../arm-none-eabi/lib/armv7e-m/fpu\libnosys.a(fstat.o)
                0x000081c8                _fstat
 .text._isatty  0x000081d8       0x10 c:/freescale/kds_3.0.0/toolchain/bin/../lib/gcc/arm-none-eabi/4.8.4/../../../../arm-none-eabi/lib/armv7e-m/fpu\libnosys.a(isatty.o)
                0x000081d8                _isatty
 .text._lseek   0x000081e8       0x10 c:/freescale/kds_3.0.0/toolchain/bin/../lib/gcc/arm-none-eabi/4.8.4/../../../../arm-none-eabi/lib/armv7e-m/fpu\libnosys.a(lseek.o)
                0x000081e8                _lseek
 .text._read    0x000081f8       0x10 c:/freescale/kds_3.0.0/toolchain/bin/../lib/gcc/arm-none-eabi/4.8.4/../../../../arm-none-eabi/lib/armv7e-m/fpu\libnosys.a(read.o)
                0x000081f8                _read
 .text._sbrk    0x00008208       0x34 c:/freescale/kds_3.0.0/toolchain/bin/../lib/gcc/arm-none-eabi/4.8.4/../../../../arm-none-eabi/lib/armv7e-m/fpu\libnosys.a(sbrk.o)
                0x00008208                _sbrk
 .text._write   0x0000823c       0x10 c:/freescale/kds_3.0.0/toolchain/bin/../lib/gcc/arm-none-eabi/4.8.4/../../../../arm-none-eabi/lib/armv7e-m/fpu\libnosys.a(write.o)
                0x0000823c                _write
 .text._exit    0x0000824c        0x4 c:/freescale/kds_3.0.0/toolchain/bin/../lib/gcc/arm-none-eabi/4.8.4/../../../../arm-none-eabi/lib/armv7e-m/fpu\libnosys.a(_exit.o)
                0x0000824c                _exit
 *(.rodata)
 .rodata        0x00008250       0x50 ./Sources/kiss_fftr.o
 .rodata        0x000082a0        0x4 C:\Users\12551519\Desktop\es18aut13\Project\Library\libAnalog.a(analog.o)
 .rodata        0x000082a4       0xa0 C:\Users\12551519\Desktop\es18aut13\Project\Library\libAnalog.a(SPI.o)
 *(.rodata*)
 .rodata.PACKET_ACK_MASK
                0x00008344        0x1 ./Sources/packet.o
                0x00008344                PACKET_ACK_MASK
 *fill*         0x00008345        0x3 
 .rodata.SPI_SETUP
                0x00008348       0x1c C:\Users\12551519\Desktop\es18aut13\Project\Library\libAnalog.a(analog.o)
 .rodata.str1.4
                0x00008364        0x8 c:/freescale/kds_3.0.0/toolchain/bin/../lib/gcc/arm-none-eabi/4.8.4/../../../../arm-none-eabi/lib/armv7e-m/fpu\libm.a(lib_a-w_sqrt.o)
 .rodata.npio2_hw
                0x0000836c       0x80 c:/freescale/kds_3.0.0/toolchain/bin/../lib/gcc/arm-none-eabi/4.8.4/../../../../arm-none-eabi/lib/armv7e-m/fpu\libm.a(lib_a-e_rem_pio2.o)
 .rodata.two_over_pi
                0x000083ec      0x108 c:/freescale/kds_3.0.0/toolchain/bin/../lib/gcc/arm-none-eabi/4.8.4/../../../../arm-none-eabi/lib/armv7e-m/fpu\libm.a(lib_a-e_rem_pio2.o)
 .rodata.init_jk
                0x000084f4       0x10 c:/freescale/kds_3.0.0/toolchain/bin/../lib/gcc/arm-none-eabi/4.8.4/../../../../arm-none-eabi/lib/armv7e-m/fpu\libm.a(lib_a-k_rem_pio2.o)
 *fill*         0x00008504        0x4 
 .rodata.PIo2   0x00008508       0x40 c:/freescale/kds_3.0.0/toolchain/bin/../lib/gcc/arm-none-eabi/4.8.4/../../../../arm-none-eabi/lib/armv7e-m/fpu\libm.a(lib_a-k_rem_pio2.o)
 .rodata.str1.1
                0x00008548        0x2 c:/freescale/kds_3.0.0/toolchain/bin/../lib/gcc/arm-none-eabi/4.8.4/../../../../arm-none-eabi/lib/armv7e-m/fpu\libg_s.a(lib_a-impure.o)
 *fill*         0x0000854a        0x2 
 .rodata._global_impure_ptr
                0x0000854c        0x4 c:/freescale/kds_3.0.0/toolchain/bin/../lib/gcc/arm-none-eabi/4.8.4/../../../../arm-none-eabi/lib/armv7e-m/fpu\libg_s.a(lib_a-impure.o)
                0x0000854c                _global_impure_ptr
 .rodata.__sf_fake_stdin
                0x00008550       0x20 c:/freescale/kds_3.0.0/toolchain/bin/../lib/gcc/arm-none-eabi/4.8.4/../../../../arm-none-eabi/lib/armv7e-m/fpu\libg_s.a(lib_a-findfp.o)
                0x00008550                __sf_fake_stdin
 .rodata.__sf_fake_stdout
                0x00008570       0x20 c:/freescale/kds_3.0.0/toolchain/bin/../lib/gcc/arm-none-eabi/4.8.4/../../../../arm-none-eabi/lib/armv7e-m/fpu\libg_s.a(lib_a-findfp.o)
                0x00008570                __sf_fake_stdout
 .rodata.__sf_fake_stderr
                0x00008590       0x20 c:/freescale/kds_3.0.0/toolchain/bin/../lib/gcc/arm-none-eabi/4.8.4/../../../../arm-none-eabi/lib/armv7e-m/fpu\libg_s.a(lib_a-findfp.o)
                0x00008590                __sf_fake_stderr
 *(.glue_7)
 .glue_7        0x00000000        0x0 linker stubs
 *(.glue_7t)
 .glue_7t       0x00000000        0x0 linker stubs
 *(.eh_frame)
 .eh_frame      0x000085b0        0x0 c:/freescale/kds_3.0.0/toolchain/bin/../lib/gcc/arm-none-eabi/4.8.4/armv7e-m/fpu/crtbegin.o
 *(.init)
 .init          0x000085b0        0x4 c:/freescale/kds_3.0.0/toolchain/bin/../lib/gcc/arm-none-eabi/4.8.4/armv7e-m/fpu/crti.o
                0x000085b0                _init
 .init          0x000085b4        0x8 c:/freescale/kds_3.0.0/toolchain/bin/../lib/gcc/arm-none-eabi/4.8.4/armv7e-m/fpu/crtn.o
 *(.fini)
 .fini          0x000085bc        0x4 c:/freescale/kds_3.0.0/toolchain/bin/../lib/gcc/arm-none-eabi/4.8.4/armv7e-m/fpu/crti.o
                0x000085bc                _fini
 .fini          0x000085c0        0x8 c:/freescale/kds_3.0.0/toolchain/bin/../lib/gcc/arm-none-eabi/4.8.4/armv7e-m/fpu/crtn.o
                0x000085c8                . = ALIGN (0x4)
                0x000085c8                _etext = .

.vfp11_veneer   0x000085c8        0x0
 .vfp11_veneer  0x00000000        0x0 linker stubs

.v4_bx          0x000085c8        0x0
 .v4_bx         0x00000000        0x0 linker stubs

.iplt           0x000085c8        0x0
 .iplt          0x00000000        0x0 c:/freescale/kds_3.0.0/toolchain/bin/../lib/gcc/arm-none-eabi/4.8.4/armv7e-m/fpu/crtbegin.o

.ARM.extab
 *(.ARM.extab* .gnu.linkonce.armextab.*)

.ARM            0x000085c8        0x8
                0x000085c8                __exidx_start = .
 *(.ARM.exidx*)
 .ARM.exidx     0x000085c8        0x8 c:/freescale/kds_3.0.0/toolchain/bin/../lib/gcc/arm-none-eabi/4.8.4/../../../../arm-none-eabi/lib/armv7e-m/fpu/crt0.o
 .ARM.exidx     0x000085d0        0x0 c:/freescale/kds_3.0.0/toolchain/bin/../lib/gcc/arm-none-eabi/4.8.4/armv7e-m/fpu\libgcc.a(_divdi3.o)
                                  0x8 (size before relaxing)
 .ARM.exidx     0x000085d0        0x0 c:/freescale/kds_3.0.0/toolchain/bin/../lib/gcc/arm-none-eabi/4.8.4/armv7e-m/fpu\libgcc.a(_udivdi3.o)
                                  0x8 (size before relaxing)
                0x000085d0                __exidx_end = .

.rel.dyn        0x000085d0        0x0
 .rel.iplt      0x00000000        0x0 c:/freescale/kds_3.0.0/toolchain/bin/../lib/gcc/arm-none-eabi/4.8.4/armv7e-m/fpu/crtbegin.o

.ctors          0x000085d0        0x0
                0x000085d0                __CTOR_LIST__ = .
 *crtbegin.o(.ctors)
 *(EXCLUDE_FILE(*crtend.o) .ctors)
 *(SORT(.ctors.*))
 *(.ctors)
                0x000085d0                __CTOR_END__ = .

.dtors          0x000085d0        0x0
                0x000085d0                __DTOR_LIST__ = .
 *crtbegin.o(.dtors)
 *(EXCLUDE_FILE(*crtend.o) .dtors)
 *(SORT(.dtors.*))
 *(.dtors)
                0x000085d0                __DTOR_END__ = .

.preinit_array  0x000085d0        0x0
                0x000085d0                PROVIDE (__preinit_array_start, .)
 *(.preinit_array*)
                0x000085d0                PROVIDE (__preinit_array_end, .)

.init_array     0x000085d0        0x4
                0x000085d0                PROVIDE (__init_array_start, .)
 *(SORT(.init_array.*))
 *(.init_array*)
 .init_array    0x000085d0        0x4 c:/freescale/kds_3.0.0/toolchain/bin/../lib/gcc/arm-none-eabi/4.8.4/armv7e-m/fpu/crtbegin.o
                0x000085d4                PROVIDE (__init_array_end, .)

.fini_array     0x000085d4        0x4
                0x000085d4                PROVIDE (__fini_array_start, .)
 *(SORT(.fini_array.*))
 *(.fini_array*)
 .fini_array    0x000085d4        0x4 c:/freescale/kds_3.0.0/toolchain/bin/../lib/gcc/arm-none-eabi/4.8.4/armv7e-m/fpu/crtbegin.o
                0x000085d8                PROVIDE (__fini_array_end, .)
                0x000085d8                ___ROM_AT = .

.data           0x1fff0000      0x158 load address 0x000085d8
                0x1fff0000                . = ALIGN (0x4)
                0x1fff0000                _sdata = .
 *(.data)
 *(.data*)
 .data.PeriodAnalogPoll
                0x1fff0000        0x4 ./Sources/main.o
 .data.TimingMode
                0x1fff0004        0x1 ./Sources/main.o
 *fill*         0x1fff0005        0x3 
 .data.Frequency
                0x1fff0008        0x4 ./Sources/main.o
 .data.AnalogThreadData
                0x1fff000c       0xe4 ./Sources/main.o
 .data.__fdlib_version
                0x1fff00f0        0x1 c:/freescale/kds_3.0.0/toolchain/bin/../lib/gcc/arm-none-eabi/4.8.4/../../../../arm-none-eabi/lib/armv7e-m/fpu\libm.a(lib_a-s_lib_ver.o)
                0x1fff00f0                __fdlib_version
 *fill*         0x1fff00f1        0x3 
 .data.impure_data
                0x1fff00f4       0x60 c:/freescale/kds_3.0.0/toolchain/bin/../lib/gcc/arm-none-eabi/4.8.4/../../../../arm-none-eabi/lib/armv7e-m/fpu\libg_s.a(lib_a-impure.o)
 .data._impure_ptr
                0x1fff0154        0x4 c:/freescale/kds_3.0.0/toolchain/bin/../lib/gcc/arm-none-eabi/4.8.4/../../../../arm-none-eabi/lib/armv7e-m/fpu\libg_s.a(lib_a-impure.o)
                0x1fff0154                _impure_ptr
                0x1fff0158                . = ALIGN (0x4)
                0x1fff0158                _edata = .
                0x00000158                ___data_size = (_edata - _sdata)
                0x00008730                ___m_data_20000000_ROMStart = (___ROM_AT + SIZEOF (.data))

.jcr            0x1fff0158        0x0 load address 0x00008730
 .jcr           0x1fff0158        0x0 c:/freescale/kds_3.0.0/toolchain/bin/../lib/gcc/arm-none-eabi/4.8.4/armv7e-m/fpu/crtbegin.o

.igot.plt       0x1fff0158        0x0 load address 0x00008730
 .igot.plt      0x00000000        0x0 c:/freescale/kds_3.0.0/toolchain/bin/../lib/gcc/arm-none-eabi/4.8.4/armv7e-m/fpu/crtbegin.o

.m_data_20000000
                0x20000000        0x0 load address 0x00008730
                0x20000000                . = ALIGN (0x4)
                0x20000000                ___m_data_20000000_RAMStart = .
 *(.m_data_20000000)
                0x20000000                ___m_data_20000000_RAMEnd = .
                0x20000000                . = ALIGN (0x4)
                0x00000000                ___m_data_20000000_ROMSize = (___m_data_20000000_RAMEnd - ___m_data_20000000_RAMStart)
                0x20000000                . = ALIGN (0x4)

.bss            0x1fff0158     0xbbac load address 0x00008730
                0x1fff0158                __START_BSS = .
                0x1fff0158                PROVIDE (__bss_start__, __START_BSS)
 *(.bss)
 .bss           0x1fff0158       0x1c c:/freescale/kds_3.0.0/toolchain/bin/../lib/gcc/arm-none-eabi/4.8.4/armv7e-m/fpu/crtbegin.o
 *(.bss*)
 .bss.UserSemaphore
                0x1fff0174       0x20 ./Sources/FTM.o
 .bss.FlashAccessSemaphore
                0x1fff0194        0x4 ./Sources/Flash.o
 .bss.occupiedBytes.5714
                0x1fff0198        0x1 ./Sources/Flash.o
 *fill*         0x1fff0199        0x3 
 .bss.ModuleClk
                0x1fff019c        0x4 ./Sources/PIT.o
 .bss.UserFunction
                0x1fff01a0        0x4 ./Sources/PIT.o
 .bss.UserArguments
                0x1fff01a4        0x4 ./Sources/PIT.o
 .bss.RxUARTThreadStack
                0x1fff01a8     0x1000 ./Sources/UART.o
 .bss.TxUARTThreadStack
                0x1fff11a8     0x1000 ./Sources/UART.o
 .bss.LEDOffSemaphore
                0x1fff21a8        0x4 ./Sources/main.o
 .bss.RaisesSemaphore
                0x1fff21ac        0x4 ./Sources/main.o
 .bss.LowersSemaphore
                0x1fff21b0        0x4 ./Sources/main.o
 .bss.FlashAccessSemaphore
                0x1fff21b4        0x4 ./Sources/main.o
 .bss.FrequencySemaphore
                0x1fff21b8        0x4 ./Sources/main.o
 *fill*         0x1fff21bc        0x4 
 .bss.InitModulesThreadStack
                0x1fff21c0     0x1000 ./Sources/main.o
 .bss.FTMLEDsOffThreadStack
                0x1fff31c0     0x1000 ./Sources/main.o
 .bss.PacketThreadStack
                0x1fff41c0     0x1000 ./Sources/main.o
 .bss.RaisesThreadStack
                0x1fff51c0     0x1000 ./Sources/main.o
 .bss.LowersThreadStack
                0x1fff61c0     0x1000 ./Sources/main.o
 .bss.FrequencyThreadStack
                0x1fff71c0     0x1000 ./Sources/main.o
 .bss.RMSThreadStacks
                0x1fff81c0     0x3000 ./Sources/main.o
 .bss.prevRoots.8377
                0x1fffb1c0       0x1c ./Sources/main.o
 .bss.channel.8393
                0x1fffb1dc        0x1 ./Sources/main.o
 .bss.adjustment.8420
                0x1fffb1dd        0x1 ./Sources/main.o
 *fill*         0x1fffb1de        0x2 
 .bss.allAlarms.8419
                0x1fffb1e0        0x4 ./Sources/main.o
 .bss.PacketPutAccess
                0x1fffb1e4        0x4 ./Sources/packet.o
 .bss.SR_lock   0x1fffb1e8        0x1 ./Generated_Code/Cpu.o
                0x1fffb1e8                SR_lock
 *fill*         0x1fffb1e9        0x3 
 .bss.TCBUnusedMain
                0x1fffb1ec       0x18 C:\Users\12551519\Desktop\es18aut13\Project\Library\libOS.a(OS.o)
 .bss.TCBTable  0x1fffb204      0x300 C:\Users\12551519\Desktop\es18aut13\Project\Library\libOS.a(OS.o)
 .bss.pTCBFreeList
                0x1fffb504        0x4 C:\Users\12551519\Desktop\es18aut13\Project\Library\libOS.a(OS.o)
 .bss.pTCBAllocatedList
                0x1fffb508        0x4 C:\Users\12551519\Desktop\es18aut13\Project\Library\libOS.a(OS.o)
 .bss.pTCBPriorityTable
                0x1fffb50c       0x80 C:\Users\12551519\Desktop\es18aut13\Project\Library\libOS.a(OS.o)
 .bss.pTCBRunning
                0x1fffb58c        0x4 C:\Users\12551519\Desktop\es18aut13\Project\Library\libOS.a(OS.o)
 .bss.pTCBHighestReady
                0x1fffb590        0x4 C:\Users\12551519\Desktop\es18aut13\Project\Library\libOS.a(OS.o)
 .bss.ReadyList
                0x1fffb594        0x4 C:\Users\12551519\Desktop\es18aut13\Project\Library\libOS.a(OS.o)
 .bss.ECBTable  0x1fffb598      0x100 C:\Users\12551519\Desktop\es18aut13\Project\Library\libOS.a(OS.o)
 .bss.NextECBFree
                0x1fffb698        0x1 C:\Users\12551519\Desktop\es18aut13\Project\Library\libOS.a(OS.o)
 *fill*         0x1fffb699        0x3 
 .bss.IdleCounter
                0x1fffb69c        0x4 C:\Users\12551519\Desktop\es18aut13\Project\Library\libOS.a(OS.o)
 .bss.IdleStack
                0x1fffb6a0      0x400 C:\Users\12551519\Desktop\es18aut13\Project\Library\libOS.a(OS.o)
 .bss.Ticks     0x1fffbaa0        0x4 C:\Users\12551519\Desktop\es18aut13\Project\Library\libOS.a(OS.o)
 .bss.ToggleCntr
                0x1fffbaa4        0x4 C:\Users\12551519\Desktop\es18aut13\Project\Library\libOS.a(OS.o)
 .bss.ToggleLED
                0x1fffbaa8        0x1 C:\Users\12551519\Desktop\es18aut13\Project\Library\libOS.a(OS.o)
 .bss.ISRNestLevel
                0x1fffbaa9        0x1 C:\Users\12551519\Desktop\es18aut13\Project\Library\libOS.a(OS.o)
 *fill*         0x1fffbaaa        0x2 
 .bss.ADCCommandUnion
                0x1fffbaac        0x4 C:\Users\12551519\Desktop\es18aut13\Project\Library\libAnalog.a(analog.o)
 .bss.__malloc_sbrk_start
                0x1fffbab0        0x4 c:/freescale/kds_3.0.0/toolchain/bin/../lib/gcc/arm-none-eabi/4.8.4/../../../../arm-none-eabi/lib/armv7e-m/fpu\libg_s.a(lib_a-nano-mallocr.o)
                0x1fffbab0                __malloc_sbrk_start
 .bss.__malloc_free_list
                0x1fffbab4        0x4 c:/freescale/kds_3.0.0/toolchain/bin/../lib/gcc/arm-none-eabi/4.8.4/../../../../arm-none-eabi/lib/armv7e-m/fpu\libg_s.a(lib_a-nano-mallocr.o)
                0x1fffbab4                __malloc_free_list
 .bss.heap_end.4246
                0x1fffbab8        0x4 c:/freescale/kds_3.0.0/toolchain/bin/../lib/gcc/arm-none-eabi/4.8.4/../../../../arm-none-eabi/lib/armv7e-m/fpu\libnosys.a(sbrk.o)
 *(COMMON)
 COMMON         0x1fffbabc      0x22c ./Sources/UART.o
                0x1fffbabc                DummyRead
                0x1fffbac0                TxFIFO
                0x1fffbbd0                RxFIFO
                0x1fffbce0                RxUARTSemaphore
                0x1fffbce4                TxUARTSemaphore
 COMMON         0x1fffbce8        0xc ./Sources/main.o
                0x1fffbce8                NvCountRaises
                0x1fffbcec                NvTimingMode
                0x1fffbcf0                NvCountLowers
 COMMON         0x1fffbcf4        0x5 ./Sources/packet.o
                0x1fffbcf4                Packet
 COMMON         0x1fffbcf9        0x1 ./Generated_Code/Cpu.o
                0x1fffbcf9                SR_reg
 *fill*         0x1fffbcfa        0x2 
 COMMON         0x1fffbcfc        0x4 C:\Users\12551519\Desktop\es18aut13\Project\Library\libAnalog.a(analog.o)
                0x1fffbcfc                DACInput
 COMMON         0x1fffbd00        0x4 c:/freescale/kds_3.0.0/toolchain/bin/../lib/gcc/arm-none-eabi/4.8.4/../../../../arm-none-eabi/lib/armv7e-m/fpu\libg_s.a(lib_a-reent.o)
                0x1fffbd00                errno
                0x1fffbd04                . = ALIGN (0x4)
                0x1fffbd04                __END_BSS = .
                0x1fffbd04                PROVIDE (__bss_end__, __END_BSS)
                0x00008730                _romp_at = ((___ROM_AT + SIZEOF (.data)) + SIZEOF (.m_data_20000000))

.romp           0x1fffbd04       0x24 load address 0x00008730
                0x00008730                __S_romp = _romp_at
                0x1fffbd04        0x4 LONG 0x85d8 ___ROM_AT
                0x1fffbd08        0x4 LONG 0x1fff0000 _sdata
                0x1fffbd0c        0x4 LONG 0x158 ___data_size
                0x1fffbd10        0x4 LONG 0x8730 ___m_data_20000000_ROMStart
                0x1fffbd14        0x4 LONG 0x20000000 ___m_data_20000000_RAMStart
                0x1fffbd18        0x4 LONG 0x0 ___m_data_20000000_ROMSize
                0x1fffbd1c        0x4 LONG 0x0
                0x1fffbd20        0x4 LONG 0x0
                0x1fffbd24        0x4 LONG 0x0

._user_heap_stack
                0x1fffbd28      0x400 load address 0x00008754
                0x1fffbd28                . = ALIGN (0x4)
                0x1fffbd28                PROVIDE (end, .)
                0x1fffbd28                PROVIDE (_end, .)
                0x1fffbd28                __heap_addr = .
                0x1fffbd28                __HeapBase = .
                0x1fffbd28                . = (. + __heap_size)
                0x1fffbd28                __HeapLimit = .
                0x1fffc128                . = (. + __stack_size)
 *fill*         0x1fffbd28      0x400 
                0x1fffc128                . = ALIGN (0x4)

.ARM.attributes
                0x00000000       0x30
 *(.ARM.attributes)
 .ARM.attributes
                0x00000000       0x22 c:/freescale/kds_3.0.0/toolchain/bin/../lib/gcc/arm-none-eabi/4.8.4/armv7e-m/fpu/crti.o
 .ARM.attributes
                0x00000022       0x34 c:/freescale/kds_3.0.0/toolchain/bin/../lib/gcc/arm-none-eabi/4.8.4/armv7e-m/fpu/crtbegin.o
 .ARM.attributes
                0x00000056       0x20 c:/freescale/kds_3.0.0/toolchain/bin/../lib/gcc/arm-none-eabi/4.8.4/../../../../arm-none-eabi/lib/armv7e-m/fpu/crt0.o
 .ARM.attributes
                0x00000076       0x39 ./Sources/FIFO.o
 .ARM.attributes
                0x000000af       0x39 ./Sources/FTM.o
 .ARM.attributes
                0x000000e8       0x39 ./Sources/Flash.o
 .ARM.attributes
                0x00000121       0x39 ./Sources/LEDs.o
 .ARM.attributes
                0x0000015a       0x39 ./Sources/PIT.o
 .ARM.attributes
                0x00000193       0x39 ./Sources/UART.o
 .ARM.attributes
                0x000001cc       0x39 ./Sources/kiss_fft.o
 .ARM.attributes
                0x00000205       0x39 ./Sources/kiss_fftr.o
 .ARM.attributes
                0x0000023e       0x39 ./Sources/main.o
 .ARM.attributes
                0x00000277       0x39 ./Sources/packet.o
 .ARM.attributes
                0x000002b0       0x39 ./Project_Settings/Startup_Code/startup.o
 .ARM.attributes
                0x000002e9       0x39 ./Generated_Code/Cpu.o
 .ARM.attributes
                0x00000322       0x39 ./Generated_Code/Vectors.o
 .ARM.attributes
                0x0000035b       0x39 C:\Users\12551519\Desktop\es18aut13\Project\Library\libOS.a(OS.o)
 .ARM.attributes
                0x00000394       0x39 C:\Users\12551519\Desktop\es18aut13\Project\Library\libAnalog.a(analog.o)
 .ARM.attributes
                0x000003cd       0x39 C:\Users\12551519\Desktop\es18aut13\Project\Library\libAnalog.a(SPI.o)
 .ARM.attributes
                0x00000406       0x34 c:/freescale/kds_3.0.0/toolchain/bin/../lib/gcc/arm-none-eabi/4.8.4/../../../../arm-none-eabi/lib/armv7e-m/fpu\libm.a(lib_a-s_cos.o)
 .ARM.attributes
                0x0000043a       0x34 c:/freescale/kds_3.0.0/toolchain/bin/../lib/gcc/arm-none-eabi/4.8.4/../../../../arm-none-eabi/lib/armv7e-m/fpu\libm.a(lib_a-s_floor.o)
 .ARM.attributes
                0x0000046e       0x34 c:/freescale/kds_3.0.0/toolchain/bin/../lib/gcc/arm-none-eabi/4.8.4/../../../../arm-none-eabi/lib/armv7e-m/fpu\libm.a(lib_a-s_sin.o)
 .ARM.attributes
                0x000004a2       0x34 c:/freescale/kds_3.0.0/toolchain/bin/../lib/gcc/arm-none-eabi/4.8.4/../../../../arm-none-eabi/lib/armv7e-m/fpu\libm.a(lib_a-w_sqrt.o)
 .ARM.attributes
                0x000004d6       0x34 c:/freescale/kds_3.0.0/toolchain/bin/../lib/gcc/arm-none-eabi/4.8.4/../../../../arm-none-eabi/lib/armv7e-m/fpu\libm.a(lib_a-e_rem_pio2.o)
 .ARM.attributes
                0x0000050a       0x34 c:/freescale/kds_3.0.0/toolchain/bin/../lib/gcc/arm-none-eabi/4.8.4/../../../../arm-none-eabi/lib/armv7e-m/fpu\libm.a(lib_a-e_sqrt.o)
 .ARM.attributes
                0x0000053e       0x34 c:/freescale/kds_3.0.0/toolchain/bin/../lib/gcc/arm-none-eabi/4.8.4/../../../../arm-none-eabi/lib/armv7e-m/fpu\libm.a(lib_a-k_cos.o)
 .ARM.attributes
                0x00000572       0x34 c:/freescale/kds_3.0.0/toolchain/bin/../lib/gcc/arm-none-eabi/4.8.4/../../../../arm-none-eabi/lib/armv7e-m/fpu\libm.a(lib_a-k_rem_pio2.o)
 .ARM.attributes
                0x000005a6       0x34 c:/freescale/kds_3.0.0/toolchain/bin/../lib/gcc/arm-none-eabi/4.8.4/../../../../arm-none-eabi/lib/armv7e-m/fpu\libm.a(lib_a-k_sin.o)
 .ARM.attributes
                0x000005da       0x34 c:/freescale/kds_3.0.0/toolchain/bin/../lib/gcc/arm-none-eabi/4.8.4/../../../../arm-none-eabi/lib/armv7e-m/fpu\libm.a(lib_a-s_fabs.o)
 .ARM.attributes
                0x0000060e       0x34 c:/freescale/kds_3.0.0/toolchain/bin/../lib/gcc/arm-none-eabi/4.8.4/../../../../arm-none-eabi/lib/armv7e-m/fpu\libm.a(lib_a-s_fpclassify.o)
 .ARM.attributes
                0x00000642       0x34 c:/freescale/kds_3.0.0/toolchain/bin/../lib/gcc/arm-none-eabi/4.8.4/../../../../arm-none-eabi/lib/armv7e-m/fpu\libm.a(lib_a-s_lib_ver.o)
 .ARM.attributes
                0x00000676       0x34 c:/freescale/kds_3.0.0/toolchain/bin/../lib/gcc/arm-none-eabi/4.8.4/../../../../arm-none-eabi/lib/armv7e-m/fpu\libm.a(lib_a-s_matherr.o)
 .ARM.attributes
                0x000006aa       0x34 c:/freescale/kds_3.0.0/toolchain/bin/../lib/gcc/arm-none-eabi/4.8.4/../../../../arm-none-eabi/lib/armv7e-m/fpu\libm.a(lib_a-s_scalbn.o)
 .ARM.attributes
                0x000006de       0x34 c:/freescale/kds_3.0.0/toolchain/bin/../lib/gcc/arm-none-eabi/4.8.4/../../../../arm-none-eabi/lib/armv7e-m/fpu\libm.a(lib_a-s_copysign.o)
 .ARM.attributes
                0x00000712       0x22 c:/freescale/kds_3.0.0/toolchain/bin/../lib/gcc/arm-none-eabi/4.8.4/armv7e-m/fpu\libgcc.a(_arm_addsubdf3.o)
 .ARM.attributes
                0x00000734       0x22 c:/freescale/kds_3.0.0/toolchain/bin/../lib/gcc/arm-none-eabi/4.8.4/armv7e-m/fpu\libgcc.a(_arm_muldivdf3.o)
 .ARM.attributes
                0x00000756       0x22 c:/freescale/kds_3.0.0/toolchain/bin/../lib/gcc/arm-none-eabi/4.8.4/armv7e-m/fpu\libgcc.a(_arm_cmpdf2.o)
 .ARM.attributes
                0x00000778       0x22 c:/freescale/kds_3.0.0/toolchain/bin/../lib/gcc/arm-none-eabi/4.8.4/armv7e-m/fpu\libgcc.a(_arm_fixdfsi.o)
 .ARM.attributes
                0x0000079a       0x22 c:/freescale/kds_3.0.0/toolchain/bin/../lib/gcc/arm-none-eabi/4.8.4/armv7e-m/fpu\libgcc.a(_arm_truncdfsf2.o)
 .ARM.attributes
                0x000007bc       0x22 c:/freescale/kds_3.0.0/toolchain/bin/../lib/gcc/arm-none-eabi/4.8.4/armv7e-m/fpu\libgcc.a(_aeabi_ldivmod.o)
 .ARM.attributes
                0x000007de       0x22 c:/freescale/kds_3.0.0/toolchain/bin/../lib/gcc/arm-none-eabi/4.8.4/armv7e-m/fpu\libgcc.a(_aeabi_uldivmod.o)
 .ARM.attributes
                0x00000800       0x34 c:/freescale/kds_3.0.0/toolchain/bin/../lib/gcc/arm-none-eabi/4.8.4/armv7e-m/fpu\libgcc.a(_fixsfdi.o)
 .ARM.attributes
                0x00000834       0x34 c:/freescale/kds_3.0.0/toolchain/bin/../lib/gcc/arm-none-eabi/4.8.4/armv7e-m/fpu\libgcc.a(_fixunssfdi.o)
 .ARM.attributes
                0x00000868       0x34 c:/freescale/kds_3.0.0/toolchain/bin/../lib/gcc/arm-none-eabi/4.8.4/armv7e-m/fpu\libgcc.a(bpabi.o)
 .ARM.attributes
                0x0000089c       0x22 c:/freescale/kds_3.0.0/toolchain/bin/../lib/gcc/arm-none-eabi/4.8.4/armv7e-m/fpu\libgcc.a(_dvmd_tls.o)
 .ARM.attributes
                0x000008be       0x22 c:/freescale/kds_3.0.0/toolchain/bin/../lib/gcc/arm-none-eabi/4.8.4/armv7e-m/fpu\libgcc.a(_arm_fixunsdfsi.o)
 .ARM.attributes
                0x000008e0       0x34 c:/freescale/kds_3.0.0/toolchain/bin/../lib/gcc/arm-none-eabi/4.8.4/armv7e-m/fpu\libgcc.a(_divdi3.o)
 .ARM.attributes
                0x00000914       0x34 c:/freescale/kds_3.0.0/toolchain/bin/../lib/gcc/arm-none-eabi/4.8.4/armv7e-m/fpu\libgcc.a(_udivdi3.o)
 .ARM.attributes
                0x00000948       0x34 c:/freescale/kds_3.0.0/toolchain/bin/../lib/gcc/arm-none-eabi/4.8.4/../../../../arm-none-eabi/lib/armv7e-m/fpu\libg_s.a(lib_a-errno.o)
 .ARM.attributes
                0x0000097c       0x34 c:/freescale/kds_3.0.0/toolchain/bin/../lib/gcc/arm-none-eabi/4.8.4/../../../../arm-none-eabi/lib/armv7e-m/fpu\libg_s.a(lib_a-exit.o)
 .ARM.attributes
                0x000009b0       0x34 c:/freescale/kds_3.0.0/toolchain/bin/../lib/gcc/arm-none-eabi/4.8.4/../../../../arm-none-eabi/lib/armv7e-m/fpu\libg_s.a(lib_a-fwrite.o)
 .ARM.attributes
                0x000009e4       0x34 c:/freescale/kds_3.0.0/toolchain/bin/../lib/gcc/arm-none-eabi/4.8.4/../../../../arm-none-eabi/lib/armv7e-m/fpu\libg_s.a(lib_a-impure.o)
 .ARM.attributes
                0x00000a18       0x34 c:/freescale/kds_3.0.0/toolchain/bin/../lib/gcc/arm-none-eabi/4.8.4/../../../../arm-none-eabi/lib/armv7e-m/fpu\libg_s.a(lib_a-init.o)
 .ARM.attributes
                0x00000a4c       0x34 c:/freescale/kds_3.0.0/toolchain/bin/../lib/gcc/arm-none-eabi/4.8.4/../../../../arm-none-eabi/lib/armv7e-m/fpu\libg_s.a(lib_a-malloc.o)
 .ARM.attributes
                0x00000a80       0x34 c:/freescale/kds_3.0.0/toolchain/bin/../lib/gcc/arm-none-eabi/4.8.4/../../../../arm-none-eabi/lib/armv7e-m/fpu\libg_s.a(lib_a-memcpy-stub.o)
 .ARM.attributes
                0x00000ab4       0x34 c:/freescale/kds_3.0.0/toolchain/bin/../lib/gcc/arm-none-eabi/4.8.4/../../../../arm-none-eabi/lib/armv7e-m/fpu\libg_s.a(lib_a-memset.o)
 .ARM.attributes
                0x00000ae8       0x34 c:/freescale/kds_3.0.0/toolchain/bin/../lib/gcc/arm-none-eabi/4.8.4/../../../../arm-none-eabi/lib/armv7e-m/fpu\libg_s.a(lib_a-nano-freer.o)
 .ARM.attributes
                0x00000b1c       0x34 c:/freescale/kds_3.0.0/toolchain/bin/../lib/gcc/arm-none-eabi/4.8.4/../../../../arm-none-eabi/lib/armv7e-m/fpu\libg_s.a(lib_a-nano-mallocr.o)
 .ARM.attributes
                0x00000b50       0x34 c:/freescale/kds_3.0.0/toolchain/bin/../lib/gcc/arm-none-eabi/4.8.4/../../../../arm-none-eabi/lib/armv7e-m/fpu\libg_s.a(lib_a-sbrkr.o)
 .ARM.attributes
                0x00000b84       0x34 c:/freescale/kds_3.0.0/toolchain/bin/../lib/gcc/arm-none-eabi/4.8.4/../../../../arm-none-eabi/lib/armv7e-m/fpu\libg_s.a(lib_a-wbuf.o)
 .ARM.attributes
                0x00000bb8       0x34 c:/freescale/kds_3.0.0/toolchain/bin/../lib/gcc/arm-none-eabi/4.8.4/../../../../arm-none-eabi/lib/armv7e-m/fpu\libg_s.a(lib_a-wsetup.o)
 .ARM.attributes
                0x00000bec       0x34 c:/freescale/kds_3.0.0/toolchain/bin/../lib/gcc/arm-none-eabi/4.8.4/../../../../arm-none-eabi/lib/armv7e-m/fpu\libg_s.a(lib_a-fflush.o)
 .ARM.attributes
                0x00000c20       0x34 c:/freescale/kds_3.0.0/toolchain/bin/../lib/gcc/arm-none-eabi/4.8.4/../../../../arm-none-eabi/lib/armv7e-m/fpu\libg_s.a(lib_a-findfp.o)
 .ARM.attributes
                0x00000c54       0x34 c:/freescale/kds_3.0.0/toolchain/bin/../lib/gcc/arm-none-eabi/4.8.4/../../../../arm-none-eabi/lib/armv7e-m/fpu\libg_s.a(lib_a-makebuf.o)
 .ARM.attributes
                0x00000c88       0x34 c:/freescale/kds_3.0.0/toolchain/bin/../lib/gcc/arm-none-eabi/4.8.4/../../../../arm-none-eabi/lib/armv7e-m/fpu\libg_s.a(lib_a-reent.o)
 .ARM.attributes
                0x00000cbc       0x34 c:/freescale/kds_3.0.0/toolchain/bin/../lib/gcc/arm-none-eabi/4.8.4/../../../../arm-none-eabi/lib/armv7e-m/fpu\libg_s.a(lib_a-stdio.o)
 .ARM.attributes
                0x00000cf0       0x34 c:/freescale/kds_3.0.0/toolchain/bin/../lib/gcc/arm-none-eabi/4.8.4/../../../../arm-none-eabi/lib/armv7e-m/fpu\libg_s.a(lib_a-writer.o)
 .ARM.attributes
                0x00000d24       0x34 c:/freescale/kds_3.0.0/toolchain/bin/../lib/gcc/arm-none-eabi/4.8.4/../../../../arm-none-eabi/lib/armv7e-m/fpu\libg_s.a(lib_a-closer.o)
 .ARM.attributes
                0x00000d58       0x34 c:/freescale/kds_3.0.0/toolchain/bin/../lib/gcc/arm-none-eabi/4.8.4/../../../../arm-none-eabi/lib/armv7e-m/fpu\libg_s.a(lib_a-fstatr.o)
 .ARM.attributes
                0x00000d8c       0x34 c:/freescale/kds_3.0.0/toolchain/bin/../lib/gcc/arm-none-eabi/4.8.4/../../../../arm-none-eabi/lib/armv7e-m/fpu\libg_s.a(lib_a-isattyr.o)
 .ARM.attributes
                0x00000dc0       0x34 c:/freescale/kds_3.0.0/toolchain/bin/../lib/gcc/arm-none-eabi/4.8.4/../../../../arm-none-eabi/lib/armv7e-m/fpu\libg_s.a(lib_a-lseekr.o)
 .ARM.attributes
                0x00000df4       0x34 c:/freescale/kds_3.0.0/toolchain/bin/../lib/gcc/arm-none-eabi/4.8.4/../../../../arm-none-eabi/lib/armv7e-m/fpu\libg_s.a(lib_a-readr.o)
 .ARM.attributes
                0x00000e28       0x34 c:/freescale/kds_3.0.0/toolchain/bin/../lib/gcc/arm-none-eabi/4.8.4/../../../../arm-none-eabi/lib/armv7e-m/fpu\libnosys.a(close.o)
 .ARM.attributes
                0x00000e5c       0x34 c:/freescale/kds_3.0.0/toolchain/bin/../lib/gcc/arm-none-eabi/4.8.4/../../../../arm-none-eabi/lib/armv7e-m/fpu\libnosys.a(fstat.o)
 .ARM.attributes
                0x00000e90       0x34 c:/freescale/kds_3.0.0/toolchain/bin/../lib/gcc/arm-none-eabi/4.8.4/../../../../arm-none-eabi/lib/armv7e-m/fpu\libnosys.a(isatty.o)
 .ARM.attributes
                0x00000ec4       0x34 c:/freescale/kds_3.0.0/toolchain/bin/../lib/gcc/arm-none-eabi/4.8.4/../../../../arm-none-eabi/lib/armv7e-m/fpu\libnosys.a(lseek.o)
 .ARM.attributes
                0x00000ef8       0x34 c:/freescale/kds_3.0.0/toolchain/bin/../lib/gcc/arm-none-eabi/4.8.4/../../../../arm-none-eabi/lib/armv7e-m/fpu\libnosys.a(read.o)
 .ARM.attributes
                0x00000f2c       0x34 c:/freescale/kds_3.0.0/toolchain/bin/../lib/gcc/arm-none-eabi/4.8.4/../../../../arm-none-eabi/lib/armv7e-m/fpu\libnosys.a(sbrk.o)
 .ARM.attributes
                0x00000f60       0x34 c:/freescale/kds_3.0.0/toolchain/bin/../lib/gcc/arm-none-eabi/4.8.4/../../../../arm-none-eabi/lib/armv7e-m/fpu\libnosys.a(write.o)
 .ARM.attributes
                0x00000f94       0x34 c:/freescale/kds_3.0.0/toolchain/bin/../lib/gcc/arm-none-eabi/4.8.4/../../../../arm-none-eabi/lib/armv7e-m/fpu\libnosys.a(_exit.o)
 .ARM.attributes
                0x00000fc8       0x22 c:/freescale/kds_3.0.0/toolchain/bin/../lib/gcc/arm-none-eabi/4.8.4/armv7e-m/fpu/crtn.o
OUTPUT(Project.elf elf32-littlearm)

.debug_info     0x00000000     0x7a9f
 .debug_info    0x00000000      0x217 ./Sources/FIFO.o
 .debug_info    0x00000217      0x797 ./Sources/FTM.o
 .debug_info    0x000009ae      0x824 ./Sources/Flash.o
 .debug_info    0x000011d2      0x490 ./Sources/LEDs.o
 .debug_info    0x00001662      0x5d0 ./Sources/PIT.o
 .debug_info    0x00001c32      0xa8c ./Sources/UART.o
 .debug_info    0x000026be      0x7b1 ./Sources/kiss_fft.o
 .debug_info    0x00002e6f      0xb8b ./Sources/kiss_fftr.o
 .debug_info    0x000039fa     0x1099 ./Sources/main.o
 .debug_info    0x00004a93      0x2ff ./Sources/packet.o
 .debug_info    0x00004d92      0x3b0 ./Project_Settings/Startup_Code/startup.o
 .debug_info    0x00005142      0xc82 ./Generated_Code/Cpu.o
 .debug_info    0x00005dc4      0x10f ./Generated_Code/Vectors.o
 .debug_info    0x00005ed3      0xd02 C:\Users\12551519\Desktop\es18aut13\Project\Library\libOS.a(OS.o)
 .debug_info    0x00006bd5      0x46a C:\Users\12551519\Desktop\es18aut13\Project\Library\libAnalog.a(analog.o)
 .debug_info    0x0000703f      0xa60 C:\Users\12551519\Desktop\es18aut13\Project\Library\libAnalog.a(SPI.o)

.debug_abbrev   0x00000000     0x1a65
 .debug_abbrev  0x00000000       0xce ./Sources/FIFO.o
 .debug_abbrev  0x000000ce      0x1d2 ./Sources/FTM.o
 .debug_abbrev  0x000002a0      0x1c1 ./Sources/Flash.o
 .debug_abbrev  0x00000461      0x144 ./Sources/LEDs.o
 .debug_abbrev  0x000005a5      0x188 ./Sources/PIT.o
 .debug_abbrev  0x0000072d      0x232 ./Sources/UART.o
 .debug_abbrev  0x0000095f      0x1dd ./Sources/kiss_fft.o
 .debug_abbrev  0x00000b3c      0x1f3 ./Sources/kiss_fftr.o
 .debug_abbrev  0x00000d2f      0x27a ./Sources/main.o
 .debug_abbrev  0x00000fa9       0xec ./Sources/packet.o
 .debug_abbrev  0x00001095      0x189 ./Project_Settings/Startup_Code/startup.o
 .debug_abbrev  0x0000121e      0x185 ./Generated_Code/Cpu.o
 .debug_abbrev  0x000013a3       0xa4 ./Generated_Code/Vectors.o
 .debug_abbrev  0x00001447      0x2f8 C:\Users\12551519\Desktop\es18aut13\Project\Library\libOS.a(OS.o)
 .debug_abbrev  0x0000173f      0x151 C:\Users\12551519\Desktop\es18aut13\Project\Library\libAnalog.a(analog.o)
 .debug_abbrev  0x00001890      0x1d5 C:\Users\12551519\Desktop\es18aut13\Project\Library\libAnalog.a(SPI.o)

.debug_aranges  0x00000000      0x548
 .debug_aranges
                0x00000000       0x30 ./Sources/FIFO.o
 .debug_aranges
                0x00000030       0x38 ./Sources/FTM.o
 .debug_aranges
                0x00000068       0x88 ./Sources/Flash.o
 .debug_aranges
                0x000000f0       0x38 ./Sources/LEDs.o
 .debug_aranges
                0x00000128       0x38 ./Sources/PIT.o
 .debug_aranges
                0x00000160       0x48 ./Sources/UART.o
 .debug_aranges
                0x000001a8       0x78 ./Sources/kiss_fft.o
 .debug_aranges
                0x00000220       0x30 ./Sources/kiss_fftr.o
 .debug_aranges
                0x00000250       0xd0 ./Sources/main.o
 .debug_aranges
                0x00000320       0x30 ./Sources/packet.o
 .debug_aranges
                0x00000350       0x50 ./Project_Settings/Startup_Code/startup.o
 .debug_aranges
                0x000003a0       0x38 ./Generated_Code/Cpu.o
 .debug_aranges
                0x000003d8       0x18 ./Generated_Code/Vectors.o
 .debug_aranges
                0x000003f0       0xc8 C:\Users\12551519\Desktop\es18aut13\Project\Library\libOS.a(OS.o)
 .debug_aranges
                0x000004b8       0x38 C:\Users\12551519\Desktop\es18aut13\Project\Library\libAnalog.a(analog.o)
 .debug_aranges
                0x000004f0       0x58 C:\Users\12551519\Desktop\es18aut13\Project\Library\libAnalog.a(SPI.o)

.debug_ranges   0x00000000      0x458
 .debug_ranges  0x00000000       0x20 ./Sources/FIFO.o
 .debug_ranges  0x00000020       0x28 ./Sources/FTM.o
 .debug_ranges  0x00000048       0x78 ./Sources/Flash.o
 .debug_ranges  0x000000c0       0x28 ./Sources/LEDs.o
 .debug_ranges  0x000000e8       0x28 ./Sources/PIT.o
 .debug_ranges  0x00000110       0x38 ./Sources/UART.o
 .debug_ranges  0x00000148       0x68 ./Sources/kiss_fft.o
 .debug_ranges  0x000001b0       0x20 ./Sources/kiss_fftr.o
 .debug_ranges  0x000001d0       0xd8 ./Sources/main.o
 .debug_ranges  0x000002a8       0x20 ./Sources/packet.o
 .debug_ranges  0x000002c8       0x40 ./Project_Settings/Startup_Code/startup.o
 .debug_ranges  0x00000308       0x28 ./Generated_Code/Cpu.o
 .debug_ranges  0x00000330       0xb8 C:\Users\12551519\Desktop\es18aut13\Project\Library\libOS.a(OS.o)
 .debug_ranges  0x000003e8       0x28 C:\Users\12551519\Desktop\es18aut13\Project\Library\libAnalog.a(analog.o)
 .debug_ranges  0x00000410       0x48 C:\Users\12551519\Desktop\es18aut13\Project\Library\libAnalog.a(SPI.o)

.debug_macro    0x00000000    0x1af03
 .debug_macro   0x00000000       0xaf ./Sources/FIFO.o
 .debug_macro   0x000000af       0x22 ./Sources/FIFO.o
 .debug_macro   0x000000d1       0x3c ./Sources/FIFO.o
 .debug_macro   0x0000010d     0x1800 ./Sources/FIFO.o
 .debug_macro   0x0000190d       0xa9 ./Sources/FTM.o
 .debug_macro   0x000019b6       0x85 ./Sources/Flash.o
 .debug_macro   0x00001a3b       0x16 ./Sources/Flash.o
 .debug_macro   0x00001a51    0x174af ./Sources/Flash.o
 .debug_macro   0x00018f00       0x28 ./Sources/Flash.o
 .debug_macro   0x00018f28       0x6d ./Sources/LEDs.o
 .debug_macro   0x00018f95       0xa9 ./Sources/PIT.o
 .debug_macro   0x0001903e       0xbd ./Sources/UART.o
 .debug_macro   0x000190fb      0x198 ./Sources/kiss_fft.o
 .debug_macro   0x00019293       0x58 ./Sources/kiss_fft.o
 .debug_macro   0x000192eb       0x35 ./Sources/kiss_fft.o
 .debug_macro   0x00019320       0xa3 ./Sources/kiss_fft.o
 .debug_macro   0x000193c3       0x16 ./Sources/kiss_fft.o
 .debug_macro   0x000193d9      0x10e ./Sources/kiss_fft.o
 .debug_macro   0x000194e7       0x7f ./Sources/kiss_fft.o
 .debug_macro   0x00019566       0x4a ./Sources/kiss_fft.o
 .debug_macro   0x000195b0       0x52 ./Sources/kiss_fft.o
 .debug_macro   0x00019602       0x16 ./Sources/kiss_fft.o
 .debug_macro   0x00019618       0x43 ./Sources/kiss_fft.o
 .debug_macro   0x0001965b      0x180 ./Sources/kiss_fft.o
 .debug_macro   0x000197db       0x22 ./Sources/kiss_fft.o
 .debug_macro   0x000197fd       0x1c ./Sources/kiss_fft.o
 .debug_macro   0x00019819       0x35 ./Sources/kiss_fft.o
 .debug_macro   0x0001984e       0x10 ./Sources/kiss_fft.o
 .debug_macro   0x0001985e       0x10 ./Sources/kiss_fft.o
 .debug_macro   0x0001986e       0x22 ./Sources/kiss_fft.o
 .debug_macro   0x00019890       0xbd ./Sources/kiss_fft.o
 .debug_macro   0x0001994d       0x16 ./Sources/kiss_fft.o
 .debug_macro   0x00019963      0x14a ./Sources/kiss_fft.o
 .debug_macro   0x00019aad       0xde ./Sources/kiss_fft.o
 .debug_macro   0x00019b8b      0x2a6 ./Sources/kiss_fft.o
 .debug_macro   0x00019e31       0x10 ./Sources/kiss_fft.o
 .debug_macro   0x00019e41       0x22 ./Sources/kiss_fft.o
 .debug_macro   0x00019e63       0x2b ./Sources/kiss_fft.o
 .debug_macro   0x00019e8e       0xee ./Sources/kiss_fft.o
 .debug_macro   0x00019f7c       0x71 ./Sources/kiss_fft.o
 .debug_macro   0x00019fed      0x1a8 ./Sources/kiss_fftr.o
 .debug_macro   0x0001a195      0x282 ./Sources/main.o
 .debug_macro   0x0001a417       0x10 ./Sources/main.o
 .debug_macro   0x0001a427       0x3a ./Sources/main.o
 .debug_macro   0x0001a461       0x2e ./Sources/main.o
 .debug_macro   0x0001a48f       0x10 ./Sources/main.o
 .debug_macro   0x0001a49f       0x10 ./Sources/main.o
 .debug_macro   0x0001a4af       0xc2 ./Sources/packet.o
 .debug_macro   0x0001a571      0x121 ./Project_Settings/Startup_Code/startup.o
 .debug_macro   0x0001a692      0x166 ./Project_Settings/Startup_Code/startup.o
 .debug_macro   0x0001a7f8      0x20f ./Project_Settings/Startup_Code/startup.o
 .debug_macro   0x0001aa07       0x84 ./Generated_Code/Cpu.o
 .debug_macro   0x0001aa8b       0xa0 ./Generated_Code/Cpu.o
 .debug_macro   0x0001ab2b       0xce ./Generated_Code/Vectors.o
 .debug_macro   0x0001abf9       0x36 ./Generated_Code/Vectors.o
 .debug_macro   0x0001ac2f       0xa3 C:\Users\12551519\Desktop\es18aut13\Project\Library\libOS.a(OS.o)
 .debug_macro   0x0001acd2       0x94 C:\Users\12551519\Desktop\es18aut13\Project\Library\libOS.a(OS.o)
 .debug_macro   0x0001ad66       0x30 C:\Users\12551519\Desktop\es18aut13\Project\Library\libOS.a(OS.o)
 .debug_macro   0x0001ad96       0xf5 C:\Users\12551519\Desktop\es18aut13\Project\Library\libAnalog.a(analog.o)
 .debug_macro   0x0001ae8b       0x10 C:\Users\12551519\Desktop\es18aut13\Project\Library\libAnalog.a(analog.o)
 .debug_macro   0x0001ae9b       0x68 C:\Users\12551519\Desktop\es18aut13\Project\Library\libAnalog.a(SPI.o)

.debug_line     0x00000000     0x3933
 .debug_line    0x00000000      0x2cc ./Sources/FIFO.o
 .debug_line    0x000002cc      0x30d ./Sources/FTM.o
 .debug_line    0x000005d9      0x385 ./Sources/Flash.o
 .debug_line    0x0000095e      0x227 ./Sources/LEDs.o
 .debug_line    0x00000b85      0x2ef ./Sources/PIT.o
 .debug_line    0x00000e74      0x347 ./Sources/UART.o
 .debug_line    0x000011bb      0x61b ./Sources/kiss_fft.o
 .debug_line    0x000017d6      0x418 ./Sources/kiss_fftr.o
 .debug_line    0x00001bee      0x7fe ./Sources/main.o
 .debug_line    0x000023ec      0x2e4 ./Sources/packet.o
 .debug_line    0x000026d0      0x3d8 ./Project_Settings/Startup_Code/startup.o
 .debug_line    0x00002aa8      0x27d ./Generated_Code/Cpu.o
 .debug_line    0x00002d25      0x2a5 ./Generated_Code/Vectors.o
 .debug_line    0x00002fca      0x496 C:\Users\12551519\Desktop\es18aut13\Project\Library\libOS.a(OS.o)
 .debug_line    0x00003460      0x200 C:\Users\12551519\Desktop\es18aut13\Project\Library\libAnalog.a(analog.o)
 .debug_line    0x00003660      0x2d3 C:\Users\12551519\Desktop\es18aut13\Project\Library\libAnalog.a(SPI.o)

.debug_str      0x00000000    0x90ec2
 .debug_str     0x00000000    0x8a67b ./Sources/FIFO.o
                              0x8a80a (size before relaxing)
 .debug_str     0x0008a67b      0x3b5 ./Sources/FTM.o
                              0x8ab43 (size before relaxing)
 .debug_str     0x0008aa30      0x3ff ./Sources/Flash.o
                              0x83287 (size before relaxing)
 .debug_str     0x0008ae2f       0xe1 ./Sources/LEDs.o
                              0x82eee (size before relaxing)
 .debug_str     0x0008af10       0xe2 ./Sources/PIT.o
                              0x8a99b (size before relaxing)
 .debug_str     0x0008aff2      0x23e ./Sources/UART.o
                              0x8abbc (size before relaxing)
 .debug_str     0x0008b230     0x3eba ./Sources/kiss_fft.o
                               0x65e0 (size before relaxing)
 .debug_str     0x0008f0ea      0x452 ./Sources/kiss_fftr.o
                               0x693a (size before relaxing)
 .debug_str     0x0008f53c      0x8eb ./Sources/main.o
                              0x8ebeb (size before relaxing)
 .debug_str     0x0008fe27       0x4f ./Sources/packet.o
                              0x8aa8f (size before relaxing)
 .debug_str     0x0008fe76      0x182 ./Project_Settings/Startup_Code/startup.o
                              0x853f2 (size before relaxing)
 .debug_str     0x0008fff8      0x20b ./Generated_Code/Cpu.o
                              0x8aa23 (size before relaxing)
 .debug_str     0x00090203       0x1c ./Generated_Code/Vectors.o
                              0x8a7c8 (size before relaxing)
 .debug_str     0x0009021f      0x39a C:\Users\12551519\Desktop\es18aut13\Project\Library\libOS.a(OS.o)
                              0x8ad2a (size before relaxing)
 .debug_str     0x000905b9      0x55f C:\Users\12551519\Desktop\es18aut13\Project\Library\libAnalog.a(analog.o)
                               0x3866 (size before relaxing)
 .debug_str     0x00090b18      0x3aa C:\Users\12551519\Desktop\es18aut13\Project\Library\libAnalog.a(SPI.o)
                              0x83389 (size before relaxing)

.comment        0x00000000       0x70
 .comment       0x00000000       0x70 ./Sources/FIFO.o
                                 0x71 (size before relaxing)
 .comment       0x00000000       0x71 ./Sources/FTM.o
 .comment       0x00000000       0x71 ./Sources/Flash.o
 .comment       0x00000000       0x71 ./Sources/LEDs.o
 .comment       0x00000000       0x71 ./Sources/PIT.o
 .comment       0x00000000       0x71 ./Sources/UART.o
 .comment       0x00000000       0x71 ./Sources/kiss_fft.o
 .comment       0x00000000       0x71 ./Sources/kiss_fftr.o
 .comment       0x00000000       0x71 ./Sources/main.o
 .comment       0x00000000       0x71 ./Sources/packet.o
 .comment       0x00000000       0x71 ./Project_Settings/Startup_Code/startup.o
 .comment       0x00000000       0x71 ./Generated_Code/Cpu.o
 .comment       0x00000000       0x71 ./Generated_Code/Vectors.o
 .comment       0x00000000       0x71 C:\Users\12551519\Desktop\es18aut13\Project\Library\libOS.a(OS.o)
 .comment       0x00000000       0x71 C:\Users\12551519\Desktop\es18aut13\Project\Library\libAnalog.a(analog.o)
 .comment       0x00000000       0x71 C:\Users\12551519\Desktop\es18aut13\Project\Library\libAnalog.a(SPI.o)

.debug_frame    0x00000000     0x19cc
 .debug_frame   0x00000000       0x70 ./Sources/FIFO.o
 .debug_frame   0x00000070       0x88 ./Sources/FTM.o
 .debug_frame   0x000000f8      0x1d0 ./Sources/Flash.o
 .debug_frame   0x000002c8       0x7c ./Sources/LEDs.o
 .debug_frame   0x00000344       0x8c ./Sources/PIT.o
 .debug_frame   0x000003d0       0xd4 ./Sources/UART.o
 .debug_frame   0x000004a4      0x180 ./Sources/kiss_fft.o
 .debug_frame   0x00000624       0x74 ./Sources/kiss_fftr.o
 .debug_frame   0x00000698      0x2e8 ./Sources/main.o
 .debug_frame   0x00000980       0x70 ./Sources/packet.o
 .debug_frame   0x000009f0       0xc0 ./Project_Settings/Startup_Code/startup.o
 .debug_frame   0x00000ab0       0x80 ./Generated_Code/Cpu.o
 .debug_frame   0x00000b30      0x2a0 C:\Users\12551519\Desktop\es18aut13\Project\Library\libOS.a(OS.o)
 .debug_frame   0x00000dd0       0x90 C:\Users\12551519\Desktop\es18aut13\Project\Library\libAnalog.a(analog.o)
 .debug_frame   0x00000e60      0x100 C:\Users\12551519\Desktop\es18aut13\Project\Library\libAnalog.a(SPI.o)
 .debug_frame   0x00000f60       0x28 c:/freescale/kds_3.0.0/toolchain/bin/../lib/gcc/arm-none-eabi/4.8.4/../../../../arm-none-eabi/lib/armv7e-m/fpu\libm.a(lib_a-s_cos.o)
 .debug_frame   0x00000f88       0x38 c:/freescale/kds_3.0.0/toolchain/bin/../lib/gcc/arm-none-eabi/4.8.4/../../../../arm-none-eabi/lib/armv7e-m/fpu\libm.a(lib_a-s_floor.o)
 .debug_frame   0x00000fc0       0x28 c:/freescale/kds_3.0.0/toolchain/bin/../lib/gcc/arm-none-eabi/4.8.4/../../../../arm-none-eabi/lib/armv7e-m/fpu\libm.a(lib_a-s_sin.o)
 .debug_frame   0x00000fe8       0x38 c:/freescale/kds_3.0.0/toolchain/bin/../lib/gcc/arm-none-eabi/4.8.4/../../../../arm-none-eabi/lib/armv7e-m/fpu\libm.a(lib_a-w_sqrt.o)
 .debug_frame   0x00001020       0x38 c:/freescale/kds_3.0.0/toolchain/bin/../lib/gcc/arm-none-eabi/4.8.4/../../../../arm-none-eabi/lib/armv7e-m/fpu\libm.a(lib_a-e_rem_pio2.o)
 .debug_frame   0x00001058       0x3c c:/freescale/kds_3.0.0/toolchain/bin/../lib/gcc/arm-none-eabi/4.8.4/../../../../arm-none-eabi/lib/armv7e-m/fpu\libm.a(lib_a-e_sqrt.o)
 .debug_frame   0x00001094       0x40 c:/freescale/kds_3.0.0/toolchain/bin/../lib/gcc/arm-none-eabi/4.8.4/../../../../arm-none-eabi/lib/armv7e-m/fpu\libm.a(lib_a-k_cos.o)
 .debug_frame   0x000010d4       0x3c c:/freescale/kds_3.0.0/toolchain/bin/../lib/gcc/arm-none-eabi/4.8.4/../../../../arm-none-eabi/lib/armv7e-m/fpu\libm.a(lib_a-k_rem_pio2.o)
 .debug_frame   0x00001110       0x40 c:/freescale/kds_3.0.0/toolchain/bin/../lib/gcc/arm-none-eabi/4.8.4/../../../../arm-none-eabi/lib/armv7e-m/fpu\libm.a(lib_a-k_sin.o)
 .debug_frame   0x00001150       0x20 c:/freescale/kds_3.0.0/toolchain/bin/../lib/gcc/arm-none-eabi/4.8.4/../../../../arm-none-eabi/lib/armv7e-m/fpu\libm.a(lib_a-s_fabs.o)
 .debug_frame   0x00001170       0x28 c:/freescale/kds_3.0.0/toolchain/bin/../lib/gcc/arm-none-eabi/4.8.4/../../../../arm-none-eabi/lib/armv7e-m/fpu\libm.a(lib_a-s_fpclassify.o)
 .debug_frame   0x00001198       0x20 c:/freescale/kds_3.0.0/toolchain/bin/../lib/gcc/arm-none-eabi/4.8.4/../../../../arm-none-eabi/lib/armv7e-m/fpu\libm.a(lib_a-s_matherr.o)
 .debug_frame   0x000011b8       0x2c c:/freescale/kds_3.0.0/toolchain/bin/../lib/gcc/arm-none-eabi/4.8.4/../../../../arm-none-eabi/lib/armv7e-m/fpu\libm.a(lib_a-s_scalbn.o)
 .debug_frame   0x000011e4       0x28 c:/freescale/kds_3.0.0/toolchain/bin/../lib/gcc/arm-none-eabi/4.8.4/../../../../arm-none-eabi/lib/armv7e-m/fpu\libm.a(lib_a-s_copysign.o)
 .debug_frame   0x0000120c       0x28 c:/freescale/kds_3.0.0/toolchain/bin/../lib/gcc/arm-none-eabi/4.8.4/armv7e-m/fpu\libgcc.a(_fixsfdi.o)
 .debug_frame   0x00001234       0x2c c:/freescale/kds_3.0.0/toolchain/bin/../lib/gcc/arm-none-eabi/4.8.4/armv7e-m/fpu\libgcc.a(_fixunssfdi.o)
 .debug_frame   0x00001260       0x50 c:/freescale/kds_3.0.0/toolchain/bin/../lib/gcc/arm-none-eabi/4.8.4/armv7e-m/fpu\libgcc.a(bpabi.o)
 .debug_frame   0x000012b0       0x34 c:/freescale/kds_3.0.0/toolchain/bin/../lib/gcc/arm-none-eabi/4.8.4/armv7e-m/fpu\libgcc.a(_divdi3.o)
 .debug_frame   0x000012e4       0x34 c:/freescale/kds_3.0.0/toolchain/bin/../lib/gcc/arm-none-eabi/4.8.4/armv7e-m/fpu\libgcc.a(_udivdi3.o)
 .debug_frame   0x00001318       0x20 c:/freescale/kds_3.0.0/toolchain/bin/../lib/gcc/arm-none-eabi/4.8.4/../../../../arm-none-eabi/lib/armv7e-m/fpu\libg_s.a(lib_a-errno.o)
 .debug_frame   0x00001338       0x28 c:/freescale/kds_3.0.0/toolchain/bin/../lib/gcc/arm-none-eabi/4.8.4/../../../../arm-none-eabi/lib/armv7e-m/fpu\libg_s.a(lib_a-exit.o)
 .debug_frame   0x00001360       0x54 c:/freescale/kds_3.0.0/toolchain/bin/../lib/gcc/arm-none-eabi/4.8.4/../../../../arm-none-eabi/lib/armv7e-m/fpu\libg_s.a(lib_a-fwrite.o)
 .debug_frame   0x000013b4       0x2c c:/freescale/kds_3.0.0/toolchain/bin/../lib/gcc/arm-none-eabi/4.8.4/../../../../arm-none-eabi/lib/armv7e-m/fpu\libg_s.a(lib_a-init.o)
 .debug_frame   0x000013e0       0x30 c:/freescale/kds_3.0.0/toolchain/bin/../lib/gcc/arm-none-eabi/4.8.4/../../../../arm-none-eabi/lib/armv7e-m/fpu\libg_s.a(lib_a-malloc.o)
 .debug_frame   0x00001410       0x28 c:/freescale/kds_3.0.0/toolchain/bin/../lib/gcc/arm-none-eabi/4.8.4/../../../../arm-none-eabi/lib/armv7e-m/fpu\libg_s.a(lib_a-memcpy-stub.o)
 .debug_frame   0x00001438       0x20 c:/freescale/kds_3.0.0/toolchain/bin/../lib/gcc/arm-none-eabi/4.8.4/../../../../arm-none-eabi/lib/armv7e-m/fpu\libg_s.a(lib_a-memset.o)
 .debug_frame   0x00001458       0x2c c:/freescale/kds_3.0.0/toolchain/bin/../lib/gcc/arm-none-eabi/4.8.4/../../../../arm-none-eabi/lib/armv7e-m/fpu\libg_s.a(lib_a-nano-freer.o)
 .debug_frame   0x00001484       0x2c c:/freescale/kds_3.0.0/toolchain/bin/../lib/gcc/arm-none-eabi/4.8.4/../../../../arm-none-eabi/lib/armv7e-m/fpu\libg_s.a(lib_a-nano-mallocr.o)
 .debug_frame   0x000014b0       0x2c c:/freescale/kds_3.0.0/toolchain/bin/../lib/gcc/arm-none-eabi/4.8.4/../../../../arm-none-eabi/lib/armv7e-m/fpu\libg_s.a(lib_a-sbrkr.o)
 .debug_frame   0x000014dc       0x3c c:/freescale/kds_3.0.0/toolchain/bin/../lib/gcc/arm-none-eabi/4.8.4/../../../../arm-none-eabi/lib/armv7e-m/fpu\libg_s.a(lib_a-wbuf.o)
 .debug_frame   0x00001518       0x2c c:/freescale/kds_3.0.0/toolchain/bin/../lib/gcc/arm-none-eabi/4.8.4/../../../../arm-none-eabi/lib/armv7e-m/fpu\libg_s.a(lib_a-wsetup.o)
 .debug_frame   0x00001544       0x5c c:/freescale/kds_3.0.0/toolchain/bin/../lib/gcc/arm-none-eabi/4.8.4/../../../../arm-none-eabi/lib/armv7e-m/fpu\libg_s.a(lib_a-fflush.o)
 .debug_frame   0x000015a0      0x12c c:/freescale/kds_3.0.0/toolchain/bin/../lib/gcc/arm-none-eabi/4.8.4/../../../../arm-none-eabi/lib/armv7e-m/fpu\libg_s.a(lib_a-findfp.o)
 .debug_frame   0x000016cc       0x30 c:/freescale/kds_3.0.0/toolchain/bin/../lib/gcc/arm-none-eabi/4.8.4/../../../../arm-none-eabi/lib/armv7e-m/fpu\libg_s.a(lib_a-makebuf.o)
 .debug_frame   0x000016fc       0x48 c:/freescale/kds_3.0.0/toolchain/bin/../lib/gcc/arm-none-eabi/4.8.4/../../../../arm-none-eabi/lib/armv7e-m/fpu\libg_s.a(lib_a-reent.o)
 .debug_frame   0x00001744       0x80 c:/freescale/kds_3.0.0/toolchain/bin/../lib/gcc/arm-none-eabi/4.8.4/../../../../arm-none-eabi/lib/armv7e-m/fpu\libg_s.a(lib_a-stdio.o)
 .debug_frame   0x000017c4       0x2c c:/freescale/kds_3.0.0/toolchain/bin/../lib/gcc/arm-none-eabi/4.8.4/../../../../arm-none-eabi/lib/armv7e-m/fpu\libg_s.a(lib_a-writer.o)
 .debug_frame   0x000017f0       0x2c c:/freescale/kds_3.0.0/toolchain/bin/../lib/gcc/arm-none-eabi/4.8.4/../../../../arm-none-eabi/lib/armv7e-m/fpu\libg_s.a(lib_a-closer.o)
 .debug_frame   0x0000181c       0x2c c:/freescale/kds_3.0.0/toolchain/bin/../lib/gcc/arm-none-eabi/4.8.4/../../../../arm-none-eabi/lib/armv7e-m/fpu\libg_s.a(lib_a-fstatr.o)
 .debug_frame   0x00001848       0x2c c:/freescale/kds_3.0.0/toolchain/bin/../lib/gcc/arm-none-eabi/4.8.4/../../../../arm-none-eabi/lib/armv7e-m/fpu\libg_s.a(lib_a-isattyr.o)
 .debug_frame   0x00001874       0x2c c:/freescale/kds_3.0.0/toolchain/bin/../lib/gcc/arm-none-eabi/4.8.4/../../../../arm-none-eabi/lib/armv7e-m/fpu\libg_s.a(lib_a-lseekr.o)
 .debug_frame   0x000018a0       0x2c c:/freescale/kds_3.0.0/toolchain/bin/../lib/gcc/arm-none-eabi/4.8.4/../../../../arm-none-eabi/lib/armv7e-m/fpu\libg_s.a(lib_a-readr.o)
 .debug_frame   0x000018cc       0x20 c:/freescale/kds_3.0.0/toolchain/bin/../lib/gcc/arm-none-eabi/4.8.4/../../../../arm-none-eabi/lib/armv7e-m/fpu\libnosys.a(close.o)
 .debug_frame   0x000018ec       0x20 c:/freescale/kds_3.0.0/toolchain/bin/../lib/gcc/arm-none-eabi/4.8.4/../../../../arm-none-eabi/lib/armv7e-m/fpu\libnosys.a(fstat.o)
 .debug_frame   0x0000190c       0x20 c:/freescale/kds_3.0.0/toolchain/bin/../lib/gcc/arm-none-eabi/4.8.4/../../../../arm-none-eabi/lib/armv7e-m/fpu\libnosys.a(isatty.o)
 .debug_frame   0x0000192c       0x20 c:/freescale/kds_3.0.0/toolchain/bin/../lib/gcc/arm-none-eabi/4.8.4/../../../../arm-none-eabi/lib/armv7e-m/fpu\libnosys.a(lseek.o)
 .debug_frame   0x0000194c       0x20 c:/freescale/kds_3.0.0/toolchain/bin/../lib/gcc/arm-none-eabi/4.8.4/../../../../arm-none-eabi/lib/armv7e-m/fpu\libnosys.a(read.o)
 .debug_frame   0x0000196c       0x20 c:/freescale/kds_3.0.0/toolchain/bin/../lib/gcc/arm-none-eabi/4.8.4/../../../../arm-none-eabi/lib/armv7e-m/fpu\libnosys.a(sbrk.o)
 .debug_frame   0x0000198c       0x20 c:/freescale/kds_3.0.0/toolchain/bin/../lib/gcc/arm-none-eabi/4.8.4/../../../../arm-none-eabi/lib/armv7e-m/fpu\libnosys.a(write.o)
 .debug_frame   0x000019ac       0x20 c:/freescale/kds_3.0.0/toolchain/bin/../lib/gcc/arm-none-eabi/4.8.4/../../../../arm-none-eabi/lib/armv7e-m/fpu\libnosys.a(_exit.o)

.stab           0x00000000       0x9c
 .stab          0x00000000       0x24 c:/freescale/kds_3.0.0/toolchain/bin/../lib/gcc/arm-none-eabi/4.8.4/../../../../arm-none-eabi/lib/armv7e-m/fpu\libnosys.a(close.o)
 .stab          0x00000024       0x18 c:/freescale/kds_3.0.0/toolchain/bin/../lib/gcc/arm-none-eabi/4.8.4/../../../../arm-none-eabi/lib/armv7e-m/fpu\libnosys.a(fstat.o)
                                 0x24 (size before relaxing)
 .stab          0x0000003c       0x18 c:/freescale/kds_3.0.0/toolchain/bin/../lib/gcc/arm-none-eabi/4.8.4/../../../../arm-none-eabi/lib/armv7e-m/fpu\libnosys.a(isatty.o)
                                 0x24 (size before relaxing)
 .stab          0x00000054       0x18 c:/freescale/kds_3.0.0/toolchain/bin/../lib/gcc/arm-none-eabi/4.8.4/../../../../arm-none-eabi/lib/armv7e-m/fpu\libnosys.a(lseek.o)
                                 0x24 (size before relaxing)
 .stab          0x0000006c       0x18 c:/freescale/kds_3.0.0/toolchain/bin/../lib/gcc/arm-none-eabi/4.8.4/../../../../arm-none-eabi/lib/armv7e-m/fpu\libnosys.a(read.o)
                                 0x24 (size before relaxing)
 .stab          0x00000084       0x18 c:/freescale/kds_3.0.0/toolchain/bin/../lib/gcc/arm-none-eabi/4.8.4/../../../../arm-none-eabi/lib/armv7e-m/fpu\libnosys.a(write.o)
                                 0x24 (size before relaxing)

.stabstr        0x00000000      0x14d
 .stabstr       0x00000000      0x14d c:/freescale/kds_3.0.0/toolchain/bin/../lib/gcc/arm-none-eabi/4.8.4/../../../../arm-none-eabi/lib/armv7e-m/fpu\libnosys.a(close.o)
