Archive member included because of file (symbol)

D:\Embedded Software US\es18aut13\Project\Library\libOS.a(OS.o)
                              ./Sources/main.o (OS_Init)
D:\Embedded Software US\es18aut13\Project\Library\libAnalog.a(analog.o)
                              ./Sources/main.o (Analog_Init)
D:\Embedded Software US\es18aut13\Project\Library\libAnalog.a(SPI.o)
                              D:\Embedded Software US\es18aut13\Project\Library\libAnalog.a(analog.o) (SPI_Init)
c:/freescale/kds_3.0.0/toolchain/bin/../lib/gcc/arm-none-eabi/4.8.4/../../../../arm-none-eabi/lib/armv7e-m/fpu\libm.a(lib_a-sf_round.o)
                              ./Sources/main.o (roundf)
c:/freescale/kds_3.0.0/toolchain/bin/../lib/gcc/arm-none-eabi/4.8.4/../../../../arm-none-eabi/lib/armv7e-m/fpu\libm.a(lib_a-wf_sqrt.o)
                              ./Sources/main.o (sqrtf)
c:/freescale/kds_3.0.0/toolchain/bin/../lib/gcc/arm-none-eabi/4.8.4/../../../../arm-none-eabi/lib/armv7e-m/fpu\libm.a(lib_a-ef_sqrt.o)
                              c:/freescale/kds_3.0.0/toolchain/bin/../lib/gcc/arm-none-eabi/4.8.4/../../../../arm-none-eabi/lib/armv7e-m/fpu\libm.a(lib_a-wf_sqrt.o) (__ieee754_sqrtf)
c:/freescale/kds_3.0.0/toolchain/bin/../lib/gcc/arm-none-eabi/4.8.4/../../../../arm-none-eabi/lib/armv7e-m/fpu\libm.a(lib_a-s_lib_ver.o)
                              c:/freescale/kds_3.0.0/toolchain/bin/../lib/gcc/arm-none-eabi/4.8.4/../../../../arm-none-eabi/lib/armv7e-m/fpu\libm.a(lib_a-wf_sqrt.o) (__fdlib_version)
c:/freescale/kds_3.0.0/toolchain/bin/../lib/gcc/arm-none-eabi/4.8.4/../../../../arm-none-eabi/lib/armv7e-m/fpu\libm.a(lib_a-s_matherr.o)
                              c:/freescale/kds_3.0.0/toolchain/bin/../lib/gcc/arm-none-eabi/4.8.4/../../../../arm-none-eabi/lib/armv7e-m/fpu\libm.a(lib_a-wf_sqrt.o) (matherr)
c:/freescale/kds_3.0.0/toolchain/bin/../lib/gcc/arm-none-eabi/4.8.4/../../../../arm-none-eabi/lib/armv7e-m/fpu\libm.a(lib_a-sf_fpclassify.o)
                              c:/freescale/kds_3.0.0/toolchain/bin/../lib/gcc/arm-none-eabi/4.8.4/../../../../arm-none-eabi/lib/armv7e-m/fpu\libm.a(lib_a-wf_sqrt.o) (__fpclassifyf)
c:/freescale/kds_3.0.0/toolchain/bin/../lib/gcc/arm-none-eabi/4.8.4/armv7e-m/fpu\libgcc.a(_arm_addsubdf3.o)
                              c:/freescale/kds_3.0.0/toolchain/bin/../lib/gcc/arm-none-eabi/4.8.4/../../../../arm-none-eabi/lib/armv7e-m/fpu\libm.a(lib_a-wf_sqrt.o) (__aeabi_f2d)
c:/freescale/kds_3.0.0/toolchain/bin/../lib/gcc/arm-none-eabi/4.8.4/armv7e-m/fpu\libgcc.a(_arm_muldivdf3.o)
                              c:/freescale/kds_3.0.0/toolchain/bin/../lib/gcc/arm-none-eabi/4.8.4/../../../../arm-none-eabi/lib/armv7e-m/fpu\libm.a(lib_a-wf_sqrt.o) (__aeabi_ddiv)
c:/freescale/kds_3.0.0/toolchain/bin/../lib/gcc/arm-none-eabi/4.8.4/armv7e-m/fpu\libgcc.a(_arm_truncdfsf2.o)
                              c:/freescale/kds_3.0.0/toolchain/bin/../lib/gcc/arm-none-eabi/4.8.4/../../../../arm-none-eabi/lib/armv7e-m/fpu\libm.a(lib_a-wf_sqrt.o) (__aeabi_d2f)
c:/freescale/kds_3.0.0/toolchain/bin/../lib/gcc/arm-none-eabi/4.8.4/armv7e-m/fpu\libgcc.a(_arm_addsubsf3.o)
                              ./Sources/main.o (__aeabi_l2f)
c:/freescale/kds_3.0.0/toolchain/bin/../lib/gcc/arm-none-eabi/4.8.4/../../../../arm-none-eabi/lib/armv7e-m/fpu\libg_s.a(lib_a-errno.o)
                              c:/freescale/kds_3.0.0/toolchain/bin/../lib/gcc/arm-none-eabi/4.8.4/../../../../arm-none-eabi/lib/armv7e-m/fpu\libm.a(lib_a-wf_sqrt.o) (__errno)
c:/freescale/kds_3.0.0/toolchain/bin/../lib/gcc/arm-none-eabi/4.8.4/../../../../arm-none-eabi/lib/armv7e-m/fpu\libg_s.a(lib_a-exit.o)
                              c:/freescale/kds_3.0.0/toolchain/bin/../lib/gcc/arm-none-eabi/4.8.4/../../../../arm-none-eabi/lib/armv7e-m/fpu/crt0.o (exit)
c:/freescale/kds_3.0.0/toolchain/bin/../lib/gcc/arm-none-eabi/4.8.4/../../../../arm-none-eabi/lib/armv7e-m/fpu\libg_s.a(lib_a-impure.o)
                              c:/freescale/kds_3.0.0/toolchain/bin/../lib/gcc/arm-none-eabi/4.8.4/../../../../arm-none-eabi/lib/armv7e-m/fpu\libg_s.a(lib_a-exit.o) (_global_impure_ptr)
c:/freescale/kds_3.0.0/toolchain/bin/../lib/gcc/arm-none-eabi/4.8.4/../../../../arm-none-eabi/lib/armv7e-m/fpu\libg_s.a(lib_a-init.o)
                              c:/freescale/kds_3.0.0/toolchain/bin/../lib/gcc/arm-none-eabi/4.8.4/../../../../arm-none-eabi/lib/armv7e-m/fpu/crt0.o (__libc_init_array)
c:/freescale/kds_3.0.0/toolchain/bin/../lib/gcc/arm-none-eabi/4.8.4/../../../../arm-none-eabi/lib/armv7e-m/fpu\libg_s.a(lib_a-memcpy-stub.o)
                              ./Sources/I2C.o (memcpy)
c:/freescale/kds_3.0.0/toolchain/bin/../lib/gcc/arm-none-eabi/4.8.4/../../../../arm-none-eabi/lib/armv7e-m/fpu\libg_s.a(lib_a-memset.o)
                              c:/freescale/kds_3.0.0/toolchain/bin/../lib/gcc/arm-none-eabi/4.8.4/../../../../arm-none-eabi/lib/armv7e-m/fpu/crt0.o (memset)
[...]
Memory Configuration

Name             Origin             Length             Attributes
m_interrupts     0x00000000         0x000001e8         xr
m_text           0x00000410         0x0007fbf0         xr
m_data           0x1fff0000         0x00010000         rw
m_data_20000000  0x20000000         0x00010000         rw
m_cfmprotrom     0x00000400         0x00000010         xr
*default*        0x00000000         0xffffffff

Linker script and memory map

LOAD c:/freescale/kds_3.0.0/toolchain/bin/../lib/gcc/arm-none-eabi/4.8.4/armv7e-m/fpu/crti.o
LOAD c:/freescale/kds_3.0.0/toolchain/bin/../lib/gcc/arm-none-eabi/4.8.4/armv7e-m/fpu/crtbegin.o
LOAD c:/freescale/kds_3.0.0/toolchain/bin/../lib/gcc/arm-none-eabi/4.8.4/../../../../arm-none-eabi/lib/armv7e-m/fpu/crt0.o
LOAD ./Sources/Events.o
LOAD ./Sources/FIFO.o
LOAD ./Sources/FTM.o
LOAD ./Sources/Flash.o
LOAD ./Sources/I2C.o
LOAD ./Sources/LEDs.o
LOAD ./Sources/PIT.o
LOAD ./Sources/RTC.o
LOAD ./Sources/UART.o
LOAD ./Sources/accel.o
LOAD ./Sources/main.o
LOAD ./Sources/main_sample.o
LOAD ./Sources/median.o
LOAD ./Sources/packet.o
LOAD ./Project_Settings/Startup_Code/startup.o
LOAD ./Generated_Code/Cpu.o
LOAD ./Generated_Code/Vectors.o
LOAD D:\Embedded Software US\es18aut13\Project\Library\libOS.a
LOAD D:\Embedded Software US\es18aut13\Project\Library\libAnalog.a
LOAD c:/freescale/kds_3.0.0/toolchain/bin/../lib/gcc/arm-none-eabi/4.8.4/../../../../arm-none-eabi/lib/armv7e-m/fpu\libstdc++_s.a
LOAD c:/freescale/kds_3.0.0/toolchain/bin/../lib/gcc/arm-none-eabi/4.8.4/../../../../arm-none-eabi/lib/armv7e-m/fpu\libm.a
START GROUP
LOAD c:/freescale/kds_3.0.0/toolchain/bin/../lib/gcc/arm-none-eabi/4.8.4/armv7e-m/fpu\libgcc.a
LOAD c:/freescale/kds_3.0.0/toolchain/bin/../lib/gcc/arm-none-eabi/4.8.4/../../../../arm-none-eabi/lib/armv7e-m/fpu\libg_s.a
LOAD c:/freescale/kds_3.0.0/toolchain/bin/../lib/gcc/arm-none-eabi/4.8.4/../../../../arm-none-eabi/lib/armv7e-m/fpu\libc_s.a
END GROUP
START GROUP
LOAD c:/freescale/kds_3.0.0/toolchain/bin/../lib/gcc/arm-none-eabi/4.8.4/armv7e-m/fpu\libgcc.a
LOAD c:/freescale/kds_3.0.0/toolchain/bin/../lib/gcc/arm-none-eabi/4.8.4/../../../../arm-none-eabi/lib/armv7e-m/fpu\libc_s.a
LOAD c:/freescale/kds_3.0.0/toolchain/bin/../lib/gcc/arm-none-eabi/4.8.4/../../../../arm-none-eabi/lib/armv7e-m/fpu\libnosys.a
END GROUP
START GROUP
LOAD c:/freescale/kds_3.0.0/toolchain/bin/../lib/gcc/arm-none-eabi/4.8.4/armv7e-m/fpu\libgcc.a
LOAD c:/freescale/kds_3.0.0/toolchain/bin/../lib/gcc/arm-none-eabi/4.8.4/../../../../arm-none-eabi/lib/armv7e-m/fpu\libc_s.a
LOAD c:/freescale/kds_3.0.0/toolchain/bin/../lib/gcc/arm-none-eabi/4.8.4/../../../../arm-none-eabi/lib/armv7e-m/fpu\libnosys.a
END GROUP
LOAD c:/freescale/kds_3.0.0/toolchain/bin/../lib/gcc/arm-none-eabi/4.8.4/armv7e-m/fpu/crtend.o
LOAD c:/freescale/kds_3.0.0/toolchain/bin/../lib/gcc/arm-none-eabi/4.8.4/armv7e-m/fpu/crtn.o
                0x20000000                _estack = 0x20000000
                0x20000000                __SP_INIT = _estack
                0x20000000                __stack = _estack
                0x00000000                __heap_size = 0x0
                0x00000400                __stack_size = 0x400

.interrupts     0x00000000      0x1e8
                0x00000000                __vector_table = .
                0x00000000                . = ALIGN (0x4)
 *(.vectortable)
 .vectortable   0x00000000      0x1e8 ./Generated_Code/Vectors.o
                0x00000000                __vect_table
                0x000001e8                . = ALIGN (0x4)

.cfmprotect     0x00000400       0x10
                0x00000400                . = ALIGN (0x4)
 *(.cfmconfig)
 .cfmconfig     0x00000400       0x10 ./Generated_Code/Cpu.o
                0x00000400                _cfm
                0x00000410                . = ALIGN (0x4)

.text           0x00000410     0x4724
                0x00000410                . = ALIGN (0x4)
 *(.text)
 .text          0x00000410       0x54 c:/freescale/kds_3.0.0/toolchain/bin/../lib/gcc/arm-none-eabi/4.8.4/armv7e-m/fpu/crtbegin.o
 .text          0x00000464       0x74 c:/freescale/kds_3.0.0/toolchain/bin/../lib/gcc/arm-none-eabi/4.8.4/../../../../arm-none-eabi/lib/armv7e-m/fpu/crt0.o
                0x00000464                _start
                0x00000464                _mainCRTStartup
 .text          0x000004d8      0x21c c:/freescale/kds_3.0.0/toolchain/bin/../lib/gcc/arm-none-eabi/4.8.4/armv7e-m/fpu\libgcc.a(_arm_addsubsf3.o)
                0x000004d8                __aeabi_frsub
                0x000004e0                __subsf3
                0x000004e0                __aeabi_fsub
                0x000004e4                __aeabi_fadd
                0x000004e4                __addsf3
                0x00000644                __aeabi_ui2f
                0x00000644                __floatunsisf
                0x0000064c                __aeabi_i2f
                0x0000064c                __floatsisf
                0x00000668                __aeabi_ul2f
                0x00000668                __floatundisf
                0x00000678                __aeabi_l2f
                0x00000678                __floatdisf
 *(.text*)
 .text.FIFO_Init
                0x000006f4       0x38 ./Sources/FIFO.o
                0x000006f4                FIFO_Init
 .text.FIFO_Put
                0x0000072c       0x58 ./Sources/FIFO.o
                0x0000072c                FIFO_Put
 .text.FIFO_Get
                0x00000784       0x58 ./Sources/FIFO.o
                0x00000784                FIFO_Get
 .text.FTM_Init
                0x000007dc       0xfc ./Sources/FTM.o
                0x000007dc                FTM_Init
 .text.FTM_Set  0x000008d8       0xe4 ./Sources/FTM.o
                0x000008d8                FTM_Set
 .text.FTM_StartTimer
                0x000009bc       0x78 ./Sources/FTM.o
                0x000009bc                FTM_StartTimer
 .text.FTM0_ISR
                0x00000a34       0x98 ./Sources/FTM.o
                0x00000a34                FTM0_ISR
 .text.Write32  0x00000acc       0x58 ./Sources/Flash.o
 .text.Write16  0x00000b24       0x60 ./Sources/Flash.o
 .text.Write8   0x00000b84       0x60 ./Sources/Flash.o
 .text.LaunchCommand
                0x00000be4       0xa4 ./Sources/Flash.o
 .text.Flash_Init
                0x00000c88       0x4c ./Sources/Flash.o
                0x00000c88                Flash_Init
 .text.Flash_AllocateVar
                0x00000cd4       0x90 ./Sources/Flash.o
                0x00000cd4                Flash_AllocateVar
 .text.Flash_Erase
                0x00000d64       0x14 ./Sources/Flash.o
                0x00000d64                Flash_Erase
 .text.WritePhrase
                0x00000d78       0xe8 ./Sources/Flash.o
 .text.EraseSector
                0x00000e60       0x38 ./Sources/Flash.o
 .text.Flash_Write
                0x00000e98       0x78 ./Sources/Flash.o
                0x00000e98                Flash_Write
 .text._FB      0x00000f10       0x34 ./Sources/Flash.o
                0x00000f10                _FB
 .text._FH      0x00000f44       0x34 ./Sources/Flash.o
                0x00000f44                _FH
 .text.Flash_ISR
                0x00000f78       0x40 ./Sources/Flash.o
                0x00000f78                Flash_ISR
 .text.StopCondition
                0x00000fb8       0x20 ./Sources/I2C.o
 .text.RepeatCondition
                0x00000fd8       0x20 ./Sources/I2C.o
 .text.I2C_ISR  0x00000ff8      0x1ac ./Sources/I2C.o
                0x00000ff8                I2C_ISR
 .text.LEDs_Init
                0x000011a4       0xd4 ./Sources/LEDs.o
                0x000011a4                LEDs_Init
 .text.LEDs_On  0x00001278       0x24 ./Sources/LEDs.o
                0x00001278                LEDs_On
 .text.LEDs_Off
                0x0000129c       0x24 ./Sources/LEDs.o
                0x0000129c                LEDs_Off
 .text.LEDs_Toggle
                0x000012c0       0x24 ./Sources/LEDs.o
                0x000012c0                LEDs_Toggle
 .text.PIT_Init
                0x000012e4       0xdc ./Sources/PIT.o
                0x000012e4                PIT_Init
 .text.PIT_Set  0x000013c0       0x5c ./Sources/PIT.o
                0x000013c0                PIT_Set
 .text.PIT_Enable
                0x0000141c       0x40 ./Sources/PIT.o
                0x0000141c                PIT_Enable
 .text.PIT_ISR  0x0000145c       0x48 ./Sources/PIT.o
                0x0000145c                PIT_ISR
 .text.RTC_Init
                0x000014a4       0xe8 ./Sources/RTC.o
                0x000014a4                RTC_Init
 .text.RTC_Set  0x0000158c       0x5c ./Sources/RTC.o
                0x0000158c                RTC_Set
 .text.RTC_Get  0x000015e8       0x9c ./Sources/RTC.o
                0x000015e8                RTC_Get
 .text.RTC_ISR  0x00001684       0x2c ./Sources/RTC.o
                0x00001684                RTC_ISR
 .text.RxUARTThread
                0x000016b0       0x30 ./Sources/UART.o
 .text.TxUARTThread
                0x000016e0       0x50 ./Sources/UART.o
 .text.UART_Init
                0x00001730      0x1c8 ./Sources/UART.o
                0x00001730                UART_Init
 .text.UART_InChar
                0x000018f8       0x1c ./Sources/UART.o
                0x000018f8                UART_InChar
 .text.UART_OutChar
                0x00001914       0x34 ./Sources/UART.o
                0x00001914                UART_OutChar
 .text.UART_ISR
                0x00001948       0x94 ./Sources/UART.o
                0x00001948                UART_ISR
 .text.AccelDataReady_ISR
                0x000019dc       0x48 ./Sources/accel.o
                0x000019dc                AccelDataReady_ISR
 .text.HandleTowerStartup
                0x00001a24       0x80 ./Sources/main.o
                0x00001a24                HandleTowerStartup
 .text.HandleTowerVersion
                0x00001aa4       0x28 ./Sources/main.o
                0x00001aa4                HandleTowerVersion
 .text.HandleTowerNumber
                0x00001acc       0x6c ./Sources/main.o
                0x00001acc                HandleTowerNumber
 .text.HandleTowerProgramByte
                0x00001b38       0x58 ./Sources/main.o
                0x00001b38                HandleTowerProgramByte
 .text.HandleTowerReadByte
                0x00001b90       0x4c ./Sources/main.o
                0x00001b90                HandleTowerReadByte
 .text.HandleTowerMode
                0x00001bdc       0x6c ./Sources/main.o
                0x00001bdc                HandleTowerMode
 .text.HandleTowerSetTime
                0x00001c48       0x40 ./Sources/main.o
                0x00001c48                HandleTowerSetTime
 .text.HandleTowerTimingMode
                0x00001c88       0xa0 ./Sources/main.o
                0x00001c88                HandleTowerTimingMode
 .text.HandleTowerRaises
                0x00001d28       0x74 ./Sources/main.o
                0x00001d28                HandleTowerRaises
 .text.HandleTowerLowers
                0x00001d9c       0x74 ./Sources/main.o
                0x00001d9c                HandleTowerLowers
 .text.HandleTowerFrequency
                0x00001e10       0x78 ./Sources/main.o
                0x00001e10                HandleTowerFrequency
 .text.HandleTowerVoltage
                0x00001e88       0x5c ./Sources/main.o
                0x00001e88                HandleTowerVoltage
 .text.ReceivedPacket
                0x00001ee4      0x198 ./Sources/main.o
                0x00001ee4                ReceivedPacket
 .text.ADCReadCallback
                0x0000207c      0x27c ./Sources/main.o
                0x0000207c                ADCReadCallback
 .text.TowerInit
                0x000022f8      0x230 ./Sources/main.o
                0x000022f8                TowerInit
 .text.InitModulesThread
                0x00002528      0x11c ./Sources/main.o
 .text.PacketThread
                0x00002644       0x5c ./Sources/main.o
 .text.RTCThread
                0x000026a0       0x44 ./Sources/main.o
 .text.LogRaisesThread
                0x000026e4       0x64 ./Sources/main.o
 .text.LogLowersThread
                0x00002748       0x64 ./Sources/main.o
 .text.FrequencyTrackThread
                0x000027ac       0x3c ./Sources/main.o
 .text.FrequencyCalculateThread
                0x000027e8      0x2d8 ./Sources/main.o
 .text.FastSqrt
                0x00002ac0       0xb0 ./Sources/main.o
                0x00002ac0                FastSqrt
 .text.UpdateRMSFast
                0x00002b70      0x120 ./Sources/main.o
                0x00002b70                UpdateRMSFast
 .text.CheckOutputsOff
                0x00002c90       0x60 ./Sources/main.o
                0x00002c90                CheckOutputsOff
 .text.RMSThread
                0x00002cf0      0x318 ./Sources/main.o
                0x00002cf0                RMSThread
 .text.FTMLEDsOffThread
                0x00003008       0x24 ./Sources/main.o
 .text.main     0x0000302c      0x130 ./Sources/main.o
                0x0000302c                main
 .text.Packet_Init
                0x0000315c       0x2c ./Sources/packet.o
                0x0000315c                Packet_Init
 .text.Packet_Get
                0x00003188       0x6c ./Sources/packet.o
                0x00003188                Packet_Get
 .text.Packet_Put
                0x000031f4       0x70 ./Sources/packet.o
                0x000031f4                Packet_Put
 .text.__copy_rom_section
                0x00003264       0xe4 ./Project_Settings/Startup_Code/startup.o
                0x00003264                __copy_rom_section
 .text.__copy_rom_sections_to_ram
                0x00003348       0x9c ./Project_Settings/Startup_Code/startup.o
                0x00003348                __copy_rom_sections_to_ram
 .text.__init_registers
                0x000033e4       0x20 ./Project_Settings/Startup_Code/startup.o
                0x000033e4                __init_registers
 .text.__init_user
                0x00003404        0xc ./Project_Settings/Startup_Code/startup.o
                0x00003404                __init_user
 .text.__thumb_startup
                0x00003410       0x34 ./Project_Settings/Startup_Code/startup.o
                0x00003410                __thumb_startup
 .text.Cpu_Interrupt
                0x00003444       0x18 ./Generated_Code/Cpu.o
                0x00003444                Cpu_Interrupt
 .text.__init_hardware
                0x0000345c      0x1cc ./Generated_Code/Cpu.o
                0x0000345c                __init_hardware
 .text.Cpu_SetBASEPRI
                0x00003628       0x18 ./Generated_Code/Cpu.o
                0x00003628                Cpu_SetBASEPRI
 .text.PE_low_level_init
                0x00003640       0xe4 ./Generated_Code/Cpu.o
                0x00003640                PE_low_level_init
 .text.OS_Init  0x00003724      0x110 D:\Embedded Software US\es18aut13\Project\Library\libOS.a(OS.o)
                0x00003724                OS_Init
 .text.OS_ISREnter
                0x00003834       0x20 D:\Embedded Software US\es18aut13\Project\Library\libOS.a(OS.o)
                0x00003834                OS_ISREnter
 .text.OS_ISRExit
                0x00003854       0x1c D:\Embedded Software US\es18aut13\Project\Library\libOS.a(OS.o)
                0x00003854                OS_ISRExit
 .text.OS_SemaphoreCreate
                0x00003870       0x90 D:\Embedded Software US\es18aut13\Project\Library\libOS.a(OS.o)
                0x00003870                OS_SemaphoreCreate
 .text.OS_SemaphoreSignal
                0x00003900       0x44 D:\Embedded Software US\es18aut13\Project\Library\libOS.a(OS.o)
                0x00003900                OS_SemaphoreSignal
 .text.OS_SemaphoreWait
                0x00003944       0x58 D:\Embedded Software US\es18aut13\Project\Library\libOS.a(OS.o)
                0x00003944                OS_SemaphoreWait
 .text.OS_Start
                0x0000399c       0x10 D:\Embedded Software US\es18aut13\Project\Library\libOS.a(OS.o)
                0x0000399c                OS_Start
 .text.OS_ThreadCreate
                0x000039ac      0x160 D:\Embedded Software US\es18aut13\Project\Library\libOS.a(OS.o)
                0x000039ac                OS_ThreadCreate
 .text.OS_ThreadDelete
                0x00003b0c      0x18c D:\Embedded Software US\es18aut13\Project\Library\libOS.a(OS.o)
                0x00003b0c                OS_ThreadDelete
 .text.EventThreadReady
                0x00003c98       0x68 D:\Embedded Software US\es18aut13\Project\Library\libOS.a(OS.o)
 .text.EventThreadWait
                0x00003d00       0x64 D:\Embedded Software US\es18aut13\Project\Library\libOS.a(OS.o)
 .text.EventTimeout
                0x00003d64       0x40 D:\Embedded Software US\es18aut13\Project\Library\libOS.a(OS.o)
 .text.Idle     0x00003da4       0x18 D:\Embedded Software US\es18aut13\Project\Library\libOS.a(OS.o)
 .text.FindFirstSet
                0x00003dbc       0x44 D:\Embedded Software US\es18aut13\Project\Library\libOS.a(OS.o)
 .text.Schedule
                0x00003e00       0x64 D:\Embedded Software US\es18aut13\Project\Library\libOS.a(OS.o)
 .text.TCBInit  0x00003e64       0xcc D:\Embedded Software US\es18aut13\Project\Library\libOS.a(OS.o)
 .text.TimeTick
                0x00003f30       0x74 D:\Embedded Software US\es18aut13\Project\Library\libOS.a(OS.o)
 *fill*         0x00003fa4        0xc 
 .text.OS_ContextSwitchISR
                0x00003fb0       0x70 D:\Embedded Software US\es18aut13\Project\Library\libOS.a(OS.o)
                0x00003fb0                OS_ContextSwitchISR
 .text.OS_SysTickISR
                0x00004020       0x5c D:\Embedded Software US\es18aut13\Project\Library\libOS.a(OS.o)
                0x00004020                OS_SysTickISR
 .text.DACWrite
                0x0000407c       0x6c D:\Embedded Software US\es18aut13\Project\Library\libAnalog.a(analog.o)
 .text.Analog_Init
                0x000040e8       0x7c D:\Embedded Software US\es18aut13\Project\Library\libAnalog.a(analog.o)
                0x000040e8                Analog_Init
 .text.Analog_Get
                0x00004164       0x78 D:\Embedded Software US\es18aut13\Project\Library\libAnalog.a(analog.o)
                0x00004164                Analog_Get
 .text.Analog_Put
                0x000041dc       0x50 D:\Embedded Software US\es18aut13\Project\Library\libAnalog.a(analog.o)
                0x000041dc                Analog_Put
 .text.InitChipSelectPins
                0x0000422c       0x6c D:\Embedded Software US\es18aut13\Project\Library\libAnalog.a(SPI.o)
 .text.SetupModuleConfigurationRegister
                0x00004298      0x104 D:\Embedded Software US\es18aut13\Project\Library\libAnalog.a(SPI.o)
 .text.SetBaudRate
                0x0000439c      0x15c D:\Embedded Software US\es18aut13\Project\Library\libAnalog.a(SPI.o)
 .text.SetDelayAfterTransfer
                0x000044f8      0x168 D:\Embedded Software US\es18aut13\Project\Library\libAnalog.a(SPI.o)
 .text.SetupClockAndTransferAttributesRegister
                0x00004660      0x16c D:\Embedded Software US\es18aut13\Project\Library\libAnalog.a(SPI.o)
 .text.SPI_Init
                0x000047cc       0x90 D:\Embedded Software US\es18aut13\Project\Library\libAnalog.a(SPI.o)
                0x000047cc                SPI_Init
 .text.SPI_SelectSlaveDevice
                0x0000485c       0x6c D:\Embedded Software US\es18aut13\Project\Library\libAnalog.a(SPI.o)
                0x0000485c                SPI_SelectSlaveDevice
 .text.SPI_Exchange
                0x000048c8       0x94 D:\Embedded Software US\es18aut13\Project\Library\libAnalog.a(SPI.o)
                0x000048c8                SPI_Exchange
 .text.roundf   0x0000495c       0x54 c:/freescale/kds_3.0.0/toolchain/bin/../lib/gcc/arm-none-eabi/4.8.4/../../../../arm-none-eabi/lib/armv7e-m/fpu\libm.a(lib_a-sf_round.o)
                0x0000495c                roundf
 .text.exit     0x000049b0       0x28 c:/freescale/kds_3.0.0/toolchain/bin/../lib/gcc/arm-none-eabi/4.8.4/../../../../arm-none-eabi/lib/armv7e-m/fpu\libg_s.a(lib_a-exit.o)
                0x000049b0                exit
 .text.__libc_init_array
                0x000049d8       0x4c c:/freescale/kds_3.0.0/toolchain/bin/../lib/gcc/arm-none-eabi/4.8.4/../../../../arm-none-eabi/lib/armv7e-m/fpu\libg_s.a(lib_a-init.o)
                0x000049d8                __libc_init_array
 .text.memcpy   0x00004a24       0x12 c:/freescale/kds_3.0.0/toolchain/bin/../lib/gcc/arm-none-eabi/4.8.4/../../../../arm-none-eabi/lib/armv7e-m/fpu\libg_s.a(lib_a-memcpy-stub.o)
                0x00004a24                memcpy
 .text.memset   0x00004a36       0x10 c:/freescale/kds_3.0.0/toolchain/bin/../lib/gcc/arm-none-eabi/4.8.4/../../../../arm-none-eabi/lib/armv7e-m/fpu\libg_s.a(lib_a-memset.o)
                0x00004a36                memset
 *fill*         0x00004a46        0x2 
 .text._exit    0x00004a48        0x4 c:/freescale/kds_3.0.0/toolchain/bin/../lib/gcc/arm-none-eabi/4.8.4/../../../../arm-none-eabi/lib/armv7e-m/fpu\libnosys.a(_exit.o)
                0x00004a48                _exit
 *(.rodata)
 .rodata        0x00004a4c        0x4 D:\Embedded Software US\es18aut13\Project\Library\libAnalog.a(analog.o)
 .rodata        0x00004a50       0xa0 D:\Embedded Software US\es18aut13\Project\Library\libAnalog.a(SPI.o)
 *(.rodata*)
 .rodata.ANALOG_THREAD_PRIORITIES
                0x00004af0        0x4 ./Sources/main.o
                0x00004af0                ANALOG_THREAD_PRIORITIES
 .rodata.PACKET_ACK_MASK
                0x00004af4        0x1 ./Sources/packet.o
                0x00004af4                PACKET_ACK_MASK
 *fill*         0x00004af5        0x3 
 .rodata.SPI_SETUP
                0x00004af8       0x1c D:\Embedded Software US\es18aut13\Project\Library\libAnalog.a(analog.o)
 .rodata.str1.1
                0x00004b14        0x2 c:/freescale/kds_3.0.0/toolchain/bin/../lib/gcc/arm-none-eabi/4.8.4/../../../../arm-none-eabi/lib/armv7e-m/fpu\libg_s.a(lib_a-impure.o)
 *fill*         0x00004b16        0x2 
 .rodata._global_impure_ptr
                0x00004b18        0x4 c:/freescale/kds_3.0.0/toolchain/bin/../lib/gcc/arm-none-eabi/4.8.4/../../../../arm-none-eabi/lib/armv7e-m/fpu\libg_s.a(lib_a-impure.o)
                0x00004b18                _global_impure_ptr
 *(.glue_7)
 .glue_7        0x00000000        0x0 linker stubs
 *(.glue_7t)
 .glue_7t       0x00000000        0x0 linker stubs
 *(.eh_frame)
 .eh_frame      0x00004b1c        0x0 c:/freescale/kds_3.0.0/toolchain/bin/../lib/gcc/arm-none-eabi/4.8.4/armv7e-m/fpu/crtbegin.o
 *(.init)
 .init          0x00004b1c        0x4 c:/freescale/kds_3.0.0/toolchain/bin/../lib/gcc/arm-none-eabi/4.8.4/armv7e-m/fpu/crti.o
                0x00004b1c                _init
 .init          0x00004b20        0x8 c:/freescale/kds_3.0.0/toolchain/bin/../lib/gcc/arm-none-eabi/4.8.4/armv7e-m/fpu/crtn.o
 *(.fini)
 .fini          0x00004b28        0x4 c:/freescale/kds_3.0.0/toolchain/bin/../lib/gcc/arm-none-eabi/4.8.4/armv7e-m/fpu/crti.o
                0x00004b28                _fini
 .fini          0x00004b2c        0x8 c:/freescale/kds_3.0.0/toolchain/bin/../lib/gcc/arm-none-eabi/4.8.4/armv7e-m/fpu/crtn.o
                0x00004b34                . = ALIGN (0x4)
                0x00004b34                _etext = .

.vfp11_veneer   0x00004b34        0x0
 .vfp11_veneer  0x00000000        0x0 linker stubs

.v4_bx          0x00004b34        0x0
 .v4_bx         0x00000000        0x0 linker stubs

.iplt           0x00004b34        0x0
 .iplt          0x00000000        0x0 c:/freescale/kds_3.0.0/toolchain/bin/../lib/gcc/arm-none-eabi/4.8.4/armv7e-m/fpu/crtbegin.o

.ARM.extab
 *(.ARM.extab* .gnu.linkonce.armextab.*)

.ARM            0x00004b34        0x8
                0x00004b34                __exidx_start = .
 *(.ARM.exidx*)
 .ARM.exidx     0x00004b34        0x8 c:/freescale/kds_3.0.0/toolchain/bin/../lib/gcc/arm-none-eabi/4.8.4/../../../../arm-none-eabi/lib/armv7e-m/fpu/crt0.o
                0x00004b3c                __exidx_end = .

.rel.dyn        0x00004b3c        0x0
 .rel.iplt      0x00000000        0x0 c:/freescale/kds_3.0.0/toolchain/bin/../lib/gcc/arm-none-eabi/4.8.4/armv7e-m/fpu/crtbegin.o

.ctors          0x00004b3c        0x0
                0x00004b3c                __CTOR_LIST__ = .
 *crtbegin.o(.ctors)
 *(EXCLUDE_FILE(*crtend.o) .ctors)
 *(SORT(.ctors.*))
 *(.ctors)
                0x00004b3c                __CTOR_END__ = .

.dtors          0x00004b3c        0x0
                0x00004b3c                __DTOR_LIST__ = .
 *crtbegin.o(.dtors)
 *(EXCLUDE_FILE(*crtend.o) .dtors)
 *(SORT(.dtors.*))
 *(.dtors)
                0x00004b3c                __DTOR_END__ = .

.preinit_array  0x00004b3c        0x0
                0x00004b3c                PROVIDE (__preinit_array_start, .)
 *(.preinit_array*)
                0x00004b3c                PROVIDE (__preinit_array_end, .)

.init_array     0x00004b3c        0x4
                0x00004b3c                PROVIDE (__init_array_start, .)
 *(SORT(.init_array.*))
 *(.init_array*)
 .init_array    0x00004b3c        0x4 c:/freescale/kds_3.0.0/toolchain/bin/../lib/gcc/arm-none-eabi/4.8.4/armv7e-m/fpu/crtbegin.o
                0x00004b40                PROVIDE (__init_array_end, .)

.fini_array     0x00004b40        0x4
                0x00004b40                PROVIDE (__fini_array_start, .)
 *(SORT(.fini_array.*))
 *(.fini_array*)
 .fini_array    0x00004b40        0x4 c:/freescale/kds_3.0.0/toolchain/bin/../lib/gcc/arm-none-eabi/4.8.4/armv7e-m/fpu/crtbegin.o
                0x00004b44                PROVIDE (__fini_array_end, .)
                0x00004b44                ___ROM_AT = .

.data           0x1fff0000       0x7c load address 0x00004b44
                0x1fff0000                . = ALIGN (0x4)
                0x1fff0000                _sdata = .
 *(.data)
 *(.data*)
 .data.SlaveDeviceAddress
                0x1fff0000        0x1 ./Sources/I2C.o
 *fill*         0x1fff0001        0x3 
 .data.AnalogThreadData
                0x1fff0004       0x18 ./Sources/main.o
 .data.impure_data
                0x1fff001c       0x60 c:/freescale/kds_3.0.0/toolchain/bin/../lib/gcc/arm-none-eabi/4.8.4/../../../../arm-none-eabi/lib/armv7e-m/fpu\libg_s.a(lib_a-impure.o)
                0x1fff007c                . = ALIGN (0x4)
                0x1fff007c                _edata = .
                0x0000007c                ___data_size = (_edata - _sdata)
                0x00004bc0                ___m_data_20000000_ROMStart = (___ROM_AT + SIZEOF (.data))

.jcr            0x1fff007c        0x0 load address 0x00004bc0
 .jcr           0x1fff007c        0x0 c:/freescale/kds_3.0.0/toolchain/bin/../lib/gcc/arm-none-eabi/4.8.4/armv7e-m/fpu/crtbegin.o

.igot.plt       0x1fff007c        0x0 load address 0x00004bc0
 .igot.plt      0x00000000        0x0 c:/freescale/kds_3.0.0/toolchain/bin/../lib/gcc/arm-none-eabi/4.8.4/armv7e-m/fpu/crtbegin.o

.m_data_20000000
                0x20000000        0x0 load address 0x00004bc0
                0x20000000                . = ALIGN (0x4)
                0x20000000                ___m_data_20000000_RAMStart = .
 *(.m_data_20000000)
                0x20000000                ___m_data_20000000_RAMEnd = .
                0x20000000                . = ALIGN (0x4)
                0x00000000                ___m_data_20000000_ROMSize = (___m_data_20000000_RAMEnd - ___m_data_20000000_RAMStart)
                0x20000000                . = ALIGN (0x4)

.bss            0x1fff0080     0xbdec load address 0x00004bc8
                0x1fff0080                __START_BSS = .
                0x1fff0080                PROVIDE (__bss_start__, __START_BSS)
 *(.bss)
 .bss           0x1fff0080       0x1c c:/freescale/kds_3.0.0/toolchain/bin/../lib/gcc/arm-none-eabi/4.8.4/armv7e-m/fpu/crtbegin.o
 *(.bss*)
 .bss.UserSemaphore
                0x1fff009c       0x20 ./Sources/FTM.o
 .bss.occupiedBytes.5729
                0x1fff00bc        0x1 ./Sources/Flash.o
 *fill*         0x1fff00bd        0x3 
 .bss.ReadCompleteSemaphore
                0x1fff00c0        0x4 ./Sources/I2C.o
 .bss.I2CAccess
                0x1fff00c4        0x4 ./Sources/I2C.o
 .bss.SlaveDeviceReadAddress
                0x1fff00c8        0x1 ./Sources/I2C.o
 .bss.NbBytes   0x1fff00c9        0x1 ./Sources/I2C.o
 *fill*         0x1fff00ca        0x2 
 .bss.DataPtr   0x1fff00cc        0x4 ./Sources/I2C.o
 .bss.stage.6666
                0x1fff00d0        0x1 ./Sources/I2C.o
 .bss.readCount.6667
                0x1fff00d1        0x1 ./Sources/I2C.o
 *fill*         0x1fff00d2        0x2 
 .bss.ModuleClk
                0x1fff00d4        0x4 ./Sources/PIT.o
 .bss.UserFunction
                0x1fff00d8        0x4 ./Sources/PIT.o
 .bss.UserArguments
                0x1fff00dc        0x4 ./Sources/PIT.o
 .bss.ReadSemaphore
                0x1fff00e0        0x4 ./Sources/RTC.o
 *fill*         0x1fff00e4        0x4 
 .bss.RxUARTThreadStack
                0x1fff00e8      0xc80 ./Sources/UART.o
 .bss.TxUARTThreadStack
                0x1fff0d68      0xc80 ./Sources/UART.o
 .bss.DataReadySemaphore
                0x1fff19e8        0x4 ./Sources/accel.o
 .bss.VoltageSamples
                0x1fff19ec      0x188 ./Sources/main.o
 .bss.RMS       0x1fff1b74        0x8 ./Sources/main.o
 .bss.TimingMode
                0x1fff1b7c        0x2 ./Sources/main.o
 *fill*         0x1fff1b7e        0x2 
 .bss.SamplePeriod
                0x1fff1b80        0x4 ./Sources/main.o
 .bss.NewSamplePeriod
                0x1fff1b84        0x4 ./Sources/main.o
 .bss.LastSumOfSquares
                0x1fff1b88       0x18 ./Sources/main.o
 .bss.OldestData
                0x1fff1ba0        0x8 ./Sources/main.o
 .bss.Alarm     0x1fff1ba8        0x4 ./Sources/main.o
 .bss.Adjusting
                0x1fff1bac        0x4 ./Sources/main.o
 .bss.Frequency
                0x1fff1bb0        0x4 ./Sources/main.o
 .bss.LEDOffSemaphore
                0x1fff1bb4        0x4 ./Sources/main.o
 .bss.RTCReadSemaphore
                0x1fff1bb8        0x4 ./Sources/main.o
 .bss.FrequencyCalculateSemaphore
                0x1fff1bbc        0x4 ./Sources/main.o
 .bss.FrequencyTrackSemaphore
                0x1fff1bc0        0x4 ./Sources/main.o
 .bss.LogRaisesSemaphore
                0x1fff1bc4        0x4 ./Sources/main.o
 .bss.LogLowersSemaphore
                0x1fff1bc8        0x4 ./Sources/main.o
 .bss.FlashAccessMutex
                0x1fff1bcc        0x4 ./Sources/main.o
 .bss.InitModulesThreadStack
                0x1fff1bd0      0xc80 ./Sources/main.o
 .bss.RTCThreadStack
                0x1fff2850      0xc80 ./Sources/main.o
 .bss.FTMLEDsOffThreadStack
                0x1fff34d0      0xc80 ./Sources/main.o
 .bss.FrequencyCalculateThreadStack
                0x1fff4150      0xc80 ./Sources/main.o
 .bss.FrequencyTrackThreadStack
                0x1fff4dd0      0xc80 ./Sources/main.o
 .bss.PacketThreadStack
                0x1fff5a50      0xc80 ./Sources/main.o
 .bss.LogRaisesThreadStack
                0x1fff66d0      0xc80 ./Sources/main.o
 .bss.LogLowersThreadStack
                0x1fff7350      0xc80 ./Sources/main.o
 .bss.RMSThreadStacks
                0x1fff7fd0     0x2580 ./Sources/main.o
 .bss.phase.7503
                0x1fffa550        0x1 ./Sources/main.o
 *fill*         0x1fffa551        0x3 
 .bss.PacketPutAccess
                0x1fffa554        0x4 ./Sources/packet.o
 .bss.SR_lock   0x1fffa558        0x1 ./Generated_Code/Cpu.o
                0x1fffa558                SR_lock
 *fill*         0x1fffa559        0x3 
 .bss.TCBUnusedMain
                0x1fffa55c       0x18 D:\Embedded Software US\es18aut13\Project\Library\libOS.a(OS.o)
 .bss.TCBTable  0x1fffa574      0x300 D:\Embedded Software US\es18aut13\Project\Library\libOS.a(OS.o)
 .bss.pTCBFreeList
                0x1fffa874        0x4 D:\Embedded Software US\es18aut13\Project\Library\libOS.a(OS.o)
 .bss.pTCBAllocatedList
                0x1fffa878        0x4 D:\Embedded Software US\es18aut13\Project\Library\libOS.a(OS.o)
 .bss.pTCBPriorityTable
                0x1fffa87c       0x80 D:\Embedded Software US\es18aut13\Project\Library\libOS.a(OS.o)
 .bss.pTCBRunning
                0x1fffa8fc        0x4 D:\Embedded Software US\es18aut13\Project\Library\libOS.a(OS.o)
 .bss.pTCBHighestReady
                0x1fffa900        0x4 D:\Embedded Software US\es18aut13\Project\Library\libOS.a(OS.o)
 .bss.ReadyList
                0x1fffa904        0x4 D:\Embedded Software US\es18aut13\Project\Library\libOS.a(OS.o)
 .bss.ECBTable  0x1fffa908      0x100 D:\Embedded Software US\es18aut13\Project\Library\libOS.a(OS.o)
 .bss.NextECBFree
                0x1fffaa08        0x1 D:\Embedded Software US\es18aut13\Project\Library\libOS.a(OS.o)
 *fill*         0x1fffaa09        0x3 
 .bss.IdleCounter
                0x1fffaa0c        0x4 D:\Embedded Software US\es18aut13\Project\Library\libOS.a(OS.o)
 .bss.IdleStack
                0x1fffaa10      0x400 D:\Embedded Software US\es18aut13\Project\Library\libOS.a(OS.o)
 .bss.Ticks     0x1fffae10        0x4 D:\Embedded Software US\es18aut13\Project\Library\libOS.a(OS.o)
 .bss.ToggleCntr
                0x1fffae14        0x4 D:\Embedded Software US\es18aut13\Project\Library\libOS.a(OS.o)
 .bss.ToggleLED
                0x1fffae18        0x1 D:\Embedded Software US\es18aut13\Project\Library\libOS.a(OS.o)
 .bss.ISRNestLevel
                0x1fffae19        0x1 D:\Embedded Software US\es18aut13\Project\Library\libOS.a(OS.o)
 *fill*         0x1fffae1a        0x2 
 .bss.ADCCommandUnion
                0x1fffae1c        0x4 D:\Embedded Software US\es18aut13\Project\Library\libAnalog.a(analog.o)
 *(COMMON)
 COMMON         0x1fffae20        0x8 ./Sources/Flash.o
                0x1fffae20                CCIFSemaphore
                0x1fffae24                FlashAccessMutex
 COMMON         0x1fffae28     0x1024 ./Sources/UART.o
                0x1fffae28                DummyRead
                0x1fffae2c                TxFIFO
                0x1fffb638                RxFIFO
                0x1fffbe44                RxUARTSemaphore
                0x1fffbe48                TxUARTSemaphore
 COMMON         0x1fffbe4c       0x14 ./Sources/main.o
                0x1fffbe4c                NvTowerMd
                0x1fffbe50                NvTowerNb
                0x1fffbe54                NvTimingMd
                0x1fffbe58                NvNbRaises
                0x1fffbe5c                NvNbLowers
 COMMON         0x1fffbe60        0x5 ./Sources/packet.o
                0x1fffbe60                Packet
 COMMON         0x1fffbe65        0x1 ./Generated_Code/Cpu.o
                0x1fffbe65                SR_reg
 *fill*         0x1fffbe66        0x2 
 COMMON         0x1fffbe68        0x4 D:\Embedded Software US\es18aut13\Project\Library\libAnalog.a(analog.o)
                0x1fffbe68                DACInput
                0x1fffbe6c                . = ALIGN (0x4)
                0x1fffbe6c                __END_BSS = .
                0x1fffbe6c                PROVIDE (__bss_end__, __END_BSS)
                0x00004bc0                _romp_at = ((___ROM_AT + SIZEOF (.data)) + SIZEOF (.m_data_20000000))

.romp           0x1fffbe6c       0x24 load address 0x00004bc0
                0x00004bc0                __S_romp = _romp_at
                0x1fffbe6c        0x4 LONG 0x4b44 ___ROM_AT
                0x1fffbe70        0x4 LONG 0x1fff0000 _sdata
                0x1fffbe74        0x4 LONG 0x7c ___data_size
                0x1fffbe78        0x4 LONG 0x4bc0 ___m_data_20000000_ROMStart
                0x1fffbe7c        0x4 LONG 0x20000000 ___m_data_20000000_RAMStart
                0x1fffbe80        0x4 LONG 0x0 ___m_data_20000000_ROMSize
                0x1fffbe84        0x4 LONG 0x0
                0x1fffbe88        0x4 LONG 0x0
                0x1fffbe8c        0x4 LONG 0x0

._user_heap_stack
                0x1fffbe90      0x400 load address 0x00004be4
                0x1fffbe90                . = ALIGN (0x4)
                0x1fffbe90                PROVIDE (end, .)
                0x1fffbe90                PROVIDE (_end, .)
                0x1fffbe90                __heap_addr = .
                0x1fffbe90                __HeapBase = .
                0x1fffbe90                . = (. + __heap_size)
                0x1fffbe90                __HeapLimit = .
                0x1fffc290                . = (. + __stack_size)
 *fill*         0x1fffbe90      0x400 
                0x1fffc290                . = ALIGN (0x4)

.ARM.attributes
                0x00000000       0x30
 *(.ARM.attributes)
 .ARM.attributes
                0x00000000       0x22 c:/freescale/kds_3.0.0/toolchain/bin/../lib/gcc/arm-none-eabi/4.8.4/armv7e-m/fpu/crti.o
 .ARM.attributes
                0x00000022       0x34 c:/freescale/kds_3.0.0/toolchain/bin/../lib/gcc/arm-none-eabi/4.8.4/armv7e-m/fpu/crtbegin.o
 .ARM.attributes
                0x00000056       0x20 c:/freescale/kds_3.0.0/toolchain/bin/../lib/gcc/arm-none-eabi/4.8.4/../../../../arm-none-eabi/lib/armv7e-m/fpu/crt0.o
 .ARM.attributes
                0x00000076       0x39 ./Sources/FIFO.o
 .ARM.attributes
                0x000000af       0x39 ./Sources/FTM.o
 .ARM.attributes
                0x000000e8       0x39 ./Sources/Flash.o
 .ARM.attributes
                0x00000121       0x39 ./Sources/I2C.o
 .ARM.attributes
                0x0000015a       0x39 ./Sources/LEDs.o
 .ARM.attributes
                0x00000193       0x39 ./Sources/PIT.o
 .ARM.attributes
                0x000001cc       0x39 ./Sources/RTC.o
 .ARM.attributes
                0x00000205       0x39 ./Sources/UART.o
 .ARM.attributes
                0x0000023e       0x39 ./Sources/accel.o
 .ARM.attributes
                0x00000277       0x39 ./Sources/main.o
 .ARM.attributes
                0x000002b0       0x39 ./Sources/packet.o
 .ARM.attributes
                0x000002e9       0x39 ./Project_Settings/Startup_Code/startup.o
 .ARM.attributes
                0x00000322       0x39 ./Generated_Code/Cpu.o
 .ARM.attributes
                0x0000035b       0x39 ./Generated_Code/Vectors.o
 .ARM.attributes
                0x00000394       0x39 D:\Embedded Software US\es18aut13\Project\Library\libOS.a(OS.o)
 .ARM.attributes
                0x000003cd       0x39 D:\Embedded Software US\es18aut13\Project\Library\libAnalog.a(analog.o)
 .ARM.attributes
                0x00000406       0x39 D:\Embedded Software US\es18aut13\Project\Library\libAnalog.a(SPI.o)
 .ARM.attributes
                0x0000043f       0x34 c:/freescale/kds_3.0.0/toolchain/bin/../lib/gcc/arm-none-eabi/4.8.4/../../../../arm-none-eabi/lib/armv7e-m/fpu\libm.a(lib_a-sf_round.o)
 .ARM.attributes
                0x00000473       0x22 c:/freescale/kds_3.0.0/toolchain/bin/../lib/gcc/arm-none-eabi/4.8.4/armv7e-m/fpu\libgcc.a(_arm_addsubsf3.o)
 .ARM.attributes
                0x00000495       0x34 c:/freescale/kds_3.0.0/toolchain/bin/../lib/gcc/arm-none-eabi/4.8.4/../../../../arm-none-eabi/lib/armv7e-m/fpu\libg_s.a(lib_a-exit.o)
 .ARM.attributes
                0x000004c9       0x34 c:/freescale/kds_3.0.0/toolchain/bin/../lib/gcc/arm-none-eabi/4.8.4/../../../../arm-none-eabi/lib/armv7e-m/fpu\libg_s.a(lib_a-impure.o)
 .ARM.attributes
                0x000004fd       0x34 c:/freescale/kds_3.0.0/toolchain/bin/../lib/gcc/arm-none-eabi/4.8.4/../../../../arm-none-eabi/lib/armv7e-m/fpu\libg_s.a(lib_a-init.o)
 .ARM.attributes
                0x00000531       0x34 c:/freescale/kds_3.0.0/toolchain/bin/../lib/gcc/arm-none-eabi/4.8.4/../../../../arm-none-eabi/lib/armv7e-m/fpu\libg_s.a(lib_a-memcpy-stub.o)
 .ARM.attributes
                0x00000565       0x34 c:/freescale/kds_3.0.0/toolchain/bin/../lib/gcc/arm-none-eabi/4.8.4/../../../../arm-none-eabi/lib/armv7e-m/fpu\libg_s.a(lib_a-memset.o)
 .ARM.attributes
                0x00000599       0x34 c:/freescale/kds_3.0.0/toolchain/bin/../lib/gcc/arm-none-eabi/4.8.4/../../../../arm-none-eabi/lib/armv7e-m/fpu\libnosys.a(_exit.o)
 .ARM.attributes
                0x000005cd       0x22 c:/freescale/kds_3.0.0/toolchain/bin/../lib/gcc/arm-none-eabi/4.8.4/armv7e-m/fpu/crtn.o
OUTPUT(Project.elf elf32-littlearm)

.debug_info     0x00000000     0x8269
 .debug_info    0x00000000      0x20b ./Sources/FIFO.o
 .debug_info    0x0000020b      0x797 ./Sources/FTM.o
 .debug_info    0x000009a2      0x960 ./Sources/Flash.o
 .debug_info    0x00001302      0x8fb ./Sources/I2C.o
 .debug_info    0x00001bfd      0x490 ./Sources/LEDs.o
 .debug_info    0x0000208d      0x5d0 ./Sources/PIT.o
 .debug_info    0x0000265d      0x632 ./Sources/RTC.o
 .debug_info    0x00002c8f      0xa80 ./Sources/UART.o
 .debug_info    0x0000370f      0x9af ./Sources/accel.o
 .debug_info    0x000040be     0x1162 ./Sources/main.o
 .debug_info    0x00005220      0x2ff ./Sources/packet.o
 .debug_info    0x0000551f      0x3b0 ./Project_Settings/Startup_Code/startup.o
 .debug_info    0x000058cf      0xc82 ./Generated_Code/Cpu.o
 .debug_info    0x00006551      0x14c ./Generated_Code/Vectors.o
 .debug_info    0x0000669d      0xd02 D:\Embedded Software US\es18aut13\Project\Library\libOS.a(OS.o)
 .debug_info    0x0000739f      0x46a D:\Embedded Software US\es18aut13\Project\Library\libAnalog.a(analog.o)
 .debug_info    0x00007809      0xa60 D:\Embedded Software US\es18aut13\Project\Library\libAnalog.a(SPI.o)

.debug_abbrev   0x00000000     0x1c79
 .debug_abbrev  0x00000000       0xce ./Sources/FIFO.o
 .debug_abbrev  0x000000ce      0x1d2 ./Sources/FTM.o
 .debug_abbrev  0x000002a0      0x256 ./Sources/Flash.o
 .debug_abbrev  0x000004f6      0x1fb ./Sources/I2C.o
 .debug_abbrev  0x000006f1      0x144 ./Sources/LEDs.o
 .debug_abbrev  0x00000835      0x188 ./Sources/PIT.o
 .debug_abbrev  0x000009bd      0x168 ./Sources/RTC.o
 .debug_abbrev  0x00000b25      0x232 ./Sources/UART.o
 .debug_abbrev  0x00000d57      0x207 ./Sources/accel.o
 .debug_abbrev  0x00000f5e      0x250 ./Sources/main.o
 .debug_abbrev  0x000011ae       0xec ./Sources/packet.o
 .debug_abbrev  0x0000129a      0x189 ./Project_Settings/Startup_Code/startup.o
 .debug_abbrev  0x00001423      0x185 ./Generated_Code/Cpu.o
 .debug_abbrev  0x000015a8       0xb3 ./Generated_Code/Vectors.o
 .debug_abbrev  0x0000165b      0x2f8 D:\Embedded Software US\es18aut13\Project\Library\libOS.a(OS.o)
 .debug_abbrev  0x00001953      0x151 D:\Embedded Software US\es18aut13\Project\Library\libAnalog.a(analog.o)
 .debug_abbrev  0x00001aa4      0x1d5 D:\Embedded Software US\es18aut13\Project\Library\libAnalog.a(SPI.o)

.debug_aranges  0x00000000      0x5c0
 .debug_aranges
                0x00000000       0x30 ./Sources/FIFO.o
 .debug_aranges
                0x00000030       0x38 ./Sources/FTM.o
 .debug_aranges
                0x00000068       0x90 ./Sources/Flash.o
 .debug_aranges
                0x000000f8       0x70 ./Sources/I2C.o
 .debug_aranges
                0x00000168       0x38 ./Sources/LEDs.o
 .debug_aranges
                0x000001a0       0x38 ./Sources/PIT.o
 .debug_aranges
                0x000001d8       0x38 ./Sources/RTC.o
 .debug_aranges
                0x00000210       0x48 ./Sources/UART.o
 .debug_aranges
                0x00000258       0x38 ./Sources/accel.o
 .debug_aranges
                0x00000290      0x108 ./Sources/main.o
 .debug_aranges
                0x00000398       0x30 ./Sources/packet.o
 .debug_aranges
                0x000003c8       0x50 ./Project_Settings/Startup_Code/startup.o
 .debug_aranges
                0x00000418       0x38 ./Generated_Code/Cpu.o
 .debug_aranges
                0x00000450       0x18 ./Generated_Code/Vectors.o
 .debug_aranges
                0x00000468       0xc8 D:\Embedded Software US\es18aut13\Project\Library\libOS.a(OS.o)
 .debug_aranges
                0x00000530       0x38 D:\Embedded Software US\es18aut13\Project\Library\libAnalog.a(analog.o)
 .debug_aranges
                0x00000568       0x58 D:\Embedded Software US\es18aut13\Project\Library\libAnalog.a(SPI.o)

.debug_ranges   0x00000000      0x4a8
 .debug_ranges  0x00000000       0x20 ./Sources/FIFO.o
 .debug_ranges  0x00000020       0x28 ./Sources/FTM.o
 .debug_ranges  0x00000048       0x80 ./Sources/Flash.o
 .debug_ranges  0x000000c8       0x60 ./Sources/I2C.o
 .debug_ranges  0x00000128       0x28 ./Sources/LEDs.o
 .debug_ranges  0x00000150       0x28 ./Sources/PIT.o
 .debug_ranges  0x00000178       0x28 ./Sources/RTC.o
 .debug_ranges  0x000001a0       0x38 ./Sources/UART.o
 .debug_ranges  0x000001d8       0x28 ./Sources/accel.o
 .debug_ranges  0x00000200       0xf8 ./Sources/main.o
 .debug_ranges  0x000002f8       0x20 ./Sources/packet.o
 .debug_ranges  0x00000318       0x40 ./Project_Settings/Startup_Code/startup.o
 .debug_ranges  0x00000358       0x28 ./Generated_Code/Cpu.o
 .debug_ranges  0x00000380       0xb8 D:\Embedded Software US\es18aut13\Project\Library\libOS.a(OS.o)
 .debug_ranges  0x00000438       0x28 D:\Embedded Software US\es18aut13\Project\Library\libAnalog.a(analog.o)
 .debug_ranges  0x00000460       0x48 D:\Embedded Software US\es18aut13\Project\Library\libAnalog.a(SPI.o)

.debug_macro    0x00000000    0x1a977
 .debug_macro   0x00000000       0xaf ./Sources/FIFO.o
 .debug_macro   0x000000af       0x22 ./Sources/FIFO.o
 .debug_macro   0x000000d1       0x3c ./Sources/FIFO.o
 .debug_macro   0x0000010d     0x1800 ./Sources/FIFO.o
 .debug_macro   0x0000190d       0xa9 ./Sources/FTM.o
 .debug_macro   0x000019b6       0x7f ./Sources/Flash.o
 .debug_macro   0x00001a35       0x16 ./Sources/Flash.o
 .debug_macro   0x00001a4b    0x174af ./Sources/Flash.o
 .debug_macro   0x00018efa       0x16 ./Sources/Flash.o
 .debug_macro   0x00018f10       0xad ./Sources/I2C.o
 .debug_macro   0x00018fbd       0x6d ./Sources/LEDs.o
 .debug_macro   0x0001902a       0xbc ./Sources/PIT.o
 .debug_macro   0x000190e6       0x10 ./Sources/PIT.o
 .debug_macro   0x000190f6       0xa9 ./Sources/RTC.o
 .debug_macro   0x0001919f       0xbd ./Sources/UART.o
 .debug_macro   0x0001925c      0x211 ./Sources/accel.o
 .debug_macro   0x0001946d       0x9a ./Sources/accel.o
 .debug_macro   0x00019507      0x205 ./Sources/main.o
 .debug_macro   0x0001970c       0x10 ./Sources/main.o
 .debug_macro   0x0001971c       0x3a ./Sources/main.o
 .debug_macro   0x00019756       0x58 ./Sources/main.o
 .debug_macro   0x000197ae       0x35 ./Sources/main.o
 .debug_macro   0x000197e3       0xa3 ./Sources/main.o
 .debug_macro   0x00019886      0x166 ./Sources/main.o
 .debug_macro   0x000199ec       0x52 ./Sources/main.o
 .debug_macro   0x00019a3e       0x16 ./Sources/main.o
 .debug_macro   0x00019a54       0x43 ./Sources/main.o
 .debug_macro   0x00019a97      0x180 ./Sources/main.o
 .debug_macro   0x00019c17       0xde ./Sources/main.o
 .debug_macro   0x00019cf5       0xc2 ./Sources/packet.o
 .debug_macro   0x00019db7      0x121 ./Project_Settings/Startup_Code/startup.o
 .debug_macro   0x00019ed8       0x4a ./Project_Settings/Startup_Code/startup.o
 .debug_macro   0x00019f22      0x2a6 ./Project_Settings/Startup_Code/startup.o
 .debug_macro   0x0001a1c8       0x10 ./Project_Settings/Startup_Code/startup.o
 .debug_macro   0x0001a1d8       0x35 ./Project_Settings/Startup_Code/startup.o
 .debug_macro   0x0001a20d       0x16 ./Project_Settings/Startup_Code/startup.o
 .debug_macro   0x0001a223       0x22 ./Project_Settings/Startup_Code/startup.o
 .debug_macro   0x0001a245      0x20f ./Project_Settings/Startup_Code/startup.o
 .debug_macro   0x0001a454       0x84 ./Generated_Code/Cpu.o
 .debug_macro   0x0001a4d8       0xa0 ./Generated_Code/Cpu.o
 .debug_macro   0x0001a578       0xf5 ./Generated_Code/Vectors.o
 .debug_macro   0x0001a66d       0x36 ./Generated_Code/Vectors.o
 .debug_macro   0x0001a6a3       0xa3 D:\Embedded Software US\es18aut13\Project\Library\libOS.a(OS.o)
 .debug_macro   0x0001a746       0x94 D:\Embedded Software US\es18aut13\Project\Library\libOS.a(OS.o)
 .debug_macro   0x0001a7da       0x30 D:\Embedded Software US\es18aut13\Project\Library\libOS.a(OS.o)
 .debug_macro   0x0001a80a       0xf5 D:\Embedded Software US\es18aut13\Project\Library\libAnalog.a(analog.o)
 .debug_macro   0x0001a8ff       0x10 D:\Embedded Software US\es18aut13\Project\Library\libAnalog.a(analog.o)
 .debug_macro   0x0001a90f       0x68 D:\Embedded Software US\es18aut13\Project\Library\libAnalog.a(SPI.o)

.debug_line     0x00000000     0x3a24
 .debug_line    0x00000000      0x2c5 ./Sources/FIFO.o
 .debug_line    0x000002c5      0x307 ./Sources/FTM.o
 .debug_line    0x000005cc      0x390 ./Sources/Flash.o
 .debug_line    0x0000095c      0x3f9 ./Sources/I2C.o
 .debug_line    0x00000d55      0x225 ./Sources/LEDs.o
 .debug_line    0x00000f7a      0x332 ./Sources/PIT.o
 .debug_line    0x000012ac      0x2ea ./Sources/RTC.o
 .debug_line    0x00001596      0x341 ./Sources/UART.o
 .debug_line    0x000018d7      0x329 ./Sources/accel.o
 .debug_line    0x00001c00      0x8c7 ./Sources/main.o
 .debug_line    0x000024c7      0x2de ./Sources/packet.o
 .debug_line    0x000027a5      0x3d4 ./Project_Settings/Startup_Code/startup.o
 .debug_line    0x00002b79      0x27b ./Generated_Code/Cpu.o
 .debug_line    0x00002df4      0x2c7 ./Generated_Code/Vectors.o
 .debug_line    0x000030bb      0x496 D:\Embedded Software US\es18aut13\Project\Library\libOS.a(OS.o)
 .debug_line    0x00003551      0x200 D:\Embedded Software US\es18aut13\Project\Library\libAnalog.a(analog.o)
 .debug_line    0x00003751      0x2d3 D:\Embedded Software US\es18aut13\Project\Library\libAnalog.a(SPI.o)

.debug_str      0x00000000    0x90448
 .debug_str     0x00000000    0x8a680 ./Sources/FIFO.o
                              0x8a7fe (size before relaxing)
 .debug_str     0x0008a680      0x3b0 ./Sources/FTM.o
                              0x8ab40 (size before relaxing)
 .debug_str     0x0008aa30      0x30b ./Sources/Flash.o
                              0x83200 (size before relaxing)
 .debug_str     0x0008ad3b      0x222 ./Sources/I2C.o
                              0x8ab06 (size before relaxing)
 .debug_str     0x0008af5d       0xa6 ./Sources/LEDs.o
                              0x82eec (size before relaxing)
 .debug_str     0x0008b003      0x109 ./Sources/PIT.o
                              0x8a9c9 (size before relaxing)
 .debug_str     0x0008b10c       0x9d ./Sources/RTC.o
                              0x8a96b (size before relaxing)
 .debug_str     0x0008b1a9      0x235 ./Sources/UART.o
                              0x8abb0 (size before relaxing)
 .debug_str     0x0008b3de      0xa39 ./Sources/accel.o
                              0x8b4f2 (size before relaxing)
 .debug_str     0x0008be17     0x25fa ./Sources/main.o
                              0x8d284 (size before relaxing)
 .debug_str     0x0008e411       0x4f ./Sources/packet.o
                              0x8aa8d (size before relaxing)
 .debug_str     0x0008e460     0x1147 ./Project_Settings/Startup_Code/startup.o
                              0x853f0 (size before relaxing)
 .debug_str     0x0008f5a7      0x1e3 ./Generated_Code/Cpu.o
                              0x8aa21 (size before relaxing)
 .debug_str     0x0008f78a       0x1c ./Generated_Code/Vectors.o
                              0x8a854 (size before relaxing)
 .debug_str     0x0008f7a6      0x3ab D:\Embedded Software US\es18aut13\Project\Library\libOS.a(OS.o)
                              0x8ad2a (size before relaxing)
 .debug_str     0x0008fb51      0x55a D:\Embedded Software US\es18aut13\Project\Library\libAnalog.a(analog.o)
                               0x3866 (size before relaxing)
 .debug_str     0x000900ab      0x39d D:\Embedded Software US\es18aut13\Project\Library\libAnalog.a(SPI.o)
                              0x83389 (size before relaxing)

.comment        0x00000000       0x70
 .comment       0x00000000       0x70 ./Sources/FIFO.o
                                 0x71 (size before relaxing)
 .comment       0x00000000       0x71 ./Sources/FTM.o
 .comment       0x00000000       0x71 ./Sources/Flash.o
 .comment       0x00000000       0x71 ./Sources/I2C.o
 .comment       0x00000000       0x71 ./Sources/LEDs.o
 .comment       0x00000000       0x71 ./Sources/PIT.o
 .comment       0x00000000       0x71 ./Sources/RTC.o
 .comment       0x00000000       0x71 ./Sources/UART.o
 .comment       0x00000000       0x71 ./Sources/accel.o
 .comment       0x00000000       0x71 ./Sources/main.o
 .comment       0x00000000       0x71 ./Sources/packet.o
 .comment       0x00000000       0x71 ./Project_Settings/Startup_Code/startup.o
 .comment       0x00000000       0x71 ./Generated_Code/Cpu.o
 .comment       0x00000000       0x71 ./Generated_Code/Vectors.o
 .comment       0x00000000       0x71 D:\Embedded Software US\es18aut13\Project\Library\libOS.a(OS.o)
 .comment       0x00000000       0x71 D:\Embedded Software US\es18aut13\Project\Library\libAnalog.a(analog.o)
 .comment       0x00000000       0x71 D:\Embedded Software US\es18aut13\Project\Library\libAnalog.a(SPI.o)

.debug_frame    0x00000000     0x11a8
 .debug_frame   0x00000000       0x70 ./Sources/FIFO.o
 .debug_frame   0x00000070       0x88 ./Sources/FTM.o
 .debug_frame   0x000000f8      0x1f4 ./Sources/Flash.o
 .debug_frame   0x000002ec      0x148 ./Sources/I2C.o
 .debug_frame   0x00000434       0x7c ./Sources/LEDs.o
 .debug_frame   0x000004b0       0x8c ./Sources/PIT.o
 .debug_frame   0x0000053c       0x8c ./Sources/RTC.o
 .debug_frame   0x000005c8       0xd4 ./Sources/UART.o
 .debug_frame   0x0000069c       0x94 ./Sources/accel.o
 .debug_frame   0x00000730      0x3bc ./Sources/main.o
 .debug_frame   0x00000aec       0x70 ./Sources/packet.o
 .debug_frame   0x00000b5c       0xc0 ./Project_Settings/Startup_Code/startup.o
 .debug_frame   0x00000c1c       0x80 ./Generated_Code/Cpu.o
 .debug_frame   0x00000c9c      0x2a0 D:\Embedded Software US\es18aut13\Project\Library\libOS.a(OS.o)
 .debug_frame   0x00000f3c       0x90 D:\Embedded Software US\es18aut13\Project\Library\libAnalog.a(analog.o)
 .debug_frame   0x00000fcc      0x100 D:\Embedded Software US\es18aut13\Project\Library\libAnalog.a(SPI.o)
 .debug_frame   0x000010cc       0x20 c:/freescale/kds_3.0.0/toolchain/bin/../lib/gcc/arm-none-eabi/4.8.4/../../../../arm-none-eabi/lib/armv7e-m/fpu\libm.a(lib_a-sf_round.o)
 .debug_frame   0x000010ec       0x28 c:/freescale/kds_3.0.0/toolchain/bin/../lib/gcc/arm-none-eabi/4.8.4/../../../../arm-none-eabi/lib/armv7e-m/fpu\libg_s.a(lib_a-exit.o)
 .debug_frame   0x00001114       0x2c c:/freescale/kds_3.0.0/toolchain/bin/../lib/gcc/arm-none-eabi/4.8.4/../../../../arm-none-eabi/lib/armv7e-m/fpu\libg_s.a(lib_a-init.o)
 .debug_frame   0x00001140       0x28 c:/freescale/kds_3.0.0/toolchain/bin/../lib/gcc/arm-none-eabi/4.8.4/../../../../arm-none-eabi/lib/armv7e-m/fpu\libg_s.a(lib_a-memcpy-stub.o)
 .debug_frame   0x00001168       0x20 c:/freescale/kds_3.0.0/toolchain/bin/../lib/gcc/arm-none-eabi/4.8.4/../../../../arm-none-eabi/lib/armv7e-m/fpu\libg_s.a(lib_a-memset.o)
 .debug_frame   0x00001188       0x20 c:/freescale/kds_3.0.0/toolchain/bin/../lib/gcc/arm-none-eabi/4.8.4/../../../../arm-none-eabi/lib/armv7e-m/fpu\libnosys.a(_exit.o)
