Archive member included because of file (symbol)

C:\Users\12551519\Desktop\es18aut13\Project\Library\libOS.a(OS.o)
                              ./Sources/main.o (OS_Init)
C:\Users\12551519\Desktop\es18aut13\Project\Library\libAnalog.a(analog.o)
                              ./Sources/main.o (Analog_Init)
C:\Users\12551519\Desktop\es18aut13\Project\Library\libAnalog.a(SPI.o)
                              C:\Users\12551519\Desktop\es18aut13\Project\Library\libAnalog.a(analog.o) (SPI_Init)
c:/freescale/kds_3.0.0/toolchain/bin/../lib/gcc/arm-none-eabi/4.8.4/../../../../arm-none-eabi/lib/armv7e-m/fpu\libm.a(lib_a-s_cos.o)
                              ./Sources/kiss_fft.o (cos)
c:/freescale/kds_3.0.0/toolchain/bin/../lib/gcc/arm-none-eabi/4.8.4/../../../../arm-none-eabi/lib/armv7e-m/fpu\libm.a(lib_a-s_floor.o)
                              ./Sources/kiss_fft.o (floor)
c:/freescale/kds_3.0.0/toolchain/bin/../lib/gcc/arm-none-eabi/4.8.4/../../../../arm-none-eabi/lib/armv7e-m/fpu\libm.a(lib_a-s_sin.o)
                              ./Sources/kiss_fft.o (sin)
c:/freescale/kds_3.0.0/toolchain/bin/../lib/gcc/arm-none-eabi/4.8.4/../../../../arm-none-eabi/lib/armv7e-m/fpu\libm.a(lib_a-w_sqrt.o)
                              ./Sources/kiss_fft.o (sqrt)
c:/freescale/kds_3.0.0/toolchain/bin/../lib/gcc/arm-none-eabi/4.8.4/../../../../arm-none-eabi/lib/armv7e-m/fpu\libm.a(lib_a-e_rem_pio2.o)
                              c:/freescale/kds_3.0.0/toolchain/bin/../lib/gcc/arm-none-eabi/4.8.4/../../../../arm-none-eabi/lib/armv7e-m/fpu\libm.a(lib_a-s_cos.o) (__ieee754_rem_pio2)
c:/freescale/kds_3.0.0/toolchain/bin/../lib/gcc/arm-none-eabi/4.8.4/../../../../arm-none-eabi/lib/armv7e-m/fpu\libm.a(lib_a-e_sqrt.o)
                              c:/freescale/kds_3.0.0/toolchain/bin/../lib/gcc/arm-none-eabi/4.8.4/../../../../arm-none-eabi/lib/armv7e-m/fpu\libm.a(lib_a-w_sqrt.o) (__ieee754_sqrt)
c:/freescale/kds_3.0.0/toolchain/bin/../lib/gcc/arm-none-eabi/4.8.4/../../../../arm-none-eabi/lib/armv7e-m/fpu\libm.a(lib_a-k_cos.o)
                              c:/freescale/kds_3.0.0/toolchain/bin/../lib/gcc/arm-none-eabi/4.8.4/../../../../arm-none-eabi/lib/armv7e-m/fpu\libm.a(lib_a-s_cos.o) (__kernel_cos)
c:/freescale/kds_3.0.0/toolchain/bin/../lib/gcc/arm-none-eabi/4.8.4/../../../../arm-none-eabi/lib/armv7e-m/fpu\libm.a(lib_a-k_rem_pio2.o)
                              c:/freescale/kds_3.0.0/toolchain/bin/../lib/gcc/arm-none-eabi/4.8.4/../../../../arm-none-eabi/lib/armv7e-m/fpu\libm.a(lib_a-e_rem_pio2.o) (__kernel_rem_pio2)
c:/freescale/kds_3.0.0/toolchain/bin/../lib/gcc/arm-none-eabi/4.8.4/../../../../arm-none-eabi/lib/armv7e-m/fpu\libm.a(lib_a-k_sin.o)
                              c:/freescale/kds_3.0.0/toolchain/bin/../lib/gcc/arm-none-eabi/4.8.4/../../../../arm-none-eabi/lib/armv7e-m/fpu\libm.a(lib_a-s_cos.o) (__kernel_sin)
c:/freescale/kds_3.0.0/toolchain/bin/../lib/gcc/arm-none-eabi/4.8.4/../../../../arm-none-eabi/lib/armv7e-m/fpu\libm.a(lib_a-s_fabs.o)
                              c:/freescale/kds_3.0.0/toolchain/bin/../lib/gcc/arm-none-eabi/4.8.4/../../../../arm-none-eabi/lib/armv7e-m/fpu\libm.a(lib_a-e_rem_pio2.o) (fabs)
c:/freescale/kds_3.0.0/toolchain/bin/../lib/gcc/arm-none-eabi/4.8.4/../../../../arm-none-eabi/lib/armv7e-m/fpu\libm.a(lib_a-s_fpclassify.o)
                              c:/freescale/kds_3.0.0/toolchain/bin/../lib/gcc/arm-none-eabi/4.8.4/../../../../arm-none-eabi/lib/armv7e-m/fpu\libm.a(lib_a-w_sqrt.o) (__fpclassifyd)
c:/freescale/kds_3.0.0/toolchain/bin/../lib/gcc/arm-none-eabi/4.8.4/../../../../arm-none-eabi/lib/armv7e-m/fpu\libm.a(lib_a-s_lib_ver.o)
                              c:/freescale/kds_3.0.0/toolchain/bin/../lib/gcc/arm-none-eabi/4.8.4/../../../../arm-none-eabi/lib/armv7e-m/fpu\libm.a(lib_a-w_sqrt.o) (__fdlib_version)
c:/freescale/kds_3.0.0/toolchain/bin/../lib/gcc/arm-none-eabi/4.8.4/../../../../arm-none-eabi/lib/armv7e-m/fpu\libm.a(lib_a-s_matherr.o)
                              c:/freescale/kds_3.0.0/toolchain/bin/../lib/gcc/arm-none-eabi/4.8.4/../../../../arm-none-eabi/lib/armv7e-m/fpu\libm.a(lib_a-w_sqrt.o) (matherr)
c:/freescale/kds_3.0.0/toolchain/bin/../lib/gcc/arm-none-eabi/4.8.4/../../../../arm-none-eabi/lib/armv7e-m/fpu\libm.a(lib_a-s_scalbn.o)
                              c:/freescale/kds_3.0.0/toolchain/bin/../lib/gcc/arm-none-eabi/4.8.4/../../../../arm-none-eabi/lib/armv7e-m/fpu\libm.a(lib_a-k_rem_pio2.o) (scalbn)
c:/freescale/kds_3.0.0/toolchain/bin/../lib/gcc/arm-none-eabi/4.8.4/../../../../arm-none-eabi/lib/armv7e-m/fpu\libm.a(lib_a-s_copysign.o)
                              c:/freescale/kds_3.0.0/toolchain/bin/../lib/gcc/arm-none-eabi/4.8.4/../../../../arm-none-eabi/lib/armv7e-m/fpu\libm.a(lib_a-s_scalbn.o) (copysign)
c:/freescale/kds_3.0.0/toolchain/bin/../lib/gcc/arm-none-eabi/4.8.4/armv7e-m/fpu\libgcc.a(_arm_addsubdf3.o)
                              ./Sources/kiss_fft.o (__aeabi_dsub)
[...]
Memory Configuration

Name             Origin             Length             Attributes
m_interrupts     0x00000000         0x000001e8         xr
m_text           0x00000410         0x0007fbf0         xr
m_data           0x1fff0000         0x00010000         rw
m_data_20000000  0x20000000         0x00010000         rw
m_cfmprotrom     0x00000400         0x00000010         xr
*default*        0x00000000         0xffffffff

Linker script and memory map

LOAD c:/freescale/kds_3.0.0/toolchain/bin/../lib/gcc/arm-none-eabi/4.8.4/armv7e-m/fpu/crti.o
LOAD c:/freescale/kds_3.0.0/toolchain/bin/../lib/gcc/arm-none-eabi/4.8.4/armv7e-m/fpu/crtbegin.o
LOAD c:/freescale/kds_3.0.0/toolchain/bin/../lib/gcc/arm-none-eabi/4.8.4/../../../../arm-none-eabi/lib/armv7e-m/fpu/crt0.o
LOAD ./Sources/Events.o
LOAD ./Sources/FIFO.o
LOAD ./Sources/FTM.o
LOAD ./Sources/Flash.o
LOAD ./Sources/LEDs.o
LOAD ./Sources/PIT.o
LOAD ./Sources/UART.o
LOAD ./Sources/VRR.o
LOAD ./Sources/kiss_fft.o
LOAD ./Sources/kiss_fftr.o
LOAD ./Sources/main.o
LOAD ./Sources/packet.o
LOAD ./Project_Settings/Startup_Code/startup.o
LOAD ./Generated_Code/Cpu.o
LOAD ./Generated_Code/Vectors.o
LOAD C:\Users\12551519\Desktop\es18aut13\Project\Library\libOS.a
LOAD C:\Users\12551519\Desktop\es18aut13\Project\Library\libAnalog.a
LOAD c:/freescale/kds_3.0.0/toolchain/bin/../lib/gcc/arm-none-eabi/4.8.4/../../../../arm-none-eabi/lib/armv7e-m/fpu\libstdc++_s.a
LOAD c:/freescale/kds_3.0.0/toolchain/bin/../lib/gcc/arm-none-eabi/4.8.4/../../../../arm-none-eabi/lib/armv7e-m/fpu\libm.a
START GROUP
LOAD c:/freescale/kds_3.0.0/toolchain/bin/../lib/gcc/arm-none-eabi/4.8.4/armv7e-m/fpu\libgcc.a
LOAD c:/freescale/kds_3.0.0/toolchain/bin/../lib/gcc/arm-none-eabi/4.8.4/../../../../arm-none-eabi/lib/armv7e-m/fpu\libg_s.a
LOAD c:/freescale/kds_3.0.0/toolchain/bin/../lib/gcc/arm-none-eabi/4.8.4/../../../../arm-none-eabi/lib/armv7e-m/fpu\libc_s.a
END GROUP
START GROUP
LOAD c:/freescale/kds_3.0.0/toolchain/bin/../lib/gcc/arm-none-eabi/4.8.4/armv7e-m/fpu\libgcc.a
LOAD c:/freescale/kds_3.0.0/toolchain/bin/../lib/gcc/arm-none-eabi/4.8.4/../../../../arm-none-eabi/lib/armv7e-m/fpu\libc_s.a
LOAD c:/freescale/kds_3.0.0/toolchain/bin/../lib/gcc/arm-none-eabi/4.8.4/../../../../arm-none-eabi/lib/armv7e-m/fpu\libnosys.a
END GROUP
START GROUP
LOAD c:/freescale/kds_3.0.0/toolchain/bin/../lib/gcc/arm-none-eabi/4.8.4/armv7e-m/fpu\libgcc.a
LOAD c:/freescale/kds_3.0.0/toolchain/bin/../lib/gcc/arm-none-eabi/4.8.4/../../../../arm-none-eabi/lib/armv7e-m/fpu\libc_s.a
LOAD c:/freescale/kds_3.0.0/toolchain/bin/../lib/gcc/arm-none-eabi/4.8.4/../../../../arm-none-eabi/lib/armv7e-m/fpu\libnosys.a
END GROUP
LOAD c:/freescale/kds_3.0.0/toolchain/bin/../lib/gcc/arm-none-eabi/4.8.4/armv7e-m/fpu/crtend.o
LOAD c:/freescale/kds_3.0.0/toolchain/bin/../lib/gcc/arm-none-eabi/4.8.4/armv7e-m/fpu/crtn.o
                0x20000000                _estack = 0x20000000
                0x20000000                __SP_INIT = _estack
                0x20000000                __stack = _estack
                0x00000000                __heap_size = 0x0
                0x00000400                __stack_size = 0x400

.interrupts     0x00000000      0x1e8
                0x00000000                __vector_table = .
                0x00000000                . = ALIGN (0x4)
 *(.vectortable)
 .vectortable   0x00000000      0x1e8 ./Generated_Code/Vectors.o
                0x00000000                __vect_table
                0x000001e8                . = ALIGN (0x4)

.cfmprotect     0x00000400       0x10
                0x00000400                . = ALIGN (0x4)
 *(.cfmconfig)
 .cfmconfig     0x00000400       0x10 ./Generated_Code/Cpu.o
                0x00000400                _cfm
                0x00000410                . = ALIGN (0x4)

.text           0x00000410     0x83a0
                0x00000410                . = ALIGN (0x4)
 *(.text)
 .text          0x00000410       0x54 c:/freescale/kds_3.0.0/toolchain/bin/../lib/gcc/arm-none-eabi/4.8.4/armv7e-m/fpu/crtbegin.o
 .text          0x00000464       0x74 c:/freescale/kds_3.0.0/toolchain/bin/../lib/gcc/arm-none-eabi/4.8.4/../../../../arm-none-eabi/lib/armv7e-m/fpu/crt0.o
                0x00000464                _start
                0x00000464                _mainCRTStartup
 .text          0x000004d8      0x370 c:/freescale/kds_3.0.0/toolchain/bin/../lib/gcc/arm-none-eabi/4.8.4/armv7e-m/fpu\libgcc.a(_arm_addsubdf3.o)
                0x000004d8                __aeabi_drsub
                0x000004e0                __aeabi_dsub
                0x000004e0                __subdf3
                0x000004e4                __aeabi_dadd
                0x000004e4                __adddf3
                0x0000075c                __floatunsidf
                0x0000075c                __aeabi_ui2d
                0x0000077c                __floatsidf
                0x0000077c                __aeabi_i2d
                0x000007a0                __aeabi_f2d
                0x000007a0                __extendsfdf2
                0x000007dc                __floatundidf
                0x000007dc                __aeabi_ul2d
                0x000007ec                __floatdidf
                0x000007ec                __aeabi_l2d
 .text          0x00000848      0x424 c:/freescale/kds_3.0.0/toolchain/bin/../lib/gcc/arm-none-eabi/4.8.4/armv7e-m/fpu\libgcc.a(_arm_muldivdf3.o)
                0x00000848                __aeabi_dmul
                0x00000848                __muldf3
                0x00000a9c                __divdf3
                0x00000a9c                __aeabi_ddiv
 .text          0x00000c6c      0x110 c:/freescale/kds_3.0.0/toolchain/bin/../lib/gcc/arm-none-eabi/4.8.4/armv7e-m/fpu\libgcc.a(_arm_cmpdf2.o)
                0x00000c6c                __gtdf2
                0x00000c6c                __gedf2
                0x00000c74                __ltdf2
                0x00000c74                __ledf2
                0x00000c7c                __nedf2
                0x00000c7c                __eqdf2
                0x00000c7c                __cmpdf2
                0x00000cf8                __aeabi_cdrcmple
                0x00000d08                __aeabi_cdcmpeq
                0x00000d08                __aeabi_cdcmple
                0x00000d18                __aeabi_dcmpeq
                0x00000d2c                __aeabi_dcmplt
                0x00000d40                __aeabi_dcmple
                0x00000d54                __aeabi_dcmpge
                0x00000d68                __aeabi_dcmpgt
 .text          0x00000d7c       0x50 c:/freescale/kds_3.0.0/toolchain/bin/../lib/gcc/arm-none-eabi/4.8.4/armv7e-m/fpu\libgcc.a(_arm_fixdfsi.o)
                0x00000d7c                __aeabi_d2iz
                0x00000d7c                __fixdfsi
 .text          0x00000dcc       0xa0 c:/freescale/kds_3.0.0/toolchain/bin/../lib/gcc/arm-none-eabi/4.8.4/armv7e-m/fpu\libgcc.a(_arm_truncdfsf2.o)
                0x00000dcc                __truncdfsf2
                0x00000dcc                __aeabi_d2f
 .text          0x00000e6c       0x38 c:/freescale/kds_3.0.0/toolchain/bin/../lib/gcc/arm-none-eabi/4.8.4/armv7e-m/fpu\libgcc.a(_aeabi_ldivmod.o)
                0x00000e6c                __aeabi_ldivmod
 .text          0x00000ea4       0x2c c:/freescale/kds_3.0.0/toolchain/bin/../lib/gcc/arm-none-eabi/4.8.4/armv7e-m/fpu\libgcc.a(_aeabi_uldivmod.o)
                0x00000ea4                __aeabi_uldivmod
 .text          0x00000ed0       0x2c c:/freescale/kds_3.0.0/toolchain/bin/../lib/gcc/arm-none-eabi/4.8.4/armv7e-m/fpu\libgcc.a(_fixsfdi.o)
                0x00000ed0                __fixsfdi
                0x00000ed0                __aeabi_f2lz
 .text          0x00000efc       0x48 c:/freescale/kds_3.0.0/toolchain/bin/../lib/gcc/arm-none-eabi/4.8.4/armv7e-m/fpu\libgcc.a(_fixunssfdi.o)
                0x00000efc                __fixunssfdi
                0x00000efc                __aeabi_f2ulz
 .text          0x00000f44       0x60 c:/freescale/kds_3.0.0/toolchain/bin/../lib/gcc/arm-none-eabi/4.8.4/armv7e-m/fpu\libgcc.a(bpabi.o)
                0x00000f44                __gnu_ldivmod_helper
                0x00000f74                __gnu_uldivmod_helper
 .text          0x00000fa4        0x4 c:/freescale/kds_3.0.0/toolchain/bin/../lib/gcc/arm-none-eabi/4.8.4/armv7e-m/fpu\libgcc.a(_dvmd_tls.o)
                0x00000fa4                __aeabi_idiv0
                0x00000fa4                __aeabi_ldiv0
 .text          0x00000fa8       0x40 c:/freescale/kds_3.0.0/toolchain/bin/../lib/gcc/arm-none-eabi/4.8.4/armv7e-m/fpu\libgcc.a(_arm_fixunsdfsi.o)
                0x00000fa8                __aeabi_d2uiz
                0x00000fa8                __fixunsdfsi
 .text          0x00000fe8      0x298 c:/freescale/kds_3.0.0/toolchain/bin/../lib/gcc/arm-none-eabi/4.8.4/armv7e-m/fpu\libgcc.a(_divdi3.o)
                0x00000fe8                __divdi3
 .text          0x00001280      0x284 c:/freescale/kds_3.0.0/toolchain/bin/../lib/gcc/arm-none-eabi/4.8.4/armv7e-m/fpu\libgcc.a(_udivdi3.o)
                0x00001280                __udivdi3
 *(.text*)
 .text.FIFO_Init
                0x00001504       0x48 ./Sources/FIFO.o
                0x00001504                FIFO_Init
 .text.FIFO_Put
                0x0000154c       0x70 ./Sources/FIFO.o
                0x0000154c                FIFO_Put
 .text.FIFO_Get
                0x000015bc       0x70 ./Sources/FIFO.o
                0x000015bc                FIFO_Get
 .text.FTM_Init
                0x0000162c       0xfc ./Sources/FTM.o
                0x0000162c                FTM_Init
 .text.FTM_Set  0x00001728       0xe4 ./Sources/FTM.o
                0x00001728                FTM_Set
 .text.FTM_StartTimer
                0x0000180c       0x78 ./Sources/FTM.o
                0x0000180c                FTM_StartTimer
 .text.FTM0_ISR
                0x00001884       0x98 ./Sources/FTM.o
                0x00001884                FTM0_ISR
 .text.Flash_Init
                0x0000191c       0x20 ./Sources/Flash.o
                0x0000191c                Flash_Init
 .text.Flash_AllocateVar
                0x0000193c       0x90 ./Sources/Flash.o
                0x0000193c                Flash_AllocateVar
 .text.Flash_Write
                0x000019cc       0x78 ./Sources/Flash.o
                0x000019cc                Flash_Write
 .text.Flash_Read8
                0x00001a44       0x34 ./Sources/Flash.o
                0x00001a44                Flash_Read8
 .text.Write32  0x00001a78       0x58 ./Sources/Flash.o
 .text.Write16  0x00001ad0       0x60 ./Sources/Flash.o
 .text.Write8   0x00001b30       0x60 ./Sources/Flash.o
 .text.LaunchCommand
                0x00001b90       0x98 ./Sources/Flash.o
 .text.WritePhrase
                0x00001c28       0xec ./Sources/Flash.o
 .text.EraseSector
                0x00001d14       0x38 ./Sources/Flash.o
 .text.LEDs_Init
                0x00001d4c       0xd4 ./Sources/LEDs.o
                0x00001d4c                LEDs_Init
 .text.LEDs_On  0x00001e20       0x24 ./Sources/LEDs.o
                0x00001e20                LEDs_On
 .text.LEDs_Off
                0x00001e44       0x24 ./Sources/LEDs.o
                0x00001e44                LEDs_Off
 .text.PIT_Init
                0x00001e68       0xdc ./Sources/PIT.o
                0x00001e68                PIT_Init
 .text.PIT_Set  0x00001f44       0x5c ./Sources/PIT.o
                0x00001f44                PIT_Set
 .text.PIT_Enable
                0x00001fa0       0x40 ./Sources/PIT.o
                0x00001fa0                PIT_Enable
 .text.PIT_ISR  0x00001fe0       0x48 ./Sources/PIT.o
                0x00001fe0                PIT_ISR
 .text.RxUARTThread
                0x00002028       0x30 ./Sources/UART.o
 .text.TxUARTThread
                0x00002058       0x50 ./Sources/UART.o
 .text.UART_Init
                0x000020a8      0x1c8 ./Sources/UART.o
                0x000020a8                UART_Init
 .text.UART_InChar
                0x00002270       0x1c ./Sources/UART.o
                0x00002270                UART_InChar
 .text.UART_OutChar
                0x0000228c       0x34 ./Sources/UART.o
                0x0000228c                UART_OutChar
 .text.UART_ISR
                0x000022c0       0x94 ./Sources/UART.o
                0x000022c0                UART_ISR
 .text.VRR_Init
                0x00002354       0x10 ./Sources/VRR.o
                0x00002354                VRR_Init
 .text.VRR_ProtectedAnalogPut
                0x00002364       0x28 ./Sources/VRR.o
                0x00002364                VRR_ProtectedAnalogPut
 .text.VRR_ArrayCopy
                0x0000238c       0x40 ./Sources/VRR.o
                0x0000238c                VRR_ArrayCopy
 .text.VRR_ArrayAnyTrue
                0x000023cc       0x40 ./Sources/VRR.o
                0x000023cc                VRR_ArrayAnyTrue
 .text.VRR_QuickSquareRoot
                0x0000240c       0x90 ./Sources/VRR.o
                0x0000240c                VRR_QuickSquareRoot
 .text.VRR_CalculateRMS
                0x0000249c       0xa4 ./Sources/VRR.o
                0x0000249c                VRR_CalculateRMS
 .text.VRR_CheckAlarm
                0x00002540      0x120 ./Sources/VRR.o
                0x00002540                VRR_CheckAlarm
 .text.VRR_SetFrequency
                0x00002660       0xc0 ./Sources/VRR.o
                0x00002660                VRR_SetFrequency
 .text.VRR_CalculateFrequency
                0x00002720      0x130 ./Sources/VRR.o
                0x00002720                VRR_CalculateFrequency
 .text.kf_bfly2
                0x00002850       0xec ./Sources/kiss_fft.o
 .text.kf_bfly4
                0x0000293c      0x360 ./Sources/kiss_fft.o
 .text.kf_bfly3
                0x00002c9c      0x2e4 ./Sources/kiss_fft.o
 .text.kf_bfly5
                0x00002f80      0x604 ./Sources/kiss_fft.o
 .text.kf_bfly_generic
                0x00003584      0x1b0 ./Sources/kiss_fft.o
 .text.kf_work  0x00003734      0x118 ./Sources/kiss_fft.o
 .text.kf_factor
                0x0000384c       0xb8 ./Sources/kiss_fft.o
 *fill*         0x00003904        0x4 
 .text.kiss_fft_alloc
                0x00003908      0x140 ./Sources/kiss_fft.o
                0x00003908                kiss_fft_alloc
 .text.kiss_fft_stride
                0x00003a48       0x70 ./Sources/kiss_fft.o
                0x00003a48                kiss_fft_stride
 .text.kiss_fft
                0x00003ab8       0x20 ./Sources/kiss_fft.o
                0x00003ab8                kiss_fft
 .text.kiss_fftr_alloc
                0x00003ad8      0x1a0 ./Sources/kiss_fftr.o
                0x00003ad8                kiss_fftr_alloc
 .text.kiss_fftr
                0x00003c78      0x24c ./Sources/kiss_fftr.o
                0x00003c78                kiss_fftr
 .text.HandleTowerTiming
                0x00003ec4       0x84 ./Sources/main.o
 .text.HandleTowerRaises
                0x00003f48       0x74 ./Sources/main.o
 .text.HandleTowerLowers
                0x00003fbc       0x74 ./Sources/main.o
 .text.HandleTowerFrequency
                0x00004030       0x4c ./Sources/main.o
 .text.HandleTowerVoltage
                0x0000407c       0x84 ./Sources/main.o
 .text.HandleTowerSpectrum
                0x00004100      0x1dc ./Sources/main.o
 .text.ReceivedPacket
                0x000042dc       0xfc ./Sources/main.o
                0x000042dc                ReceivedPacket
 .text.AnalogSampleCallback
                0x000043d8       0xb8 ./Sources/main.o
                0x000043d8                AnalogSampleCallback
 .text.TowerInit
                0x00004490      0x12c ./Sources/main.o
                0x00004490                TowerInit
 .text.InitModulesThread
                0x000045bc      0x11c ./Sources/main.o
 .text.PacketThread
                0x000046d8       0x5c ./Sources/main.o
 .text.LEDsOffThread
                0x00004734       0x24 ./Sources/main.o
 .text.CalculateRMSThread
                0x00004758      0x1ec ./Sources/main.o
                0x00004758                CalculateRMSThread
 .text.CalculateFrequencyThread
                0x00004944      0x118 ./Sources/main.o
                0x00004944                CalculateFrequencyThread
 .text.RaisesThread
                0x00004a5c       0x3c ./Sources/main.o
                0x00004a5c                RaisesThread
 .text.LowersThread
                0x00004a98       0x3c ./Sources/main.o
                0x00004a98                LowersThread
 .text.main     0x00004ad4       0xfc ./Sources/main.o
                0x00004ad4                main
 .text.Packet_Init
                0x00004bd0       0x2c ./Sources/packet.o
                0x00004bd0                Packet_Init
 .text.Packet_Get
                0x00004bfc       0x6c ./Sources/packet.o
                0x00004bfc                Packet_Get
 .text.Packet_Put
                0x00004c68       0x70 ./Sources/packet.o
                0x00004c68                Packet_Put
 .text.__copy_rom_section
                0x00004cd8       0xe4 ./Project_Settings/Startup_Code/startup.o
                0x00004cd8                __copy_rom_section
 .text.__copy_rom_sections_to_ram
                0x00004dbc       0x9c ./Project_Settings/Startup_Code/startup.o
                0x00004dbc                __copy_rom_sections_to_ram
 .text.__init_registers
                0x00004e58       0x20 ./Project_Settings/Startup_Code/startup.o
                0x00004e58                __init_registers
 .text.__init_user
                0x00004e78        0xc ./Project_Settings/Startup_Code/startup.o
                0x00004e78                __init_user
 .text.__thumb_startup
                0x00004e84       0x34 ./Project_Settings/Startup_Code/startup.o
                0x00004e84                __thumb_startup
 .text.Cpu_Interrupt
                0x00004eb8       0x18 ./Generated_Code/Cpu.o
                0x00004eb8                Cpu_Interrupt
 .text.__init_hardware
                0x00004ed0      0x1cc ./Generated_Code/Cpu.o
                0x00004ed0                __init_hardware
 .text.Cpu_SetBASEPRI
                0x0000509c       0x18 ./Generated_Code/Cpu.o
                0x0000509c                Cpu_SetBASEPRI
 .text.PE_low_level_init
                0x000050b4       0xe4 ./Generated_Code/Cpu.o
                0x000050b4                PE_low_level_init
 .text.OS_Init  0x00005198      0x110 C:\Users\12551519\Desktop\es18aut13\Project\Library\libOS.a(OS.o)
                0x00005198                OS_Init
 .text.OS_ISREnter
                0x000052a8       0x20 C:\Users\12551519\Desktop\es18aut13\Project\Library\libOS.a(OS.o)
                0x000052a8                OS_ISREnter
 .text.OS_ISRExit
                0x000052c8       0x1c C:\Users\12551519\Desktop\es18aut13\Project\Library\libOS.a(OS.o)
                0x000052c8                OS_ISRExit
 .text.OS_SemaphoreCreate
                0x000052e4       0x90 C:\Users\12551519\Desktop\es18aut13\Project\Library\libOS.a(OS.o)
                0x000052e4                OS_SemaphoreCreate
 .text.OS_SemaphoreSignal
                0x00005374       0x44 C:\Users\12551519\Desktop\es18aut13\Project\Library\libOS.a(OS.o)
                0x00005374                OS_SemaphoreSignal
 .text.OS_SemaphoreWait
                0x000053b8       0x58 C:\Users\12551519\Desktop\es18aut13\Project\Library\libOS.a(OS.o)
                0x000053b8                OS_SemaphoreWait
 .text.OS_Start
                0x00005410       0x10 C:\Users\12551519\Desktop\es18aut13\Project\Library\libOS.a(OS.o)
                0x00005410                OS_Start
 .text.OS_ThreadCreate
                0x00005420      0x160 C:\Users\12551519\Desktop\es18aut13\Project\Library\libOS.a(OS.o)
                0x00005420                OS_ThreadCreate
 .text.OS_ThreadDelete
                0x00005580      0x18c C:\Users\12551519\Desktop\es18aut13\Project\Library\libOS.a(OS.o)
                0x00005580                OS_ThreadDelete
 .text.EventThreadReady
                0x0000570c       0x68 C:\Users\12551519\Desktop\es18aut13\Project\Library\libOS.a(OS.o)
 .text.EventThreadWait
                0x00005774       0x64 C:\Users\12551519\Desktop\es18aut13\Project\Library\libOS.a(OS.o)
 .text.EventTimeout
                0x000057d8       0x40 C:\Users\12551519\Desktop\es18aut13\Project\Library\libOS.a(OS.o)
 .text.Idle     0x00005818       0x18 C:\Users\12551519\Desktop\es18aut13\Project\Library\libOS.a(OS.o)
 .text.FindFirstSet
                0x00005830       0x44 C:\Users\12551519\Desktop\es18aut13\Project\Library\libOS.a(OS.o)
 .text.Schedule
                0x00005874       0x64 C:\Users\12551519\Desktop\es18aut13\Project\Library\libOS.a(OS.o)
 .text.TCBInit  0x000058d8       0xcc C:\Users\12551519\Desktop\es18aut13\Project\Library\libOS.a(OS.o)
 .text.TimeTick
                0x000059a4       0x74 C:\Users\12551519\Desktop\es18aut13\Project\Library\libOS.a(OS.o)
 *fill*         0x00005a18        0x8 
 .text.OS_ContextSwitchISR
                0x00005a20       0x70 C:\Users\12551519\Desktop\es18aut13\Project\Library\libOS.a(OS.o)
                0x00005a20                OS_ContextSwitchISR
 .text.OS_SysTickISR
                0x00005a90       0x5c C:\Users\12551519\Desktop\es18aut13\Project\Library\libOS.a(OS.o)
                0x00005a90                OS_SysTickISR
 .text.DACWrite
                0x00005aec       0x6c C:\Users\12551519\Desktop\es18aut13\Project\Library\libAnalog.a(analog.o)
 .text.Analog_Init
                0x00005b58       0x7c C:\Users\12551519\Desktop\es18aut13\Project\Library\libAnalog.a(analog.o)
                0x00005b58                Analog_Init
 .text.Analog_Get
                0x00005bd4       0x78 C:\Users\12551519\Desktop\es18aut13\Project\Library\libAnalog.a(analog.o)
                0x00005bd4                Analog_Get
 .text.Analog_Put
                0x00005c4c       0x50 C:\Users\12551519\Desktop\es18aut13\Project\Library\libAnalog.a(analog.o)
                0x00005c4c                Analog_Put
 .text.InitChipSelectPins
                0x00005c9c       0x6c C:\Users\12551519\Desktop\es18aut13\Project\Library\libAnalog.a(SPI.o)
 .text.SetupModuleConfigurationRegister
                0x00005d08      0x104 C:\Users\12551519\Desktop\es18aut13\Project\Library\libAnalog.a(SPI.o)
 .text.SetBaudRate
                0x00005e0c      0x15c C:\Users\12551519\Desktop\es18aut13\Project\Library\libAnalog.a(SPI.o)
 .text.SetDelayAfterTransfer
                0x00005f68      0x168 C:\Users\12551519\Desktop\es18aut13\Project\Library\libAnalog.a(SPI.o)
 .text.SetupClockAndTransferAttributesRegister
                0x000060d0      0x16c C:\Users\12551519\Desktop\es18aut13\Project\Library\libAnalog.a(SPI.o)
 .text.SPI_Init
                0x0000623c       0x90 C:\Users\12551519\Desktop\es18aut13\Project\Library\libAnalog.a(SPI.o)
                0x0000623c                SPI_Init
 .text.SPI_SelectSlaveDevice
                0x000062cc       0x6c C:\Users\12551519\Desktop\es18aut13\Project\Library\libAnalog.a(SPI.o)
                0x000062cc                SPI_SelectSlaveDevice
 .text.SPI_Exchange
                0x00006338       0x94 C:\Users\12551519\Desktop\es18aut13\Project\Library\libAnalog.a(SPI.o)
                0x00006338                SPI_Exchange
 *fill*         0x000063cc        0x4 
 .text.cos      0x000063d0       0xa8 c:/freescale/kds_3.0.0/toolchain/bin/../lib/gcc/arm-none-eabi/4.8.4/../../../../arm-none-eabi/lib/armv7e-m/fpu\libm.a(lib_a-s_cos.o)
                0x000063d0                cos
 .text.floor    0x00006478      0x138 c:/freescale/kds_3.0.0/toolchain/bin/../lib/gcc/arm-none-eabi/4.8.4/../../../../arm-none-eabi/lib/armv7e-m/fpu\libm.a(lib_a-s_floor.o)
                0x00006478                floor
 .text.sin      0x000065b0       0xb0 c:/freescale/kds_3.0.0/toolchain/bin/../lib/gcc/arm-none-eabi/4.8.4/../../../../arm-none-eabi/lib/armv7e-m/fpu\libm.a(lib_a-s_sin.o)
                0x000065b0                sin
 .text.sqrt     0x00006660       0xbc c:/freescale/kds_3.0.0/toolchain/bin/../lib/gcc/arm-none-eabi/4.8.4/../../../../arm-none-eabi/lib/armv7e-m/fpu\libm.a(lib_a-w_sqrt.o)
                0x00006660                sqrt
 *fill*         0x0000671c        0x4 
 .text.__ieee754_rem_pio2
                0x00006720      0x450 c:/freescale/kds_3.0.0/toolchain/bin/../lib/gcc/arm-none-eabi/4.8.4/../../../../arm-none-eabi/lib/armv7e-m/fpu\libm.a(lib_a-e_rem_pio2.o)
                0x00006720                __ieee754_rem_pio2
 .text.__ieee754_sqrt
                0x00006b70      0x198 c:/freescale/kds_3.0.0/toolchain/bin/../lib/gcc/arm-none-eabi/4.8.4/../../../../arm-none-eabi/lib/armv7e-m/fpu\libm.a(lib_a-e_sqrt.o)
                0x00006b70                __ieee754_sqrt
 .text.__kernel_cos
                0x00006d08      0x280 c:/freescale/kds_3.0.0/toolchain/bin/../lib/gcc/arm-none-eabi/4.8.4/../../../../arm-none-eabi/lib/armv7e-m/fpu\libm.a(lib_a-k_cos.o)
                0x00006d08                __kernel_cos
 .text.__kernel_rem_pio2
                0x00006f88      0x798 c:/freescale/kds_3.0.0/toolchain/bin/../lib/gcc/arm-none-eabi/4.8.4/../../../../arm-none-eabi/lib/armv7e-m/fpu\libm.a(lib_a-k_rem_pio2.o)
                0x00006f88                __kernel_rem_pio2
 .text.__kernel_sin
                0x00007720      0x190 c:/freescale/kds_3.0.0/toolchain/bin/../lib/gcc/arm-none-eabi/4.8.4/../../../../arm-none-eabi/lib/armv7e-m/fpu\libm.a(lib_a-k_sin.o)
                0x00007720                __kernel_sin
 .text.fabs     0x000078b0       0x14 c:/freescale/kds_3.0.0/toolchain/bin/../lib/gcc/arm-none-eabi/4.8.4/../../../../arm-none-eabi/lib/armv7e-m/fpu\libm.a(lib_a-s_fabs.o)
                0x000078b0                fabs
 .text.__fpclassifyd
                0x000078c4       0x54 c:/freescale/kds_3.0.0/toolchain/bin/../lib/gcc/arm-none-eabi/4.8.4/../../../../arm-none-eabi/lib/armv7e-m/fpu\libm.a(lib_a-s_fpclassify.o)
                0x000078c4                __fpclassifyd
 .text.matherr  0x00007918        0x4 c:/freescale/kds_3.0.0/toolchain/bin/../lib/gcc/arm-none-eabi/4.8.4/../../../../arm-none-eabi/lib/armv7e-m/fpu\libm.a(lib_a-s_matherr.o)
                0x00007918                matherr
 *fill*         0x0000791c        0x4 
 .text.scalbn   0x00007920      0x120 c:/freescale/kds_3.0.0/toolchain/bin/../lib/gcc/arm-none-eabi/4.8.4/../../../../arm-none-eabi/lib/armv7e-m/fpu\libm.a(lib_a-s_scalbn.o)
                0x00007920                scalbn
 .text.copysign
                0x00007a40       0x24 c:/freescale/kds_3.0.0/toolchain/bin/../lib/gcc/arm-none-eabi/4.8.4/../../../../arm-none-eabi/lib/armv7e-m/fpu\libm.a(lib_a-s_copysign.o)
                0x00007a40                copysign
 .text.__errno  0x00007a64        0xc c:/freescale/kds_3.0.0/toolchain/bin/../lib/gcc/arm-none-eabi/4.8.4/../../../../arm-none-eabi/lib/armv7e-m/fpu\libg_s.a(lib_a-errno.o)
                0x00007a64                __errno
 .text.exit     0x00007a70       0x28 c:/freescale/kds_3.0.0/toolchain/bin/../lib/gcc/arm-none-eabi/4.8.4/../../../../arm-none-eabi/lib/armv7e-m/fpu\libg_s.a(lib_a-exit.o)
                0x00007a70                exit
 .text._fwrite_r
                0x00007a98       0xb0 c:/freescale/kds_3.0.0/toolchain/bin/../lib/gcc/arm-none-eabi/4.8.4/../../../../arm-none-eabi/lib/armv7e-m/fpu\libg_s.a(lib_a-fwrite.o)
                0x00007a98                _fwrite_r
 .text.fwrite   0x00007b48       0x20 c:/freescale/kds_3.0.0/toolchain/bin/../lib/gcc/arm-none-eabi/4.8.4/../../../../arm-none-eabi/lib/armv7e-m/fpu\libg_s.a(lib_a-fwrite.o)
                0x00007b48                fwrite
 .text.__libc_init_array
                0x00007b68       0x4c c:/freescale/kds_3.0.0/toolchain/bin/../lib/gcc/arm-none-eabi/4.8.4/../../../../arm-none-eabi/lib/armv7e-m/fpu\libg_s.a(lib_a-init.o)
                0x00007b68                __libc_init_array
 .text.malloc   0x00007bb4       0x10 c:/freescale/kds_3.0.0/toolchain/bin/../lib/gcc/arm-none-eabi/4.8.4/../../../../arm-none-eabi/lib/armv7e-m/fpu\libg_s.a(lib_a-malloc.o)
                0x00007bb4                malloc
 .text.free     0x00007bc4       0x10 c:/freescale/kds_3.0.0/toolchain/bin/../lib/gcc/arm-none-eabi/4.8.4/../../../../arm-none-eabi/lib/armv7e-m/fpu\libg_s.a(lib_a-malloc.o)
                0x00007bc4                free
 .text.memcpy   0x00007bd4       0x12 c:/freescale/kds_3.0.0/toolchain/bin/../lib/gcc/arm-none-eabi/4.8.4/../../../../arm-none-eabi/lib/armv7e-m/fpu\libg_s.a(lib_a-memcpy-stub.o)
                0x00007bd4                memcpy
 .text.memset   0x00007be6       0x10 c:/freescale/kds_3.0.0/toolchain/bin/../lib/gcc/arm-none-eabi/4.8.4/../../../../arm-none-eabi/lib/armv7e-m/fpu\libg_s.a(lib_a-memset.o)
                0x00007be6                memset
 *fill*         0x00007bf6        0x2 
 .text._free_r  0x00007bf8       0x88 c:/freescale/kds_3.0.0/toolchain/bin/../lib/gcc/arm-none-eabi/4.8.4/../../../../arm-none-eabi/lib/armv7e-m/fpu\libg_s.a(lib_a-nano-freer.o)
                0x00007bf8                _free_r
 .text._malloc_r
                0x00007c80       0xa8 c:/freescale/kds_3.0.0/toolchain/bin/../lib/gcc/arm-none-eabi/4.8.4/../../../../arm-none-eabi/lib/armv7e-m/fpu\libg_s.a(lib_a-nano-mallocr.o)
                0x00007c80                _malloc_r
 .text._sbrk_r  0x00007d28       0x20 c:/freescale/kds_3.0.0/toolchain/bin/../lib/gcc/arm-none-eabi/4.8.4/../../../../arm-none-eabi/lib/armv7e-m/fpu\libg_s.a(lib_a-sbrkr.o)
                0x00007d28                _sbrk_r
 .text.__swbuf_r
                0x00007d48       0xa8 c:/freescale/kds_3.0.0/toolchain/bin/../lib/gcc/arm-none-eabi/4.8.4/../../../../arm-none-eabi/lib/armv7e-m/fpu\libg_s.a(lib_a-wbuf.o)
                0x00007d48                __swbuf_r
 .text.__swsetup_r
                0x00007df0       0xdc c:/freescale/kds_3.0.0/toolchain/bin/../lib/gcc/arm-none-eabi/4.8.4/../../../../arm-none-eabi/lib/armv7e-m/fpu\libg_s.a(lib_a-wsetup.o)
                0x00007df0                __swsetup_r
 .text.__sflush_r
                0x00007ecc      0x106 c:/freescale/kds_3.0.0/toolchain/bin/../lib/gcc/arm-none-eabi/4.8.4/../../../../arm-none-eabi/lib/armv7e-m/fpu\libg_s.a(lib_a-fflush.o)
                0x00007ecc                __sflush_r
 *fill*         0x00007fd2        0x2 
 .text._fflush_r
                0x00007fd4       0x54 c:/freescale/kds_3.0.0/toolchain/bin/../lib/gcc/arm-none-eabi/4.8.4/../../../../arm-none-eabi/lib/armv7e-m/fpu\libg_s.a(lib_a-fflush.o)
                0x00007fd4                _fflush_r
 .text._cleanup_r
                0x00008028       0x32 c:/freescale/kds_3.0.0/toolchain/bin/../lib/gcc/arm-none-eabi/4.8.4/../../../../arm-none-eabi/lib/armv7e-m/fpu\libg_s.a(lib_a-findfp.o)
                0x00008028                _cleanup_r
 *fill*         0x0000805a        0x2 
 .text.std.isra.0
                0x0000805c       0x48 c:/freescale/kds_3.0.0/toolchain/bin/../lib/gcc/arm-none-eabi/4.8.4/../../../../arm-none-eabi/lib/armv7e-m/fpu\libg_s.a(lib_a-findfp.o)
 .text.__sfmoreglue
                0x000080a4       0x2c c:/freescale/kds_3.0.0/toolchain/bin/../lib/gcc/arm-none-eabi/4.8.4/../../../../arm-none-eabi/lib/armv7e-m/fpu\libg_s.a(lib_a-findfp.o)
                0x000080a4                __sfmoreglue
 .text.__sinit  0x000080d0       0x60 c:/freescale/kds_3.0.0/toolchain/bin/../lib/gcc/arm-none-eabi/4.8.4/../../../../arm-none-eabi/lib/armv7e-m/fpu\libg_s.a(lib_a-findfp.o)
                0x000080d0                __sinit
 .text.__sfp    0x00008130       0x74 c:/freescale/kds_3.0.0/toolchain/bin/../lib/gcc/arm-none-eabi/4.8.4/../../../../arm-none-eabi/lib/armv7e-m/fpu\libg_s.a(lib_a-findfp.o)
                0x00008130                __sfp
 .text.__smakebuf_r
                0x000081a4       0x9c c:/freescale/kds_3.0.0/toolchain/bin/../lib/gcc/arm-none-eabi/4.8.4/../../../../arm-none-eabi/lib/armv7e-m/fpu\libg_s.a(lib_a-makebuf.o)
                0x000081a4                __smakebuf_r
 .text.__sread  0x00008240       0x22 c:/freescale/kds_3.0.0/toolchain/bin/../lib/gcc/arm-none-eabi/4.8.4/../../../../arm-none-eabi/lib/armv7e-m/fpu\libg_s.a(lib_a-stdio.o)
                0x00008240                __sread
 .text.__swrite
                0x00008262       0x38 c:/freescale/kds_3.0.0/toolchain/bin/../lib/gcc/arm-none-eabi/4.8.4/../../../../arm-none-eabi/lib/armv7e-m/fpu\libg_s.a(lib_a-stdio.o)
                0x00008262                __swrite
 .text.__sseek  0x0000829a       0x24 c:/freescale/kds_3.0.0/toolchain/bin/../lib/gcc/arm-none-eabi/4.8.4/../../../../arm-none-eabi/lib/armv7e-m/fpu\libg_s.a(lib_a-stdio.o)
                0x0000829a                __sseek
 .text.__sclose
                0x000082be        0x8 c:/freescale/kds_3.0.0/toolchain/bin/../lib/gcc/arm-none-eabi/4.8.4/../../../../arm-none-eabi/lib/armv7e-m/fpu\libg_s.a(lib_a-stdio.o)
                0x000082be                __sclose
 *fill*         0x000082c6        0x2 
 .text._write_r
                0x000082c8       0x24 c:/freescale/kds_3.0.0/toolchain/bin/../lib/gcc/arm-none-eabi/4.8.4/../../../../arm-none-eabi/lib/armv7e-m/fpu\libg_s.a(lib_a-writer.o)
                0x000082c8                _write_r
 .text._close_r
                0x000082ec       0x20 c:/freescale/kds_3.0.0/toolchain/bin/../lib/gcc/arm-none-eabi/4.8.4/../../../../arm-none-eabi/lib/armv7e-m/fpu\libg_s.a(lib_a-closer.o)
                0x000082ec                _close_r
 .text._fstat_r
                0x0000830c       0x24 c:/freescale/kds_3.0.0/toolchain/bin/../lib/gcc/arm-none-eabi/4.8.4/../../../../arm-none-eabi/lib/armv7e-m/fpu\libg_s.a(lib_a-fstatr.o)
                0x0000830c                _fstat_r
 .text._isatty_r
                0x00008330       0x20 c:/freescale/kds_3.0.0/toolchain/bin/../lib/gcc/arm-none-eabi/4.8.4/../../../../arm-none-eabi/lib/armv7e-m/fpu\libg_s.a(lib_a-isattyr.o)
                0x00008330                _isatty_r
 .text._lseek_r
                0x00008350       0x24 c:/freescale/kds_3.0.0/toolchain/bin/../lib/gcc/arm-none-eabi/4.8.4/../../../../arm-none-eabi/lib/armv7e-m/fpu\libg_s.a(lib_a-lseekr.o)
                0x00008350                _lseek_r
 .text._read_r  0x00008374       0x24 c:/freescale/kds_3.0.0/toolchain/bin/../lib/gcc/arm-none-eabi/4.8.4/../../../../arm-none-eabi/lib/armv7e-m/fpu\libg_s.a(lib_a-readr.o)
                0x00008374                _read_r
 .text._close   0x00008398       0x10 c:/freescale/kds_3.0.0/toolchain/bin/../lib/gcc/arm-none-eabi/4.8.4/../../../../arm-none-eabi/lib/armv7e-m/fpu\libnosys.a(close.o)
                0x00008398                _close
 .text._fstat   0x000083a8       0x10 c:/freescale/kds_3.0.0/toolchain/bin/../lib/gcc/arm-none-eabi/4.8.4/../../../../arm-none-eabi/lib/armv7e-m/fpu\libnosys.a(fstat.o)
                0x000083a8                _fstat
 .text._isatty  0x000083b8       0x10 c:/freescale/kds_3.0.0/toolchain/bin/../lib/gcc/arm-none-eabi/4.8.4/../../../../arm-none-eabi/lib/armv7e-m/fpu\libnosys.a(isatty.o)
                0x000083b8                _isatty
 .text._lseek   0x000083c8       0x10 c:/freescale/kds_3.0.0/toolchain/bin/../lib/gcc/arm-none-eabi/4.8.4/../../../../arm-none-eabi/lib/armv7e-m/fpu\libnosys.a(lseek.o)
                0x000083c8                _lseek
 .text._read    0x000083d8       0x10 c:/freescale/kds_3.0.0/toolchain/bin/../lib/gcc/arm-none-eabi/4.8.4/../../../../arm-none-eabi/lib/armv7e-m/fpu\libnosys.a(read.o)
                0x000083d8                _read
 .text._sbrk    0x000083e8       0x34 c:/freescale/kds_3.0.0/toolchain/bin/../lib/gcc/arm-none-eabi/4.8.4/../../../../arm-none-eabi/lib/armv7e-m/fpu\libnosys.a(sbrk.o)
                0x000083e8                _sbrk
 .text._write   0x0000841c       0x10 c:/freescale/kds_3.0.0/toolchain/bin/../lib/gcc/arm-none-eabi/4.8.4/../../../../arm-none-eabi/lib/armv7e-m/fpu\libnosys.a(write.o)
                0x0000841c                _write
 .text._exit    0x0000842c        0x4 c:/freescale/kds_3.0.0/toolchain/bin/../lib/gcc/arm-none-eabi/4.8.4/../../../../arm-none-eabi/lib/armv7e-m/fpu\libnosys.a(_exit.o)
                0x0000842c                _exit
 *(.rodata)
 .rodata        0x00008430       0x50 ./Sources/kiss_fftr.o
 .rodata        0x00008480        0x4 C:\Users\12551519\Desktop\es18aut13\Project\Library\libAnalog.a(analog.o)
 .rodata        0x00008484       0xa0 C:\Users\12551519\Desktop\es18aut13\Project\Library\libAnalog.a(SPI.o)
 *(.rodata*)
 .rodata.VRR_OUT_ZERO
                0x00008524        0x2 ./Sources/VRR.o
                0x00008524                VRR_OUT_ZERO
 .rodata.VRR_LIMIT_LOW
                0x00008526        0x2 ./Sources/VRR.o
                0x00008526                VRR_LIMIT_LOW
 .rodata.VRR_LIMIT_HIGH
                0x00008528        0x2 ./Sources/VRR.o
                0x00008528                VRR_LIMIT_HIGH
 .rodata.VRR_OUT_FIVE
                0x0000852a        0x2 ./Sources/VRR.o
                0x0000852a                VRR_OUT_FIVE
 .rodata.PACKET_ACK_MASK
                0x0000852c        0x1 ./Sources/packet.o
                0x0000852c                PACKET_ACK_MASK
 *fill*         0x0000852d        0x3 
 .rodata.SPI_SETUP
                0x00008530       0x1c C:\Users\12551519\Desktop\es18aut13\Project\Library\libAnalog.a(analog.o)
 .rodata.str1.4
                0x0000854c        0x8 c:/freescale/kds_3.0.0/toolchain/bin/../lib/gcc/arm-none-eabi/4.8.4/../../../../arm-none-eabi/lib/armv7e-m/fpu\libm.a(lib_a-w_sqrt.o)
 .rodata.npio2_hw
                0x00008554       0x80 c:/freescale/kds_3.0.0/toolchain/bin/../lib/gcc/arm-none-eabi/4.8.4/../../../../arm-none-eabi/lib/armv7e-m/fpu\libm.a(lib_a-e_rem_pio2.o)
 .rodata.two_over_pi
                0x000085d4      0x108 c:/freescale/kds_3.0.0/toolchain/bin/../lib/gcc/arm-none-eabi/4.8.4/../../../../arm-none-eabi/lib/armv7e-m/fpu\libm.a(lib_a-e_rem_pio2.o)
 .rodata.init_jk
                0x000086dc       0x10 c:/freescale/kds_3.0.0/toolchain/bin/../lib/gcc/arm-none-eabi/4.8.4/../../../../arm-none-eabi/lib/armv7e-m/fpu\libm.a(lib_a-k_rem_pio2.o)
 *fill*         0x000086ec        0x4 
 .rodata.PIo2   0x000086f0       0x40 c:/freescale/kds_3.0.0/toolchain/bin/../lib/gcc/arm-none-eabi/4.8.4/../../../../arm-none-eabi/lib/armv7e-m/fpu\libm.a(lib_a-k_rem_pio2.o)
 .rodata.str1.1
                0x00008730        0x2 c:/freescale/kds_3.0.0/toolchain/bin/../lib/gcc/arm-none-eabi/4.8.4/../../../../arm-none-eabi/lib/armv7e-m/fpu\libg_s.a(lib_a-impure.o)
 *fill*         0x00008732        0x2 
 .rodata._global_impure_ptr
                0x00008734        0x4 c:/freescale/kds_3.0.0/toolchain/bin/../lib/gcc/arm-none-eabi/4.8.4/../../../../arm-none-eabi/lib/armv7e-m/fpu\libg_s.a(lib_a-impure.o)
                0x00008734                _global_impure_ptr
 .rodata.__sf_fake_stdin
                0x00008738       0x20 c:/freescale/kds_3.0.0/toolchain/bin/../lib/gcc/arm-none-eabi/4.8.4/../../../../arm-none-eabi/lib/armv7e-m/fpu\libg_s.a(lib_a-findfp.o)
                0x00008738                __sf_fake_stdin
 .rodata.__sf_fake_stdout
                0x00008758       0x20 c:/freescale/kds_3.0.0/toolchain/bin/../lib/gcc/arm-none-eabi/4.8.4/../../../../arm-none-eabi/lib/armv7e-m/fpu\libg_s.a(lib_a-findfp.o)
                0x00008758                __sf_fake_stdout
 .rodata.__sf_fake_stderr
                0x00008778       0x20 c:/freescale/kds_3.0.0/toolchain/bin/../lib/gcc/arm-none-eabi/4.8.4/../../../../arm-none-eabi/lib/armv7e-m/fpu\libg_s.a(lib_a-findfp.o)
                0x00008778                __sf_fake_stderr
 *(.glue_7)
 .glue_7        0x00000000        0x0 linker stubs
 *(.glue_7t)
 .glue_7t       0x00000000        0x0 linker stubs
 *(.eh_frame)
 .eh_frame      0x00008798        0x0 c:/freescale/kds_3.0.0/toolchain/bin/../lib/gcc/arm-none-eabi/4.8.4/armv7e-m/fpu/crtbegin.o
 *(.init)
 .init          0x00008798        0x4 c:/freescale/kds_3.0.0/toolchain/bin/../lib/gcc/arm-none-eabi/4.8.4/armv7e-m/fpu/crti.o
                0x00008798                _init
 .init          0x0000879c        0x8 c:/freescale/kds_3.0.0/toolchain/bin/../lib/gcc/arm-none-eabi/4.8.4/armv7e-m/fpu/crtn.o
 *(.fini)
 .fini          0x000087a4        0x4 c:/freescale/kds_3.0.0/toolchain/bin/../lib/gcc/arm-none-eabi/4.8.4/armv7e-m/fpu/crti.o
                0x000087a4                _fini
 .fini          0x000087a8        0x8 c:/freescale/kds_3.0.0/toolchain/bin/../lib/gcc/arm-none-eabi/4.8.4/armv7e-m/fpu/crtn.o
                0x000087b0                . = ALIGN (0x4)
                0x000087b0                _etext = .

.vfp11_veneer   0x000087b0        0x0
 .vfp11_veneer  0x00000000        0x0 linker stubs

.v4_bx          0x000087b0        0x0
 .v4_bx         0x00000000        0x0 linker stubs

.iplt           0x000087b0        0x0
 .iplt          0x00000000        0x0 c:/freescale/kds_3.0.0/toolchain/bin/../lib/gcc/arm-none-eabi/4.8.4/armv7e-m/fpu/crtbegin.o

.ARM.extab
 *(.ARM.extab* .gnu.linkonce.armextab.*)

.ARM            0x000087b0        0x8
                0x000087b0                __exidx_start = .
 *(.ARM.exidx*)
 .ARM.exidx     0x000087b0        0x8 c:/freescale/kds_3.0.0/toolchain/bin/../lib/gcc/arm-none-eabi/4.8.4/../../../../arm-none-eabi/lib/armv7e-m/fpu/crt0.o
 .ARM.exidx     0x000087b8        0x0 c:/freescale/kds_3.0.0/toolchain/bin/../lib/gcc/arm-none-eabi/4.8.4/armv7e-m/fpu\libgcc.a(_divdi3.o)
                                  0x8 (size before relaxing)
 .ARM.exidx     0x000087b8        0x0 c:/freescale/kds_3.0.0/toolchain/bin/../lib/gcc/arm-none-eabi/4.8.4/armv7e-m/fpu\libgcc.a(_udivdi3.o)
                                  0x8 (size before relaxing)
                0x000087b8                __exidx_end = .

.rel.dyn        0x000087b8        0x0
 .rel.iplt      0x00000000        0x0 c:/freescale/kds_3.0.0/toolchain/bin/../lib/gcc/arm-none-eabi/4.8.4/armv7e-m/fpu/crtbegin.o

.ctors          0x000087b8        0x0
                0x000087b8                __CTOR_LIST__ = .
 *crtbegin.o(.ctors)
 *(EXCLUDE_FILE(*crtend.o) .ctors)
 *(SORT(.ctors.*))
 *(.ctors)
                0x000087b8                __CTOR_END__ = .

.dtors          0x000087b8        0x0
                0x000087b8                __DTOR_LIST__ = .
 *crtbegin.o(.dtors)
 *(EXCLUDE_FILE(*crtend.o) .dtors)
 *(SORT(.dtors.*))
 *(.dtors)
                0x000087b8                __DTOR_END__ = .

.preinit_array  0x000087b8        0x0
                0x000087b8                PROVIDE (__preinit_array_start, .)
 *(.preinit_array*)
                0x000087b8                PROVIDE (__preinit_array_end, .)

.init_array     0x000087b8        0x4
                0x000087b8                PROVIDE (__init_array_start, .)
 *(SORT(.init_array.*))
 *(.init_array*)
 .init_array    0x000087b8        0x4 c:/freescale/kds_3.0.0/toolchain/bin/../lib/gcc/arm-none-eabi/4.8.4/armv7e-m/fpu/crtbegin.o
                0x000087bc                PROVIDE (__init_array_end, .)

.fini_array     0x000087bc        0x4
                0x000087bc                PROVIDE (__fini_array_start, .)
 *(SORT(.fini_array.*))
 *(.fini_array*)
 .fini_array    0x000087bc        0x4 c:/freescale/kds_3.0.0/toolchain/bin/../lib/gcc/arm-none-eabi/4.8.4/armv7e-m/fpu/crtbegin.o
                0x000087c0                PROVIDE (__fini_array_end, .)
                0x000087c0                ___ROM_AT = .

.data           0x1fff0000      0x158 load address 0x000087c0
                0x1fff0000                . = ALIGN (0x4)
                0x1fff0000                _sdata = .
 *(.data)
 *(.data*)
 .data.PeriodAnalogPoll
                0x1fff0000        0x4 ./Sources/main.o
 .data.Frequency
                0x1fff0004        0x4 ./Sources/main.o
 .data.TimingMode
                0x1fff0008        0x1 ./Sources/main.o
 *fill*         0x1fff0009        0x3 
 .data.AnalogThreadData
                0x1fff000c       0xe4 ./Sources/main.o
 .data.__fdlib_version
                0x1fff00f0        0x1 c:/freescale/kds_3.0.0/toolchain/bin/../lib/gcc/arm-none-eabi/4.8.4/../../../../arm-none-eabi/lib/armv7e-m/fpu\libm.a(lib_a-s_lib_ver.o)
                0x1fff00f0                __fdlib_version
 *fill*         0x1fff00f1        0x3 
 .data.impure_data
                0x1fff00f4       0x60 c:/freescale/kds_3.0.0/toolchain/bin/../lib/gcc/arm-none-eabi/4.8.4/../../../../arm-none-eabi/lib/armv7e-m/fpu\libg_s.a(lib_a-impure.o)
 .data._impure_ptr
                0x1fff0154        0x4 c:/freescale/kds_3.0.0/toolchain/bin/../lib/gcc/arm-none-eabi/4.8.4/../../../../arm-none-eabi/lib/armv7e-m/fpu\libg_s.a(lib_a-impure.o)
                0x1fff0154                _impure_ptr
                0x1fff0158                . = ALIGN (0x4)
                0x1fff0158                _edata = .
                0x00000158                ___data_size = (_edata - _sdata)
                0x00008918                ___m_data_20000000_ROMStart = (___ROM_AT + SIZEOF (.data))

.jcr            0x1fff0158        0x0 load address 0x00008918
 .jcr           0x1fff0158        0x0 c:/freescale/kds_3.0.0/toolchain/bin/../lib/gcc/arm-none-eabi/4.8.4/armv7e-m/fpu/crtbegin.o

.igot.plt       0x1fff0158        0x0 load address 0x00008918
 .igot.plt      0x00000000        0x0 c:/freescale/kds_3.0.0/toolchain/bin/../lib/gcc/arm-none-eabi/4.8.4/armv7e-m/fpu/crtbegin.o

.m_data_20000000
                0x20000000        0x0 load address 0x00008918
                0x20000000                . = ALIGN (0x4)
                0x20000000                ___m_data_20000000_RAMStart = .
 *(.m_data_20000000)
                0x20000000                ___m_data_20000000_RAMEnd = .
                0x20000000                . = ALIGN (0x4)
                0x00000000                ___m_data_20000000_ROMSize = (___m_data_20000000_RAMEnd - ___m_data_20000000_RAMStart)
                0x20000000                . = ALIGN (0x4)

.bss            0x1fff0158     0xbbb4 load address 0x00008918
                0x1fff0158                __START_BSS = .
                0x1fff0158                PROVIDE (__bss_start__, __START_BSS)
 *(.bss)
 .bss           0x1fff0158       0x1c c:/freescale/kds_3.0.0/toolchain/bin/../lib/gcc/arm-none-eabi/4.8.4/armv7e-m/fpu/crtbegin.o
 *(.bss*)
 .bss.UserSemaphore
                0x1fff0174       0x20 ./Sources/FTM.o
 .bss.FlashAccessSemaphore
                0x1fff0194        0x4 ./Sources/Flash.o
 .bss.occupiedBytes.5714
                0x1fff0198        0x1 ./Sources/Flash.o
 *fill*         0x1fff0199        0x3 
 .bss.ModuleClk
                0x1fff019c        0x4 ./Sources/PIT.o
 .bss.UserFunction
                0x1fff01a0        0x4 ./Sources/PIT.o
 .bss.UserArguments
                0x1fff01a4        0x4 ./Sources/PIT.o
 .bss.RxUARTThreadStack
                0x1fff01a8     0x1000 ./Sources/UART.o
 .bss.TxUARTThreadStack
                0x1fff11a8     0x1000 ./Sources/UART.o
 .bss.LEDOffSemaphore
                0x1fff21a8        0x4 ./Sources/main.o
 .bss.RaisesSemaphore
                0x1fff21ac        0x4 ./Sources/main.o
 .bss.LowersSemaphore
                0x1fff21b0        0x4 ./Sources/main.o
 .bss.FrequencySemaphore
                0x1fff21b4        0x4 ./Sources/main.o
 .bss.FlashAccessSemaphore
                0x1fff21b8        0x4 ./Sources/main.o
 .bss.RMSAccessSemaphore
                0x1fff21bc        0x4 ./Sources/main.o
 .bss.FrequencyAccessSemaphore
                0x1fff21c0        0x4 ./Sources/main.o
 *fill*         0x1fff21c4        0x4 
 .bss.InitModulesThreadStack
                0x1fff21c8     0x1000 ./Sources/main.o
 .bss.LEDsOffThreadStack
                0x1fff31c8     0x1000 ./Sources/main.o
 .bss.PacketThreadStack
                0x1fff41c8     0x1000 ./Sources/main.o
 .bss.RaisesThreadStack
                0x1fff51c8     0x1000 ./Sources/main.o
 .bss.LowersThreadStack
                0x1fff61c8     0x1000 ./Sources/main.o
 .bss.FrequencyThreadStack
                0x1fff71c8     0x1000 ./Sources/main.o
 .bss.RMSThreadStacks
                0x1fff81c8     0x3000 ./Sources/main.o
 .bss.prevRoots.8367
                0x1fffb1c8       0x1c ./Sources/main.o
 .bss.channel.8383
                0x1fffb1e4        0x1 ./Sources/main.o
 .bss.adjustment.8410
                0x1fffb1e5        0x1 ./Sources/main.o
 *fill*         0x1fffb1e6        0x2 
 .bss.allAlarms.8409
                0x1fffb1e8        0x4 ./Sources/main.o
 .bss.PacketPutAccess
                0x1fffb1ec        0x4 ./Sources/packet.o
 .bss.SR_lock   0x1fffb1f0        0x1 ./Generated_Code/Cpu.o
                0x1fffb1f0                SR_lock
 *fill*         0x1fffb1f1        0x3 
 .bss.TCBUnusedMain
                0x1fffb1f4       0x18 C:\Users\12551519\Desktop\es18aut13\Project\Library\libOS.a(OS.o)
 .bss.TCBTable  0x1fffb20c      0x300 C:\Users\12551519\Desktop\es18aut13\Project\Library\libOS.a(OS.o)
 .bss.pTCBFreeList
                0x1fffb50c        0x4 C:\Users\12551519\Desktop\es18aut13\Project\Library\libOS.a(OS.o)
 .bss.pTCBAllocatedList
                0x1fffb510        0x4 C:\Users\12551519\Desktop\es18aut13\Project\Library\libOS.a(OS.o)
 .bss.pTCBPriorityTable
                0x1fffb514       0x80 C:\Users\12551519\Desktop\es18aut13\Project\Library\libOS.a(OS.o)
 .bss.pTCBRunning
                0x1fffb594        0x4 C:\Users\12551519\Desktop\es18aut13\Project\Library\libOS.a(OS.o)
 .bss.pTCBHighestReady
                0x1fffb598        0x4 C:\Users\12551519\Desktop\es18aut13\Project\Library\libOS.a(OS.o)
 .bss.ReadyList
                0x1fffb59c        0x4 C:\Users\12551519\Desktop\es18aut13\Project\Library\libOS.a(OS.o)
 .bss.ECBTable  0x1fffb5a0      0x100 C:\Users\12551519\Desktop\es18aut13\Project\Library\libOS.a(OS.o)
 .bss.NextECBFree
                0x1fffb6a0        0x1 C:\Users\12551519\Desktop\es18aut13\Project\Library\libOS.a(OS.o)
 *fill*         0x1fffb6a1        0x3 
 .bss.IdleCounter
                0x1fffb6a4        0x4 C:\Users\12551519\Desktop\es18aut13\Project\Library\libOS.a(OS.o)
 .bss.IdleStack
                0x1fffb6a8      0x400 C:\Users\12551519\Desktop\es18aut13\Project\Library\libOS.a(OS.o)
 .bss.Ticks     0x1fffbaa8        0x4 C:\Users\12551519\Desktop\es18aut13\Project\Library\libOS.a(OS.o)
 .bss.ToggleCntr
                0x1fffbaac        0x4 C:\Users\12551519\Desktop\es18aut13\Project\Library\libOS.a(OS.o)
 .bss.ToggleLED
                0x1fffbab0        0x1 C:\Users\12551519\Desktop\es18aut13\Project\Library\libOS.a(OS.o)
 .bss.ISRNestLevel
                0x1fffbab1        0x1 C:\Users\12551519\Desktop\es18aut13\Project\Library\libOS.a(OS.o)
 *fill*         0x1fffbab2        0x2 
 .bss.ADCCommandUnion
                0x1fffbab4        0x4 C:\Users\12551519\Desktop\es18aut13\Project\Library\libAnalog.a(analog.o)
 .bss.__malloc_sbrk_start
                0x1fffbab8        0x4 c:/freescale/kds_3.0.0/toolchain/bin/../lib/gcc/arm-none-eabi/4.8.4/../../../../arm-none-eabi/lib/armv7e-m/fpu\libg_s.a(lib_a-nano-mallocr.o)
                0x1fffbab8                __malloc_sbrk_start
 .bss.__malloc_free_list
                0x1fffbabc        0x4 c:/freescale/kds_3.0.0/toolchain/bin/../lib/gcc/arm-none-eabi/4.8.4/../../../../arm-none-eabi/lib/armv7e-m/fpu\libg_s.a(lib_a-nano-mallocr.o)
                0x1fffbabc                __malloc_free_list
 .bss.heap_end.4246
                0x1fffbac0        0x4 c:/freescale/kds_3.0.0/toolchain/bin/../lib/gcc/arm-none-eabi/4.8.4/../../../../arm-none-eabi/lib/armv7e-m/fpu\libnosys.a(sbrk.o)
 *(COMMON)
 COMMON         0x1fffbac4      0x22c ./Sources/UART.o
                0x1fffbac4                DummyRead
                0x1fffbac8                TxFIFO
                0x1fffbbd8                RxFIFO
                0x1fffbce8                RxUARTSemaphore
                0x1fffbcec                TxUARTSemaphore
 COMMON         0x1fffbcf0        0xc ./Sources/main.o
                0x1fffbcf0                NvCountRaises
                0x1fffbcf4                NvTimingMode
                0x1fffbcf8                NvCountLowers
 COMMON         0x1fffbcfc        0x5 ./Sources/packet.o
                0x1fffbcfc                Packet
 COMMON         0x1fffbd01        0x1 ./Generated_Code/Cpu.o
                0x1fffbd01                SR_reg
 *fill*         0x1fffbd02        0x2 
 COMMON         0x1fffbd04        0x4 C:\Users\12551519\Desktop\es18aut13\Project\Library\libAnalog.a(analog.o)
                0x1fffbd04                DACInput
 COMMON         0x1fffbd08        0x4 c:/freescale/kds_3.0.0/toolchain/bin/../lib/gcc/arm-none-eabi/4.8.4/../../../../arm-none-eabi/lib/armv7e-m/fpu\libg_s.a(lib_a-reent.o)
                0x1fffbd08                errno
                0x1fffbd0c                . = ALIGN (0x4)
                0x1fffbd0c                __END_BSS = .
                0x1fffbd0c                PROVIDE (__bss_end__, __END_BSS)
                0x00008918                _romp_at = ((___ROM_AT + SIZEOF (.data)) + SIZEOF (.m_data_20000000))

.romp           0x1fffbd0c       0x24 load address 0x00008918
                0x00008918                __S_romp = _romp_at
                0x1fffbd0c        0x4 LONG 0x87c0 ___ROM_AT
                0x1fffbd10        0x4 LONG 0x1fff0000 _sdata
                0x1fffbd14        0x4 LONG 0x158 ___data_size
                0x1fffbd18        0x4 LONG 0x8918 ___m_data_20000000_ROMStart
                0x1fffbd1c        0x4 LONG 0x20000000 ___m_data_20000000_RAMStart
                0x1fffbd20        0x4 LONG 0x0 ___m_data_20000000_ROMSize
                0x1fffbd24        0x4 LONG 0x0
                0x1fffbd28        0x4 LONG 0x0
                0x1fffbd2c        0x4 LONG 0x0

._user_heap_stack
                0x1fffbd30      0x400 load address 0x0000893c
                0x1fffbd30                . = ALIGN (0x4)
                0x1fffbd30                PROVIDE (end, .)
                0x1fffbd30                PROVIDE (_end, .)
                0x1fffbd30                __heap_addr = .
                0x1fffbd30                __HeapBase = .
                0x1fffbd30                . = (. + __heap_size)
                0x1fffbd30                __HeapLimit = .
                0x1fffc130                . = (. + __stack_size)
 *fill*         0x1fffbd30      0x400 
                0x1fffc130                . = ALIGN (0x4)

.ARM.attributes
                0x00000000       0x30
 *(.ARM.attributes)
 .ARM.attributes
                0x00000000       0x22 c:/freescale/kds_3.0.0/toolchain/bin/../lib/gcc/arm-none-eabi/4.8.4/armv7e-m/fpu/crti.o
 .ARM.attributes
                0x00000022       0x34 c:/freescale/kds_3.0.0/toolchain/bin/../lib/gcc/arm-none-eabi/4.8.4/armv7e-m/fpu/crtbegin.o
 .ARM.attributes
                0x00000056       0x20 c:/freescale/kds_3.0.0/toolchain/bin/../lib/gcc/arm-none-eabi/4.8.4/../../../../arm-none-eabi/lib/armv7e-m/fpu/crt0.o
 .ARM.attributes
                0x00000076       0x39 ./Sources/FIFO.o
 .ARM.attributes
                0x000000af       0x39 ./Sources/FTM.o
 .ARM.attributes
                0x000000e8       0x39 ./Sources/Flash.o
 .ARM.attributes
                0x00000121       0x39 ./Sources/LEDs.o
 .ARM.attributes
                0x0000015a       0x39 ./Sources/PIT.o
 .ARM.attributes
                0x00000193       0x39 ./Sources/UART.o
 .ARM.attributes
                0x000001cc       0x39 ./Sources/VRR.o
 .ARM.attributes
                0x00000205       0x39 ./Sources/kiss_fft.o
 .ARM.attributes
                0x0000023e       0x39 ./Sources/kiss_fftr.o
 .ARM.attributes
                0x00000277       0x39 ./Sources/main.o
 .ARM.attributes
                0x000002b0       0x39 ./Sources/packet.o
 .ARM.attributes
                0x000002e9       0x39 ./Project_Settings/Startup_Code/startup.o
 .ARM.attributes
                0x00000322       0x39 ./Generated_Code/Cpu.o
 .ARM.attributes
                0x0000035b       0x39 ./Generated_Code/Vectors.o
 .ARM.attributes
                0x00000394       0x39 C:\Users\12551519\Desktop\es18aut13\Project\Library\libOS.a(OS.o)
 .ARM.attributes
                0x000003cd       0x39 C:\Users\12551519\Desktop\es18aut13\Project\Library\libAnalog.a(analog.o)
 .ARM.attributes
                0x00000406       0x39 C:\Users\12551519\Desktop\es18aut13\Project\Library\libAnalog.a(SPI.o)
 .ARM.attributes
                0x0000043f       0x34 c:/freescale/kds_3.0.0/toolchain/bin/../lib/gcc/arm-none-eabi/4.8.4/../../../../arm-none-eabi/lib/armv7e-m/fpu\libm.a(lib_a-s_cos.o)
 .ARM.attributes
                0x00000473       0x34 c:/freescale/kds_3.0.0/toolchain/bin/../lib/gcc/arm-none-eabi/4.8.4/../../../../arm-none-eabi/lib/armv7e-m/fpu\libm.a(lib_a-s_floor.o)
 .ARM.attributes
                0x000004a7       0x34 c:/freescale/kds_3.0.0/toolchain/bin/../lib/gcc/arm-none-eabi/4.8.4/../../../../arm-none-eabi/lib/armv7e-m/fpu\libm.a(lib_a-s_sin.o)
 .ARM.attributes
                0x000004db       0x34 c:/freescale/kds_3.0.0/toolchain/bin/../lib/gcc/arm-none-eabi/4.8.4/../../../../arm-none-eabi/lib/armv7e-m/fpu\libm.a(lib_a-w_sqrt.o)
 .ARM.attributes
                0x0000050f       0x34 c:/freescale/kds_3.0.0/toolchain/bin/../lib/gcc/arm-none-eabi/4.8.4/../../../../arm-none-eabi/lib/armv7e-m/fpu\libm.a(lib_a-e_rem_pio2.o)
 .ARM.attributes
                0x00000543       0x34 c:/freescale/kds_3.0.0/toolchain/bin/../lib/gcc/arm-none-eabi/4.8.4/../../../../arm-none-eabi/lib/armv7e-m/fpu\libm.a(lib_a-e_sqrt.o)
 .ARM.attributes
                0x00000577       0x34 c:/freescale/kds_3.0.0/toolchain/bin/../lib/gcc/arm-none-eabi/4.8.4/../../../../arm-none-eabi/lib/armv7e-m/fpu\libm.a(lib_a-k_cos.o)
 .ARM.attributes
                0x000005ab       0x34 c:/freescale/kds_3.0.0/toolchain/bin/../lib/gcc/arm-none-eabi/4.8.4/../../../../arm-none-eabi/lib/armv7e-m/fpu\libm.a(lib_a-k_rem_pio2.o)
 .ARM.attributes
                0x000005df       0x34 c:/freescale/kds_3.0.0/toolchain/bin/../lib/gcc/arm-none-eabi/4.8.4/../../../../arm-none-eabi/lib/armv7e-m/fpu\libm.a(lib_a-k_sin.o)
 .ARM.attributes
                0x00000613       0x34 c:/freescale/kds_3.0.0/toolchain/bin/../lib/gcc/arm-none-eabi/4.8.4/../../../../arm-none-eabi/lib/armv7e-m/fpu\libm.a(lib_a-s_fabs.o)
 .ARM.attributes
                0x00000647       0x34 c:/freescale/kds_3.0.0/toolchain/bin/../lib/gcc/arm-none-eabi/4.8.4/../../../../arm-none-eabi/lib/armv7e-m/fpu\libm.a(lib_a-s_fpclassify.o)
 .ARM.attributes
                0x0000067b       0x34 c:/freescale/kds_3.0.0/toolchain/bin/../lib/gcc/arm-none-eabi/4.8.4/../../../../arm-none-eabi/lib/armv7e-m/fpu\libm.a(lib_a-s_lib_ver.o)
 .ARM.attributes
                0x000006af       0x34 c:/freescale/kds_3.0.0/toolchain/bin/../lib/gcc/arm-none-eabi/4.8.4/../../../../arm-none-eabi/lib/armv7e-m/fpu\libm.a(lib_a-s_matherr.o)
 .ARM.attributes
                0x000006e3       0x34 c:/freescale/kds_3.0.0/toolchain/bin/../lib/gcc/arm-none-eabi/4.8.4/../../../../arm-none-eabi/lib/armv7e-m/fpu\libm.a(lib_a-s_scalbn.o)
 .ARM.attributes
                0x00000717       0x34 c:/freescale/kds_3.0.0/toolchain/bin/../lib/gcc/arm-none-eabi/4.8.4/../../../../arm-none-eabi/lib/armv7e-m/fpu\libm.a(lib_a-s_copysign.o)
 .ARM.attributes
                0x0000074b       0x22 c:/freescale/kds_3.0.0/toolchain/bin/../lib/gcc/arm-none-eabi/4.8.4/armv7e-m/fpu\libgcc.a(_arm_addsubdf3.o)
 .ARM.attributes
                0x0000076d       0x22 c:/freescale/kds_3.0.0/toolchain/bin/../lib/gcc/arm-none-eabi/4.8.4/armv7e-m/fpu\libgcc.a(_arm_muldivdf3.o)
 .ARM.attributes
                0x0000078f       0x22 c:/freescale/kds_3.0.0/toolchain/bin/../lib/gcc/arm-none-eabi/4.8.4/armv7e-m/fpu\libgcc.a(_arm_cmpdf2.o)
 .ARM.attributes
                0x000007b1       0x22 c:/freescale/kds_3.0.0/toolchain/bin/../lib/gcc/arm-none-eabi/4.8.4/armv7e-m/fpu\libgcc.a(_arm_fixdfsi.o)
 .ARM.attributes
                0x000007d3       0x22 c:/freescale/kds_3.0.0/toolchain/bin/../lib/gcc/arm-none-eabi/4.8.4/armv7e-m/fpu\libgcc.a(_arm_truncdfsf2.o)
 .ARM.attributes
                0x000007f5       0x22 c:/freescale/kds_3.0.0/toolchain/bin/../lib/gcc/arm-none-eabi/4.8.4/armv7e-m/fpu\libgcc.a(_aeabi_ldivmod.o)
 .ARM.attributes
                0x00000817       0x22 c:/freescale/kds_3.0.0/toolchain/bin/../lib/gcc/arm-none-eabi/4.8.4/armv7e-m/fpu\libgcc.a(_aeabi_uldivmod.o)
 .ARM.attributes
                0x00000839       0x34 c:/freescale/kds_3.0.0/toolchain/bin/../lib/gcc/arm-none-eabi/4.8.4/armv7e-m/fpu\libgcc.a(_fixsfdi.o)
 .ARM.attributes
                0x0000086d       0x34 c:/freescale/kds_3.0.0/toolchain/bin/../lib/gcc/arm-none-eabi/4.8.4/armv7e-m/fpu\libgcc.a(_fixunssfdi.o)
 .ARM.attributes
                0x000008a1       0x34 c:/freescale/kds_3.0.0/toolchain/bin/../lib/gcc/arm-none-eabi/4.8.4/armv7e-m/fpu\libgcc.a(bpabi.o)
 .ARM.attributes
                0x000008d5       0x22 c:/freescale/kds_3.0.0/toolchain/bin/../lib/gcc/arm-none-eabi/4.8.4/armv7e-m/fpu\libgcc.a(_dvmd_tls.o)
 .ARM.attributes
                0x000008f7       0x22 c:/freescale/kds_3.0.0/toolchain/bin/../lib/gcc/arm-none-eabi/4.8.4/armv7e-m/fpu\libgcc.a(_arm_fixunsdfsi.o)
 .ARM.attributes
                0x00000919       0x34 c:/freescale/kds_3.0.0/toolchain/bin/../lib/gcc/arm-none-eabi/4.8.4/armv7e-m/fpu\libgcc.a(_divdi3.o)
 .ARM.attributes
                0x0000094d       0x34 c:/freescale/kds_3.0.0/toolchain/bin/../lib/gcc/arm-none-eabi/4.8.4/armv7e-m/fpu\libgcc.a(_udivdi3.o)
 .ARM.attributes
                0x00000981       0x34 c:/freescale/kds_3.0.0/toolchain/bin/../lib/gcc/arm-none-eabi/4.8.4/../../../../arm-none-eabi/lib/armv7e-m/fpu\libg_s.a(lib_a-errno.o)
 .ARM.attributes
                0x000009b5       0x34 c:/freescale/kds_3.0.0/toolchain/bin/../lib/gcc/arm-none-eabi/4.8.4/../../../../arm-none-eabi/lib/armv7e-m/fpu\libg_s.a(lib_a-exit.o)
 .ARM.attributes
                0x000009e9       0x34 c:/freescale/kds_3.0.0/toolchain/bin/../lib/gcc/arm-none-eabi/4.8.4/../../../../arm-none-eabi/lib/armv7e-m/fpu\libg_s.a(lib_a-fwrite.o)
 .ARM.attributes
                0x00000a1d       0x34 c:/freescale/kds_3.0.0/toolchain/bin/../lib/gcc/arm-none-eabi/4.8.4/../../../../arm-none-eabi/lib/armv7e-m/fpu\libg_s.a(lib_a-impure.o)
 .ARM.attributes
                0x00000a51       0x34 c:/freescale/kds_3.0.0/toolchain/bin/../lib/gcc/arm-none-eabi/4.8.4/../../../../arm-none-eabi/lib/armv7e-m/fpu\libg_s.a(lib_a-init.o)
 .ARM.attributes
                0x00000a85       0x34 c:/freescale/kds_3.0.0/toolchain/bin/../lib/gcc/arm-none-eabi/4.8.4/../../../../arm-none-eabi/lib/armv7e-m/fpu\libg_s.a(lib_a-malloc.o)
 .ARM.attributes
                0x00000ab9       0x34 c:/freescale/kds_3.0.0/toolchain/bin/../lib/gcc/arm-none-eabi/4.8.4/../../../../arm-none-eabi/lib/armv7e-m/fpu\libg_s.a(lib_a-memcpy-stub.o)
 .ARM.attributes
                0x00000aed       0x34 c:/freescale/kds_3.0.0/toolchain/bin/../lib/gcc/arm-none-eabi/4.8.4/../../../../arm-none-eabi/lib/armv7e-m/fpu\libg_s.a(lib_a-memset.o)
 .ARM.attributes
                0x00000b21       0x34 c:/freescale/kds_3.0.0/toolchain/bin/../lib/gcc/arm-none-eabi/4.8.4/../../../../arm-none-eabi/lib/armv7e-m/fpu\libg_s.a(lib_a-nano-freer.o)
 .ARM.attributes
                0x00000b55       0x34 c:/freescale/kds_3.0.0/toolchain/bin/../lib/gcc/arm-none-eabi/4.8.4/../../../../arm-none-eabi/lib/armv7e-m/fpu\libg_s.a(lib_a-nano-mallocr.o)
 .ARM.attributes
                0x00000b89       0x34 c:/freescale/kds_3.0.0/toolchain/bin/../lib/gcc/arm-none-eabi/4.8.4/../../../../arm-none-eabi/lib/armv7e-m/fpu\libg_s.a(lib_a-sbrkr.o)
 .ARM.attributes
                0x00000bbd       0x34 c:/freescale/kds_3.0.0/toolchain/bin/../lib/gcc/arm-none-eabi/4.8.4/../../../../arm-none-eabi/lib/armv7e-m/fpu\libg_s.a(lib_a-wbuf.o)
 .ARM.attributes
                0x00000bf1       0x34 c:/freescale/kds_3.0.0/toolchain/bin/../lib/gcc/arm-none-eabi/4.8.4/../../../../arm-none-eabi/lib/armv7e-m/fpu\libg_s.a(lib_a-wsetup.o)
 .ARM.attributes
                0x00000c25       0x34 c:/freescale/kds_3.0.0/toolchain/bin/../lib/gcc/arm-none-eabi/4.8.4/../../../../arm-none-eabi/lib/armv7e-m/fpu\libg_s.a(lib_a-fflush.o)
 .ARM.attributes
                0x00000c59       0x34 c:/freescale/kds_3.0.0/toolchain/bin/../lib/gcc/arm-none-eabi/4.8.4/../../../../arm-none-eabi/lib/armv7e-m/fpu\libg_s.a(lib_a-findfp.o)
 .ARM.attributes
                0x00000c8d       0x34 c:/freescale/kds_3.0.0/toolchain/bin/../lib/gcc/arm-none-eabi/4.8.4/../../../../arm-none-eabi/lib/armv7e-m/fpu\libg_s.a(lib_a-makebuf.o)
 .ARM.attributes
                0x00000cc1       0x34 c:/freescale/kds_3.0.0/toolchain/bin/../lib/gcc/arm-none-eabi/4.8.4/../../../../arm-none-eabi/lib/armv7e-m/fpu\libg_s.a(lib_a-reent.o)
 .ARM.attributes
                0x00000cf5       0x34 c:/freescale/kds_3.0.0/toolchain/bin/../lib/gcc/arm-none-eabi/4.8.4/../../../../arm-none-eabi/lib/armv7e-m/fpu\libg_s.a(lib_a-stdio.o)
 .ARM.attributes
                0x00000d29       0x34 c:/freescale/kds_3.0.0/toolchain/bin/../lib/gcc/arm-none-eabi/4.8.4/../../../../arm-none-eabi/lib/armv7e-m/fpu\libg_s.a(lib_a-writer.o)
 .ARM.attributes
                0x00000d5d       0x34 c:/freescale/kds_3.0.0/toolchain/bin/../lib/gcc/arm-none-eabi/4.8.4/../../../../arm-none-eabi/lib/armv7e-m/fpu\libg_s.a(lib_a-closer.o)
 .ARM.attributes
                0x00000d91       0x34 c:/freescale/kds_3.0.0/toolchain/bin/../lib/gcc/arm-none-eabi/4.8.4/../../../../arm-none-eabi/lib/armv7e-m/fpu\libg_s.a(lib_a-fstatr.o)
 .ARM.attributes
                0x00000dc5       0x34 c:/freescale/kds_3.0.0/toolchain/bin/../lib/gcc/arm-none-eabi/4.8.4/../../../../arm-none-eabi/lib/armv7e-m/fpu\libg_s.a(lib_a-isattyr.o)
 .ARM.attributes
                0x00000df9       0x34 c:/freescale/kds_3.0.0/toolchain/bin/../lib/gcc/arm-none-eabi/4.8.4/../../../../arm-none-eabi/lib/armv7e-m/fpu\libg_s.a(lib_a-lseekr.o)
 .ARM.attributes
                0x00000e2d       0x34 c:/freescale/kds_3.0.0/toolchain/bin/../lib/gcc/arm-none-eabi/4.8.4/../../../../arm-none-eabi/lib/armv7e-m/fpu\libg_s.a(lib_a-readr.o)
 .ARM.attributes
                0x00000e61       0x34 c:/freescale/kds_3.0.0/toolchain/bin/../lib/gcc/arm-none-eabi/4.8.4/../../../../arm-none-eabi/lib/armv7e-m/fpu\libnosys.a(close.o)
 .ARM.attributes
                0x00000e95       0x34 c:/freescale/kds_3.0.0/toolchain/bin/../lib/gcc/arm-none-eabi/4.8.4/../../../../arm-none-eabi/lib/armv7e-m/fpu\libnosys.a(fstat.o)
 .ARM.attributes
                0x00000ec9       0x34 c:/freescale/kds_3.0.0/toolchain/bin/../lib/gcc/arm-none-eabi/4.8.4/../../../../arm-none-eabi/lib/armv7e-m/fpu\libnosys.a(isatty.o)
 .ARM.attributes
                0x00000efd       0x34 c:/freescale/kds_3.0.0/toolchain/bin/../lib/gcc/arm-none-eabi/4.8.4/../../../../arm-none-eabi/lib/armv7e-m/fpu\libnosys.a(lseek.o)
 .ARM.attributes
                0x00000f31       0x34 c:/freescale/kds_3.0.0/toolchain/bin/../lib/gcc/arm-none-eabi/4.8.4/../../../../arm-none-eabi/lib/armv7e-m/fpu\libnosys.a(read.o)
 .ARM.attributes
                0x00000f65       0x34 c:/freescale/kds_3.0.0/toolchain/bin/../lib/gcc/arm-none-eabi/4.8.4/../../../../arm-none-eabi/lib/armv7e-m/fpu\libnosys.a(sbrk.o)
 .ARM.attributes
                0x00000f99       0x34 c:/freescale/kds_3.0.0/toolchain/bin/../lib/gcc/arm-none-eabi/4.8.4/../../../../arm-none-eabi/lib/armv7e-m/fpu\libnosys.a(write.o)
 .ARM.attributes
                0x00000fcd       0x34 c:/freescale/kds_3.0.0/toolchain/bin/../lib/gcc/arm-none-eabi/4.8.4/../../../../arm-none-eabi/lib/armv7e-m/fpu\libnosys.a(_exit.o)
 .ARM.attributes
                0x00001001       0x22 c:/freescale/kds_3.0.0/toolchain/bin/../lib/gcc/arm-none-eabi/4.8.4/armv7e-m/fpu/crtn.o
OUTPUT(Project.elf elf32-littlearm)

.debug_info     0x00000000     0x7d84
 .debug_info    0x00000000      0x217 ./Sources/FIFO.o
 .debug_info    0x00000217      0x797 ./Sources/FTM.o
 .debug_info    0x000009ae      0x824 ./Sources/Flash.o
 .debug_info    0x000011d2      0x490 ./Sources/LEDs.o
 .debug_info    0x00001662      0x5d0 ./Sources/PIT.o
 .debug_info    0x00001c32      0xa8c ./Sources/UART.o
 .debug_info    0x000026be      0x671 ./Sources/VRR.o
 .debug_info    0x00002d2f      0x7b1 ./Sources/kiss_fft.o
 .debug_info    0x000034e0      0xb8b ./Sources/kiss_fftr.o
 .debug_info    0x0000406b      0xd0d ./Sources/main.o
 .debug_info    0x00004d78      0x2ff ./Sources/packet.o
 .debug_info    0x00005077      0x3b0 ./Project_Settings/Startup_Code/startup.o
 .debug_info    0x00005427      0xc82 ./Generated_Code/Cpu.o
 .debug_info    0x000060a9      0x10f ./Generated_Code/Vectors.o
 .debug_info    0x000061b8      0xd02 C:\Users\12551519\Desktop\es18aut13\Project\Library\libOS.a(OS.o)
 .debug_info    0x00006eba      0x46a C:\Users\12551519\Desktop\es18aut13\Project\Library\libAnalog.a(analog.o)
 .debug_info    0x00007324      0xa60 C:\Users\12551519\Desktop\es18aut13\Project\Library\libAnalog.a(SPI.o)

.debug_abbrev   0x00000000     0x1b57
 .debug_abbrev  0x00000000       0xce ./Sources/FIFO.o
 .debug_abbrev  0x000000ce      0x1d2 ./Sources/FTM.o
 .debug_abbrev  0x000002a0      0x1c1 ./Sources/Flash.o
 .debug_abbrev  0x00000461      0x144 ./Sources/LEDs.o
 .debug_abbrev  0x000005a5      0x188 ./Sources/PIT.o
 .debug_abbrev  0x0000072d      0x232 ./Sources/UART.o
 .debug_abbrev  0x0000095f      0x165 ./Sources/VRR.o
 .debug_abbrev  0x00000ac4      0x1dd ./Sources/kiss_fft.o
 .debug_abbrev  0x00000ca1      0x1f3 ./Sources/kiss_fftr.o
 .debug_abbrev  0x00000e94      0x207 ./Sources/main.o
 .debug_abbrev  0x0000109b       0xec ./Sources/packet.o
 .debug_abbrev  0x00001187      0x189 ./Project_Settings/Startup_Code/startup.o
 .debug_abbrev  0x00001310      0x185 ./Generated_Code/Cpu.o
 .debug_abbrev  0x00001495       0xa4 ./Generated_Code/Vectors.o
 .debug_abbrev  0x00001539      0x2f8 C:\Users\12551519\Desktop\es18aut13\Project\Library\libOS.a(OS.o)
 .debug_abbrev  0x00001831      0x151 C:\Users\12551519\Desktop\es18aut13\Project\Library\libAnalog.a(analog.o)
 .debug_abbrev  0x00001982      0x1d5 C:\Users\12551519\Desktop\es18aut13\Project\Library\libAnalog.a(SPI.o)

.debug_aranges  0x00000000      0x578
 .debug_aranges
                0x00000000       0x30 ./Sources/FIFO.o
 .debug_aranges
                0x00000030       0x38 ./Sources/FTM.o
 .debug_aranges
                0x00000068       0x88 ./Sources/Flash.o
 .debug_aranges
                0x000000f0       0x38 ./Sources/LEDs.o
 .debug_aranges
                0x00000128       0x38 ./Sources/PIT.o
 .debug_aranges
                0x00000160       0x48 ./Sources/UART.o
 .debug_aranges
                0x000001a8       0x60 ./Sources/VRR.o
 .debug_aranges
                0x00000208       0x78 ./Sources/kiss_fft.o
 .debug_aranges
                0x00000280       0x30 ./Sources/kiss_fftr.o
 .debug_aranges
                0x000002b0       0xa0 ./Sources/main.o
 .debug_aranges
                0x00000350       0x30 ./Sources/packet.o
 .debug_aranges
                0x00000380       0x50 ./Project_Settings/Startup_Code/startup.o
 .debug_aranges
                0x000003d0       0x38 ./Generated_Code/Cpu.o
 .debug_aranges
                0x00000408       0x18 ./Generated_Code/Vectors.o
 .debug_aranges
                0x00000420       0xc8 C:\Users\12551519\Desktop\es18aut13\Project\Library\libOS.a(OS.o)
 .debug_aranges
                0x000004e8       0x38 C:\Users\12551519\Desktop\es18aut13\Project\Library\libAnalog.a(analog.o)
 .debug_aranges
                0x00000520       0x58 C:\Users\12551519\Desktop\es18aut13\Project\Library\libAnalog.a(SPI.o)

.debug_ranges   0x00000000      0x460
 .debug_ranges  0x00000000       0x20 ./Sources/FIFO.o
 .debug_ranges  0x00000020       0x28 ./Sources/FTM.o
 .debug_ranges  0x00000048       0x78 ./Sources/Flash.o
 .debug_ranges  0x000000c0       0x28 ./Sources/LEDs.o
 .debug_ranges  0x000000e8       0x28 ./Sources/PIT.o
 .debug_ranges  0x00000110       0x38 ./Sources/UART.o
 .debug_ranges  0x00000148       0x50 ./Sources/VRR.o
 .debug_ranges  0x00000198       0x68 ./Sources/kiss_fft.o
 .debug_ranges  0x00000200       0x20 ./Sources/kiss_fftr.o
 .debug_ranges  0x00000220       0x90 ./Sources/main.o
 .debug_ranges  0x000002b0       0x20 ./Sources/packet.o
 .debug_ranges  0x000002d0       0x40 ./Project_Settings/Startup_Code/startup.o
 .debug_ranges  0x00000310       0x28 ./Generated_Code/Cpu.o
 .debug_ranges  0x00000338       0xb8 C:\Users\12551519\Desktop\es18aut13\Project\Library\libOS.a(OS.o)
 .debug_ranges  0x000003f0       0x28 C:\Users\12551519\Desktop\es18aut13\Project\Library\libAnalog.a(analog.o)
 .debug_ranges  0x00000418       0x48 C:\Users\12551519\Desktop\es18aut13\Project\Library\libAnalog.a(SPI.o)

.debug_macro    0x00000000    0x1afcb
 .debug_macro   0x00000000       0xaf ./Sources/FIFO.o
 .debug_macro   0x000000af       0x22 ./Sources/FIFO.o
 .debug_macro   0x000000d1       0x3c ./Sources/FIFO.o
 .debug_macro   0x0000010d     0x1800 ./Sources/FIFO.o
 .debug_macro   0x0000190d       0xa9 ./Sources/FTM.o
 .debug_macro   0x000019b6       0x85 ./Sources/Flash.o
 .debug_macro   0x00001a3b       0x16 ./Sources/Flash.o
 .debug_macro   0x00001a51    0x174af ./Sources/Flash.o
 .debug_macro   0x00018f00       0x28 ./Sources/Flash.o
 .debug_macro   0x00018f28       0x6d ./Sources/LEDs.o
 .debug_macro   0x00018f95       0xa9 ./Sources/PIT.o
 .debug_macro   0x0001903e       0xbd ./Sources/UART.o
 .debug_macro   0x000190fb       0x93 ./Sources/VRR.o
 .debug_macro   0x0001918e       0x10 ./Sources/VRR.o
 .debug_macro   0x0001919e       0x22 ./Sources/VRR.o
 .debug_macro   0x000191c0      0x198 ./Sources/kiss_fft.o
 .debug_macro   0x00019358       0x58 ./Sources/kiss_fft.o
 .debug_macro   0x000193b0       0x35 ./Sources/kiss_fft.o
 .debug_macro   0x000193e5       0xa3 ./Sources/kiss_fft.o
 .debug_macro   0x00019488       0x16 ./Sources/kiss_fft.o
 .debug_macro   0x0001949e      0x10e ./Sources/kiss_fft.o
 .debug_macro   0x000195ac       0x7f ./Sources/kiss_fft.o
 .debug_macro   0x0001962b       0x4a ./Sources/kiss_fft.o
 .debug_macro   0x00019675       0x52 ./Sources/kiss_fft.o
 .debug_macro   0x000196c7       0x16 ./Sources/kiss_fft.o
 .debug_macro   0x000196dd       0x43 ./Sources/kiss_fft.o
 .debug_macro   0x00019720      0x180 ./Sources/kiss_fft.o
 .debug_macro   0x000198a0       0x22 ./Sources/kiss_fft.o
 .debug_macro   0x000198c2       0x1c ./Sources/kiss_fft.o
 .debug_macro   0x000198de       0x35 ./Sources/kiss_fft.o
 .debug_macro   0x00019913       0x10 ./Sources/kiss_fft.o
 .debug_macro   0x00019923       0x10 ./Sources/kiss_fft.o
 .debug_macro   0x00019933       0x22 ./Sources/kiss_fft.o
 .debug_macro   0x00019955       0xbd ./Sources/kiss_fft.o
 .debug_macro   0x00019a12       0x16 ./Sources/kiss_fft.o
 .debug_macro   0x00019a28      0x14a ./Sources/kiss_fft.o
 .debug_macro   0x00019b72       0xde ./Sources/kiss_fft.o
 .debug_macro   0x00019c50      0x2a6 ./Sources/kiss_fft.o
 .debug_macro   0x00019ef6       0x10 ./Sources/kiss_fft.o
 .debug_macro   0x00019f06       0x22 ./Sources/kiss_fft.o
 .debug_macro   0x00019f28       0x2b ./Sources/kiss_fft.o
 .debug_macro   0x00019f53       0xee ./Sources/kiss_fft.o
 .debug_macro   0x0001a041       0x71 ./Sources/kiss_fft.o
 .debug_macro   0x0001a0b2      0x1a8 ./Sources/kiss_fftr.o
 .debug_macro   0x0001a25a      0x26d ./Sources/main.o
 .debug_macro   0x0001a4c7       0x10 ./Sources/main.o
 .debug_macro   0x0001a4d7       0x3a ./Sources/main.o
 .debug_macro   0x0001a511       0x2e ./Sources/main.o
 .debug_macro   0x0001a53f       0x28 ./Sources/main.o
 .debug_macro   0x0001a567       0x10 ./Sources/main.o
 .debug_macro   0x0001a577       0xc2 ./Sources/packet.o
 .debug_macro   0x0001a639      0x121 ./Project_Settings/Startup_Code/startup.o
 .debug_macro   0x0001a75a      0x166 ./Project_Settings/Startup_Code/startup.o
 .debug_macro   0x0001a8c0      0x20f ./Project_Settings/Startup_Code/startup.o
 .debug_macro   0x0001aacf       0x84 ./Generated_Code/Cpu.o
 .debug_macro   0x0001ab53       0xa0 ./Generated_Code/Cpu.o
 .debug_macro   0x0001abf3       0xce ./Generated_Code/Vectors.o
 .debug_macro   0x0001acc1       0x36 ./Generated_Code/Vectors.o
 .debug_macro   0x0001acf7       0xa3 C:\Users\12551519\Desktop\es18aut13\Project\Library\libOS.a(OS.o)
 .debug_macro   0x0001ad9a       0x94 C:\Users\12551519\Desktop\es18aut13\Project\Library\libOS.a(OS.o)
 .debug_macro   0x0001ae2e       0x30 C:\Users\12551519\Desktop\es18aut13\Project\Library\libOS.a(OS.o)
 .debug_macro   0x0001ae5e       0xf5 C:\Users\12551519\Desktop\es18aut13\Project\Library\libAnalog.a(analog.o)
 .debug_macro   0x0001af53       0x10 C:\Users\12551519\Desktop\es18aut13\Project\Library\libAnalog.a(analog.o)
 .debug_macro   0x0001af63       0x68 C:\Users\12551519\Desktop\es18aut13\Project\Library\libAnalog.a(SPI.o)

.debug_line     0x00000000     0x3c01
 .debug_line    0x00000000      0x2cc ./Sources/FIFO.o
 .debug_line    0x000002cc      0x30d ./Sources/FTM.o
 .debug_line    0x000005d9      0x385 ./Sources/Flash.o
 .debug_line    0x0000095e      0x227 ./Sources/LEDs.o
 .debug_line    0x00000b85      0x2ef ./Sources/PIT.o
 .debug_line    0x00000e74      0x347 ./Sources/UART.o
 .debug_line    0x000011bb      0x3b1 ./Sources/VRR.o
 .debug_line    0x0000156c      0x61b ./Sources/kiss_fft.o
 .debug_line    0x00001b87      0x418 ./Sources/kiss_fftr.o
 .debug_line    0x00001f9f      0x71b ./Sources/main.o
 .debug_line    0x000026ba      0x2e4 ./Sources/packet.o
 .debug_line    0x0000299e      0x3d8 ./Project_Settings/Startup_Code/startup.o
 .debug_line    0x00002d76      0x27d ./Generated_Code/Cpu.o
 .debug_line    0x00002ff3      0x2a5 ./Generated_Code/Vectors.o
 .debug_line    0x00003298      0x496 C:\Users\12551519\Desktop\es18aut13\Project\Library\libOS.a(OS.o)
 .debug_line    0x0000372e      0x200 C:\Users\12551519\Desktop\es18aut13\Project\Library\libAnalog.a(analog.o)
 .debug_line    0x0000392e      0x2d3 C:\Users\12551519\Desktop\es18aut13\Project\Library\libAnalog.a(SPI.o)

.debug_str      0x00000000    0x90f88
 .debug_str     0x00000000    0x8a67b ./Sources/FIFO.o
                              0x8a80a (size before relaxing)
 .debug_str     0x0008a67b      0x3b5 ./Sources/FTM.o
                              0x8ab43 (size before relaxing)
 .debug_str     0x0008aa30      0x3ff ./Sources/Flash.o
                              0x83287 (size before relaxing)
 .debug_str     0x0008ae2f       0xe1 ./Sources/LEDs.o
                              0x82eee (size before relaxing)
 .debug_str     0x0008af10       0xe2 ./Sources/PIT.o
                              0x8a99b (size before relaxing)
 .debug_str     0x0008aff2      0x23e ./Sources/UART.o
                              0x8abbc (size before relaxing)
 .debug_str     0x0008b230      0x378 ./Sources/VRR.o
                              0x83228 (size before relaxing)
 .debug_str     0x0008b5a8     0x3eba ./Sources/kiss_fft.o
                               0x65e0 (size before relaxing)
 .debug_str     0x0008f462      0x452 ./Sources/kiss_fftr.o
                               0x693a (size before relaxing)
 .debug_str     0x0008f8b4      0x639 ./Sources/main.o
                              0x8eaab (size before relaxing)
 .debug_str     0x0008feed       0x4f ./Sources/packet.o
                              0x8aa8f (size before relaxing)
 .debug_str     0x0008ff3c      0x182 ./Project_Settings/Startup_Code/startup.o
                              0x853f2 (size before relaxing)
 .debug_str     0x000900be      0x20b ./Generated_Code/Cpu.o
                              0x8aa23 (size before relaxing)
 .debug_str     0x000902c9       0x1c ./Generated_Code/Vectors.o
                              0x8a7c8 (size before relaxing)
 .debug_str     0x000902e5      0x39a C:\Users\12551519\Desktop\es18aut13\Project\Library\libOS.a(OS.o)
                              0x8ad2a (size before relaxing)
 .debug_str     0x0009067f      0x55f C:\Users\12551519\Desktop\es18aut13\Project\Library\libAnalog.a(analog.o)
                               0x3866 (size before relaxing)
 .debug_str     0x00090bde      0x3aa C:\Users\12551519\Desktop\es18aut13\Project\Library\libAnalog.a(SPI.o)
                              0x83389 (size before relaxing)

.comment        0x00000000       0x70
 .comment       0x00000000       0x70 ./Sources/FIFO.o
                                 0x71 (size before relaxing)
 .comment       0x00000000       0x71 ./Sources/FTM.o
 .comment       0x00000000       0x71 ./Sources/Flash.o
 .comment       0x00000000       0x71 ./Sources/LEDs.o
 .comment       0x00000000       0x71 ./Sources/PIT.o
 .comment       0x00000000       0x71 ./Sources/UART.o
 .comment       0x00000000       0x71 ./Sources/VRR.o
 .comment       0x00000000       0x71 ./Sources/kiss_fft.o
 .comment       0x00000000       0x71 ./Sources/kiss_fftr.o
 .comment       0x00000000       0x71 ./Sources/main.o
 .comment       0x00000000       0x71 ./Sources/packet.o
 .comment       0x00000000       0x71 ./Project_Settings/Startup_Code/startup.o
 .comment       0x00000000       0x71 ./Generated_Code/Cpu.o
 .comment       0x00000000       0x71 ./Generated_Code/Vectors.o
 .comment       0x00000000       0x71 C:\Users\12551519\Desktop\es18aut13\Project\Library\libOS.a(OS.o)
 .comment       0x00000000       0x71 C:\Users\12551519\Desktop\es18aut13\Project\Library\libAnalog.a(analog.o)
 .comment       0x00000000       0x71 C:\Users\12551519\Desktop\es18aut13\Project\Library\libAnalog.a(SPI.o)

.debug_frame    0x00000000     0x1a34
 .debug_frame   0x00000000       0x70 ./Sources/FIFO.o
 .debug_frame   0x00000070       0x88 ./Sources/FTM.o
 .debug_frame   0x000000f8      0x1d0 ./Sources/Flash.o
 .debug_frame   0x000002c8       0x7c ./Sources/LEDs.o
 .debug_frame   0x00000344       0x8c ./Sources/PIT.o
 .debug_frame   0x000003d0       0xd4 ./Sources/UART.o
 .debug_frame   0x000004a4      0x11c ./Sources/VRR.o
 .debug_frame   0x000005c0      0x180 ./Sources/kiss_fft.o
 .debug_frame   0x00000740       0x74 ./Sources/kiss_fftr.o
 .debug_frame   0x000007b4      0x234 ./Sources/main.o
 .debug_frame   0x000009e8       0x70 ./Sources/packet.o
 .debug_frame   0x00000a58       0xc0 ./Project_Settings/Startup_Code/startup.o
 .debug_frame   0x00000b18       0x80 ./Generated_Code/Cpu.o
 .debug_frame   0x00000b98      0x2a0 C:\Users\12551519\Desktop\es18aut13\Project\Library\libOS.a(OS.o)
 .debug_frame   0x00000e38       0x90 C:\Users\12551519\Desktop\es18aut13\Project\Library\libAnalog.a(analog.o)
 .debug_frame   0x00000ec8      0x100 C:\Users\12551519\Desktop\es18aut13\Project\Library\libAnalog.a(SPI.o)
 .debug_frame   0x00000fc8       0x28 c:/freescale/kds_3.0.0/toolchain/bin/../lib/gcc/arm-none-eabi/4.8.4/../../../../arm-none-eabi/lib/armv7e-m/fpu\libm.a(lib_a-s_cos.o)
 .debug_frame   0x00000ff0       0x38 c:/freescale/kds_3.0.0/toolchain/bin/../lib/gcc/arm-none-eabi/4.8.4/../../../../arm-none-eabi/lib/armv7e-m/fpu\libm.a(lib_a-s_floor.o)
 .debug_frame   0x00001028       0x28 c:/freescale/kds_3.0.0/toolchain/bin/../lib/gcc/arm-none-eabi/4.8.4/../../../../arm-none-eabi/lib/armv7e-m/fpu\libm.a(lib_a-s_sin.o)
 .debug_frame   0x00001050       0x38 c:/freescale/kds_3.0.0/toolchain/bin/../lib/gcc/arm-none-eabi/4.8.4/../../../../arm-none-eabi/lib/armv7e-m/fpu\libm.a(lib_a-w_sqrt.o)
 .debug_frame   0x00001088       0x38 c:/freescale/kds_3.0.0/toolchain/bin/../lib/gcc/arm-none-eabi/4.8.4/../../../../arm-none-eabi/lib/armv7e-m/fpu\libm.a(lib_a-e_rem_pio2.o)
 .debug_frame   0x000010c0       0x3c c:/freescale/kds_3.0.0/toolchain/bin/../lib/gcc/arm-none-eabi/4.8.4/../../../../arm-none-eabi/lib/armv7e-m/fpu\libm.a(lib_a-e_sqrt.o)
 .debug_frame   0x000010fc       0x40 c:/freescale/kds_3.0.0/toolchain/bin/../lib/gcc/arm-none-eabi/4.8.4/../../../../arm-none-eabi/lib/armv7e-m/fpu\libm.a(lib_a-k_cos.o)
 .debug_frame   0x0000113c       0x3c c:/freescale/kds_3.0.0/toolchain/bin/../lib/gcc/arm-none-eabi/4.8.4/../../../../arm-none-eabi/lib/armv7e-m/fpu\libm.a(lib_a-k_rem_pio2.o)
 .debug_frame   0x00001178       0x40 c:/freescale/kds_3.0.0/toolchain/bin/../lib/gcc/arm-none-eabi/4.8.4/../../../../arm-none-eabi/lib/armv7e-m/fpu\libm.a(lib_a-k_sin.o)
 .debug_frame   0x000011b8       0x20 c:/freescale/kds_3.0.0/toolchain/bin/../lib/gcc/arm-none-eabi/4.8.4/../../../../arm-none-eabi/lib/armv7e-m/fpu\libm.a(lib_a-s_fabs.o)
 .debug_frame   0x000011d8       0x28 c:/freescale/kds_3.0.0/toolchain/bin/../lib/gcc/arm-none-eabi/4.8.4/../../../../arm-none-eabi/lib/armv7e-m/fpu\libm.a(lib_a-s_fpclassify.o)
 .debug_frame   0x00001200       0x20 c:/freescale/kds_3.0.0/toolchain/bin/../lib/gcc/arm-none-eabi/4.8.4/../../../../arm-none-eabi/lib/armv7e-m/fpu\libm.a(lib_a-s_matherr.o)
 .debug_frame   0x00001220       0x2c c:/freescale/kds_3.0.0/toolchain/bin/../lib/gcc/arm-none-eabi/4.8.4/../../../../arm-none-eabi/lib/armv7e-m/fpu\libm.a(lib_a-s_scalbn.o)
 .debug_frame   0x0000124c       0x28 c:/freescale/kds_3.0.0/toolchain/bin/../lib/gcc/arm-none-eabi/4.8.4/../../../../arm-none-eabi/lib/armv7e-m/fpu\libm.a(lib_a-s_copysign.o)
 .debug_frame   0x00001274       0x28 c:/freescale/kds_3.0.0/toolchain/bin/../lib/gcc/arm-none-eabi/4.8.4/armv7e-m/fpu\libgcc.a(_fixsfdi.o)
 .debug_frame   0x0000129c       0x2c c:/freescale/kds_3.0.0/toolchain/bin/../lib/gcc/arm-none-eabi/4.8.4/armv7e-m/fpu\libgcc.a(_fixunssfdi.o)
 .debug_frame   0x000012c8       0x50 c:/freescale/kds_3.0.0/toolchain/bin/../lib/gcc/arm-none-eabi/4.8.4/armv7e-m/fpu\libgcc.a(bpabi.o)
 .debug_frame   0x00001318       0x34 c:/freescale/kds_3.0.0/toolchain/bin/../lib/gcc/arm-none-eabi/4.8.4/armv7e-m/fpu\libgcc.a(_divdi3.o)
 .debug_frame   0x0000134c       0x34 c:/freescale/kds_3.0.0/toolchain/bin/../lib/gcc/arm-none-eabi/4.8.4/armv7e-m/fpu\libgcc.a(_udivdi3.o)
 .debug_frame   0x00001380       0x20 c:/freescale/kds_3.0.0/toolchain/bin/../lib/gcc/arm-none-eabi/4.8.4/../../../../arm-none-eabi/lib/armv7e-m/fpu\libg_s.a(lib_a-errno.o)
 .debug_frame   0x000013a0       0x28 c:/freescale/kds_3.0.0/toolchain/bin/../lib/gcc/arm-none-eabi/4.8.4/../../../../arm-none-eabi/lib/armv7e-m/fpu\libg_s.a(lib_a-exit.o)
 .debug_frame   0x000013c8       0x54 c:/freescale/kds_3.0.0/toolchain/bin/../lib/gcc/arm-none-eabi/4.8.4/../../../../arm-none-eabi/lib/armv7e-m/fpu\libg_s.a(lib_a-fwrite.o)
 .debug_frame   0x0000141c       0x2c c:/freescale/kds_3.0.0/toolchain/bin/../lib/gcc/arm-none-eabi/4.8.4/../../../../arm-none-eabi/lib/armv7e-m/fpu\libg_s.a(lib_a-init.o)
 .debug_frame   0x00001448       0x30 c:/freescale/kds_3.0.0/toolchain/bin/../lib/gcc/arm-none-eabi/4.8.4/../../../../arm-none-eabi/lib/armv7e-m/fpu\libg_s.a(lib_a-malloc.o)
 .debug_frame   0x00001478       0x28 c:/freescale/kds_3.0.0/toolchain/bin/../lib/gcc/arm-none-eabi/4.8.4/../../../../arm-none-eabi/lib/armv7e-m/fpu\libg_s.a(lib_a-memcpy-stub.o)
 .debug_frame   0x000014a0       0x20 c:/freescale/kds_3.0.0/toolchain/bin/../lib/gcc/arm-none-eabi/4.8.4/../../../../arm-none-eabi/lib/armv7e-m/fpu\libg_s.a(lib_a-memset.o)
 .debug_frame   0x000014c0       0x2c c:/freescale/kds_3.0.0/toolchain/bin/../lib/gcc/arm-none-eabi/4.8.4/../../../../arm-none-eabi/lib/armv7e-m/fpu\libg_s.a(lib_a-nano-freer.o)
 .debug_frame   0x000014ec       0x2c c:/freescale/kds_3.0.0/toolchain/bin/../lib/gcc/arm-none-eabi/4.8.4/../../../../arm-none-eabi/lib/armv7e-m/fpu\libg_s.a(lib_a-nano-mallocr.o)
 .debug_frame   0x00001518       0x2c c:/freescale/kds_3.0.0/toolchain/bin/../lib/gcc/arm-none-eabi/4.8.4/../../../../arm-none-eabi/lib/armv7e-m/fpu\libg_s.a(lib_a-sbrkr.o)
 .debug_frame   0x00001544       0x3c c:/freescale/kds_3.0.0/toolchain/bin/../lib/gcc/arm-none-eabi/4.8.4/../../../../arm-none-eabi/lib/armv7e-m/fpu\libg_s.a(lib_a-wbuf.o)
 .debug_frame   0x00001580       0x2c c:/freescale/kds_3.0.0/toolchain/bin/../lib/gcc/arm-none-eabi/4.8.4/../../../../arm-none-eabi/lib/armv7e-m/fpu\libg_s.a(lib_a-wsetup.o)
 .debug_frame   0x000015ac       0x5c c:/freescale/kds_3.0.0/toolchain/bin/../lib/gcc/arm-none-eabi/4.8.4/../../../../arm-none-eabi/lib/armv7e-m/fpu\libg_s.a(lib_a-fflush.o)
 .debug_frame   0x00001608      0x12c c:/freescale/kds_3.0.0/toolchain/bin/../lib/gcc/arm-none-eabi/4.8.4/../../../../arm-none-eabi/lib/armv7e-m/fpu\libg_s.a(lib_a-findfp.o)
 .debug_frame   0x00001734       0x30 c:/freescale/kds_3.0.0/toolchain/bin/../lib/gcc/arm-none-eabi/4.8.4/../../../../arm-none-eabi/lib/armv7e-m/fpu\libg_s.a(lib_a-makebuf.o)
 .debug_frame   0x00001764       0x48 c:/freescale/kds_3.0.0/toolchain/bin/../lib/gcc/arm-none-eabi/4.8.4/../../../../arm-none-eabi/lib/armv7e-m/fpu\libg_s.a(lib_a-reent.o)
 .debug_frame   0x000017ac       0x80 c:/freescale/kds_3.0.0/toolchain/bin/../lib/gcc/arm-none-eabi/4.8.4/../../../../arm-none-eabi/lib/armv7e-m/fpu\libg_s.a(lib_a-stdio.o)
 .debug_frame   0x0000182c       0x2c c:/freescale/kds_3.0.0/toolchain/bin/../lib/gcc/arm-none-eabi/4.8.4/../../../../arm-none-eabi/lib/armv7e-m/fpu\libg_s.a(lib_a-writer.o)
 .debug_frame   0x00001858       0x2c c:/freescale/kds_3.0.0/toolchain/bin/../lib/gcc/arm-none-eabi/4.8.4/../../../../arm-none-eabi/lib/armv7e-m/fpu\libg_s.a(lib_a-closer.o)
 .debug_frame   0x00001884       0x2c c:/freescale/kds_3.0.0/toolchain/bin/../lib/gcc/arm-none-eabi/4.8.4/../../../../arm-none-eabi/lib/armv7e-m/fpu\libg_s.a(lib_a-fstatr.o)
 .debug_frame   0x000018b0       0x2c c:/freescale/kds_3.0.0/toolchain/bin/../lib/gcc/arm-none-eabi/4.8.4/../../../../arm-none-eabi/lib/armv7e-m/fpu\libg_s.a(lib_a-isattyr.o)
 .debug_frame   0x000018dc       0x2c c:/freescale/kds_3.0.0/toolchain/bin/../lib/gcc/arm-none-eabi/4.8.4/../../../../arm-none-eabi/lib/armv7e-m/fpu\libg_s.a(lib_a-lseekr.o)
 .debug_frame   0x00001908       0x2c c:/freescale/kds_3.0.0/toolchain/bin/../lib/gcc/arm-none-eabi/4.8.4/../../../../arm-none-eabi/lib/armv7e-m/fpu\libg_s.a(lib_a-readr.o)
 .debug_frame   0x00001934       0x20 c:/freescale/kds_3.0.0/toolchain/bin/../lib/gcc/arm-none-eabi/4.8.4/../../../../arm-none-eabi/lib/armv7e-m/fpu\libnosys.a(close.o)
 .debug_frame   0x00001954       0x20 c:/freescale/kds_3.0.0/toolchain/bin/../lib/gcc/arm-none-eabi/4.8.4/../../../../arm-none-eabi/lib/armv7e-m/fpu\libnosys.a(fstat.o)
 .debug_frame   0x00001974       0x20 c:/freescale/kds_3.0.0/toolchain/bin/../lib/gcc/arm-none-eabi/4.8.4/../../../../arm-none-eabi/lib/armv7e-m/fpu\libnosys.a(isatty.o)
 .debug_frame   0x00001994       0x20 c:/freescale/kds_3.0.0/toolchain/bin/../lib/gcc/arm-none-eabi/4.8.4/../../../../arm-none-eabi/lib/armv7e-m/fpu\libnosys.a(lseek.o)
 .debug_frame   0x000019b4       0x20 c:/freescale/kds_3.0.0/toolchain/bin/../lib/gcc/arm-none-eabi/4.8.4/../../../../arm-none-eabi/lib/armv7e-m/fpu\libnosys.a(read.o)
 .debug_frame   0x000019d4       0x20 c:/freescale/kds_3.0.0/toolchain/bin/../lib/gcc/arm-none-eabi/4.8.4/../../../../arm-none-eabi/lib/armv7e-m/fpu\libnosys.a(sbrk.o)
 .debug_frame   0x000019f4       0x20 c:/freescale/kds_3.0.0/toolchain/bin/../lib/gcc/arm-none-eabi/4.8.4/../../../../arm-none-eabi/lib/armv7e-m/fpu\libnosys.a(write.o)
 .debug_frame   0x00001a14       0x20 c:/freescale/kds_3.0.0/toolchain/bin/../lib/gcc/arm-none-eabi/4.8.4/../../../../arm-none-eabi/lib/armv7e-m/fpu\libnosys.a(_exit.o)

.stab           0x00000000       0x9c
 .stab          0x00000000       0x24 c:/freescale/kds_3.0.0/toolchain/bin/../lib/gcc/arm-none-eabi/4.8.4/../../../../arm-none-eabi/lib/armv7e-m/fpu\libnosys.a(close.o)
 .stab          0x00000024       0x18 c:/freescale/kds_3.0.0/toolchain/bin/../lib/gcc/arm-none-eabi/4.8.4/../../../../arm-none-eabi/lib/armv7e-m/fpu\libnosys.a(fstat.o)
                                 0x24 (size before relaxing)
 .stab          0x0000003c       0x18 c:/freescale/kds_3.0.0/toolchain/bin/../lib/gcc/arm-none-eabi/4.8.4/../../../../arm-none-eabi/lib/armv7e-m/fpu\libnosys.a(isatty.o)
                                 0x24 (size before relaxing)
 .stab          0x00000054       0x18 c:/freescale/kds_3.0.0/toolchain/bin/../lib/gcc/arm-none-eabi/4.8.4/../../../../arm-none-eabi/lib/armv7e-m/fpu\libnosys.a(lseek.o)
                                 0x24 (size before relaxing)
 .stab          0x0000006c       0x18 c:/freescale/kds_3.0.0/toolchain/bin/../lib/gcc/arm-none-eabi/4.8.4/../../../../arm-none-eabi/lib/armv7e-m/fpu\libnosys.a(read.o)
                                 0x24 (size before relaxing)
 .stab          0x00000084       0x18 c:/freescale/kds_3.0.0/toolchain/bin/../lib/gcc/arm-none-eabi/4.8.4/../../../../arm-none-eabi/lib/armv7e-m/fpu\libnosys.a(write.o)
                                 0x24 (size before relaxing)

.stabstr        0x00000000      0x14d
 .stabstr       0x00000000      0x14d c:/freescale/kds_3.0.0/toolchain/bin/../lib/gcc/arm-none-eabi/4.8.4/../../../../arm-none-eabi/lib/armv7e-m/fpu\libnosys.a(close.o)