Archive member included because of file (symbol)

D:\Embedded Software US\es18aut13\Project\Library\libOS.a(OS.o)
                              ./Sources/main.o (OS_Init)
D:\Embedded Software US\es18aut13\Project\Library\libAnalog.a(analog.o)
                              ./Sources/main.o (Analog_Init)
D:\Embedded Software US\es18aut13\Project\Library\libAnalog.a(SPI.o)
                              D:\Embedded Software US\es18aut13\Project\Library\libAnalog.a(analog.o) (SPI_Init)
c:/freescale/kds_3.0.0/toolchain/bin/../lib/gcc/arm-none-eabi/4.8.4/../../../../arm-none-eabi/lib/armv7e-m/fpu\libm.a(lib_a-wf_sqrt.o)
                              ./Sources/main.o (sqrtf)
c:/freescale/kds_3.0.0/toolchain/bin/../lib/gcc/arm-none-eabi/4.8.4/../../../../arm-none-eabi/lib/armv7e-m/fpu\libm.a(lib_a-ef_sqrt.o)
                              c:/freescale/kds_3.0.0/toolchain/bin/../lib/gcc/arm-none-eabi/4.8.4/../../../../arm-none-eabi/lib/armv7e-m/fpu\libm.a(lib_a-wf_sqrt.o) (__ieee754_sqrtf)
c:/freescale/kds_3.0.0/toolchain/bin/../lib/gcc/arm-none-eabi/4.8.4/../../../../arm-none-eabi/lib/armv7e-m/fpu\libm.a(lib_a-s_lib_ver.o)
                              c:/freescale/kds_3.0.0/toolchain/bin/../lib/gcc/arm-none-eabi/4.8.4/../../../../arm-none-eabi/lib/armv7e-m/fpu\libm.a(lib_a-wf_sqrt.o) (__fdlib_version)
c:/freescale/kds_3.0.0/toolchain/bin/../lib/gcc/arm-none-eabi/4.8.4/../../../../arm-none-eabi/lib/armv7e-m/fpu\libm.a(lib_a-s_matherr.o)
                              c:/freescale/kds_3.0.0/toolchain/bin/../lib/gcc/arm-none-eabi/4.8.4/../../../../arm-none-eabi/lib/armv7e-m/fpu\libm.a(lib_a-wf_sqrt.o) (matherr)
c:/freescale/kds_3.0.0/toolchain/bin/../lib/gcc/arm-none-eabi/4.8.4/../../../../arm-none-eabi/lib/armv7e-m/fpu\libm.a(lib_a-sf_fpclassify.o)
                              c:/freescale/kds_3.0.0/toolchain/bin/../lib/gcc/arm-none-eabi/4.8.4/../../../../arm-none-eabi/lib/armv7e-m/fpu\libm.a(lib_a-wf_sqrt.o) (__fpclassifyf)
c:/freescale/kds_3.0.0/toolchain/bin/../lib/gcc/arm-none-eabi/4.8.4/armv7e-m/fpu\libgcc.a(_arm_addsubdf3.o)
                              c:/freescale/kds_3.0.0/toolchain/bin/../lib/gcc/arm-none-eabi/4.8.4/../../../../arm-none-eabi/lib/armv7e-m/fpu\libm.a(lib_a-wf_sqrt.o) (__aeabi_f2d)
c:/freescale/kds_3.0.0/toolchain/bin/../lib/gcc/arm-none-eabi/4.8.4/armv7e-m/fpu\libgcc.a(_arm_muldivdf3.o)
                              c:/freescale/kds_3.0.0/toolchain/bin/../lib/gcc/arm-none-eabi/4.8.4/../../../../arm-none-eabi/lib/armv7e-m/fpu\libm.a(lib_a-wf_sqrt.o) (__aeabi_ddiv)
c:/freescale/kds_3.0.0/toolchain/bin/../lib/gcc/arm-none-eabi/4.8.4/armv7e-m/fpu\libgcc.a(_arm_truncdfsf2.o)
                              c:/freescale/kds_3.0.0/toolchain/bin/../lib/gcc/arm-none-eabi/4.8.4/../../../../arm-none-eabi/lib/armv7e-m/fpu\libm.a(lib_a-wf_sqrt.o) (__aeabi_d2f)
c:/freescale/kds_3.0.0/toolchain/bin/../lib/gcc/arm-none-eabi/4.8.4/armv7e-m/fpu\libgcc.a(_aeabi_ldivmod.o)
                              ./Sources/main.o (__aeabi_ldivmod)
c:/freescale/kds_3.0.0/toolchain/bin/../lib/gcc/arm-none-eabi/4.8.4/armv7e-m/fpu\libgcc.a(bpabi.o)
                              c:/freescale/kds_3.0.0/toolchain/bin/../lib/gcc/arm-none-eabi/4.8.4/armv7e-m/fpu\libgcc.a(_aeabi_ldivmod.o) (__gnu_ldivmod_helper)
c:/freescale/kds_3.0.0/toolchain/bin/../lib/gcc/arm-none-eabi/4.8.4/armv7e-m/fpu\libgcc.a(_dvmd_tls.o)
                              c:/freescale/kds_3.0.0/toolchain/bin/../lib/gcc/arm-none-eabi/4.8.4/armv7e-m/fpu\libgcc.a(_aeabi_ldivmod.o) (__aeabi_ldiv0)
c:/freescale/kds_3.0.0/toolchain/bin/../lib/gcc/arm-none-eabi/4.8.4/armv7e-m/fpu\libgcc.a(_divdi3.o)
                              c:/freescale/kds_3.0.0/toolchain/bin/../lib/gcc/arm-none-eabi/4.8.4/armv7e-m/fpu\libgcc.a(bpabi.o) (__divdi3)
c:/freescale/kds_3.0.0/toolchain/bin/../lib/gcc/arm-none-eabi/4.8.4/armv7e-m/fpu\libgcc.a(_udivdi3.o)
                              c:/freescale/kds_3.0.0/toolchain/bin/../lib/gcc/arm-none-eabi/4.8.4/armv7e-m/fpu\libgcc.a(bpabi.o) (__udivdi3)
c:/freescale/kds_3.0.0/toolchain/bin/../lib/gcc/arm-none-eabi/4.8.4/../../../../arm-none-eabi/lib/armv7e-m/fpu\libg_s.a(lib_a-errno.o)
                              c:/freescale/kds_3.0.0/toolchain/bin/../lib/gcc/arm-none-eabi/4.8.4/../../../../arm-none-eabi/lib/armv7e-m/fpu\libm.a(lib_a-wf_sqrt.o) (__errno)
c:/freescale/kds_3.0.0/toolchain/bin/../lib/gcc/arm-none-eabi/4.8.4/../../../../arm-none-eabi/lib/armv7e-m/fpu\libg_s.a(lib_a-exit.o)
                              c:/freescale/kds_3.0.0/toolchain/bin/../lib/gcc/arm-none-eabi/4.8.4/../../../../arm-none-eabi/lib/armv7e-m/fpu/crt0.o (exit)
c:/freescale/kds_3.0.0/toolchain/bin/../lib/gcc/arm-none-eabi/4.8.4/../../../../arm-none-eabi/lib/armv7e-m/fpu\libg_s.a(lib_a-impure.o)
                              c:/freescale/kds_3.0.0/toolchain/bin/../lib/gcc/arm-none-eabi/4.8.4/../../../../arm-none-eabi/lib/armv7e-m/fpu\libg_s.a(lib_a-exit.o) (_global_impure_ptr)
[...]
Memory Configuration

Name             Origin             Length             Attributes
m_interrupts     0x00000000         0x000001e8         xr
m_text           0x00000410         0x0007fbf0         xr
m_data           0x1fff0000         0x00010000         rw
m_data_20000000  0x20000000         0x00010000         rw
m_cfmprotrom     0x00000400         0x00000010         xr
*default*        0x00000000         0xffffffff

Linker script and memory map

LOAD c:/freescale/kds_3.0.0/toolchain/bin/../lib/gcc/arm-none-eabi/4.8.4/armv7e-m/fpu/crti.o
LOAD c:/freescale/kds_3.0.0/toolchain/bin/../lib/gcc/arm-none-eabi/4.8.4/armv7e-m/fpu/crtbegin.o
LOAD c:/freescale/kds_3.0.0/toolchain/bin/../lib/gcc/arm-none-eabi/4.8.4/../../../../arm-none-eabi/lib/armv7e-m/fpu/crt0.o
LOAD ./Sources/Events.o
LOAD ./Sources/FIFO.o
LOAD ./Sources/FTM.o
LOAD ./Sources/Flash.o
LOAD ./Sources/I2C.o
LOAD ./Sources/LEDs.o
LOAD ./Sources/PIT.o
LOAD ./Sources/RTC.o
LOAD ./Sources/UART.o
LOAD ./Sources/accel.o
LOAD ./Sources/main.o
LOAD ./Sources/main_sample.o
LOAD ./Sources/median.o
LOAD ./Sources/packet.o
LOAD ./Project_Settings/Startup_Code/startup.o
LOAD ./Generated_Code/Cpu.o
LOAD ./Generated_Code/Vectors.o
LOAD D:\Embedded Software US\es18aut13\Project\Library\libOS.a
LOAD D:\Embedded Software US\es18aut13\Project\Library\libAnalog.a
LOAD c:/freescale/kds_3.0.0/toolchain/bin/../lib/gcc/arm-none-eabi/4.8.4/../../../../arm-none-eabi/lib/armv7e-m/fpu\libstdc++_s.a
LOAD c:/freescale/kds_3.0.0/toolchain/bin/../lib/gcc/arm-none-eabi/4.8.4/../../../../arm-none-eabi/lib/armv7e-m/fpu\libm.a
START GROUP
LOAD c:/freescale/kds_3.0.0/toolchain/bin/../lib/gcc/arm-none-eabi/4.8.4/armv7e-m/fpu\libgcc.a
LOAD c:/freescale/kds_3.0.0/toolchain/bin/../lib/gcc/arm-none-eabi/4.8.4/../../../../arm-none-eabi/lib/armv7e-m/fpu\libg_s.a
LOAD c:/freescale/kds_3.0.0/toolchain/bin/../lib/gcc/arm-none-eabi/4.8.4/../../../../arm-none-eabi/lib/armv7e-m/fpu\libc_s.a
END GROUP
START GROUP
LOAD c:/freescale/kds_3.0.0/toolchain/bin/../lib/gcc/arm-none-eabi/4.8.4/armv7e-m/fpu\libgcc.a
LOAD c:/freescale/kds_3.0.0/toolchain/bin/../lib/gcc/arm-none-eabi/4.8.4/../../../../arm-none-eabi/lib/armv7e-m/fpu\libc_s.a
LOAD c:/freescale/kds_3.0.0/toolchain/bin/../lib/gcc/arm-none-eabi/4.8.4/../../../../arm-none-eabi/lib/armv7e-m/fpu\libnosys.a
END GROUP
START GROUP
LOAD c:/freescale/kds_3.0.0/toolchain/bin/../lib/gcc/arm-none-eabi/4.8.4/armv7e-m/fpu\libgcc.a
LOAD c:/freescale/kds_3.0.0/toolchain/bin/../lib/gcc/arm-none-eabi/4.8.4/../../../../arm-none-eabi/lib/armv7e-m/fpu\libc_s.a
LOAD c:/freescale/kds_3.0.0/toolchain/bin/../lib/gcc/arm-none-eabi/4.8.4/../../../../arm-none-eabi/lib/armv7e-m/fpu\libnosys.a
END GROUP
LOAD c:/freescale/kds_3.0.0/toolchain/bin/../lib/gcc/arm-none-eabi/4.8.4/armv7e-m/fpu/crtend.o
LOAD c:/freescale/kds_3.0.0/toolchain/bin/../lib/gcc/arm-none-eabi/4.8.4/armv7e-m/fpu/crtn.o
                0x20000000                _estack = 0x20000000
                0x20000000                __SP_INIT = _estack
                0x20000000                __stack = _estack
                0x00000000                __heap_size = 0x0
                0x00000400                __stack_size = 0x400

.interrupts     0x00000000      0x1e8
                0x00000000                __vector_table = .
                0x00000000                . = ALIGN (0x4)
 *(.vectortable)
 .vectortable   0x00000000      0x1e8 ./Generated_Code/Vectors.o
                0x00000000                __vect_table
                0x000001e8                . = ALIGN (0x4)

.cfmprotect     0x00000400       0x10
                0x00000400                . = ALIGN (0x4)
 *(.cfmconfig)
 .cfmconfig     0x00000400       0x10 ./Generated_Code/Cpu.o
                0x00000400                _cfm
                0x00000410                . = ALIGN (0x4)

.text           0x00000410     0x4ca8
                0x00000410                . = ALIGN (0x4)
 *(.text)
 .text          0x00000410       0x54 c:/freescale/kds_3.0.0/toolchain/bin/../lib/gcc/arm-none-eabi/4.8.4/armv7e-m/fpu/crtbegin.o
 .text          0x00000464       0x74 c:/freescale/kds_3.0.0/toolchain/bin/../lib/gcc/arm-none-eabi/4.8.4/../../../../arm-none-eabi/lib/armv7e-m/fpu/crt0.o
                0x00000464                _start
                0x00000464                _mainCRTStartup
 .text          0x000004d8      0x370 c:/freescale/kds_3.0.0/toolchain/bin/../lib/gcc/arm-none-eabi/4.8.4/armv7e-m/fpu\libgcc.a(_arm_addsubdf3.o)
                0x000004d8                __aeabi_drsub
                0x000004e0                __aeabi_dsub
                0x000004e0                __subdf3
                0x000004e4                __aeabi_dadd
                0x000004e4                __adddf3
                0x0000075c                __floatunsidf
                0x0000075c                __aeabi_ui2d
                0x0000077c                __floatsidf
                0x0000077c                __aeabi_i2d
                0x000007a0                __aeabi_f2d
                0x000007a0                __extendsfdf2
                0x000007dc                __floatundidf
                0x000007dc                __aeabi_ul2d
                0x000007ec                __floatdidf
                0x000007ec                __aeabi_l2d
 .text          0x00000848      0x424 c:/freescale/kds_3.0.0/toolchain/bin/../lib/gcc/arm-none-eabi/4.8.4/armv7e-m/fpu\libgcc.a(_arm_muldivdf3.o)
                0x00000848                __aeabi_dmul
                0x00000848                __muldf3
                0x00000a9c                __divdf3
                0x00000a9c                __aeabi_ddiv
 .text          0x00000c6c       0xa0 c:/freescale/kds_3.0.0/toolchain/bin/../lib/gcc/arm-none-eabi/4.8.4/armv7e-m/fpu\libgcc.a(_arm_truncdfsf2.o)
                0x00000c6c                __truncdfsf2
                0x00000c6c                __aeabi_d2f
 .text          0x00000d0c       0x38 c:/freescale/kds_3.0.0/toolchain/bin/../lib/gcc/arm-none-eabi/4.8.4/armv7e-m/fpu\libgcc.a(_aeabi_ldivmod.o)
                0x00000d0c                __aeabi_ldivmod
 .text          0x00000d44       0x60 c:/freescale/kds_3.0.0/toolchain/bin/../lib/gcc/arm-none-eabi/4.8.4/armv7e-m/fpu\libgcc.a(bpabi.o)
                0x00000d44                __gnu_ldivmod_helper
                0x00000d74                __gnu_uldivmod_helper
 .text          0x00000da4        0x4 c:/freescale/kds_3.0.0/toolchain/bin/../lib/gcc/arm-none-eabi/4.8.4/armv7e-m/fpu\libgcc.a(_dvmd_tls.o)
                0x00000da4                __aeabi_idiv0
                0x00000da4                __aeabi_ldiv0
 .text          0x00000da8      0x298 c:/freescale/kds_3.0.0/toolchain/bin/../lib/gcc/arm-none-eabi/4.8.4/armv7e-m/fpu\libgcc.a(_divdi3.o)
                0x00000da8                __divdi3
 .text          0x00001040      0x284 c:/freescale/kds_3.0.0/toolchain/bin/../lib/gcc/arm-none-eabi/4.8.4/armv7e-m/fpu\libgcc.a(_udivdi3.o)
                0x00001040                __udivdi3
 *(.text*)
 .text.FIFO_Init
                0x000012c4       0x38 ./Sources/FIFO.o
                0x000012c4                FIFO_Init
 .text.FIFO_Put
                0x000012fc       0x58 ./Sources/FIFO.o
                0x000012fc                FIFO_Put
 .text.FIFO_Get
                0x00001354       0x58 ./Sources/FIFO.o
                0x00001354                FIFO_Get
 .text.FTM_Init
                0x000013ac       0xfc ./Sources/FTM.o
                0x000013ac                FTM_Init
 .text.FTM_Set  0x000014a8       0xe4 ./Sources/FTM.o
                0x000014a8                FTM_Set
 .text.FTM_StartTimer
                0x0000158c       0x78 ./Sources/FTM.o
                0x0000158c                FTM_StartTimer
 .text.FTM0_ISR
                0x00001604       0x98 ./Sources/FTM.o
                0x00001604                FTM0_ISR
 .text.Flash_Init
                0x0000169c       0x10 ./Sources/Flash.o
                0x0000169c                Flash_Init
 .text.Flash_AllocateVar
                0x000016ac       0x90 ./Sources/Flash.o
                0x000016ac                Flash_AllocateVar
 .text.Flash_Write32
                0x0000173c       0x58 ./Sources/Flash.o
                0x0000173c                Flash_Write32
 .text.Flash_Write16
                0x00001794       0x60 ./Sources/Flash.o
                0x00001794                Flash_Write16
 .text.Flash_Write8
                0x000017f4       0x60 ./Sources/Flash.o
                0x000017f4                Flash_Write8
 .text.Flash_Erase
                0x00001854       0x14 ./Sources/Flash.o
                0x00001854                Flash_Erase
 .text.LaunchCommand
                0x00001868       0x98 ./Sources/Flash.o
 .text.WritePhrase
                0x00001900       0xe8 ./Sources/Flash.o
 .text.EraseSector
                0x000019e8       0x38 ./Sources/Flash.o
 .text.StopCondition
                0x00001a20       0x20 ./Sources/I2C.o
 .text.RepeatCondition
                0x00001a40       0x20 ./Sources/I2C.o
 .text.I2C_ISR  0x00001a60      0x1ac ./Sources/I2C.o
                0x00001a60                I2C_ISR
 .text.LEDs_Init
                0x00001c0c       0xd4 ./Sources/LEDs.o
                0x00001c0c                LEDs_Init
 .text.LEDs_On  0x00001ce0       0x24 ./Sources/LEDs.o
                0x00001ce0                LEDs_On
 .text.LEDs_Off
                0x00001d04       0x24 ./Sources/LEDs.o
                0x00001d04                LEDs_Off
 .text.LEDs_Toggle
                0x00001d28       0x24 ./Sources/LEDs.o
                0x00001d28                LEDs_Toggle
 .text.PIT_Init
                0x00001d4c       0xdc ./Sources/PIT.o
                0x00001d4c                PIT_Init
 .text.PIT_Set  0x00001e28       0x5c ./Sources/PIT.o
                0x00001e28                PIT_Set
 .text.PIT_Enable
                0x00001e84       0x40 ./Sources/PIT.o
                0x00001e84                PIT_Enable
 .text.PIT_ISR  0x00001ec4       0x48 ./Sources/PIT.o
                0x00001ec4                PIT_ISR
 .text.RTC_Init
                0x00001f0c       0xe8 ./Sources/RTC.o
                0x00001f0c                RTC_Init
 .text.RTC_Set  0x00001ff4       0x5c ./Sources/RTC.o
                0x00001ff4                RTC_Set
 .text.RTC_Get  0x00002050       0x9c ./Sources/RTC.o
                0x00002050                RTC_Get
 .text.RTC_ISR  0x000020ec       0x2c ./Sources/RTC.o
                0x000020ec                RTC_ISR
 .text.RxUARTThread
                0x00002118       0x30 ./Sources/UART.o
 .text.TxUARTThread
                0x00002148       0x50 ./Sources/UART.o
 .text.UART_Init
                0x00002198      0x1c8 ./Sources/UART.o
                0x00002198                UART_Init
 .text.UART_InChar
                0x00002360       0x1c ./Sources/UART.o
                0x00002360                UART_InChar
 .text.UART_OutChar
                0x0000237c       0x34 ./Sources/UART.o
                0x0000237c                UART_OutChar
 .text.UART_ISR
                0x000023b0       0x94 ./Sources/UART.o
                0x000023b0                UART_ISR
 .text.AccelDataReady_ISR
                0x00002444       0x48 ./Sources/accel.o
                0x00002444                AccelDataReady_ISR
 .text.HandleTowerStartup
                0x0000248c       0x80 ./Sources/main.o
                0x0000248c                HandleTowerStartup
 .text.HandleTowerVersion
                0x0000250c       0x28 ./Sources/main.o
                0x0000250c                HandleTowerVersion
 .text.HandleTowerNumber
                0x00002534       0x68 ./Sources/main.o
                0x00002534                HandleTowerNumber
 .text.HandleTowerProgramByte
                0x0000259c       0x58 ./Sources/main.o
                0x0000259c                HandleTowerProgramByte
 .text.HandleTowerReadByte
                0x000025f4       0x48 ./Sources/main.o
                0x000025f4                HandleTowerReadByte
 .text.HandleTowerMode
                0x0000263c       0x68 ./Sources/main.o
                0x0000263c                HandleTowerMode
 .text.HandleTowerSetTime
                0x000026a4       0x40 ./Sources/main.o
                0x000026a4                HandleTowerSetTime
 .text.HandleTowerTimingMode
                0x000026e4       0x7c ./Sources/main.o
                0x000026e4                HandleTowerTimingMode
 .text.HandleTowerRaises
                0x00002760       0x6c ./Sources/main.o
                0x00002760                HandleTowerRaises
 .text.HandleTowerLowers
                0x000027cc       0x6c ./Sources/main.o
                0x000027cc                HandleTowerLowers
 .text.HandleTowerFrequency
                0x00002838       0x50 ./Sources/main.o
                0x00002838                HandleTowerFrequency
 .text.HandleTowerVoltage
                0x00002888       0x5c ./Sources/main.o
                0x00002888                HandleTowerVoltage
 .text.ReceivedPacket
                0x000028e4      0x198 ./Sources/main.o
                0x000028e4                ReceivedPacket
 .text.ADCReadCallback
                0x00002a7c       0xb4 ./Sources/main.o
                0x00002a7c                ADCReadCallback
 .text.TowerInit
                0x00002b30      0x1b4 ./Sources/main.o
                0x00002b30                TowerInit
 .text.InitModulesThread
                0x00002ce4       0x8c ./Sources/main.o
 .text.PacketThread
                0x00002d70       0x5c ./Sources/main.o
 .text.RTCThread
                0x00002dcc       0x44 ./Sources/main.o
 .text.GetRMS   0x00002e10       0x94 ./Sources/main.o
                0x00002e10                GetRMS
 .text.GetFrequency
                0x00002ea4      0x3dc ./Sources/main.o
                0x00002ea4                GetFrequency
 .text.ADCDataProcessThread
                0x00003280      0x250 ./Sources/main.o
 .text.FTMLEDsOffThread
                0x000034d0       0x24 ./Sources/main.o
 .text.main     0x000034f4       0x9c ./Sources/main.o
                0x000034f4                main
 .text.Packet_Init
                0x00003590       0x2c ./Sources/packet.o
                0x00003590                Packet_Init
 .text.Packet_Get
                0x000035bc       0x6c ./Sources/packet.o
                0x000035bc                Packet_Get
 .text.Packet_Put
                0x00003628       0x70 ./Sources/packet.o
                0x00003628                Packet_Put
 .text.__copy_rom_section
                0x00003698       0xe4 ./Project_Settings/Startup_Code/startup.o
                0x00003698                __copy_rom_section
 .text.__copy_rom_sections_to_ram
                0x0000377c       0x9c ./Project_Settings/Startup_Code/startup.o
                0x0000377c                __copy_rom_sections_to_ram
 .text.__init_registers
                0x00003818       0x20 ./Project_Settings/Startup_Code/startup.o
                0x00003818                __init_registers
 .text.__init_user
                0x00003838        0xc ./Project_Settings/Startup_Code/startup.o
                0x00003838                __init_user
 .text.__thumb_startup
                0x00003844       0x34 ./Project_Settings/Startup_Code/startup.o
                0x00003844                __thumb_startup
 .text.Cpu_Interrupt
                0x00003878       0x18 ./Generated_Code/Cpu.o
                0x00003878                Cpu_Interrupt
 .text.__init_hardware
                0x00003890      0x1cc ./Generated_Code/Cpu.o
                0x00003890                __init_hardware
 .text.Cpu_SetBASEPRI
                0x00003a5c       0x18 ./Generated_Code/Cpu.o
                0x00003a5c                Cpu_SetBASEPRI
 .text.PE_low_level_init
                0x00003a74       0xe4 ./Generated_Code/Cpu.o
                0x00003a74                PE_low_level_init
 .text.OS_Init  0x00003b58      0x110 D:\Embedded Software US\es18aut13\Project\Library\libOS.a(OS.o)
                0x00003b58                OS_Init
 .text.OS_ISREnter
                0x00003c68       0x20 D:\Embedded Software US\es18aut13\Project\Library\libOS.a(OS.o)
                0x00003c68                OS_ISREnter
 .text.OS_ISRExit
                0x00003c88       0x1c D:\Embedded Software US\es18aut13\Project\Library\libOS.a(OS.o)
                0x00003c88                OS_ISRExit
 .text.OS_SemaphoreCreate
                0x00003ca4       0x90 D:\Embedded Software US\es18aut13\Project\Library\libOS.a(OS.o)
                0x00003ca4                OS_SemaphoreCreate
 .text.OS_SemaphoreSignal
                0x00003d34       0x44 D:\Embedded Software US\es18aut13\Project\Library\libOS.a(OS.o)
                0x00003d34                OS_SemaphoreSignal
 .text.OS_SemaphoreWait
                0x00003d78       0x58 D:\Embedded Software US\es18aut13\Project\Library\libOS.a(OS.o)
                0x00003d78                OS_SemaphoreWait
 .text.OS_Start
                0x00003dd0       0x10 D:\Embedded Software US\es18aut13\Project\Library\libOS.a(OS.o)
                0x00003dd0                OS_Start
 .text.OS_ThreadCreate
                0x00003de0      0x160 D:\Embedded Software US\es18aut13\Project\Library\libOS.a(OS.o)
                0x00003de0                OS_ThreadCreate
 .text.OS_ThreadDelete
                0x00003f40      0x18c D:\Embedded Software US\es18aut13\Project\Library\libOS.a(OS.o)
                0x00003f40                OS_ThreadDelete
 .text.EventThreadReady
                0x000040cc       0x68 D:\Embedded Software US\es18aut13\Project\Library\libOS.a(OS.o)
 .text.EventThreadWait
                0x00004134       0x64 D:\Embedded Software US\es18aut13\Project\Library\libOS.a(OS.o)
 .text.EventTimeout
                0x00004198       0x40 D:\Embedded Software US\es18aut13\Project\Library\libOS.a(OS.o)
 .text.Idle     0x000041d8       0x18 D:\Embedded Software US\es18aut13\Project\Library\libOS.a(OS.o)
 .text.FindFirstSet
                0x000041f0       0x44 D:\Embedded Software US\es18aut13\Project\Library\libOS.a(OS.o)
 .text.Schedule
                0x00004234       0x64 D:\Embedded Software US\es18aut13\Project\Library\libOS.a(OS.o)
 .text.TCBInit  0x00004298       0xcc D:\Embedded Software US\es18aut13\Project\Library\libOS.a(OS.o)
 .text.TimeTick
                0x00004364       0x74 D:\Embedded Software US\es18aut13\Project\Library\libOS.a(OS.o)
 *fill*         0x000043d8        0x8 
 .text.OS_ContextSwitchISR
                0x000043e0       0x70 D:\Embedded Software US\es18aut13\Project\Library\libOS.a(OS.o)
                0x000043e0                OS_ContextSwitchISR
 .text.OS_SysTickISR
                0x00004450       0x5c D:\Embedded Software US\es18aut13\Project\Library\libOS.a(OS.o)
                0x00004450                OS_SysTickISR
 .text.DACWrite
                0x000044ac       0x6c D:\Embedded Software US\es18aut13\Project\Library\libAnalog.a(analog.o)
 .text.Analog_Init
                0x00004518       0x7c D:\Embedded Software US\es18aut13\Project\Library\libAnalog.a(analog.o)
                0x00004518                Analog_Init
 .text.Analog_Get
                0x00004594       0x78 D:\Embedded Software US\es18aut13\Project\Library\libAnalog.a(analog.o)
                0x00004594                Analog_Get
 .text.Analog_Put
                0x0000460c       0x50 D:\Embedded Software US\es18aut13\Project\Library\libAnalog.a(analog.o)
                0x0000460c                Analog_Put
 .text.InitChipSelectPins
                0x0000465c       0x6c D:\Embedded Software US\es18aut13\Project\Library\libAnalog.a(SPI.o)
 .text.SetupModuleConfigurationRegister
                0x000046c8      0x104 D:\Embedded Software US\es18aut13\Project\Library\libAnalog.a(SPI.o)
 .text.SetBaudRate
                0x000047cc      0x15c D:\Embedded Software US\es18aut13\Project\Library\libAnalog.a(SPI.o)
 .text.SetDelayAfterTransfer
                0x00004928      0x168 D:\Embedded Software US\es18aut13\Project\Library\libAnalog.a(SPI.o)
 .text.SetupClockAndTransferAttributesRegister
                0x00004a90      0x16c D:\Embedded Software US\es18aut13\Project\Library\libAnalog.a(SPI.o)
 .text.SPI_Init
                0x00004bfc       0x90 D:\Embedded Software US\es18aut13\Project\Library\libAnalog.a(SPI.o)
                0x00004bfc                SPI_Init
 .text.SPI_SelectSlaveDevice
                0x00004c8c       0x6c D:\Embedded Software US\es18aut13\Project\Library\libAnalog.a(SPI.o)
                0x00004c8c                SPI_SelectSlaveDevice
 .text.SPI_Exchange
                0x00004cf8       0x94 D:\Embedded Software US\es18aut13\Project\Library\libAnalog.a(SPI.o)
                0x00004cf8                SPI_Exchange
 .text.sqrtf    0x00004d8c       0xb8 c:/freescale/kds_3.0.0/toolchain/bin/../lib/gcc/arm-none-eabi/4.8.4/../../../../arm-none-eabi/lib/armv7e-m/fpu\libm.a(lib_a-wf_sqrt.o)
                0x00004d8c                sqrtf
 .text.__ieee754_sqrtf
                0x00004e44       0xa4 c:/freescale/kds_3.0.0/toolchain/bin/../lib/gcc/arm-none-eabi/4.8.4/../../../../arm-none-eabi/lib/armv7e-m/fpu\libm.a(lib_a-ef_sqrt.o)
                0x00004e44                __ieee754_sqrtf
 .text.matherr  0x00004ee8        0x4 c:/freescale/kds_3.0.0/toolchain/bin/../lib/gcc/arm-none-eabi/4.8.4/../../../../arm-none-eabi/lib/armv7e-m/fpu\libm.a(lib_a-s_matherr.o)
                0x00004ee8                matherr
 .text.__fpclassifyf
                0x00004eec       0x38 c:/freescale/kds_3.0.0/toolchain/bin/../lib/gcc/arm-none-eabi/4.8.4/../../../../arm-none-eabi/lib/armv7e-m/fpu\libm.a(lib_a-sf_fpclassify.o)
                0x00004eec                __fpclassifyf
 .text.__errno  0x00004f24        0xc c:/freescale/kds_3.0.0/toolchain/bin/../lib/gcc/arm-none-eabi/4.8.4/../../../../arm-none-eabi/lib/armv7e-m/fpu\libg_s.a(lib_a-errno.o)
                0x00004f24                __errno
 .text.exit     0x00004f30       0x28 c:/freescale/kds_3.0.0/toolchain/bin/../lib/gcc/arm-none-eabi/4.8.4/../../../../arm-none-eabi/lib/armv7e-m/fpu\libg_s.a(lib_a-exit.o)
                0x00004f30                exit
 .text.__libc_init_array
                0x00004f58       0x4c c:/freescale/kds_3.0.0/toolchain/bin/../lib/gcc/arm-none-eabi/4.8.4/../../../../arm-none-eabi/lib/armv7e-m/fpu\libg_s.a(lib_a-init.o)
                0x00004f58                __libc_init_array
 .text.memcpy   0x00004fa4       0x12 c:/freescale/kds_3.0.0/toolchain/bin/../lib/gcc/arm-none-eabi/4.8.4/../../../../arm-none-eabi/lib/armv7e-m/fpu\libg_s.a(lib_a-memcpy-stub.o)
                0x00004fa4                memcpy
 .text.memset   0x00004fb6       0x10 c:/freescale/kds_3.0.0/toolchain/bin/../lib/gcc/arm-none-eabi/4.8.4/../../../../arm-none-eabi/lib/armv7e-m/fpu\libg_s.a(lib_a-memset.o)
                0x00004fb6                memset
 *fill*         0x00004fc6        0x2 
 .text._exit    0x00004fc8        0x4 c:/freescale/kds_3.0.0/toolchain/bin/../lib/gcc/arm-none-eabi/4.8.4/../../../../arm-none-eabi/lib/armv7e-m/fpu\libnosys.a(_exit.o)
                0x00004fc8                _exit
 *(.rodata)
 .rodata        0x00004fcc        0x4 D:\Embedded Software US\es18aut13\Project\Library\libAnalog.a(analog.o)
 .rodata        0x00004fd0       0xa0 D:\Embedded Software US\es18aut13\Project\Library\libAnalog.a(SPI.o)
 *(.rodata*)
 .rodata.PACKET_ACK_MASK
                0x00005070        0x1 ./Sources/packet.o
                0x00005070                PACKET_ACK_MASK
 *fill*         0x00005071        0x3 
 .rodata.SPI_SETUP
                0x00005074       0x1c D:\Embedded Software US\es18aut13\Project\Library\libAnalog.a(analog.o)
 .rodata.str1.4
                0x00005090        0x8 c:/freescale/kds_3.0.0/toolchain/bin/../lib/gcc/arm-none-eabi/4.8.4/../../../../arm-none-eabi/lib/armv7e-m/fpu\libm.a(lib_a-wf_sqrt.o)
 .rodata.str1.1
                0x00005098        0x2 c:/freescale/kds_3.0.0/toolchain/bin/../lib/gcc/arm-none-eabi/4.8.4/../../../../arm-none-eabi/lib/armv7e-m/fpu\libg_s.a(lib_a-impure.o)
 *fill*         0x0000509a        0x2 
 .rodata._global_impure_ptr
                0x0000509c        0x4 c:/freescale/kds_3.0.0/toolchain/bin/../lib/gcc/arm-none-eabi/4.8.4/../../../../arm-none-eabi/lib/armv7e-m/fpu\libg_s.a(lib_a-impure.o)
                0x0000509c                _global_impure_ptr
 *(.glue_7)
 .glue_7        0x00000000        0x0 linker stubs
 *(.glue_7t)
 .glue_7t       0x00000000        0x0 linker stubs
 *(.eh_frame)
 .eh_frame      0x000050a0        0x0 c:/freescale/kds_3.0.0/toolchain/bin/../lib/gcc/arm-none-eabi/4.8.4/armv7e-m/fpu/crtbegin.o
 *(.init)
 .init          0x000050a0        0x4 c:/freescale/kds_3.0.0/toolchain/bin/../lib/gcc/arm-none-eabi/4.8.4/armv7e-m/fpu/crti.o
                0x000050a0                _init
 .init          0x000050a4        0x8 c:/freescale/kds_3.0.0/toolchain/bin/../lib/gcc/arm-none-eabi/4.8.4/armv7e-m/fpu/crtn.o
 *(.fini)
 .fini          0x000050ac        0x4 c:/freescale/kds_3.0.0/toolchain/bin/../lib/gcc/arm-none-eabi/4.8.4/armv7e-m/fpu/crti.o
                0x000050ac                _fini
 .fini          0x000050b0        0x8 c:/freescale/kds_3.0.0/toolchain/bin/../lib/gcc/arm-none-eabi/4.8.4/armv7e-m/fpu/crtn.o
                0x000050b8                . = ALIGN (0x4)
                0x000050b8                _etext = .

.vfp11_veneer   0x000050b8        0x0
 .vfp11_veneer  0x00000000        0x0 linker stubs

.v4_bx          0x000050b8        0x0
 .v4_bx         0x00000000        0x0 linker stubs

.iplt           0x000050b8        0x0
 .iplt          0x00000000        0x0 c:/freescale/kds_3.0.0/toolchain/bin/../lib/gcc/arm-none-eabi/4.8.4/armv7e-m/fpu/crtbegin.o

.ARM.extab
 *(.ARM.extab* .gnu.linkonce.armextab.*)

.ARM            0x000050b8        0x8
                0x000050b8                __exidx_start = .
 *(.ARM.exidx*)
 .ARM.exidx     0x000050b8        0x8 c:/freescale/kds_3.0.0/toolchain/bin/../lib/gcc/arm-none-eabi/4.8.4/../../../../arm-none-eabi/lib/armv7e-m/fpu/crt0.o
 .ARM.exidx     0x000050c0        0x0 c:/freescale/kds_3.0.0/toolchain/bin/../lib/gcc/arm-none-eabi/4.8.4/armv7e-m/fpu\libgcc.a(_divdi3.o)
                                  0x8 (size before relaxing)
 .ARM.exidx     0x000050c0        0x0 c:/freescale/kds_3.0.0/toolchain/bin/../lib/gcc/arm-none-eabi/4.8.4/armv7e-m/fpu\libgcc.a(_udivdi3.o)
                                  0x8 (size before relaxing)
                0x000050c0                __exidx_end = .

.rel.dyn        0x000050c0        0x0
 .rel.iplt      0x00000000        0x0 c:/freescale/kds_3.0.0/toolchain/bin/../lib/gcc/arm-none-eabi/4.8.4/armv7e-m/fpu/crtbegin.o

.ctors          0x000050c0        0x0
                0x000050c0                __CTOR_LIST__ = .
 *crtbegin.o(.ctors)
 *(EXCLUDE_FILE(*crtend.o) .ctors)
 *(SORT(.ctors.*))
 *(.ctors)
                0x000050c0                __CTOR_END__ = .

.dtors          0x000050c0        0x0
                0x000050c0                __DTOR_LIST__ = .
 *crtbegin.o(.dtors)
 *(EXCLUDE_FILE(*crtend.o) .dtors)
 *(SORT(.dtors.*))
 *(.dtors)
                0x000050c0                __DTOR_END__ = .

.preinit_array  0x000050c0        0x0
                0x000050c0                PROVIDE (__preinit_array_start, .)
 *(.preinit_array*)
                0x000050c0                PROVIDE (__preinit_array_end, .)

.init_array     0x000050c0        0x4
                0x000050c0                PROVIDE (__init_array_start, .)
 *(SORT(.init_array.*))
 *(.init_array*)
 .init_array    0x000050c0        0x4 c:/freescale/kds_3.0.0/toolchain/bin/../lib/gcc/arm-none-eabi/4.8.4/armv7e-m/fpu/crtbegin.o
                0x000050c4                PROVIDE (__init_array_end, .)

.fini_array     0x000050c4        0x4
                0x000050c4                PROVIDE (__fini_array_start, .)
 *(SORT(.fini_array.*))
 *(.fini_array*)
 .fini_array    0x000050c4        0x4 c:/freescale/kds_3.0.0/toolchain/bin/../lib/gcc/arm-none-eabi/4.8.4/armv7e-m/fpu/crtbegin.o
                0x000050c8                PROVIDE (__fini_array_end, .)
                0x000050c8                ___ROM_AT = .

.data           0x1fff0000       0x68 load address 0x000050c8
                0x1fff0000                . = ALIGN (0x4)
                0x1fff0000                _sdata = .
 *(.data)
 *(.data*)
 .data.SlaveDeviceAddress
                0x1fff0000        0x1 ./Sources/I2C.o
 .data.__fdlib_version
                0x1fff0001        0x1 c:/freescale/kds_3.0.0/toolchain/bin/../lib/gcc/arm-none-eabi/4.8.4/../../../../arm-none-eabi/lib/armv7e-m/fpu\libm.a(lib_a-s_lib_ver.o)
                0x1fff0001                __fdlib_version
 *fill*         0x1fff0002        0x2 
 .data.impure_data
                0x1fff0004       0x60 c:/freescale/kds_3.0.0/toolchain/bin/../lib/gcc/arm-none-eabi/4.8.4/../../../../arm-none-eabi/lib/armv7e-m/fpu\libg_s.a(lib_a-impure.o)
 .data._impure_ptr
                0x1fff0064        0x4 c:/freescale/kds_3.0.0/toolchain/bin/../lib/gcc/arm-none-eabi/4.8.4/../../../../arm-none-eabi/lib/armv7e-m/fpu\libg_s.a(lib_a-impure.o)
                0x1fff0064                _impure_ptr
                0x1fff0068                . = ALIGN (0x4)
                0x1fff0068                _edata = .
                0x00000068                ___data_size = (_edata - _sdata)
                0x00005130                ___m_data_20000000_ROMStart = (___ROM_AT + SIZEOF (.data))

.jcr            0x1fff0068        0x0 load address 0x00005130
 .jcr           0x1fff0068        0x0 c:/freescale/kds_3.0.0/toolchain/bin/../lib/gcc/arm-none-eabi/4.8.4/armv7e-m/fpu/crtbegin.o

.igot.plt       0x1fff0068        0x0 load address 0x00005130
 .igot.plt      0x00000000        0x0 c:/freescale/kds_3.0.0/toolchain/bin/../lib/gcc/arm-none-eabi/4.8.4/armv7e-m/fpu/crtbegin.o

.m_data_20000000
                0x20000000        0x0 load address 0x00005130
                0x20000000                . = ALIGN (0x4)
                0x20000000                ___m_data_20000000_RAMStart = .
 *(.m_data_20000000)
                0x20000000                ___m_data_20000000_RAMEnd = .
                0x20000000                . = ALIGN (0x4)
                0x00000000                ___m_data_20000000_ROMSize = (___m_data_20000000_RAMEnd - ___m_data_20000000_RAMStart)
                0x20000000                . = ALIGN (0x4)

.bss            0x1fff0068     0xb73c load address 0x00005130
                0x1fff0068                __START_BSS = .
                0x1fff0068                PROVIDE (__bss_start__, __START_BSS)
 *(.bss)
 .bss           0x1fff0068       0x1c c:/freescale/kds_3.0.0/toolchain/bin/../lib/gcc/arm-none-eabi/4.8.4/armv7e-m/fpu/crtbegin.o
 *(.bss*)
 .bss.UserSemaphore
                0x1fff0084       0x20 ./Sources/FTM.o
 .bss.occupiedBytes.5650
                0x1fff00a4        0x1 ./Sources/Flash.o
 *fill*         0x1fff00a5        0x3 
 .bss.ReadCompleteSemaphore
                0x1fff00a8        0x4 ./Sources/I2C.o
 .bss.I2CAccess
                0x1fff00ac        0x4 ./Sources/I2C.o
 .bss.SlaveDeviceReadAddress
                0x1fff00b0        0x1 ./Sources/I2C.o
 .bss.NbBytes   0x1fff00b1        0x1 ./Sources/I2C.o
 *fill*         0x1fff00b2        0x2 
 .bss.DataPtr   0x1fff00b4        0x4 ./Sources/I2C.o
 .bss.stage.6670
                0x1fff00b8        0x1 ./Sources/I2C.o
 .bss.readCount.6671
                0x1fff00b9        0x1 ./Sources/I2C.o
 *fill*         0x1fff00ba        0x2 
 .bss.ModuleClk
                0x1fff00bc        0x4 ./Sources/PIT.o
 .bss.UserFunction
                0x1fff00c0        0x4 ./Sources/PIT.o
 .bss.UserArguments
                0x1fff00c4        0x4 ./Sources/PIT.o
 .bss.ReadSemaphore
                0x1fff00c8        0x4 ./Sources/RTC.o
 *fill*         0x1fff00cc        0x4 
 .bss.RxUARTThreadStack
                0x1fff00d0     0x1770 ./Sources/UART.o
 .bss.TxUARTThreadStack
                0x1fff1840     0x1770 ./Sources/UART.o
 .bss.DataReadySemaphore
                0x1fff2fb0        0x4 ./Sources/accel.o
 .bss.VoltageSamples
                0x1fff2fb4      0x188 ./Sources/main.o
 .bss.RMS       0x1fff313c        0x8 ./Sources/main.o
 .bss.Frequency
                0x1fff3144        0x2 ./Sources/main.o
 *fill*         0x1fff3146        0x2 
 .bss.LEDOffSemaphore
                0x1fff3148        0x4 ./Sources/main.o
 .bss.RTCReadSemaphore
                0x1fff314c        0x4 ./Sources/main.o
 .bss.OutOfRangeSemaphore
                0x1fff3150        0x4 ./Sources/main.o
 .bss.WithinRangeSemaphore
                0x1fff3154        0x4 ./Sources/main.o
 .bss.NewADCDataSemaphore
                0x1fff3158        0x4 ./Sources/main.o
 *fill*         0x1fff315c        0x4 
 .bss.InitModulesThreadStack
                0x1fff3160     0x1770 ./Sources/main.o
 .bss.RTCThreadStack
                0x1fff48d0     0x1770 ./Sources/main.o
 .bss.FTMLEDsOffThreadStack
                0x1fff6040     0x1770 ./Sources/main.o
 .bss.ADCDataProcessThreadStack
                0x1fff77b0     0x1770 ./Sources/main.o
 .bss.PacketThreadStack
                0x1fff8f20     0x1770 ./Sources/main.o
 .bss.alarm.7535
                0x1fffa690        0x1 ./Sources/main.o
 *fill*         0x1fffa691        0x3 
 .bss.PacketPutAccess
                0x1fffa694        0x4 ./Sources/packet.o
 .bss.SR_lock   0x1fffa698        0x1 ./Generated_Code/Cpu.o
                0x1fffa698                SR_lock
 *fill*         0x1fffa699        0x3 
 .bss.TCBUnusedMain
                0x1fffa69c       0x18 D:\Embedded Software US\es18aut13\Project\Library\libOS.a(OS.o)
 .bss.TCBTable  0x1fffa6b4      0x300 D:\Embedded Software US\es18aut13\Project\Library\libOS.a(OS.o)
 .bss.pTCBFreeList
                0x1fffa9b4        0x4 D:\Embedded Software US\es18aut13\Project\Library\libOS.a(OS.o)
 .bss.pTCBAllocatedList
                0x1fffa9b8        0x4 D:\Embedded Software US\es18aut13\Project\Library\libOS.a(OS.o)
 .bss.pTCBPriorityTable
                0x1fffa9bc       0x80 D:\Embedded Software US\es18aut13\Project\Library\libOS.a(OS.o)
 .bss.pTCBRunning
                0x1fffaa3c        0x4 D:\Embedded Software US\es18aut13\Project\Library\libOS.a(OS.o)
 .bss.pTCBHighestReady
                0x1fffaa40        0x4 D:\Embedded Software US\es18aut13\Project\Library\libOS.a(OS.o)
 .bss.ReadyList
                0x1fffaa44        0x4 D:\Embedded Software US\es18aut13\Project\Library\libOS.a(OS.o)
 .bss.ECBTable  0x1fffaa48      0x100 D:\Embedded Software US\es18aut13\Project\Library\libOS.a(OS.o)
 .bss.NextECBFree
                0x1fffab48        0x1 D:\Embedded Software US\es18aut13\Project\Library\libOS.a(OS.o)
 *fill*         0x1fffab49        0x3 
 .bss.IdleCounter
                0x1fffab4c        0x4 D:\Embedded Software US\es18aut13\Project\Library\libOS.a(OS.o)
 .bss.IdleStack
                0x1fffab50      0x400 D:\Embedded Software US\es18aut13\Project\Library\libOS.a(OS.o)
 .bss.Ticks     0x1fffaf50        0x4 D:\Embedded Software US\es18aut13\Project\Library\libOS.a(OS.o)
 .bss.ToggleCntr
                0x1fffaf54        0x4 D:\Embedded Software US\es18aut13\Project\Library\libOS.a(OS.o)
 .bss.ToggleLED
                0x1fffaf58        0x1 D:\Embedded Software US\es18aut13\Project\Library\libOS.a(OS.o)
 .bss.ISRNestLevel
                0x1fffaf59        0x1 D:\Embedded Software US\es18aut13\Project\Library\libOS.a(OS.o)
 *fill*         0x1fffaf5a        0x2 
 .bss.ADCCommandUnion
                0x1fffaf5c        0x4 D:\Embedded Software US\es18aut13\Project\Library\libAnalog.a(analog.o)
 *(COMMON)
 COMMON         0x1fffaf60      0x824 ./Sources/UART.o
                0x1fffaf60                DummyRead
                0x1fffaf64                TxFIFO
                0x1fffb370                RxFIFO
                0x1fffb77c                RxUARTSemaphore
                0x1fffb780                TxUARTSemaphore
 COMMON         0x1fffb784       0x14 ./Sources/main.o
                0x1fffb784                NvTowerMd
                0x1fffb788                NvTowerNb
                0x1fffb78c                NvTimingMd
                0x1fffb790                NvNbRaises
                0x1fffb794                NvNbLowers
 COMMON         0x1fffb798        0x5 ./Sources/packet.o
                0x1fffb798                Packet
 COMMON         0x1fffb79d        0x1 ./Generated_Code/Cpu.o
                0x1fffb79d                SR_reg
 *fill*         0x1fffb79e        0x2 
 COMMON         0x1fffb7a0        0x4 D:\Embedded Software US\es18aut13\Project\Library\libAnalog.a(analog.o)
                0x1fffb7a0                DACInput
                0x1fffb7a4                . = ALIGN (0x4)
                0x1fffb7a4                __END_BSS = .
                0x1fffb7a4                PROVIDE (__bss_end__, __END_BSS)
                0x00005130                _romp_at = ((___ROM_AT + SIZEOF (.data)) + SIZEOF (.m_data_20000000))

.romp           0x1fffb7a4       0x24 load address 0x00005130
                0x00005130                __S_romp = _romp_at
                0x1fffb7a4        0x4 LONG 0x50c8 ___ROM_AT
                0x1fffb7a8        0x4 LONG 0x1fff0000 _sdata
                0x1fffb7ac        0x4 LONG 0x68 ___data_size
                0x1fffb7b0        0x4 LONG 0x5130 ___m_data_20000000_ROMStart
                0x1fffb7b4        0x4 LONG 0x20000000 ___m_data_20000000_RAMStart
                0x1fffb7b8        0x4 LONG 0x0 ___m_data_20000000_ROMSize
                0x1fffb7bc        0x4 LONG 0x0
                0x1fffb7c0        0x4 LONG 0x0
                0x1fffb7c4        0x4 LONG 0x0

._user_heap_stack
                0x1fffb7c8      0x400 load address 0x00005154
                0x1fffb7c8                . = ALIGN (0x4)
                0x1fffb7c8                PROVIDE (end, .)
                0x1fffb7c8                PROVIDE (_end, .)
                0x1fffb7c8                __heap_addr = .
                0x1fffb7c8                __HeapBase = .
                0x1fffb7c8                . = (. + __heap_size)
                0x1fffb7c8                __HeapLimit = .
                0x1fffbbc8                . = (. + __stack_size)
 *fill*         0x1fffb7c8      0x400 
                0x1fffbbc8                . = ALIGN (0x4)

.ARM.attributes
                0x00000000       0x30
 *(.ARM.attributes)
 .ARM.attributes
                0x00000000       0x22 c:/freescale/kds_3.0.0/toolchain/bin/../lib/gcc/arm-none-eabi/4.8.4/armv7e-m/fpu/crti.o
 .ARM.attributes
                0x00000022       0x34 c:/freescale/kds_3.0.0/toolchain/bin/../lib/gcc/arm-none-eabi/4.8.4/armv7e-m/fpu/crtbegin.o
 .ARM.attributes
                0x00000056       0x20 c:/freescale/kds_3.0.0/toolchain/bin/../lib/gcc/arm-none-eabi/4.8.4/../../../../arm-none-eabi/lib/armv7e-m/fpu/crt0.o
 .ARM.attributes
                0x00000076       0x39 ./Sources/FIFO.o
 .ARM.attributes
                0x000000af       0x39 ./Sources/FTM.o
 .ARM.attributes
                0x000000e8       0x39 ./Sources/Flash.o
 .ARM.attributes
                0x00000121       0x39 ./Sources/I2C.o
 .ARM.attributes
                0x0000015a       0x39 ./Sources/LEDs.o
 .ARM.attributes
                0x00000193       0x39 ./Sources/PIT.o
 .ARM.attributes
                0x000001cc       0x39 ./Sources/RTC.o
 .ARM.attributes
                0x00000205       0x39 ./Sources/UART.o
 .ARM.attributes
                0x0000023e       0x39 ./Sources/accel.o
 .ARM.attributes
                0x00000277       0x39 ./Sources/main.o
 .ARM.attributes
                0x000002b0       0x39 ./Sources/packet.o
 .ARM.attributes
                0x000002e9       0x39 ./Project_Settings/Startup_Code/startup.o
 .ARM.attributes
                0x00000322       0x39 ./Generated_Code/Cpu.o
 .ARM.attributes
                0x0000035b       0x39 ./Generated_Code/Vectors.o
 .ARM.attributes
                0x00000394       0x39 D:\Embedded Software US\es18aut13\Project\Library\libOS.a(OS.o)
 .ARM.attributes
                0x000003cd       0x39 D:\Embedded Software US\es18aut13\Project\Library\libAnalog.a(analog.o)
 .ARM.attributes
                0x00000406       0x39 D:\Embedded Software US\es18aut13\Project\Library\libAnalog.a(SPI.o)
 .ARM.attributes
                0x0000043f       0x34 c:/freescale/kds_3.0.0/toolchain/bin/../lib/gcc/arm-none-eabi/4.8.4/../../../../arm-none-eabi/lib/armv7e-m/fpu\libm.a(lib_a-wf_sqrt.o)
 .ARM.attributes
                0x00000473       0x34 c:/freescale/kds_3.0.0/toolchain/bin/../lib/gcc/arm-none-eabi/4.8.4/../../../../arm-none-eabi/lib/armv7e-m/fpu\libm.a(lib_a-ef_sqrt.o)
 .ARM.attributes
                0x000004a7       0x34 c:/freescale/kds_3.0.0/toolchain/bin/../lib/gcc/arm-none-eabi/4.8.4/../../../../arm-none-eabi/lib/armv7e-m/fpu\libm.a(lib_a-s_lib_ver.o)
 .ARM.attributes
                0x000004db       0x34 c:/freescale/kds_3.0.0/toolchain/bin/../lib/gcc/arm-none-eabi/4.8.4/../../../../arm-none-eabi/lib/armv7e-m/fpu\libm.a(lib_a-s_matherr.o)
 .ARM.attributes
                0x0000050f       0x34 c:/freescale/kds_3.0.0/toolchain/bin/../lib/gcc/arm-none-eabi/4.8.4/../../../../arm-none-eabi/lib/armv7e-m/fpu\libm.a(lib_a-sf_fpclassify.o)
 .ARM.attributes
                0x00000543       0x22 c:/freescale/kds_3.0.0/toolchain/bin/../lib/gcc/arm-none-eabi/4.8.4/armv7e-m/fpu\libgcc.a(_arm_addsubdf3.o)
 .ARM.attributes
                0x00000565       0x22 c:/freescale/kds_3.0.0/toolchain/bin/../lib/gcc/arm-none-eabi/4.8.4/armv7e-m/fpu\libgcc.a(_arm_muldivdf3.o)
 .ARM.attributes
                0x00000587       0x22 c:/freescale/kds_3.0.0/toolchain/bin/../lib/gcc/arm-none-eabi/4.8.4/armv7e-m/fpu\libgcc.a(_arm_truncdfsf2.o)
 .ARM.attributes
                0x000005a9       0x22 c:/freescale/kds_3.0.0/toolchain/bin/../lib/gcc/arm-none-eabi/4.8.4/armv7e-m/fpu\libgcc.a(_aeabi_ldivmod.o)
 .ARM.attributes
                0x000005cb       0x34 c:/freescale/kds_3.0.0/toolchain/bin/../lib/gcc/arm-none-eabi/4.8.4/armv7e-m/fpu\libgcc.a(bpabi.o)
 .ARM.attributes
                0x000005ff       0x22 c:/freescale/kds_3.0.0/toolchain/bin/../lib/gcc/arm-none-eabi/4.8.4/armv7e-m/fpu\libgcc.a(_dvmd_tls.o)
 .ARM.attributes
                0x00000621       0x34 c:/freescale/kds_3.0.0/toolchain/bin/../lib/gcc/arm-none-eabi/4.8.4/armv7e-m/fpu\libgcc.a(_divdi3.o)
 .ARM.attributes
                0x00000655       0x34 c:/freescale/kds_3.0.0/toolchain/bin/../lib/gcc/arm-none-eabi/4.8.4/armv7e-m/fpu\libgcc.a(_udivdi3.o)
 .ARM.attributes
                0x00000689       0x34 c:/freescale/kds_3.0.0/toolchain/bin/../lib/gcc/arm-none-eabi/4.8.4/../../../../arm-none-eabi/lib/armv7e-m/fpu\libg_s.a(lib_a-errno.o)
 .ARM.attributes
                0x000006bd       0x34 c:/freescale/kds_3.0.0/toolchain/bin/../lib/gcc/arm-none-eabi/4.8.4/../../../../arm-none-eabi/lib/armv7e-m/fpu\libg_s.a(lib_a-exit.o)
 .ARM.attributes
                0x000006f1       0x34 c:/freescale/kds_3.0.0/toolchain/bin/../lib/gcc/arm-none-eabi/4.8.4/../../../../arm-none-eabi/lib/armv7e-m/fpu\libg_s.a(lib_a-impure.o)
 .ARM.attributes
                0x00000725       0x34 c:/freescale/kds_3.0.0/toolchain/bin/../lib/gcc/arm-none-eabi/4.8.4/../../../../arm-none-eabi/lib/armv7e-m/fpu\libg_s.a(lib_a-init.o)
 .ARM.attributes
                0x00000759       0x34 c:/freescale/kds_3.0.0/toolchain/bin/../lib/gcc/arm-none-eabi/4.8.4/../../../../arm-none-eabi/lib/armv7e-m/fpu\libg_s.a(lib_a-memcpy-stub.o)
 .ARM.attributes
                0x0000078d       0x34 c:/freescale/kds_3.0.0/toolchain/bin/../lib/gcc/arm-none-eabi/4.8.4/../../../../arm-none-eabi/lib/armv7e-m/fpu\libg_s.a(lib_a-memset.o)
 .ARM.attributes
                0x000007c1       0x34 c:/freescale/kds_3.0.0/toolchain/bin/../lib/gcc/arm-none-eabi/4.8.4/../../../../arm-none-eabi/lib/armv7e-m/fpu\libnosys.a(_exit.o)
 .ARM.attributes
                0x000007f5       0x22 c:/freescale/kds_3.0.0/toolchain/bin/../lib/gcc/arm-none-eabi/4.8.4/armv7e-m/fpu/crtn.o
OUTPUT(Project.elf elf32-littlearm)

.debug_info     0x00000000     0x7aa7
 .debug_info    0x00000000      0x20b ./Sources/FIFO.o
 .debug_info    0x0000020b      0x797 ./Sources/FTM.o
 .debug_info    0x000009a2      0x671 ./Sources/Flash.o
 .debug_info    0x00001013      0x8fb ./Sources/I2C.o
 .debug_info    0x0000190e      0x490 ./Sources/LEDs.o
 .debug_info    0x00001d9e      0x5d0 ./Sources/PIT.o
 .debug_info    0x0000236e      0x632 ./Sources/RTC.o
 .debug_info    0x000029a0      0xa80 ./Sources/UART.o
 .debug_info    0x00003420      0x9af ./Sources/accel.o
 .debug_info    0x00003dcf      0xccc ./Sources/main.o
 .debug_info    0x00004a9b      0x2ff ./Sources/packet.o
 .debug_info    0x00004d9a      0x3b0 ./Project_Settings/Startup_Code/startup.o
 .debug_info    0x0000514a      0xc82 ./Generated_Code/Cpu.o
 .debug_info    0x00005dcc      0x10f ./Generated_Code/Vectors.o
 .debug_info    0x00005edb      0xd02 D:\Embedded Software US\es18aut13\Project\Library\libOS.a(OS.o)
 .debug_info    0x00006bdd      0x46a D:\Embedded Software US\es18aut13\Project\Library\libAnalog.a(analog.o)
 .debug_info    0x00007047      0xa60 D:\Embedded Software US\es18aut13\Project\Library\libAnalog.a(SPI.o)

.debug_abbrev   0x00000000     0x1bc4
 .debug_abbrev  0x00000000       0xce ./Sources/FIFO.o
 .debug_abbrev  0x000000ce      0x1d2 ./Sources/FTM.o
 .debug_abbrev  0x000002a0      0x1cc ./Sources/Flash.o
 .debug_abbrev  0x0000046c      0x1fb ./Sources/I2C.o
 .debug_abbrev  0x00000667      0x144 ./Sources/LEDs.o
 .debug_abbrev  0x000007ab      0x188 ./Sources/PIT.o
 .debug_abbrev  0x00000933      0x168 ./Sources/RTC.o
 .debug_abbrev  0x00000a9b      0x232 ./Sources/UART.o
 .debug_abbrev  0x00000ccd      0x207 ./Sources/accel.o
 .debug_abbrev  0x00000ed4      0x234 ./Sources/main.o
 .debug_abbrev  0x00001108       0xec ./Sources/packet.o
 .debug_abbrev  0x000011f4      0x189 ./Project_Settings/Startup_Code/startup.o
 .debug_abbrev  0x0000137d      0x185 ./Generated_Code/Cpu.o
 .debug_abbrev  0x00001502       0xa4 ./Generated_Code/Vectors.o
 .debug_abbrev  0x000015a6      0x2f8 D:\Embedded Software US\es18aut13\Project\Library\libOS.a(OS.o)
 .debug_abbrev  0x0000189e      0x151 D:\Embedded Software US\es18aut13\Project\Library\libAnalog.a(analog.o)
 .debug_abbrev  0x000019ef      0x1d5 D:\Embedded Software US\es18aut13\Project\Library\libAnalog.a(SPI.o)

.debug_aranges  0x00000000      0x570
 .debug_aranges
                0x00000000       0x30 ./Sources/FIFO.o
 .debug_aranges
                0x00000030       0x38 ./Sources/FTM.o
 .debug_aranges
                0x00000068       0x60 ./Sources/Flash.o
 .debug_aranges
                0x000000c8       0x70 ./Sources/I2C.o
 .debug_aranges
                0x00000138       0x38 ./Sources/LEDs.o
 .debug_aranges
                0x00000170       0x38 ./Sources/PIT.o
 .debug_aranges
                0x000001a8       0x38 ./Sources/RTC.o
 .debug_aranges
                0x000001e0       0x48 ./Sources/UART.o
 .debug_aranges
                0x00000228       0x38 ./Sources/accel.o
 .debug_aranges
                0x00000260       0xe8 ./Sources/main.o
 .debug_aranges
                0x00000348       0x30 ./Sources/packet.o
 .debug_aranges
                0x00000378       0x50 ./Project_Settings/Startup_Code/startup.o
 .debug_aranges
                0x000003c8       0x38 ./Generated_Code/Cpu.o
 .debug_aranges
                0x00000400       0x18 ./Generated_Code/Vectors.o
 .debug_aranges
                0x00000418       0xc8 D:\Embedded Software US\es18aut13\Project\Library\libOS.a(OS.o)
 .debug_aranges
                0x000004e0       0x38 D:\Embedded Software US\es18aut13\Project\Library\libAnalog.a(analog.o)
 .debug_aranges
                0x00000518       0x58 D:\Embedded Software US\es18aut13\Project\Library\libAnalog.a(SPI.o)

.debug_ranges   0x00000000      0x458
 .debug_ranges  0x00000000       0x20 ./Sources/FIFO.o
 .debug_ranges  0x00000020       0x28 ./Sources/FTM.o
 .debug_ranges  0x00000048       0x50 ./Sources/Flash.o
 .debug_ranges  0x00000098       0x60 ./Sources/I2C.o
 .debug_ranges  0x000000f8       0x28 ./Sources/LEDs.o
 .debug_ranges  0x00000120       0x28 ./Sources/PIT.o
 .debug_ranges  0x00000148       0x28 ./Sources/RTC.o
 .debug_ranges  0x00000170       0x38 ./Sources/UART.o
 .debug_ranges  0x000001a8       0x28 ./Sources/accel.o
 .debug_ranges  0x000001d0       0xd8 ./Sources/main.o
 .debug_ranges  0x000002a8       0x20 ./Sources/packet.o
 .debug_ranges  0x000002c8       0x40 ./Project_Settings/Startup_Code/startup.o
 .debug_ranges  0x00000308       0x28 ./Generated_Code/Cpu.o
 .debug_ranges  0x00000330       0xb8 D:\Embedded Software US\es18aut13\Project\Library\libOS.a(OS.o)
 .debug_ranges  0x000003e8       0x28 D:\Embedded Software US\es18aut13\Project\Library\libAnalog.a(analog.o)
 .debug_ranges  0x00000410       0x48 D:\Embedded Software US\es18aut13\Project\Library\libAnalog.a(SPI.o)

.debug_macro    0x00000000    0x1a981
 .debug_macro   0x00000000       0xb5 ./Sources/FIFO.o
 .debug_macro   0x000000b5       0x22 ./Sources/FIFO.o
 .debug_macro   0x000000d7       0x3c ./Sources/FIFO.o
 .debug_macro   0x00000113     0x1800 ./Sources/FIFO.o
 .debug_macro   0x00001913       0xaf ./Sources/FTM.o
 .debug_macro   0x000019c2       0x7c ./Sources/Flash.o
 .debug_macro   0x00001a3e       0x16 ./Sources/Flash.o
 .debug_macro   0x00001a54    0x174af ./Sources/Flash.o
 .debug_macro   0x00018f03       0x2e ./Sources/Flash.o
 .debug_macro   0x00018f31       0xb3 ./Sources/I2C.o
 .debug_macro   0x00018fe4       0x73 ./Sources/LEDs.o
 .debug_macro   0x00019057       0xc8 ./Sources/PIT.o
 .debug_macro   0x0001911f       0x10 ./Sources/PIT.o
 .debug_macro   0x0001912f       0xaf ./Sources/RTC.o
 .debug_macro   0x000191de       0xc3 ./Sources/UART.o
 .debug_macro   0x000192a1      0x217 ./Sources/accel.o
 .debug_macro   0x000194b8       0x9a ./Sources/accel.o
 .debug_macro   0x00019552      0x1fe ./Sources/main.o
 .debug_macro   0x00019750       0x10 ./Sources/main.o
 .debug_macro   0x00019760       0x3a ./Sources/main.o
 .debug_macro   0x0001979a       0x58 ./Sources/main.o
 .debug_macro   0x000197f2       0x35 ./Sources/main.o
 .debug_macro   0x00019827       0xa3 ./Sources/main.o
 .debug_macro   0x000198ca      0x166 ./Sources/main.o
 .debug_macro   0x00019a30       0x52 ./Sources/main.o
 .debug_macro   0x00019a82       0x16 ./Sources/main.o
 .debug_macro   0x00019a98       0x43 ./Sources/main.o
 .debug_macro   0x00019adb      0x180 ./Sources/main.o
 .debug_macro   0x00019c5b       0xde ./Sources/main.o
 .debug_macro   0x00019d39       0xc8 ./Sources/packet.o
 .debug_macro   0x00019e01      0x121 ./Project_Settings/Startup_Code/startup.o
 .debug_macro   0x00019f22       0x4a ./Project_Settings/Startup_Code/startup.o
 .debug_macro   0x00019f6c      0x2a6 ./Project_Settings/Startup_Code/startup.o
 .debug_macro   0x0001a212       0x10 ./Project_Settings/Startup_Code/startup.o
 .debug_macro   0x0001a222       0x35 ./Project_Settings/Startup_Code/startup.o
 .debug_macro   0x0001a257       0x16 ./Project_Settings/Startup_Code/startup.o
 .debug_macro   0x0001a26d       0x22 ./Project_Settings/Startup_Code/startup.o
 .debug_macro   0x0001a28f      0x20f ./Project_Settings/Startup_Code/startup.o
 .debug_macro   0x0001a49e       0x84 ./Generated_Code/Cpu.o
 .debug_macro   0x0001a522       0xa0 ./Generated_Code/Cpu.o
 .debug_macro   0x0001a5c2       0xeb ./Generated_Code/Vectors.o
 .debug_macro   0x0001a6ad       0xa3 D:\Embedded Software US\es18aut13\Project\Library\libOS.a(OS.o)
 .debug_macro   0x0001a750       0x94 D:\Embedded Software US\es18aut13\Project\Library\libOS.a(OS.o)
 .debug_macro   0x0001a7e4       0x30 D:\Embedded Software US\es18aut13\Project\Library\libOS.a(OS.o)
 .debug_macro   0x0001a814       0xf5 D:\Embedded Software US\es18aut13\Project\Library\libAnalog.a(analog.o)
 .debug_macro   0x0001a909       0x10 D:\Embedded Software US\es18aut13\Project\Library\libAnalog.a(analog.o)
 .debug_macro   0x0001a919       0x68 D:\Embedded Software US\es18aut13\Project\Library\libAnalog.a(SPI.o)

.debug_line     0x00000000     0x3866
 .debug_line    0x00000000      0x2c5 ./Sources/FIFO.o
 .debug_line    0x000002c5      0x307 ./Sources/FTM.o
 .debug_line    0x000005cc      0x2d3 ./Sources/Flash.o
 .debug_line    0x0000089f      0x3f9 ./Sources/I2C.o
 .debug_line    0x00000c98      0x225 ./Sources/LEDs.o
 .debug_line    0x00000ebd      0x332 ./Sources/PIT.o
 .debug_line    0x000011ef      0x2ea ./Sources/RTC.o
 .debug_line    0x000014d9      0x341 ./Sources/UART.o
 .debug_line    0x0000181a      0x329 ./Sources/accel.o
 .debug_line    0x00001b43      0x7d1 ./Sources/main.o
 .debug_line    0x00002314      0x2de ./Sources/packet.o
 .debug_line    0x000025f2      0x3d4 ./Project_Settings/Startup_Code/startup.o
 .debug_line    0x000029c6      0x27b ./Generated_Code/Cpu.o
 .debug_line    0x00002c41      0x2bc ./Generated_Code/Vectors.o
 .debug_line    0x00002efd      0x496 D:\Embedded Software US\es18aut13\Project\Library\libOS.a(OS.o)
 .debug_line    0x00003393      0x200 D:\Embedded Software US\es18aut13\Project\Library\libAnalog.a(analog.o)
 .debug_line    0x00003593      0x2d3 D:\Embedded Software US\es18aut13\Project\Library\libAnalog.a(SPI.o)

.debug_str      0x00000000    0x9023f
 .debug_str     0x00000000    0x8a694 ./Sources/FIFO.o
                              0x8a812 (size before relaxing)
 .debug_str     0x0008a694      0x3b0 ./Sources/FTM.o
                              0x8ab54 (size before relaxing)
 .debug_str     0x0008aa44      0x3a5 ./Sources/Flash.o
                              0x83119 (size before relaxing)
 .debug_str     0x0008ade9      0x222 ./Sources/I2C.o
                              0x8ab1a (size before relaxing)
 .debug_str     0x0008b00b       0xa6 ./Sources/LEDs.o
                              0x82eff (size before relaxing)
 .debug_str     0x0008b0b1      0x11e ./Sources/PIT.o
                              0x8a9f2 (size before relaxing)
 .debug_str     0x0008b1cf       0x9d ./Sources/RTC.o
                              0x8a97f (size before relaxing)
 .debug_str     0x0008b26c      0x235 ./Sources/UART.o
                              0x8abc4 (size before relaxing)
 .debug_str     0x0008b4a1      0xa39 ./Sources/accel.o
                              0x8b506 (size before relaxing)
 .debug_str     0x0008beda     0x2324 ./Sources/main.o
                              0x8d037 (size before relaxing)
 .debug_str     0x0008e1fe       0x4f ./Sources/packet.o
                              0x8aaa1 (size before relaxing)
 .debug_str     0x0008e24d     0x1147 ./Project_Settings/Startup_Code/startup.o
                              0x853f0 (size before relaxing)
 .debug_str     0x0008f394      0x1e3 ./Generated_Code/Cpu.o
                              0x8aa21 (size before relaxing)
 .debug_str     0x0008f577       0x1c ./Generated_Code/Vectors.o
                              0x8a7f1 (size before relaxing)
 .debug_str     0x0008f593      0x3ab D:\Embedded Software US\es18aut13\Project\Library\libOS.a(OS.o)
                              0x8ad2a (size before relaxing)
 .debug_str     0x0008f93e      0x564 D:\Embedded Software US\es18aut13\Project\Library\libAnalog.a(analog.o)
                               0x3866 (size before relaxing)
 .debug_str     0x0008fea2      0x39d D:\Embedded Software US\es18aut13\Project\Library\libAnalog.a(SPI.o)
                              0x83389 (size before relaxing)

.comment        0x00000000       0x70
 .comment       0x00000000       0x70 ./Sources/FIFO.o
                                 0x71 (size before relaxing)
 .comment       0x00000000       0x71 ./Sources/FTM.o
 .comment       0x00000000       0x71 ./Sources/Flash.o
 .comment       0x00000000       0x71 ./Sources/I2C.o
 .comment       0x00000000       0x71 ./Sources/LEDs.o
 .comment       0x00000000       0x71 ./Sources/PIT.o
 .comment       0x00000000       0x71 ./Sources/RTC.o
 .comment       0x00000000       0x71 ./Sources/UART.o
 .comment       0x00000000       0x71 ./Sources/accel.o
 .comment       0x00000000       0x71 ./Sources/main.o
 .comment       0x00000000       0x71 ./Sources/packet.o
 .comment       0x00000000       0x71 ./Project_Settings/Startup_Code/startup.o
 .comment       0x00000000       0x71 ./Generated_Code/Cpu.o
 .comment       0x00000000       0x71 ./Generated_Code/Vectors.o
 .comment       0x00000000       0x71 D:\Embedded Software US\es18aut13\Project\Library\libOS.a(OS.o)
 .comment       0x00000000       0x71 D:\Embedded Software US\es18aut13\Project\Library\libAnalog.a(analog.o)
 .comment       0x00000000       0x71 D:\Embedded Software US\es18aut13\Project\Library\libAnalog.a(SPI.o)

.debug_frame    0x00000000     0x11a8
 .debug_frame   0x00000000       0x70 ./Sources/FIFO.o
 .debug_frame   0x00000070       0x88 ./Sources/FTM.o
 .debug_frame   0x000000f8      0x128 ./Sources/Flash.o
 .debug_frame   0x00000220      0x148 ./Sources/I2C.o
 .debug_frame   0x00000368       0x7c ./Sources/LEDs.o
 .debug_frame   0x000003e4       0x8c ./Sources/PIT.o
 .debug_frame   0x00000470       0x8c ./Sources/RTC.o
 .debug_frame   0x000004fc       0xd4 ./Sources/UART.o
 .debug_frame   0x000005d0       0x94 ./Sources/accel.o
 .debug_frame   0x00000664      0x334 ./Sources/main.o
 .debug_frame   0x00000998       0x70 ./Sources/packet.o
 .debug_frame   0x00000a08       0xc0 ./Project_Settings/Startup_Code/startup.o
 .debug_frame   0x00000ac8       0x80 ./Generated_Code/Cpu.o
 .debug_frame   0x00000b48      0x2a0 D:\Embedded Software US\es18aut13\Project\Library\libOS.a(OS.o)
 .debug_frame   0x00000de8       0x90 D:\Embedded Software US\es18aut13\Project\Library\libAnalog.a(analog.o)
 .debug_frame   0x00000e78      0x100 D:\Embedded Software US\es18aut13\Project\Library\libAnalog.a(SPI.o)
 .debug_frame   0x00000f78       0x30 c:/freescale/kds_3.0.0/toolchain/bin/../lib/gcc/arm-none-eabi/4.8.4/../../../../arm-none-eabi/lib/armv7e-m/fpu\libm.a(lib_a-wf_sqrt.o)
 .debug_frame   0x00000fa8       0x2c c:/freescale/kds_3.0.0/toolchain/bin/../lib/gcc/arm-none-eabi/4.8.4/../../../../arm-none-eabi/lib/armv7e-m/fpu\libm.a(lib_a-ef_sqrt.o)
 .debug_frame   0x00000fd4       0x20 c:/freescale/kds_3.0.0/toolchain/bin/../lib/gcc/arm-none-eabi/4.8.4/../../../../arm-none-eabi/lib/armv7e-m/fpu\libm.a(lib_a-s_matherr.o)
 .debug_frame   0x00000ff4       0x20 c:/freescale/kds_3.0.0/toolchain/bin/../lib/gcc/arm-none-eabi/4.8.4/../../../../arm-none-eabi/lib/armv7e-m/fpu\libm.a(lib_a-sf_fpclassify.o)
 .debug_frame   0x00001014       0x50 c:/freescale/kds_3.0.0/toolchain/bin/../lib/gcc/arm-none-eabi/4.8.4/armv7e-m/fpu\libgcc.a(bpabi.o)
 .debug_frame   0x00001064       0x34 c:/freescale/kds_3.0.0/toolchain/bin/../lib/gcc/arm-none-eabi/4.8.4/armv7e-m/fpu\libgcc.a(_divdi3.o)
 .debug_frame   0x00001098       0x34 c:/freescale/kds_3.0.0/toolchain/bin/../lib/gcc/arm-none-eabi/4.8.4/armv7e-m/fpu\libgcc.a(_udivdi3.o)
 .debug_frame   0x000010cc       0x20 c:/freescale/kds_3.0.0/toolchain/bin/../lib/gcc/arm-none-eabi/4.8.4/../../../../arm-none-eabi/lib/armv7e-m/fpu\libg_s.a(lib_a-errno.o)
 .debug_frame   0x000010ec       0x28 c:/freescale/kds_3.0.0/toolchain/bin/../lib/gcc/arm-none-eabi/4.8.4/../../../../arm-none-eabi/lib/armv7e-m/fpu\libg_s.a(lib_a-exit.o)
 .debug_frame   0x00001114       0x2c c:/freescale/kds_3.0.0/toolchain/bin/../lib/gcc/arm-none-eabi/4.8.4/../../../../arm-none-eabi/lib/armv7e-m/fpu\libg_s.a(lib_a-init.o)
 .debug_frame   0x00001140       0x28 c:/freescale/kds_3.0.0/toolchain/bin/../lib/gcc/arm-none-eabi/4.8.4/../../../../arm-none-eabi/lib/armv7e-m/fpu\libg_s.a(lib_a-memcpy-stub.o)
 .debug_frame   0x00001168       0x20 c:/freescale/kds_3.0.0/toolchain/bin/../lib/gcc/arm-none-eabi/4.8.4/../../../../arm-none-eabi/lib/armv7e-m/fpu\libg_s.a(lib_a-memset.o)
 .debug_frame   0x00001188       0x20 c:/freescale/kds_3.0.0/toolchain/bin/../lib/gcc/arm-none-eabi/4.8.4/../../../../arm-none-eabi/lib/armv7e-m/fpu\libnosys.a(_exit.o)
