Archive member included because of file (symbol)

D:\Embedded Software US\es18aut13\Project\Library\libOS.a(OS.o)
                              ./Sources/main.o (OS_Init)
D:\Embedded Software US\es18aut13\Project\Library\libAnalog.a(analog.o)
                              ./Sources/main.o (Analog_Init)
D:\Embedded Software US\es18aut13\Project\Library\libAnalog.a(SPI.o)
                              D:\Embedded Software US\es18aut13\Project\Library\libAnalog.a(analog.o) (SPI_Init)
c:/freescale/kds_3.0.0/toolchain/bin/../lib/gcc/arm-none-eabi/4.8.4/../../../../arm-none-eabi/lib/armv7e-m/fpu\libm.a(lib_a-s_cos.o)
                              ./Sources/kiss_fft.o (cos)
c:/freescale/kds_3.0.0/toolchain/bin/../lib/gcc/arm-none-eabi/4.8.4/../../../../arm-none-eabi/lib/armv7e-m/fpu\libm.a(lib_a-s_floor.o)
                              ./Sources/kiss_fft.o (floor)
c:/freescale/kds_3.0.0/toolchain/bin/../lib/gcc/arm-none-eabi/4.8.4/../../../../arm-none-eabi/lib/armv7e-m/fpu\libm.a(lib_a-s_sin.o)
                              ./Sources/kiss_fft.o (sin)
c:/freescale/kds_3.0.0/toolchain/bin/../lib/gcc/arm-none-eabi/4.8.4/../../../../arm-none-eabi/lib/armv7e-m/fpu\libm.a(lib_a-w_sqrt.o)
                              ./Sources/kiss_fft.o (sqrt)
c:/freescale/kds_3.0.0/toolchain/bin/../lib/gcc/arm-none-eabi/4.8.4/../../../../arm-none-eabi/lib/armv7e-m/fpu\libm.a(lib_a-e_rem_pio2.o)
                              c:/freescale/kds_3.0.0/toolchain/bin/../lib/gcc/arm-none-eabi/4.8.4/../../../../arm-none-eabi/lib/armv7e-m/fpu\libm.a(lib_a-s_cos.o) (__ieee754_rem_pio2)
c:/freescale/kds_3.0.0/toolchain/bin/../lib/gcc/arm-none-eabi/4.8.4/../../../../arm-none-eabi/lib/armv7e-m/fpu\libm.a(lib_a-e_sqrt.o)
                              c:/freescale/kds_3.0.0/toolchain/bin/../lib/gcc/arm-none-eabi/4.8.4/../../../../arm-none-eabi/lib/armv7e-m/fpu\libm.a(lib_a-w_sqrt.o) (__ieee754_sqrt)
c:/freescale/kds_3.0.0/toolchain/bin/../lib/gcc/arm-none-eabi/4.8.4/../../../../arm-none-eabi/lib/armv7e-m/fpu\libm.a(lib_a-k_cos.o)
                              c:/freescale/kds_3.0.0/toolchain/bin/../lib/gcc/arm-none-eabi/4.8.4/../../../../arm-none-eabi/lib/armv7e-m/fpu\libm.a(lib_a-s_cos.o) (__kernel_cos)
c:/freescale/kds_3.0.0/toolchain/bin/../lib/gcc/arm-none-eabi/4.8.4/../../../../arm-none-eabi/lib/armv7e-m/fpu\libm.a(lib_a-k_rem_pio2.o)
                              c:/freescale/kds_3.0.0/toolchain/bin/../lib/gcc/arm-none-eabi/4.8.4/../../../../arm-none-eabi/lib/armv7e-m/fpu\libm.a(lib_a-e_rem_pio2.o) (__kernel_rem_pio2)
c:/freescale/kds_3.0.0/toolchain/bin/../lib/gcc/arm-none-eabi/4.8.4/../../../../arm-none-eabi/lib/armv7e-m/fpu\libm.a(lib_a-k_sin.o)
                              c:/freescale/kds_3.0.0/toolchain/bin/../lib/gcc/arm-none-eabi/4.8.4/../../../../arm-none-eabi/lib/armv7e-m/fpu\libm.a(lib_a-s_cos.o) (__kernel_sin)
c:/freescale/kds_3.0.0/toolchain/bin/../lib/gcc/arm-none-eabi/4.8.4/../../../../arm-none-eabi/lib/armv7e-m/fpu\libm.a(lib_a-s_fabs.o)
                              c:/freescale/kds_3.0.0/toolchain/bin/../lib/gcc/arm-none-eabi/4.8.4/../../../../arm-none-eabi/lib/armv7e-m/fpu\libm.a(lib_a-e_rem_pio2.o) (fabs)
c:/freescale/kds_3.0.0/toolchain/bin/../lib/gcc/arm-none-eabi/4.8.4/../../../../arm-none-eabi/lib/armv7e-m/fpu\libm.a(lib_a-s_fpclassify.o)
                              c:/freescale/kds_3.0.0/toolchain/bin/../lib/gcc/arm-none-eabi/4.8.4/../../../../arm-none-eabi/lib/armv7e-m/fpu\libm.a(lib_a-w_sqrt.o) (__fpclassifyd)
c:/freescale/kds_3.0.0/toolchain/bin/../lib/gcc/arm-none-eabi/4.8.4/../../../../arm-none-eabi/lib/armv7e-m/fpu\libm.a(lib_a-s_lib_ver.o)
                              c:/freescale/kds_3.0.0/toolchain/bin/../lib/gcc/arm-none-eabi/4.8.4/../../../../arm-none-eabi/lib/armv7e-m/fpu\libm.a(lib_a-w_sqrt.o) (__fdlib_version)
c:/freescale/kds_3.0.0/toolchain/bin/../lib/gcc/arm-none-eabi/4.8.4/../../../../arm-none-eabi/lib/armv7e-m/fpu\libm.a(lib_a-s_matherr.o)
                              c:/freescale/kds_3.0.0/toolchain/bin/../lib/gcc/arm-none-eabi/4.8.4/../../../../arm-none-eabi/lib/armv7e-m/fpu\libm.a(lib_a-w_sqrt.o) (matherr)
c:/freescale/kds_3.0.0/toolchain/bin/../lib/gcc/arm-none-eabi/4.8.4/../../../../arm-none-eabi/lib/armv7e-m/fpu\libm.a(lib_a-s_scalbn.o)
                              c:/freescale/kds_3.0.0/toolchain/bin/../lib/gcc/arm-none-eabi/4.8.4/../../../../arm-none-eabi/lib/armv7e-m/fpu\libm.a(lib_a-k_rem_pio2.o) (scalbn)
c:/freescale/kds_3.0.0/toolchain/bin/../lib/gcc/arm-none-eabi/4.8.4/../../../../arm-none-eabi/lib/armv7e-m/fpu\libm.a(lib_a-s_copysign.o)
                              c:/freescale/kds_3.0.0/toolchain/bin/../lib/gcc/arm-none-eabi/4.8.4/../../../../arm-none-eabi/lib/armv7e-m/fpu\libm.a(lib_a-s_scalbn.o) (copysign)
c:/freescale/kds_3.0.0/toolchain/bin/../lib/gcc/arm-none-eabi/4.8.4/armv7e-m/fpu\libgcc.a(_arm_addsubdf3.o)
[...]
Memory Configuration

Name             Origin             Length             Attributes
m_interrupts     0x00000000         0x000001e8         xr
m_text           0x00000410         0x0007fbf0         xr
m_data           0x1fff0000         0x00010000         rw
m_data_20000000  0x20000000         0x00010000         rw
m_cfmprotrom     0x00000400         0x00000010         xr
*default*        0x00000000         0xffffffff

Linker script and memory map

LOAD c:/freescale/kds_3.0.0/toolchain/bin/../lib/gcc/arm-none-eabi/4.8.4/armv7e-m/fpu/crti.o
LOAD c:/freescale/kds_3.0.0/toolchain/bin/../lib/gcc/arm-none-eabi/4.8.4/armv7e-m/fpu/crtbegin.o
LOAD c:/freescale/kds_3.0.0/toolchain/bin/../lib/gcc/arm-none-eabi/4.8.4/../../../../arm-none-eabi/lib/armv7e-m/fpu/crt0.o
LOAD ./Sources/Events.o
LOAD ./Sources/FIFO.o
LOAD ./Sources/FTM.o
LOAD ./Sources/Flash.o
LOAD ./Sources/I2C.o
LOAD ./Sources/LEDs.o
LOAD ./Sources/PIT.o
LOAD ./Sources/RTC.o
LOAD ./Sources/UART.o
LOAD ./Sources/accel.o
LOAD ./Sources/kiss_fft.o
LOAD ./Sources/kiss_fftr.o
LOAD ./Sources/main.o
LOAD ./Sources/main_sample.o
LOAD ./Sources/median.o
LOAD ./Sources/packet.o
LOAD ./Project_Settings/Startup_Code/startup.o
LOAD ./Generated_Code/Cpu.o
LOAD ./Generated_Code/Vectors.o
LOAD D:\Embedded Software US\es18aut13\Project\Library\libOS.a
LOAD D:\Embedded Software US\es18aut13\Project\Library\libAnalog.a
LOAD c:/freescale/kds_3.0.0/toolchain/bin/../lib/gcc/arm-none-eabi/4.8.4/../../../../arm-none-eabi/lib/armv7e-m/fpu\libstdc++_s.a
LOAD c:/freescale/kds_3.0.0/toolchain/bin/../lib/gcc/arm-none-eabi/4.8.4/../../../../arm-none-eabi/lib/armv7e-m/fpu\libm.a
START GROUP
LOAD c:/freescale/kds_3.0.0/toolchain/bin/../lib/gcc/arm-none-eabi/4.8.4/armv7e-m/fpu\libgcc.a
LOAD c:/freescale/kds_3.0.0/toolchain/bin/../lib/gcc/arm-none-eabi/4.8.4/../../../../arm-none-eabi/lib/armv7e-m/fpu\libg_s.a
LOAD c:/freescale/kds_3.0.0/toolchain/bin/../lib/gcc/arm-none-eabi/4.8.4/../../../../arm-none-eabi/lib/armv7e-m/fpu\libc_s.a
END GROUP
START GROUP
LOAD c:/freescale/kds_3.0.0/toolchain/bin/../lib/gcc/arm-none-eabi/4.8.4/armv7e-m/fpu\libgcc.a
LOAD c:/freescale/kds_3.0.0/toolchain/bin/../lib/gcc/arm-none-eabi/4.8.4/../../../../arm-none-eabi/lib/armv7e-m/fpu\libc_s.a
LOAD c:/freescale/kds_3.0.0/toolchain/bin/../lib/gcc/arm-none-eabi/4.8.4/../../../../arm-none-eabi/lib/armv7e-m/fpu\libnosys.a
END GROUP
START GROUP
LOAD c:/freescale/kds_3.0.0/toolchain/bin/../lib/gcc/arm-none-eabi/4.8.4/armv7e-m/fpu\libgcc.a
LOAD c:/freescale/kds_3.0.0/toolchain/bin/../lib/gcc/arm-none-eabi/4.8.4/../../../../arm-none-eabi/lib/armv7e-m/fpu\libc_s.a
LOAD c:/freescale/kds_3.0.0/toolchain/bin/../lib/gcc/arm-none-eabi/4.8.4/../../../../arm-none-eabi/lib/armv7e-m/fpu\libnosys.a
END GROUP
LOAD c:/freescale/kds_3.0.0/toolchain/bin/../lib/gcc/arm-none-eabi/4.8.4/armv7e-m/fpu/crtend.o
LOAD c:/freescale/kds_3.0.0/toolchain/bin/../lib/gcc/arm-none-eabi/4.8.4/armv7e-m/fpu/crtn.o
                0x20000000                _estack = 0x20000000
                0x20000000                __SP_INIT = _estack
                0x20000000                __stack = _estack
                0x00000000                __heap_size = 0x0
                0x00000400                __stack_size = 0x400

.interrupts     0x00000000      0x1e8
                0x00000000                __vector_table = .
                0x00000000                . = ALIGN (0x4)
 *(.vectortable)
 .vectortable   0x00000000      0x1e8 ./Generated_Code/Vectors.o
                0x00000000                __vect_table
                0x000001e8                . = ALIGN (0x4)

.cfmprotect     0x00000400       0x10
                0x00000400                . = ALIGN (0x4)
 *(.cfmconfig)
 .cfmconfig     0x00000400       0x10 ./Generated_Code/Cpu.o
                0x00000400                _cfm
                0x00000410                . = ALIGN (0x4)

.text           0x00000410     0xa8a8
                0x00000410                . = ALIGN (0x4)
 *(.text)
 .text          0x00000410       0x54 c:/freescale/kds_3.0.0/toolchain/bin/../lib/gcc/arm-none-eabi/4.8.4/armv7e-m/fpu/crtbegin.o
 .text          0x00000464       0x74 c:/freescale/kds_3.0.0/toolchain/bin/../lib/gcc/arm-none-eabi/4.8.4/../../../../arm-none-eabi/lib/armv7e-m/fpu/crt0.o
                0x00000464                _start
                0x00000464                _mainCRTStartup
 .text          0x000004d8      0x370 c:/freescale/kds_3.0.0/toolchain/bin/../lib/gcc/arm-none-eabi/4.8.4/armv7e-m/fpu\libgcc.a(_arm_addsubdf3.o)
                0x000004d8                __aeabi_drsub
                0x000004e0                __aeabi_dsub
                0x000004e0                __subdf3
                0x000004e4                __aeabi_dadd
                0x000004e4                __adddf3
                0x0000075c                __floatunsidf
                0x0000075c                __aeabi_ui2d
                0x0000077c                __floatsidf
                0x0000077c                __aeabi_i2d
                0x000007a0                __aeabi_f2d
                0x000007a0                __extendsfdf2
                0x000007dc                __floatundidf
                0x000007dc                __aeabi_ul2d
                0x000007ec                __floatdidf
                0x000007ec                __aeabi_l2d
 .text          0x00000848      0x424 c:/freescale/kds_3.0.0/toolchain/bin/../lib/gcc/arm-none-eabi/4.8.4/armv7e-m/fpu\libgcc.a(_arm_muldivdf3.o)
                0x00000848                __aeabi_dmul
                0x00000848                __muldf3
                0x00000a9c                __divdf3
                0x00000a9c                __aeabi_ddiv
 .text          0x00000c6c      0x110 c:/freescale/kds_3.0.0/toolchain/bin/../lib/gcc/arm-none-eabi/4.8.4/armv7e-m/fpu\libgcc.a(_arm_cmpdf2.o)
                0x00000c6c                __gtdf2
                0x00000c6c                __gedf2
                0x00000c74                __ltdf2
                0x00000c74                __ledf2
                0x00000c7c                __nedf2
                0x00000c7c                __eqdf2
                0x00000c7c                __cmpdf2
                0x00000cf8                __aeabi_cdrcmple
                0x00000d08                __aeabi_cdcmpeq
                0x00000d08                __aeabi_cdcmple
                0x00000d18                __aeabi_dcmpeq
                0x00000d2c                __aeabi_dcmplt
                0x00000d40                __aeabi_dcmple
                0x00000d54                __aeabi_dcmpge
                0x00000d68                __aeabi_dcmpgt
 .text          0x00000d7c       0x50 c:/freescale/kds_3.0.0/toolchain/bin/../lib/gcc/arm-none-eabi/4.8.4/armv7e-m/fpu\libgcc.a(_arm_fixdfsi.o)
                0x00000d7c                __aeabi_d2iz
                0x00000d7c                __fixdfsi
 .text          0x00000dcc       0x38 c:/freescale/kds_3.0.0/toolchain/bin/../lib/gcc/arm-none-eabi/4.8.4/armv7e-m/fpu\libgcc.a(_aeabi_ldivmod.o)
                0x00000dcc                __aeabi_ldivmod
 .text          0x00000e04       0x2c c:/freescale/kds_3.0.0/toolchain/bin/../lib/gcc/arm-none-eabi/4.8.4/armv7e-m/fpu\libgcc.a(_aeabi_uldivmod.o)
                0x00000e04                __aeabi_uldivmod
 .text          0x00000e30       0x60 c:/freescale/kds_3.0.0/toolchain/bin/../lib/gcc/arm-none-eabi/4.8.4/armv7e-m/fpu\libgcc.a(bpabi.o)
                0x00000e30                __gnu_ldivmod_helper
                0x00000e60                __gnu_uldivmod_helper
 .text          0x00000e90        0x4 c:/freescale/kds_3.0.0/toolchain/bin/../lib/gcc/arm-none-eabi/4.8.4/armv7e-m/fpu\libgcc.a(_dvmd_tls.o)
                0x00000e90                __aeabi_idiv0
                0x00000e90                __aeabi_ldiv0
 .text          0x00000e94      0x298 c:/freescale/kds_3.0.0/toolchain/bin/../lib/gcc/arm-none-eabi/4.8.4/armv7e-m/fpu\libgcc.a(_divdi3.o)
                0x00000e94                __divdi3
 .text          0x0000112c      0x284 c:/freescale/kds_3.0.0/toolchain/bin/../lib/gcc/arm-none-eabi/4.8.4/armv7e-m/fpu\libgcc.a(_udivdi3.o)
                0x0000112c                __udivdi3
 *(.text*)
 .text.FIFO_Init
                0x000013b0       0x38 ./Sources/FIFO.o
                0x000013b0                FIFO_Init
 .text.FIFO_Put
                0x000013e8       0x58 ./Sources/FIFO.o
                0x000013e8                FIFO_Put
 .text.FIFO_Get
                0x00001440       0x58 ./Sources/FIFO.o
                0x00001440                FIFO_Get
 .text.FTM_Init
                0x00001498       0xfc ./Sources/FTM.o
                0x00001498                FTM_Init
 .text.FTM_Set  0x00001594       0xe4 ./Sources/FTM.o
                0x00001594                FTM_Set
 .text.FTM_StartTimer
                0x00001678       0x78 ./Sources/FTM.o
                0x00001678                FTM_StartTimer
 .text.FTM0_ISR
                0x000016f0       0x98 ./Sources/FTM.o
                0x000016f0                FTM0_ISR
 .text.Write32  0x00001788       0x58 ./Sources/Flash.o
 .text.Write16  0x000017e0       0x60 ./Sources/Flash.o
 .text.Write8   0x00001840       0x60 ./Sources/Flash.o
 .text.LaunchCommand
                0x000018a0       0xa4 ./Sources/Flash.o
 .text.Flash_Init
                0x00001944       0x4c ./Sources/Flash.o
                0x00001944                Flash_Init
 .text.Flash_AllocateVar
                0x00001990       0x90 ./Sources/Flash.o
                0x00001990                Flash_AllocateVar
 .text.Flash_Erase
                0x00001a20       0x3c ./Sources/Flash.o
                0x00001a20                Flash_Erase
 .text.WritePhrase
                0x00001a5c       0xec ./Sources/Flash.o
 .text.EraseSector
                0x00001b48       0x38 ./Sources/Flash.o
 .text.Flash_Write
                0x00001b80       0x78 ./Sources/Flash.o
                0x00001b80                Flash_Write
 .text._FB      0x00001bf8       0x34 ./Sources/Flash.o
                0x00001bf8                _FB
 .text._FH      0x00001c2c       0x34 ./Sources/Flash.o
                0x00001c2c                _FH
 .text.Flash_ISR
                0x00001c60       0x40 ./Sources/Flash.o
                0x00001c60                Flash_ISR
 .text.StopCondition
                0x00001ca0       0x20 ./Sources/I2C.o
 .text.RepeatCondition
                0x00001cc0       0x20 ./Sources/I2C.o
 .text.I2C_ISR  0x00001ce0      0x1ac ./Sources/I2C.o
                0x00001ce0                I2C_ISR
 .text.LEDs_Init
                0x00001e8c       0xd4 ./Sources/LEDs.o
                0x00001e8c                LEDs_Init
 .text.LEDs_On  0x00001f60       0x24 ./Sources/LEDs.o
                0x00001f60                LEDs_On
 .text.LEDs_Off
                0x00001f84       0x24 ./Sources/LEDs.o
                0x00001f84                LEDs_Off
 .text.LEDs_Toggle
                0x00001fa8       0x24 ./Sources/LEDs.o
                0x00001fa8                LEDs_Toggle
 .text.PIT_Init
                0x00001fcc       0xdc ./Sources/PIT.o
                0x00001fcc                PIT_Init
 .text.PIT_Set  0x000020a8       0x5c ./Sources/PIT.o
                0x000020a8                PIT_Set
 .text.PIT_Enable
                0x00002104       0x40 ./Sources/PIT.o
                0x00002104                PIT_Enable
 .text.PIT_ISR  0x00002144       0x48 ./Sources/PIT.o
                0x00002144                PIT_ISR
 .text.RTC_Init
                0x0000218c       0xe8 ./Sources/RTC.o
                0x0000218c                RTC_Init
 .text.RTC_Set  0x00002274       0x5c ./Sources/RTC.o
                0x00002274                RTC_Set
 .text.RTC_Get  0x000022d0       0x9c ./Sources/RTC.o
                0x000022d0                RTC_Get
 .text.RTC_ISR  0x0000236c       0x2c ./Sources/RTC.o
                0x0000236c                RTC_ISR
 .text.RxUARTThread
                0x00002398       0x30 ./Sources/UART.o
 .text.TxUARTThread
                0x000023c8       0x50 ./Sources/UART.o
 .text.UART_Init
                0x00002418      0x1c8 ./Sources/UART.o
                0x00002418                UART_Init
 .text.UART_InChar
                0x000025e0       0x1c ./Sources/UART.o
                0x000025e0                UART_InChar
 .text.UART_OutChar
                0x000025fc       0x34 ./Sources/UART.o
                0x000025fc                UART_OutChar
 .text.UART_ISR
                0x00002630       0x94 ./Sources/UART.o
                0x00002630                UART_ISR
 .text.AccelDataReady_ISR
                0x000026c4       0x48 ./Sources/accel.o
                0x000026c4                AccelDataReady_ISR
 .text.kf_bfly2
                0x0000270c      0x2c4 ./Sources/kiss_fft.o
 .text.kf_bfly4
                0x000029d0      0x910 ./Sources/kiss_fft.o
 .text.kf_bfly3
                0x000032e0      0x5b4 ./Sources/kiss_fft.o
 .text.kf_bfly5
                0x00003894      0xf08 ./Sources/kiss_fft.o
 .text.kf_bfly_generic
                0x0000479c      0x2e0 ./Sources/kiss_fft.o
 .text.kf_work  0x00004a7c      0x118 ./Sources/kiss_fft.o
 .text.kf_factor
                0x00004b94       0xb8 ./Sources/kiss_fft.o
 *fill*         0x00004c4c        0x4 
 .text.kiss_fft_alloc
                0x00004c50      0x1c0 ./Sources/kiss_fft.o
                0x00004c50                kiss_fft_alloc
 .text.kiss_fft_stride
                0x00004e10       0x70 ./Sources/kiss_fft.o
                0x00004e10                kiss_fft_stride
 .text.kiss_fft
                0x00004e80       0x20 ./Sources/kiss_fft.o
                0x00004e80                kiss_fft
 .text.kiss_fftr_alloc
                0x00004ea0      0x220 ./Sources/kiss_fftr.o
                0x00004ea0                kiss_fftr_alloc
 .text.kiss_fftr
                0x000050c0      0x4a0 ./Sources/kiss_fftr.o
                0x000050c0                kiss_fftr
 .text.FastSqrt
                0x00005560       0x68 ./Sources/main.o
                0x00005560                FastSqrt
 .text.UpdateRMSFast
                0x000055c8       0xcc ./Sources/main.o
                0x000055c8                UpdateRMSFast
 .text.ProtectedUint16Get
                0x00005694       0x28 ./Sources/main.o
                0x00005694                ProtectedUint16Get
 .text.ProtectedUint16Put
                0x000056bc       0x28 ./Sources/main.o
                0x000056bc                ProtectedUint16Put
 .text.ProtectedUint32Get
                0x000056e4       0x28 ./Sources/main.o
                0x000056e4                ProtectedUint32Get
 .text.ProtectedUint32Put
                0x0000570c       0x28 ./Sources/main.o
                0x0000570c                ProtectedUint32Put
 .text.ProtectedAnalogPut
                0x00005734       0x34 ./Sources/main.o
                0x00005734                ProtectedAnalogPut
 .text.ProtectedFFTPut
                0x00005768       0x5c ./Sources/main.o
                0x00005768                ProtectedFFTPut
 .text.ProtectedFFTGet
                0x000057c4       0x68 ./Sources/main.o
                0x000057c4                ProtectedFFTGet
 .text.ProtectedCheckFlagsOff
                0x0000582c       0x6c ./Sources/main.o
                0x0000582c                ProtectedCheckFlagsOff
 .text.ProtectedFlagUpdate
                0x00005898       0x28 ./Sources/main.o
                0x00005898                ProtectedFlagUpdate
 .text.HandleTowerStartup
                0x000058c0       0x80 ./Sources/main.o
                0x000058c0                HandleTowerStartup
 .text.HandleTowerVersion
                0x00005940       0x28 ./Sources/main.o
                0x00005940                HandleTowerVersion
 .text.HandleTowerNumber
                0x00005968       0x6c ./Sources/main.o
                0x00005968                HandleTowerNumber
 .text.HandleTowerProgramByte
                0x000059d4       0x58 ./Sources/main.o
                0x000059d4                HandleTowerProgramByte
 .text.HandleTowerReadByte
                0x00005a2c       0x4c ./Sources/main.o
                0x00005a2c                HandleTowerReadByte
 .text.HandleTowerMode
                0x00005a78       0x6c ./Sources/main.o
                0x00005a78                HandleTowerMode
 .text.HandleTowerSetTime
                0x00005ae4       0x40 ./Sources/main.o
                0x00005ae4                HandleTowerSetTime
 .text.HandleTowerTimingMode
                0x00005b24       0xa8 ./Sources/main.o
                0x00005b24                HandleTowerTimingMode
 .text.HandleTowerRaises
                0x00005bcc       0x74 ./Sources/main.o
                0x00005bcc                HandleTowerRaises
 .text.HandleTowerLowers
                0x00005c40       0x74 ./Sources/main.o
                0x00005c40                HandleTowerLowers
 .text.HandleTowerFrequency
                0x00005cb4       0x8c ./Sources/main.o
                0x00005cb4                HandleTowerFrequency
 .text.HandleTowerVoltage
                0x00005d40       0x6c ./Sources/main.o
                0x00005d40                HandleTowerVoltage
 .text.HandleTowerHarmonic
                0x00005dac       0x4c ./Sources/main.o
                0x00005dac                HandleTowerHarmonic
 .text.ReceivedPacket
                0x00005df8      0x1ac ./Sources/main.o
                0x00005df8                ReceivedPacket
 .text.ADCReadCallback
                0x00005fa4      0x2a4 ./Sources/main.o
                0x00005fa4                ADCReadCallback
 .text.TowerInit
                0x00006248      0x230 ./Sources/main.o
                0x00006248                TowerInit
 .text.InitModulesThread
                0x00006478      0x1a4 ./Sources/main.o
 .text.PacketThread
                0x0000661c       0x5c ./Sources/main.o
 .text.RTCThread
                0x00006678       0x44 ./Sources/main.o
 .text.LogRaisesThread
                0x000066bc       0x64 ./Sources/main.o
 .text.LogLowersThread
                0x00006720       0x64 ./Sources/main.o
 .text.FrequencyTrackThread
                0x00006784       0x4c ./Sources/main.o
 .text.FrequencyCalculateThread
                0x000067d0      0x2e8 ./Sources/main.o
 .text.RMSThread
                0x00006ab8      0x420 ./Sources/main.o
                0x00006ab8                RMSThread
 .text.FTMLEDsOffThread
                0x00006ed8       0x24 ./Sources/main.o
 .text.FFTThread
                0x00006efc       0xa4 ./Sources/main.o
 .text.main     0x00006fa0      0x148 ./Sources/main.o
                0x00006fa0                main
 .text.Packet_Init
                0x000070e8       0x2c ./Sources/packet.o
                0x000070e8                Packet_Init
 .text.Packet_Get
                0x00007114       0x6c ./Sources/packet.o
                0x00007114                Packet_Get
 .text.Packet_Put
                0x00007180       0x70 ./Sources/packet.o
                0x00007180                Packet_Put
 .text.__copy_rom_section
                0x000071f0       0xe4 ./Project_Settings/Startup_Code/startup.o
                0x000071f0                __copy_rom_section
 .text.__copy_rom_sections_to_ram
                0x000072d4       0x9c ./Project_Settings/Startup_Code/startup.o
                0x000072d4                __copy_rom_sections_to_ram
 .text.__init_registers
                0x00007370       0x20 ./Project_Settings/Startup_Code/startup.o
                0x00007370                __init_registers
 .text.__init_user
                0x00007390        0xc ./Project_Settings/Startup_Code/startup.o
                0x00007390                __init_user
 .text.__thumb_startup
                0x0000739c       0x34 ./Project_Settings/Startup_Code/startup.o
                0x0000739c                __thumb_startup
 .text.Cpu_Interrupt
                0x000073d0       0x18 ./Generated_Code/Cpu.o
                0x000073d0                Cpu_Interrupt
 .text.__init_hardware
                0x000073e8      0x1cc ./Generated_Code/Cpu.o
                0x000073e8                __init_hardware
 .text.Cpu_SetBASEPRI
                0x000075b4       0x18 ./Generated_Code/Cpu.o
                0x000075b4                Cpu_SetBASEPRI
 .text.PE_low_level_init
                0x000075cc       0xe4 ./Generated_Code/Cpu.o
                0x000075cc                PE_low_level_init
 .text.OS_Init  0x000076b0      0x110 D:\Embedded Software US\es18aut13\Project\Library\libOS.a(OS.o)
                0x000076b0                OS_Init
 .text.OS_ISREnter
                0x000077c0       0x20 D:\Embedded Software US\es18aut13\Project\Library\libOS.a(OS.o)
                0x000077c0                OS_ISREnter
 .text.OS_ISRExit
                0x000077e0       0x1c D:\Embedded Software US\es18aut13\Project\Library\libOS.a(OS.o)
                0x000077e0                OS_ISRExit
 .text.OS_SemaphoreCreate
                0x000077fc       0x90 D:\Embedded Software US\es18aut13\Project\Library\libOS.a(OS.o)
                0x000077fc                OS_SemaphoreCreate
 .text.OS_SemaphoreSignal
                0x0000788c       0x44 D:\Embedded Software US\es18aut13\Project\Library\libOS.a(OS.o)
                0x0000788c                OS_SemaphoreSignal
 .text.OS_SemaphoreWait
                0x000078d0       0x58 D:\Embedded Software US\es18aut13\Project\Library\libOS.a(OS.o)
                0x000078d0                OS_SemaphoreWait
 .text.OS_Start
                0x00007928       0x10 D:\Embedded Software US\es18aut13\Project\Library\libOS.a(OS.o)
                0x00007928                OS_Start
 .text.OS_ThreadCreate
                0x00007938      0x160 D:\Embedded Software US\es18aut13\Project\Library\libOS.a(OS.o)
                0x00007938                OS_ThreadCreate
 .text.OS_ThreadDelete
                0x00007a98      0x18c D:\Embedded Software US\es18aut13\Project\Library\libOS.a(OS.o)
                0x00007a98                OS_ThreadDelete
 .text.EventThreadReady
                0x00007c24       0x68 D:\Embedded Software US\es18aut13\Project\Library\libOS.a(OS.o)
 .text.EventThreadWait
                0x00007c8c       0x64 D:\Embedded Software US\es18aut13\Project\Library\libOS.a(OS.o)
 .text.EventTimeout
                0x00007cf0       0x40 D:\Embedded Software US\es18aut13\Project\Library\libOS.a(OS.o)
 .text.Idle     0x00007d30       0x18 D:\Embedded Software US\es18aut13\Project\Library\libOS.a(OS.o)
 .text.FindFirstSet
                0x00007d48       0x44 D:\Embedded Software US\es18aut13\Project\Library\libOS.a(OS.o)
 .text.Schedule
                0x00007d8c       0x64 D:\Embedded Software US\es18aut13\Project\Library\libOS.a(OS.o)
 .text.TCBInit  0x00007df0       0xcc D:\Embedded Software US\es18aut13\Project\Library\libOS.a(OS.o)
 .text.TimeTick
                0x00007ebc       0x74 D:\Embedded Software US\es18aut13\Project\Library\libOS.a(OS.o)
 .text.OS_ContextSwitchISR
                0x00007f30       0x70 D:\Embedded Software US\es18aut13\Project\Library\libOS.a(OS.o)
                0x00007f30                OS_ContextSwitchISR
 .text.OS_SysTickISR
                0x00007fa0       0x5c D:\Embedded Software US\es18aut13\Project\Library\libOS.a(OS.o)
                0x00007fa0                OS_SysTickISR
 .text.DACWrite
                0x00007ffc       0x6c D:\Embedded Software US\es18aut13\Project\Library\libAnalog.a(analog.o)
 .text.Analog_Init
                0x00008068       0x7c D:\Embedded Software US\es18aut13\Project\Library\libAnalog.a(analog.o)
                0x00008068                Analog_Init
 .text.Analog_Get
                0x000080e4       0x78 D:\Embedded Software US\es18aut13\Project\Library\libAnalog.a(analog.o)
                0x000080e4                Analog_Get
 .text.Analog_Put
                0x0000815c       0x50 D:\Embedded Software US\es18aut13\Project\Library\libAnalog.a(analog.o)
                0x0000815c                Analog_Put
 .text.InitChipSelectPins
                0x000081ac       0x6c D:\Embedded Software US\es18aut13\Project\Library\libAnalog.a(SPI.o)
 .text.SetupModuleConfigurationRegister
                0x00008218      0x104 D:\Embedded Software US\es18aut13\Project\Library\libAnalog.a(SPI.o)
 .text.SetBaudRate
                0x0000831c      0x15c D:\Embedded Software US\es18aut13\Project\Library\libAnalog.a(SPI.o)
 .text.SetDelayAfterTransfer
                0x00008478      0x168 D:\Embedded Software US\es18aut13\Project\Library\libAnalog.a(SPI.o)
 .text.SetupClockAndTransferAttributesRegister
                0x000085e0      0x16c D:\Embedded Software US\es18aut13\Project\Library\libAnalog.a(SPI.o)
 .text.SPI_Init
                0x0000874c       0x90 D:\Embedded Software US\es18aut13\Project\Library\libAnalog.a(SPI.o)
                0x0000874c                SPI_Init
 .text.SPI_SelectSlaveDevice
                0x000087dc       0x6c D:\Embedded Software US\es18aut13\Project\Library\libAnalog.a(SPI.o)
                0x000087dc                SPI_SelectSlaveDevice
 .text.SPI_Exchange
                0x00008848       0x94 D:\Embedded Software US\es18aut13\Project\Library\libAnalog.a(SPI.o)
                0x00008848                SPI_Exchange
 *fill*         0x000088dc        0x4 
 .text.cos      0x000088e0       0xa8 c:/freescale/kds_3.0.0/toolchain/bin/../lib/gcc/arm-none-eabi/4.8.4/../../../../arm-none-eabi/lib/armv7e-m/fpu\libm.a(lib_a-s_cos.o)
                0x000088e0                cos
 .text.floor    0x00008988      0x138 c:/freescale/kds_3.0.0/toolchain/bin/../lib/gcc/arm-none-eabi/4.8.4/../../../../arm-none-eabi/lib/armv7e-m/fpu\libm.a(lib_a-s_floor.o)
                0x00008988                floor
 .text.sin      0x00008ac0       0xb0 c:/freescale/kds_3.0.0/toolchain/bin/../lib/gcc/arm-none-eabi/4.8.4/../../../../arm-none-eabi/lib/armv7e-m/fpu\libm.a(lib_a-s_sin.o)
                0x00008ac0                sin
 .text.sqrt     0x00008b70       0xbc c:/freescale/kds_3.0.0/toolchain/bin/../lib/gcc/arm-none-eabi/4.8.4/../../../../arm-none-eabi/lib/armv7e-m/fpu\libm.a(lib_a-w_sqrt.o)
                0x00008b70                sqrt
 *fill*         0x00008c2c        0x4 
 .text.__ieee754_rem_pio2
                0x00008c30      0x450 c:/freescale/kds_3.0.0/toolchain/bin/../lib/gcc/arm-none-eabi/4.8.4/../../../../arm-none-eabi/lib/armv7e-m/fpu\libm.a(lib_a-e_rem_pio2.o)
                0x00008c30                __ieee754_rem_pio2
 .text.__ieee754_sqrt
                0x00009080      0x198 c:/freescale/kds_3.0.0/toolchain/bin/../lib/gcc/arm-none-eabi/4.8.4/../../../../arm-none-eabi/lib/armv7e-m/fpu\libm.a(lib_a-e_sqrt.o)
                0x00009080                __ieee754_sqrt
 .text.__kernel_cos
                0x00009218      0x280 c:/freescale/kds_3.0.0/toolchain/bin/../lib/gcc/arm-none-eabi/4.8.4/../../../../arm-none-eabi/lib/armv7e-m/fpu\libm.a(lib_a-k_cos.o)
                0x00009218                __kernel_cos
 .text.__kernel_rem_pio2
                0x00009498      0x798 c:/freescale/kds_3.0.0/toolchain/bin/../lib/gcc/arm-none-eabi/4.8.4/../../../../arm-none-eabi/lib/armv7e-m/fpu\libm.a(lib_a-k_rem_pio2.o)
                0x00009498                __kernel_rem_pio2
 .text.__kernel_sin
                0x00009c30      0x190 c:/freescale/kds_3.0.0/toolchain/bin/../lib/gcc/arm-none-eabi/4.8.4/../../../../arm-none-eabi/lib/armv7e-m/fpu\libm.a(lib_a-k_sin.o)
                0x00009c30                __kernel_sin
 .text.fabs     0x00009dc0       0x14 c:/freescale/kds_3.0.0/toolchain/bin/../lib/gcc/arm-none-eabi/4.8.4/../../../../arm-none-eabi/lib/armv7e-m/fpu\libm.a(lib_a-s_fabs.o)
                0x00009dc0                fabs
 .text.__fpclassifyd
                0x00009dd4       0x54 c:/freescale/kds_3.0.0/toolchain/bin/../lib/gcc/arm-none-eabi/4.8.4/../../../../arm-none-eabi/lib/armv7e-m/fpu\libm.a(lib_a-s_fpclassify.o)
                0x00009dd4                __fpclassifyd
 .text.matherr  0x00009e28        0x4 c:/freescale/kds_3.0.0/toolchain/bin/../lib/gcc/arm-none-eabi/4.8.4/../../../../arm-none-eabi/lib/armv7e-m/fpu\libm.a(lib_a-s_matherr.o)
                0x00009e28                matherr
 *fill*         0x00009e2c        0x4 
 .text.scalbn   0x00009e30      0x120 c:/freescale/kds_3.0.0/toolchain/bin/../lib/gcc/arm-none-eabi/4.8.4/../../../../arm-none-eabi/lib/armv7e-m/fpu\libm.a(lib_a-s_scalbn.o)
                0x00009e30                scalbn
 .text.copysign
                0x00009f50       0x24 c:/freescale/kds_3.0.0/toolchain/bin/../lib/gcc/arm-none-eabi/4.8.4/../../../../arm-none-eabi/lib/armv7e-m/fpu\libm.a(lib_a-s_copysign.o)
                0x00009f50                copysign
 .text.__errno  0x00009f74        0xc c:/freescale/kds_3.0.0/toolchain/bin/../lib/gcc/arm-none-eabi/4.8.4/../../../../arm-none-eabi/lib/armv7e-m/fpu\libg_s.a(lib_a-errno.o)
                0x00009f74                __errno
 .text.exit     0x00009f80       0x28 c:/freescale/kds_3.0.0/toolchain/bin/../lib/gcc/arm-none-eabi/4.8.4/../../../../arm-none-eabi/lib/armv7e-m/fpu\libg_s.a(lib_a-exit.o)
                0x00009f80                exit
 .text._fwrite_r
                0x00009fa8       0xb0 c:/freescale/kds_3.0.0/toolchain/bin/../lib/gcc/arm-none-eabi/4.8.4/../../../../arm-none-eabi/lib/armv7e-m/fpu\libg_s.a(lib_a-fwrite.o)
                0x00009fa8                _fwrite_r
 .text.fwrite   0x0000a058       0x20 c:/freescale/kds_3.0.0/toolchain/bin/../lib/gcc/arm-none-eabi/4.8.4/../../../../arm-none-eabi/lib/armv7e-m/fpu\libg_s.a(lib_a-fwrite.o)
                0x0000a058                fwrite
 .text.__libc_init_array
                0x0000a078       0x4c c:/freescale/kds_3.0.0/toolchain/bin/../lib/gcc/arm-none-eabi/4.8.4/../../../../arm-none-eabi/lib/armv7e-m/fpu\libg_s.a(lib_a-init.o)
                0x0000a078                __libc_init_array
 .text.malloc   0x0000a0c4       0x10 c:/freescale/kds_3.0.0/toolchain/bin/../lib/gcc/arm-none-eabi/4.8.4/../../../../arm-none-eabi/lib/armv7e-m/fpu\libg_s.a(lib_a-malloc.o)
                0x0000a0c4                malloc
 .text.free     0x0000a0d4       0x10 c:/freescale/kds_3.0.0/toolchain/bin/../lib/gcc/arm-none-eabi/4.8.4/../../../../arm-none-eabi/lib/armv7e-m/fpu\libg_s.a(lib_a-malloc.o)
                0x0000a0d4                free
 .text.memcpy   0x0000a0e4       0x12 c:/freescale/kds_3.0.0/toolchain/bin/../lib/gcc/arm-none-eabi/4.8.4/../../../../arm-none-eabi/lib/armv7e-m/fpu\libg_s.a(lib_a-memcpy-stub.o)
                0x0000a0e4                memcpy
 .text.memset   0x0000a0f6       0x10 c:/freescale/kds_3.0.0/toolchain/bin/../lib/gcc/arm-none-eabi/4.8.4/../../../../arm-none-eabi/lib/armv7e-m/fpu\libg_s.a(lib_a-memset.o)
                0x0000a0f6                memset
 *fill*         0x0000a106        0x2 
 .text._free_r  0x0000a108       0x88 c:/freescale/kds_3.0.0/toolchain/bin/../lib/gcc/arm-none-eabi/4.8.4/../../../../arm-none-eabi/lib/armv7e-m/fpu\libg_s.a(lib_a-nano-freer.o)
                0x0000a108                _free_r
 .text._malloc_r
                0x0000a190       0xa8 c:/freescale/kds_3.0.0/toolchain/bin/../lib/gcc/arm-none-eabi/4.8.4/../../../../arm-none-eabi/lib/armv7e-m/fpu\libg_s.a(lib_a-nano-mallocr.o)
                0x0000a190                _malloc_r
 .text._sbrk_r  0x0000a238       0x20 c:/freescale/kds_3.0.0/toolchain/bin/../lib/gcc/arm-none-eabi/4.8.4/../../../../arm-none-eabi/lib/armv7e-m/fpu\libg_s.a(lib_a-sbrkr.o)
                0x0000a238                _sbrk_r
 .text.__swbuf_r
                0x0000a258       0xa8 c:/freescale/kds_3.0.0/toolchain/bin/../lib/gcc/arm-none-eabi/4.8.4/../../../../arm-none-eabi/lib/armv7e-m/fpu\libg_s.a(lib_a-wbuf.o)
                0x0000a258                __swbuf_r
 .text.__swsetup_r
                0x0000a300       0xdc c:/freescale/kds_3.0.0/toolchain/bin/../lib/gcc/arm-none-eabi/4.8.4/../../../../arm-none-eabi/lib/armv7e-m/fpu\libg_s.a(lib_a-wsetup.o)
                0x0000a300                __swsetup_r
 .text.__sflush_r
                0x0000a3dc      0x106 c:/freescale/kds_3.0.0/toolchain/bin/../lib/gcc/arm-none-eabi/4.8.4/../../../../arm-none-eabi/lib/armv7e-m/fpu\libg_s.a(lib_a-fflush.o)
                0x0000a3dc                __sflush_r
 *fill*         0x0000a4e2        0x2 
 .text._fflush_r
                0x0000a4e4       0x54 c:/freescale/kds_3.0.0/toolchain/bin/../lib/gcc/arm-none-eabi/4.8.4/../../../../arm-none-eabi/lib/armv7e-m/fpu\libg_s.a(lib_a-fflush.o)
                0x0000a4e4                _fflush_r
 .text._cleanup_r
                0x0000a538       0x32 c:/freescale/kds_3.0.0/toolchain/bin/../lib/gcc/arm-none-eabi/4.8.4/../../../../arm-none-eabi/lib/armv7e-m/fpu\libg_s.a(lib_a-findfp.o)
                0x0000a538                _cleanup_r
 *fill*         0x0000a56a        0x2 
 .text.std.isra.0
                0x0000a56c       0x48 c:/freescale/kds_3.0.0/toolchain/bin/../lib/gcc/arm-none-eabi/4.8.4/../../../../arm-none-eabi/lib/armv7e-m/fpu\libg_s.a(lib_a-findfp.o)
 .text.__sfmoreglue
                0x0000a5b4       0x2c c:/freescale/kds_3.0.0/toolchain/bin/../lib/gcc/arm-none-eabi/4.8.4/../../../../arm-none-eabi/lib/armv7e-m/fpu\libg_s.a(lib_a-findfp.o)
                0x0000a5b4                __sfmoreglue
 .text.__sinit  0x0000a5e0       0x60 c:/freescale/kds_3.0.0/toolchain/bin/../lib/gcc/arm-none-eabi/4.8.4/../../../../arm-none-eabi/lib/armv7e-m/fpu\libg_s.a(lib_a-findfp.o)
                0x0000a5e0                __sinit
 .text.__sfp    0x0000a640       0x74 c:/freescale/kds_3.0.0/toolchain/bin/../lib/gcc/arm-none-eabi/4.8.4/../../../../arm-none-eabi/lib/armv7e-m/fpu\libg_s.a(lib_a-findfp.o)
                0x0000a640                __sfp
 .text.__smakebuf_r
                0x0000a6b4       0x9c c:/freescale/kds_3.0.0/toolchain/bin/../lib/gcc/arm-none-eabi/4.8.4/../../../../arm-none-eabi/lib/armv7e-m/fpu\libg_s.a(lib_a-makebuf.o)
                0x0000a6b4                __smakebuf_r
 .text.__sread  0x0000a750       0x22 c:/freescale/kds_3.0.0/toolchain/bin/../lib/gcc/arm-none-eabi/4.8.4/../../../../arm-none-eabi/lib/armv7e-m/fpu\libg_s.a(lib_a-stdio.o)
                0x0000a750                __sread
 .text.__swrite
                0x0000a772       0x38 c:/freescale/kds_3.0.0/toolchain/bin/../lib/gcc/arm-none-eabi/4.8.4/../../../../arm-none-eabi/lib/armv7e-m/fpu\libg_s.a(lib_a-stdio.o)
                0x0000a772                __swrite
 .text.__sseek  0x0000a7aa       0x24 c:/freescale/kds_3.0.0/toolchain/bin/../lib/gcc/arm-none-eabi/4.8.4/../../../../arm-none-eabi/lib/armv7e-m/fpu\libg_s.a(lib_a-stdio.o)
                0x0000a7aa                __sseek
 .text.__sclose
                0x0000a7ce        0x8 c:/freescale/kds_3.0.0/toolchain/bin/../lib/gcc/arm-none-eabi/4.8.4/../../../../arm-none-eabi/lib/armv7e-m/fpu\libg_s.a(lib_a-stdio.o)
                0x0000a7ce                __sclose
 *fill*         0x0000a7d6        0x2 
 .text._write_r
                0x0000a7d8       0x24 c:/freescale/kds_3.0.0/toolchain/bin/../lib/gcc/arm-none-eabi/4.8.4/../../../../arm-none-eabi/lib/armv7e-m/fpu\libg_s.a(lib_a-writer.o)
                0x0000a7d8                _write_r
 .text._close_r
                0x0000a7fc       0x20 c:/freescale/kds_3.0.0/toolchain/bin/../lib/gcc/arm-none-eabi/4.8.4/../../../../arm-none-eabi/lib/armv7e-m/fpu\libg_s.a(lib_a-closer.o)
                0x0000a7fc                _close_r
 .text._fstat_r
                0x0000a81c       0x24 c:/freescale/kds_3.0.0/toolchain/bin/../lib/gcc/arm-none-eabi/4.8.4/../../../../arm-none-eabi/lib/armv7e-m/fpu\libg_s.a(lib_a-fstatr.o)
                0x0000a81c                _fstat_r
 .text._isatty_r
                0x0000a840       0x20 c:/freescale/kds_3.0.0/toolchain/bin/../lib/gcc/arm-none-eabi/4.8.4/../../../../arm-none-eabi/lib/armv7e-m/fpu\libg_s.a(lib_a-isattyr.o)
                0x0000a840                _isatty_r
 .text._lseek_r
                0x0000a860       0x24 c:/freescale/kds_3.0.0/toolchain/bin/../lib/gcc/arm-none-eabi/4.8.4/../../../../arm-none-eabi/lib/armv7e-m/fpu\libg_s.a(lib_a-lseekr.o)
                0x0000a860                _lseek_r
 .text._read_r  0x0000a884       0x24 c:/freescale/kds_3.0.0/toolchain/bin/../lib/gcc/arm-none-eabi/4.8.4/../../../../arm-none-eabi/lib/armv7e-m/fpu\libg_s.a(lib_a-readr.o)
                0x0000a884                _read_r
 .text._close   0x0000a8a8       0x10 c:/freescale/kds_3.0.0/toolchain/bin/../lib/gcc/arm-none-eabi/4.8.4/../../../../arm-none-eabi/lib/armv7e-m/fpu\libnosys.a(close.o)
                0x0000a8a8                _close
 .text._fstat   0x0000a8b8       0x10 c:/freescale/kds_3.0.0/toolchain/bin/../lib/gcc/arm-none-eabi/4.8.4/../../../../arm-none-eabi/lib/armv7e-m/fpu\libnosys.a(fstat.o)
                0x0000a8b8                _fstat
 .text._isatty  0x0000a8c8       0x10 c:/freescale/kds_3.0.0/toolchain/bin/../lib/gcc/arm-none-eabi/4.8.4/../../../../arm-none-eabi/lib/armv7e-m/fpu\libnosys.a(isatty.o)
                0x0000a8c8                _isatty
 .text._lseek   0x0000a8d8       0x10 c:/freescale/kds_3.0.0/toolchain/bin/../lib/gcc/arm-none-eabi/4.8.4/../../../../arm-none-eabi/lib/armv7e-m/fpu\libnosys.a(lseek.o)
                0x0000a8d8                _lseek
 .text._read    0x0000a8e8       0x10 c:/freescale/kds_3.0.0/toolchain/bin/../lib/gcc/arm-none-eabi/4.8.4/../../../../arm-none-eabi/lib/armv7e-m/fpu\libnosys.a(read.o)
                0x0000a8e8                _read
 .text._sbrk    0x0000a8f8       0x34 c:/freescale/kds_3.0.0/toolchain/bin/../lib/gcc/arm-none-eabi/4.8.4/../../../../arm-none-eabi/lib/armv7e-m/fpu\libnosys.a(sbrk.o)
                0x0000a8f8                _sbrk
 .text._write   0x0000a92c       0x10 c:/freescale/kds_3.0.0/toolchain/bin/../lib/gcc/arm-none-eabi/4.8.4/../../../../arm-none-eabi/lib/armv7e-m/fpu\libnosys.a(write.o)
                0x0000a92c                _write
 .text._exit    0x0000a93c        0x4 c:/freescale/kds_3.0.0/toolchain/bin/../lib/gcc/arm-none-eabi/4.8.4/../../../../arm-none-eabi/lib/armv7e-m/fpu\libnosys.a(_exit.o)
                0x0000a93c                _exit
 *(.rodata)
 .rodata        0x0000a940       0x50 ./Sources/kiss_fftr.o
 .rodata        0x0000a990        0x4 D:\Embedded Software US\es18aut13\Project\Library\libAnalog.a(analog.o)
 .rodata        0x0000a994       0xa0 D:\Embedded Software US\es18aut13\Project\Library\libAnalog.a(SPI.o)
 *(.rodata*)
 .rodata.ANALOG_THREAD_PRIORITIES
                0x0000aa34        0x4 ./Sources/main.o
                0x0000aa34                ANALOG_THREAD_PRIORITIES
 .rodata.PACKET_ACK_MASK
                0x0000aa38        0x1 ./Sources/packet.o
                0x0000aa38                PACKET_ACK_MASK
 *fill*         0x0000aa39        0x3 
 .rodata.SPI_SETUP
                0x0000aa3c       0x1c D:\Embedded Software US\es18aut13\Project\Library\libAnalog.a(analog.o)
 .rodata.str1.4
                0x0000aa58        0x8 c:/freescale/kds_3.0.0/toolchain/bin/../lib/gcc/arm-none-eabi/4.8.4/../../../../arm-none-eabi/lib/armv7e-m/fpu\libm.a(lib_a-w_sqrt.o)
 .rodata.npio2_hw
                0x0000aa60       0x80 c:/freescale/kds_3.0.0/toolchain/bin/../lib/gcc/arm-none-eabi/4.8.4/../../../../arm-none-eabi/lib/armv7e-m/fpu\libm.a(lib_a-e_rem_pio2.o)
 .rodata.two_over_pi
                0x0000aae0      0x108 c:/freescale/kds_3.0.0/toolchain/bin/../lib/gcc/arm-none-eabi/4.8.4/../../../../arm-none-eabi/lib/armv7e-m/fpu\libm.a(lib_a-e_rem_pio2.o)
 .rodata.init_jk
                0x0000abe8       0x10 c:/freescale/kds_3.0.0/toolchain/bin/../lib/gcc/arm-none-eabi/4.8.4/../../../../arm-none-eabi/lib/armv7e-m/fpu\libm.a(lib_a-k_rem_pio2.o)
 .rodata.PIo2   0x0000abf8       0x40 c:/freescale/kds_3.0.0/toolchain/bin/../lib/gcc/arm-none-eabi/4.8.4/../../../../arm-none-eabi/lib/armv7e-m/fpu\libm.a(lib_a-k_rem_pio2.o)
 .rodata.str1.1
                0x0000ac38        0x2 c:/freescale/kds_3.0.0/toolchain/bin/../lib/gcc/arm-none-eabi/4.8.4/../../../../arm-none-eabi/lib/armv7e-m/fpu\libg_s.a(lib_a-impure.o)
 *fill*         0x0000ac3a        0x2 
 .rodata._global_impure_ptr
                0x0000ac3c        0x4 c:/freescale/kds_3.0.0/toolchain/bin/../lib/gcc/arm-none-eabi/4.8.4/../../../../arm-none-eabi/lib/armv7e-m/fpu\libg_s.a(lib_a-impure.o)
                0x0000ac3c                _global_impure_ptr
 .rodata.__sf_fake_stdin
                0x0000ac40       0x20 c:/freescale/kds_3.0.0/toolchain/bin/../lib/gcc/arm-none-eabi/4.8.4/../../../../arm-none-eabi/lib/armv7e-m/fpu\libg_s.a(lib_a-findfp.o)
                0x0000ac40                __sf_fake_stdin
 .rodata.__sf_fake_stdout
                0x0000ac60       0x20 c:/freescale/kds_3.0.0/toolchain/bin/../lib/gcc/arm-none-eabi/4.8.4/../../../../arm-none-eabi/lib/armv7e-m/fpu\libg_s.a(lib_a-findfp.o)
                0x0000ac60                __sf_fake_stdout
 .rodata.__sf_fake_stderr
                0x0000ac80       0x20 c:/freescale/kds_3.0.0/toolchain/bin/../lib/gcc/arm-none-eabi/4.8.4/../../../../arm-none-eabi/lib/armv7e-m/fpu\libg_s.a(lib_a-findfp.o)
                0x0000ac80                __sf_fake_stderr
 *(.glue_7)
 .glue_7        0x00000000        0x0 linker stubs
 *(.glue_7t)
 .glue_7t       0x00000000        0x0 linker stubs
 *(.eh_frame)
 .eh_frame      0x0000aca0        0x0 c:/freescale/kds_3.0.0/toolchain/bin/../lib/gcc/arm-none-eabi/4.8.4/armv7e-m/fpu/crtbegin.o
 *(.init)
 .init          0x0000aca0        0x4 c:/freescale/kds_3.0.0/toolchain/bin/../lib/gcc/arm-none-eabi/4.8.4/armv7e-m/fpu/crti.o
                0x0000aca0                _init
 .init          0x0000aca4        0x8 c:/freescale/kds_3.0.0/toolchain/bin/../lib/gcc/arm-none-eabi/4.8.4/armv7e-m/fpu/crtn.o
 *(.fini)
 .fini          0x0000acac        0x4 c:/freescale/kds_3.0.0/toolchain/bin/../lib/gcc/arm-none-eabi/4.8.4/armv7e-m/fpu/crti.o
                0x0000acac                _fini
 .fini          0x0000acb0        0x8 c:/freescale/kds_3.0.0/toolchain/bin/../lib/gcc/arm-none-eabi/4.8.4/armv7e-m/fpu/crtn.o
                0x0000acb8                . = ALIGN (0x4)
                0x0000acb8                _etext = .

.vfp11_veneer   0x0000acb8        0x0
 .vfp11_veneer  0x00000000        0x0 linker stubs

.v4_bx          0x0000acb8        0x0
 .v4_bx         0x00000000        0x0 linker stubs

.iplt           0x0000acb8        0x0
 .iplt          0x00000000        0x0 c:/freescale/kds_3.0.0/toolchain/bin/../lib/gcc/arm-none-eabi/4.8.4/armv7e-m/fpu/crtbegin.o

.ARM.extab
 *(.ARM.extab* .gnu.linkonce.armextab.*)

.ARM            0x0000acb8        0x8
                0x0000acb8                __exidx_start = .
 *(.ARM.exidx*)
 .ARM.exidx     0x0000acb8        0x8 c:/freescale/kds_3.0.0/toolchain/bin/../lib/gcc/arm-none-eabi/4.8.4/../../../../arm-none-eabi/lib/armv7e-m/fpu/crt0.o
 .ARM.exidx     0x0000acc0        0x0 c:/freescale/kds_3.0.0/toolchain/bin/../lib/gcc/arm-none-eabi/4.8.4/armv7e-m/fpu\libgcc.a(_divdi3.o)
                                  0x8 (size before relaxing)
 .ARM.exidx     0x0000acc0        0x0 c:/freescale/kds_3.0.0/toolchain/bin/../lib/gcc/arm-none-eabi/4.8.4/armv7e-m/fpu\libgcc.a(_udivdi3.o)
                                  0x8 (size before relaxing)
                0x0000acc0                __exidx_end = .

.rel.dyn        0x0000acc0        0x0
 .rel.iplt      0x00000000        0x0 c:/freescale/kds_3.0.0/toolchain/bin/../lib/gcc/arm-none-eabi/4.8.4/armv7e-m/fpu/crtbegin.o

.ctors          0x0000acc0        0x0
                0x0000acc0                __CTOR_LIST__ = .
 *crtbegin.o(.ctors)
 *(EXCLUDE_FILE(*crtend.o) .ctors)
 *(SORT(.ctors.*))
 *(.ctors)
                0x0000acc0                __CTOR_END__ = .

.dtors          0x0000acc0        0x0
                0x0000acc0                __DTOR_LIST__ = .
 *crtbegin.o(.dtors)
 *(EXCLUDE_FILE(*crtend.o) .dtors)
 *(SORT(.dtors.*))
 *(.dtors)
                0x0000acc0                __DTOR_END__ = .

.preinit_array  0x0000acc0        0x0
                0x0000acc0                PROVIDE (__preinit_array_start, .)
 *(.preinit_array*)
                0x0000acc0                PROVIDE (__preinit_array_end, .)

.init_array     0x0000acc0        0x4
                0x0000acc0                PROVIDE (__init_array_start, .)
 *(SORT(.init_array.*))
 *(.init_array*)
 .init_array    0x0000acc0        0x4 c:/freescale/kds_3.0.0/toolchain/bin/../lib/gcc/arm-none-eabi/4.8.4/armv7e-m/fpu/crtbegin.o
                0x0000acc4                PROVIDE (__init_array_end, .)

.fini_array     0x0000acc4        0x4
                0x0000acc4                PROVIDE (__fini_array_start, .)
 *(SORT(.fini_array.*))
 *(.fini_array*)
 .fini_array    0x0000acc4        0x4 c:/freescale/kds_3.0.0/toolchain/bin/../lib/gcc/arm-none-eabi/4.8.4/armv7e-m/fpu/crtbegin.o
                0x0000acc8                PROVIDE (__fini_array_end, .)
                0x0000acc8                ___ROM_AT = .

.data           0x1fff0000       0x84 load address 0x0000acc8
                0x1fff0000                . = ALIGN (0x4)
                0x1fff0000                _sdata = .
 *(.data)
 *(.data*)
 .data.SlaveDeviceAddress
                0x1fff0000        0x1 ./Sources/I2C.o
 *fill*         0x1fff0001        0x3 
 .data.AnalogThreadData
                0x1fff0004       0x18 ./Sources/main.o
 .data.__fdlib_version
                0x1fff001c        0x1 c:/freescale/kds_3.0.0/toolchain/bin/../lib/gcc/arm-none-eabi/4.8.4/../../../../arm-none-eabi/lib/armv7e-m/fpu\libm.a(lib_a-s_lib_ver.o)
                0x1fff001c                __fdlib_version
 *fill*         0x1fff001d        0x3 
 .data.impure_data
                0x1fff0020       0x60 c:/freescale/kds_3.0.0/toolchain/bin/../lib/gcc/arm-none-eabi/4.8.4/../../../../arm-none-eabi/lib/armv7e-m/fpu\libg_s.a(lib_a-impure.o)
 .data._impure_ptr
                0x1fff0080        0x4 c:/freescale/kds_3.0.0/toolchain/bin/../lib/gcc/arm-none-eabi/4.8.4/../../../../arm-none-eabi/lib/armv7e-m/fpu\libg_s.a(lib_a-impure.o)
                0x1fff0080                _impure_ptr
                0x1fff0084                . = ALIGN (0x4)
                0x1fff0084                _edata = .
                0x00000084                ___data_size = (_edata - _sdata)
                0x0000ad4c                ___m_data_20000000_ROMStart = (___ROM_AT + SIZEOF (.data))

.jcr            0x1fff0084        0x0 load address 0x0000ad4c
 .jcr           0x1fff0084        0x0 c:/freescale/kds_3.0.0/toolchain/bin/../lib/gcc/arm-none-eabi/4.8.4/armv7e-m/fpu/crtbegin.o

.igot.plt       0x1fff0084        0x0 load address 0x0000ad4c
 .igot.plt      0x00000000        0x0 c:/freescale/kds_3.0.0/toolchain/bin/../lib/gcc/arm-none-eabi/4.8.4/armv7e-m/fpu/crtbegin.o

.m_data_20000000
                0x20000000        0x0 load address 0x0000ad4c
                0x20000000                . = ALIGN (0x4)
                0x20000000                ___m_data_20000000_RAMStart = .
 *(.m_data_20000000)
                0x20000000                ___m_data_20000000_RAMEnd = .
                0x20000000                . = ALIGN (0x4)
                0x00000000                ___m_data_20000000_ROMSize = (___m_data_20000000_RAMEnd - ___m_data_20000000_RAMStart)
                0x20000000                . = ALIGN (0x4)

.bss            0x1fff0088     0x8954 load address 0x0000ad50
                0x1fff0088                __START_BSS = .
                0x1fff0088                PROVIDE (__bss_start__, __START_BSS)
 *(.bss)
 .bss           0x1fff0088       0x1c c:/freescale/kds_3.0.0/toolchain/bin/../lib/gcc/arm-none-eabi/4.8.4/armv7e-m/fpu/crtbegin.o
 *(.bss*)
 .bss.UserSemaphore
                0x1fff00a4       0x20 ./Sources/FTM.o
 .bss.occupiedBytes.5729
                0x1fff00c4        0x1 ./Sources/Flash.o
 *fill*         0x1fff00c5        0x3 
 .bss.ReadCompleteSemaphore
                0x1fff00c8        0x4 ./Sources/I2C.o
 .bss.I2CAccess
                0x1fff00cc        0x4 ./Sources/I2C.o
 .bss.SlaveDeviceReadAddress
                0x1fff00d0        0x1 ./Sources/I2C.o
 .bss.NbBytes   0x1fff00d1        0x1 ./Sources/I2C.o
 *fill*         0x1fff00d2        0x2 
 .bss.DataPtr   0x1fff00d4        0x4 ./Sources/I2C.o
 .bss.stage.6666
                0x1fff00d8        0x1 ./Sources/I2C.o
 .bss.readCount.6667
                0x1fff00d9        0x1 ./Sources/I2C.o
 *fill*         0x1fff00da        0x2 
 .bss.ModuleClk
                0x1fff00dc        0x4 ./Sources/PIT.o
 .bss.UserFunction
                0x1fff00e0        0x4 ./Sources/PIT.o
 .bss.UserArguments
                0x1fff00e4        0x4 ./Sources/PIT.o
 .bss.ReadSemaphore
                0x1fff00e8        0x4 ./Sources/RTC.o
 *fill*         0x1fff00ec        0x4 
 .bss.RxUARTThreadStack
                0x1fff00f0      0x7d0 ./Sources/UART.o
 .bss.TxUARTThreadStack
                0x1fff08c0      0x7d0 ./Sources/UART.o
 .bss.DataReadySemaphore
                0x1fff1090        0x4 ./Sources/accel.o
 .bss.VoltageSamples
                0x1fff1094      0x188 ./Sources/main.o
 .bss.RMS       0x1fff121c        0x8 ./Sources/main.o
 .bss.TimingMode
                0x1fff1224        0x2 ./Sources/main.o
 *fill*         0x1fff1226        0x2 
 .bss.SamplePeriod
                0x1fff1228        0x4 ./Sources/main.o
 .bss.NewSamplePeriod
                0x1fff122c        0x4 ./Sources/main.o
 .bss.LastCrossing
                0x1fff1230        0x4 ./Sources/main.o
 *fill*         0x1fff1234        0x4 
 .bss.LastSumOfSquares
                0x1fff1238       0x18 ./Sources/main.o
 .bss.OldestData
                0x1fff1250        0x8 ./Sources/main.o
 .bss.Alarm     0x1fff1258        0x4 ./Sources/main.o
 .bss.Adjusting
                0x1fff125c        0x4 ./Sources/main.o
 .bss.Frequency
                0x1fff1260        0x2 ./Sources/main.o
 *fill*         0x1fff1262        0x2 
 .bss.FFTOutput
                0x1fff1264       0x48 ./Sources/main.o
 .bss.LEDOffSemaphore
                0x1fff12ac        0x4 ./Sources/main.o
 .bss.RTCReadSemaphore
                0x1fff12b0        0x4 ./Sources/main.o
 .bss.FrequencyCalculateSemaphore
                0x1fff12b4        0x4 ./Sources/main.o
 .bss.FrequencyTrackSemaphore
                0x1fff12b8        0x4 ./Sources/main.o
 .bss.LogRaisesSemaphore
                0x1fff12bc        0x4 ./Sources/main.o
 .bss.LogLowersSemaphore
                0x1fff12c0        0x4 ./Sources/main.o
 .bss.FlashAccessMutex
                0x1fff12c4        0x4 ./Sources/main.o
 .bss.FFTSemaphore
                0x1fff12c8        0x4 ./Sources/main.o
 .bss.FFTOutputMutex
                0x1fff12cc        0x4 ./Sources/main.o
 .bss.AlarmMutex
                0x1fff12d0        0x4 ./Sources/main.o
 .bss.AdjustingMutex
                0x1fff12d4        0x4 ./Sources/main.o
 .bss.RMSCalculationDataMutex
                0x1fff12d8        0x4 ./Sources/main.o
 .bss.SamplePeriodMutex
                0x1fff12dc        0x4 ./Sources/main.o
 .bss.NewSamplePeriodMutex
                0x1fff12e0        0x4 ./Sources/main.o
 .bss.FrequencyMutex
                0x1fff12e4        0x4 ./Sources/main.o
 .bss.RMSMutex  0x1fff12e8        0x4 ./Sources/main.o
 .bss.TimingModeMutex
                0x1fff12ec        0x4 ./Sources/main.o
 .bss.InitModulesThreadStack
                0x1fff12f0      0x7d0 ./Sources/main.o
 .bss.RTCThreadStack
                0x1fff1ac0      0x7d0 ./Sources/main.o
 .bss.FTMLEDsOffThreadStack
                0x1fff2290      0x7d0 ./Sources/main.o
 .bss.FrequencyCalculateThreadStack
                0x1fff2a60      0x7d0 ./Sources/main.o
 .bss.FrequencyTrackThreadStack
                0x1fff3230      0x7d0 ./Sources/main.o
 .bss.PacketThreadStack
                0x1fff3a00      0x7d0 ./Sources/main.o
 .bss.LogRaisesThreadStack
                0x1fff41d0      0x7d0 ./Sources/main.o
 .bss.LogLowersThreadStack
                0x1fff49a0      0x7d0 ./Sources/main.o
 .bss.FFTThreadStack
                0x1fff5170      0x7d0 ./Sources/main.o
 .bss.RMSThreadStacks
                0x1fff5940     0x1770 ./Sources/main.o
 .bss.phase.8519
                0x1fff70b0        0x1 ./Sources/main.o
 *fill*         0x1fff70b1        0x3 
 .bss.PacketPutAccess
                0x1fff70b4        0x4 ./Sources/packet.o
 .bss.SR_lock   0x1fff70b8        0x1 ./Generated_Code/Cpu.o
                0x1fff70b8                SR_lock
 *fill*         0x1fff70b9        0x3 
 .bss.TCBUnusedMain
                0x1fff70bc       0x18 D:\Embedded Software US\es18aut13\Project\Library\libOS.a(OS.o)
 .bss.TCBTable  0x1fff70d4      0x300 D:\Embedded Software US\es18aut13\Project\Library\libOS.a(OS.o)
 .bss.pTCBFreeList
                0x1fff73d4        0x4 D:\Embedded Software US\es18aut13\Project\Library\libOS.a(OS.o)
 .bss.pTCBAllocatedList
                0x1fff73d8        0x4 D:\Embedded Software US\es18aut13\Project\Library\libOS.a(OS.o)
 .bss.pTCBPriorityTable
                0x1fff73dc       0x80 D:\Embedded Software US\es18aut13\Project\Library\libOS.a(OS.o)
 .bss.pTCBRunning
                0x1fff745c        0x4 D:\Embedded Software US\es18aut13\Project\Library\libOS.a(OS.o)
 .bss.pTCBHighestReady
                0x1fff7460        0x4 D:\Embedded Software US\es18aut13\Project\Library\libOS.a(OS.o)
 .bss.ReadyList
                0x1fff7464        0x4 D:\Embedded Software US\es18aut13\Project\Library\libOS.a(OS.o)
 .bss.ECBTable  0x1fff7468      0x100 D:\Embedded Software US\es18aut13\Project\Library\libOS.a(OS.o)
 .bss.NextECBFree
                0x1fff7568        0x1 D:\Embedded Software US\es18aut13\Project\Library\libOS.a(OS.o)
 *fill*         0x1fff7569        0x3 
 .bss.IdleCounter
                0x1fff756c        0x4 D:\Embedded Software US\es18aut13\Project\Library\libOS.a(OS.o)
 .bss.IdleStack
                0x1fff7570      0x400 D:\Embedded Software US\es18aut13\Project\Library\libOS.a(OS.o)
 .bss.Ticks     0x1fff7970        0x4 D:\Embedded Software US\es18aut13\Project\Library\libOS.a(OS.o)
 .bss.ToggleCntr
                0x1fff7974        0x4 D:\Embedded Software US\es18aut13\Project\Library\libOS.a(OS.o)
 .bss.ToggleLED
                0x1fff7978        0x1 D:\Embedded Software US\es18aut13\Project\Library\libOS.a(OS.o)
 .bss.ISRNestLevel
                0x1fff7979        0x1 D:\Embedded Software US\es18aut13\Project\Library\libOS.a(OS.o)
 *fill*         0x1fff797a        0x2 
 .bss.ADCCommandUnion
                0x1fff797c        0x4 D:\Embedded Software US\es18aut13\Project\Library\libAnalog.a(analog.o)
 .bss.__malloc_sbrk_start
                0x1fff7980        0x4 c:/freescale/kds_3.0.0/toolchain/bin/../lib/gcc/arm-none-eabi/4.8.4/../../../../arm-none-eabi/lib/armv7e-m/fpu\libg_s.a(lib_a-nano-mallocr.o)
                0x1fff7980                __malloc_sbrk_start
 .bss.__malloc_free_list
                0x1fff7984        0x4 c:/freescale/kds_3.0.0/toolchain/bin/../lib/gcc/arm-none-eabi/4.8.4/../../../../arm-none-eabi/lib/armv7e-m/fpu\libg_s.a(lib_a-nano-mallocr.o)
                0x1fff7984                __malloc_free_list
 .bss.heap_end.4246
                0x1fff7988        0x4 c:/freescale/kds_3.0.0/toolchain/bin/../lib/gcc/arm-none-eabi/4.8.4/../../../../arm-none-eabi/lib/armv7e-m/fpu\libnosys.a(sbrk.o)
 *(COMMON)
 COMMON         0x1fff798c        0x8 ./Sources/Flash.o
                0x1fff798c                CCIFSemaphore
                0x1fff7990                FlashAccessMutex
 COMMON         0x1fff7994     0x1024 ./Sources/UART.o
                0x1fff7994                DummyRead
                0x1fff7998                TxFIFO
                0x1fff81a4                RxFIFO
                0x1fff89b0                RxUARTSemaphore
                0x1fff89b4                TxUARTSemaphore
 COMMON         0x1fff89b8       0x14 ./Sources/main.o
                0x1fff89b8                NvTowerMd
                0x1fff89bc                NvTowerNb
                0x1fff89c0                NvTimingMd
                0x1fff89c4                NvNbRaises
                0x1fff89c8                NvNbLowers
 COMMON         0x1fff89cc        0x5 ./Sources/packet.o
                0x1fff89cc                Packet
 COMMON         0x1fff89d1        0x1 ./Generated_Code/Cpu.o
                0x1fff89d1                SR_reg
 *fill*         0x1fff89d2        0x2 
 COMMON         0x1fff89d4        0x4 D:\Embedded Software US\es18aut13\Project\Library\libAnalog.a(analog.o)
                0x1fff89d4                DACInput
 COMMON         0x1fff89d8        0x4 c:/freescale/kds_3.0.0/toolchain/bin/../lib/gcc/arm-none-eabi/4.8.4/../../../../arm-none-eabi/lib/armv7e-m/fpu\libg_s.a(lib_a-reent.o)
                0x1fff89d8                errno
                0x1fff89dc                . = ALIGN (0x4)
                0x1fff89dc                __END_BSS = .
                0x1fff89dc                PROVIDE (__bss_end__, __END_BSS)
                0x0000ad4c                _romp_at = ((___ROM_AT + SIZEOF (.data)) + SIZEOF (.m_data_20000000))

.romp           0x1fff89dc       0x24 load address 0x0000ad4c
                0x0000ad4c                __S_romp = _romp_at
                0x1fff89dc        0x4 LONG 0xacc8 ___ROM_AT
                0x1fff89e0        0x4 LONG 0x1fff0000 _sdata
                0x1fff89e4        0x4 LONG 0x84 ___data_size
                0x1fff89e8        0x4 LONG 0xad4c ___m_data_20000000_ROMStart
                0x1fff89ec        0x4 LONG 0x20000000 ___m_data_20000000_RAMStart
                0x1fff89f0        0x4 LONG 0x0 ___m_data_20000000_ROMSize
                0x1fff89f4        0x4 LONG 0x0
                0x1fff89f8        0x4 LONG 0x0
                0x1fff89fc        0x4 LONG 0x0

._user_heap_stack
                0x1fff8a00      0x400 load address 0x0000ad70
                0x1fff8a00                . = ALIGN (0x4)
                0x1fff8a00                PROVIDE (end, .)
                0x1fff8a00                PROVIDE (_end, .)
                0x1fff8a00                __heap_addr = .
                0x1fff8a00                __HeapBase = .
                0x1fff8a00                . = (. + __heap_size)
                0x1fff8a00                __HeapLimit = .
                0x1fff8e00                . = (. + __stack_size)
 *fill*         0x1fff8a00      0x400 
                0x1fff8e00                . = ALIGN (0x4)

.ARM.attributes
                0x00000000       0x30
 *(.ARM.attributes)
 .ARM.attributes
                0x00000000       0x22 c:/freescale/kds_3.0.0/toolchain/bin/../lib/gcc/arm-none-eabi/4.8.4/armv7e-m/fpu/crti.o
 .ARM.attributes
                0x00000022       0x34 c:/freescale/kds_3.0.0/toolchain/bin/../lib/gcc/arm-none-eabi/4.8.4/armv7e-m/fpu/crtbegin.o
 .ARM.attributes
                0x00000056       0x20 c:/freescale/kds_3.0.0/toolchain/bin/../lib/gcc/arm-none-eabi/4.8.4/../../../../arm-none-eabi/lib/armv7e-m/fpu/crt0.o
 .ARM.attributes
                0x00000076       0x39 ./Sources/FIFO.o
 .ARM.attributes
                0x000000af       0x39 ./Sources/FTM.o
 .ARM.attributes
                0x000000e8       0x39 ./Sources/Flash.o
 .ARM.attributes
                0x00000121       0x39 ./Sources/I2C.o
 .ARM.attributes
                0x0000015a       0x39 ./Sources/LEDs.o
 .ARM.attributes
                0x00000193       0x39 ./Sources/PIT.o
 .ARM.attributes
                0x000001cc       0x39 ./Sources/RTC.o
 .ARM.attributes
                0x00000205       0x39 ./Sources/UART.o
 .ARM.attributes
                0x0000023e       0x39 ./Sources/accel.o
 .ARM.attributes
                0x00000277       0x39 ./Sources/kiss_fft.o
 .ARM.attributes
                0x000002b0       0x39 ./Sources/kiss_fftr.o
 .ARM.attributes
                0x000002e9       0x39 ./Sources/main.o
 .ARM.attributes
                0x00000322       0x39 ./Sources/packet.o
 .ARM.attributes
                0x0000035b       0x39 ./Project_Settings/Startup_Code/startup.o
 .ARM.attributes
                0x00000394       0x39 ./Generated_Code/Cpu.o
 .ARM.attributes
                0x000003cd       0x39 ./Generated_Code/Vectors.o
 .ARM.attributes
                0x00000406       0x39 D:\Embedded Software US\es18aut13\Project\Library\libOS.a(OS.o)
 .ARM.attributes
                0x0000043f       0x39 D:\Embedded Software US\es18aut13\Project\Library\libAnalog.a(analog.o)
 .ARM.attributes
                0x00000478       0x39 D:\Embedded Software US\es18aut13\Project\Library\libAnalog.a(SPI.o)
 .ARM.attributes
                0x000004b1       0x34 c:/freescale/kds_3.0.0/toolchain/bin/../lib/gcc/arm-none-eabi/4.8.4/../../../../arm-none-eabi/lib/armv7e-m/fpu\libm.a(lib_a-s_cos.o)
 .ARM.attributes
                0x000004e5       0x34 c:/freescale/kds_3.0.0/toolchain/bin/../lib/gcc/arm-none-eabi/4.8.4/../../../../arm-none-eabi/lib/armv7e-m/fpu\libm.a(lib_a-s_floor.o)
 .ARM.attributes
                0x00000519       0x34 c:/freescale/kds_3.0.0/toolchain/bin/../lib/gcc/arm-none-eabi/4.8.4/../../../../arm-none-eabi/lib/armv7e-m/fpu\libm.a(lib_a-s_sin.o)
 .ARM.attributes
                0x0000054d       0x34 c:/freescale/kds_3.0.0/toolchain/bin/../lib/gcc/arm-none-eabi/4.8.4/../../../../arm-none-eabi/lib/armv7e-m/fpu\libm.a(lib_a-w_sqrt.o)
 .ARM.attributes
                0x00000581       0x34 c:/freescale/kds_3.0.0/toolchain/bin/../lib/gcc/arm-none-eabi/4.8.4/../../../../arm-none-eabi/lib/armv7e-m/fpu\libm.a(lib_a-e_rem_pio2.o)
 .ARM.attributes
                0x000005b5       0x34 c:/freescale/kds_3.0.0/toolchain/bin/../lib/gcc/arm-none-eabi/4.8.4/../../../../arm-none-eabi/lib/armv7e-m/fpu\libm.a(lib_a-e_sqrt.o)
 .ARM.attributes
                0x000005e9       0x34 c:/freescale/kds_3.0.0/toolchain/bin/../lib/gcc/arm-none-eabi/4.8.4/../../../../arm-none-eabi/lib/armv7e-m/fpu\libm.a(lib_a-k_cos.o)
 .ARM.attributes
                0x0000061d       0x34 c:/freescale/kds_3.0.0/toolchain/bin/../lib/gcc/arm-none-eabi/4.8.4/../../../../arm-none-eabi/lib/armv7e-m/fpu\libm.a(lib_a-k_rem_pio2.o)
 .ARM.attributes
                0x00000651       0x34 c:/freescale/kds_3.0.0/toolchain/bin/../lib/gcc/arm-none-eabi/4.8.4/../../../../arm-none-eabi/lib/armv7e-m/fpu\libm.a(lib_a-k_sin.o)
 .ARM.attributes
                0x00000685       0x34 c:/freescale/kds_3.0.0/toolchain/bin/../lib/gcc/arm-none-eabi/4.8.4/../../../../arm-none-eabi/lib/armv7e-m/fpu\libm.a(lib_a-s_fabs.o)
 .ARM.attributes
                0x000006b9       0x34 c:/freescale/kds_3.0.0/toolchain/bin/../lib/gcc/arm-none-eabi/4.8.4/../../../../arm-none-eabi/lib/armv7e-m/fpu\libm.a(lib_a-s_fpclassify.o)
 .ARM.attributes
                0x000006ed       0x34 c:/freescale/kds_3.0.0/toolchain/bin/../lib/gcc/arm-none-eabi/4.8.4/../../../../arm-none-eabi/lib/armv7e-m/fpu\libm.a(lib_a-s_lib_ver.o)
 .ARM.attributes
                0x00000721       0x34 c:/freescale/kds_3.0.0/toolchain/bin/../lib/gcc/arm-none-eabi/4.8.4/../../../../arm-none-eabi/lib/armv7e-m/fpu\libm.a(lib_a-s_matherr.o)
 .ARM.attributes
                0x00000755       0x34 c:/freescale/kds_3.0.0/toolchain/bin/../lib/gcc/arm-none-eabi/4.8.4/../../../../arm-none-eabi/lib/armv7e-m/fpu\libm.a(lib_a-s_scalbn.o)
 .ARM.attributes
                0x00000789       0x34 c:/freescale/kds_3.0.0/toolchain/bin/../lib/gcc/arm-none-eabi/4.8.4/../../../../arm-none-eabi/lib/armv7e-m/fpu\libm.a(lib_a-s_copysign.o)
 .ARM.attributes
                0x000007bd       0x22 c:/freescale/kds_3.0.0/toolchain/bin/../lib/gcc/arm-none-eabi/4.8.4/armv7e-m/fpu\libgcc.a(_arm_addsubdf3.o)
 .ARM.attributes
                0x000007df       0x22 c:/freescale/kds_3.0.0/toolchain/bin/../lib/gcc/arm-none-eabi/4.8.4/armv7e-m/fpu\libgcc.a(_arm_muldivdf3.o)
 .ARM.attributes
                0x00000801       0x22 c:/freescale/kds_3.0.0/toolchain/bin/../lib/gcc/arm-none-eabi/4.8.4/armv7e-m/fpu\libgcc.a(_arm_cmpdf2.o)
 .ARM.attributes
                0x00000823       0x22 c:/freescale/kds_3.0.0/toolchain/bin/../lib/gcc/arm-none-eabi/4.8.4/armv7e-m/fpu\libgcc.a(_arm_fixdfsi.o)
 .ARM.attributes
                0x00000845       0x22 c:/freescale/kds_3.0.0/toolchain/bin/../lib/gcc/arm-none-eabi/4.8.4/armv7e-m/fpu\libgcc.a(_aeabi_ldivmod.o)
 .ARM.attributes
                0x00000867       0x22 c:/freescale/kds_3.0.0/toolchain/bin/../lib/gcc/arm-none-eabi/4.8.4/armv7e-m/fpu\libgcc.a(_aeabi_uldivmod.o)
 .ARM.attributes
                0x00000889       0x34 c:/freescale/kds_3.0.0/toolchain/bin/../lib/gcc/arm-none-eabi/4.8.4/armv7e-m/fpu\libgcc.a(bpabi.o)
 .ARM.attributes
                0x000008bd       0x22 c:/freescale/kds_3.0.0/toolchain/bin/../lib/gcc/arm-none-eabi/4.8.4/armv7e-m/fpu\libgcc.a(_dvmd_tls.o)
 .ARM.attributes
                0x000008df       0x34 c:/freescale/kds_3.0.0/toolchain/bin/../lib/gcc/arm-none-eabi/4.8.4/armv7e-m/fpu\libgcc.a(_divdi3.o)
 .ARM.attributes
                0x00000913       0x34 c:/freescale/kds_3.0.0/toolchain/bin/../lib/gcc/arm-none-eabi/4.8.4/armv7e-m/fpu\libgcc.a(_udivdi3.o)
 .ARM.attributes
                0x00000947       0x34 c:/freescale/kds_3.0.0/toolchain/bin/../lib/gcc/arm-none-eabi/4.8.4/../../../../arm-none-eabi/lib/armv7e-m/fpu\libg_s.a(lib_a-errno.o)
 .ARM.attributes
                0x0000097b       0x34 c:/freescale/kds_3.0.0/toolchain/bin/../lib/gcc/arm-none-eabi/4.8.4/../../../../arm-none-eabi/lib/armv7e-m/fpu\libg_s.a(lib_a-exit.o)
 .ARM.attributes
                0x000009af       0x34 c:/freescale/kds_3.0.0/toolchain/bin/../lib/gcc/arm-none-eabi/4.8.4/../../../../arm-none-eabi/lib/armv7e-m/fpu\libg_s.a(lib_a-fwrite.o)
 .ARM.attributes
                0x000009e3       0x34 c:/freescale/kds_3.0.0/toolchain/bin/../lib/gcc/arm-none-eabi/4.8.4/../../../../arm-none-eabi/lib/armv7e-m/fpu\libg_s.a(lib_a-impure.o)
 .ARM.attributes
                0x00000a17       0x34 c:/freescale/kds_3.0.0/toolchain/bin/../lib/gcc/arm-none-eabi/4.8.4/../../../../arm-none-eabi/lib/armv7e-m/fpu\libg_s.a(lib_a-init.o)
 .ARM.attributes
                0x00000a4b       0x34 c:/freescale/kds_3.0.0/toolchain/bin/../lib/gcc/arm-none-eabi/4.8.4/../../../../arm-none-eabi/lib/armv7e-m/fpu\libg_s.a(lib_a-malloc.o)
 .ARM.attributes
                0x00000a7f       0x34 c:/freescale/kds_3.0.0/toolchain/bin/../lib/gcc/arm-none-eabi/4.8.4/../../../../arm-none-eabi/lib/armv7e-m/fpu\libg_s.a(lib_a-memcpy-stub.o)
 .ARM.attributes
                0x00000ab3       0x34 c:/freescale/kds_3.0.0/toolchain/bin/../lib/gcc/arm-none-eabi/4.8.4/../../../../arm-none-eabi/lib/armv7e-m/fpu\libg_s.a(lib_a-memset.o)
 .ARM.attributes
                0x00000ae7       0x34 c:/freescale/kds_3.0.0/toolchain/bin/../lib/gcc/arm-none-eabi/4.8.4/../../../../arm-none-eabi/lib/armv7e-m/fpu\libg_s.a(lib_a-nano-freer.o)
 .ARM.attributes
                0x00000b1b       0x34 c:/freescale/kds_3.0.0/toolchain/bin/../lib/gcc/arm-none-eabi/4.8.4/../../../../arm-none-eabi/lib/armv7e-m/fpu\libg_s.a(lib_a-nano-mallocr.o)
 .ARM.attributes
                0x00000b4f       0x34 c:/freescale/kds_3.0.0/toolchain/bin/../lib/gcc/arm-none-eabi/4.8.4/../../../../arm-none-eabi/lib/armv7e-m/fpu\libg_s.a(lib_a-sbrkr.o)
 .ARM.attributes
                0x00000b83       0x34 c:/freescale/kds_3.0.0/toolchain/bin/../lib/gcc/arm-none-eabi/4.8.4/../../../../arm-none-eabi/lib/armv7e-m/fpu\libg_s.a(lib_a-wbuf.o)
 .ARM.attributes
                0x00000bb7       0x34 c:/freescale/kds_3.0.0/toolchain/bin/../lib/gcc/arm-none-eabi/4.8.4/../../../../arm-none-eabi/lib/armv7e-m/fpu\libg_s.a(lib_a-wsetup.o)
 .ARM.attributes
                0x00000beb       0x34 c:/freescale/kds_3.0.0/toolchain/bin/../lib/gcc/arm-none-eabi/4.8.4/../../../../arm-none-eabi/lib/armv7e-m/fpu\libg_s.a(lib_a-fflush.o)
 .ARM.attributes
                0x00000c1f       0x34 c:/freescale/kds_3.0.0/toolchain/bin/../lib/gcc/arm-none-eabi/4.8.4/../../../../arm-none-eabi/lib/armv7e-m/fpu\libg_s.a(lib_a-findfp.o)
 .ARM.attributes
                0x00000c53       0x34 c:/freescale/kds_3.0.0/toolchain/bin/../lib/gcc/arm-none-eabi/4.8.4/../../../../arm-none-eabi/lib/armv7e-m/fpu\libg_s.a(lib_a-makebuf.o)
 .ARM.attributes
                0x00000c87       0x34 c:/freescale/kds_3.0.0/toolchain/bin/../lib/gcc/arm-none-eabi/4.8.4/../../../../arm-none-eabi/lib/armv7e-m/fpu\libg_s.a(lib_a-reent.o)
 .ARM.attributes
                0x00000cbb       0x34 c:/freescale/kds_3.0.0/toolchain/bin/../lib/gcc/arm-none-eabi/4.8.4/../../../../arm-none-eabi/lib/armv7e-m/fpu\libg_s.a(lib_a-stdio.o)
 .ARM.attributes
                0x00000cef       0x34 c:/freescale/kds_3.0.0/toolchain/bin/../lib/gcc/arm-none-eabi/4.8.4/../../../../arm-none-eabi/lib/armv7e-m/fpu\libg_s.a(lib_a-writer.o)
 .ARM.attributes
                0x00000d23       0x34 c:/freescale/kds_3.0.0/toolchain/bin/../lib/gcc/arm-none-eabi/4.8.4/../../../../arm-none-eabi/lib/armv7e-m/fpu\libg_s.a(lib_a-closer.o)
 .ARM.attributes
                0x00000d57       0x34 c:/freescale/kds_3.0.0/toolchain/bin/../lib/gcc/arm-none-eabi/4.8.4/../../../../arm-none-eabi/lib/armv7e-m/fpu\libg_s.a(lib_a-fstatr.o)
 .ARM.attributes
                0x00000d8b       0x34 c:/freescale/kds_3.0.0/toolchain/bin/../lib/gcc/arm-none-eabi/4.8.4/../../../../arm-none-eabi/lib/armv7e-m/fpu\libg_s.a(lib_a-isattyr.o)
 .ARM.attributes
                0x00000dbf       0x34 c:/freescale/kds_3.0.0/toolchain/bin/../lib/gcc/arm-none-eabi/4.8.4/../../../../arm-none-eabi/lib/armv7e-m/fpu\libg_s.a(lib_a-lseekr.o)
 .ARM.attributes
                0x00000df3       0x34 c:/freescale/kds_3.0.0/toolchain/bin/../lib/gcc/arm-none-eabi/4.8.4/../../../../arm-none-eabi/lib/armv7e-m/fpu\libg_s.a(lib_a-readr.o)
 .ARM.attributes
                0x00000e27       0x34 c:/freescale/kds_3.0.0/toolchain/bin/../lib/gcc/arm-none-eabi/4.8.4/../../../../arm-none-eabi/lib/armv7e-m/fpu\libnosys.a(close.o)
 .ARM.attributes
                0x00000e5b       0x34 c:/freescale/kds_3.0.0/toolchain/bin/../lib/gcc/arm-none-eabi/4.8.4/../../../../arm-none-eabi/lib/armv7e-m/fpu\libnosys.a(fstat.o)
 .ARM.attributes
                0x00000e8f       0x34 c:/freescale/kds_3.0.0/toolchain/bin/../lib/gcc/arm-none-eabi/4.8.4/../../../../arm-none-eabi/lib/armv7e-m/fpu\libnosys.a(isatty.o)
 .ARM.attributes
                0x00000ec3       0x34 c:/freescale/kds_3.0.0/toolchain/bin/../lib/gcc/arm-none-eabi/4.8.4/../../../../arm-none-eabi/lib/armv7e-m/fpu\libnosys.a(lseek.o)
 .ARM.attributes
                0x00000ef7       0x34 c:/freescale/kds_3.0.0/toolchain/bin/../lib/gcc/arm-none-eabi/4.8.4/../../../../arm-none-eabi/lib/armv7e-m/fpu\libnosys.a(read.o)
 .ARM.attributes
                0x00000f2b       0x34 c:/freescale/kds_3.0.0/toolchain/bin/../lib/gcc/arm-none-eabi/4.8.4/../../../../arm-none-eabi/lib/armv7e-m/fpu\libnosys.a(sbrk.o)
 .ARM.attributes
                0x00000f5f       0x34 c:/freescale/kds_3.0.0/toolchain/bin/../lib/gcc/arm-none-eabi/4.8.4/../../../../arm-none-eabi/lib/armv7e-m/fpu\libnosys.a(write.o)
 .ARM.attributes
                0x00000f93       0x34 c:/freescale/kds_3.0.0/toolchain/bin/../lib/gcc/arm-none-eabi/4.8.4/../../../../arm-none-eabi/lib/armv7e-m/fpu\libnosys.a(_exit.o)
 .ARM.attributes
                0x00000fc7       0x22 c:/freescale/kds_3.0.0/toolchain/bin/../lib/gcc/arm-none-eabi/4.8.4/armv7e-m/fpu/crtn.o
OUTPUT(Project.elf elf32-littlearm)

.debug_info     0x00000000     0x9a8f
 .debug_info    0x00000000      0x20b ./Sources/FIFO.o
 .debug_info    0x0000020b      0x797 ./Sources/FTM.o
 .debug_info    0x000009a2      0x974 ./Sources/Flash.o
 .debug_info    0x00001316      0x8fb ./Sources/I2C.o
 .debug_info    0x00001c11      0x490 ./Sources/LEDs.o
 .debug_info    0x000020a1      0x5d0 ./Sources/PIT.o
 .debug_info    0x00002671      0x632 ./Sources/RTC.o
 .debug_info    0x00002ca3      0xa80 ./Sources/UART.o
 .debug_info    0x00003723      0x9af ./Sources/accel.o
 .debug_info    0x000040d2      0x7e4 ./Sources/kiss_fft.o
 .debug_info    0x000048b6      0xbc0 ./Sources/kiss_fftr.o
 .debug_info    0x00005476     0x15d0 ./Sources/main.o
 .debug_info    0x00006a46      0x2ff ./Sources/packet.o
 .debug_info    0x00006d45      0x3b0 ./Project_Settings/Startup_Code/startup.o
 .debug_info    0x000070f5      0xc82 ./Generated_Code/Cpu.o
 .debug_info    0x00007d77      0x14c ./Generated_Code/Vectors.o
 .debug_info    0x00007ec3      0xd02 D:\Embedded Software US\es18aut13\Project\Library\libOS.a(OS.o)
 .debug_info    0x00008bc5      0x46a D:\Embedded Software US\es18aut13\Project\Library\libAnalog.a(analog.o)
 .debug_info    0x0000902f      0xa60 D:\Embedded Software US\es18aut13\Project\Library\libAnalog.a(SPI.o)

.debug_abbrev   0x00000000     0x2011
 .debug_abbrev  0x00000000       0xce ./Sources/FIFO.o
 .debug_abbrev  0x000000ce      0x1d2 ./Sources/FTM.o
 .debug_abbrev  0x000002a0      0x23c ./Sources/Flash.o
 .debug_abbrev  0x000004dc      0x1fb ./Sources/I2C.o
 .debug_abbrev  0x000006d7      0x144 ./Sources/LEDs.o
 .debug_abbrev  0x0000081b      0x188 ./Sources/PIT.o
 .debug_abbrev  0x000009a3      0x168 ./Sources/RTC.o
 .debug_abbrev  0x00000b0b      0x232 ./Sources/UART.o
 .debug_abbrev  0x00000d3d      0x207 ./Sources/accel.o
 .debug_abbrev  0x00000f44      0x1dd ./Sources/kiss_fft.o
 .debug_abbrev  0x00001121      0x1f3 ./Sources/kiss_fftr.o
 .debug_abbrev  0x00001314      0x232 ./Sources/main.o
 .debug_abbrev  0x00001546       0xec ./Sources/packet.o
 .debug_abbrev  0x00001632      0x189 ./Project_Settings/Startup_Code/startup.o
 .debug_abbrev  0x000017bb      0x185 ./Generated_Code/Cpu.o
 .debug_abbrev  0x00001940       0xb3 ./Generated_Code/Vectors.o
 .debug_abbrev  0x000019f3      0x2f8 D:\Embedded Software US\es18aut13\Project\Library\libOS.a(OS.o)
 .debug_abbrev  0x00001ceb      0x151 D:\Embedded Software US\es18aut13\Project\Library\libAnalog.a(analog.o)
 .debug_abbrev  0x00001e3c      0x1d5 D:\Embedded Software US\es18aut13\Project\Library\libAnalog.a(SPI.o)

.debug_aranges  0x00000000      0x6a8
 .debug_aranges
                0x00000000       0x30 ./Sources/FIFO.o
 .debug_aranges
                0x00000030       0x38 ./Sources/FTM.o
 .debug_aranges
                0x00000068       0x90 ./Sources/Flash.o
 .debug_aranges
                0x000000f8       0x70 ./Sources/I2C.o
 .debug_aranges
                0x00000168       0x38 ./Sources/LEDs.o
 .debug_aranges
                0x000001a0       0x38 ./Sources/PIT.o
 .debug_aranges
                0x000001d8       0x38 ./Sources/RTC.o
 .debug_aranges
                0x00000210       0x48 ./Sources/UART.o
 .debug_aranges
                0x00000258       0x38 ./Sources/accel.o
 .debug_aranges
                0x00000290       0x78 ./Sources/kiss_fft.o
 .debug_aranges
                0x00000308       0x30 ./Sources/kiss_fftr.o
 .debug_aranges
                0x00000338      0x148 ./Sources/main.o
 .debug_aranges
                0x00000480       0x30 ./Sources/packet.o
 .debug_aranges
                0x000004b0       0x50 ./Project_Settings/Startup_Code/startup.o
 .debug_aranges
                0x00000500       0x38 ./Generated_Code/Cpu.o
 .debug_aranges
                0x00000538       0x18 ./Generated_Code/Vectors.o
 .debug_aranges
                0x00000550       0xc8 D:\Embedded Software US\es18aut13\Project\Library\libOS.a(OS.o)
 .debug_aranges
                0x00000618       0x38 D:\Embedded Software US\es18aut13\Project\Library\libAnalog.a(analog.o)
 .debug_aranges
                0x00000650       0x58 D:\Embedded Software US\es18aut13\Project\Library\libAnalog.a(SPI.o)

.debug_ranges   0x00000000      0x570
 .debug_ranges  0x00000000       0x20 ./Sources/FIFO.o
 .debug_ranges  0x00000020       0x28 ./Sources/FTM.o
 .debug_ranges  0x00000048       0x80 ./Sources/Flash.o
 .debug_ranges  0x000000c8       0x60 ./Sources/I2C.o
 .debug_ranges  0x00000128       0x28 ./Sources/LEDs.o
 .debug_ranges  0x00000150       0x28 ./Sources/PIT.o
 .debug_ranges  0x00000178       0x28 ./Sources/RTC.o
 .debug_ranges  0x000001a0       0x38 ./Sources/UART.o
 .debug_ranges  0x000001d8       0x28 ./Sources/accel.o
 .debug_ranges  0x00000200       0x68 ./Sources/kiss_fft.o
 .debug_ranges  0x00000268       0x20 ./Sources/kiss_fftr.o
 .debug_ranges  0x00000288      0x138 ./Sources/main.o
 .debug_ranges  0x000003c0       0x20 ./Sources/packet.o
 .debug_ranges  0x000003e0       0x40 ./Project_Settings/Startup_Code/startup.o
 .debug_ranges  0x00000420       0x28 ./Generated_Code/Cpu.o
 .debug_ranges  0x00000448       0xb8 D:\Embedded Software US\es18aut13\Project\Library\libOS.a(OS.o)
 .debug_ranges  0x00000500       0x28 D:\Embedded Software US\es18aut13\Project\Library\libAnalog.a(analog.o)
 .debug_ranges  0x00000528       0x48 D:\Embedded Software US\es18aut13\Project\Library\libAnalog.a(SPI.o)

.debug_macro    0x00000000    0x1b3c6
 .debug_macro   0x00000000       0xaf ./Sources/FIFO.o
 .debug_macro   0x000000af       0x22 ./Sources/FIFO.o
 .debug_macro   0x000000d1       0x3c ./Sources/FIFO.o
 .debug_macro   0x0000010d     0x1800 ./Sources/FIFO.o
 .debug_macro   0x0000190d       0xa9 ./Sources/FTM.o
 .debug_macro   0x000019b6       0x7f ./Sources/Flash.o
 .debug_macro   0x00001a35       0x16 ./Sources/Flash.o
 .debug_macro   0x00001a4b    0x174af ./Sources/Flash.o
 .debug_macro   0x00018efa       0x16 ./Sources/Flash.o
 .debug_macro   0x00018f10       0xad ./Sources/I2C.o
 .debug_macro   0x00018fbd       0x6d ./Sources/LEDs.o
 .debug_macro   0x0001902a       0xbc ./Sources/PIT.o
 .debug_macro   0x000190e6       0x10 ./Sources/PIT.o
 .debug_macro   0x000190f6       0xa9 ./Sources/RTC.o
 .debug_macro   0x0001919f       0xbd ./Sources/UART.o
 .debug_macro   0x0001925c      0x211 ./Sources/accel.o
 .debug_macro   0x0001946d       0x9a ./Sources/accel.o
 .debug_macro   0x00019507      0x1be ./Sources/kiss_fft.o
 .debug_macro   0x000196c5       0x58 ./Sources/kiss_fft.o
 .debug_macro   0x0001971d       0x35 ./Sources/kiss_fft.o
 .debug_macro   0x00019752       0xa3 ./Sources/kiss_fft.o
 .debug_macro   0x000197f5       0x16 ./Sources/kiss_fft.o
 .debug_macro   0x0001980b      0x10e ./Sources/kiss_fft.o
 .debug_macro   0x00019919       0x7f ./Sources/kiss_fft.o
 .debug_macro   0x00019998       0x4a ./Sources/kiss_fft.o
 .debug_macro   0x000199e2       0x52 ./Sources/kiss_fft.o
 .debug_macro   0x00019a34       0x16 ./Sources/kiss_fft.o
 .debug_macro   0x00019a4a       0x43 ./Sources/kiss_fft.o
 .debug_macro   0x00019a8d      0x180 ./Sources/kiss_fft.o
 .debug_macro   0x00019c0d       0x22 ./Sources/kiss_fft.o
 .debug_macro   0x00019c2f       0x1c ./Sources/kiss_fft.o
 .debug_macro   0x00019c4b       0x35 ./Sources/kiss_fft.o
 .debug_macro   0x00019c80       0x10 ./Sources/kiss_fft.o
 .debug_macro   0x00019c90       0x10 ./Sources/kiss_fft.o
 .debug_macro   0x00019ca0       0x22 ./Sources/kiss_fft.o
 .debug_macro   0x00019cc2       0xbd ./Sources/kiss_fft.o
 .debug_macro   0x00019d7f       0x16 ./Sources/kiss_fft.o
 .debug_macro   0x00019d95      0x14a ./Sources/kiss_fft.o
 .debug_macro   0x00019edf       0xde ./Sources/kiss_fft.o
 .debug_macro   0x00019fbd      0x2a6 ./Sources/kiss_fft.o
 .debug_macro   0x0001a263       0x10 ./Sources/kiss_fft.o
 .debug_macro   0x0001a273      0x20f ./Sources/kiss_fft.o
 .debug_macro   0x0001a482       0x28 ./Sources/kiss_fft.o
 .debug_macro   0x0001a4aa       0x2b ./Sources/kiss_fft.o
 .debug_macro   0x0001a4d5       0xee ./Sources/kiss_fft.o
 .debug_macro   0x0001a5c3       0x9b ./Sources/kiss_fft.o
 .debug_macro   0x0001a65e      0x1ce ./Sources/kiss_fftr.o
 .debug_macro   0x0001a82c      0x2d4 ./Sources/main.o
 .debug_macro   0x0001ab00       0x10 ./Sources/main.o
 .debug_macro   0x0001ab10       0x3a ./Sources/main.o
 .debug_macro   0x0001ab4a       0x10 ./Sources/main.o
 .debug_macro   0x0001ab5a       0xc2 ./Sources/packet.o
 .debug_macro   0x0001ac1c      0x121 ./Project_Settings/Startup_Code/startup.o
 .debug_macro   0x0001ad3d      0x166 ./Project_Settings/Startup_Code/startup.o
 .debug_macro   0x0001aea3       0x84 ./Generated_Code/Cpu.o
 .debug_macro   0x0001af27       0xa0 ./Generated_Code/Cpu.o
 .debug_macro   0x0001afc7       0xf5 ./Generated_Code/Vectors.o
 .debug_macro   0x0001b0bc       0x36 ./Generated_Code/Vectors.o
 .debug_macro   0x0001b0f2       0xa3 D:\Embedded Software US\es18aut13\Project\Library\libOS.a(OS.o)
 .debug_macro   0x0001b195       0x94 D:\Embedded Software US\es18aut13\Project\Library\libOS.a(OS.o)
 .debug_macro   0x0001b229       0x30 D:\Embedded Software US\es18aut13\Project\Library\libOS.a(OS.o)
 .debug_macro   0x0001b259       0xf5 D:\Embedded Software US\es18aut13\Project\Library\libAnalog.a(analog.o)
 .debug_macro   0x0001b34e       0x10 D:\Embedded Software US\es18aut13\Project\Library\libAnalog.a(analog.o)
 .debug_macro   0x0001b35e       0x68 D:\Embedded Software US\es18aut13\Project\Library\libAnalog.a(SPI.o)

.debug_line     0x00000000     0x46b5
 .debug_line    0x00000000      0x2c5 ./Sources/FIFO.o
 .debug_line    0x000002c5      0x307 ./Sources/FTM.o
 .debug_line    0x000005cc      0x394 ./Sources/Flash.o
 .debug_line    0x00000960      0x3f9 ./Sources/I2C.o
 .debug_line    0x00000d59      0x225 ./Sources/LEDs.o
 .debug_line    0x00000f7e      0x332 ./Sources/PIT.o
 .debug_line    0x000012b0      0x2ea ./Sources/RTC.o
 .debug_line    0x0000159a      0x341 ./Sources/UART.o
 .debug_line    0x000018db      0x329 ./Sources/accel.o
 .debug_line    0x00001c04      0x679 ./Sources/kiss_fft.o
 .debug_line    0x0000227d      0x46b ./Sources/kiss_fftr.o
 .debug_line    0x000026e8      0xa70 ./Sources/main.o
 .debug_line    0x00003158      0x2de ./Sources/packet.o
 .debug_line    0x00003436      0x3d4 ./Project_Settings/Startup_Code/startup.o
 .debug_line    0x0000380a      0x27b ./Generated_Code/Cpu.o
 .debug_line    0x00003a85      0x2c7 ./Generated_Code/Vectors.o
 .debug_line    0x00003d4c      0x496 D:\Embedded Software US\es18aut13\Project\Library\libOS.a(OS.o)
 .debug_line    0x000041e2      0x200 D:\Embedded Software US\es18aut13\Project\Library\libAnalog.a(analog.o)
 .debug_line    0x000043e2      0x2d3 D:\Embedded Software US\es18aut13\Project\Library\libAnalog.a(SPI.o)

.debug_str      0x00000000    0x91fe9
 .debug_str     0x00000000    0x8a675 ./Sources/FIFO.o
                              0x8a7fe (size before relaxing)
 .debug_str     0x0008a675      0x3b0 ./Sources/FTM.o
                              0x8ab40 (size before relaxing)
 .debug_str     0x0008aa25      0x301 ./Sources/Flash.o
                              0x83200 (size before relaxing)
 .debug_str     0x0008ad26      0x222 ./Sources/I2C.o
                              0x8ab06 (size before relaxing)
 .debug_str     0x0008af48       0xa6 ./Sources/LEDs.o
                              0x82eec (size before relaxing)
 .debug_str     0x0008afee      0x109 ./Sources/PIT.o
                              0x8a9c9 (size before relaxing)
 .debug_str     0x0008b0f7       0x9d ./Sources/RTC.o
                              0x8a96b (size before relaxing)
 .debug_str     0x0008b194      0x235 ./Sources/UART.o
                              0x8abb0 (size before relaxing)
 .debug_str     0x0008b3c9      0xa39 ./Sources/accel.o
                              0x8b4f2 (size before relaxing)
 .debug_str     0x0008be02     0x406c ./Sources/kiss_fft.o
                               0x70cb (size before relaxing)
 .debug_str     0x0008fe6e      0x452 ./Sources/kiss_fftr.o
                               0x7425 (size before relaxing)
 .debug_str     0x000902c0      0xcc8 ./Sources/main.o
                              0x8efc9 (size before relaxing)
 .debug_str     0x00090f88       0x4f ./Sources/packet.o
                              0x8aa8d (size before relaxing)
 .debug_str     0x00090fd7      0x182 ./Project_Settings/Startup_Code/startup.o
                              0x853f0 (size before relaxing)
 .debug_str     0x00091159      0x1e3 ./Generated_Code/Cpu.o
                              0x8aa21 (size before relaxing)
 .debug_str     0x0009133c       0x1c ./Generated_Code/Vectors.o
                              0x8a854 (size before relaxing)
 .debug_str     0x00091358      0x39a D:\Embedded Software US\es18aut13\Project\Library\libOS.a(OS.o)
                              0x8ad2a (size before relaxing)
 .debug_str     0x000916f2      0x55a D:\Embedded Software US\es18aut13\Project\Library\libAnalog.a(analog.o)
                               0x3866 (size before relaxing)
 .debug_str     0x00091c4c      0x39d D:\Embedded Software US\es18aut13\Project\Library\libAnalog.a(SPI.o)
                              0x83389 (size before relaxing)

.comment        0x00000000       0x70
 .comment       0x00000000       0x70 ./Sources/FIFO.o
                                 0x71 (size before relaxing)
 .comment       0x00000000       0x71 ./Sources/FTM.o
 .comment       0x00000000       0x71 ./Sources/Flash.o
 .comment       0x00000000       0x71 ./Sources/I2C.o
 .comment       0x00000000       0x71 ./Sources/LEDs.o
 .comment       0x00000000       0x71 ./Sources/PIT.o
 .comment       0x00000000       0x71 ./Sources/RTC.o
 .comment       0x00000000       0x71 ./Sources/UART.o
 .comment       0x00000000       0x71 ./Sources/accel.o
 .comment       0x00000000       0x71 ./Sources/kiss_fft.o
 .comment       0x00000000       0x71 ./Sources/kiss_fftr.o
 .comment       0x00000000       0x71 ./Sources/main.o
 .comment       0x00000000       0x71 ./Sources/packet.o
 .comment       0x00000000       0x71 ./Project_Settings/Startup_Code/startup.o
 .comment       0x00000000       0x71 ./Generated_Code/Cpu.o
 .comment       0x00000000       0x71 ./Generated_Code/Vectors.o
 .comment       0x00000000       0x71 D:\Embedded Software US\es18aut13\Project\Library\libOS.a(OS.o)
 .comment       0x00000000       0x71 D:\Embedded Software US\es18aut13\Project\Library\libAnalog.a(analog.o)
 .comment       0x00000000       0x71 D:\Embedded Software US\es18aut13\Project\Library\libAnalog.a(SPI.o)

.debug_frame    0x00000000     0x1e30
 .debug_frame   0x00000000       0x70 ./Sources/FIFO.o
 .debug_frame   0x00000070       0x88 ./Sources/FTM.o
 .debug_frame   0x000000f8      0x1f8 ./Sources/Flash.o
 .debug_frame   0x000002f0      0x148 ./Sources/I2C.o
 .debug_frame   0x00000438       0x7c ./Sources/LEDs.o
 .debug_frame   0x000004b4       0x8c ./Sources/PIT.o
 .debug_frame   0x00000540       0x8c ./Sources/RTC.o
 .debug_frame   0x000005cc       0xd4 ./Sources/UART.o
 .debug_frame   0x000006a0       0x94 ./Sources/accel.o
 .debug_frame   0x00000734      0x1b8 ./Sources/kiss_fft.o
 .debug_frame   0x000008ec       0x8c ./Sources/kiss_fftr.o
 .debug_frame   0x00000978      0x4c0 ./Sources/main.o
 .debug_frame   0x00000e38       0x70 ./Sources/packet.o
 .debug_frame   0x00000ea8       0xc0 ./Project_Settings/Startup_Code/startup.o
 .debug_frame   0x00000f68       0x80 ./Generated_Code/Cpu.o
 .debug_frame   0x00000fe8      0x2a0 D:\Embedded Software US\es18aut13\Project\Library\libOS.a(OS.o)
 .debug_frame   0x00001288       0x90 D:\Embedded Software US\es18aut13\Project\Library\libAnalog.a(analog.o)
 .debug_frame   0x00001318      0x100 D:\Embedded Software US\es18aut13\Project\Library\libAnalog.a(SPI.o)
 .debug_frame   0x00001418       0x28 c:/freescale/kds_3.0.0/toolchain/bin/../lib/gcc/arm-none-eabi/4.8.4/../../../../arm-none-eabi/lib/armv7e-m/fpu\libm.a(lib_a-s_cos.o)
 .debug_frame   0x00001440       0x38 c:/freescale/kds_3.0.0/toolchain/bin/../lib/gcc/arm-none-eabi/4.8.4/../../../../arm-none-eabi/lib/armv7e-m/fpu\libm.a(lib_a-s_floor.o)
 .debug_frame   0x00001478       0x28 c:/freescale/kds_3.0.0/toolchain/bin/../lib/gcc/arm-none-eabi/4.8.4/../../../../arm-none-eabi/lib/armv7e-m/fpu\libm.a(lib_a-s_sin.o)
 .debug_frame   0x000014a0       0x38 c:/freescale/kds_3.0.0/toolchain/bin/../lib/gcc/arm-none-eabi/4.8.4/../../../../arm-none-eabi/lib/armv7e-m/fpu\libm.a(lib_a-w_sqrt.o)
 .debug_frame   0x000014d8       0x38 c:/freescale/kds_3.0.0/toolchain/bin/../lib/gcc/arm-none-eabi/4.8.4/../../../../arm-none-eabi/lib/armv7e-m/fpu\libm.a(lib_a-e_rem_pio2.o)
 .debug_frame   0x00001510       0x3c c:/freescale/kds_3.0.0/toolchain/bin/../lib/gcc/arm-none-eabi/4.8.4/../../../../arm-none-eabi/lib/armv7e-m/fpu\libm.a(lib_a-e_sqrt.o)
 .debug_frame   0x0000154c       0x40 c:/freescale/kds_3.0.0/toolchain/bin/../lib/gcc/arm-none-eabi/4.8.4/../../../../arm-none-eabi/lib/armv7e-m/fpu\libm.a(lib_a-k_cos.o)
 .debug_frame   0x0000158c       0x3c c:/freescale/kds_3.0.0/toolchain/bin/../lib/gcc/arm-none-eabi/4.8.4/../../../../arm-none-eabi/lib/armv7e-m/fpu\libm.a(lib_a-k_rem_pio2.o)
 .debug_frame   0x000015c8       0x40 c:/freescale/kds_3.0.0/toolchain/bin/../lib/gcc/arm-none-eabi/4.8.4/../../../../arm-none-eabi/lib/armv7e-m/fpu\libm.a(lib_a-k_sin.o)
 .debug_frame   0x00001608       0x20 c:/freescale/kds_3.0.0/toolchain/bin/../lib/gcc/arm-none-eabi/4.8.4/../../../../arm-none-eabi/lib/armv7e-m/fpu\libm.a(lib_a-s_fabs.o)
 .debug_frame   0x00001628       0x28 c:/freescale/kds_3.0.0/toolchain/bin/../lib/gcc/arm-none-eabi/4.8.4/../../../../arm-none-eabi/lib/armv7e-m/fpu\libm.a(lib_a-s_fpclassify.o)
 .debug_frame   0x00001650       0x20 c:/freescale/kds_3.0.0/toolchain/bin/../lib/gcc/arm-none-eabi/4.8.4/../../../../arm-none-eabi/lib/armv7e-m/fpu\libm.a(lib_a-s_matherr.o)
 .debug_frame   0x00001670       0x2c c:/freescale/kds_3.0.0/toolchain/bin/../lib/gcc/arm-none-eabi/4.8.4/../../../../arm-none-eabi/lib/armv7e-m/fpu\libm.a(lib_a-s_scalbn.o)
 .debug_frame   0x0000169c       0x28 c:/freescale/kds_3.0.0/toolchain/bin/../lib/gcc/arm-none-eabi/4.8.4/../../../../arm-none-eabi/lib/armv7e-m/fpu\libm.a(lib_a-s_copysign.o)
 .debug_frame   0x000016c4       0x50 c:/freescale/kds_3.0.0/toolchain/bin/../lib/gcc/arm-none-eabi/4.8.4/armv7e-m/fpu\libgcc.a(bpabi.o)
 .debug_frame   0x00001714       0x34 c:/freescale/kds_3.0.0/toolchain/bin/../lib/gcc/arm-none-eabi/4.8.4/armv7e-m/fpu\libgcc.a(_divdi3.o)
 .debug_frame   0x00001748       0x34 c:/freescale/kds_3.0.0/toolchain/bin/../lib/gcc/arm-none-eabi/4.8.4/armv7e-m/fpu\libgcc.a(_udivdi3.o)
 .debug_frame   0x0000177c       0x20 c:/freescale/kds_3.0.0/toolchain/bin/../lib/gcc/arm-none-eabi/4.8.4/../../../../arm-none-eabi/lib/armv7e-m/fpu\libg_s.a(lib_a-errno.o)
 .debug_frame   0x0000179c       0x28 c:/freescale/kds_3.0.0/toolchain/bin/../lib/gcc/arm-none-eabi/4.8.4/../../../../arm-none-eabi/lib/armv7e-m/fpu\libg_s.a(lib_a-exit.o)
 .debug_frame   0x000017c4       0x54 c:/freescale/kds_3.0.0/toolchain/bin/../lib/gcc/arm-none-eabi/4.8.4/../../../../arm-none-eabi/lib/armv7e-m/fpu\libg_s.a(lib_a-fwrite.o)
 .debug_frame   0x00001818       0x2c c:/freescale/kds_3.0.0/toolchain/bin/../lib/gcc/arm-none-eabi/4.8.4/../../../../arm-none-eabi/lib/armv7e-m/fpu\libg_s.a(lib_a-init.o)
 .debug_frame   0x00001844       0x30 c:/freescale/kds_3.0.0/toolchain/bin/../lib/gcc/arm-none-eabi/4.8.4/../../../../arm-none-eabi/lib/armv7e-m/fpu\libg_s.a(lib_a-malloc.o)
 .debug_frame   0x00001874       0x28 c:/freescale/kds_3.0.0/toolchain/bin/../lib/gcc/arm-none-eabi/4.8.4/../../../../arm-none-eabi/lib/armv7e-m/fpu\libg_s.a(lib_a-memcpy-stub.o)
 .debug_frame   0x0000189c       0x20 c:/freescale/kds_3.0.0/toolchain/bin/../lib/gcc/arm-none-eabi/4.8.4/../../../../arm-none-eabi/lib/armv7e-m/fpu\libg_s.a(lib_a-memset.o)
 .debug_frame   0x000018bc       0x2c c:/freescale/kds_3.0.0/toolchain/bin/../lib/gcc/arm-none-eabi/4.8.4/../../../../arm-none-eabi/lib/armv7e-m/fpu\libg_s.a(lib_a-nano-freer.o)
 .debug_frame   0x000018e8       0x2c c:/freescale/kds_3.0.0/toolchain/bin/../lib/gcc/arm-none-eabi/4.8.4/../../../../arm-none-eabi/lib/armv7e-m/fpu\libg_s.a(lib_a-nano-mallocr.o)
 .debug_frame   0x00001914       0x2c c:/freescale/kds_3.0.0/toolchain/bin/../lib/gcc/arm-none-eabi/4.8.4/../../../../arm-none-eabi/lib/armv7e-m/fpu\libg_s.a(lib_a-sbrkr.o)
 .debug_frame   0x00001940       0x3c c:/freescale/kds_3.0.0/toolchain/bin/../lib/gcc/arm-none-eabi/4.8.4/../../../../arm-none-eabi/lib/armv7e-m/fpu\libg_s.a(lib_a-wbuf.o)
 .debug_frame   0x0000197c       0x2c c:/freescale/kds_3.0.0/toolchain/bin/../lib/gcc/arm-none-eabi/4.8.4/../../../../arm-none-eabi/lib/armv7e-m/fpu\libg_s.a(lib_a-wsetup.o)
 .debug_frame   0x000019a8       0x5c c:/freescale/kds_3.0.0/toolchain/bin/../lib/gcc/arm-none-eabi/4.8.4/../../../../arm-none-eabi/lib/armv7e-m/fpu\libg_s.a(lib_a-fflush.o)
 .debug_frame   0x00001a04      0x12c c:/freescale/kds_3.0.0/toolchain/bin/../lib/gcc/arm-none-eabi/4.8.4/../../../../arm-none-eabi/lib/armv7e-m/fpu\libg_s.a(lib_a-findfp.o)
 .debug_frame   0x00001b30       0x30 c:/freescale/kds_3.0.0/toolchain/bin/../lib/gcc/arm-none-eabi/4.8.4/../../../../arm-none-eabi/lib/armv7e-m/fpu\libg_s.a(lib_a-makebuf.o)
 .debug_frame   0x00001b60       0x48 c:/freescale/kds_3.0.0/toolchain/bin/../lib/gcc/arm-none-eabi/4.8.4/../../../../arm-none-eabi/lib/armv7e-m/fpu\libg_s.a(lib_a-reent.o)
 .debug_frame   0x00001ba8       0x80 c:/freescale/kds_3.0.0/toolchain/bin/../lib/gcc/arm-none-eabi/4.8.4/../../../../arm-none-eabi/lib/armv7e-m/fpu\libg_s.a(lib_a-stdio.o)
 .debug_frame   0x00001c28       0x2c c:/freescale/kds_3.0.0/toolchain/bin/../lib/gcc/arm-none-eabi/4.8.4/../../../../arm-none-eabi/lib/armv7e-m/fpu\libg_s.a(lib_a-writer.o)
 .debug_frame   0x00001c54       0x2c c:/freescale/kds_3.0.0/toolchain/bin/../lib/gcc/arm-none-eabi/4.8.4/../../../../arm-none-eabi/lib/armv7e-m/fpu\libg_s.a(lib_a-closer.o)
 .debug_frame   0x00001c80       0x2c c:/freescale/kds_3.0.0/toolchain/bin/../lib/gcc/arm-none-eabi/4.8.4/../../../../arm-none-eabi/lib/armv7e-m/fpu\libg_s.a(lib_a-fstatr.o)
 .debug_frame   0x00001cac       0x2c c:/freescale/kds_3.0.0/toolchain/bin/../lib/gcc/arm-none-eabi/4.8.4/../../../../arm-none-eabi/lib/armv7e-m/fpu\libg_s.a(lib_a-isattyr.o)
 .debug_frame   0x00001cd8       0x2c c:/freescale/kds_3.0.0/toolchain/bin/../lib/gcc/arm-none-eabi/4.8.4/../../../../arm-none-eabi/lib/armv7e-m/fpu\libg_s.a(lib_a-lseekr.o)