Archive member included because of file (symbol)

D:\Embedded Software US\es18aut13\Project\Library\libOS.a(OS.o)
                              ./Sources/main.o (OS_Init)
D:\Embedded Software US\es18aut13\Project\Library\libAnalog.a(analog.o)
                              ./Sources/main.o (Analog_Init)
D:\Embedded Software US\es18aut13\Project\Library\libAnalog.a(SPI.o)
                              D:\Embedded Software US\es18aut13\Project\Library\libAnalog.a(analog.o) (SPI_Init)
c:/freescale/kds_3.0.0/toolchain/bin/../lib/gcc/arm-none-eabi/4.8.4/../../../../arm-none-eabi/lib/armv7e-m/fpu\libm.a(lib_a-wf_sqrt.o)
                              ./Sources/main.o (sqrtf)
c:/freescale/kds_3.0.0/toolchain/bin/../lib/gcc/arm-none-eabi/4.8.4/../../../../arm-none-eabi/lib/armv7e-m/fpu\libm.a(lib_a-ef_sqrt.o)
                              c:/freescale/kds_3.0.0/toolchain/bin/../lib/gcc/arm-none-eabi/4.8.4/../../../../arm-none-eabi/lib/armv7e-m/fpu\libm.a(lib_a-wf_sqrt.o) (__ieee754_sqrtf)
c:/freescale/kds_3.0.0/toolchain/bin/../lib/gcc/arm-none-eabi/4.8.4/../../../../arm-none-eabi/lib/armv7e-m/fpu\libm.a(lib_a-s_lib_ver.o)
                              c:/freescale/kds_3.0.0/toolchain/bin/../lib/gcc/arm-none-eabi/4.8.4/../../../../arm-none-eabi/lib/armv7e-m/fpu\libm.a(lib_a-wf_sqrt.o) (__fdlib_version)
c:/freescale/kds_3.0.0/toolchain/bin/../lib/gcc/arm-none-eabi/4.8.4/../../../../arm-none-eabi/lib/armv7e-m/fpu\libm.a(lib_a-s_matherr.o)
                              c:/freescale/kds_3.0.0/toolchain/bin/../lib/gcc/arm-none-eabi/4.8.4/../../../../arm-none-eabi/lib/armv7e-m/fpu\libm.a(lib_a-wf_sqrt.o) (matherr)
c:/freescale/kds_3.0.0/toolchain/bin/../lib/gcc/arm-none-eabi/4.8.4/../../../../arm-none-eabi/lib/armv7e-m/fpu\libm.a(lib_a-sf_fpclassify.o)
                              c:/freescale/kds_3.0.0/toolchain/bin/../lib/gcc/arm-none-eabi/4.8.4/../../../../arm-none-eabi/lib/armv7e-m/fpu\libm.a(lib_a-wf_sqrt.o) (__fpclassifyf)
c:/freescale/kds_3.0.0/toolchain/bin/../lib/gcc/arm-none-eabi/4.8.4/armv7e-m/fpu\libgcc.a(_arm_addsubdf3.o)
                              c:/freescale/kds_3.0.0/toolchain/bin/../lib/gcc/arm-none-eabi/4.8.4/../../../../arm-none-eabi/lib/armv7e-m/fpu\libm.a(lib_a-wf_sqrt.o) (__aeabi_f2d)
c:/freescale/kds_3.0.0/toolchain/bin/../lib/gcc/arm-none-eabi/4.8.4/armv7e-m/fpu\libgcc.a(_arm_muldivdf3.o)
                              c:/freescale/kds_3.0.0/toolchain/bin/../lib/gcc/arm-none-eabi/4.8.4/../../../../arm-none-eabi/lib/armv7e-m/fpu\libm.a(lib_a-wf_sqrt.o) (__aeabi_ddiv)
c:/freescale/kds_3.0.0/toolchain/bin/../lib/gcc/arm-none-eabi/4.8.4/armv7e-m/fpu\libgcc.a(_arm_truncdfsf2.o)
                              c:/freescale/kds_3.0.0/toolchain/bin/../lib/gcc/arm-none-eabi/4.8.4/../../../../arm-none-eabi/lib/armv7e-m/fpu\libm.a(lib_a-wf_sqrt.o) (__aeabi_d2f)
c:/freescale/kds_3.0.0/toolchain/bin/../lib/gcc/arm-none-eabi/4.8.4/armv7e-m/fpu\libgcc.a(_arm_addsubsf3.o)
                              ./Sources/main.o (__aeabi_ul2f)
c:/freescale/kds_3.0.0/toolchain/bin/../lib/gcc/arm-none-eabi/4.8.4/armv7e-m/fpu\libgcc.a(_aeabi_ldivmod.o)
                              ./Sources/main.o (__aeabi_ldivmod)
c:/freescale/kds_3.0.0/toolchain/bin/../lib/gcc/arm-none-eabi/4.8.4/armv7e-m/fpu\libgcc.a(bpabi.o)
                              c:/freescale/kds_3.0.0/toolchain/bin/../lib/gcc/arm-none-eabi/4.8.4/armv7e-m/fpu\libgcc.a(_aeabi_ldivmod.o) (__gnu_ldivmod_helper)
c:/freescale/kds_3.0.0/toolchain/bin/../lib/gcc/arm-none-eabi/4.8.4/armv7e-m/fpu\libgcc.a(_dvmd_tls.o)
                              c:/freescale/kds_3.0.0/toolchain/bin/../lib/gcc/arm-none-eabi/4.8.4/armv7e-m/fpu\libgcc.a(_aeabi_ldivmod.o) (__aeabi_ldiv0)
c:/freescale/kds_3.0.0/toolchain/bin/../lib/gcc/arm-none-eabi/4.8.4/armv7e-m/fpu\libgcc.a(_divdi3.o)
                              c:/freescale/kds_3.0.0/toolchain/bin/../lib/gcc/arm-none-eabi/4.8.4/armv7e-m/fpu\libgcc.a(bpabi.o) (__divdi3)
c:/freescale/kds_3.0.0/toolchain/bin/../lib/gcc/arm-none-eabi/4.8.4/armv7e-m/fpu\libgcc.a(_udivdi3.o)
                              c:/freescale/kds_3.0.0/toolchain/bin/../lib/gcc/arm-none-eabi/4.8.4/armv7e-m/fpu\libgcc.a(bpabi.o) (__udivdi3)
c:/freescale/kds_3.0.0/toolchain/bin/../lib/gcc/arm-none-eabi/4.8.4/../../../../arm-none-eabi/lib/armv7e-m/fpu\libg_s.a(lib_a-errno.o)
                              c:/freescale/kds_3.0.0/toolchain/bin/../lib/gcc/arm-none-eabi/4.8.4/../../../../arm-none-eabi/lib/armv7e-m/fpu\libm.a(lib_a-wf_sqrt.o) (__errno)
c:/freescale/kds_3.0.0/toolchain/bin/../lib/gcc/arm-none-eabi/4.8.4/../../../../arm-none-eabi/lib/armv7e-m/fpu\libg_s.a(lib_a-exit.o)
                              c:/freescale/kds_3.0.0/toolchain/bin/../lib/gcc/arm-none-eabi/4.8.4/../../../../arm-none-eabi/lib/armv7e-m/fpu/crt0.o (exit)
c:/freescale/kds_3.0.0/toolchain/bin/../lib/gcc/arm-none-eabi/4.8.4/../../../../arm-none-eabi/lib/armv7e-m/fpu\libg_s.a(lib_a-impure.o)
[...]
Memory Configuration

Name             Origin             Length             Attributes
m_interrupts     0x00000000         0x000001e8         xr
m_text           0x00000410         0x0007fbf0         xr
m_data           0x1fff0000         0x00010000         rw
m_data_20000000  0x20000000         0x00010000         rw
m_cfmprotrom     0x00000400         0x00000010         xr
*default*        0x00000000         0xffffffff

Linker script and memory map

LOAD c:/freescale/kds_3.0.0/toolchain/bin/../lib/gcc/arm-none-eabi/4.8.4/armv7e-m/fpu/crti.o
LOAD c:/freescale/kds_3.0.0/toolchain/bin/../lib/gcc/arm-none-eabi/4.8.4/armv7e-m/fpu/crtbegin.o
LOAD c:/freescale/kds_3.0.0/toolchain/bin/../lib/gcc/arm-none-eabi/4.8.4/../../../../arm-none-eabi/lib/armv7e-m/fpu/crt0.o
LOAD ./Sources/Events.o
LOAD ./Sources/FIFO.o
LOAD ./Sources/FTM.o
LOAD ./Sources/Flash.o
LOAD ./Sources/I2C.o
LOAD ./Sources/LEDs.o
LOAD ./Sources/PIT.o
LOAD ./Sources/RTC.o
LOAD ./Sources/UART.o
LOAD ./Sources/accel.o
LOAD ./Sources/main.o
LOAD ./Sources/main_sample.o
LOAD ./Sources/median.o
LOAD ./Sources/packet.o
LOAD ./Project_Settings/Startup_Code/startup.o
LOAD ./Generated_Code/Cpu.o
LOAD ./Generated_Code/Vectors.o
LOAD D:\Embedded Software US\es18aut13\Project\Library\libOS.a
LOAD D:\Embedded Software US\es18aut13\Project\Library\libAnalog.a
LOAD c:/freescale/kds_3.0.0/toolchain/bin/../lib/gcc/arm-none-eabi/4.8.4/../../../../arm-none-eabi/lib/armv7e-m/fpu\libstdc++_s.a
LOAD c:/freescale/kds_3.0.0/toolchain/bin/../lib/gcc/arm-none-eabi/4.8.4/../../../../arm-none-eabi/lib/armv7e-m/fpu\libm.a
START GROUP
LOAD c:/freescale/kds_3.0.0/toolchain/bin/../lib/gcc/arm-none-eabi/4.8.4/armv7e-m/fpu\libgcc.a
LOAD c:/freescale/kds_3.0.0/toolchain/bin/../lib/gcc/arm-none-eabi/4.8.4/../../../../arm-none-eabi/lib/armv7e-m/fpu\libg_s.a
LOAD c:/freescale/kds_3.0.0/toolchain/bin/../lib/gcc/arm-none-eabi/4.8.4/../../../../arm-none-eabi/lib/armv7e-m/fpu\libc_s.a
END GROUP
START GROUP
LOAD c:/freescale/kds_3.0.0/toolchain/bin/../lib/gcc/arm-none-eabi/4.8.4/armv7e-m/fpu\libgcc.a
LOAD c:/freescale/kds_3.0.0/toolchain/bin/../lib/gcc/arm-none-eabi/4.8.4/../../../../arm-none-eabi/lib/armv7e-m/fpu\libc_s.a
LOAD c:/freescale/kds_3.0.0/toolchain/bin/../lib/gcc/arm-none-eabi/4.8.4/../../../../arm-none-eabi/lib/armv7e-m/fpu\libnosys.a
END GROUP
START GROUP
LOAD c:/freescale/kds_3.0.0/toolchain/bin/../lib/gcc/arm-none-eabi/4.8.4/armv7e-m/fpu\libgcc.a
LOAD c:/freescale/kds_3.0.0/toolchain/bin/../lib/gcc/arm-none-eabi/4.8.4/../../../../arm-none-eabi/lib/armv7e-m/fpu\libc_s.a
LOAD c:/freescale/kds_3.0.0/toolchain/bin/../lib/gcc/arm-none-eabi/4.8.4/../../../../arm-none-eabi/lib/armv7e-m/fpu\libnosys.a
END GROUP
LOAD c:/freescale/kds_3.0.0/toolchain/bin/../lib/gcc/arm-none-eabi/4.8.4/armv7e-m/fpu/crtend.o
LOAD c:/freescale/kds_3.0.0/toolchain/bin/../lib/gcc/arm-none-eabi/4.8.4/armv7e-m/fpu/crtn.o
                0x20000000                _estack = 0x20000000
                0x20000000                __SP_INIT = _estack
                0x20000000                __stack = _estack
                0x00000000                __heap_size = 0x0
                0x00000400                __stack_size = 0x400

.interrupts     0x00000000      0x1e8
                0x00000000                __vector_table = .
                0x00000000                . = ALIGN (0x4)
 *(.vectortable)
 .vectortable   0x00000000      0x1e8 ./Generated_Code/Vectors.o
                0x00000000                __vect_table
                0x000001e8                . = ALIGN (0x4)

.cfmprotect     0x00000400       0x10
                0x00000400                . = ALIGN (0x4)
 *(.cfmconfig)
 .cfmconfig     0x00000400       0x10 ./Generated_Code/Cpu.o
                0x00000400                _cfm
                0x00000410                . = ALIGN (0x4)

.text           0x00000410     0x5138
                0x00000410                . = ALIGN (0x4)
 *(.text)
 .text          0x00000410       0x54 c:/freescale/kds_3.0.0/toolchain/bin/../lib/gcc/arm-none-eabi/4.8.4/armv7e-m/fpu/crtbegin.o
 .text          0x00000464       0x74 c:/freescale/kds_3.0.0/toolchain/bin/../lib/gcc/arm-none-eabi/4.8.4/../../../../arm-none-eabi/lib/armv7e-m/fpu/crt0.o
                0x00000464                _start
                0x00000464                _mainCRTStartup
 .text          0x000004d8      0x370 c:/freescale/kds_3.0.0/toolchain/bin/../lib/gcc/arm-none-eabi/4.8.4/armv7e-m/fpu\libgcc.a(_arm_addsubdf3.o)
                0x000004d8                __aeabi_drsub
                0x000004e0                __aeabi_dsub
                0x000004e0                __subdf3
                0x000004e4                __aeabi_dadd
                0x000004e4                __adddf3
                0x0000075c                __floatunsidf
                0x0000075c                __aeabi_ui2d
                0x0000077c                __floatsidf
                0x0000077c                __aeabi_i2d
                0x000007a0                __aeabi_f2d
                0x000007a0                __extendsfdf2
                0x000007dc                __floatundidf
                0x000007dc                __aeabi_ul2d
                0x000007ec                __floatdidf
                0x000007ec                __aeabi_l2d
 .text          0x00000848      0x424 c:/freescale/kds_3.0.0/toolchain/bin/../lib/gcc/arm-none-eabi/4.8.4/armv7e-m/fpu\libgcc.a(_arm_muldivdf3.o)
                0x00000848                __aeabi_dmul
                0x00000848                __muldf3
                0x00000a9c                __divdf3
                0x00000a9c                __aeabi_ddiv
 .text          0x00000c6c       0xa0 c:/freescale/kds_3.0.0/toolchain/bin/../lib/gcc/arm-none-eabi/4.8.4/armv7e-m/fpu\libgcc.a(_arm_truncdfsf2.o)
                0x00000c6c                __truncdfsf2
                0x00000c6c                __aeabi_d2f
 .text          0x00000d0c      0x21c c:/freescale/kds_3.0.0/toolchain/bin/../lib/gcc/arm-none-eabi/4.8.4/armv7e-m/fpu\libgcc.a(_arm_addsubsf3.o)
                0x00000d0c                __aeabi_frsub
                0x00000d14                __subsf3
                0x00000d14                __aeabi_fsub
                0x00000d18                __aeabi_fadd
                0x00000d18                __addsf3
                0x00000e78                __aeabi_ui2f
                0x00000e78                __floatunsisf
                0x00000e80                __aeabi_i2f
                0x00000e80                __floatsisf
                0x00000e9c                __aeabi_ul2f
                0x00000e9c                __floatundisf
                0x00000eac                __aeabi_l2f
                0x00000eac                __floatdisf
 .text          0x00000f28       0x38 c:/freescale/kds_3.0.0/toolchain/bin/../lib/gcc/arm-none-eabi/4.8.4/armv7e-m/fpu\libgcc.a(_aeabi_ldivmod.o)
                0x00000f28                __aeabi_ldivmod
 .text          0x00000f60       0x60 c:/freescale/kds_3.0.0/toolchain/bin/../lib/gcc/arm-none-eabi/4.8.4/armv7e-m/fpu\libgcc.a(bpabi.o)
                0x00000f60                __gnu_ldivmod_helper
                0x00000f90                __gnu_uldivmod_helper
 .text          0x00000fc0        0x4 c:/freescale/kds_3.0.0/toolchain/bin/../lib/gcc/arm-none-eabi/4.8.4/armv7e-m/fpu\libgcc.a(_dvmd_tls.o)
                0x00000fc0                __aeabi_idiv0
                0x00000fc0                __aeabi_ldiv0
 .text          0x00000fc4      0x298 c:/freescale/kds_3.0.0/toolchain/bin/../lib/gcc/arm-none-eabi/4.8.4/armv7e-m/fpu\libgcc.a(_divdi3.o)
                0x00000fc4                __divdi3
 .text          0x0000125c      0x284 c:/freescale/kds_3.0.0/toolchain/bin/../lib/gcc/arm-none-eabi/4.8.4/armv7e-m/fpu\libgcc.a(_udivdi3.o)
                0x0000125c                __udivdi3
 *(.text*)
 .text.FIFO_Init
                0x000014e0       0x38 ./Sources/FIFO.o
                0x000014e0                FIFO_Init
 .text.FIFO_Put
                0x00001518       0x58 ./Sources/FIFO.o
                0x00001518                FIFO_Put
 .text.FIFO_Get
                0x00001570       0x58 ./Sources/FIFO.o
                0x00001570                FIFO_Get
 .text.FTM_Init
                0x000015c8       0xfc ./Sources/FTM.o
                0x000015c8                FTM_Init
 .text.FTM_Set  0x000016c4       0xe4 ./Sources/FTM.o
                0x000016c4                FTM_Set
 .text.FTM_StartTimer
                0x000017a8       0x78 ./Sources/FTM.o
                0x000017a8                FTM_StartTimer
 .text.FTM0_ISR
                0x00001820       0x98 ./Sources/FTM.o
                0x00001820                FTM0_ISR
 .text.Flash_Init
                0x000018b8       0x10 ./Sources/Flash.o
                0x000018b8                Flash_Init
 .text.Flash_AllocateVar
                0x000018c8       0x90 ./Sources/Flash.o
                0x000018c8                Flash_AllocateVar
 .text.Flash_Write32
                0x00001958       0x58 ./Sources/Flash.o
                0x00001958                Flash_Write32
 .text.Flash_Write16
                0x000019b0       0x60 ./Sources/Flash.o
                0x000019b0                Flash_Write16
 .text.Flash_Write8
                0x00001a10       0x60 ./Sources/Flash.o
                0x00001a10                Flash_Write8
 .text.Flash_Erase
                0x00001a70       0x14 ./Sources/Flash.o
                0x00001a70                Flash_Erase
 .text.LaunchCommand
                0x00001a84       0x98 ./Sources/Flash.o
 .text.WritePhrase
                0x00001b1c       0xe8 ./Sources/Flash.o
 .text.EraseSector
                0x00001c04       0x38 ./Sources/Flash.o
 .text.StopCondition
                0x00001c3c       0x20 ./Sources/I2C.o
 .text.RepeatCondition
                0x00001c5c       0x20 ./Sources/I2C.o
 .text.I2C_ISR  0x00001c7c      0x1ac ./Sources/I2C.o
                0x00001c7c                I2C_ISR
 .text.LEDs_Init
                0x00001e28       0xd4 ./Sources/LEDs.o
                0x00001e28                LEDs_Init
 .text.LEDs_On  0x00001efc       0x24 ./Sources/LEDs.o
                0x00001efc                LEDs_On
 .text.LEDs_Off
                0x00001f20       0x24 ./Sources/LEDs.o
                0x00001f20                LEDs_Off
 .text.LEDs_Toggle
                0x00001f44       0x24 ./Sources/LEDs.o
                0x00001f44                LEDs_Toggle
 .text.PIT_Init
                0x00001f68       0xdc ./Sources/PIT.o
                0x00001f68                PIT_Init
 .text.PIT_Set  0x00002044       0x5c ./Sources/PIT.o
                0x00002044                PIT_Set
 .text.PIT_Enable
                0x000020a0       0x40 ./Sources/PIT.o
                0x000020a0                PIT_Enable
 .text.PIT_ISR  0x000020e0       0x48 ./Sources/PIT.o
                0x000020e0                PIT_ISR
 .text.RTC_Init
                0x00002128       0xe8 ./Sources/RTC.o
                0x00002128                RTC_Init
 .text.RTC_Set  0x00002210       0x5c ./Sources/RTC.o
                0x00002210                RTC_Set
 .text.RTC_Get  0x0000226c       0x9c ./Sources/RTC.o
                0x0000226c                RTC_Get
 .text.RTC_ISR  0x00002308       0x2c ./Sources/RTC.o
                0x00002308                RTC_ISR
 .text.RxUARTThread
                0x00002334       0x30 ./Sources/UART.o
 .text.TxUARTThread
                0x00002364       0x50 ./Sources/UART.o
 .text.UART_Init
                0x000023b4      0x1c8 ./Sources/UART.o
                0x000023b4                UART_Init
 .text.UART_InChar
                0x0000257c       0x1c ./Sources/UART.o
                0x0000257c                UART_InChar
 .text.UART_OutChar
                0x00002598       0x34 ./Sources/UART.o
                0x00002598                UART_OutChar
 .text.UART_ISR
                0x000025cc       0x94 ./Sources/UART.o
                0x000025cc                UART_ISR
 .text.AccelDataReady_ISR
                0x00002660       0x48 ./Sources/accel.o
                0x00002660                AccelDataReady_ISR
 .text.HandleTowerStartup
                0x000026a8       0x80 ./Sources/main.o
                0x000026a8                HandleTowerStartup
 .text.HandleTowerVersion
                0x00002728       0x28 ./Sources/main.o
                0x00002728                HandleTowerVersion
 .text.HandleTowerNumber
                0x00002750       0x68 ./Sources/main.o
                0x00002750                HandleTowerNumber
 .text.HandleTowerProgramByte
                0x000027b8       0x58 ./Sources/main.o
                0x000027b8                HandleTowerProgramByte
 .text.HandleTowerReadByte
                0x00002810       0x48 ./Sources/main.o
                0x00002810                HandleTowerReadByte
 .text.HandleTowerMode
                0x00002858       0x68 ./Sources/main.o
                0x00002858                HandleTowerMode
 .text.HandleTowerSetTime
                0x000028c0       0x40 ./Sources/main.o
                0x000028c0                HandleTowerSetTime
 .text.HandleTowerTimingMode
                0x00002900       0x94 ./Sources/main.o
                0x00002900                HandleTowerTimingMode
 .text.HandleTowerRaises
                0x00002994       0x6c ./Sources/main.o
                0x00002994                HandleTowerRaises
 .text.HandleTowerLowers
                0x00002a00       0x6c ./Sources/main.o
                0x00002a00                HandleTowerLowers
 .text.HandleTowerFrequency
                0x00002a6c       0x50 ./Sources/main.o
                0x00002a6c                HandleTowerFrequency
 .text.HandleTowerVoltage
                0x00002abc       0x5c ./Sources/main.o
                0x00002abc                HandleTowerVoltage
 .text.ReceivedPacket
                0x00002b18      0x198 ./Sources/main.o
                0x00002b18                ReceivedPacket
 .text.ADCReadCallback
                0x00002cb0       0xb4 ./Sources/main.o
                0x00002cb0                ADCReadCallback
 .text.TowerInit
                0x00002d64      0x1f8 ./Sources/main.o
                0x00002d64                TowerInit
 .text.InitModulesThread
                0x00002f5c       0x6c ./Sources/main.o
 .text.PacketThread
                0x00002fc8       0x5c ./Sources/main.o
 .text.RTCThread
                0x00003024       0x44 ./Sources/main.o
 .text.GetRMS   0x00003068       0x94 ./Sources/main.o
                0x00003068                GetRMS
 .text.GetFrequency
                0x000030fc      0x3d4 ./Sources/main.o
                0x000030fc                GetFrequency
 .text.ADCDataProcessThread
                0x000034d0      0x490 ./Sources/main.o
 .text.FTMLEDsOffThread
                0x00003960       0x24 ./Sources/main.o
 .text.main     0x00003984       0x9c ./Sources/main.o
                0x00003984                main
 .text.Packet_Init
                0x00003a20       0x2c ./Sources/packet.o
                0x00003a20                Packet_Init
 .text.Packet_Get
                0x00003a4c       0x6c ./Sources/packet.o
                0x00003a4c                Packet_Get
 .text.Packet_Put
                0x00003ab8       0x70 ./Sources/packet.o
                0x00003ab8                Packet_Put
 .text.__copy_rom_section
                0x00003b28       0xe4 ./Project_Settings/Startup_Code/startup.o
                0x00003b28                __copy_rom_section
 .text.__copy_rom_sections_to_ram
                0x00003c0c       0x9c ./Project_Settings/Startup_Code/startup.o
                0x00003c0c                __copy_rom_sections_to_ram
 .text.__init_registers
                0x00003ca8       0x20 ./Project_Settings/Startup_Code/startup.o
                0x00003ca8                __init_registers
 .text.__init_user
                0x00003cc8        0xc ./Project_Settings/Startup_Code/startup.o
                0x00003cc8                __init_user
 .text.__thumb_startup
                0x00003cd4       0x34 ./Project_Settings/Startup_Code/startup.o
                0x00003cd4                __thumb_startup
 .text.Cpu_Interrupt
                0x00003d08       0x18 ./Generated_Code/Cpu.o
                0x00003d08                Cpu_Interrupt
 .text.__init_hardware
                0x00003d20      0x1cc ./Generated_Code/Cpu.o
                0x00003d20                __init_hardware
 .text.Cpu_SetBASEPRI
                0x00003eec       0x18 ./Generated_Code/Cpu.o
                0x00003eec                Cpu_SetBASEPRI
 .text.PE_low_level_init
                0x00003f04       0xe4 ./Generated_Code/Cpu.o
                0x00003f04                PE_low_level_init
 .text.OS_Init  0x00003fe8      0x110 D:\Embedded Software US\es18aut13\Project\Library\libOS.a(OS.o)
                0x00003fe8                OS_Init
 .text.OS_ISREnter
                0x000040f8       0x20 D:\Embedded Software US\es18aut13\Project\Library\libOS.a(OS.o)
                0x000040f8                OS_ISREnter
 .text.OS_ISRExit
                0x00004118       0x1c D:\Embedded Software US\es18aut13\Project\Library\libOS.a(OS.o)
                0x00004118                OS_ISRExit
 .text.OS_SemaphoreCreate
                0x00004134       0x90 D:\Embedded Software US\es18aut13\Project\Library\libOS.a(OS.o)
                0x00004134                OS_SemaphoreCreate
 .text.OS_SemaphoreSignal
                0x000041c4       0x44 D:\Embedded Software US\es18aut13\Project\Library\libOS.a(OS.o)
                0x000041c4                OS_SemaphoreSignal
 .text.OS_SemaphoreWait
                0x00004208       0x58 D:\Embedded Software US\es18aut13\Project\Library\libOS.a(OS.o)
                0x00004208                OS_SemaphoreWait
 .text.OS_Start
                0x00004260       0x10 D:\Embedded Software US\es18aut13\Project\Library\libOS.a(OS.o)
                0x00004260                OS_Start
 .text.OS_ThreadCreate
                0x00004270      0x160 D:\Embedded Software US\es18aut13\Project\Library\libOS.a(OS.o)
                0x00004270                OS_ThreadCreate
 .text.OS_ThreadDelete
                0x000043d0      0x18c D:\Embedded Software US\es18aut13\Project\Library\libOS.a(OS.o)
                0x000043d0                OS_ThreadDelete
 .text.EventThreadReady
                0x0000455c       0x68 D:\Embedded Software US\es18aut13\Project\Library\libOS.a(OS.o)
 .text.EventThreadWait
                0x000045c4       0x64 D:\Embedded Software US\es18aut13\Project\Library\libOS.a(OS.o)
 .text.EventTimeout
                0x00004628       0x40 D:\Embedded Software US\es18aut13\Project\Library\libOS.a(OS.o)
 .text.Idle     0x00004668       0x18 D:\Embedded Software US\es18aut13\Project\Library\libOS.a(OS.o)
 .text.FindFirstSet
                0x00004680       0x44 D:\Embedded Software US\es18aut13\Project\Library\libOS.a(OS.o)
 .text.Schedule
                0x000046c4       0x64 D:\Embedded Software US\es18aut13\Project\Library\libOS.a(OS.o)
 .text.TCBInit  0x00004728       0xcc D:\Embedded Software US\es18aut13\Project\Library\libOS.a(OS.o)
 .text.TimeTick
                0x000047f4       0x74 D:\Embedded Software US\es18aut13\Project\Library\libOS.a(OS.o)
 *fill*         0x00004868        0x8 
 .text.OS_ContextSwitchISR
                0x00004870       0x70 D:\Embedded Software US\es18aut13\Project\Library\libOS.a(OS.o)
                0x00004870                OS_ContextSwitchISR
 .text.OS_SysTickISR
                0x000048e0       0x5c D:\Embedded Software US\es18aut13\Project\Library\libOS.a(OS.o)
                0x000048e0                OS_SysTickISR
 .text.DACWrite
                0x0000493c       0x6c D:\Embedded Software US\es18aut13\Project\Library\libAnalog.a(analog.o)
 .text.Analog_Init
                0x000049a8       0x7c D:\Embedded Software US\es18aut13\Project\Library\libAnalog.a(analog.o)
                0x000049a8                Analog_Init
 .text.Analog_Get
                0x00004a24       0x78 D:\Embedded Software US\es18aut13\Project\Library\libAnalog.a(analog.o)
                0x00004a24                Analog_Get
 .text.Analog_Put
                0x00004a9c       0x50 D:\Embedded Software US\es18aut13\Project\Library\libAnalog.a(analog.o)
                0x00004a9c                Analog_Put
 .text.InitChipSelectPins
                0x00004aec       0x6c D:\Embedded Software US\es18aut13\Project\Library\libAnalog.a(SPI.o)
 .text.SetupModuleConfigurationRegister
                0x00004b58      0x104 D:\Embedded Software US\es18aut13\Project\Library\libAnalog.a(SPI.o)
 .text.SetBaudRate
                0x00004c5c      0x15c D:\Embedded Software US\es18aut13\Project\Library\libAnalog.a(SPI.o)
 .text.SetDelayAfterTransfer
                0x00004db8      0x168 D:\Embedded Software US\es18aut13\Project\Library\libAnalog.a(SPI.o)
 .text.SetupClockAndTransferAttributesRegister
                0x00004f20      0x16c D:\Embedded Software US\es18aut13\Project\Library\libAnalog.a(SPI.o)
 .text.SPI_Init
                0x0000508c       0x90 D:\Embedded Software US\es18aut13\Project\Library\libAnalog.a(SPI.o)
                0x0000508c                SPI_Init
 .text.SPI_SelectSlaveDevice
                0x0000511c       0x6c D:\Embedded Software US\es18aut13\Project\Library\libAnalog.a(SPI.o)
                0x0000511c                SPI_SelectSlaveDevice
 .text.SPI_Exchange
                0x00005188       0x94 D:\Embedded Software US\es18aut13\Project\Library\libAnalog.a(SPI.o)
                0x00005188                SPI_Exchange
 .text.sqrtf    0x0000521c       0xb8 c:/freescale/kds_3.0.0/toolchain/bin/../lib/gcc/arm-none-eabi/4.8.4/../../../../arm-none-eabi/lib/armv7e-m/fpu\libm.a(lib_a-wf_sqrt.o)
                0x0000521c                sqrtf
 .text.__ieee754_sqrtf
                0x000052d4       0xa4 c:/freescale/kds_3.0.0/toolchain/bin/../lib/gcc/arm-none-eabi/4.8.4/../../../../arm-none-eabi/lib/armv7e-m/fpu\libm.a(lib_a-ef_sqrt.o)
                0x000052d4                __ieee754_sqrtf
 .text.matherr  0x00005378        0x4 c:/freescale/kds_3.0.0/toolchain/bin/../lib/gcc/arm-none-eabi/4.8.4/../../../../arm-none-eabi/lib/armv7e-m/fpu\libm.a(lib_a-s_matherr.o)
                0x00005378                matherr
 .text.__fpclassifyf
                0x0000537c       0x38 c:/freescale/kds_3.0.0/toolchain/bin/../lib/gcc/arm-none-eabi/4.8.4/../../../../arm-none-eabi/lib/armv7e-m/fpu\libm.a(lib_a-sf_fpclassify.o)
                0x0000537c                __fpclassifyf
 .text.__errno  0x000053b4        0xc c:/freescale/kds_3.0.0/toolchain/bin/../lib/gcc/arm-none-eabi/4.8.4/../../../../arm-none-eabi/lib/armv7e-m/fpu\libg_s.a(lib_a-errno.o)
                0x000053b4                __errno
 .text.exit     0x000053c0       0x28 c:/freescale/kds_3.0.0/toolchain/bin/../lib/gcc/arm-none-eabi/4.8.4/../../../../arm-none-eabi/lib/armv7e-m/fpu\libg_s.a(lib_a-exit.o)
                0x000053c0                exit
 .text.__libc_init_array
                0x000053e8       0x4c c:/freescale/kds_3.0.0/toolchain/bin/../lib/gcc/arm-none-eabi/4.8.4/../../../../arm-none-eabi/lib/armv7e-m/fpu\libg_s.a(lib_a-init.o)
                0x000053e8                __libc_init_array
 .text.memcpy   0x00005434       0x12 c:/freescale/kds_3.0.0/toolchain/bin/../lib/gcc/arm-none-eabi/4.8.4/../../../../arm-none-eabi/lib/armv7e-m/fpu\libg_s.a(lib_a-memcpy-stub.o)
                0x00005434                memcpy
 .text.memset   0x00005446       0x10 c:/freescale/kds_3.0.0/toolchain/bin/../lib/gcc/arm-none-eabi/4.8.4/../../../../arm-none-eabi/lib/armv7e-m/fpu\libg_s.a(lib_a-memset.o)
                0x00005446                memset
 *fill*         0x00005456        0x2 
 .text._exit    0x00005458        0x4 c:/freescale/kds_3.0.0/toolchain/bin/../lib/gcc/arm-none-eabi/4.8.4/../../../../arm-none-eabi/lib/armv7e-m/fpu\libnosys.a(_exit.o)
                0x00005458                _exit
 *(.rodata)
 .rodata        0x0000545c        0x4 D:\Embedded Software US\es18aut13\Project\Library\libAnalog.a(analog.o)
 .rodata        0x00005460       0xa0 D:\Embedded Software US\es18aut13\Project\Library\libAnalog.a(SPI.o)
 *(.rodata*)
 .rodata.PACKET_ACK_MASK
                0x00005500        0x1 ./Sources/packet.o
                0x00005500                PACKET_ACK_MASK
 *fill*         0x00005501        0x3 
 .rodata.SPI_SETUP
                0x00005504       0x1c D:\Embedded Software US\es18aut13\Project\Library\libAnalog.a(analog.o)
 .rodata.str1.4
                0x00005520        0x8 c:/freescale/kds_3.0.0/toolchain/bin/../lib/gcc/arm-none-eabi/4.8.4/../../../../arm-none-eabi/lib/armv7e-m/fpu\libm.a(lib_a-wf_sqrt.o)
 .rodata.str1.1
                0x00005528        0x2 c:/freescale/kds_3.0.0/toolchain/bin/../lib/gcc/arm-none-eabi/4.8.4/../../../../arm-none-eabi/lib/armv7e-m/fpu\libg_s.a(lib_a-impure.o)
 *fill*         0x0000552a        0x2 
 .rodata._global_impure_ptr
                0x0000552c        0x4 c:/freescale/kds_3.0.0/toolchain/bin/../lib/gcc/arm-none-eabi/4.8.4/../../../../arm-none-eabi/lib/armv7e-m/fpu\libg_s.a(lib_a-impure.o)
                0x0000552c                _global_impure_ptr
 *(.glue_7)
 .glue_7        0x00000000        0x0 linker stubs
 *(.glue_7t)
 .glue_7t       0x00000000        0x0 linker stubs
 *(.eh_frame)
 .eh_frame      0x00005530        0x0 c:/freescale/kds_3.0.0/toolchain/bin/../lib/gcc/arm-none-eabi/4.8.4/armv7e-m/fpu/crtbegin.o
 *(.init)
 .init          0x00005530        0x4 c:/freescale/kds_3.0.0/toolchain/bin/../lib/gcc/arm-none-eabi/4.8.4/armv7e-m/fpu/crti.o
                0x00005530                _init
 .init          0x00005534        0x8 c:/freescale/kds_3.0.0/toolchain/bin/../lib/gcc/arm-none-eabi/4.8.4/armv7e-m/fpu/crtn.o
 *(.fini)
 .fini          0x0000553c        0x4 c:/freescale/kds_3.0.0/toolchain/bin/../lib/gcc/arm-none-eabi/4.8.4/armv7e-m/fpu/crti.o
                0x0000553c                _fini
 .fini          0x00005540        0x8 c:/freescale/kds_3.0.0/toolchain/bin/../lib/gcc/arm-none-eabi/4.8.4/armv7e-m/fpu/crtn.o
                0x00005548                . = ALIGN (0x4)
                0x00005548                _etext = .

.vfp11_veneer   0x00005548        0x0
 .vfp11_veneer  0x00000000        0x0 linker stubs

.v4_bx          0x00005548        0x0
 .v4_bx         0x00000000        0x0 linker stubs

.iplt           0x00005548        0x0
 .iplt          0x00000000        0x0 c:/freescale/kds_3.0.0/toolchain/bin/../lib/gcc/arm-none-eabi/4.8.4/armv7e-m/fpu/crtbegin.o

.ARM.extab
 *(.ARM.extab* .gnu.linkonce.armextab.*)

.ARM            0x00005548        0x8
                0x00005548                __exidx_start = .
 *(.ARM.exidx*)
 .ARM.exidx     0x00005548        0x8 c:/freescale/kds_3.0.0/toolchain/bin/../lib/gcc/arm-none-eabi/4.8.4/../../../../arm-none-eabi/lib/armv7e-m/fpu/crt0.o
 .ARM.exidx     0x00005550        0x0 c:/freescale/kds_3.0.0/toolchain/bin/../lib/gcc/arm-none-eabi/4.8.4/armv7e-m/fpu\libgcc.a(_divdi3.o)
                                  0x8 (size before relaxing)
 .ARM.exidx     0x00005550        0x0 c:/freescale/kds_3.0.0/toolchain/bin/../lib/gcc/arm-none-eabi/4.8.4/armv7e-m/fpu\libgcc.a(_udivdi3.o)
                                  0x8 (size before relaxing)
                0x00005550                __exidx_end = .

.rel.dyn        0x00005550        0x0
 .rel.iplt      0x00000000        0x0 c:/freescale/kds_3.0.0/toolchain/bin/../lib/gcc/arm-none-eabi/4.8.4/armv7e-m/fpu/crtbegin.o

.ctors          0x00005550        0x0
                0x00005550                __CTOR_LIST__ = .
 *crtbegin.o(.ctors)
 *(EXCLUDE_FILE(*crtend.o) .ctors)
 *(SORT(.ctors.*))
 *(.ctors)
                0x00005550                __CTOR_END__ = .

.dtors          0x00005550        0x0
                0x00005550                __DTOR_LIST__ = .
 *crtbegin.o(.dtors)
 *(EXCLUDE_FILE(*crtend.o) .dtors)
 *(SORT(.dtors.*))
 *(.dtors)
                0x00005550                __DTOR_END__ = .

.preinit_array  0x00005550        0x0
                0x00005550                PROVIDE (__preinit_array_start, .)
 *(.preinit_array*)
                0x00005550                PROVIDE (__preinit_array_end, .)

.init_array     0x00005550        0x4
                0x00005550                PROVIDE (__init_array_start, .)
 *(SORT(.init_array.*))
 *(.init_array*)
 .init_array    0x00005550        0x4 c:/freescale/kds_3.0.0/toolchain/bin/../lib/gcc/arm-none-eabi/4.8.4/armv7e-m/fpu/crtbegin.o
                0x00005554                PROVIDE (__init_array_end, .)

.fini_array     0x00005554        0x4
                0x00005554                PROVIDE (__fini_array_start, .)
 *(SORT(.fini_array.*))
 *(.fini_array*)
 .fini_array    0x00005554        0x4 c:/freescale/kds_3.0.0/toolchain/bin/../lib/gcc/arm-none-eabi/4.8.4/armv7e-m/fpu/crtbegin.o
                0x00005558                PROVIDE (__fini_array_end, .)
                0x00005558                ___ROM_AT = .

.data           0x1fff0000       0x68 load address 0x00005558
                0x1fff0000                . = ALIGN (0x4)
                0x1fff0000                _sdata = .
 *(.data)
 *(.data*)
 .data.SlaveDeviceAddress
                0x1fff0000        0x1 ./Sources/I2C.o
 .data.__fdlib_version
                0x1fff0001        0x1 c:/freescale/kds_3.0.0/toolchain/bin/../lib/gcc/arm-none-eabi/4.8.4/../../../../arm-none-eabi/lib/armv7e-m/fpu\libm.a(lib_a-s_lib_ver.o)
                0x1fff0001                __fdlib_version
 *fill*         0x1fff0002        0x2 
 .data.impure_data
                0x1fff0004       0x60 c:/freescale/kds_3.0.0/toolchain/bin/../lib/gcc/arm-none-eabi/4.8.4/../../../../arm-none-eabi/lib/armv7e-m/fpu\libg_s.a(lib_a-impure.o)
 .data._impure_ptr
                0x1fff0064        0x4 c:/freescale/kds_3.0.0/toolchain/bin/../lib/gcc/arm-none-eabi/4.8.4/../../../../arm-none-eabi/lib/armv7e-m/fpu\libg_s.a(lib_a-impure.o)
                0x1fff0064                _impure_ptr
                0x1fff0068                . = ALIGN (0x4)
                0x1fff0068                _edata = .
                0x00000068                ___data_size = (_edata - _sdata)
                0x000055c0                ___m_data_20000000_ROMStart = (___ROM_AT + SIZEOF (.data))

.jcr            0x1fff0068        0x0 load address 0x000055c0
 .jcr           0x1fff0068        0x0 c:/freescale/kds_3.0.0/toolchain/bin/../lib/gcc/arm-none-eabi/4.8.4/armv7e-m/fpu/crtbegin.o

.igot.plt       0x1fff0068        0x0 load address 0x000055c0
 .igot.plt      0x00000000        0x0 c:/freescale/kds_3.0.0/toolchain/bin/../lib/gcc/arm-none-eabi/4.8.4/armv7e-m/fpu/crtbegin.o

.m_data_20000000
                0x20000000        0x0 load address 0x000055c0
                0x20000000                . = ALIGN (0x4)
                0x20000000                ___m_data_20000000_RAMStart = .
 *(.m_data_20000000)
                0x20000000                ___m_data_20000000_RAMEnd = .
                0x20000000                . = ALIGN (0x4)
                0x00000000                ___m_data_20000000_ROMSize = (___m_data_20000000_RAMEnd - ___m_data_20000000_RAMStart)
                0x20000000                . = ALIGN (0x4)

.bss            0x1fff0068     0xb734 load address 0x000055c0
                0x1fff0068                __START_BSS = .
                0x1fff0068                PROVIDE (__bss_start__, __START_BSS)
 *(.bss)
 .bss           0x1fff0068       0x1c c:/freescale/kds_3.0.0/toolchain/bin/../lib/gcc/arm-none-eabi/4.8.4/armv7e-m/fpu/crtbegin.o
 *(.bss*)
 .bss.UserSemaphore
                0x1fff0084       0x20 ./Sources/FTM.o
 .bss.occupiedBytes.5646
                0x1fff00a4        0x1 ./Sources/Flash.o
 *fill*         0x1fff00a5        0x3 
 .bss.ReadCompleteSemaphore
                0x1fff00a8        0x4 ./Sources/I2C.o
 .bss.I2CAccess
                0x1fff00ac        0x4 ./Sources/I2C.o
 .bss.SlaveDeviceReadAddress
                0x1fff00b0        0x1 ./Sources/I2C.o
 .bss.NbBytes   0x1fff00b1        0x1 ./Sources/I2C.o
 *fill*         0x1fff00b2        0x2 
 .bss.DataPtr   0x1fff00b4        0x4 ./Sources/I2C.o
 .bss.stage.6666
                0x1fff00b8        0x1 ./Sources/I2C.o
 .bss.readCount.6667
                0x1fff00b9        0x1 ./Sources/I2C.o
 *fill*         0x1fff00ba        0x2 
 .bss.ModuleClk
                0x1fff00bc        0x4 ./Sources/PIT.o
 .bss.UserFunction
                0x1fff00c0        0x4 ./Sources/PIT.o
 .bss.UserArguments
                0x1fff00c4        0x4 ./Sources/PIT.o
 .bss.ReadSemaphore
                0x1fff00c8        0x4 ./Sources/RTC.o
 *fill*         0x1fff00cc        0x4 
 .bss.RxUARTThreadStack
                0x1fff00d0     0x1770 ./Sources/UART.o
 .bss.TxUARTThreadStack
                0x1fff1840     0x1770 ./Sources/UART.o
 .bss.DataReadySemaphore
                0x1fff2fb0        0x4 ./Sources/accel.o
 .bss.VoltageSamples
                0x1fff2fb4      0x188 ./Sources/main.o
 .bss.RMS       0x1fff313c        0x8 ./Sources/main.o
 .bss.Frequency
                0x1fff3144        0x2 ./Sources/main.o
 .bss.TimingMode
                0x1fff3146        0x2 ./Sources/main.o
 .bss.LEDOffSemaphore
                0x1fff3148        0x4 ./Sources/main.o
 .bss.RTCReadSemaphore
                0x1fff314c        0x4 ./Sources/main.o
 .bss.NewADCDataSemaphore
                0x1fff3150        0x4 ./Sources/main.o
 *fill*         0x1fff3154        0x4 
 .bss.InitModulesThreadStack
                0x1fff3158     0x1770 ./Sources/main.o
 .bss.RTCThreadStack
                0x1fff48c8     0x1770 ./Sources/main.o
 .bss.FTMLEDsOffThreadStack
                0x1fff6038     0x1770 ./Sources/main.o
 .bss.ADCDataProcessThreadStack
                0x1fff77a8     0x1770 ./Sources/main.o
 .bss.PacketThreadStack
                0x1fff8f18     0x1770 ./Sources/main.o
 .bss.PacketPutAccess
                0x1fffa688        0x4 ./Sources/packet.o
 .bss.SR_lock   0x1fffa68c        0x1 ./Generated_Code/Cpu.o
                0x1fffa68c                SR_lock
 *fill*         0x1fffa68d        0x3 
 .bss.TCBUnusedMain
                0x1fffa690       0x18 D:\Embedded Software US\es18aut13\Project\Library\libOS.a(OS.o)
 .bss.TCBTable  0x1fffa6a8      0x300 D:\Embedded Software US\es18aut13\Project\Library\libOS.a(OS.o)
 .bss.pTCBFreeList
                0x1fffa9a8        0x4 D:\Embedded Software US\es18aut13\Project\Library\libOS.a(OS.o)
 .bss.pTCBAllocatedList
                0x1fffa9ac        0x4 D:\Embedded Software US\es18aut13\Project\Library\libOS.a(OS.o)
 .bss.pTCBPriorityTable
                0x1fffa9b0       0x80 D:\Embedded Software US\es18aut13\Project\Library\libOS.a(OS.o)
 .bss.pTCBRunning
                0x1fffaa30        0x4 D:\Embedded Software US\es18aut13\Project\Library\libOS.a(OS.o)
 .bss.pTCBHighestReady
                0x1fffaa34        0x4 D:\Embedded Software US\es18aut13\Project\Library\libOS.a(OS.o)
 .bss.ReadyList
                0x1fffaa38        0x4 D:\Embedded Software US\es18aut13\Project\Library\libOS.a(OS.o)
 .bss.ECBTable  0x1fffaa3c      0x100 D:\Embedded Software US\es18aut13\Project\Library\libOS.a(OS.o)
 .bss.NextECBFree
                0x1fffab3c        0x1 D:\Embedded Software US\es18aut13\Project\Library\libOS.a(OS.o)
 *fill*         0x1fffab3d        0x3 
 .bss.IdleCounter
                0x1fffab40        0x4 D:\Embedded Software US\es18aut13\Project\Library\libOS.a(OS.o)
 *fill*         0x1fffab44        0x4 
 .bss.IdleStack
                0x1fffab48      0x400 D:\Embedded Software US\es18aut13\Project\Library\libOS.a(OS.o)
 .bss.Ticks     0x1fffaf48        0x4 D:\Embedded Software US\es18aut13\Project\Library\libOS.a(OS.o)
 .bss.ToggleCntr
                0x1fffaf4c        0x4 D:\Embedded Software US\es18aut13\Project\Library\libOS.a(OS.o)
 .bss.ToggleLED
                0x1fffaf50        0x1 D:\Embedded Software US\es18aut13\Project\Library\libOS.a(OS.o)
 .bss.ISRNestLevel
                0x1fffaf51        0x1 D:\Embedded Software US\es18aut13\Project\Library\libOS.a(OS.o)
 *fill*         0x1fffaf52        0x2 
 .bss.ADCCommandUnion
                0x1fffaf54        0x4 D:\Embedded Software US\es18aut13\Project\Library\libAnalog.a(analog.o)
 *(COMMON)
 COMMON         0x1fffaf58      0x824 ./Sources/UART.o
                0x1fffaf58                DummyRead
                0x1fffaf5c                TxFIFO
                0x1fffb368                RxFIFO
                0x1fffb774                RxUARTSemaphore
                0x1fffb778                TxUARTSemaphore
 COMMON         0x1fffb77c       0x14 ./Sources/main.o
                0x1fffb77c                NvTowerMd
                0x1fffb780                NvTowerNb
                0x1fffb784                NvTimingMd
                0x1fffb788                NvNbRaises
                0x1fffb78c                NvNbLowers
 COMMON         0x1fffb790        0x5 ./Sources/packet.o
                0x1fffb790                Packet
 COMMON         0x1fffb795        0x1 ./Generated_Code/Cpu.o
                0x1fffb795                SR_reg
 *fill*         0x1fffb796        0x2 
 COMMON         0x1fffb798        0x4 D:\Embedded Software US\es18aut13\Project\Library\libAnalog.a(analog.o)
                0x1fffb798                DACInput
                0x1fffb79c                . = ALIGN (0x4)
                0x1fffb79c                __END_BSS = .
                0x1fffb79c                PROVIDE (__bss_end__, __END_BSS)
                0x000055c0                _romp_at = ((___ROM_AT + SIZEOF (.data)) + SIZEOF (.m_data_20000000))

.romp           0x1fffb79c       0x24 load address 0x000055c0
                0x000055c0                __S_romp = _romp_at
                0x1fffb79c        0x4 LONG 0x5558 ___ROM_AT
                0x1fffb7a0        0x4 LONG 0x1fff0000 _sdata
                0x1fffb7a4        0x4 LONG 0x68 ___data_size
                0x1fffb7a8        0x4 LONG 0x55c0 ___m_data_20000000_ROMStart
                0x1fffb7ac        0x4 LONG 0x20000000 ___m_data_20000000_RAMStart
                0x1fffb7b0        0x4 LONG 0x0 ___m_data_20000000_ROMSize
                0x1fffb7b4        0x4 LONG 0x0
                0x1fffb7b8        0x4 LONG 0x0
                0x1fffb7bc        0x4 LONG 0x0

._user_heap_stack
                0x1fffb7c0      0x400 load address 0x000055e4
                0x1fffb7c0                . = ALIGN (0x4)
                0x1fffb7c0                PROVIDE (end, .)
                0x1fffb7c0                PROVIDE (_end, .)
                0x1fffb7c0                __heap_addr = .
                0x1fffb7c0                __HeapBase = .
                0x1fffb7c0                . = (. + __heap_size)
                0x1fffb7c0                __HeapLimit = .
                0x1fffbbc0                . = (. + __stack_size)
 *fill*         0x1fffb7c0      0x400 
                0x1fffbbc0                . = ALIGN (0x4)

.ARM.attributes
                0x00000000       0x30
 *(.ARM.attributes)
 .ARM.attributes
                0x00000000       0x22 c:/freescale/kds_3.0.0/toolchain/bin/../lib/gcc/arm-none-eabi/4.8.4/armv7e-m/fpu/crti.o
 .ARM.attributes
                0x00000022       0x34 c:/freescale/kds_3.0.0/toolchain/bin/../lib/gcc/arm-none-eabi/4.8.4/armv7e-m/fpu/crtbegin.o
 .ARM.attributes
                0x00000056       0x20 c:/freescale/kds_3.0.0/toolchain/bin/../lib/gcc/arm-none-eabi/4.8.4/../../../../arm-none-eabi/lib/armv7e-m/fpu/crt0.o
 .ARM.attributes
                0x00000076       0x39 ./Sources/FIFO.o
 .ARM.attributes
                0x000000af       0x39 ./Sources/FTM.o
 .ARM.attributes
                0x000000e8       0x39 ./Sources/Flash.o
 .ARM.attributes
                0x00000121       0x39 ./Sources/I2C.o
 .ARM.attributes
                0x0000015a       0x39 ./Sources/LEDs.o
 .ARM.attributes
                0x00000193       0x39 ./Sources/PIT.o
 .ARM.attributes
                0x000001cc       0x39 ./Sources/RTC.o
 .ARM.attributes
                0x00000205       0x39 ./Sources/UART.o
 .ARM.attributes
                0x0000023e       0x39 ./Sources/accel.o
 .ARM.attributes
                0x00000277       0x39 ./Sources/main.o
 .ARM.attributes
                0x000002b0       0x39 ./Sources/packet.o
 .ARM.attributes
                0x000002e9       0x39 ./Project_Settings/Startup_Code/startup.o
 .ARM.attributes
                0x00000322       0x39 ./Generated_Code/Cpu.o
 .ARM.attributes
                0x0000035b       0x39 ./Generated_Code/Vectors.o
 .ARM.attributes
                0x00000394       0x39 D:\Embedded Software US\es18aut13\Project\Library\libOS.a(OS.o)
 .ARM.attributes
                0x000003cd       0x39 D:\Embedded Software US\es18aut13\Project\Library\libAnalog.a(analog.o)
 .ARM.attributes
                0x00000406       0x39 D:\Embedded Software US\es18aut13\Project\Library\libAnalog.a(SPI.o)
 .ARM.attributes
                0x0000043f       0x34 c:/freescale/kds_3.0.0/toolchain/bin/../lib/gcc/arm-none-eabi/4.8.4/../../../../arm-none-eabi/lib/armv7e-m/fpu\libm.a(lib_a-wf_sqrt.o)
 .ARM.attributes
                0x00000473       0x34 c:/freescale/kds_3.0.0/toolchain/bin/../lib/gcc/arm-none-eabi/4.8.4/../../../../arm-none-eabi/lib/armv7e-m/fpu\libm.a(lib_a-ef_sqrt.o)
 .ARM.attributes
                0x000004a7       0x34 c:/freescale/kds_3.0.0/toolchain/bin/../lib/gcc/arm-none-eabi/4.8.4/../../../../arm-none-eabi/lib/armv7e-m/fpu\libm.a(lib_a-s_lib_ver.o)
 .ARM.attributes
                0x000004db       0x34 c:/freescale/kds_3.0.0/toolchain/bin/../lib/gcc/arm-none-eabi/4.8.4/../../../../arm-none-eabi/lib/armv7e-m/fpu\libm.a(lib_a-s_matherr.o)
 .ARM.attributes
                0x0000050f       0x34 c:/freescale/kds_3.0.0/toolchain/bin/../lib/gcc/arm-none-eabi/4.8.4/../../../../arm-none-eabi/lib/armv7e-m/fpu\libm.a(lib_a-sf_fpclassify.o)
 .ARM.attributes
                0x00000543       0x22 c:/freescale/kds_3.0.0/toolchain/bin/../lib/gcc/arm-none-eabi/4.8.4/armv7e-m/fpu\libgcc.a(_arm_addsubdf3.o)
 .ARM.attributes
                0x00000565       0x22 c:/freescale/kds_3.0.0/toolchain/bin/../lib/gcc/arm-none-eabi/4.8.4/armv7e-m/fpu\libgcc.a(_arm_muldivdf3.o)
 .ARM.attributes
                0x00000587       0x22 c:/freescale/kds_3.0.0/toolchain/bin/../lib/gcc/arm-none-eabi/4.8.4/armv7e-m/fpu\libgcc.a(_arm_truncdfsf2.o)
 .ARM.attributes
                0x000005a9       0x22 c:/freescale/kds_3.0.0/toolchain/bin/../lib/gcc/arm-none-eabi/4.8.4/armv7e-m/fpu\libgcc.a(_arm_addsubsf3.o)
 .ARM.attributes
                0x000005cb       0x22 c:/freescale/kds_3.0.0/toolchain/bin/../lib/gcc/arm-none-eabi/4.8.4/armv7e-m/fpu\libgcc.a(_aeabi_ldivmod.o)
 .ARM.attributes
                0x000005ed       0x34 c:/freescale/kds_3.0.0/toolchain/bin/../lib/gcc/arm-none-eabi/4.8.4/armv7e-m/fpu\libgcc.a(bpabi.o)
 .ARM.attributes
                0x00000621       0x22 c:/freescale/kds_3.0.0/toolchain/bin/../lib/gcc/arm-none-eabi/4.8.4/armv7e-m/fpu\libgcc.a(_dvmd_tls.o)
 .ARM.attributes
                0x00000643       0x34 c:/freescale/kds_3.0.0/toolchain/bin/../lib/gcc/arm-none-eabi/4.8.4/armv7e-m/fpu\libgcc.a(_divdi3.o)
 .ARM.attributes
                0x00000677       0x34 c:/freescale/kds_3.0.0/toolchain/bin/../lib/gcc/arm-none-eabi/4.8.4/armv7e-m/fpu\libgcc.a(_udivdi3.o)
 .ARM.attributes
                0x000006ab       0x34 c:/freescale/kds_3.0.0/toolchain/bin/../lib/gcc/arm-none-eabi/4.8.4/../../../../arm-none-eabi/lib/armv7e-m/fpu\libg_s.a(lib_a-errno.o)
 .ARM.attributes
                0x000006df       0x34 c:/freescale/kds_3.0.0/toolchain/bin/../lib/gcc/arm-none-eabi/4.8.4/../../../../arm-none-eabi/lib/armv7e-m/fpu\libg_s.a(lib_a-exit.o)
 .ARM.attributes
                0x00000713       0x34 c:/freescale/kds_3.0.0/toolchain/bin/../lib/gcc/arm-none-eabi/4.8.4/../../../../arm-none-eabi/lib/armv7e-m/fpu\libg_s.a(lib_a-impure.o)
 .ARM.attributes
                0x00000747       0x34 c:/freescale/kds_3.0.0/toolchain/bin/../lib/gcc/arm-none-eabi/4.8.4/../../../../arm-none-eabi/lib/armv7e-m/fpu\libg_s.a(lib_a-init.o)
 .ARM.attributes
                0x0000077b       0x34 c:/freescale/kds_3.0.0/toolchain/bin/../lib/gcc/arm-none-eabi/4.8.4/../../../../arm-none-eabi/lib/armv7e-m/fpu\libg_s.a(lib_a-memcpy-stub.o)
 .ARM.attributes
                0x000007af       0x34 c:/freescale/kds_3.0.0/toolchain/bin/../lib/gcc/arm-none-eabi/4.8.4/../../../../arm-none-eabi/lib/armv7e-m/fpu\libg_s.a(lib_a-memset.o)
 .ARM.attributes
                0x000007e3       0x34 c:/freescale/kds_3.0.0/toolchain/bin/../lib/gcc/arm-none-eabi/4.8.4/../../../../arm-none-eabi/lib/armv7e-m/fpu\libnosys.a(_exit.o)
 .ARM.attributes
                0x00000817       0x22 c:/freescale/kds_3.0.0/toolchain/bin/../lib/gcc/arm-none-eabi/4.8.4/armv7e-m/fpu/crtn.o
OUTPUT(Project.elf elf32-littlearm)

.debug_info     0x00000000     0x7aed
 .debug_info    0x00000000      0x20b ./Sources/FIFO.o
 .debug_info    0x0000020b      0x797 ./Sources/FTM.o
 .debug_info    0x000009a2      0x671 ./Sources/Flash.o
 .debug_info    0x00001013      0x8fb ./Sources/I2C.o
 .debug_info    0x0000190e      0x490 ./Sources/LEDs.o
 .debug_info    0x00001d9e      0x5d0 ./Sources/PIT.o
 .debug_info    0x0000236e      0x632 ./Sources/RTC.o
 .debug_info    0x000029a0      0xa80 ./Sources/UART.o
 .debug_info    0x00003420      0x9af ./Sources/accel.o
 .debug_info    0x00003dcf      0xd12 ./Sources/main.o
 .debug_info    0x00004ae1      0x2ff ./Sources/packet.o
 .debug_info    0x00004de0      0x3b0 ./Project_Settings/Startup_Code/startup.o
 .debug_info    0x00005190      0xc82 ./Generated_Code/Cpu.o
 .debug_info    0x00005e12      0x10f ./Generated_Code/Vectors.o
 .debug_info    0x00005f21      0xd02 D:\Embedded Software US\es18aut13\Project\Library\libOS.a(OS.o)
 .debug_info    0x00006c23      0x46a D:\Embedded Software US\es18aut13\Project\Library\libAnalog.a(analog.o)
 .debug_info    0x0000708d      0xa60 D:\Embedded Software US\es18aut13\Project\Library\libAnalog.a(SPI.o)

.debug_abbrev   0x00000000     0x1bd1
 .debug_abbrev  0x00000000       0xce ./Sources/FIFO.o
 .debug_abbrev  0x000000ce      0x1d2 ./Sources/FTM.o
 .debug_abbrev  0x000002a0      0x1cc ./Sources/Flash.o
 .debug_abbrev  0x0000046c      0x1fb ./Sources/I2C.o
 .debug_abbrev  0x00000667      0x144 ./Sources/LEDs.o
 .debug_abbrev  0x000007ab      0x188 ./Sources/PIT.o
 .debug_abbrev  0x00000933      0x168 ./Sources/RTC.o
 .debug_abbrev  0x00000a9b      0x232 ./Sources/UART.o
 .debug_abbrev  0x00000ccd      0x207 ./Sources/accel.o
 .debug_abbrev  0x00000ed4      0x241 ./Sources/main.o
 .debug_abbrev  0x00001115       0xec ./Sources/packet.o
 .debug_abbrev  0x00001201      0x189 ./Project_Settings/Startup_Code/startup.o
 .debug_abbrev  0x0000138a      0x185 ./Generated_Code/Cpu.o
 .debug_abbrev  0x0000150f       0xa4 ./Generated_Code/Vectors.o
 .debug_abbrev  0x000015b3      0x2f8 D:\Embedded Software US\es18aut13\Project\Library\libOS.a(OS.o)
 .debug_abbrev  0x000018ab      0x151 D:\Embedded Software US\es18aut13\Project\Library\libAnalog.a(analog.o)
 .debug_abbrev  0x000019fc      0x1d5 D:\Embedded Software US\es18aut13\Project\Library\libAnalog.a(SPI.o)

.debug_aranges  0x00000000      0x560
 .debug_aranges
                0x00000000       0x30 ./Sources/FIFO.o
 .debug_aranges
                0x00000030       0x38 ./Sources/FTM.o
 .debug_aranges
                0x00000068       0x60 ./Sources/Flash.o
 .debug_aranges
                0x000000c8       0x70 ./Sources/I2C.o
 .debug_aranges
                0x00000138       0x38 ./Sources/LEDs.o
 .debug_aranges
                0x00000170       0x38 ./Sources/PIT.o
 .debug_aranges
                0x000001a8       0x38 ./Sources/RTC.o
 .debug_aranges
                0x000001e0       0x48 ./Sources/UART.o
 .debug_aranges
                0x00000228       0x38 ./Sources/accel.o
 .debug_aranges
                0x00000260       0xd8 ./Sources/main.o
 .debug_aranges
                0x00000338       0x30 ./Sources/packet.o
 .debug_aranges
                0x00000368       0x50 ./Project_Settings/Startup_Code/startup.o
 .debug_aranges
                0x000003b8       0x38 ./Generated_Code/Cpu.o
 .debug_aranges
                0x000003f0       0x18 ./Generated_Code/Vectors.o
 .debug_aranges
                0x00000408       0xc8 D:\Embedded Software US\es18aut13\Project\Library\libOS.a(OS.o)
 .debug_aranges
                0x000004d0       0x38 D:\Embedded Software US\es18aut13\Project\Library\libAnalog.a(analog.o)
 .debug_aranges
                0x00000508       0x58 D:\Embedded Software US\es18aut13\Project\Library\libAnalog.a(SPI.o)

.debug_ranges   0x00000000      0x448
 .debug_ranges  0x00000000       0x20 ./Sources/FIFO.o
 .debug_ranges  0x00000020       0x28 ./Sources/FTM.o
 .debug_ranges  0x00000048       0x50 ./Sources/Flash.o
 .debug_ranges  0x00000098       0x60 ./Sources/I2C.o
 .debug_ranges  0x000000f8       0x28 ./Sources/LEDs.o
 .debug_ranges  0x00000120       0x28 ./Sources/PIT.o
 .debug_ranges  0x00000148       0x28 ./Sources/RTC.o
 .debug_ranges  0x00000170       0x38 ./Sources/UART.o
 .debug_ranges  0x000001a8       0x28 ./Sources/accel.o
 .debug_ranges  0x000001d0       0xc8 ./Sources/main.o
 .debug_ranges  0x00000298       0x20 ./Sources/packet.o
 .debug_ranges  0x000002b8       0x40 ./Project_Settings/Startup_Code/startup.o
 .debug_ranges  0x000002f8       0x28 ./Generated_Code/Cpu.o
 .debug_ranges  0x00000320       0xb8 D:\Embedded Software US\es18aut13\Project\Library\libOS.a(OS.o)
 .debug_ranges  0x000003d8       0x28 D:\Embedded Software US\es18aut13\Project\Library\libAnalog.a(analog.o)
 .debug_ranges  0x00000400       0x48 D:\Embedded Software US\es18aut13\Project\Library\libAnalog.a(SPI.o)

.debug_macro    0x00000000    0x1a946
 .debug_macro   0x00000000       0xaf ./Sources/FIFO.o
 .debug_macro   0x000000af       0x22 ./Sources/FIFO.o
 .debug_macro   0x000000d1       0x3c ./Sources/FIFO.o
 .debug_macro   0x0000010d     0x1800 ./Sources/FIFO.o
 .debug_macro   0x0000190d       0xa9 ./Sources/FTM.o
 .debug_macro   0x000019b6       0x76 ./Sources/Flash.o
 .debug_macro   0x00001a2c       0x16 ./Sources/Flash.o
 .debug_macro   0x00001a42    0x174af ./Sources/Flash.o
 .debug_macro   0x00018ef1       0x2e ./Sources/Flash.o
 .debug_macro   0x00018f1f       0xad ./Sources/I2C.o
 .debug_macro   0x00018fcc       0x6d ./Sources/LEDs.o
 .debug_macro   0x00019039       0xc2 ./Sources/PIT.o
 .debug_macro   0x000190fb       0x10 ./Sources/PIT.o
 .debug_macro   0x0001910b       0xa9 ./Sources/RTC.o
 .debug_macro   0x000191b4       0xbd ./Sources/UART.o
 .debug_macro   0x00019271      0x211 ./Sources/accel.o
 .debug_macro   0x00019482       0x9a ./Sources/accel.o
 .debug_macro   0x0001951c      0x1fe ./Sources/main.o
 .debug_macro   0x0001971a       0x10 ./Sources/main.o
 .debug_macro   0x0001972a       0x3a ./Sources/main.o
 .debug_macro   0x00019764       0x58 ./Sources/main.o
 .debug_macro   0x000197bc       0x35 ./Sources/main.o
 .debug_macro   0x000197f1       0xa3 ./Sources/main.o
 .debug_macro   0x00019894      0x166 ./Sources/main.o
 .debug_macro   0x000199fa       0x52 ./Sources/main.o
 .debug_macro   0x00019a4c       0x16 ./Sources/main.o
 .debug_macro   0x00019a62       0x43 ./Sources/main.o
 .debug_macro   0x00019aa5      0x180 ./Sources/main.o
 .debug_macro   0x00019c25       0xde ./Sources/main.o
 .debug_macro   0x00019d03       0xc2 ./Sources/packet.o
 .debug_macro   0x00019dc5      0x121 ./Project_Settings/Startup_Code/startup.o
 .debug_macro   0x00019ee6       0x4a ./Project_Settings/Startup_Code/startup.o
 .debug_macro   0x00019f30      0x2a6 ./Project_Settings/Startup_Code/startup.o
 .debug_macro   0x0001a1d6       0x10 ./Project_Settings/Startup_Code/startup.o
 .debug_macro   0x0001a1e6       0x35 ./Project_Settings/Startup_Code/startup.o
 .debug_macro   0x0001a21b       0x16 ./Project_Settings/Startup_Code/startup.o
 .debug_macro   0x0001a231       0x22 ./Project_Settings/Startup_Code/startup.o
 .debug_macro   0x0001a253      0x20f ./Project_Settings/Startup_Code/startup.o
 .debug_macro   0x0001a462       0x84 ./Generated_Code/Cpu.o
 .debug_macro   0x0001a4e6       0xa0 ./Generated_Code/Cpu.o
 .debug_macro   0x0001a586       0xec ./Generated_Code/Vectors.o
 .debug_macro   0x0001a672       0xa3 D:\Embedded Software US\es18aut13\Project\Library\libOS.a(OS.o)
 .debug_macro   0x0001a715       0x94 D:\Embedded Software US\es18aut13\Project\Library\libOS.a(OS.o)
 .debug_macro   0x0001a7a9       0x30 D:\Embedded Software US\es18aut13\Project\Library\libOS.a(OS.o)
 .debug_macro   0x0001a7d9       0xf5 D:\Embedded Software US\es18aut13\Project\Library\libAnalog.a(analog.o)
 .debug_macro   0x0001a8ce       0x10 D:\Embedded Software US\es18aut13\Project\Library\libAnalog.a(analog.o)
 .debug_macro   0x0001a8de       0x68 D:\Embedded Software US\es18aut13\Project\Library\libAnalog.a(SPI.o)

.debug_line     0x00000000     0x387d
 .debug_line    0x00000000      0x2c5 ./Sources/FIFO.o
 .debug_line    0x000002c5      0x307 ./Sources/FTM.o
 .debug_line    0x000005cc      0x2d3 ./Sources/Flash.o
 .debug_line    0x0000089f      0x3f9 ./Sources/I2C.o
 .debug_line    0x00000c98      0x225 ./Sources/LEDs.o
 .debug_line    0x00000ebd      0x332 ./Sources/PIT.o
 .debug_line    0x000011ef      0x2ea ./Sources/RTC.o
 .debug_line    0x000014d9      0x341 ./Sources/UART.o
 .debug_line    0x0000181a      0x329 ./Sources/accel.o
 .debug_line    0x00001b43      0x7e8 ./Sources/main.o
 .debug_line    0x0000232b      0x2de ./Sources/packet.o
 .debug_line    0x00002609      0x3d4 ./Project_Settings/Startup_Code/startup.o
 .debug_line    0x000029dd      0x27b ./Generated_Code/Cpu.o
 .debug_line    0x00002c58      0x2bc ./Generated_Code/Vectors.o
 .debug_line    0x00002f14      0x496 D:\Embedded Software US\es18aut13\Project\Library\libOS.a(OS.o)
 .debug_line    0x000033aa      0x200 D:\Embedded Software US\es18aut13\Project\Library\libAnalog.a(analog.o)
 .debug_line    0x000035aa      0x2d3 D:\Embedded Software US\es18aut13\Project\Library\libAnalog.a(SPI.o)

.debug_str      0x00000000    0x9024f
 .debug_str     0x00000000    0x8a681 ./Sources/FIFO.o
                              0x8a7ff (size before relaxing)
 .debug_str     0x0008a681      0x3b0 ./Sources/FTM.o
                              0x8ab41 (size before relaxing)
 .debug_str     0x0008aa31      0x3a5 ./Sources/Flash.o
                              0x83106 (size before relaxing)
 .debug_str     0x0008add6      0x222 ./Sources/I2C.o
                              0x8ab07 (size before relaxing)
 .debug_str     0x0008aff8       0xa6 ./Sources/LEDs.o
                              0x82eec (size before relaxing)
 .debug_str     0x0008b09e      0x11e ./Sources/PIT.o
                              0x8a9df (size before relaxing)
 .debug_str     0x0008b1bc       0x9d ./Sources/RTC.o
                              0x8a96c (size before relaxing)
 .debug_str     0x0008b259      0x235 ./Sources/UART.o
                              0x8abb1 (size before relaxing)
 .debug_str     0x0008b48e      0xa39 ./Sources/accel.o
                              0x8b4f3 (size before relaxing)
 .debug_str     0x0008bec7     0x2351 ./Sources/main.o
                              0x8d064 (size before relaxing)
 .debug_str     0x0008e218       0x4f ./Sources/packet.o
                              0x8aa8e (size before relaxing)
 .debug_str     0x0008e267     0x1147 ./Project_Settings/Startup_Code/startup.o
                              0x853f0 (size before relaxing)
 .debug_str     0x0008f3ae      0x1e3 ./Generated_Code/Cpu.o
                              0x8aa21 (size before relaxing)
 .debug_str     0x0008f591       0x1c ./Generated_Code/Vectors.o
                              0x8a7de (size before relaxing)
 .debug_str     0x0008f5ad      0x3ab D:\Embedded Software US\es18aut13\Project\Library\libOS.a(OS.o)
                              0x8ad2a (size before relaxing)
 .debug_str     0x0008f958      0x55a D:\Embedded Software US\es18aut13\Project\Library\libAnalog.a(analog.o)
                               0x3866 (size before relaxing)
 .debug_str     0x0008feb2      0x39d D:\Embedded Software US\es18aut13\Project\Library\libAnalog.a(SPI.o)
                              0x83389 (size before relaxing)

.comment        0x00000000       0x70
 .comment       0x00000000       0x70 ./Sources/FIFO.o
                                 0x71 (size before relaxing)
 .comment       0x00000000       0x71 ./Sources/FTM.o
 .comment       0x00000000       0x71 ./Sources/Flash.o
 .comment       0x00000000       0x71 ./Sources/I2C.o
 .comment       0x00000000       0x71 ./Sources/LEDs.o
 .comment       0x00000000       0x71 ./Sources/PIT.o
 .comment       0x00000000       0x71 ./Sources/RTC.o
 .comment       0x00000000       0x71 ./Sources/UART.o
 .comment       0x00000000       0x71 ./Sources/accel.o
 .comment       0x00000000       0x71 ./Sources/main.o
 .comment       0x00000000       0x71 ./Sources/packet.o
 .comment       0x00000000       0x71 ./Project_Settings/Startup_Code/startup.o
 .comment       0x00000000       0x71 ./Generated_Code/Cpu.o
 .comment       0x00000000       0x71 ./Generated_Code/Vectors.o
 .comment       0x00000000       0x71 D:\Embedded Software US\es18aut13\Project\Library\libOS.a(OS.o)
 .comment       0x00000000       0x71 D:\Embedded Software US\es18aut13\Project\Library\libAnalog.a(analog.o)
 .comment       0x00000000       0x71 D:\Embedded Software US\es18aut13\Project\Library\libAnalog.a(SPI.o)

.debug_frame    0x00000000     0x1170
 .debug_frame   0x00000000       0x70 ./Sources/FIFO.o
 .debug_frame   0x00000070       0x88 ./Sources/FTM.o
 .debug_frame   0x000000f8      0x128 ./Sources/Flash.o
 .debug_frame   0x00000220      0x148 ./Sources/I2C.o
 .debug_frame   0x00000368       0x7c ./Sources/LEDs.o
 .debug_frame   0x000003e4       0x8c ./Sources/PIT.o
 .debug_frame   0x00000470       0x8c ./Sources/RTC.o
 .debug_frame   0x000004fc       0xd4 ./Sources/UART.o
 .debug_frame   0x000005d0       0x94 ./Sources/accel.o
 .debug_frame   0x00000664      0x2fc ./Sources/main.o
 .debug_frame   0x00000960       0x70 ./Sources/packet.o
 .debug_frame   0x000009d0       0xc0 ./Project_Settings/Startup_Code/startup.o
 .debug_frame   0x00000a90       0x80 ./Generated_Code/Cpu.o
 .debug_frame   0x00000b10      0x2a0 D:\Embedded Software US\es18aut13\Project\Library\libOS.a(OS.o)
 .debug_frame   0x00000db0       0x90 D:\Embedded Software US\es18aut13\Project\Library\libAnalog.a(analog.o)
 .debug_frame   0x00000e40      0x100 D:\Embedded Software US\es18aut13\Project\Library\libAnalog.a(SPI.o)
 .debug_frame   0x00000f40       0x30 c:/freescale/kds_3.0.0/toolchain/bin/../lib/gcc/arm-none-eabi/4.8.4/../../../../arm-none-eabi/lib/armv7e-m/fpu\libm.a(lib_a-wf_sqrt.o)
 .debug_frame   0x00000f70       0x2c c:/freescale/kds_3.0.0/toolchain/bin/../lib/gcc/arm-none-eabi/4.8.4/../../../../arm-none-eabi/lib/armv7e-m/fpu\libm.a(lib_a-ef_sqrt.o)
 .debug_frame   0x00000f9c       0x20 c:/freescale/kds_3.0.0/toolchain/bin/../lib/gcc/arm-none-eabi/4.8.4/../../../../arm-none-eabi/lib/armv7e-m/fpu\libm.a(lib_a-s_matherr.o)
 .debug_frame   0x00000fbc       0x20 c:/freescale/kds_3.0.0/toolchain/bin/../lib/gcc/arm-none-eabi/4.8.4/../../../../arm-none-eabi/lib/armv7e-m/fpu\libm.a(lib_a-sf_fpclassify.o)
 .debug_frame   0x00000fdc       0x50 c:/freescale/kds_3.0.0/toolchain/bin/../lib/gcc/arm-none-eabi/4.8.4/armv7e-m/fpu\libgcc.a(bpabi.o)
 .debug_frame   0x0000102c       0x34 c:/freescale/kds_3.0.0/toolchain/bin/../lib/gcc/arm-none-eabi/4.8.4/armv7e-m/fpu\libgcc.a(_divdi3.o)
 .debug_frame   0x00001060       0x34 c:/freescale/kds_3.0.0/toolchain/bin/../lib/gcc/arm-none-eabi/4.8.4/armv7e-m/fpu\libgcc.a(_udivdi3.o)
 .debug_frame   0x00001094       0x20 c:/freescale/kds_3.0.0/toolchain/bin/../lib/gcc/arm-none-eabi/4.8.4/../../../../arm-none-eabi/lib/armv7e-m/fpu\libg_s.a(lib_a-errno.o)
 .debug_frame   0x000010b4       0x28 c:/freescale/kds_3.0.0/toolchain/bin/../lib/gcc/arm-none-eabi/4.8.4/../../../../arm-none-eabi/lib/armv7e-m/fpu\libg_s.a(lib_a-exit.o)
 .debug_frame   0x000010dc       0x2c c:/freescale/kds_3.0.0/toolchain/bin/../lib/gcc/arm-none-eabi/4.8.4/../../../../arm-none-eabi/lib/armv7e-m/fpu\libg_s.a(lib_a-init.o)
 .debug_frame   0x00001108       0x28 c:/freescale/kds_3.0.0/toolchain/bin/../lib/gcc/arm-none-eabi/4.8.4/../../../../arm-none-eabi/lib/armv7e-m/fpu\libg_s.a(lib_a-memcpy-stub.o)
 .debug_frame   0x00001130       0x20 c:/freescale/kds_3.0.0/toolchain/bin/../lib/gcc/arm-none-eabi/4.8.4/../../../../arm-none-eabi/lib/armv7e-m/fpu\libg_s.a(lib_a-memset.o)
 .debug_frame   0x00001150       0x20 c:/freescale/kds_3.0.0/toolchain/bin/../lib/gcc/arm-none-eabi/4.8.4/../../../../arm-none-eabi/lib/armv7e-m/fpu\libnosys.a(_exit.o)
