Archive member included because of file (symbol)

C:\Users\12403756\Temp\es18aut13\Lab5\Library\libOS.a(OS.o)
                              ./Sources/main.o (OS_Init)
c:/freescale/kds_3.0.0/toolchain/bin/../lib/gcc/arm-none-eabi/4.8.4/../../../../arm-none-eabi/lib/armv7e-m/fpu\libg_s.a(lib_a-exit.o)
                              c:/freescale/kds_3.0.0/toolchain/bin/../lib/gcc/arm-none-eabi/4.8.4/../../../../arm-none-eabi/lib/armv7e-m/fpu/crt0.o (exit)
c:/freescale/kds_3.0.0/toolchain/bin/../lib/gcc/arm-none-eabi/4.8.4/../../../../arm-none-eabi/lib/armv7e-m/fpu\libg_s.a(lib_a-impure.o)
                              c:/freescale/kds_3.0.0/toolchain/bin/../lib/gcc/arm-none-eabi/4.8.4/../../../../arm-none-eabi/lib/armv7e-m/fpu\libg_s.a(lib_a-exit.o) (_global_impure_ptr)
c:/freescale/kds_3.0.0/toolchain/bin/../lib/gcc/arm-none-eabi/4.8.4/../../../../arm-none-eabi/lib/armv7e-m/fpu\libg_s.a(lib_a-init.o)
                              c:/freescale/kds_3.0.0/toolchain/bin/../lib/gcc/arm-none-eabi/4.8.4/../../../../arm-none-eabi/lib/armv7e-m/fpu/crt0.o (__libc_init_array)
c:/freescale/kds_3.0.0/toolchain/bin/../lib/gcc/arm-none-eabi/4.8.4/../../../../arm-none-eabi/lib/armv7e-m/fpu\libg_s.a(lib_a-memcpy-stub.o)
                              ./Sources/I2C.o (memcpy)
c:/freescale/kds_3.0.0/toolchain/bin/../lib/gcc/arm-none-eabi/4.8.4/../../../../arm-none-eabi/lib/armv7e-m/fpu\libg_s.a(lib_a-memset.o)
                              c:/freescale/kds_3.0.0/toolchain/bin/../lib/gcc/arm-none-eabi/4.8.4/../../../../arm-none-eabi/lib/armv7e-m/fpu/crt0.o (memset)
c:/freescale/kds_3.0.0/toolchain/bin/../lib/gcc/arm-none-eabi/4.8.4/../../../../arm-none-eabi/lib/armv7e-m/fpu\libnosys.a(_exit.o)
                              c:/freescale/kds_3.0.0/toolchain/bin/../lib/gcc/arm-none-eabi/4.8.4/../../../../arm-none-eabi/lib/armv7e-m/fpu\libg_s.a(lib_a-exit.o) (_exit)

Allocating common symbols
Common symbol       size              file

NvTowerMd           0x4               ./Sources/main.o
NvTowerNb           0x4               ./Sources/main.o
DummyRead           0x1               ./Sources/UART.o
Packet              0x5               ./Sources/packet.o
TxUART              0x4               ./Sources/UART.o
TxFIFO              0x110             ./Sources/UART.o
RxFIFO              0x110             ./Sources/UART.o
SR_reg              0x1               ./Generated_Code/Cpu.o
NvTowerPo           0x4               ./Sources/main.o
AccelNewData        0x3               ./Sources/main.o
RxUART              0x4               ./Sources/UART.o

Discarded input sections

 .text          0x00000000        0x0 c:/freescale/kds_3.0.0/toolchain/bin/../lib/gcc/arm-none-eabi/4.8.4/armv7e-m/fpu/crti.o
 .data          0x00000000        0x0 c:/freescale/kds_3.0.0/toolchain/bin/../lib/gcc/arm-none-eabi/4.8.4/armv7e-m/fpu/crti.o
 .bss           0x00000000        0x0 c:/freescale/kds_3.0.0/toolchain/bin/../lib/gcc/arm-none-eabi/4.8.4/armv7e-m/fpu/crti.o
 .data          0x00000000        0x4 c:/freescale/kds_3.0.0/toolchain/bin/../lib/gcc/arm-none-eabi/4.8.4/armv7e-m/fpu/crtbegin.o
 .data          0x00000000        0x0 c:/freescale/kds_3.0.0/toolchain/bin/../lib/gcc/arm-none-eabi/4.8.4/../../../../arm-none-eabi/lib/armv7e-m/fpu/crt0.o
 .bss           0x00000000        0x0 c:/freescale/kds_3.0.0/toolchain/bin/../lib/gcc/arm-none-eabi/4.8.4/../../../../arm-none-eabi/lib/armv7e-m/fpu/crt0.o
 .ARM.extab     0x00000000        0x0 c:/freescale/kds_3.0.0/toolchain/bin/../lib/gcc/arm-none-eabi/4.8.4/../../../../arm-none-eabi/lib/armv7e-m/fpu/crt0.o
 .group         0x00000000        0x8 ./Sources/Events.o
 .group         0x00000000        0x8 ./Sources/Events.o
 .group         0x00000000        0x8 ./Sources/Events.o
 .group         0x00000000        0x8 ./Sources/Events.o
 .group         0x00000000        0x8 ./Sources/Events.o
 .group         0x00000000        0x8 ./Sources/Events.o
 .group         0x00000000        0x8 ./Sources/Events.o
 .group         0x00000000        0x8 ./Sources/Events.o
 .group         0x00000000        0x8 ./Sources/Events.o
 .text          0x00000000        0x0 ./Sources/Events.o
 .data          0x00000000        0x0 ./Sources/Events.o
 .bss           0x00000000        0x0 ./Sources/Events.o
 .debug_info    0x00000000       0x7d ./Sources/Events.o
 .debug_abbrev  0x00000000       0x29 ./Sources/Events.o
 .debug_aranges
                0x00000000       0x18 ./Sources/Events.o
 .debug_macro   0x00000000       0x97 ./Sources/Events.o
 .debug_macro   0x00000000      0x850 ./Sources/Events.o
 .debug_macro   0x00000000       0x16 ./Sources/Events.o
 .debug_macro   0x00000000       0x44 ./Sources/Events.o
 .debug_macro   0x00000000      0x209 ./Sources/Events.o
 .debug_macro   0x00000000     0x17fa ./Sources/Events.o
 .debug_macro   0x00000000    0x174c1 ./Sources/Events.o
 .debug_macro   0x00000000       0x94 ./Sources/Events.o
 .debug_macro   0x00000000      0x14e ./Sources/Events.o
 .debug_macro   0x00000000       0x64 ./Sources/Events.o
 .debug_line    0x00000000      0x240 ./Sources/Events.o
 .debug_str     0x00000000    0x8a5e8 ./Sources/Events.o
 .comment       0x00000000       0x71 ./Sources/Events.o
 .ARM.attributes
                0x00000000       0x39 ./Sources/Events.o
 .group         0x00000000        0x8 ./Sources/FIFO.o
 .group         0x00000000        0x8 ./Sources/FIFO.o
 .group         0x00000000        0x8 ./Sources/FIFO.o
 .group         0x00000000        0x8 ./Sources/FIFO.o
 .group         0x00000000        0x8 ./Sources/FIFO.o
 .group         0x00000000        0x8 ./Sources/FIFO.o
 .group         0x00000000        0x8 ./Sources/FIFO.o
 .group         0x00000000        0x8 ./Sources/FIFO.o
 .group         0x00000000        0x8 ./Sources/FIFO.o
 .text          0x00000000        0x0 ./Sources/FIFO.o
 .data          0x00000000        0x0 ./Sources/FIFO.o
 .bss           0x00000000        0x0 ./Sources/FIFO.o
 .debug_macro   0x00000000      0x850 ./Sources/FIFO.o
 .debug_macro   0x00000000       0x16 ./Sources/FIFO.o
 .debug_macro   0x00000000       0x44 ./Sources/FIFO.o
 .debug_macro   0x00000000      0x209 ./Sources/FIFO.o
 .debug_macro   0x00000000    0x174c1 ./Sources/FIFO.o
 .debug_macro   0x00000000       0x94 ./Sources/FIFO.o
 .group         0x00000000        0x8 ./Sources/FTM.o
 .group         0x00000000        0x8 ./Sources/FTM.o
 .group         0x00000000        0x8 ./Sources/FTM.o
 .group         0x00000000        0x8 ./Sources/FTM.o
 .group         0x00000000        0x8 ./Sources/FTM.o
 .group         0x00000000        0x8 ./Sources/FTM.o
 .group         0x00000000        0x8 ./Sources/FTM.o
 .group         0x00000000        0x8 ./Sources/FTM.o
 .text          0x00000000        0x0 ./Sources/FTM.o
 .data          0x00000000        0x0 ./Sources/FTM.o
 .bss           0x00000000        0x0 ./Sources/FTM.o
 .debug_macro   0x00000000      0x850 ./Sources/FTM.o
 .debug_macro   0x00000000       0x16 ./Sources/FTM.o
 .debug_macro   0x00000000       0x44 ./Sources/FTM.o
 .debug_macro   0x00000000      0x209 ./Sources/FTM.o
 .debug_macro   0x00000000       0x22 ./Sources/FTM.o
 .debug_macro   0x00000000    0x174c1 ./Sources/FTM.o
 .debug_macro   0x00000000     0x1800 ./Sources/FTM.o
 .debug_macro   0x00000000       0x94 ./Sources/FTM.o
 .group         0x00000000        0x8 ./Sources/Flash.o
 .group         0x00000000        0x8 ./Sources/Flash.o
 .group         0x00000000        0x8 ./Sources/Flash.o
 .group         0x00000000        0x8 ./Sources/Flash.o
 .group         0x00000000        0x8 ./Sources/Flash.o
 .group         0x00000000        0x8 ./Sources/Flash.o
 .group         0x00000000        0x8 ./Sources/Flash.o
 .group         0x00000000        0x8 ./Sources/Flash.o
 .text          0x00000000        0x0 ./Sources/Flash.o
 .data          0x00000000        0x0 ./Sources/Flash.o
 .bss           0x00000000        0x0 ./Sources/Flash.o
 .rodata.PROGRAM_PHRASE
                0x00000000        0x1 ./Sources/Flash.o
 .rodata.ERASE_FLASH_SECTOR
                0x00000000        0x1 ./Sources/Flash.o
 .text.Flash_Init
                0x00000000       0x10 ./Sources/Flash.o
 .text.Flash_AllocateVar
                0x00000000       0x90 ./Sources/Flash.o
 .bss.occupiedBytes.5646
                0x00000000        0x1 ./Sources/Flash.o
 .debug_macro   0x00000000      0x850 ./Sources/Flash.o
 .debug_macro   0x00000000       0x16 ./Sources/Flash.o
 .debug_macro   0x00000000       0x44 ./Sources/Flash.o
 .debug_macro   0x00000000      0x209 ./Sources/Flash.o
 .debug_macro   0x00000000       0x22 ./Sources/Flash.o
 .group         0x00000000        0x8 ./Sources/I2C.o
 .group         0x00000000        0x8 ./Sources/I2C.o
 .group         0x00000000        0x8 ./Sources/I2C.o
 .group         0x00000000        0x8 ./Sources/I2C.o
 .group         0x00000000        0x8 ./Sources/I2C.o
 .group         0x00000000        0x8 ./Sources/I2C.o
 .group         0x00000000        0x8 ./Sources/I2C.o
 .group         0x00000000        0x8 ./Sources/I2C.o
 .text          0x00000000        0x0 ./Sources/I2C.o
 .data          0x00000000        0x0 ./Sources/I2C.o
 .bss           0x00000000        0x0 ./Sources/I2C.o
 .rodata        0x00000000       0x80 ./Sources/I2C.o
 .text.I2C_Init
                0x00000000      0x23c ./Sources/I2C.o
 .text.I2C_SelectSlaveDevice
                0x00000000       0x20 ./Sources/I2C.o
 .text.I2C_PollRead
                0x00000000       0xec ./Sources/I2C.o
 .text.I2C_IntRead
                0x00000000       0x68 ./Sources/I2C.o
 .debug_macro   0x00000000      0x850 ./Sources/I2C.o
 .debug_macro   0x00000000       0x16 ./Sources/I2C.o
 .debug_macro   0x00000000       0x44 ./Sources/I2C.o
 .debug_macro   0x00000000      0x209 ./Sources/I2C.o
 .debug_macro   0x00000000       0x22 ./Sources/I2C.o
 .debug_macro   0x00000000    0x174c1 ./Sources/I2C.o
 .debug_macro   0x00000000     0x1800 ./Sources/I2C.o
 .debug_macro   0x00000000       0x94 ./Sources/I2C.o
 .group         0x00000000        0x8 ./Sources/LEDs.o
 .group         0x00000000        0x8 ./Sources/LEDs.o
 .group         0x00000000        0x8 ./Sources/LEDs.o
 .group         0x00000000        0x8 ./Sources/LEDs.o
 .group         0x00000000        0x8 ./Sources/LEDs.o
 .group         0x00000000        0x8 ./Sources/LEDs.o
 .group         0x00000000        0x8 ./Sources/LEDs.o
 .text          0x00000000        0x0 ./Sources/LEDs.o
 .data          0x00000000        0x0 ./Sources/LEDs.o
 .bss           0x00000000        0x0 ./Sources/LEDs.o
 .text.LEDs_Toggle
                0x00000000       0x24 ./Sources/LEDs.o
 .debug_macro   0x00000000      0x850 ./Sources/LEDs.o
 .debug_macro   0x00000000       0x16 ./Sources/LEDs.o
 .debug_macro   0x00000000       0x16 ./Sources/LEDs.o
 .debug_macro   0x00000000       0x44 ./Sources/LEDs.o
 .debug_macro   0x00000000      0x209 ./Sources/LEDs.o
 .debug_macro   0x00000000    0x174af ./Sources/LEDs.o
 .debug_macro   0x00000000       0x22 ./Sources/LEDs.o
 .group         0x00000000        0x8 ./Sources/PIT.o
 .group         0x00000000        0x8 ./Sources/PIT.o
 .group         0x00000000        0x8 ./Sources/PIT.o
 .group         0x00000000        0x8 ./Sources/PIT.o
 .group         0x00000000        0x8 ./Sources/PIT.o
 .group         0x00000000        0x8 ./Sources/PIT.o
 .group         0x00000000        0x8 ./Sources/PIT.o
 .group         0x00000000        0x8 ./Sources/PIT.o
 .text          0x00000000        0x0 ./Sources/PIT.o
 .data          0x00000000        0x0 ./Sources/PIT.o
 .bss           0x00000000        0x0 ./Sources/PIT.o
 .text.PIT_Init
                0x00000000       0xdc ./Sources/PIT.o
 .debug_macro   0x00000000      0x850 ./Sources/PIT.o
 .debug_macro   0x00000000       0x16 ./Sources/PIT.o
 .debug_macro   0x00000000       0x44 ./Sources/PIT.o
 .debug_macro   0x00000000      0x209 ./Sources/PIT.o
 .debug_macro   0x00000000       0x22 ./Sources/PIT.o
 .debug_macro   0x00000000    0x174c1 ./Sources/PIT.o
 .debug_macro   0x00000000     0x1800 ./Sources/PIT.o
 .debug_macro   0x00000000       0x94 ./Sources/PIT.o
 .group         0x00000000        0x8 ./Sources/RTC.o
 .group         0x00000000        0x8 ./Sources/RTC.o
 .group         0x00000000        0x8 ./Sources/RTC.o
 .group         0x00000000        0x8 ./Sources/RTC.o
 .group         0x00000000        0x8 ./Sources/RTC.o
 .group         0x00000000        0x8 ./Sources/RTC.o
 .group         0x00000000        0x8 ./Sources/RTC.o
 .group         0x00000000        0x8 ./Sources/RTC.o
 .text          0x00000000        0x0 ./Sources/RTC.o
 .data          0x00000000        0x0 ./Sources/RTC.o
 .bss           0x00000000        0x0 ./Sources/RTC.o
 .text.RTC_Init
                0x00000000       0xf4 ./Sources/RTC.o
 .text.RTC_Get  0x00000000       0x9c ./Sources/RTC.o
 .debug_macro   0x00000000      0x850 ./Sources/RTC.o
 .debug_macro   0x00000000       0x16 ./Sources/RTC.o
 .debug_macro   0x00000000       0x44 ./Sources/RTC.o
 .debug_macro   0x00000000      0x209 ./Sources/RTC.o
 .debug_macro   0x00000000       0x22 ./Sources/RTC.o
 .debug_macro   0x00000000    0x174c1 ./Sources/RTC.o
 .debug_macro   0x00000000     0x1800 ./Sources/RTC.o
 .debug_macro   0x00000000       0x94 ./Sources/RTC.o
 .group         0x00000000        0x8 ./Sources/UART.o
 .group         0x00000000        0x8 ./Sources/UART.o
 .group         0x00000000        0x8 ./Sources/UART.o
 .group         0x00000000        0x8 ./Sources/UART.o
 .group         0x00000000        0x8 ./Sources/UART.o
 .group         0x00000000        0x8 ./Sources/UART.o
 .group         0x00000000        0x8 ./Sources/UART.o
 .group         0x00000000        0x8 ./Sources/UART.o
 .group         0x00000000        0x8 ./Sources/UART.o
 .group         0x00000000        0x8 ./Sources/UART.o
 .text          0x00000000        0x0 ./Sources/UART.o
 .data          0x00000000        0x0 ./Sources/UART.o
 .bss           0x00000000        0x0 ./Sources/UART.o
 .debug_macro   0x00000000      0x850 ./Sources/UART.o
 .debug_macro   0x00000000       0x16 ./Sources/UART.o
 .debug_macro   0x00000000       0x44 ./Sources/UART.o
 .debug_macro   0x00000000      0x209 ./Sources/UART.o
 .debug_macro   0x00000000       0x22 ./Sources/UART.o
 .debug_macro   0x00000000       0x36 ./Sources/UART.o
 .debug_macro   0x00000000    0x174c1 ./Sources/UART.o
 .debug_macro   0x00000000     0x1800 ./Sources/UART.o
 .debug_macro   0x00000000       0x94 ./Sources/UART.o
 .group         0x00000000        0x8 ./Sources/accel.o
 .group         0x00000000        0x8 ./Sources/accel.o
 .group         0x00000000        0x8 ./Sources/accel.o
 .group         0x00000000        0x8 ./Sources/accel.o
 .group         0x00000000        0x8 ./Sources/accel.o
 .group         0x00000000        0x8 ./Sources/accel.o
 .group         0x00000000        0x8 ./Sources/accel.o
 .group         0x00000000        0x8 ./Sources/accel.o
 .text          0x00000000        0x0 ./Sources/accel.o
 .data          0x00000000        0x0 ./Sources/accel.o
 .bss           0x00000000        0x0 ./Sources/accel.o
 .bss.INT_SOURCE_Union
                0x00000000        0x4 ./Sources/accel.o
 .bss.CTRL_REG3_Union
                0x00000000        0x4 ./Sources/accel.o
 .text.Accel_Init
                0x00000000       0xfc ./Sources/accel.o
 .text.Accel_ReadXYZ
                0x00000000       0x18 ./Sources/accel.o
 .debug_macro   0x00000000      0x850 ./Sources/accel.o
 .debug_macro   0x00000000       0x16 ./Sources/accel.o
 .debug_macro   0x00000000       0x44 ./Sources/accel.o
 .debug_macro   0x00000000      0x209 ./Sources/accel.o
 .debug_macro   0x00000000       0x22 ./Sources/accel.o
 .debug_macro   0x00000000    0x174c1 ./Sources/accel.o
 .debug_macro   0x00000000     0x1800 ./Sources/accel.o
 .group         0x00000000        0x8 ./Sources/main.o
 .group         0x00000000        0x8 ./Sources/main.o
 .group         0x00000000        0x8 ./Sources/main.o
 .group         0x00000000        0x8 ./Sources/main.o
 .group         0x00000000        0x8 ./Sources/main.o
 .group         0x00000000        0x8 ./Sources/main.o
 .group         0x00000000        0x8 ./Sources/main.o
 .group         0x00000000        0x8 ./Sources/main.o
 .group         0x00000000        0x8 ./Sources/main.o
 .group         0x00000000        0x8 ./Sources/main.o
 .group         0x00000000        0x8 ./Sources/main.o
 .group         0x00000000        0x8 ./Sources/main.o
 .group         0x00000000        0x8 ./Sources/main.o
 .group         0x00000000        0x8 ./Sources/main.o
 .text          0x00000000        0x0 ./Sources/main.o
 .data          0x00000000        0x0 ./Sources/main.o
 .bss           0x00000000        0x0 ./Sources/main.o
 .rodata.PROGRAM_PHRASE
                0x00000000        0x1 ./Sources/main.o
 .rodata.ERASE_FLASH_SECTOR
                0x00000000        0x1 ./Sources/main.o
 .rodata.PERIOD_LED_GREEN
                0x00000000        0x4 ./Sources/main.o
 .rodata.COMMAND_STARTUP
                0x00000000        0x1 ./Sources/main.o
 .rodata.COMMAND_VER
                0x00000000        0x1 ./Sources/main.o
 .rodata.COMMAND_NUM
                0x00000000        0x1 ./Sources/main.o
 .rodata.COMMAND_PROGRAMBYTE
                0x00000000        0x1 ./Sources/main.o
 .rodata.COMMAND_READBYTE
                0x00000000        0x1 ./Sources/main.o
 .rodata.COMMAND_MODE
                0x00000000        0x1 ./Sources/main.o
 .rodata.COMMAND_TIME
                0x00000000        0x1 ./Sources/main.o
 .rodata.COMMAND_PROTOCOL
                0x00000000        0x1 ./Sources/main.o
 .rodata.COMMAND_ACCEL
                0x00000000        0x1 ./Sources/main.o
 .rodata.PARAM_GET
                0x00000000        0x1 ./Sources/main.o
 .rodata.PARAM_SET
                0x00000000        0x1 ./Sources/main.o
 .rodata.TOWER_VER_MAJ
                0x00000000        0x1 ./Sources/main.o
 .rodata.TOWER_VER_MIN
                0x00000000        0x1 ./Sources/main.o
 .bss.RTCThreadStack
                0x00000000      0x190 ./Sources/main.o
 .bss.FTMThreadStack
                0x00000000      0x190 ./Sources/main.o
 .bss.PITThreadStack
                0x00000000      0x190 ./Sources/main.o
 .bss.I2CThreadStack
                0x00000000      0x190 ./Sources/main.o
 .bss.AccelThreadStack
                0x00000000      0x190 ./Sources/main.o
 .text.RTCCallback
                0x00000000       0x38 ./Sources/main.o
 .text.AccelDataReadyCallback
                0x00000000       0x18 ./Sources/main.o
 .text.AccelReadCompleteCallback
                0x00000000      0x134 ./Sources/main.o
 .text.TowerInit
                0x00000000       0x6c ./Sources/main.o
 .text.TowerSet
                0x00000000       0xf8 ./Sources/main.o
 .bss.recentData.6876
                0x00000000        0xc ./Sources/main.o
 .debug_macro   0x00000000      0x850 ./Sources/main.o
 .debug_macro   0x00000000       0x16 ./Sources/main.o
 .debug_macro   0x00000000       0x44 ./Sources/main.o
 .debug_macro   0x00000000      0x209 ./Sources/main.o
 .debug_macro   0x00000000       0x22 ./Sources/main.o
 .debug_macro   0x00000000     0x1800 ./Sources/main.o
 .debug_macro   0x00000000    0x174c1 ./Sources/main.o
 .debug_macro   0x00000000       0x94 ./Sources/main.o
 .debug_macro   0x00000000       0x36 ./Sources/main.o
 .debug_macro   0x00000000      0x14e ./Sources/main.o
 .debug_macro   0x00000000       0x64 ./Sources/main.o
 .debug_macro   0x00000000       0x10 ./Sources/main.o
 .debug_macro   0x00000000       0x2e ./Sources/main.o
 .group         0x00000000        0x8 ./Sources/median.o
 .group         0x00000000        0x8 ./Sources/median.o
 .group         0x00000000        0x8 ./Sources/median.o
 .group         0x00000000        0x8 ./Sources/median.o
 .group         0x00000000        0x8 ./Sources/median.o
 .text          0x00000000        0x0 ./Sources/median.o
 .data          0x00000000        0x0 ./Sources/median.o
 .bss           0x00000000        0x0 ./Sources/median.o
 .text.Median_Filter3
                0x00000000       0x70 ./Sources/median.o
 .debug_info    0x00000000       0xe9 ./Sources/median.o
 .debug_abbrev  0x00000000       0x6c ./Sources/median.o
 .debug_aranges
                0x00000000       0x20 ./Sources/median.o
 .debug_ranges  0x00000000       0x10 ./Sources/median.o
 .debug_macro   0x00000000       0x5f ./Sources/median.o
 .debug_macro   0x00000000      0x850 ./Sources/median.o
 .debug_macro   0x00000000       0x16 ./Sources/median.o
 .debug_macro   0x00000000       0x44 ./Sources/median.o
 .debug_macro   0x00000000      0x209 ./Sources/median.o
 .debug_macro   0x00000000       0x22 ./Sources/median.o
 .debug_line    0x00000000      0x1a3 ./Sources/median.o
 .debug_str     0x00000000     0x2f90 ./Sources/median.o
 .comment       0x00000000       0x71 ./Sources/median.o
 .ARM.attributes
                0x00000000       0x39 ./Sources/median.o
 .debug_frame   0x00000000       0x2c ./Sources/median.o
 .group         0x00000000        0x8 ./Sources/packet.o
 .group         0x00000000        0x8 ./Sources/packet.o
 .group         0x00000000        0x8 ./Sources/packet.o
 .group         0x00000000        0x8 ./Sources/packet.o
 .group         0x00000000        0x8 ./Sources/packet.o
 .group         0x00000000        0x8 ./Sources/packet.o
 .group         0x00000000        0x8 ./Sources/packet.o
 .group         0x00000000        0x8 ./Sources/packet.o
 .group         0x00000000        0x8 ./Sources/packet.o
 .text          0x00000000        0x0 ./Sources/packet.o
 .data          0x00000000        0x0 ./Sources/packet.o
 .bss           0x00000000        0x0 ./Sources/packet.o
 .debug_macro   0x00000000      0x850 ./Sources/packet.o
 .debug_macro   0x00000000       0x16 ./Sources/packet.o
 .debug_macro   0x00000000       0x44 ./Sources/packet.o
 .debug_macro   0x00000000      0x209 ./Sources/packet.o
 .debug_macro   0x00000000       0x22 ./Sources/packet.o
 .debug_macro   0x00000000       0x36 ./Sources/packet.o
 .debug_macro   0x00000000       0x10 ./Sources/packet.o
 .debug_macro   0x00000000       0x3a ./Sources/packet.o
 .debug_macro   0x00000000    0x174c1 ./Sources/packet.o
 .group         0x00000000        0x8 ./Project_Settings/Startup_Code/startup.o
 .group         0x00000000        0x8 ./Project_Settings/Startup_Code/startup.o
 .group         0x00000000        0x8 ./Project_Settings/Startup_Code/startup.o
 .group         0x00000000        0x8 ./Project_Settings/Startup_Code/startup.o
 .group         0x00000000        0x8 ./Project_Settings/Startup_Code/startup.o
 .group         0x00000000        0x8 ./Project_Settings/Startup_Code/startup.o
 .group         0x00000000        0x8 ./Project_Settings/Startup_Code/startup.o
 .group         0x00000000        0x8 ./Project_Settings/Startup_Code/startup.o
 .group         0x00000000        0x8 ./Project_Settings/Startup_Code/startup.o
 .group         0x00000000        0x8 ./Project_Settings/Startup_Code/startup.o
 .group         0x00000000        0x8 ./Project_Settings/Startup_Code/startup.o
 .group         0x00000000        0x8 ./Project_Settings/Startup_Code/startup.o
 .group         0x00000000        0x8 ./Project_Settings/Startup_Code/startup.o
 .group         0x00000000        0x8 ./Project_Settings/Startup_Code/startup.o
 .group         0x00000000        0x8 ./Project_Settings/Startup_Code/startup.o
 .group         0x00000000        0x8 ./Project_Settings/Startup_Code/startup.o
 .group         0x00000000        0x8 ./Project_Settings/Startup_Code/startup.o
 .group         0x00000000        0x8 ./Project_Settings/Startup_Code/startup.o
 .group         0x00000000        0x8 ./Project_Settings/Startup_Code/startup.o
 .text          0x00000000        0x0 ./Project_Settings/Startup_Code/startup.o
 .data          0x00000000        0x0 ./Project_Settings/Startup_Code/startup.o
 .bss           0x00000000        0x0 ./Project_Settings/Startup_Code/startup.o
 .text.__init_hardware
                0x00000000        0xc ./Project_Settings/Startup_Code/startup.o
 .text.__iar_program_start
                0x00000000        0xc ./Project_Settings/Startup_Code/startup.o
 .debug_macro   0x00000000      0x850 ./Project_Settings/Startup_Code/startup.o
 .debug_macro   0x00000000       0x16 ./Project_Settings/Startup_Code/startup.o
 .debug_macro   0x00000000       0x16 ./Project_Settings/Startup_Code/startup.o
 .debug_macro   0x00000000    0x174af ./Project_Settings/Startup_Code/startup.o
 .group         0x00000000        0x8 ./Generated_Code/Cpu.o
 .group         0x00000000        0x8 ./Generated_Code/Cpu.o
 .group         0x00000000        0x8 ./Generated_Code/Cpu.o
 .group         0x00000000        0x8 ./Generated_Code/Cpu.o
 .group         0x00000000        0x8 ./Generated_Code/Cpu.o
 .group         0x00000000        0x8 ./Generated_Code/Cpu.o
 .group         0x00000000        0x8 ./Generated_Code/Cpu.o
 .text          0x00000000        0x0 ./Generated_Code/Cpu.o
 .data          0x00000000        0x0 ./Generated_Code/Cpu.o
 .bss           0x00000000        0x0 ./Generated_Code/Cpu.o
 .debug_macro   0x00000000      0x850 ./Generated_Code/Cpu.o
 .debug_macro   0x00000000       0x16 ./Generated_Code/Cpu.o
 .debug_macro   0x00000000       0x44 ./Generated_Code/Cpu.o
 .debug_macro   0x00000000      0x209 ./Generated_Code/Cpu.o
 .debug_macro   0x00000000     0x17fa ./Generated_Code/Cpu.o
 .debug_macro   0x00000000    0x174c1 ./Generated_Code/Cpu.o
 .group         0x00000000        0x8 ./Generated_Code/Vectors.o
 .group         0x00000000        0x8 ./Generated_Code/Vectors.o
 .group         0x00000000        0x8 ./Generated_Code/Vectors.o
 .group         0x00000000        0x8 ./Generated_Code/Vectors.o
 .group         0x00000000        0x8 ./Generated_Code/Vectors.o
 .group         0x00000000        0x8 ./Generated_Code/Vectors.o
 .group         0x00000000        0x8 ./Generated_Code/Vectors.o
 .group         0x00000000        0x8 ./Generated_Code/Vectors.o
 .group         0x00000000        0x8 ./Generated_Code/Vectors.o
 .group         0x00000000        0x8 ./Generated_Code/Vectors.o
 .text          0x00000000        0x0 ./Generated_Code/Vectors.o
 .data          0x00000000        0x0 ./Generated_Code/Vectors.o
 .bss           0x00000000        0x0 ./Generated_Code/Vectors.o
 .debug_macro   0x00000000      0x850 ./Generated_Code/Vectors.o
 .debug_macro   0x00000000       0x16 ./Generated_Code/Vectors.o
 .debug_macro   0x00000000       0x44 ./Generated_Code/Vectors.o
 .debug_macro   0x00000000      0x209 ./Generated_Code/Vectors.o
 .debug_macro   0x00000000     0x17fa ./Generated_Code/Vectors.o
 .debug_macro   0x00000000    0x174c1 ./Generated_Code/Vectors.o
 .debug_macro   0x00000000       0x94 ./Generated_Code/Vectors.o
 .debug_macro   0x00000000       0x22 ./Generated_Code/Vectors.o
 .debug_macro   0x00000000       0x10 ./Generated_Code/Vectors.o
 .group         0x00000000        0x8 C:\Users\12403756\Temp\es18aut13\Lab5\Library\libOS.a(OS.o)
 .group         0x00000000        0x8 C:\Users\12403756\Temp\es18aut13\Lab5\Library\libOS.a(OS.o)
 .group         0x00000000        0x8 C:\Users\12403756\Temp\es18aut13\Lab5\Library\libOS.a(OS.o)
 .group         0x00000000        0x8 C:\Users\12403756\Temp\es18aut13\Lab5\Library\libOS.a(OS.o)
 .group         0x00000000        0x8 C:\Users\12403756\Temp\es18aut13\Lab5\Library\libOS.a(OS.o)
 .group         0x00000000        0x8 C:\Users\12403756\Temp\es18aut13\Lab5\Library\libOS.a(OS.o)
 .group         0x00000000        0x8 C:\Users\12403756\Temp\es18aut13\Lab5\Library\libOS.a(OS.o)
 .group         0x00000000        0x8 C:\Users\12403756\Temp\es18aut13\Lab5\Library\libOS.a(OS.o)
 .group         0x00000000        0x8 C:\Users\12403756\Temp\es18aut13\Lab5\Library\libOS.a(OS.o)
 .group         0x00000000        0x8 C:\Users\12403756\Temp\es18aut13\Lab5\Library\libOS.a(OS.o)
 .group         0x00000000        0x8 C:\Users\12403756\Temp\es18aut13\Lab5\Library\libOS.a(OS.o)
 .text          0x00000000        0x0 C:\Users\12403756\Temp\es18aut13\Lab5\Library\libOS.a(OS.o)
 .data          0x00000000        0x0 C:\Users\12403756\Temp\es18aut13\Lab5\Library\libOS.a(OS.o)
 .bss           0x00000000        0x0 C:\Users\12403756\Temp\es18aut13\Lab5\Library\libOS.a(OS.o)
 .rodata.OS_TICK_FREQUENCY
                0x00000000        0x4 C:\Users\12403756\Temp\es18aut13\Lab5\Library\libOS.a(OS.o)
 .text.OS_TimeDelay
                0x00000000       0x48 C:\Users\12403756\Temp\es18aut13\Lab5\Library\libOS.a(OS.o)
 .text.OS_TimeGet
                0x00000000       0x24 C:\Users\12403756\Temp\es18aut13\Lab5\Library\libOS.a(OS.o)
 .text.OS_TimeSet
                0x00000000       0x20 C:\Users\12403756\Temp\es18aut13\Lab5\Library\libOS.a(OS.o)
 .debug_macro   0x00000000      0x850 C:\Users\12403756\Temp\es18aut13\Lab5\Library\libOS.a(OS.o)
 .debug_macro   0x00000000       0x16 C:\Users\12403756\Temp\es18aut13\Lab5\Library\libOS.a(OS.o)
 .debug_macro   0x00000000       0x44 C:\Users\12403756\Temp\es18aut13\Lab5\Library\libOS.a(OS.o)
 .debug_macro   0x00000000      0x209 C:\Users\12403756\Temp\es18aut13\Lab5\Library\libOS.a(OS.o)
 .debug_macro   0x00000000     0x17fa C:\Users\12403756\Temp\es18aut13\Lab5\Library\libOS.a(OS.o)
 .debug_macro   0x00000000      0x14e C:\Users\12403756\Temp\es18aut13\Lab5\Library\libOS.a(OS.o)
 .debug_macro   0x00000000       0x64 C:\Users\12403756\Temp\es18aut13\Lab5\Library\libOS.a(OS.o)
 .debug_macro   0x00000000    0x174c1 C:\Users\12403756\Temp\es18aut13\Lab5\Library\libOS.a(OS.o)
 .debug_macro   0x00000000       0x22 C:\Users\12403756\Temp\es18aut13\Lab5\Library\libOS.a(OS.o)
 .debug_macro   0x00000000       0x30 C:\Users\12403756\Temp\es18aut13\Lab5\Library\libOS.a(OS.o)
 .text          0x00000000        0x0 c:/freescale/kds_3.0.0/toolchain/bin/../lib/gcc/arm-none-eabi/4.8.4/../../../../arm-none-eabi/lib/armv7e-m/fpu\libg_s.a(lib_a-exit.o)
 .data          0x00000000        0x0 c:/freescale/kds_3.0.0/toolchain/bin/../lib/gcc/arm-none-eabi/4.8.4/../../../../arm-none-eabi/lib/armv7e-m/fpu\libg_s.a(lib_a-exit.o)
 .bss           0x00000000        0x0 c:/freescale/kds_3.0.0/toolchain/bin/../lib/gcc/arm-none-eabi/4.8.4/../../../../arm-none-eabi/lib/armv7e-m/fpu\libg_s.a(lib_a-exit.o)
 .text          0x00000000        0x0 c:/freescale/kds_3.0.0/toolchain/bin/../lib/gcc/arm-none-eabi/4.8.4/../../../../arm-none-eabi/lib/armv7e-m/fpu\libg_s.a(lib_a-impure.o)
 .data          0x00000000        0x0 c:/freescale/kds_3.0.0/toolchain/bin/../lib/gcc/arm-none-eabi/4.8.4/../../../../arm-none-eabi/lib/armv7e-m/fpu\libg_s.a(lib_a-impure.o)
 .bss           0x00000000        0x0 c:/freescale/kds_3.0.0/toolchain/bin/../lib/gcc/arm-none-eabi/4.8.4/../../../../arm-none-eabi/lib/armv7e-m/fpu\libg_s.a(lib_a-impure.o)
 .data._impure_ptr
                0x00000000        0x4 c:/freescale/kds_3.0.0/toolchain/bin/../lib/gcc/arm-none-eabi/4.8.4/../../../../arm-none-eabi/lib/armv7e-m/fpu\libg_s.a(lib_a-impure.o)
 .text          0x00000000        0x0 c:/freescale/kds_3.0.0/toolchain/bin/../lib/gcc/arm-none-eabi/4.8.4/../../../../arm-none-eabi/lib/armv7e-m/fpu\libg_s.a(lib_a-init.o)
 .data          0x00000000        0x0 c:/freescale/kds_3.0.0/toolchain/bin/../lib/gcc/arm-none-eabi/4.8.4/../../../../arm-none-eabi/lib/armv7e-m/fpu\libg_s.a(lib_a-init.o)
 .bss           0x00000000        0x0 c:/freescale/kds_3.0.0/toolchain/bin/../lib/gcc/arm-none-eabi/4.8.4/../../../../arm-none-eabi/lib/armv7e-m/fpu\libg_s.a(lib_a-init.o)
 .text          0x00000000        0x0 c:/freescale/kds_3.0.0/toolchain/bin/../lib/gcc/arm-none-eabi/4.8.4/../../../../arm-none-eabi/lib/armv7e-m/fpu\libg_s.a(lib_a-memcpy-stub.o)
 .data          0x00000000        0x0 c:/freescale/kds_3.0.0/toolchain/bin/../lib/gcc/arm-none-eabi/4.8.4/../../../../arm-none-eabi/lib/armv7e-m/fpu\libg_s.a(lib_a-memcpy-stub.o)
 .bss           0x00000000        0x0 c:/freescale/kds_3.0.0/toolchain/bin/../lib/gcc/arm-none-eabi/4.8.4/../../../../arm-none-eabi/lib/armv7e-m/fpu\libg_s.a(lib_a-memcpy-stub.o)
 .text.memcpy   0x00000000       0x12 c:/freescale/kds_3.0.0/toolchain/bin/../lib/gcc/arm-none-eabi/4.8.4/../../../../arm-none-eabi/lib/armv7e-m/fpu\libg_s.a(lib_a-memcpy-stub.o)
 .ARM.attributes
                0x00000000       0x34 c:/freescale/kds_3.0.0/toolchain/bin/../lib/gcc/arm-none-eabi/4.8.4/../../../../arm-none-eabi/lib/armv7e-m/fpu\libg_s.a(lib_a-memcpy-stub.o)
 .debug_frame   0x00000000       0x28 c:/freescale/kds_3.0.0/toolchain/bin/../lib/gcc/arm-none-eabi/4.8.4/../../../../arm-none-eabi/lib/armv7e-m/fpu\libg_s.a(lib_a-memcpy-stub.o)
 .text          0x00000000        0x0 c:/freescale/kds_3.0.0/toolchain/bin/../lib/gcc/arm-none-eabi/4.8.4/../../../../arm-none-eabi/lib/armv7e-m/fpu\libg_s.a(lib_a-memset.o)
 .data          0x00000000        0x0 c:/freescale/kds_3.0.0/toolchain/bin/../lib/gcc/arm-none-eabi/4.8.4/../../../../arm-none-eabi/lib/armv7e-m/fpu\libg_s.a(lib_a-memset.o)
 .bss           0x00000000        0x0 c:/freescale/kds_3.0.0/toolchain/bin/../lib/gcc/arm-none-eabi/4.8.4/../../../../arm-none-eabi/lib/armv7e-m/fpu\libg_s.a(lib_a-memset.o)
 .text          0x00000000        0x0 c:/freescale/kds_3.0.0/toolchain/bin/../lib/gcc/arm-none-eabi/4.8.4/../../../../arm-none-eabi/lib/armv7e-m/fpu\libnosys.a(_exit.o)
 .data          0x00000000        0x0 c:/freescale/kds_3.0.0/toolchain/bin/../lib/gcc/arm-none-eabi/4.8.4/../../../../arm-none-eabi/lib/armv7e-m/fpu\libnosys.a(_exit.o)
 .bss           0x00000000        0x0 c:/freescale/kds_3.0.0/toolchain/bin/../lib/gcc/arm-none-eabi/4.8.4/../../../../arm-none-eabi/lib/armv7e-m/fpu\libnosys.a(_exit.o)
 .text          0x00000000        0x0 c:/freescale/kds_3.0.0/toolchain/bin/../lib/gcc/arm-none-eabi/4.8.4/armv7e-m/fpu/crtend.o
 .data          0x00000000        0x0 c:/freescale/kds_3.0.0/toolchain/bin/../lib/gcc/arm-none-eabi/4.8.4/armv7e-m/fpu/crtend.o
 .bss           0x00000000        0x0 c:/freescale/kds_3.0.0/toolchain/bin/../lib/gcc/arm-none-eabi/4.8.4/armv7e-m/fpu/crtend.o
 .eh_frame      0x00000000        0x4 c:/freescale/kds_3.0.0/toolchain/bin/../lib/gcc/arm-none-eabi/4.8.4/armv7e-m/fpu/crtend.o
 .jcr           0x00000000        0x4 c:/freescale/kds_3.0.0/toolchain/bin/../lib/gcc/arm-none-eabi/4.8.4/armv7e-m/fpu/crtend.o
 .ARM.attributes
                0x00000000       0x34 c:/freescale/kds_3.0.0/toolchain/bin/../lib/gcc/arm-none-eabi/4.8.4/armv7e-m/fpu/crtend.o
 .text          0x00000000        0x0 c:/freescale/kds_3.0.0/toolchain/bin/../lib/gcc/arm-none-eabi/4.8.4/armv7e-m/fpu/crtn.o
 .data          0x00000000        0x0 c:/freescale/kds_3.0.0/toolchain/bin/../lib/gcc/arm-none-eabi/4.8.4/armv7e-m/fpu/crtn.o
 .bss           0x00000000        0x0 c:/freescale/kds_3.0.0/toolchain/bin/../lib/gcc/arm-none-eabi/4.8.4/armv7e-m/fpu/crtn.o

Memory Configuration

Name             Origin             Length             Attributes
m_interrupts     0x00000000         0x000001e8         xr
m_text           0x00000410         0x0007fbf0         xr
m_data           0x1fff0000         0x00010000         rw
m_data_20000000  0x20000000         0x00010000         rw
m_cfmprotrom     0x00000400         0x00000010         xr
*default*        0x00000000         0xffffffff

Linker script and memory map

LOAD c:/freescale/kds_3.0.0/toolchain/bin/../lib/gcc/arm-none-eabi/4.8.4/armv7e-m/fpu/crti.o
LOAD c:/freescale/kds_3.0.0/toolchain/bin/../lib/gcc/arm-none-eabi/4.8.4/armv7e-m/fpu/crtbegin.o
LOAD c:/freescale/kds_3.0.0/toolchain/bin/../lib/gcc/arm-none-eabi/4.8.4/../../../../arm-none-eabi/lib/armv7e-m/fpu/crt0.o
LOAD ./Sources/Events.o
LOAD ./Sources/FIFO.o
LOAD ./Sources/FTM.o
LOAD ./Sources/Flash.o
LOAD ./Sources/I2C.o
LOAD ./Sources/LEDs.o
LOAD ./Sources/PIT.o
LOAD ./Sources/RTC.o
LOAD ./Sources/UART.o
LOAD ./Sources/accel.o
LOAD ./Sources/main.o
LOAD ./Sources/median.o
LOAD ./Sources/packet.o
LOAD ./Project_Settings/Startup_Code/startup.o
LOAD ./Generated_Code/Cpu.o
LOAD ./Generated_Code/Vectors.o
LOAD C:\Users\12403756\Temp\es18aut13\Lab5\Library\libOS.a
LOAD c:/freescale/kds_3.0.0/toolchain/bin/../lib/gcc/arm-none-eabi/4.8.4/../../../../arm-none-eabi/lib/armv7e-m/fpu\libstdc++_s.a
LOAD c:/freescale/kds_3.0.0/toolchain/bin/../lib/gcc/arm-none-eabi/4.8.4/../../../../arm-none-eabi/lib/armv7e-m/fpu\libm.a
START GROUP
LOAD c:/freescale/kds_3.0.0/toolchain/bin/../lib/gcc/arm-none-eabi/4.8.4/armv7e-m/fpu\libgcc.a
LOAD c:/freescale/kds_3.0.0/toolchain/bin/../lib/gcc/arm-none-eabi/4.8.4/../../../../arm-none-eabi/lib/armv7e-m/fpu\libg_s.a
LOAD c:/freescale/kds_3.0.0/toolchain/bin/../lib/gcc/arm-none-eabi/4.8.4/../../../../arm-none-eabi/lib/armv7e-m/fpu\libc_s.a
END GROUP
START GROUP
LOAD c:/freescale/kds_3.0.0/toolchain/bin/../lib/gcc/arm-none-eabi/4.8.4/armv7e-m/fpu\libgcc.a
LOAD c:/freescale/kds_3.0.0/toolchain/bin/../lib/gcc/arm-none-eabi/4.8.4/../../../../arm-none-eabi/lib/armv7e-m/fpu\libc_s.a
LOAD c:/freescale/kds_3.0.0/toolchain/bin/../lib/gcc/arm-none-eabi/4.8.4/../../../../arm-none-eabi/lib/armv7e-m/fpu\libnosys.a
END GROUP
START GROUP
LOAD c:/freescale/kds_3.0.0/toolchain/bin/../lib/gcc/arm-none-eabi/4.8.4/armv7e-m/fpu\libgcc.a
LOAD c:/freescale/kds_3.0.0/toolchain/bin/../lib/gcc/arm-none-eabi/4.8.4/../../../../arm-none-eabi/lib/armv7e-m/fpu\libc_s.a
LOAD c:/freescale/kds_3.0.0/toolchain/bin/../lib/gcc/arm-none-eabi/4.8.4/../../../../arm-none-eabi/lib/armv7e-m/fpu\libnosys.a
END GROUP
LOAD c:/freescale/kds_3.0.0/toolchain/bin/../lib/gcc/arm-none-eabi/4.8.4/armv7e-m/fpu/crtend.o
LOAD c:/freescale/kds_3.0.0/toolchain/bin/../lib/gcc/arm-none-eabi/4.8.4/armv7e-m/fpu/crtn.o
                0x20000000                _estack = 0x20000000
                0x20000000                __SP_INIT = _estack
                0x20000000                __stack = _estack
                0x00000000                __heap_size = 0x0
                0x00000400                __stack_size = 0x400

.interrupts     0x00000000      0x1e8
                0x00000000                __vector_table = .
                0x00000000                . = ALIGN (0x4)
 *(.vectortable)
 .vectortable   0x00000000      0x1e8 ./Generated_Code/Vectors.o
                0x00000000                __vect_table
                0x000001e8                . = ALIGN (0x4)

.cfmprotect     0x00000400       0x10
                0x00000400                . = ALIGN (0x4)
 *(.cfmconfig)
 .cfmconfig     0x00000400       0x10 ./Generated_Code/Cpu.o
                0x00000400                _cfm
                0x00000410                . = ALIGN (0x4)

.text           0x00000410     0x2688
                0x00000410                . = ALIGN (0x4)
 *(.text)
 .text          0x00000410       0x54 c:/freescale/kds_3.0.0/toolchain/bin/../lib/gcc/arm-none-eabi/4.8.4/armv7e-m/fpu/crtbegin.o
 .text          0x00000464       0x74 c:/freescale/kds_3.0.0/toolchain/bin/../lib/gcc/arm-none-eabi/4.8.4/../../../../arm-none-eabi/lib/armv7e-m/fpu/crt0.o
                0x00000464                _start
                0x00000464                _mainCRTStartup
 *(.text*)
 .text.FIFO_Init
                0x000004d8       0x48 ./Sources/FIFO.o
                0x000004d8                FIFO_Init
 .text.FIFO_Put
                0x00000520       0x74 ./Sources/FIFO.o
                0x00000520                FIFO_Put
 .text.FIFO_Get
                0x00000594       0x74 ./Sources/FIFO.o
                0x00000594                FIFO_Get
 .text.FTM_Init
                0x00000608       0xfc ./Sources/FTM.o
                0x00000608                FTM_Init
 .text.FTM_Set  0x00000704       0xf8 ./Sources/FTM.o
                0x00000704                FTM_Set
 .text.FTM_StartTimer
                0x000007fc       0x78 ./Sources/FTM.o
                0x000007fc                FTM_StartTimer
 .text.FTM0_ISR
                0x00000874       0xa4 ./Sources/FTM.o
                0x00000874                FTM0_ISR
 .text.Flash_Write32
                0x00000918       0x58 ./Sources/Flash.o
                0x00000918                Flash_Write32
 .text.Flash_Write16
                0x00000970       0x60 ./Sources/Flash.o
                0x00000970                Flash_Write16
 .text.Flash_Write8
                0x000009d0       0x60 ./Sources/Flash.o
                0x000009d0                Flash_Write8
 .text.Flash_Erase
                0x00000a30       0x14 ./Sources/Flash.o
                0x00000a30                Flash_Erase
 .text.LaunchCommand
                0x00000a44       0x98 ./Sources/Flash.o
 .text.WritePhrase
                0x00000adc       0xe8 ./Sources/Flash.o
 .text.EraseSector
                0x00000bc4       0x38 ./Sources/Flash.o
 .text.StartCondition
                0x00000bfc       0x30 ./Sources/I2C.o
 .text.StopCondition
                0x00000c2c       0x20 ./Sources/I2C.o
 .text.WaitCondition
                0x00000c4c       0x28 ./Sources/I2C.o
 .text.BusyCondition
                0x00000c74       0x20 ./Sources/I2C.o
 .text.RepeatCondition
                0x00000c94       0x20 ./Sources/I2C.o
 .text.I2C_Write
                0x00000cb4       0x4c ./Sources/I2C.o
                0x00000cb4                I2C_Write
 .text.I2C_ISR  0x00000d00      0x1a0 ./Sources/I2C.o
                0x00000d00                I2C_ISR
 .text.LEDs_Init
                0x00000ea0       0xd4 ./Sources/LEDs.o
                0x00000ea0                LEDs_Init
 .text.LEDs_On  0x00000f74       0x24 ./Sources/LEDs.o
                0x00000f74                LEDs_On
 .text.LEDs_Off
                0x00000f98       0x24 ./Sources/LEDs.o
                0x00000f98                LEDs_Off
 .text.PIT_Set  0x00000fbc       0x5c ./Sources/PIT.o
                0x00000fbc                PIT_Set
 .text.PIT_Enable
                0x00001018       0x40 ./Sources/PIT.o
                0x00001018                PIT_Enable
 .text.PIT_ISR  0x00001058       0x40 ./Sources/PIT.o
                0x00001058                PIT_ISR
 .text.RTC_Set  0x00001098       0x5c ./Sources/RTC.o
                0x00001098                RTC_Set
 .text.RTC_ISR  0x000010f4       0x34 ./Sources/RTC.o
                0x000010f4                RTC_ISR
 .text.UART_Init
                0x00001128      0x198 ./Sources/UART.o
                0x00001128                UART_Init
 .text.UART_InChar
                0x000012c0       0x20 ./Sources/UART.o
                0x000012c0                UART_InChar
 .text.UART_OutChar
                0x000012e0       0x24 ./Sources/UART.o
                0x000012e0                UART_OutChar
 .text.UART_ISR
                0x00001304       0x94 ./Sources/UART.o
                0x00001304                UART_ISR
 .text.Accel_SetMode
                0x00001398      0x114 ./Sources/accel.o
                0x00001398                Accel_SetMode
 .text.AccelDataReady_ISR
                0x000014ac       0x4c ./Sources/accel.o
                0x000014ac                AccelDataReady_ISR
 .text.HandleTowerStartup
                0x000014f8       0xa4 ./Sources/main.o
                0x000014f8                HandleTowerStartup
 .text.HandleTowerVersion
                0x0000159c       0x28 ./Sources/main.o
                0x0000159c                HandleTowerVersion
 .text.HandleTowerNumber
                0x000015c4       0x68 ./Sources/main.o
                0x000015c4                HandleTowerNumber
 .text.HandleTowerProgramByte
                0x0000162c       0x58 ./Sources/main.o
                0x0000162c                HandleTowerProgramByte
 .text.HandleTowerReadByte
                0x00001684       0x48 ./Sources/main.o
                0x00001684                HandleTowerReadByte
 .text.HandleTowerMode
                0x000016cc       0x68 ./Sources/main.o
                0x000016cc                HandleTowerMode
 .text.HandleTowerSetTime
                0x00001734       0x40 ./Sources/main.o
                0x00001734                HandleTowerSetTime
 .text.HandleTowerProtocol
                0x00001774       0x88 ./Sources/main.o
                0x00001774                HandleTowerProtocol
 .text.ReceivedPacket
                0x000017fc      0x150 ./Sources/main.o
                0x000017fc                ReceivedPacket
 .text.FTMCallbackCh0
                0x0000194c       0x18 ./Sources/main.o
                0x0000194c                FTMCallbackCh0
 .text.InitModulesThread
                0x00001964       0x44 ./Sources/main.o
 .text.RxUARTThread
                0x000019a8       0x30 ./Sources/main.o
 .text.TxUARTThread
                0x000019d8       0x4c ./Sources/main.o
 .text.PacketThread
                0x00001a24       0x60 ./Sources/main.o
 .text.main     0x00001a84       0x84 ./Sources/main.o
                0x00001a84                main
 .text.Packet_Init
                0x00001b08       0x2c ./Sources/packet.o
                0x00001b08                Packet_Init
 .text.Packet_Get
                0x00001b34       0x70 ./Sources/packet.o
                0x00001b34                Packet_Get
 .text.Packet_Put
                0x00001ba4       0x84 ./Sources/packet.o
                0x00001ba4                Packet_Put
 .text.__copy_rom_section
                0x00001c28       0xe4 ./Project_Settings/Startup_Code/startup.o
                0x00001c28                __copy_rom_section
 .text.__copy_rom_sections_to_ram
                0x00001d0c       0x9c ./Project_Settings/Startup_Code/startup.o
                0x00001d0c                __copy_rom_sections_to_ram
 .text.__init_registers
                0x00001da8       0x20 ./Project_Settings/Startup_Code/startup.o
                0x00001da8                __init_registers
 .text.__init_user
                0x00001dc8        0xc ./Project_Settings/Startup_Code/startup.o
                0x00001dc8                __init_user
 .text.__thumb_startup
                0x00001dd4       0x34 ./Project_Settings/Startup_Code/startup.o
                0x00001dd4                __thumb_startup
 .text.Cpu_Interrupt
                0x00001e08       0x18 ./Generated_Code/Cpu.o
                0x00001e08                Cpu_Interrupt
 .text.__init_hardware
                0x00001e20      0x17c ./Generated_Code/Cpu.o
                0x00001e20                __init_hardware
 .text.Cpu_SetBASEPRI
                0x00001f9c       0x18 ./Generated_Code/Cpu.o
                0x00001f9c                Cpu_SetBASEPRI
 .text.PE_low_level_init
                0x00001fb4       0xe4 ./Generated_Code/Cpu.o
                0x00001fb4                PE_low_level_init
 .text.OS_Init  0x00002098      0x110 C:\Users\12403756\Temp\es18aut13\Lab5\Library\libOS.a(OS.o)
                0x00002098                OS_Init
 .text.OS_ISREnter
                0x000021a8       0x20 C:\Users\12403756\Temp\es18aut13\Lab5\Library\libOS.a(OS.o)
                0x000021a8                OS_ISREnter
 .text.OS_ISRExit
                0x000021c8       0x1c C:\Users\12403756\Temp\es18aut13\Lab5\Library\libOS.a(OS.o)
                0x000021c8                OS_ISRExit
 .text.OS_SemaphoreCreate
                0x000021e4       0x90 C:\Users\12403756\Temp\es18aut13\Lab5\Library\libOS.a(OS.o)
                0x000021e4                OS_SemaphoreCreate
 .text.OS_SemaphoreSignal
                0x00002274       0x44 C:\Users\12403756\Temp\es18aut13\Lab5\Library\libOS.a(OS.o)
                0x00002274                OS_SemaphoreSignal
 .text.OS_SemaphoreWait
                0x000022b8       0x58 C:\Users\12403756\Temp\es18aut13\Lab5\Library\libOS.a(OS.o)
                0x000022b8                OS_SemaphoreWait
 .text.OS_Start
                0x00002310       0x10 C:\Users\12403756\Temp\es18aut13\Lab5\Library\libOS.a(OS.o)
                0x00002310                OS_Start
 .text.OS_ThreadCreate
                0x00002320      0x160 C:\Users\12403756\Temp\es18aut13\Lab5\Library\libOS.a(OS.o)
                0x00002320                OS_ThreadCreate
 .text.OS_ThreadDelete
                0x00002480      0x18c C:\Users\12403756\Temp\es18aut13\Lab5\Library\libOS.a(OS.o)
                0x00002480                OS_ThreadDelete
 .text.EventThreadReady
                0x0000260c       0x68 C:\Users\12403756\Temp\es18aut13\Lab5\Library\libOS.a(OS.o)
 .text.EventThreadWait
                0x00002674       0x64 C:\Users\12403756\Temp\es18aut13\Lab5\Library\libOS.a(OS.o)
 .text.EventTimeout
                0x000026d8       0x40 C:\Users\12403756\Temp\es18aut13\Lab5\Library\libOS.a(OS.o)
 .text.Idle     0x00002718       0x18 C:\Users\12403756\Temp\es18aut13\Lab5\Library\libOS.a(OS.o)
 .text.FindFirstSet
                0x00002730       0x44 C:\Users\12403756\Temp\es18aut13\Lab5\Library\libOS.a(OS.o)
 .text.Schedule
                0x00002774       0x64 C:\Users\12403756\Temp\es18aut13\Lab5\Library\libOS.a(OS.o)
 .text.TCBInit  0x000027d8       0xcc C:\Users\12403756\Temp\es18aut13\Lab5\Library\libOS.a(OS.o)
 .text.TimeTick
                0x000028a4       0x74 C:\Users\12403756\Temp\es18aut13\Lab5\Library\libOS.a(OS.o)
 *fill*         0x00002918        0x8 
 .text.OS_ContextSwitchISR
                0x00002920       0x70 C:\Users\12403756\Temp\es18aut13\Lab5\Library\libOS.a(OS.o)
                0x00002920                OS_ContextSwitchISR
 .text.OS_SysTickISR
                0x00002990       0x5c C:\Users\12403756\Temp\es18aut13\Lab5\Library\libOS.a(OS.o)
                0x00002990                OS_SysTickISR
 .text.exit     0x000029ec       0x28 c:/freescale/kds_3.0.0/toolchain/bin/../lib/gcc/arm-none-eabi/4.8.4/../../../../arm-none-eabi/lib/armv7e-m/fpu\libg_s.a(lib_a-exit.o)
                0x000029ec                exit
 .text.__libc_init_array
                0x00002a14       0x4c c:/freescale/kds_3.0.0/toolchain/bin/../lib/gcc/arm-none-eabi/4.8.4/../../../../arm-none-eabi/lib/armv7e-m/fpu\libg_s.a(lib_a-init.o)
                0x00002a14                __libc_init_array
 .text.memset   0x00002a60       0x10 c:/freescale/kds_3.0.0/toolchain/bin/../lib/gcc/arm-none-eabi/4.8.4/../../../../arm-none-eabi/lib/armv7e-m/fpu\libg_s.a(lib_a-memset.o)
                0x00002a60                memset
 .text._exit    0x00002a70        0x4 c:/freescale/kds_3.0.0/toolchain/bin/../lib/gcc/arm-none-eabi/4.8.4/../../../../arm-none-eabi/lib/armv7e-m/fpu\libnosys.a(_exit.o)
                0x00002a70                _exit
 *(.rodata)
 *(.rodata*)
 .rodata.PERIOD_I2C_POLL
                0x00002a74        0x4 ./Sources/main.o
                0x00002a74                PERIOD_I2C_POLL
 .rodata.PACKET_ACK_MASK
                0x00002a78        0x1 ./Sources/packet.o
                0x00002a78                PACKET_ACK_MASK
 .rodata.str1.1
                0x00002a79        0x2 c:/freescale/kds_3.0.0/toolchain/bin/../lib/gcc/arm-none-eabi/4.8.4/../../../../arm-none-eabi/lib/armv7e-m/fpu\libg_s.a(lib_a-impure.o)
 *fill*         0x00002a7b        0x1 
 .rodata._global_impure_ptr
                0x00002a7c        0x4 c:/freescale/kds_3.0.0/toolchain/bin/../lib/gcc/arm-none-eabi/4.8.4/../../../../arm-none-eabi/lib/armv7e-m/fpu\libg_s.a(lib_a-impure.o)
                0x00002a7c                _global_impure_ptr
 *(.glue_7)
 .glue_7        0x00000000        0x0 linker stubs
 *(.glue_7t)
 .glue_7t       0x00000000        0x0 linker stubs
 *(.eh_frame)
 .eh_frame      0x00002a80        0x0 c:/freescale/kds_3.0.0/toolchain/bin/../lib/gcc/arm-none-eabi/4.8.4/armv7e-m/fpu/crtbegin.o
 *(.init)
 .init          0x00002a80        0x4 c:/freescale/kds_3.0.0/toolchain/bin/../lib/gcc/arm-none-eabi/4.8.4/armv7e-m/fpu/crti.o
                0x00002a80                _init
 .init          0x00002a84        0x8 c:/freescale/kds_3.0.0/toolchain/bin/../lib/gcc/arm-none-eabi/4.8.4/armv7e-m/fpu/crtn.o
 *(.fini)
 .fini          0x00002a8c        0x4 c:/freescale/kds_3.0.0/toolchain/bin/../lib/gcc/arm-none-eabi/4.8.4/armv7e-m/fpu/crti.o
                0x00002a8c                _fini
 .fini          0x00002a90        0x8 c:/freescale/kds_3.0.0/toolchain/bin/../lib/gcc/arm-none-eabi/4.8.4/armv7e-m/fpu/crtn.o
                0x00002a98                . = ALIGN (0x4)
                0x00002a98                _etext = .

.vfp11_veneer   0x00002a98        0x0
 .vfp11_veneer  0x00000000        0x0 linker stubs

.v4_bx          0x00002a98        0x0
 .v4_bx         0x00000000        0x0 linker stubs

.iplt           0x00002a98        0x0
 .iplt          0x00000000        0x0 c:/freescale/kds_3.0.0/toolchain/bin/../lib/gcc/arm-none-eabi/4.8.4/armv7e-m/fpu/crtbegin.o

.ARM.extab
 *(.ARM.extab* .gnu.linkonce.armextab.*)

.ARM            0x00002a98        0x8
                0x00002a98                __exidx_start = .
 *(.ARM.exidx*)
 .ARM.exidx     0x00002a98        0x8 c:/freescale/kds_3.0.0/toolchain/bin/../lib/gcc/arm-none-eabi/4.8.4/../../../../arm-none-eabi/lib/armv7e-m/fpu/crt0.o
                0x00002aa0                __exidx_end = .

.rel.dyn        0x00002aa0        0x0
 .rel.iplt      0x00000000        0x0 c:/freescale/kds_3.0.0/toolchain/bin/../lib/gcc/arm-none-eabi/4.8.4/armv7e-m/fpu/crtbegin.o

.ctors          0x00002aa0        0x0
                0x00002aa0                __CTOR_LIST__ = .
 *crtbegin.o(.ctors)
 *(EXCLUDE_FILE(*crtend.o) .ctors)
 *(SORT(.ctors.*))
 *(.ctors)
                0x00002aa0                __CTOR_END__ = .

.dtors          0x00002aa0        0x0
                0x00002aa0                __DTOR_LIST__ = .
 *crtbegin.o(.dtors)
 *(EXCLUDE_FILE(*crtend.o) .dtors)
 *(SORT(.dtors.*))
 *(.dtors)
                0x00002aa0                __DTOR_END__ = .

.preinit_array  0x00002aa0        0x0
                0x00002aa0                PROVIDE (__preinit_array_start, .)
 *(.preinit_array*)
                0x00002aa0                PROVIDE (__preinit_array_end, .)

.init_array     0x00002aa0        0x4
                0x00002aa0                PROVIDE (__init_array_start, .)
 *(SORT(.init_array.*))
 *(.init_array*)
 .init_array    0x00002aa0        0x4 c:/freescale/kds_3.0.0/toolchain/bin/../lib/gcc/arm-none-eabi/4.8.4/armv7e-m/fpu/crtbegin.o
                0x00002aa4                PROVIDE (__init_array_end, .)

.fini_array     0x00002aa4        0x4
                0x00002aa4                PROVIDE (__fini_array_start, .)
 *(SORT(.fini_array.*))
 *(.fini_array*)
 .fini_array    0x00002aa4        0x4 c:/freescale/kds_3.0.0/toolchain/bin/../lib/gcc/arm-none-eabi/4.8.4/armv7e-m/fpu/crtbegin.o
                0x00002aa8                PROVIDE (__fini_array_end, .)
                0x00002aa8                ___ROM_AT = .

.data           0x1fff0000       0x64 load address 0x00002aa8
                0x1fff0000                . = ALIGN (0x4)
                0x1fff0000                _sdata = .
 *(.data)
 *(.data*)
 .data.SlaveDeviceAddress
                0x1fff0000        0x1 ./Sources/I2C.o
 *fill*         0x1fff0001        0x3 
 .data.impure_data
                0x1fff0004       0x60 c:/freescale/kds_3.0.0/toolchain/bin/../lib/gcc/arm-none-eabi/4.8.4/../../../../arm-none-eabi/lib/armv7e-m/fpu\libg_s.a(lib_a-impure.o)
                0x1fff0064                . = ALIGN (0x4)
                0x1fff0064                _edata = .
                0x00000064                ___data_size = (_edata - _sdata)
                0x00002b0c                ___m_data_20000000_ROMStart = (___ROM_AT + SIZEOF (.data))

.jcr            0x1fff0064        0x0 load address 0x00002b0c
 .jcr           0x1fff0064        0x0 c:/freescale/kds_3.0.0/toolchain/bin/../lib/gcc/arm-none-eabi/4.8.4/armv7e-m/fpu/crtbegin.o

.igot.plt       0x1fff0064        0x0 load address 0x00002b0c
 .igot.plt      0x00000000        0x0 c:/freescale/kds_3.0.0/toolchain/bin/../lib/gcc/arm-none-eabi/4.8.4/armv7e-m/fpu/crtbegin.o

.m_data_20000000
                0x20000000        0x0 load address 0x00002b0c
                0x20000000                . = ALIGN (0x4)
                0x20000000                ___m_data_20000000_RAMStart = .
 *(.m_data_20000000)
                0x20000000                ___m_data_20000000_RAMEnd = .
                0x20000000                . = ALIGN (0x4)
                0x00000000                ___m_data_20000000_ROMSize = (___m_data_20000000_RAMEnd - ___m_data_20000000_RAMStart)
                0x20000000                . = ALIGN (0x4)

.bss            0x1fff0068     0x11e8 load address 0x00002b10
                0x1fff0068                __START_BSS = .
                0x1fff0068                PROVIDE (__bss_start__, __START_BSS)
 *(.bss)
 .bss           0x1fff0068       0x1c c:/freescale/kds_3.0.0/toolchain/bin/../lib/gcc/arm-none-eabi/4.8.4/armv7e-m/fpu/crtbegin.o
 *(.bss*)
 .bss.UserFunction
                0x1fff0084       0x20 ./Sources/FTM.o
 .bss.UserArguments
                0x1fff00a4       0x20 ./Sources/FTM.o
 .bss.ReadCompleteCallbackFunction
                0x1fff00c4        0x4 ./Sources/I2C.o
 .bss.ReadCompleteCallbackArguments
                0x1fff00c8        0x4 ./Sources/I2C.o
 .bss.SlaveDeviceReadAddress
                0x1fff00cc        0x1 ./Sources/I2C.o
 .bss.NbBytes   0x1fff00cd        0x1 ./Sources/I2C.o
 *fill*         0x1fff00ce        0x2 
 .bss.DataPtr   0x1fff00d0        0x4 ./Sources/I2C.o
 .bss.stage.6614
                0x1fff00d4        0x1 ./Sources/I2C.o
 .bss.readCount.6615
                0x1fff00d5        0x1 ./Sources/I2C.o
 *fill*         0x1fff00d6        0x2 
 .bss.ModuleClk
                0x1fff00d8        0x4 ./Sources/PIT.o
 .bss.UserFunction
                0x1fff00dc        0x4 ./Sources/PIT.o
 .bss.UserArguments
                0x1fff00e0        0x4 ./Sources/PIT.o
 .bss.UserFunction
                0x1fff00e4        0x4 ./Sources/RTC.o
 .bss.UserArguments
                0x1fff00e8        0x4 ./Sources/RTC.o
 .bss.CTRL_REG1_Union
                0x1fff00ec        0x4 ./Sources/accel.o
 .bss.CTRL_REG4_Union
                0x1fff00f0        0x4 ./Sources/accel.o
 .bss.CTRL_REG5_Union
                0x1fff00f4        0x4 ./Sources/accel.o
 .bss.DataReadyCallbackFunction
                0x1fff00f8        0x4 ./Sources/accel.o
 .bss.DataReadyCallbackArguments
                0x1fff00fc        0x4 ./Sources/accel.o
 .bss.InitModulesThreadStack
                0x1fff0100      0x190 ./Sources/main.o
 .bss.RxUARTThreadStack
                0x1fff0290      0x190 ./Sources/main.o
 .bss.TxUARTThreadStack
                0x1fff0420      0x190 ./Sources/main.o
 .bss.PacketThreadStack
                0x1fff05b0      0x190 ./Sources/main.o
 .bss.PacketPutAccess
                0x1fff0740        0x4 ./Sources/packet.o
 .bss.SR_lock   0x1fff0744        0x1 ./Generated_Code/Cpu.o
                0x1fff0744                SR_lock
 *fill*         0x1fff0745        0x3 
 .bss.TCBUnusedMain
                0x1fff0748       0x18 C:\Users\12403756\Temp\es18aut13\Lab5\Library\libOS.a(OS.o)
 .bss.TCBTable  0x1fff0760      0x300 C:\Users\12403756\Temp\es18aut13\Lab5\Library\libOS.a(OS.o)
 .bss.pTCBFreeList
                0x1fff0a60        0x4 C:\Users\12403756\Temp\es18aut13\Lab5\Library\libOS.a(OS.o)
 .bss.pTCBAllocatedList
                0x1fff0a64        0x4 C:\Users\12403756\Temp\es18aut13\Lab5\Library\libOS.a(OS.o)
 .bss.pTCBPriorityTable
                0x1fff0a68       0x80 C:\Users\12403756\Temp\es18aut13\Lab5\Library\libOS.a(OS.o)
 .bss.pTCBRunning
                0x1fff0ae8        0x4 C:\Users\12403756\Temp\es18aut13\Lab5\Library\libOS.a(OS.o)
 .bss.pTCBHighestReady
                0x1fff0aec        0x4 C:\Users\12403756\Temp\es18aut13\Lab5\Library\libOS.a(OS.o)
 .bss.ReadyList
                0x1fff0af0        0x4 C:\Users\12403756\Temp\es18aut13\Lab5\Library\libOS.a(OS.o)
 .bss.ECBTable  0x1fff0af4      0x100 C:\Users\12403756\Temp\es18aut13\Lab5\Library\libOS.a(OS.o)
 .bss.NextECBFree
                0x1fff0bf4        0x1 C:\Users\12403756\Temp\es18aut13\Lab5\Library\libOS.a(OS.o)
 *fill*         0x1fff0bf5        0x3 
 .bss.IdleCounter
                0x1fff0bf8        0x4 C:\Users\12403756\Temp\es18aut13\Lab5\Library\libOS.a(OS.o)
 *fill*         0x1fff0bfc        0x4 
 .bss.IdleStack
                0x1fff0c00      0x400 C:\Users\12403756\Temp\es18aut13\Lab5\Library\libOS.a(OS.o)
 .bss.Ticks     0x1fff1000        0x4 C:\Users\12403756\Temp\es18aut13\Lab5\Library\libOS.a(OS.o)
 .bss.ToggleCntr
                0x1fff1004        0x4 C:\Users\12403756\Temp\es18aut13\Lab5\Library\libOS.a(OS.o)
 .bss.ToggleLED
                0x1fff1008        0x1 C:\Users\12403756\Temp\es18aut13\Lab5\Library\libOS.a(OS.o)
 .bss.ISRNestLevel
                0x1fff1009        0x1 C:\Users\12403756\Temp\es18aut13\Lab5\Library\libOS.a(OS.o)
 *(COMMON)
 *fill*         0x1fff100a        0x2 
 COMMON         0x1fff100c      0x22c ./Sources/UART.o
                0x1fff100c                DummyRead
                0x1fff1010                TxUART
                0x1fff1014                TxFIFO
                0x1fff1124                RxFIFO
                0x1fff1234                RxUART
 COMMON         0x1fff1238        0xf ./Sources/main.o
                0x1fff1238                NvTowerMd
                0x1fff123c                NvTowerNb
                0x1fff1240                NvTowerPo
                0x1fff1244                AccelNewData
 *fill*         0x1fff1247        0x1 
 COMMON         0x1fff1248        0x5 ./Sources/packet.o
                0x1fff1248                Packet
 COMMON         0x1fff124d        0x1 ./Generated_Code/Cpu.o
                0x1fff124d                SR_reg
                0x1fff1250                . = ALIGN (0x4)
 *fill*         0x1fff124e        0x2 
                0x1fff1250                __END_BSS = .
                0x1fff1250                PROVIDE (__bss_end__, __END_BSS)
                0x00002b0c                _romp_at = ((___ROM_AT + SIZEOF (.data)) + SIZEOF (.m_data_20000000))

.romp           0x1fff1250       0x24 load address 0x00002b0c
                0x00002b0c                __S_romp = _romp_at
                0x1fff1250        0x4 LONG 0x2aa8 ___ROM_AT
                0x1fff1254        0x4 LONG 0x1fff0000 _sdata
                0x1fff1258        0x4 LONG 0x64 ___data_size
                0x1fff125c        0x4 LONG 0x2b0c ___m_data_20000000_ROMStart
                0x1fff1260        0x4 LONG 0x20000000 ___m_data_20000000_RAMStart
                0x1fff1264        0x4 LONG 0x0 ___m_data_20000000_ROMSize
                0x1fff1268        0x4 LONG 0x0
                0x1fff126c        0x4 LONG 0x0
                0x1fff1270        0x4 LONG 0x0

._user_heap_stack
                0x1fff1274      0x400 load address 0x00002b30
                0x1fff1274                . = ALIGN (0x4)
                0x1fff1274                PROVIDE (end, .)
                0x1fff1274                PROVIDE (_end, .)
                0x1fff1274                __heap_addr = .
                0x1fff1274                __HeapBase = .
                0x1fff1274                . = (. + __heap_size)
                0x1fff1274                __HeapLimit = .
                0x1fff1674                . = (. + __stack_size)
 *fill*         0x1fff1274      0x400 
                0x1fff1674                . = ALIGN (0x4)

.ARM.attributes
                0x00000000       0x30
 *(.ARM.attributes)
 .ARM.attributes
                0x00000000       0x22 c:/freescale/kds_3.0.0/toolchain/bin/../lib/gcc/arm-none-eabi/4.8.4/armv7e-m/fpu/crti.o
 .ARM.attributes
                0x00000022       0x34 c:/freescale/kds_3.0.0/toolchain/bin/../lib/gcc/arm-none-eabi/4.8.4/armv7e-m/fpu/crtbegin.o
 .ARM.attributes
                0x00000056       0x20 c:/freescale/kds_3.0.0/toolchain/bin/../lib/gcc/arm-none-eabi/4.8.4/../../../../arm-none-eabi/lib/armv7e-m/fpu/crt0.o
 .ARM.attributes
                0x00000076       0x39 ./Sources/FIFO.o
 .ARM.attributes
                0x000000af       0x39 ./Sources/FTM.o
 .ARM.attributes
                0x000000e8       0x39 ./Sources/Flash.o
 .ARM.attributes
                0x00000121       0x39 ./Sources/I2C.o
 .ARM.attributes
                0x0000015a       0x39 ./Sources/LEDs.o
 .ARM.attributes
                0x00000193       0x39 ./Sources/PIT.o
 .ARM.attributes
                0x000001cc       0x39 ./Sources/RTC.o
 .ARM.attributes
                0x00000205       0x39 ./Sources/UART.o
 .ARM.attributes
                0x0000023e       0x39 ./Sources/accel.o
 .ARM.attributes
                0x00000277       0x39 ./Sources/main.o
 .ARM.attributes
                0x000002b0       0x39 ./Sources/packet.o
 .ARM.attributes
                0x000002e9       0x39 ./Project_Settings/Startup_Code/startup.o
 .ARM.attributes
                0x00000322       0x39 ./Generated_Code/Cpu.o
 .ARM.attributes
                0x0000035b       0x39 ./Generated_Code/Vectors.o
 .ARM.attributes
                0x00000394       0x39 C:\Users\12403756\Temp\es18aut13\Lab5\Library\libOS.a(OS.o)
 .ARM.attributes
                0x000003cd       0x34 c:/freescale/kds_3.0.0/toolchain/bin/../lib/gcc/arm-none-eabi/4.8.4/../../../../arm-none-eabi/lib/armv7e-m/fpu\libg_s.a(lib_a-exit.o)
 .ARM.attributes
                0x00000401       0x34 c:/freescale/kds_3.0.0/toolchain/bin/../lib/gcc/arm-none-eabi/4.8.4/../../../../arm-none-eabi/lib/armv7e-m/fpu\libg_s.a(lib_a-impure.o)
 .ARM.attributes
                0x00000435       0x34 c:/freescale/kds_3.0.0/toolchain/bin/../lib/gcc/arm-none-eabi/4.8.4/../../../../arm-none-eabi/lib/armv7e-m/fpu\libg_s.a(lib_a-init.o)
 .ARM.attributes
                0x00000469       0x34 c:/freescale/kds_3.0.0/toolchain/bin/../lib/gcc/arm-none-eabi/4.8.4/../../../../arm-none-eabi/lib/armv7e-m/fpu\libg_s.a(lib_a-memset.o)
 .ARM.attributes
                0x0000049d       0x34 c:/freescale/kds_3.0.0/toolchain/bin/../lib/gcc/arm-none-eabi/4.8.4/../../../../arm-none-eabi/lib/armv7e-m/fpu\libnosys.a(_exit.o)
 .ARM.attributes
                0x000004d1       0x22 c:/freescale/kds_3.0.0/toolchain/bin/../lib/gcc/arm-none-eabi/4.8.4/armv7e-m/fpu/crtn.o
OUTPUT(Lab5.elf elf32-littlearm)

.debug_info     0x00000000     0x6fb1
 .debug_info    0x00000000      0x21f ./Sources/FIFO.o
 .debug_info    0x0000021f      0x7a1 ./Sources/FTM.o
 .debug_info    0x000009c0      0x671 ./Sources/Flash.o
 .debug_info    0x00001031      0x8e4 ./Sources/I2C.o
 .debug_info    0x00001915      0x490 ./Sources/LEDs.o
 .debug_info    0x00001da5      0x5d0 ./Sources/PIT.o
 .debug_info    0x00002375      0x62e ./Sources/RTC.o
 .debug_info    0x000029a3      0x9bf ./Sources/UART.o
 .debug_info    0x00003362      0x9c1 ./Sources/accel.o
 .debug_info    0x00003d23      0xd96 ./Sources/main.o
 .debug_info    0x00004ab9      0x687 ./Sources/packet.o
 .debug_info    0x00005140      0x3b0 ./Project_Settings/Startup_Code/startup.o
 .debug_info    0x000054f0      0xb89 ./Generated_Code/Cpu.o
 .debug_info    0x00006079      0x236 ./Generated_Code/Vectors.o
 .debug_info    0x000062af      0xd02 C:\Users\12403756\Temp\es18aut13\Lab5\Library\libOS.a(OS.o)

.debug_abbrev   0x00000000     0x1982
 .debug_abbrev  0x00000000       0xea ./Sources/FIFO.o
 .debug_abbrev  0x000000ea      0x1da ./Sources/FTM.o
 .debug_abbrev  0x000002c4      0x1cc ./Sources/Flash.o
 .debug_abbrev  0x00000490      0x203 ./Sources/I2C.o
 .debug_abbrev  0x00000693      0x144 ./Sources/LEDs.o
 .debug_abbrev  0x000007d7      0x188 ./Sources/PIT.o
 .debug_abbrev  0x0000095f      0x161 ./Sources/RTC.o
 .debug_abbrev  0x00000ac0      0x1e3 ./Sources/UART.o
 .debug_abbrev  0x00000ca3      0x20f ./Sources/accel.o
 .debug_abbrev  0x00000eb2      0x27e ./Sources/main.o
 .debug_abbrev  0x00001130      0x17b ./Sources/packet.o
 .debug_abbrev  0x000012ab      0x189 ./Project_Settings/Startup_Code/startup.o
 .debug_abbrev  0x00001434      0x185 ./Generated_Code/Cpu.o
 .debug_abbrev  0x000015b9       0xd1 ./Generated_Code/Vectors.o
 .debug_abbrev  0x0000168a      0x2f8 C:\Users\12403756\Temp\es18aut13\Lab5\Library\libOS.a(OS.o)

.debug_aranges  0x00000000      0x4a0
 .debug_aranges
                0x00000000       0x30 ./Sources/FIFO.o
 .debug_aranges
                0x00000030       0x38 ./Sources/FTM.o
 .debug_aranges
                0x00000068       0x60 ./Sources/Flash.o
 .debug_aranges
                0x000000c8       0x70 ./Sources/I2C.o
 .debug_aranges
                0x00000138       0x38 ./Sources/LEDs.o
 .debug_aranges
                0x00000170       0x38 ./Sources/PIT.o
 .debug_aranges
                0x000001a8       0x38 ./Sources/RTC.o
 .debug_aranges
                0x000001e0       0x38 ./Sources/UART.o
 .debug_aranges
                0x00000218       0x38 ./Sources/accel.o
 .debug_aranges
                0x00000250       0xb8 ./Sources/main.o
 .debug_aranges
                0x00000308       0x30 ./Sources/packet.o
 .debug_aranges
                0x00000338       0x50 ./Project_Settings/Startup_Code/startup.o
 .debug_aranges
                0x00000388       0x38 ./Generated_Code/Cpu.o
 .debug_aranges
                0x000003c0       0x18 ./Generated_Code/Vectors.o
 .debug_aranges
                0x000003d8       0xc8 C:\Users\12403756\Temp\es18aut13\Lab5\Library\libOS.a(OS.o)

.debug_ranges   0x00000000      0x3a8
 .debug_ranges  0x00000000       0x20 ./Sources/FIFO.o
 .debug_ranges  0x00000020       0x28 ./Sources/FTM.o
 .debug_ranges  0x00000048       0x50 ./Sources/Flash.o
 .debug_ranges  0x00000098       0x60 ./Sources/I2C.o
 .debug_ranges  0x000000f8       0x28 ./Sources/LEDs.o
 .debug_ranges  0x00000120       0x28 ./Sources/PIT.o
 .debug_ranges  0x00000148       0x28 ./Sources/RTC.o
 .debug_ranges  0x00000170       0x28 ./Sources/UART.o
 .debug_ranges  0x00000198       0x28 ./Sources/accel.o
 .debug_ranges  0x000001c0       0xa8 ./Sources/main.o
 .debug_ranges  0x00000268       0x20 ./Sources/packet.o
 .debug_ranges  0x00000288       0x40 ./Project_Settings/Startup_Code/startup.o
 .debug_ranges  0x000002c8       0x28 ./Generated_Code/Cpu.o
 .debug_ranges  0x000002f0       0xb8 C:\Users\12403756\Temp\es18aut13\Lab5\Library\libOS.a(OS.o)

.debug_macro    0x00000000    0x1a4d3
 .debug_macro   0x00000000       0x9d ./Sources/FIFO.o
 .debug_macro   0x0000009d       0x22 ./Sources/FIFO.o
 .debug_macro   0x000000bf       0x36 ./Sources/FIFO.o
 .debug_macro   0x000000f5     0x1800 ./Sources/FIFO.o
 .debug_macro   0x000018f5       0x8e ./Sources/FTM.o
 .debug_macro   0x00001983       0x76 ./Sources/Flash.o
 .debug_macro   0x000019f9       0x16 ./Sources/Flash.o
 .debug_macro   0x00001a0f    0x174af ./Sources/Flash.o
 .debug_macro   0x00018ebe       0x2e ./Sources/Flash.o
 .debug_macro   0x00018eec       0x92 ./Sources/I2C.o
 .debug_macro   0x00018f7e       0x6d ./Sources/LEDs.o
 .debug_macro   0x00018feb       0x8e ./Sources/PIT.o
 .debug_macro   0x00019079       0x8e ./Sources/RTC.o
 .debug_macro   0x00019107       0xa4 ./Sources/UART.o
 .debug_macro   0x000191ab       0x10 ./Sources/UART.o
 .debug_macro   0x000191bb      0x1f6 ./Sources/accel.o
 .debug_macro   0x000193b1       0x94 ./Sources/accel.o
 .debug_macro   0x00019445      0x128 ./Sources/main.o
 .debug_macro   0x0001956d       0x3a ./Sources/main.o
 .debug_macro   0x000195a7       0x83 ./Sources/packet.o
 .debug_macro   0x0001962a      0x121 ./Project_Settings/Startup_Code/startup.o
 .debug_macro   0x0001974b       0x58 ./Project_Settings/Startup_Code/startup.o
 .debug_macro   0x000197a3       0x35 ./Project_Settings/Startup_Code/startup.o
 .debug_macro   0x000197d8       0xa3 ./Project_Settings/Startup_Code/startup.o
 .debug_macro   0x0001987b      0x166 ./Project_Settings/Startup_Code/startup.o
 .debug_macro   0x000199e1       0x4a ./Project_Settings/Startup_Code/startup.o
 .debug_macro   0x00019a2b       0x52 ./Project_Settings/Startup_Code/startup.o
 .debug_macro   0x00019a7d       0x16 ./Project_Settings/Startup_Code/startup.o
 .debug_macro   0x00019a93       0x43 ./Project_Settings/Startup_Code/startup.o
 .debug_macro   0x00019ad6      0x180 ./Project_Settings/Startup_Code/startup.o
 .debug_macro   0x00019c56      0x2a6 ./Project_Settings/Startup_Code/startup.o
 .debug_macro   0x00019efc       0x10 ./Project_Settings/Startup_Code/startup.o
 .debug_macro   0x00019f0c       0x35 ./Project_Settings/Startup_Code/startup.o
 .debug_macro   0x00019f41       0x16 ./Project_Settings/Startup_Code/startup.o
 .debug_macro   0x00019f57       0x22 ./Project_Settings/Startup_Code/startup.o
 .debug_macro   0x00019f79      0x20f ./Project_Settings/Startup_Code/startup.o
 .debug_macro   0x0001a188       0x70 ./Generated_Code/Cpu.o
 .debug_macro   0x0001a1f8       0x9a ./Generated_Code/Cpu.o
 .debug_macro   0x0001a292       0xda ./Generated_Code/Vectors.o
 .debug_macro   0x0001a36c       0x30 ./Generated_Code/Vectors.o
 .debug_macro   0x0001a39c       0xa3 C:\Users\12403756\Temp\es18aut13\Lab5\Library\libOS.a(OS.o)
 .debug_macro   0x0001a43f       0x94 C:\Users\12403756\Temp\es18aut13\Lab5\Library\libOS.a(OS.o)

.debug_line     0x00000000     0x2de2
 .debug_line    0x00000000      0x2a0 ./Sources/FIFO.o
 .debug_line    0x000002a0      0x2a9 ./Sources/FTM.o
 .debug_line    0x00000549      0x2cf ./Sources/Flash.o
 .debug_line    0x00000818      0x3a8 ./Sources/I2C.o
 .debug_line    0x00000bc0      0x22c ./Sources/LEDs.o
 .debug_line    0x00000dec      0x29f ./Sources/PIT.o
 .debug_line    0x0000108b      0x28c ./Sources/RTC.o
 .debug_line    0x00001317      0x2e5 ./Sources/UART.o
 .debug_line    0x000015fc      0x2cd ./Sources/accel.o
 .debug_line    0x000018c9      0x56e ./Sources/main.o
 .debug_line    0x00001e37      0x25f ./Sources/packet.o
 .debug_line    0x00002096      0x3cc ./Project_Settings/Startup_Code/startup.o
 .debug_line    0x00002462      0x256 ./Generated_Code/Cpu.o
 .debug_line    0x000026b8      0x294 ./Generated_Code/Vectors.o
 .debug_line    0x0000294c      0x496 C:\Users\12403756\Temp\es18aut13\Lab5\Library\libOS.a(OS.o)

.debug_str      0x00000000    0x8f07b
 .debug_str     0x00000000    0x8a0d8 ./Sources/FIFO.o
                              0x8a256 (size before relaxing)
 .debug_str     0x0008a0d8      0x3ca ./Sources/FTM.o
                              0x8a4a0 (size before relaxing)
 .debug_str     0x0008a4a2      0x3ae ./Sources/Flash.o
                              0x83102 (size before relaxing)
 .debug_str     0x0008a850      0x299 ./Sources/I2C.o
                              0x8a497 (size before relaxing)
 .debug_str     0x0008aae9       0x9c ./Sources/LEDs.o
                              0x82ef3 (size before relaxing)
 .debug_str     0x0008ab85       0xa2 ./Sources/PIT.o
                              0x8a2ff (size before relaxing)
 .debug_str     0x0008ac27       0x8f ./Sources/RTC.o
                              0x8a2cb (size before relaxing)
 .debug_str     0x0008acb6      0x12a ./Sources/UART.o
                              0x8a4fd (size before relaxing)
 .debug_str     0x0008ade0      0xa7d ./Sources/accel.o
                              0x8aea1 (size before relaxing)
 .debug_str     0x0008b85d      0xbea ./Sources/main.o
                              0x8b350 (size before relaxing)
 .debug_str     0x0008c447       0x4f ./Sources/packet.o
                              0x83271 (size before relaxing)
 .debug_str     0x0008c496     0x2663 ./Project_Settings/Startup_Code/startup.o
                              0x853ec (size before relaxing)
 .debug_str     0x0008eaf9      0x1e3 ./Generated_Code/Cpu.o
                              0x8a45e (size before relaxing)
 .debug_str     0x0008ecdc       0x1c ./Generated_Code/Vectors.o
                              0x8a2b8 (size before relaxing)
 .debug_str     0x0008ecf8      0x383 C:\Users\12403756\Temp\es18aut13\Lab5\Library\libOS.a(OS.o)
                              0x8ad2a (size before relaxing)

.comment        0x00000000       0x70
 .comment       0x00000000       0x70 ./Sources/FIFO.o
                                 0x71 (size before relaxing)
 .comment       0x00000000       0x71 ./Sources/FTM.o
 .comment       0x00000000       0x71 ./Sources/Flash.o
 .comment       0x00000000       0x71 ./Sources/I2C.o
 .comment       0x00000000       0x71 ./Sources/LEDs.o
 .comment       0x00000000       0x71 ./Sources/PIT.o
 .comment       0x00000000       0x71 ./Sources/RTC.o
 .comment       0x00000000       0x71 ./Sources/UART.o
 .comment       0x00000000       0x71 ./Sources/accel.o
 .comment       0x00000000       0x71 ./Sources/main.o
 .comment       0x00000000       0x71 ./Sources/packet.o
 .comment       0x00000000       0x71 ./Project_Settings/Startup_Code/startup.o
 .comment       0x00000000       0x71 ./Generated_Code/Cpu.o
 .comment       0x00000000       0x71 ./Generated_Code/Vectors.o
 .comment       0x00000000       0x71 C:\Users\12403756\Temp\es18aut13\Lab5\Library\libOS.a(OS.o)

.debug_frame    0x00000000      0xd7c
 .debug_frame   0x00000000       0x70 ./Sources/FIFO.o
 .debug_frame   0x00000070       0x88 ./Sources/FTM.o
 .debug_frame   0x000000f8      0x128 ./Sources/Flash.o
 .debug_frame   0x00000220      0x148 ./Sources/I2C.o
 .debug_frame   0x00000368       0x7c ./Sources/LEDs.o
 .debug_frame   0x000003e4       0x8c ./Sources/PIT.o
 .debug_frame   0x00000470       0x8c ./Sources/RTC.o
 .debug_frame   0x000004fc       0x94 ./Sources/UART.o
 .debug_frame   0x00000590       0x94 ./Sources/accel.o
 .debug_frame   0x00000624      0x274 ./Sources/main.o
 .debug_frame   0x00000898       0x70 ./Sources/packet.o
 .debug_frame   0x00000908       0xc0 ./Project_Settings/Startup_Code/startup.o
 .debug_frame   0x000009c8       0x80 ./Generated_Code/Cpu.o
 .debug_frame   0x00000a48      0x2a0 C:\Users\12403756\Temp\es18aut13\Lab5\Library\libOS.a(OS.o)
 .debug_frame   0x00000ce8       0x28 c:/freescale/kds_3.0.0/toolchain/bin/../lib/gcc/arm-none-eabi/4.8.4/../../../../arm-none-eabi/lib/armv7e-m/fpu\libg_s.a(lib_a-exit.o)
 .debug_frame   0x00000d10       0x2c c:/freescale/kds_3.0.0/toolchain/bin/../lib/gcc/arm-none-eabi/4.8.4/../../../../arm-none-eabi/lib/armv7e-m/fpu\libg_s.a(lib_a-init.o)
 .debug_frame   0x00000d3c       0x20 c:/freescale/kds_3.0.0/toolchain/bin/../lib/gcc/arm-none-eabi/4.8.4/../../../../arm-none-eabi/lib/armv7e-m/fpu\libg_s.a(lib_a-memset.o)
 .debug_frame   0x00000d5c       0x20 c:/freescale/kds_3.0.0/toolchain/bin/../lib/gcc/arm-none-eabi/4.8.4/../../../../arm-none-eabi/lib/armv7e-m/fpu\libnosys.a(_exit.o)
