Archive member included because of file (symbol)

D:\Embedded Software\es18aut13\Lab5\Library\libOS.a(OS.o)
                              ./Sources/main.o (OS_Init)
c:/freescale/kds_3.0.0/toolchain/bin/../lib/gcc/arm-none-eabi/4.8.4/../../../../arm-none-eabi/lib/armv7e-m/fpu\libg_s.a(lib_a-exit.o)
                              c:/freescale/kds_3.0.0/toolchain/bin/../lib/gcc/arm-none-eabi/4.8.4/../../../../arm-none-eabi/lib/armv7e-m/fpu/crt0.o (exit)
c:/freescale/kds_3.0.0/toolchain/bin/../lib/gcc/arm-none-eabi/4.8.4/../../../../arm-none-eabi/lib/armv7e-m/fpu\libg_s.a(lib_a-impure.o)
                              c:/freescale/kds_3.0.0/toolchain/bin/../lib/gcc/arm-none-eabi/4.8.4/../../../../arm-none-eabi/lib/armv7e-m/fpu\libg_s.a(lib_a-exit.o) (_global_impure_ptr)
c:/freescale/kds_3.0.0/toolchain/bin/../lib/gcc/arm-none-eabi/4.8.4/../../../../arm-none-eabi/lib/armv7e-m/fpu\libg_s.a(lib_a-init.o)
                              c:/freescale/kds_3.0.0/toolchain/bin/../lib/gcc/arm-none-eabi/4.8.4/../../../../arm-none-eabi/lib/armv7e-m/fpu/crt0.o (__libc_init_array)
c:/freescale/kds_3.0.0/toolchain/bin/../lib/gcc/arm-none-eabi/4.8.4/../../../../arm-none-eabi/lib/armv7e-m/fpu\libg_s.a(lib_a-memcpy-stub.o)
                              ./Sources/I2C.o (memcpy)
c:/freescale/kds_3.0.0/toolchain/bin/../lib/gcc/arm-none-eabi/4.8.4/../../../../arm-none-eabi/lib/armv7e-m/fpu\libg_s.a(lib_a-memset.o)
                              c:/freescale/kds_3.0.0/toolchain/bin/../lib/gcc/arm-none-eabi/4.8.4/../../../../arm-none-eabi/lib/armv7e-m/fpu/crt0.o (memset)
c:/freescale/kds_3.0.0/toolchain/bin/../lib/gcc/arm-none-eabi/4.8.4/../../../../arm-none-eabi/lib/armv7e-m/fpu\libnosys.a(_exit.o)
                              c:/freescale/kds_3.0.0/toolchain/bin/../lib/gcc/arm-none-eabi/4.8.4/../../../../arm-none-eabi/lib/armv7e-m/fpu\libg_s.a(lib_a-exit.o) (_exit)

Allocating common symbols
Common symbol       size              file

NvTowerMd           0x4               ./Sources/main.o
NvTowerNb           0x4               ./Sources/main.o
ReadComplete        0x4               ./Sources/I2C.o
DummyRead           0x1               ./Sources/UART.o
Packet              0x5               ./Sources/packet.o
TxUART              0x4               ./Sources/UART.o
TxFIFO              0x110             ./Sources/UART.o
AccelDataReady      0x4               ./Sources/main.o
RxFIFO              0x110             ./Sources/UART.o
SR_reg              0x1               ./Generated_Code/Cpu.o
NvTowerPo           0x4               ./Sources/main.o
AccelNewData        0x3               ./Sources/main.o
RxUART              0x4               ./Sources/UART.o
RTCRead             0x4               ./Sources/RTC.o

Discarded input sections

 .text          0x00000000        0x0 c:/freescale/kds_3.0.0/toolchain/bin/../lib/gcc/arm-none-eabi/4.8.4/armv7e-m/fpu/crti.o
 .data          0x00000000        0x0 c:/freescale/kds_3.0.0/toolchain/bin/../lib/gcc/arm-none-eabi/4.8.4/armv7e-m/fpu/crti.o
 .bss           0x00000000        0x0 c:/freescale/kds_3.0.0/toolchain/bin/../lib/gcc/arm-none-eabi/4.8.4/armv7e-m/fpu/crti.o
 .data          0x00000000        0x4 c:/freescale/kds_3.0.0/toolchain/bin/../lib/gcc/arm-none-eabi/4.8.4/armv7e-m/fpu/crtbegin.o
 .data          0x00000000        0x0 c:/freescale/kds_3.0.0/toolchain/bin/../lib/gcc/arm-none-eabi/4.8.4/../../../../arm-none-eabi/lib/armv7e-m/fpu/crt0.o
 .bss           0x00000000        0x0 c:/freescale/kds_3.0.0/toolchain/bin/../lib/gcc/arm-none-eabi/4.8.4/../../../../arm-none-eabi/lib/armv7e-m/fpu/crt0.o
 .ARM.extab     0x00000000        0x0 c:/freescale/kds_3.0.0/toolchain/bin/../lib/gcc/arm-none-eabi/4.8.4/../../../../arm-none-eabi/lib/armv7e-m/fpu/crt0.o
 .group         0x00000000        0x8 ./Sources/Events.o
 .group         0x00000000        0x8 ./Sources/Events.o
 .group         0x00000000        0x8 ./Sources/Events.o
 .group         0x00000000        0x8 ./Sources/Events.o
 .group         0x00000000        0x8 ./Sources/Events.o
 .group         0x00000000        0x8 ./Sources/Events.o
 .group         0x00000000        0x8 ./Sources/Events.o
 .group         0x00000000        0x8 ./Sources/Events.o
 .group         0x00000000        0x8 ./Sources/Events.o
 .text          0x00000000        0x0 ./Sources/Events.o
 .data          0x00000000        0x0 ./Sources/Events.o
 .bss           0x00000000        0x0 ./Sources/Events.o
 .debug_info    0x00000000       0x7d ./Sources/Events.o
 .debug_abbrev  0x00000000       0x29 ./Sources/Events.o
 .debug_aranges
                0x00000000       0x18 ./Sources/Events.o
 .debug_macro   0x00000000       0x97 ./Sources/Events.o
 .debug_macro   0x00000000      0x850 ./Sources/Events.o
 .debug_macro   0x00000000       0x16 ./Sources/Events.o
 .debug_macro   0x00000000       0x44 ./Sources/Events.o
 .debug_macro   0x00000000      0x209 ./Sources/Events.o
 .debug_macro   0x00000000     0x17fa ./Sources/Events.o
 .debug_macro   0x00000000    0x174c1 ./Sources/Events.o
 .debug_macro   0x00000000       0x94 ./Sources/Events.o
 .debug_macro   0x00000000      0x14e ./Sources/Events.o
 .debug_macro   0x00000000       0x64 ./Sources/Events.o
 .debug_line    0x00000000      0x240 ./Sources/Events.o
 .debug_str     0x00000000    0x8a5e8 ./Sources/Events.o
 .comment       0x00000000       0x71 ./Sources/Events.o
 .ARM.attributes
                0x00000000       0x39 ./Sources/Events.o
 .group         0x00000000        0x8 ./Sources/FIFO.o
 .group         0x00000000        0x8 ./Sources/FIFO.o
 .group         0x00000000        0x8 ./Sources/FIFO.o
 .group         0x00000000        0x8 ./Sources/FIFO.o
 .group         0x00000000        0x8 ./Sources/FIFO.o
 .group         0x00000000        0x8 ./Sources/FIFO.o
 .group         0x00000000        0x8 ./Sources/FIFO.o
 .group         0x00000000        0x8 ./Sources/FIFO.o
 .group         0x00000000        0x8 ./Sources/FIFO.o
 .text          0x00000000        0x0 ./Sources/FIFO.o
 .data          0x00000000        0x0 ./Sources/FIFO.o
 .bss           0x00000000        0x0 ./Sources/FIFO.o
 .debug_macro   0x00000000      0x850 ./Sources/FIFO.o
 .debug_macro   0x00000000       0x16 ./Sources/FIFO.o
 .debug_macro   0x00000000       0x44 ./Sources/FIFO.o
 .debug_macro   0x00000000      0x209 ./Sources/FIFO.o
 .debug_macro   0x00000000    0x174c1 ./Sources/FIFO.o
 .debug_macro   0x00000000       0x94 ./Sources/FIFO.o
 .group         0x00000000        0x8 ./Sources/FTM.o
 .group         0x00000000        0x8 ./Sources/FTM.o
 .group         0x00000000        0x8 ./Sources/FTM.o
 .group         0x00000000        0x8 ./Sources/FTM.o
 .group         0x00000000        0x8 ./Sources/FTM.o
 .group         0x00000000        0x8 ./Sources/FTM.o
 .group         0x00000000        0x8 ./Sources/FTM.o
 .group         0x00000000        0x8 ./Sources/FTM.o
 .text          0x00000000        0x0 ./Sources/FTM.o
 .data          0x00000000        0x0 ./Sources/FTM.o
 .bss           0x00000000        0x0 ./Sources/FTM.o
 .debug_macro   0x00000000      0x850 ./Sources/FTM.o
 .debug_macro   0x00000000       0x16 ./Sources/FTM.o
 .debug_macro   0x00000000       0x44 ./Sources/FTM.o
 .debug_macro   0x00000000      0x209 ./Sources/FTM.o
 .debug_macro   0x00000000       0x22 ./Sources/FTM.o
 .debug_macro   0x00000000    0x174c1 ./Sources/FTM.o
 .debug_macro   0x00000000     0x1800 ./Sources/FTM.o
 .debug_macro   0x00000000       0x94 ./Sources/FTM.o
 .group         0x00000000        0x8 ./Sources/Flash.o
 .group         0x00000000        0x8 ./Sources/Flash.o
 .group         0x00000000        0x8 ./Sources/Flash.o
 .group         0x00000000        0x8 ./Sources/Flash.o
 .group         0x00000000        0x8 ./Sources/Flash.o
 .group         0x00000000        0x8 ./Sources/Flash.o
 .group         0x00000000        0x8 ./Sources/Flash.o
 .group         0x00000000        0x8 ./Sources/Flash.o
 .text          0x00000000        0x0 ./Sources/Flash.o
 .data          0x00000000        0x0 ./Sources/Flash.o
 .bss           0x00000000        0x0 ./Sources/Flash.o
 .rodata.PROGRAM_PHRASE
                0x00000000        0x1 ./Sources/Flash.o
 .rodata.ERASE_FLASH_SECTOR
                0x00000000        0x1 ./Sources/Flash.o
 .text.Flash_Init
                0x00000000       0x10 ./Sources/Flash.o
 .debug_macro   0x00000000      0x850 ./Sources/Flash.o
 .debug_macro   0x00000000       0x16 ./Sources/Flash.o
 .debug_macro   0x00000000       0x44 ./Sources/Flash.o
 .debug_macro   0x00000000      0x209 ./Sources/Flash.o
 .debug_macro   0x00000000       0x22 ./Sources/Flash.o
 .group         0x00000000        0x8 ./Sources/I2C.o
 .group         0x00000000        0x8 ./Sources/I2C.o
 .group         0x00000000        0x8 ./Sources/I2C.o
 .group         0x00000000        0x8 ./Sources/I2C.o
 .group         0x00000000        0x8 ./Sources/I2C.o
 .group         0x00000000        0x8 ./Sources/I2C.o
 .group         0x00000000        0x8 ./Sources/I2C.o
 .group         0x00000000        0x8 ./Sources/I2C.o
 .group         0x00000000        0x8 ./Sources/I2C.o
 .text          0x00000000        0x0 ./Sources/I2C.o
 .data          0x00000000        0x0 ./Sources/I2C.o
 .bss           0x00000000        0x0 ./Sources/I2C.o
 .text.I2C_SelectSlaveDevice
                0x00000000       0x20 ./Sources/I2C.o
 .text.I2C_PollRead
                0x00000000       0xec ./Sources/I2C.o
 .debug_macro   0x00000000      0x850 ./Sources/I2C.o
 .debug_macro   0x00000000       0x16 ./Sources/I2C.o
 .debug_macro   0x00000000       0x44 ./Sources/I2C.o
 .debug_macro   0x00000000      0x209 ./Sources/I2C.o
 .debug_macro   0x00000000       0x22 ./Sources/I2C.o
 .debug_macro   0x00000000       0x36 ./Sources/I2C.o
 .debug_macro   0x00000000    0x174c1 ./Sources/I2C.o
 .debug_macro   0x00000000     0x1800 ./Sources/I2C.o
 .debug_macro   0x00000000       0x94 ./Sources/I2C.o
 .group         0x00000000        0x8 ./Sources/LEDs.o
 .group         0x00000000        0x8 ./Sources/LEDs.o
 .group         0x00000000        0x8 ./Sources/LEDs.o
 .group         0x00000000        0x8 ./Sources/LEDs.o
 .group         0x00000000        0x8 ./Sources/LEDs.o
 .group         0x00000000        0x8 ./Sources/LEDs.o
 .group         0x00000000        0x8 ./Sources/LEDs.o
 .text          0x00000000        0x0 ./Sources/LEDs.o
 .data          0x00000000        0x0 ./Sources/LEDs.o
 .bss           0x00000000        0x0 ./Sources/LEDs.o
 .debug_macro   0x00000000      0x850 ./Sources/LEDs.o
 .debug_macro   0x00000000       0x16 ./Sources/LEDs.o
 .debug_macro   0x00000000       0x16 ./Sources/LEDs.o
 .debug_macro   0x00000000       0x44 ./Sources/LEDs.o
 .debug_macro   0x00000000      0x209 ./Sources/LEDs.o
 .debug_macro   0x00000000    0x174af ./Sources/LEDs.o
 .debug_macro   0x00000000       0x22 ./Sources/LEDs.o
 .group         0x00000000        0x8 ./Sources/PIT.o
 .group         0x00000000        0x8 ./Sources/PIT.o
 .group         0x00000000        0x8 ./Sources/PIT.o
 .group         0x00000000        0x8 ./Sources/PIT.o
 .group         0x00000000        0x8 ./Sources/PIT.o
 .group         0x00000000        0x8 ./Sources/PIT.o
 .group         0x00000000        0x8 ./Sources/PIT.o
 .group         0x00000000        0x8 ./Sources/PIT.o
 .group         0x00000000        0x8 ./Sources/PIT.o
 .text          0x00000000        0x0 ./Sources/PIT.o
 .data          0x00000000        0x0 ./Sources/PIT.o
 .bss           0x00000000        0x0 ./Sources/PIT.o
 .debug_macro   0x00000000      0x850 ./Sources/PIT.o
 .debug_macro   0x00000000       0x16 ./Sources/PIT.o
 .debug_macro   0x00000000       0x44 ./Sources/PIT.o
 .debug_macro   0x00000000      0x209 ./Sources/PIT.o
 .debug_macro   0x00000000       0x22 ./Sources/PIT.o
 .debug_macro   0x00000000       0x36 ./Sources/PIT.o
 .debug_macro   0x00000000    0x174c1 ./Sources/PIT.o
 .debug_macro   0x00000000     0x1800 ./Sources/PIT.o
 .debug_macro   0x00000000       0x94 ./Sources/PIT.o
 .group         0x00000000        0x8 ./Sources/RTC.o
 .group         0x00000000        0x8 ./Sources/RTC.o
 .group         0x00000000        0x8 ./Sources/RTC.o
 .group         0x00000000        0x8 ./Sources/RTC.o
 .group         0x00000000        0x8 ./Sources/RTC.o
 .group         0x00000000        0x8 ./Sources/RTC.o
 .group         0x00000000        0x8 ./Sources/RTC.o
 .group         0x00000000        0x8 ./Sources/RTC.o
 .group         0x00000000        0x8 ./Sources/RTC.o
 .text          0x00000000        0x0 ./Sources/RTC.o
 .data          0x00000000        0x0 ./Sources/RTC.o
 .bss           0x00000000        0x0 ./Sources/RTC.o
 .debug_macro   0x00000000      0x850 ./Sources/RTC.o
 .debug_macro   0x00000000       0x16 ./Sources/RTC.o
 .debug_macro   0x00000000       0x44 ./Sources/RTC.o
 .debug_macro   0x00000000      0x209 ./Sources/RTC.o
 .debug_macro   0x00000000       0x22 ./Sources/RTC.o
 .debug_macro   0x00000000       0x36 ./Sources/RTC.o
 .debug_macro   0x00000000    0x174c1 ./Sources/RTC.o
 .debug_macro   0x00000000     0x1800 ./Sources/RTC.o
 .debug_macro   0x00000000       0x94 ./Sources/RTC.o
 .group         0x00000000        0x8 ./Sources/UART.o
 .group         0x00000000        0x8 ./Sources/UART.o
 .group         0x00000000        0x8 ./Sources/UART.o
 .group         0x00000000        0x8 ./Sources/UART.o
 .group         0x00000000        0x8 ./Sources/UART.o
 .group         0x00000000        0x8 ./Sources/UART.o
 .group         0x00000000        0x8 ./Sources/UART.o
 .group         0x00000000        0x8 ./Sources/UART.o
 .group         0x00000000        0x8 ./Sources/UART.o
 .group         0x00000000        0x8 ./Sources/UART.o
 .text          0x00000000        0x0 ./Sources/UART.o
 .data          0x00000000        0x0 ./Sources/UART.o
 .bss           0x00000000        0x0 ./Sources/UART.o
 .debug_macro   0x00000000      0x850 ./Sources/UART.o
 .debug_macro   0x00000000       0x16 ./Sources/UART.o
 .debug_macro   0x00000000       0x44 ./Sources/UART.o
 .debug_macro   0x00000000      0x209 ./Sources/UART.o
 .debug_macro   0x00000000       0x22 ./Sources/UART.o
 .debug_macro   0x00000000       0x36 ./Sources/UART.o
 .debug_macro   0x00000000    0x174c1 ./Sources/UART.o
 .debug_macro   0x00000000     0x1800 ./Sources/UART.o
 .debug_macro   0x00000000       0x94 ./Sources/UART.o
 .group         0x00000000        0x8 ./Sources/accel.o
 .group         0x00000000        0x8 ./Sources/accel.o
 .group         0x00000000        0x8 ./Sources/accel.o
 .group         0x00000000        0x8 ./Sources/accel.o
 .group         0x00000000        0x8 ./Sources/accel.o
 .group         0x00000000        0x8 ./Sources/accel.o
 .group         0x00000000        0x8 ./Sources/accel.o
 .group         0x00000000        0x8 ./Sources/accel.o
 .group         0x00000000        0x8 ./Sources/accel.o
 .text          0x00000000        0x0 ./Sources/accel.o
 .data          0x00000000        0x0 ./Sources/accel.o
 .bss           0x00000000        0x0 ./Sources/accel.o
 .bss.INT_SOURCE_Union
                0x00000000        0x4 ./Sources/accel.o
 .bss.CTRL_REG3_Union
                0x00000000        0x4 ./Sources/accel.o
 .bss.DataReadyCallbackFunction
                0x00000000        0x4 ./Sources/accel.o
 .bss.DataReadyCallbackArguments
                0x00000000        0x4 ./Sources/accel.o
 .debug_macro   0x00000000      0x850 ./Sources/accel.o
 .debug_macro   0x00000000       0x16 ./Sources/accel.o
 .debug_macro   0x00000000       0x44 ./Sources/accel.o
 .debug_macro   0x00000000      0x209 ./Sources/accel.o
 .debug_macro   0x00000000       0x22 ./Sources/accel.o
 .debug_macro   0x00000000       0x36 ./Sources/accel.o
 .debug_macro   0x00000000    0x174c1 ./Sources/accel.o
 .debug_macro   0x00000000     0x1800 ./Sources/accel.o
 .group         0x00000000        0x8 ./Sources/main.o
 .group         0x00000000        0x8 ./Sources/main.o
 .group         0x00000000        0x8 ./Sources/main.o
 .group         0x00000000        0x8 ./Sources/main.o
 .group         0x00000000        0x8 ./Sources/main.o
 .group         0x00000000        0x8 ./Sources/main.o
 .group         0x00000000        0x8 ./Sources/main.o
 .group         0x00000000        0x8 ./Sources/main.o
 .group         0x00000000        0x8 ./Sources/main.o
 .group         0x00000000        0x8 ./Sources/main.o
 .group         0x00000000        0x8 ./Sources/main.o
 .group         0x00000000        0x8 ./Sources/main.o
 .group         0x00000000        0x8 ./Sources/main.o
 .group         0x00000000        0x8 ./Sources/main.o
 .text          0x00000000        0x0 ./Sources/main.o
 .data          0x00000000        0x0 ./Sources/main.o
 .bss           0x00000000        0x0 ./Sources/main.o
 .rodata.PROGRAM_PHRASE
                0x00000000        0x1 ./Sources/main.o
 .rodata.ERASE_FLASH_SECTOR
                0x00000000        0x1 ./Sources/main.o
 .rodata.PERIOD_LED_GREEN
                0x00000000        0x4 ./Sources/main.o
 .rodata.COMMAND_STARTUP
                0x00000000        0x1 ./Sources/main.o
 .rodata.COMMAND_VER
                0x00000000        0x1 ./Sources/main.o
 .rodata.COMMAND_NUM
                0x00000000        0x1 ./Sources/main.o
 .rodata.COMMAND_PROGRAMBYTE
                0x00000000        0x1 ./Sources/main.o
 .rodata.COMMAND_READBYTE
                0x00000000        0x1 ./Sources/main.o
 .rodata.COMMAND_MODE
                0x00000000        0x1 ./Sources/main.o
 .rodata.COMMAND_TIME
                0x00000000        0x1 ./Sources/main.o
 .rodata.COMMAND_PROTOCOL
                0x00000000        0x1 ./Sources/main.o
 .rodata.COMMAND_ACCEL
                0x00000000        0x1 ./Sources/main.o
 .rodata.PARAM_GET
                0x00000000        0x1 ./Sources/main.o
 .rodata.PARAM_SET
                0x00000000        0x1 ./Sources/main.o
 .rodata.TOWER_VER_MAJ
                0x00000000        0x1 ./Sources/main.o
 .rodata.TOWER_VER_MIN
                0x00000000        0x1 ./Sources/main.o
 .bss.FTMThreadStack
                0x00000000      0x190 ./Sources/main.o
 .bss.PITThreadStack
                0x00000000      0x190 ./Sources/main.o
 .text.RTCCallback
                0x00000000       0x38 ./Sources/main.o
 .text.TowerInit
                0x00000000       0x64 ./Sources/main.o
 .debug_macro   0x00000000      0x850 ./Sources/main.o
 .debug_macro   0x00000000       0x16 ./Sources/main.o
 .debug_macro   0x00000000       0x44 ./Sources/main.o
 .debug_macro   0x00000000      0x209 ./Sources/main.o
 .debug_macro   0x00000000       0x22 ./Sources/main.o
 .debug_macro   0x00000000     0x1800 ./Sources/main.o
 .debug_macro   0x00000000    0x174c1 ./Sources/main.o
 .debug_macro   0x00000000       0x94 ./Sources/main.o
 .debug_macro   0x00000000       0x36 ./Sources/main.o
 .debug_macro   0x00000000      0x14e ./Sources/main.o
 .debug_macro   0x00000000       0x64 ./Sources/main.o
 .debug_macro   0x00000000       0x10 ./Sources/main.o
 .debug_macro   0x00000000       0x2e ./Sources/main.o
 .group         0x00000000        0x8 ./Sources/median.o
 .group         0x00000000        0x8 ./Sources/median.o
 .group         0x00000000        0x8 ./Sources/median.o
 .group         0x00000000        0x8 ./Sources/median.o
 .group         0x00000000        0x8 ./Sources/median.o
 .text          0x00000000        0x0 ./Sources/median.o
 .data          0x00000000        0x0 ./Sources/median.o
 .bss           0x00000000        0x0 ./Sources/median.o
 .debug_macro   0x00000000      0x850 ./Sources/median.o
 .debug_macro   0x00000000       0x16 ./Sources/median.o
 .debug_macro   0x00000000       0x44 ./Sources/median.o
 .debug_macro   0x00000000      0x209 ./Sources/median.o
 .debug_macro   0x00000000       0x22 ./Sources/median.o
 .group         0x00000000        0x8 ./Sources/packet.o
 .group         0x00000000        0x8 ./Sources/packet.o
 .group         0x00000000        0x8 ./Sources/packet.o
 .group         0x00000000        0x8 ./Sources/packet.o
 .group         0x00000000        0x8 ./Sources/packet.o
 .group         0x00000000        0x8 ./Sources/packet.o
 .group         0x00000000        0x8 ./Sources/packet.o
 .group         0x00000000        0x8 ./Sources/packet.o
 .group         0x00000000        0x8 ./Sources/packet.o
 .group         0x00000000        0x8 ./Sources/packet.o
 .group         0x00000000        0x8 ./Sources/packet.o
 .text          0x00000000        0x0 ./Sources/packet.o
 .data          0x00000000        0x0 ./Sources/packet.o
 .bss           0x00000000        0x0 ./Sources/packet.o
 .debug_macro   0x00000000      0x850 ./Sources/packet.o
 .debug_macro   0x00000000       0x16 ./Sources/packet.o
 .debug_macro   0x00000000       0x44 ./Sources/packet.o
 .debug_macro   0x00000000      0x209 ./Sources/packet.o
 .debug_macro   0x00000000       0x22 ./Sources/packet.o
 .debug_macro   0x00000000       0x36 ./Sources/packet.o
 .debug_macro   0x00000000       0x10 ./Sources/packet.o
 .debug_macro   0x00000000       0x3a ./Sources/packet.o
 .debug_macro   0x00000000    0x174c1 ./Sources/packet.o
 .debug_macro   0x00000000     0x1800 ./Sources/packet.o
 .debug_macro   0x00000000       0x94 ./Sources/packet.o
 .group         0x00000000        0x8 ./Project_Settings/Startup_Code/startup.o
 .group         0x00000000        0x8 ./Project_Settings/Startup_Code/startup.o
 .group         0x00000000        0x8 ./Project_Settings/Startup_Code/startup.o
 .group         0x00000000        0x8 ./Project_Settings/Startup_Code/startup.o
 .group         0x00000000        0x8 ./Project_Settings/Startup_Code/startup.o
 .group         0x00000000        0x8 ./Project_Settings/Startup_Code/startup.o
 .group         0x00000000        0x8 ./Project_Settings/Startup_Code/startup.o
 .group         0x00000000        0x8 ./Project_Settings/Startup_Code/startup.o
 .group         0x00000000        0x8 ./Project_Settings/Startup_Code/startup.o
 .group         0x00000000        0x8 ./Project_Settings/Startup_Code/startup.o
 .group         0x00000000        0x8 ./Project_Settings/Startup_Code/startup.o
 .group         0x00000000        0x8 ./Project_Settings/Startup_Code/startup.o
 .group         0x00000000        0x8 ./Project_Settings/Startup_Code/startup.o
 .group         0x00000000        0x8 ./Project_Settings/Startup_Code/startup.o
 .group         0x00000000        0x8 ./Project_Settings/Startup_Code/startup.o
 .group         0x00000000        0x8 ./Project_Settings/Startup_Code/startup.o
 .group         0x00000000        0x8 ./Project_Settings/Startup_Code/startup.o
 .group         0x00000000        0x8 ./Project_Settings/Startup_Code/startup.o
 .group         0x00000000        0x8 ./Project_Settings/Startup_Code/startup.o
 .text          0x00000000        0x0 ./Project_Settings/Startup_Code/startup.o
 .data          0x00000000        0x0 ./Project_Settings/Startup_Code/startup.o
 .bss           0x00000000        0x0 ./Project_Settings/Startup_Code/startup.o
 .text.__init_hardware
                0x00000000        0xc ./Project_Settings/Startup_Code/startup.o
 .text.__iar_program_start
                0x00000000        0xc ./Project_Settings/Startup_Code/startup.o
 .debug_macro   0x00000000      0x850 ./Project_Settings/Startup_Code/startup.o
 .debug_macro   0x00000000       0x16 ./Project_Settings/Startup_Code/startup.o
 .debug_macro   0x00000000       0x16 ./Project_Settings/Startup_Code/startup.o
 .debug_macro   0x00000000    0x174af ./Project_Settings/Startup_Code/startup.o
 .group         0x00000000        0x8 ./Generated_Code/Cpu.o
 .group         0x00000000        0x8 ./Generated_Code/Cpu.o
 .group         0x00000000        0x8 ./Generated_Code/Cpu.o
 .group         0x00000000        0x8 ./Generated_Code/Cpu.o
 .group         0x00000000        0x8 ./Generated_Code/Cpu.o
 .group         0x00000000        0x8 ./Generated_Code/Cpu.o
 .group         0x00000000        0x8 ./Generated_Code/Cpu.o
 .text          0x00000000        0x0 ./Generated_Code/Cpu.o
 .data          0x00000000        0x0 ./Generated_Code/Cpu.o
 .bss           0x00000000        0x0 ./Generated_Code/Cpu.o
 .debug_macro   0x00000000      0x850 ./Generated_Code/Cpu.o
 .debug_macro   0x00000000       0x16 ./Generated_Code/Cpu.o
 .debug_macro   0x00000000       0x44 ./Generated_Code/Cpu.o
 .debug_macro   0x00000000      0x209 ./Generated_Code/Cpu.o
 .debug_macro   0x00000000     0x17fa ./Generated_Code/Cpu.o
 .debug_macro   0x00000000    0x174c1 ./Generated_Code/Cpu.o
 .group         0x00000000        0x8 ./Generated_Code/Vectors.o
 .group         0x00000000        0x8 ./Generated_Code/Vectors.o
 .group         0x00000000        0x8 ./Generated_Code/Vectors.o
 .group         0x00000000        0x8 ./Generated_Code/Vectors.o
 .group         0x00000000        0x8 ./Generated_Code/Vectors.o
 .group         0x00000000        0x8 ./Generated_Code/Vectors.o
 .group         0x00000000        0x8 ./Generated_Code/Vectors.o
 .group         0x00000000        0x8 ./Generated_Code/Vectors.o
 .group         0x00000000        0x8 ./Generated_Code/Vectors.o
 .group         0x00000000        0x8 ./Generated_Code/Vectors.o
 .text          0x00000000        0x0 ./Generated_Code/Vectors.o
 .data          0x00000000        0x0 ./Generated_Code/Vectors.o
 .bss           0x00000000        0x0 ./Generated_Code/Vectors.o
 .debug_macro   0x00000000      0x850 ./Generated_Code/Vectors.o
 .debug_macro   0x00000000       0x16 ./Generated_Code/Vectors.o
 .debug_macro   0x00000000       0x44 ./Generated_Code/Vectors.o
 .debug_macro   0x00000000      0x209 ./Generated_Code/Vectors.o
 .debug_macro   0x00000000     0x17fa ./Generated_Code/Vectors.o
 .debug_macro   0x00000000    0x174c1 ./Generated_Code/Vectors.o
 .debug_macro   0x00000000       0x94 ./Generated_Code/Vectors.o
 .debug_macro   0x00000000       0x22 ./Generated_Code/Vectors.o
 .debug_macro   0x00000000       0x10 ./Generated_Code/Vectors.o
 .group         0x00000000        0x8 D:\Embedded Software\es18aut13\Lab5\Library\libOS.a(OS.o)
 .group         0x00000000        0x8 D:\Embedded Software\es18aut13\Lab5\Library\libOS.a(OS.o)
 .group         0x00000000        0x8 D:\Embedded Software\es18aut13\Lab5\Library\libOS.a(OS.o)
 .group         0x00000000        0x8 D:\Embedded Software\es18aut13\Lab5\Library\libOS.a(OS.o)
 .group         0x00000000        0x8 D:\Embedded Software\es18aut13\Lab5\Library\libOS.a(OS.o)
 .group         0x00000000        0x8 D:\Embedded Software\es18aut13\Lab5\Library\libOS.a(OS.o)
 .group         0x00000000        0x8 D:\Embedded Software\es18aut13\Lab5\Library\libOS.a(OS.o)
 .group         0x00000000        0x8 D:\Embedded Software\es18aut13\Lab5\Library\libOS.a(OS.o)
 .group         0x00000000        0x8 D:\Embedded Software\es18aut13\Lab5\Library\libOS.a(OS.o)
 .group         0x00000000        0x8 D:\Embedded Software\es18aut13\Lab5\Library\libOS.a(OS.o)
 .group         0x00000000        0x8 D:\Embedded Software\es18aut13\Lab5\Library\libOS.a(OS.o)
 .text          0x00000000        0x0 D:\Embedded Software\es18aut13\Lab5\Library\libOS.a(OS.o)
 .data          0x00000000        0x0 D:\Embedded Software\es18aut13\Lab5\Library\libOS.a(OS.o)
 .bss           0x00000000        0x0 D:\Embedded Software\es18aut13\Lab5\Library\libOS.a(OS.o)
 .rodata.OS_TICK_FREQUENCY
                0x00000000        0x4 D:\Embedded Software\es18aut13\Lab5\Library\libOS.a(OS.o)
 .text.OS_TimeDelay
                0x00000000       0x48 D:\Embedded Software\es18aut13\Lab5\Library\libOS.a(OS.o)
 .text.OS_TimeGet
                0x00000000       0x24 D:\Embedded Software\es18aut13\Lab5\Library\libOS.a(OS.o)
 .text.OS_TimeSet
                0x00000000       0x20 D:\Embedded Software\es18aut13\Lab5\Library\libOS.a(OS.o)
 .debug_macro   0x00000000      0x850 D:\Embedded Software\es18aut13\Lab5\Library\libOS.a(OS.o)
 .debug_macro   0x00000000       0x16 D:\Embedded Software\es18aut13\Lab5\Library\libOS.a(OS.o)
 .debug_macro   0x00000000       0x44 D:\Embedded Software\es18aut13\Lab5\Library\libOS.a(OS.o)
 .debug_macro   0x00000000      0x209 D:\Embedded Software\es18aut13\Lab5\Library\libOS.a(OS.o)
 .debug_macro   0x00000000     0x17fa D:\Embedded Software\es18aut13\Lab5\Library\libOS.a(OS.o)
 .debug_macro   0x00000000      0x14e D:\Embedded Software\es18aut13\Lab5\Library\libOS.a(OS.o)
 .debug_macro   0x00000000       0x64 D:\Embedded Software\es18aut13\Lab5\Library\libOS.a(OS.o)
 .debug_macro   0x00000000    0x174c1 D:\Embedded Software\es18aut13\Lab5\Library\libOS.a(OS.o)
 .debug_macro   0x00000000       0x22 D:\Embedded Software\es18aut13\Lab5\Library\libOS.a(OS.o)
 .debug_macro   0x00000000       0x30 D:\Embedded Software\es18aut13\Lab5\Library\libOS.a(OS.o)
 .text          0x00000000        0x0 c:/freescale/kds_3.0.0/toolchain/bin/../lib/gcc/arm-none-eabi/4.8.4/../../../../arm-none-eabi/lib/armv7e-m/fpu\libg_s.a(lib_a-exit.o)
 .data          0x00000000        0x0 c:/freescale/kds_3.0.0/toolchain/bin/../lib/gcc/arm-none-eabi/4.8.4/../../../../arm-none-eabi/lib/armv7e-m/fpu\libg_s.a(lib_a-exit.o)
 .bss           0x00000000        0x0 c:/freescale/kds_3.0.0/toolchain/bin/../lib/gcc/arm-none-eabi/4.8.4/../../../../arm-none-eabi/lib/armv7e-m/fpu\libg_s.a(lib_a-exit.o)
 .text          0x00000000        0x0 c:/freescale/kds_3.0.0/toolchain/bin/../lib/gcc/arm-none-eabi/4.8.4/../../../../arm-none-eabi/lib/armv7e-m/fpu\libg_s.a(lib_a-impure.o)
 .data          0x00000000        0x0 c:/freescale/kds_3.0.0/toolchain/bin/../lib/gcc/arm-none-eabi/4.8.4/../../../../arm-none-eabi/lib/armv7e-m/fpu\libg_s.a(lib_a-impure.o)
 .bss           0x00000000        0x0 c:/freescale/kds_3.0.0/toolchain/bin/../lib/gcc/arm-none-eabi/4.8.4/../../../../arm-none-eabi/lib/armv7e-m/fpu\libg_s.a(lib_a-impure.o)
 .data._impure_ptr
                0x00000000        0x4 c:/freescale/kds_3.0.0/toolchain/bin/../lib/gcc/arm-none-eabi/4.8.4/../../../../arm-none-eabi/lib/armv7e-m/fpu\libg_s.a(lib_a-impure.o)
 .text          0x00000000        0x0 c:/freescale/kds_3.0.0/toolchain/bin/../lib/gcc/arm-none-eabi/4.8.4/../../../../arm-none-eabi/lib/armv7e-m/fpu\libg_s.a(lib_a-init.o)
 .data          0x00000000        0x0 c:/freescale/kds_3.0.0/toolchain/bin/../lib/gcc/arm-none-eabi/4.8.4/../../../../arm-none-eabi/lib/armv7e-m/fpu\libg_s.a(lib_a-init.o)
 .bss           0x00000000        0x0 c:/freescale/kds_3.0.0/toolchain/bin/../lib/gcc/arm-none-eabi/4.8.4/../../../../arm-none-eabi/lib/armv7e-m/fpu\libg_s.a(lib_a-init.o)
 .text          0x00000000        0x0 c:/freescale/kds_3.0.0/toolchain/bin/../lib/gcc/arm-none-eabi/4.8.4/../../../../arm-none-eabi/lib/armv7e-m/fpu\libg_s.a(lib_a-memcpy-stub.o)
 .data          0x00000000        0x0 c:/freescale/kds_3.0.0/toolchain/bin/../lib/gcc/arm-none-eabi/4.8.4/../../../../arm-none-eabi/lib/armv7e-m/fpu\libg_s.a(lib_a-memcpy-stub.o)
 .bss           0x00000000        0x0 c:/freescale/kds_3.0.0/toolchain/bin/../lib/gcc/arm-none-eabi/4.8.4/../../../../arm-none-eabi/lib/armv7e-m/fpu\libg_s.a(lib_a-memcpy-stub.o)
 .text          0x00000000        0x0 c:/freescale/kds_3.0.0/toolchain/bin/../lib/gcc/arm-none-eabi/4.8.4/../../../../arm-none-eabi/lib/armv7e-m/fpu\libg_s.a(lib_a-memset.o)
 .data          0x00000000        0x0 c:/freescale/kds_3.0.0/toolchain/bin/../lib/gcc/arm-none-eabi/4.8.4/../../../../arm-none-eabi/lib/armv7e-m/fpu\libg_s.a(lib_a-memset.o)
 .bss           0x00000000        0x0 c:/freescale/kds_3.0.0/toolchain/bin/../lib/gcc/arm-none-eabi/4.8.4/../../../../arm-none-eabi/lib/armv7e-m/fpu\libg_s.a(lib_a-memset.o)
 .text          0x00000000        0x0 c:/freescale/kds_3.0.0/toolchain/bin/../lib/gcc/arm-none-eabi/4.8.4/../../../../arm-none-eabi/lib/armv7e-m/fpu\libnosys.a(_exit.o)
 .data          0x00000000        0x0 c:/freescale/kds_3.0.0/toolchain/bin/../lib/gcc/arm-none-eabi/4.8.4/../../../../arm-none-eabi/lib/armv7e-m/fpu\libnosys.a(_exit.o)
 .bss           0x00000000        0x0 c:/freescale/kds_3.0.0/toolchain/bin/../lib/gcc/arm-none-eabi/4.8.4/../../../../arm-none-eabi/lib/armv7e-m/fpu\libnosys.a(_exit.o)
 .text          0x00000000        0x0 c:/freescale/kds_3.0.0/toolchain/bin/../lib/gcc/arm-none-eabi/4.8.4/armv7e-m/fpu/crtend.o
 .data          0x00000000        0x0 c:/freescale/kds_3.0.0/toolchain/bin/../lib/gcc/arm-none-eabi/4.8.4/armv7e-m/fpu/crtend.o
 .bss           0x00000000        0x0 c:/freescale/kds_3.0.0/toolchain/bin/../lib/gcc/arm-none-eabi/4.8.4/armv7e-m/fpu/crtend.o
 .eh_frame      0x00000000        0x4 c:/freescale/kds_3.0.0/toolchain/bin/../lib/gcc/arm-none-eabi/4.8.4/armv7e-m/fpu/crtend.o
 .jcr           0x00000000        0x4 c:/freescale/kds_3.0.0/toolchain/bin/../lib/gcc/arm-none-eabi/4.8.4/armv7e-m/fpu/crtend.o
 .ARM.attributes
                0x00000000       0x34 c:/freescale/kds_3.0.0/toolchain/bin/../lib/gcc/arm-none-eabi/4.8.4/armv7e-m/fpu/crtend.o
 .text          0x00000000        0x0 c:/freescale/kds_3.0.0/toolchain/bin/../lib/gcc/arm-none-eabi/4.8.4/armv7e-m/fpu/crtn.o
 .data          0x00000000        0x0 c:/freescale/kds_3.0.0/toolchain/bin/../lib/gcc/arm-none-eabi/4.8.4/armv7e-m/fpu/crtn.o
 .bss           0x00000000        0x0 c:/freescale/kds_3.0.0/toolchain/bin/../lib/gcc/arm-none-eabi/4.8.4/armv7e-m/fpu/crtn.o

Memory Configuration

Name             Origin             Length             Attributes
m_interrupts     0x00000000         0x000001e8         xr
m_text           0x00000410         0x0007fbf0         xr
m_data           0x1fff0000         0x00010000         rw
m_data_20000000  0x20000000         0x00010000         rw
m_cfmprotrom     0x00000400         0x00000010         xr
*default*        0x00000000         0xffffffff

Linker script and memory map

LOAD c:/freescale/kds_3.0.0/toolchain/bin/../lib/gcc/arm-none-eabi/4.8.4/armv7e-m/fpu/crti.o
LOAD c:/freescale/kds_3.0.0/toolchain/bin/../lib/gcc/arm-none-eabi/4.8.4/armv7e-m/fpu/crtbegin.o
LOAD c:/freescale/kds_3.0.0/toolchain/bin/../lib/gcc/arm-none-eabi/4.8.4/../../../../arm-none-eabi/lib/armv7e-m/fpu/crt0.o
LOAD ./Sources/Events.o
LOAD ./Sources/FIFO.o
LOAD ./Sources/FTM.o
LOAD ./Sources/Flash.o
LOAD ./Sources/I2C.o
LOAD ./Sources/LEDs.o
LOAD ./Sources/PIT.o
LOAD ./Sources/RTC.o
LOAD ./Sources/UART.o
LOAD ./Sources/accel.o
LOAD ./Sources/main.o
LOAD ./Sources/median.o
LOAD ./Sources/packet.o
LOAD ./Project_Settings/Startup_Code/startup.o
LOAD ./Generated_Code/Cpu.o
LOAD ./Generated_Code/Vectors.o
LOAD D:\Embedded Software\es18aut13\Lab5\Library\libOS.a
LOAD c:/freescale/kds_3.0.0/toolchain/bin/../lib/gcc/arm-none-eabi/4.8.4/../../../../arm-none-eabi/lib/armv7e-m/fpu\libstdc++_s.a
LOAD c:/freescale/kds_3.0.0/toolchain/bin/../lib/gcc/arm-none-eabi/4.8.4/../../../../arm-none-eabi/lib/armv7e-m/fpu\libm.a
START GROUP
LOAD c:/freescale/kds_3.0.0/toolchain/bin/../lib/gcc/arm-none-eabi/4.8.4/armv7e-m/fpu\libgcc.a
LOAD c:/freescale/kds_3.0.0/toolchain/bin/../lib/gcc/arm-none-eabi/4.8.4/../../../../arm-none-eabi/lib/armv7e-m/fpu\libg_s.a
LOAD c:/freescale/kds_3.0.0/toolchain/bin/../lib/gcc/arm-none-eabi/4.8.4/../../../../arm-none-eabi/lib/armv7e-m/fpu\libc_s.a
END GROUP
START GROUP
LOAD c:/freescale/kds_3.0.0/toolchain/bin/../lib/gcc/arm-none-eabi/4.8.4/armv7e-m/fpu\libgcc.a
LOAD c:/freescale/kds_3.0.0/toolchain/bin/../lib/gcc/arm-none-eabi/4.8.4/../../../../arm-none-eabi/lib/armv7e-m/fpu\libc_s.a
LOAD c:/freescale/kds_3.0.0/toolchain/bin/../lib/gcc/arm-none-eabi/4.8.4/../../../../arm-none-eabi/lib/armv7e-m/fpu\libnosys.a
END GROUP
START GROUP
LOAD c:/freescale/kds_3.0.0/toolchain/bin/../lib/gcc/arm-none-eabi/4.8.4/armv7e-m/fpu\libgcc.a
LOAD c:/freescale/kds_3.0.0/toolchain/bin/../lib/gcc/arm-none-eabi/4.8.4/../../../../arm-none-eabi/lib/armv7e-m/fpu\libc_s.a
LOAD c:/freescale/kds_3.0.0/toolchain/bin/../lib/gcc/arm-none-eabi/4.8.4/../../../../arm-none-eabi/lib/armv7e-m/fpu\libnosys.a
END GROUP
LOAD c:/freescale/kds_3.0.0/toolchain/bin/../lib/gcc/arm-none-eabi/4.8.4/armv7e-m/fpu/crtend.o
LOAD c:/freescale/kds_3.0.0/toolchain/bin/../lib/gcc/arm-none-eabi/4.8.4/armv7e-m/fpu/crtn.o
                0x20000000                _estack = 0x20000000
                0x20000000                __SP_INIT = _estack
                0x20000000                __stack = _estack
                0x00000000                __heap_size = 0x0
                0x00000400                __stack_size = 0x400

.interrupts     0x00000000      0x1e8
                0x00000000                __vector_table = .
                0x00000000                . = ALIGN (0x4)
 *(.vectortable)
 .vectortable   0x00000000      0x1e8 ./Generated_Code/Vectors.o
                0x00000000                __vect_table
                0x000001e8                . = ALIGN (0x4)

.cfmprotect     0x00000400       0x10
                0x00000400                . = ALIGN (0x4)
 *(.cfmconfig)
 .cfmconfig     0x00000400       0x10 ./Generated_Code/Cpu.o
                0x00000400                _cfm
                0x00000410                . = ALIGN (0x4)

.text           0x00000410     0x32cc
                0x00000410                . = ALIGN (0x4)
 *(.text)
 .text          0x00000410       0x54 c:/freescale/kds_3.0.0/toolchain/bin/../lib/gcc/arm-none-eabi/4.8.4/armv7e-m/fpu/crtbegin.o
 .text          0x00000464       0x74 c:/freescale/kds_3.0.0/toolchain/bin/../lib/gcc/arm-none-eabi/4.8.4/../../../../arm-none-eabi/lib/armv7e-m/fpu/crt0.o
                0x00000464                _start
                0x00000464                _mainCRTStartup
 *(.text*)
 .text.FIFO_Init
                0x000004d8       0x48 ./Sources/FIFO.o
                0x000004d8                FIFO_Init
 .text.FIFO_Put
                0x00000520       0x74 ./Sources/FIFO.o
                0x00000520                FIFO_Put
 .text.FIFO_Get
                0x00000594       0x74 ./Sources/FIFO.o
                0x00000594                FIFO_Get
 .text.FTM_Init
                0x00000608       0xfc ./Sources/FTM.o
                0x00000608                FTM_Init
 .text.FTM_Set  0x00000704       0xf8 ./Sources/FTM.o
                0x00000704                FTM_Set
 .text.FTM_StartTimer
                0x000007fc       0x78 ./Sources/FTM.o
                0x000007fc                FTM_StartTimer
 .text.FTM0_ISR
                0x00000874       0xa4 ./Sources/FTM.o
                0x00000874                FTM0_ISR
 .text.Flash_AllocateVar
                0x00000918       0x90 ./Sources/Flash.o
                0x00000918                Flash_AllocateVar
 .text.Flash_Write32
                0x000009a8       0x58 ./Sources/Flash.o
                0x000009a8                Flash_Write32
 .text.Flash_Write16
                0x00000a00       0x60 ./Sources/Flash.o
                0x00000a00                Flash_Write16
 .text.Flash_Write8
                0x00000a60       0x60 ./Sources/Flash.o
                0x00000a60                Flash_Write8
 .text.Flash_Erase
                0x00000ac0       0x14 ./Sources/Flash.o
                0x00000ac0                Flash_Erase
 .text.LaunchCommand
                0x00000ad4       0x98 ./Sources/Flash.o
 .text.WritePhrase
                0x00000b6c       0xe8 ./Sources/Flash.o
 .text.EraseSector
                0x00000c54       0x38 ./Sources/Flash.o
 .text.StartCondition
                0x00000c8c       0x30 ./Sources/I2C.o
 .text.StopCondition
                0x00000cbc       0x20 ./Sources/I2C.o
 .text.WaitCondition
                0x00000cdc       0x28 ./Sources/I2C.o
 .text.BusyCondition
                0x00000d04       0x20 ./Sources/I2C.o
 .text.RepeatCondition
                0x00000d24       0x20 ./Sources/I2C.o
 .text.I2C_Init
                0x00000d44      0x234 ./Sources/I2C.o
                0x00000d44                I2C_Init
 .text.I2C_Write
                0x00000f78       0x4c ./Sources/I2C.o
                0x00000f78                I2C_Write
 .text.I2C_IntRead
                0x00000fc4       0x68 ./Sources/I2C.o
                0x00000fc4                I2C_IntRead
 .text.I2C_ISR  0x0000102c      0x19c ./Sources/I2C.o
                0x0000102c                I2C_ISR
 .text.LEDs_Init
                0x000011c8       0xd4 ./Sources/LEDs.o
                0x000011c8                LEDs_Init
 .text.LEDs_On  0x0000129c       0x24 ./Sources/LEDs.o
                0x0000129c                LEDs_On
 .text.LEDs_Off
                0x000012c0       0x24 ./Sources/LEDs.o
                0x000012c0                LEDs_Off
 .text.LEDs_Toggle
                0x000012e4       0x24 ./Sources/LEDs.o
                0x000012e4                LEDs_Toggle
 .text.PIT_Init
                0x00001308       0xdc ./Sources/PIT.o
                0x00001308                PIT_Init
 .text.PIT_Set  0x000013e4       0x5c ./Sources/PIT.o
                0x000013e4                PIT_Set
 .text.PIT_Enable
                0x00001440       0x40 ./Sources/PIT.o
                0x00001440                PIT_Enable
 .text.PIT_ISR  0x00001480       0x30 ./Sources/PIT.o
                0x00001480                PIT_ISR
 .text.RTC_Init
                0x000014b0       0xec ./Sources/RTC.o
                0x000014b0                RTC_Init
 .text.RTC_Set  0x0000159c       0x5c ./Sources/RTC.o
                0x0000159c                RTC_Set
 .text.RTC_Get  0x000015f8       0x9c ./Sources/RTC.o
                0x000015f8                RTC_Get
 .text.RTC_ISR  0x00001694       0x2c ./Sources/RTC.o
                0x00001694                RTC_ISR
 .text.UART_Init
                0x000016c0      0x198 ./Sources/UART.o
                0x000016c0                UART_Init
 .text.UART_InChar
                0x00001858       0x20 ./Sources/UART.o
                0x00001858                UART_InChar
 .text.UART_OutChar
                0x00001878       0x24 ./Sources/UART.o
                0x00001878                UART_OutChar
 .text.UART_ISR
                0x0000189c       0x94 ./Sources/UART.o
                0x0000189c                UART_ISR
 .text.Accel_Init
                0x00001930       0xf4 ./Sources/accel.o
                0x00001930                Accel_Init
 .text.Accel_ReadXYZ
                0x00001a24       0x18 ./Sources/accel.o
                0x00001a24                Accel_ReadXYZ
 .text.Accel_SetMode
                0x00001a3c      0x114 ./Sources/accel.o
                0x00001a3c                Accel_SetMode
 .text.AccelDataReady_ISR
                0x00001b50       0x48 ./Sources/accel.o
                0x00001b50                AccelDataReady_ISR
 .text.HandleTowerStartup
                0x00001b98       0xa4 ./Sources/main.o
                0x00001b98                HandleTowerStartup
 .text.HandleTowerVersion
                0x00001c3c       0x28 ./Sources/main.o
                0x00001c3c                HandleTowerVersion
 .text.HandleTowerNumber
                0x00001c64       0x68 ./Sources/main.o
                0x00001c64                HandleTowerNumber
 .text.HandleTowerProgramByte
                0x00001ccc       0x58 ./Sources/main.o
                0x00001ccc                HandleTowerProgramByte
 .text.HandleTowerReadByte
                0x00001d24       0x48 ./Sources/main.o
                0x00001d24                HandleTowerReadByte
 .text.HandleTowerMode
                0x00001d6c       0x68 ./Sources/main.o
                0x00001d6c                HandleTowerMode
 .text.HandleTowerSetTime
                0x00001dd4       0x40 ./Sources/main.o
                0x00001dd4                HandleTowerSetTime
 .text.HandleTowerProtocol
                0x00001e14       0x88 ./Sources/main.o
                0x00001e14                HandleTowerProtocol
 .text.ReceivedPacket
                0x00001e9c      0x150 ./Sources/main.o
                0x00001e9c                ReceivedPacket
 .text.FTMCallbackCh0
                0x00001fec       0x18 ./Sources/main.o
                0x00001fec                FTMCallbackCh0
 .text.AccelDataReadyCallback
                0x00002004       0x18 ./Sources/main.o
                0x00002004                AccelDataReadyCallback
 .text.AccelReadCompleteCallback
                0x0000201c      0x134 ./Sources/main.o
                0x0000201c                AccelReadCompleteCallback
 .text.TowerSet
                0x00002150       0xf8 ./Sources/main.o
                0x00002150                TowerSet
 .text.InitModulesThread
                0x00002248       0xa8 ./Sources/main.o
 .text.RxUARTThread
                0x000022f0       0x30 ./Sources/main.o
 .text.TxUARTThread
                0x00002320       0x50 ./Sources/main.o
 .text.PacketThread
                0x00002370       0x60 ./Sources/main.o
 .text.RTCThread
                0x000023d0       0x44 ./Sources/main.o
 .text.I2CThread
                0x00002414      0x144 ./Sources/main.o
 .text.AccelThread
                0x00002558       0x24 ./Sources/main.o
 .text.main     0x0000257c       0xcc ./Sources/main.o
                0x0000257c                main
 .text.Median_Filter3
                0x00002648       0x70 ./Sources/median.o
                0x00002648                Median_Filter3
 .text.Packet_Init
                0x000026b8       0x2c ./Sources/packet.o
                0x000026b8                Packet_Init
 .text.Packet_Get
                0x000026e4       0x70 ./Sources/packet.o
                0x000026e4                Packet_Get
 .text.Packet_Put
                0x00002754       0x84 ./Sources/packet.o
                0x00002754                Packet_Put
 .text.__copy_rom_section
                0x000027d8       0xe4 ./Project_Settings/Startup_Code/startup.o
                0x000027d8                __copy_rom_section
 .text.__copy_rom_sections_to_ram
                0x000028bc       0x9c ./Project_Settings/Startup_Code/startup.o
                0x000028bc                __copy_rom_sections_to_ram
 .text.__init_registers
                0x00002958       0x20 ./Project_Settings/Startup_Code/startup.o
                0x00002958                __init_registers
 .text.__init_user
                0x00002978        0xc ./Project_Settings/Startup_Code/startup.o
                0x00002978                __init_user
 .text.__thumb_startup
                0x00002984       0x34 ./Project_Settings/Startup_Code/startup.o
                0x00002984                __thumb_startup
 .text.Cpu_Interrupt
                0x000029b8       0x18 ./Generated_Code/Cpu.o
                0x000029b8                Cpu_Interrupt
 .text.__init_hardware
                0x000029d0      0x17c ./Generated_Code/Cpu.o
                0x000029d0                __init_hardware
 .text.Cpu_SetBASEPRI
                0x00002b4c       0x18 ./Generated_Code/Cpu.o
                0x00002b4c                Cpu_SetBASEPRI
 .text.PE_low_level_init
                0x00002b64       0xe4 ./Generated_Code/Cpu.o
                0x00002b64                PE_low_level_init
 .text.OS_Init  0x00002c48      0x110 D:\Embedded Software\es18aut13\Lab5\Library\libOS.a(OS.o)
                0x00002c48                OS_Init
 .text.OS_ISREnter
                0x00002d58       0x20 D:\Embedded Software\es18aut13\Lab5\Library\libOS.a(OS.o)
                0x00002d58                OS_ISREnter
 .text.OS_ISRExit
                0x00002d78       0x1c D:\Embedded Software\es18aut13\Lab5\Library\libOS.a(OS.o)
                0x00002d78                OS_ISRExit
 .text.OS_SemaphoreCreate
                0x00002d94       0x90 D:\Embedded Software\es18aut13\Lab5\Library\libOS.a(OS.o)
                0x00002d94                OS_SemaphoreCreate
 .text.OS_SemaphoreSignal
                0x00002e24       0x44 D:\Embedded Software\es18aut13\Lab5\Library\libOS.a(OS.o)
                0x00002e24                OS_SemaphoreSignal
 .text.OS_SemaphoreWait
                0x00002e68       0x58 D:\Embedded Software\es18aut13\Lab5\Library\libOS.a(OS.o)
                0x00002e68                OS_SemaphoreWait
 .text.OS_Start
                0x00002ec0       0x10 D:\Embedded Software\es18aut13\Lab5\Library\libOS.a(OS.o)
                0x00002ec0                OS_Start
 .text.OS_ThreadCreate
                0x00002ed0      0x160 D:\Embedded Software\es18aut13\Lab5\Library\libOS.a(OS.o)
                0x00002ed0                OS_ThreadCreate
 .text.OS_ThreadDelete
                0x00003030      0x18c D:\Embedded Software\es18aut13\Lab5\Library\libOS.a(OS.o)
                0x00003030                OS_ThreadDelete
 .text.EventThreadReady
                0x000031bc       0x68 D:\Embedded Software\es18aut13\Lab5\Library\libOS.a(OS.o)
 .text.EventThreadWait
                0x00003224       0x64 D:\Embedded Software\es18aut13\Lab5\Library\libOS.a(OS.o)
 .text.EventTimeout
                0x00003288       0x40 D:\Embedded Software\es18aut13\Lab5\Library\libOS.a(OS.o)
 .text.Idle     0x000032c8       0x18 D:\Embedded Software\es18aut13\Lab5\Library\libOS.a(OS.o)
 .text.FindFirstSet
                0x000032e0       0x44 D:\Embedded Software\es18aut13\Lab5\Library\libOS.a(OS.o)
 .text.Schedule
                0x00003324       0x64 D:\Embedded Software\es18aut13\Lab5\Library\libOS.a(OS.o)
 .text.TCBInit  0x00003388       0xcc D:\Embedded Software\es18aut13\Lab5\Library\libOS.a(OS.o)
 .text.TimeTick
                0x00003454       0x74 D:\Embedded Software\es18aut13\Lab5\Library\libOS.a(OS.o)
 *fill*         0x000034c8        0x8 
 .text.OS_ContextSwitchISR
                0x000034d0       0x70 D:\Embedded Software\es18aut13\Lab5\Library\libOS.a(OS.o)
                0x000034d0                OS_ContextSwitchISR
 .text.OS_SysTickISR
                0x00003540       0x5c D:\Embedded Software\es18aut13\Lab5\Library\libOS.a(OS.o)
                0x00003540                OS_SysTickISR
 .text.exit     0x0000359c       0x28 c:/freescale/kds_3.0.0/toolchain/bin/../lib/gcc/arm-none-eabi/4.8.4/../../../../arm-none-eabi/lib/armv7e-m/fpu\libg_s.a(lib_a-exit.o)
                0x0000359c                exit
 .text.__libc_init_array
                0x000035c4       0x4c c:/freescale/kds_3.0.0/toolchain/bin/../lib/gcc/arm-none-eabi/4.8.4/../../../../arm-none-eabi/lib/armv7e-m/fpu\libg_s.a(lib_a-init.o)
                0x000035c4                __libc_init_array
 .text.memcpy   0x00003610       0x12 c:/freescale/kds_3.0.0/toolchain/bin/../lib/gcc/arm-none-eabi/4.8.4/../../../../arm-none-eabi/lib/armv7e-m/fpu\libg_s.a(lib_a-memcpy-stub.o)
                0x00003610                memcpy
 .text.memset   0x00003622       0x10 c:/freescale/kds_3.0.0/toolchain/bin/../lib/gcc/arm-none-eabi/4.8.4/../../../../arm-none-eabi/lib/armv7e-m/fpu\libg_s.a(lib_a-memset.o)
                0x00003622                memset
 *fill*         0x00003632        0x2 
 .text._exit    0x00003634        0x4 c:/freescale/kds_3.0.0/toolchain/bin/../lib/gcc/arm-none-eabi/4.8.4/../../../../arm-none-eabi/lib/armv7e-m/fpu\libnosys.a(_exit.o)
                0x00003634                _exit
 *(.rodata)
 .rodata        0x00003638       0x80 ./Sources/I2C.o
 *(.rodata*)
 .rodata.PERIOD_I2C_POLL
                0x000036b8        0x4 ./Sources/main.o
                0x000036b8                PERIOD_I2C_POLL
 .rodata.PACKET_ACK_MASK
                0x000036bc        0x1 ./Sources/packet.o
                0x000036bc                PACKET_ACK_MASK
 .rodata.str1.1
                0x000036bd        0x2 c:/freescale/kds_3.0.0/toolchain/bin/../lib/gcc/arm-none-eabi/4.8.4/../../../../arm-none-eabi/lib/armv7e-m/fpu\libg_s.a(lib_a-impure.o)
 *fill*         0x000036bf        0x1 
 .rodata._global_impure_ptr
                0x000036c0        0x4 c:/freescale/kds_3.0.0/toolchain/bin/../lib/gcc/arm-none-eabi/4.8.4/../../../../arm-none-eabi/lib/armv7e-m/fpu\libg_s.a(lib_a-impure.o)
                0x000036c0                _global_impure_ptr
 *(.glue_7)
 .glue_7        0x00000000        0x0 linker stubs
 *(.glue_7t)
 .glue_7t       0x00000000        0x0 linker stubs
 *(.eh_frame)
 .eh_frame      0x000036c4        0x0 c:/freescale/kds_3.0.0/toolchain/bin/../lib/gcc/arm-none-eabi/4.8.4/armv7e-m/fpu/crtbegin.o
 *(.init)
 .init          0x000036c4        0x4 c:/freescale/kds_3.0.0/toolchain/bin/../lib/gcc/arm-none-eabi/4.8.4/armv7e-m/fpu/crti.o
                0x000036c4                _init
 .init          0x000036c8        0x8 c:/freescale/kds_3.0.0/toolchain/bin/../lib/gcc/arm-none-eabi/4.8.4/armv7e-m/fpu/crtn.o
 *(.fini)
 .fini          0x000036d0        0x4 c:/freescale/kds_3.0.0/toolchain/bin/../lib/gcc/arm-none-eabi/4.8.4/armv7e-m/fpu/crti.o
                0x000036d0                _fini
 .fini          0x000036d4        0x8 c:/freescale/kds_3.0.0/toolchain/bin/../lib/gcc/arm-none-eabi/4.8.4/armv7e-m/fpu/crtn.o
                0x000036dc                . = ALIGN (0x4)
                0x000036dc                _etext = .

.vfp11_veneer   0x000036dc        0x0
 .vfp11_veneer  0x00000000        0x0 linker stubs

.v4_bx          0x000036dc        0x0
 .v4_bx         0x00000000        0x0 linker stubs

.iplt           0x000036dc        0x0
 .iplt          0x00000000        0x0 c:/freescale/kds_3.0.0/toolchain/bin/../lib/gcc/arm-none-eabi/4.8.4/armv7e-m/fpu/crtbegin.o

.ARM.extab
 *(.ARM.extab* .gnu.linkonce.armextab.*)

.ARM            0x000036dc        0x8
                0x000036dc                __exidx_start = .
 *(.ARM.exidx*)
 .ARM.exidx     0x000036dc        0x8 c:/freescale/kds_3.0.0/toolchain/bin/../lib/gcc/arm-none-eabi/4.8.4/../../../../arm-none-eabi/lib/armv7e-m/fpu/crt0.o
                0x000036e4                __exidx_end = .

.rel.dyn        0x000036e4        0x0
 .rel.iplt      0x00000000        0x0 c:/freescale/kds_3.0.0/toolchain/bin/../lib/gcc/arm-none-eabi/4.8.4/armv7e-m/fpu/crtbegin.o

.ctors          0x000036e4        0x0
                0x000036e4                __CTOR_LIST__ = .
 *crtbegin.o(.ctors)
 *(EXCLUDE_FILE(*crtend.o) .ctors)
 *(SORT(.ctors.*))
 *(.ctors)
                0x000036e4                __CTOR_END__ = .

.dtors          0x000036e4        0x0
                0x000036e4                __DTOR_LIST__ = .
 *crtbegin.o(.dtors)
 *(EXCLUDE_FILE(*crtend.o) .dtors)
 *(SORT(.dtors.*))
 *(.dtors)
                0x000036e4                __DTOR_END__ = .

.preinit_array  0x000036e4        0x0
                0x000036e4                PROVIDE (__preinit_array_start, .)
 *(.preinit_array*)
                0x000036e4                PROVIDE (__preinit_array_end, .)

.init_array     0x000036e4        0x4
                0x000036e4                PROVIDE (__init_array_start, .)
 *(SORT(.init_array.*))
 *(.init_array*)
 .init_array    0x000036e4        0x4 c:/freescale/kds_3.0.0/toolchain/bin/../lib/gcc/arm-none-eabi/4.8.4/armv7e-m/fpu/crtbegin.o
                0x000036e8                PROVIDE (__init_array_end, .)

.fini_array     0x000036e8        0x4
                0x000036e8                PROVIDE (__fini_array_start, .)
 *(SORT(.fini_array.*))
 *(.fini_array*)
 .fini_array    0x000036e8        0x4 c:/freescale/kds_3.0.0/toolchain/bin/../lib/gcc/arm-none-eabi/4.8.4/armv7e-m/fpu/crtbegin.o
                0x000036ec                PROVIDE (__fini_array_end, .)
                0x000036ec                ___ROM_AT = .

.data           0x1fff0000       0x64 load address 0x000036ec
                0x1fff0000                . = ALIGN (0x4)
                0x1fff0000                _sdata = .
 *(.data)
 *(.data*)
 .data.SlaveDeviceAddress
                0x1fff0000        0x1 ./Sources/I2C.o
 *fill*         0x1fff0001        0x3 
 .data.impure_data
                0x1fff0004       0x60 c:/freescale/kds_3.0.0/toolchain/bin/../lib/gcc/arm-none-eabi/4.8.4/../../../../arm-none-eabi/lib/armv7e-m/fpu\libg_s.a(lib_a-impure.o)
                0x1fff0064                . = ALIGN (0x4)
                0x1fff0064                _edata = .
                0x00000064                ___data_size = (_edata - _sdata)
                0x00003750                ___m_data_20000000_ROMStart = (___ROM_AT + SIZEOF (.data))

.jcr            0x1fff0064        0x0 load address 0x00003750
 .jcr           0x1fff0064        0x0 c:/freescale/kds_3.0.0/toolchain/bin/../lib/gcc/arm-none-eabi/4.8.4/armv7e-m/fpu/crtbegin.o

.igot.plt       0x1fff0064        0x0 load address 0x00003750
 .igot.plt      0x00000000        0x0 c:/freescale/kds_3.0.0/toolchain/bin/../lib/gcc/arm-none-eabi/4.8.4/armv7e-m/fpu/crtbegin.o

.m_data_20000000
                0x20000000        0x0 load address 0x00003750
                0x20000000                . = ALIGN (0x4)
                0x20000000                ___m_data_20000000_RAMStart = .
 *(.m_data_20000000)
                0x20000000                ___m_data_20000000_RAMEnd = .
                0x20000000                . = ALIGN (0x4)
                0x00000000                ___m_data_20000000_ROMSize = (___m_data_20000000_RAMEnd - ___m_data_20000000_RAMStart)
                0x20000000                . = ALIGN (0x4)

.bss            0x1fff0068     0x16a4 load address 0x00003758
                0x1fff0068                __START_BSS = .
                0x1fff0068                PROVIDE (__bss_start__, __START_BSS)
 *(.bss)
 .bss           0x1fff0068       0x1c c:/freescale/kds_3.0.0/toolchain/bin/../lib/gcc/arm-none-eabi/4.8.4/armv7e-m/fpu/crtbegin.o
 *(.bss*)
 .bss.UserFunction
                0x1fff0084       0x20 ./Sources/FTM.o
 .bss.UserArguments
                0x1fff00a4       0x20 ./Sources/FTM.o
 .bss.occupiedBytes.5646
                0x1fff00c4        0x1 ./Sources/Flash.o
 .bss.SlaveDeviceReadAddress
                0x1fff00c5        0x1 ./Sources/I2C.o
 .bss.NbBytes   0x1fff00c6        0x1 ./Sources/I2C.o
 *fill*         0x1fff00c7        0x1 
 .bss.DataPtr   0x1fff00c8        0x4 ./Sources/I2C.o
 .bss.stage.6667
                0x1fff00cc        0x1 ./Sources/I2C.o
 .bss.readCount.6668
                0x1fff00cd        0x1 ./Sources/I2C.o
 *fill*         0x1fff00ce        0x2 
 .bss.ModuleClk
                0x1fff00d0        0x4 ./Sources/PIT.o
 .bss.UserFunction
                0x1fff00d4        0x4 ./Sources/PIT.o
 .bss.UserArguments
                0x1fff00d8        0x4 ./Sources/PIT.o
 .bss.CTRL_REG1_Union
                0x1fff00dc        0x4 ./Sources/accel.o
 .bss.CTRL_REG4_Union
                0x1fff00e0        0x4 ./Sources/accel.o
 .bss.CTRL_REG5_Union
                0x1fff00e4        0x4 ./Sources/accel.o
 .bss.InitModulesThreadStack
                0x1fff00e8      0x190 ./Sources/main.o
 .bss.RxUARTThreadStack
                0x1fff0278      0x190 ./Sources/main.o
 .bss.TxUARTThreadStack
                0x1fff0408      0x190 ./Sources/main.o
 .bss.RTCThreadStack
                0x1fff0598      0x190 ./Sources/main.o
 .bss.I2CThreadStack
                0x1fff0728      0x190 ./Sources/main.o
 .bss.AccelThreadStack
                0x1fff08b8      0x190 ./Sources/main.o
 .bss.PacketThreadStack
                0x1fff0a48      0x190 ./Sources/main.o
 .bss.recentData.6879
                0x1fff0bd8        0xc ./Sources/main.o
 .bss.recentData.6922
                0x1fff0be4        0xc ./Sources/main.o
 .bss.PacketPutAccess
                0x1fff0bf0        0x4 ./Sources/packet.o
 .bss.SR_lock   0x1fff0bf4        0x1 ./Generated_Code/Cpu.o
                0x1fff0bf4                SR_lock
 *fill*         0x1fff0bf5        0x3 
 .bss.TCBUnusedMain
                0x1fff0bf8       0x18 D:\Embedded Software\es18aut13\Lab5\Library\libOS.a(OS.o)
 .bss.TCBTable  0x1fff0c10      0x300 D:\Embedded Software\es18aut13\Lab5\Library\libOS.a(OS.o)
 .bss.pTCBFreeList
                0x1fff0f10        0x4 D:\Embedded Software\es18aut13\Lab5\Library\libOS.a(OS.o)
 .bss.pTCBAllocatedList
                0x1fff0f14        0x4 D:\Embedded Software\es18aut13\Lab5\Library\libOS.a(OS.o)
 .bss.pTCBPriorityTable
                0x1fff0f18       0x80 D:\Embedded Software\es18aut13\Lab5\Library\libOS.a(OS.o)
 .bss.pTCBRunning
                0x1fff0f98        0x4 D:\Embedded Software\es18aut13\Lab5\Library\libOS.a(OS.o)
 .bss.pTCBHighestReady
                0x1fff0f9c        0x4 D:\Embedded Software\es18aut13\Lab5\Library\libOS.a(OS.o)
 .bss.ReadyList
                0x1fff0fa0        0x4 D:\Embedded Software\es18aut13\Lab5\Library\libOS.a(OS.o)
 .bss.ECBTable  0x1fff0fa4      0x100 D:\Embedded Software\es18aut13\Lab5\Library\libOS.a(OS.o)
 .bss.NextECBFree
                0x1fff10a4        0x1 D:\Embedded Software\es18aut13\Lab5\Library\libOS.a(OS.o)
 *fill*         0x1fff10a5        0x3 
 .bss.IdleCounter
                0x1fff10a8        0x4 D:\Embedded Software\es18aut13\Lab5\Library\libOS.a(OS.o)
 *fill*         0x1fff10ac        0x4 
 .bss.IdleStack
                0x1fff10b0      0x400 D:\Embedded Software\es18aut13\Lab5\Library\libOS.a(OS.o)
 .bss.Ticks     0x1fff14b0        0x4 D:\Embedded Software\es18aut13\Lab5\Library\libOS.a(OS.o)
 .bss.ToggleCntr
                0x1fff14b4        0x4 D:\Embedded Software\es18aut13\Lab5\Library\libOS.a(OS.o)
 .bss.ToggleLED
                0x1fff14b8        0x1 D:\Embedded Software\es18aut13\Lab5\Library\libOS.a(OS.o)
 .bss.ISRNestLevel
                0x1fff14b9        0x1 D:\Embedded Software\es18aut13\Lab5\Library\libOS.a(OS.o)
 *(COMMON)
 *fill*         0x1fff14ba        0x2 
 COMMON         0x1fff14bc        0x4 ./Sources/I2C.o
                0x1fff14bc                ReadComplete
 COMMON         0x1fff14c0        0x4 ./Sources/RTC.o
                0x1fff14c0                RTCRead
 COMMON         0x1fff14c4      0x22c ./Sources/UART.o
                0x1fff14c4                DummyRead
                0x1fff14c8                TxUART
                0x1fff14cc                TxFIFO
                0x1fff15dc                RxFIFO
                0x1fff16ec                RxUART
 COMMON         0x1fff16f0       0x13 ./Sources/main.o
                0x1fff16f0                NvTowerMd
                0x1fff16f4                NvTowerNb
                0x1fff16f8                AccelDataReady
                0x1fff16fc                NvTowerPo
                0x1fff1700                AccelNewData
 *fill*         0x1fff1703        0x1 
 COMMON         0x1fff1704        0x5 ./Sources/packet.o
                0x1fff1704                Packet
 COMMON         0x1fff1709        0x1 ./Generated_Code/Cpu.o
                0x1fff1709                SR_reg
                0x1fff170c                . = ALIGN (0x4)
 *fill*         0x1fff170a        0x2 
                0x1fff170c                __END_BSS = .
                0x1fff170c                PROVIDE (__bss_end__, __END_BSS)
                0x00003750                _romp_at = ((___ROM_AT + SIZEOF (.data)) + SIZEOF (.m_data_20000000))

.romp           0x1fff170c       0x24 load address 0x00003750
                0x00003750                __S_romp = _romp_at
                0x1fff170c        0x4 LONG 0x36ec ___ROM_AT
                0x1fff1710        0x4 LONG 0x1fff0000 _sdata
                0x1fff1714        0x4 LONG 0x64 ___data_size
                0x1fff1718        0x4 LONG 0x3750 ___m_data_20000000_ROMStart
                0x1fff171c        0x4 LONG 0x20000000 ___m_data_20000000_RAMStart
                0x1fff1720        0x4 LONG 0x0 ___m_data_20000000_ROMSize
                0x1fff1724        0x4 LONG 0x0
                0x1fff1728        0x4 LONG 0x0
                0x1fff172c        0x4 LONG 0x0

._user_heap_stack
                0x1fff1730      0x400 load address 0x00003774
                0x1fff1730                . = ALIGN (0x4)
                0x1fff1730                PROVIDE (end, .)
                0x1fff1730                PROVIDE (_end, .)
                0x1fff1730                __heap_addr = .
                0x1fff1730                __HeapBase = .
                0x1fff1730                . = (. + __heap_size)
                0x1fff1730                __HeapLimit = .
                0x1fff1b30                . = (. + __stack_size)
 *fill*         0x1fff1730      0x400 
                0x1fff1b30                . = ALIGN (0x4)

.ARM.attributes
                0x00000000       0x30
 *(.ARM.attributes)
 .ARM.attributes
                0x00000000       0x22 c:/freescale/kds_3.0.0/toolchain/bin/../lib/gcc/arm-none-eabi/4.8.4/armv7e-m/fpu/crti.o
 .ARM.attributes
                0x00000022       0x34 c:/freescale/kds_3.0.0/toolchain/bin/../lib/gcc/arm-none-eabi/4.8.4/armv7e-m/fpu/crtbegin.o
 .ARM.attributes
                0x00000056       0x20 c:/freescale/kds_3.0.0/toolchain/bin/../lib/gcc/arm-none-eabi/4.8.4/../../../../arm-none-eabi/lib/armv7e-m/fpu/crt0.o
 .ARM.attributes
                0x00000076       0x39 ./Sources/FIFO.o
 .ARM.attributes
                0x000000af       0x39 ./Sources/FTM.o
 .ARM.attributes
                0x000000e8       0x39 ./Sources/Flash.o
 .ARM.attributes
                0x00000121       0x39 ./Sources/I2C.o
 .ARM.attributes
                0x0000015a       0x39 ./Sources/LEDs.o
 .ARM.attributes
                0x00000193       0x39 ./Sources/PIT.o
 .ARM.attributes
                0x000001cc       0x39 ./Sources/RTC.o
 .ARM.attributes
                0x00000205       0x39 ./Sources/UART.o
 .ARM.attributes
                0x0000023e       0x39 ./Sources/accel.o
 .ARM.attributes
                0x00000277       0x39 ./Sources/main.o
 .ARM.attributes
                0x000002b0       0x39 ./Sources/median.o
 .ARM.attributes
                0x000002e9       0x39 ./Sources/packet.o
 .ARM.attributes
                0x00000322       0x39 ./Project_Settings/Startup_Code/startup.o
 .ARM.attributes
                0x0000035b       0x39 ./Generated_Code/Cpu.o
 .ARM.attributes
                0x00000394       0x39 ./Generated_Code/Vectors.o
 .ARM.attributes
                0x000003cd       0x39 D:\Embedded Software\es18aut13\Lab5\Library\libOS.a(OS.o)
 .ARM.attributes
                0x00000406       0x34 c:/freescale/kds_3.0.0/toolchain/bin/../lib/gcc/arm-none-eabi/4.8.4/../../../../arm-none-eabi/lib/armv7e-m/fpu\libg_s.a(lib_a-exit.o)
 .ARM.attributes
                0x0000043a       0x34 c:/freescale/kds_3.0.0/toolchain/bin/../lib/gcc/arm-none-eabi/4.8.4/../../../../arm-none-eabi/lib/armv7e-m/fpu\libg_s.a(lib_a-impure.o)
 .ARM.attributes
                0x0000046e       0x34 c:/freescale/kds_3.0.0/toolchain/bin/../lib/gcc/arm-none-eabi/4.8.4/../../../../arm-none-eabi/lib/armv7e-m/fpu\libg_s.a(lib_a-init.o)
 .ARM.attributes
                0x000004a2       0x34 c:/freescale/kds_3.0.0/toolchain/bin/../lib/gcc/arm-none-eabi/4.8.4/../../../../arm-none-eabi/lib/armv7e-m/fpu\libg_s.a(lib_a-memcpy-stub.o)
 .ARM.attributes
                0x000004d6       0x34 c:/freescale/kds_3.0.0/toolchain/bin/../lib/gcc/arm-none-eabi/4.8.4/../../../../arm-none-eabi/lib/armv7e-m/fpu\libg_s.a(lib_a-memset.o)
 .ARM.attributes
                0x0000050a       0x34 c:/freescale/kds_3.0.0/toolchain/bin/../lib/gcc/arm-none-eabi/4.8.4/../../../../arm-none-eabi/lib/armv7e-m/fpu\libnosys.a(_exit.o)
 .ARM.attributes
                0x0000053e       0x22 c:/freescale/kds_3.0.0/toolchain/bin/../lib/gcc/arm-none-eabi/4.8.4/armv7e-m/fpu/crtn.o
OUTPUT(Lab5.elf elf32-littlearm)

.debug_info     0x00000000     0x72cd
 .debug_info    0x00000000      0x21f ./Sources/FIFO.o
 .debug_info    0x0000021f      0x7a1 ./Sources/FTM.o
 .debug_info    0x000009c0      0x671 ./Sources/Flash.o
 .debug_info    0x00001031      0x909 ./Sources/I2C.o
 .debug_info    0x0000193a      0x490 ./Sources/LEDs.o
 .debug_info    0x00001dca      0x611 ./Sources/PIT.o
 .debug_info    0x000023db      0x624 ./Sources/RTC.o
 .debug_info    0x000029ff      0x9bf ./Sources/UART.o
 .debug_info    0x000033be      0xa15 ./Sources/accel.o
 .debug_info    0x00003dd3      0xef0 ./Sources/main.o
 .debug_info    0x00004cc3       0xe9 ./Sources/median.o
 .debug_info    0x00004dac      0x68e ./Sources/packet.o
 .debug_info    0x0000543a      0x3b0 ./Project_Settings/Startup_Code/startup.o
 .debug_info    0x000057ea      0xb89 ./Generated_Code/Cpu.o
 .debug_info    0x00006373      0x258 ./Generated_Code/Vectors.o
 .debug_info    0x000065cb      0xd02 D:\Embedded Software\es18aut13\Lab5\Library\libOS.a(OS.o)

.debug_abbrev   0x00000000     0x1a4a
 .debug_abbrev  0x00000000       0xea ./Sources/FIFO.o
 .debug_abbrev  0x000000ea      0x1da ./Sources/FTM.o
 .debug_abbrev  0x000002c4      0x1cc ./Sources/Flash.o
 .debug_abbrev  0x00000490      0x223 ./Sources/I2C.o
 .debug_abbrev  0x000006b3      0x144 ./Sources/LEDs.o
 .debug_abbrev  0x000007f7      0x1a6 ./Sources/PIT.o
 .debug_abbrev  0x0000099d      0x179 ./Sources/RTC.o
 .debug_abbrev  0x00000b16      0x1e3 ./Sources/UART.o
 .debug_abbrev  0x00000cf9      0x215 ./Sources/accel.o
 .debug_abbrev  0x00000f0e      0x27e ./Sources/main.o
 .debug_abbrev  0x0000118c       0x6c ./Sources/median.o
 .debug_abbrev  0x000011f8      0x17b ./Sources/packet.o
 .debug_abbrev  0x00001373      0x189 ./Project_Settings/Startup_Code/startup.o
 .debug_abbrev  0x000014fc      0x185 ./Generated_Code/Cpu.o
 .debug_abbrev  0x00001681       0xd1 ./Generated_Code/Vectors.o
 .debug_abbrev  0x00001752      0x2f8 D:\Embedded Software\es18aut13\Lab5\Library\libOS.a(OS.o)

.debug_aranges  0x00000000      0x4d8
 .debug_aranges
                0x00000000       0x30 ./Sources/FIFO.o
 .debug_aranges
                0x00000030       0x38 ./Sources/FTM.o
 .debug_aranges
                0x00000068       0x60 ./Sources/Flash.o
 .debug_aranges
                0x000000c8       0x70 ./Sources/I2C.o
 .debug_aranges
                0x00000138       0x38 ./Sources/LEDs.o
 .debug_aranges
                0x00000170       0x38 ./Sources/PIT.o
 .debug_aranges
                0x000001a8       0x38 ./Sources/RTC.o
 .debug_aranges
                0x000001e0       0x38 ./Sources/UART.o
 .debug_aranges
                0x00000218       0x38 ./Sources/accel.o
 .debug_aranges
                0x00000250       0xd0 ./Sources/main.o
 .debug_aranges
                0x00000320       0x20 ./Sources/median.o
 .debug_aranges
                0x00000340       0x30 ./Sources/packet.o
 .debug_aranges
                0x00000370       0x50 ./Project_Settings/Startup_Code/startup.o
 .debug_aranges
                0x000003c0       0x38 ./Generated_Code/Cpu.o
 .debug_aranges
                0x000003f8       0x18 ./Generated_Code/Vectors.o
 .debug_aranges
                0x00000410       0xc8 D:\Embedded Software\es18aut13\Lab5\Library\libOS.a(OS.o)

.debug_ranges   0x00000000      0x3d0
 .debug_ranges  0x00000000       0x20 ./Sources/FIFO.o
 .debug_ranges  0x00000020       0x28 ./Sources/FTM.o
 .debug_ranges  0x00000048       0x50 ./Sources/Flash.o
 .debug_ranges  0x00000098       0x60 ./Sources/I2C.o
 .debug_ranges  0x000000f8       0x28 ./Sources/LEDs.o
 .debug_ranges  0x00000120       0x28 ./Sources/PIT.o
 .debug_ranges  0x00000148       0x28 ./Sources/RTC.o
 .debug_ranges  0x00000170       0x28 ./Sources/UART.o
 .debug_ranges  0x00000198       0x28 ./Sources/accel.o
 .debug_ranges  0x000001c0       0xc0 ./Sources/main.o
 .debug_ranges  0x00000280       0x10 ./Sources/median.o
 .debug_ranges  0x00000290       0x20 ./Sources/packet.o
 .debug_ranges  0x000002b0       0x40 ./Project_Settings/Startup_Code/startup.o
 .debug_ranges  0x000002f0       0x28 ./Generated_Code/Cpu.o
 .debug_ranges  0x00000318       0xb8 D:\Embedded Software\es18aut13\Lab5\Library\libOS.a(OS.o)

.debug_macro    0x00000000    0x1a57c
 .debug_macro   0x00000000       0x9d ./Sources/FIFO.o
 .debug_macro   0x0000009d       0x22 ./Sources/FIFO.o
 .debug_macro   0x000000bf       0x36 ./Sources/FIFO.o
 .debug_macro   0x000000f5     0x1800 ./Sources/FIFO.o
 .debug_macro   0x000018f5       0x8e ./Sources/FTM.o
 .debug_macro   0x00001983       0x76 ./Sources/Flash.o
 .debug_macro   0x000019f9       0x16 ./Sources/Flash.o
 .debug_macro   0x00001a0f    0x174af ./Sources/Flash.o
 .debug_macro   0x00018ebe       0x2e ./Sources/Flash.o
 .debug_macro   0x00018eec       0x9b ./Sources/I2C.o
 .debug_macro   0x00018f87       0x6d ./Sources/LEDs.o
 .debug_macro   0x00018ff4       0x97 ./Sources/PIT.o
 .debug_macro   0x0001908b       0x97 ./Sources/RTC.o
 .debug_macro   0x00019122       0xa4 ./Sources/UART.o
 .debug_macro   0x000191c6       0x10 ./Sources/UART.o
 .debug_macro   0x000191d6      0x1ff ./Sources/accel.o
 .debug_macro   0x000193d5       0x94 ./Sources/accel.o
 .debug_macro   0x00019469      0x128 ./Sources/main.o
 .debug_macro   0x00019591       0x3a ./Sources/main.o
 .debug_macro   0x000195cb       0x5f ./Sources/median.o
 .debug_macro   0x0001962a       0xa9 ./Sources/packet.o
 .debug_macro   0x000196d3      0x121 ./Project_Settings/Startup_Code/startup.o
 .debug_macro   0x000197f4       0x58 ./Project_Settings/Startup_Code/startup.o
 .debug_macro   0x0001984c       0x35 ./Project_Settings/Startup_Code/startup.o
 .debug_macro   0x00019881       0xa3 ./Project_Settings/Startup_Code/startup.o
 .debug_macro   0x00019924      0x166 ./Project_Settings/Startup_Code/startup.o
 .debug_macro   0x00019a8a       0x4a ./Project_Settings/Startup_Code/startup.o
 .debug_macro   0x00019ad4       0x52 ./Project_Settings/Startup_Code/startup.o
 .debug_macro   0x00019b26       0x16 ./Project_Settings/Startup_Code/startup.o
 .debug_macro   0x00019b3c       0x43 ./Project_Settings/Startup_Code/startup.o
 .debug_macro   0x00019b7f      0x180 ./Project_Settings/Startup_Code/startup.o
 .debug_macro   0x00019cff      0x2a6 ./Project_Settings/Startup_Code/startup.o
 .debug_macro   0x00019fa5       0x10 ./Project_Settings/Startup_Code/startup.o
 .debug_macro   0x00019fb5       0x35 ./Project_Settings/Startup_Code/startup.o
 .debug_macro   0x00019fea       0x16 ./Project_Settings/Startup_Code/startup.o
 .debug_macro   0x0001a000       0x22 ./Project_Settings/Startup_Code/startup.o
 .debug_macro   0x0001a022      0x20f ./Project_Settings/Startup_Code/startup.o
 .debug_macro   0x0001a231       0x70 ./Generated_Code/Cpu.o
 .debug_macro   0x0001a2a1       0x9a ./Generated_Code/Cpu.o
 .debug_macro   0x0001a33b       0xda ./Generated_Code/Vectors.o
 .debug_macro   0x0001a415       0x30 ./Generated_Code/Vectors.o
 .debug_macro   0x0001a445       0xa3 D:\Embedded Software\es18aut13\Lab5\Library\libOS.a(OS.o)
 .debug_macro   0x0001a4e8       0x94 D:\Embedded Software\es18aut13\Lab5\Library\libOS.a(OS.o)

.debug_line     0x00000000     0x30e8
 .debug_line    0x00000000      0x2a0 ./Sources/FIFO.o
 .debug_line    0x000002a0      0x2a5 ./Sources/FTM.o
 .debug_line    0x00000545      0x2cd ./Sources/Flash.o
 .debug_line    0x00000812      0x3c4 ./Sources/I2C.o
 .debug_line    0x00000bd6      0x22c ./Sources/LEDs.o
 .debug_line    0x00000e02      0x2b8 ./Sources/PIT.o
 .debug_line    0x000010ba      0x2bc ./Sources/RTC.o
 .debug_line    0x00001376      0x2e5 ./Sources/UART.o
 .debug_line    0x0000165b      0x2fd ./Sources/accel.o
 .debug_line    0x00001958      0x5fc ./Sources/main.o
 .debug_line    0x00001f54      0x1a3 ./Sources/median.o
 .debug_line    0x000020f7      0x2b1 ./Sources/packet.o
 .debug_line    0x000023a8      0x3c8 ./Project_Settings/Startup_Code/startup.o
 .debug_line    0x00002770      0x254 ./Generated_Code/Cpu.o
 .debug_line    0x000029c4      0x28e ./Generated_Code/Vectors.o
 .debug_line    0x00002c52      0x496 D:\Embedded Software\es18aut13\Lab5\Library\libOS.a(OS.o)

.debug_str      0x00000000    0x8f0ed
 .debug_str     0x00000000    0x8a0d8 ./Sources/FIFO.o
                              0x8a256 (size before relaxing)
 .debug_str     0x0008a0d8      0x3f4 ./Sources/FTM.o
                              0x8a49e (size before relaxing)
 .debug_str     0x0008a4cc      0x3ae ./Sources/Flash.o
                              0x83100 (size before relaxing)
 .debug_str     0x0008a87a      0x234 ./Sources/I2C.o
                              0x8a565 (size before relaxing)
 .debug_str     0x0008aaae       0xd3 ./Sources/LEDs.o
                              0x82ef3 (size before relaxing)
 .debug_str     0x0008ab81       0xb1 ./Sources/PIT.o
                              0x8a40a (size before relaxing)
 .debug_str     0x0008ac32       0x97 ./Sources/RTC.o
                              0x8a3a4 (size before relaxing)
 .debug_str     0x0008acc9      0x12a ./Sources/UART.o
                              0x8a4fd (size before relaxing)
 .debug_str     0x0008adf3      0xa7d ./Sources/accel.o
                              0x8afc4 (size before relaxing)
 .debug_str     0x0008b870      0xc1d ./Sources/main.o
                              0x8b3a5 (size before relaxing)
 .debug_str     0x0008c48d       0x2c ./Sources/median.o
                               0x2f8e (size before relaxing)
 .debug_str     0x0008c4b9       0x4f ./Sources/packet.o
                              0x8a600 (size before relaxing)
 .debug_str     0x0008c508     0x2663 ./Project_Settings/Startup_Code/startup.o
                              0x853ea (size before relaxing)
 .debug_str     0x0008eb6b      0x1e3 ./Generated_Code/Cpu.o
                              0x8a45c (size before relaxing)
 .debug_str     0x0008ed4e       0x1c ./Generated_Code/Vectors.o
                              0x8a2cb (size before relaxing)
 .debug_str     0x0008ed6a      0x383 D:\Embedded Software\es18aut13\Lab5\Library\libOS.a(OS.o)
                              0x8ad2a (size before relaxing)

.comment        0x00000000       0x70
 .comment       0x00000000       0x70 ./Sources/FIFO.o
                                 0x71 (size before relaxing)
 .comment       0x00000000       0x71 ./Sources/FTM.o
 .comment       0x00000000       0x71 ./Sources/Flash.o
 .comment       0x00000000       0x71 ./Sources/I2C.o
 .comment       0x00000000       0x71 ./Sources/LEDs.o
 .comment       0x00000000       0x71 ./Sources/PIT.o
 .comment       0x00000000       0x71 ./Sources/RTC.o
 .comment       0x00000000       0x71 ./Sources/UART.o
 .comment       0x00000000       0x71 ./Sources/accel.o
 .comment       0x00000000       0x71 ./Sources/main.o
 .comment       0x00000000       0x71 ./Sources/median.o
 .comment       0x00000000       0x71 ./Sources/packet.o
 .comment       0x00000000       0x71 ./Project_Settings/Startup_Code/startup.o
 .comment       0x00000000       0x71 ./Generated_Code/Cpu.o
 .comment       0x00000000       0x71 ./Generated_Code/Vectors.o
 .comment       0x00000000       0x71 D:\Embedded Software\es18aut13\Lab5\Library\libOS.a(OS.o)

.debug_frame    0x00000000      0xe30
 .debug_frame   0x00000000       0x70 ./Sources/FIFO.o
 .debug_frame   0x00000070       0x88 ./Sources/FTM.o
 .debug_frame   0x000000f8      0x128 ./Sources/Flash.o
 .debug_frame   0x00000220      0x148 ./Sources/I2C.o
 .debug_frame   0x00000368       0x7c ./Sources/LEDs.o
 .debug_frame   0x000003e4       0x8c ./Sources/PIT.o
 .debug_frame   0x00000470       0x8c ./Sources/RTC.o
 .debug_frame   0x000004fc       0x94 ./Sources/UART.o
 .debug_frame   0x00000590       0x94 ./Sources/accel.o
 .debug_frame   0x00000624      0x2d4 ./Sources/main.o
 .debug_frame   0x000008f8       0x2c ./Sources/median.o
 .debug_frame   0x00000924       0x70 ./Sources/packet.o
 .debug_frame   0x00000994       0xc0 ./Project_Settings/Startup_Code/startup.o
 .debug_frame   0x00000a54       0x80 ./Generated_Code/Cpu.o
 .debug_frame   0x00000ad4      0x2a0 D:\Embedded Software\es18aut13\Lab5\Library\libOS.a(OS.o)
 .debug_frame   0x00000d74       0x28 c:/freescale/kds_3.0.0/toolchain/bin/../lib/gcc/arm-none-eabi/4.8.4/../../../../arm-none-eabi/lib/armv7e-m/fpu\libg_s.a(lib_a-exit.o)
 .debug_frame   0x00000d9c       0x2c c:/freescale/kds_3.0.0/toolchain/bin/../lib/gcc/arm-none-eabi/4.8.4/../../../../arm-none-eabi/lib/armv7e-m/fpu\libg_s.a(lib_a-init.o)
 .debug_frame   0x00000dc8       0x28 c:/freescale/kds_3.0.0/toolchain/bin/../lib/gcc/arm-none-eabi/4.8.4/../../../../arm-none-eabi/lib/armv7e-m/fpu\libg_s.a(lib_a-memcpy-stub.o)
 .debug_frame   0x00000df0       0x20 c:/freescale/kds_3.0.0/toolchain/bin/../lib/gcc/arm-none-eabi/4.8.4/../../../../arm-none-eabi/lib/armv7e-m/fpu\libg_s.a(lib_a-memset.o)
 .debug_frame   0x00000e10       0x20 c:/freescale/kds_3.0.0/toolchain/bin/../lib/gcc/arm-none-eabi/4.8.4/../../../../arm-none-eabi/lib/armv7e-m/fpu\libnosys.a(_exit.o)
