Archive member included because of file (symbol)

C:\Users\12551519\Desktop\git\es18aut13\Lab5\Library\libOS.a(OS.o)
                              ./Sources/FIFO.o (OS_SemaphoreCreate)
c:/freescale/kds_3.0.0/toolchain/bin/../lib/gcc/arm-none-eabi/4.8.4/../../../../arm-none-eabi/lib/armv7e-m/fpu\libg_s.a(lib_a-exit.o)
                              c:/freescale/kds_3.0.0/toolchain/bin/../lib/gcc/arm-none-eabi/4.8.4/../../../../arm-none-eabi/lib/armv7e-m/fpu/crt0.o (exit)
c:/freescale/kds_3.0.0/toolchain/bin/../lib/gcc/arm-none-eabi/4.8.4/../../../../arm-none-eabi/lib/armv7e-m/fpu\libg_s.a(lib_a-impure.o)
                              c:/freescale/kds_3.0.0/toolchain/bin/../lib/gcc/arm-none-eabi/4.8.4/../../../../arm-none-eabi/lib/armv7e-m/fpu\libg_s.a(lib_a-exit.o) (_global_impure_ptr)
c:/freescale/kds_3.0.0/toolchain/bin/../lib/gcc/arm-none-eabi/4.8.4/../../../../arm-none-eabi/lib/armv7e-m/fpu\libg_s.a(lib_a-init.o)
                              c:/freescale/kds_3.0.0/toolchain/bin/../lib/gcc/arm-none-eabi/4.8.4/../../../../arm-none-eabi/lib/armv7e-m/fpu/crt0.o (__libc_init_array)
c:/freescale/kds_3.0.0/toolchain/bin/../lib/gcc/arm-none-eabi/4.8.4/../../../../arm-none-eabi/lib/armv7e-m/fpu\libg_s.a(lib_a-memcpy-stub.o)
                              ./Sources/I2C.o (memcpy)
c:/freescale/kds_3.0.0/toolchain/bin/../lib/gcc/arm-none-eabi/4.8.4/../../../../arm-none-eabi/lib/armv7e-m/fpu\libg_s.a(lib_a-memset.o)
                              c:/freescale/kds_3.0.0/toolchain/bin/../lib/gcc/arm-none-eabi/4.8.4/../../../../arm-none-eabi/lib/armv7e-m/fpu/crt0.o (memset)
c:/freescale/kds_3.0.0/toolchain/bin/../lib/gcc/arm-none-eabi/4.8.4/../../../../arm-none-eabi/lib/armv7e-m/fpu\libnosys.a(_exit.o)
                              c:/freescale/kds_3.0.0/toolchain/bin/../lib/gcc/arm-none-eabi/4.8.4/../../../../arm-none-eabi/lib/armv7e-m/fpu\libg_s.a(lib_a-exit.o) (_exit)

Allocating common symbols
Common symbol       size              file

NvTowerMd           0x4               ./Sources/main.o
NvTowerNb           0x4               ./Sources/main.o
Packet              0x5               ./Sources/packet.o
TxFIFO              0x110             ./Sources/UART.o
RxFIFO              0x110             ./Sources/UART.o
SR_reg              0x1               ./Generated_Code/Cpu.o
NvTowerPo           0x4               ./Sources/main.o
AccelNewData        0x3               ./Sources/main.o

Discarded input sections

 .text          0x00000000        0x0 c:/freescale/kds_3.0.0/toolchain/bin/../lib/gcc/arm-none-eabi/4.8.4/armv7e-m/fpu/crti.o
 .data          0x00000000        0x0 c:/freescale/kds_3.0.0/toolchain/bin/../lib/gcc/arm-none-eabi/4.8.4/armv7e-m/fpu/crti.o
 .bss           0x00000000        0x0 c:/freescale/kds_3.0.0/toolchain/bin/../lib/gcc/arm-none-eabi/4.8.4/armv7e-m/fpu/crti.o
 .data          0x00000000        0x4 c:/freescale/kds_3.0.0/toolchain/bin/../lib/gcc/arm-none-eabi/4.8.4/armv7e-m/fpu/crtbegin.o
 .data          0x00000000        0x0 c:/freescale/kds_3.0.0/toolchain/bin/../lib/gcc/arm-none-eabi/4.8.4/../../../../arm-none-eabi/lib/armv7e-m/fpu/crt0.o
 .bss           0x00000000        0x0 c:/freescale/kds_3.0.0/toolchain/bin/../lib/gcc/arm-none-eabi/4.8.4/../../../../arm-none-eabi/lib/armv7e-m/fpu/crt0.o
 .ARM.extab     0x00000000        0x0 c:/freescale/kds_3.0.0/toolchain/bin/../lib/gcc/arm-none-eabi/4.8.4/../../../../arm-none-eabi/lib/armv7e-m/fpu/crt0.o
 .group         0x00000000        0x8 ./Sources/Events.o
 .group         0x00000000        0x8 ./Sources/Events.o
 .group         0x00000000        0x8 ./Sources/Events.o
 .group         0x00000000        0x8 ./Sources/Events.o
 .group         0x00000000        0x8 ./Sources/Events.o
 .group         0x00000000        0x8 ./Sources/Events.o
 .group         0x00000000        0x8 ./Sources/Events.o
 .group         0x00000000        0x8 ./Sources/Events.o
 .group         0x00000000        0x8 ./Sources/Events.o
 .text          0x00000000        0x0 ./Sources/Events.o
 .data          0x00000000        0x0 ./Sources/Events.o
 .bss           0x00000000        0x0 ./Sources/Events.o
 .debug_info    0x00000000       0x7d ./Sources/Events.o
 .debug_abbrev  0x00000000       0x29 ./Sources/Events.o
 .debug_aranges
                0x00000000       0x18 ./Sources/Events.o
 .debug_macro   0x00000000       0x97 ./Sources/Events.o
 .debug_macro   0x00000000      0x850 ./Sources/Events.o
 .debug_macro   0x00000000       0x16 ./Sources/Events.o
 .debug_macro   0x00000000       0x44 ./Sources/Events.o
 .debug_macro   0x00000000      0x209 ./Sources/Events.o
 .debug_macro   0x00000000     0x17fa ./Sources/Events.o
 .debug_macro   0x00000000    0x174c1 ./Sources/Events.o
 .debug_macro   0x00000000       0x94 ./Sources/Events.o
 .debug_macro   0x00000000      0x14e ./Sources/Events.o
 .debug_macro   0x00000000       0x64 ./Sources/Events.o
 .debug_line    0x00000000      0x238 ./Sources/Events.o
 .debug_str     0x00000000    0x8a5e4 ./Sources/Events.o
 .comment       0x00000000       0x71 ./Sources/Events.o
 .ARM.attributes
                0x00000000       0x39 ./Sources/Events.o
 .group         0x00000000        0x8 ./Sources/FIFO.o
 .group         0x00000000        0x8 ./Sources/FIFO.o
 .group         0x00000000        0x8 ./Sources/FIFO.o
 .group         0x00000000        0x8 ./Sources/FIFO.o
 .group         0x00000000        0x8 ./Sources/FIFO.o
 .group         0x00000000        0x8 ./Sources/FIFO.o
 .group         0x00000000        0x8 ./Sources/FIFO.o
 .group         0x00000000        0x8 ./Sources/FIFO.o
 .group         0x00000000        0x8 ./Sources/FIFO.o
 .text          0x00000000        0x0 ./Sources/FIFO.o
 .data          0x00000000        0x0 ./Sources/FIFO.o
 .bss           0x00000000        0x0 ./Sources/FIFO.o
 .debug_macro   0x00000000      0x850 ./Sources/FIFO.o
 .debug_macro   0x00000000       0x16 ./Sources/FIFO.o
 .debug_macro   0x00000000       0x44 ./Sources/FIFO.o
 .debug_macro   0x00000000      0x209 ./Sources/FIFO.o
 .debug_macro   0x00000000    0x174c1 ./Sources/FIFO.o
 .debug_macro   0x00000000       0x94 ./Sources/FIFO.o
 .group         0x00000000        0x8 ./Sources/FTM.o
 .group         0x00000000        0x8 ./Sources/FTM.o
 .group         0x00000000        0x8 ./Sources/FTM.o
 .group         0x00000000        0x8 ./Sources/FTM.o
 .group         0x00000000        0x8 ./Sources/FTM.o
 .group         0x00000000        0x8 ./Sources/FTM.o
 .group         0x00000000        0x8 ./Sources/FTM.o
 .group         0x00000000        0x8 ./Sources/FTM.o
 .text          0x00000000        0x0 ./Sources/FTM.o
 .data          0x00000000        0x0 ./Sources/FTM.o
 .bss           0x00000000        0x0 ./Sources/FTM.o
 .debug_macro   0x00000000      0x850 ./Sources/FTM.o
 .debug_macro   0x00000000       0x16 ./Sources/FTM.o
 .debug_macro   0x00000000       0x44 ./Sources/FTM.o
 .debug_macro   0x00000000      0x209 ./Sources/FTM.o
 .debug_macro   0x00000000       0x22 ./Sources/FTM.o
 .debug_macro   0x00000000    0x174c1 ./Sources/FTM.o
 .debug_macro   0x00000000     0x1800 ./Sources/FTM.o
 .debug_macro   0x00000000       0x94 ./Sources/FTM.o
 .group         0x00000000        0x8 ./Sources/Flash.o
 .group         0x00000000        0x8 ./Sources/Flash.o
 .group         0x00000000        0x8 ./Sources/Flash.o
 .group         0x00000000        0x8 ./Sources/Flash.o
 .group         0x00000000        0x8 ./Sources/Flash.o
 .group         0x00000000        0x8 ./Sources/Flash.o
 .group         0x00000000        0x8 ./Sources/Flash.o
 .group         0x00000000        0x8 ./Sources/Flash.o
 .text          0x00000000        0x0 ./Sources/Flash.o
 .data          0x00000000        0x0 ./Sources/Flash.o
 .bss           0x00000000        0x0 ./Sources/Flash.o
 .rodata.PROGRAM_PHRASE
                0x00000000        0x1 ./Sources/Flash.o
 .rodata.ERASE_FLASH_SECTOR
                0x00000000        0x1 ./Sources/Flash.o
 .debug_macro   0x00000000      0x850 ./Sources/Flash.o
 .debug_macro   0x00000000       0x16 ./Sources/Flash.o
 .debug_macro   0x00000000       0x44 ./Sources/Flash.o
 .debug_macro   0x00000000      0x209 ./Sources/Flash.o
 .debug_macro   0x00000000       0x22 ./Sources/Flash.o
 .group         0x00000000        0x8 ./Sources/I2C.o
 .group         0x00000000        0x8 ./Sources/I2C.o
 .group         0x00000000        0x8 ./Sources/I2C.o
 .group         0x00000000        0x8 ./Sources/I2C.o
 .group         0x00000000        0x8 ./Sources/I2C.o
 .group         0x00000000        0x8 ./Sources/I2C.o
 .group         0x00000000        0x8 ./Sources/I2C.o
 .group         0x00000000        0x8 ./Sources/I2C.o
 .text          0x00000000        0x0 ./Sources/I2C.o
 .data          0x00000000        0x0 ./Sources/I2C.o
 .bss           0x00000000        0x0 ./Sources/I2C.o
 .text.I2C_SelectSlaveDevice
                0x00000000       0x20 ./Sources/I2C.o
 .text.I2C_PollRead
                0x00000000       0xec ./Sources/I2C.o
 .debug_macro   0x00000000      0x850 ./Sources/I2C.o
 .debug_macro   0x00000000       0x16 ./Sources/I2C.o
 .debug_macro   0x00000000       0x44 ./Sources/I2C.o
 .debug_macro   0x00000000      0x209 ./Sources/I2C.o
 .debug_macro   0x00000000       0x22 ./Sources/I2C.o
 .debug_macro   0x00000000    0x174c1 ./Sources/I2C.o
 .debug_macro   0x00000000     0x1800 ./Sources/I2C.o
 .debug_macro   0x00000000       0x94 ./Sources/I2C.o
 .group         0x00000000        0x8 ./Sources/LEDs.o
 .group         0x00000000        0x8 ./Sources/LEDs.o
 .group         0x00000000        0x8 ./Sources/LEDs.o
 .group         0x00000000        0x8 ./Sources/LEDs.o
 .group         0x00000000        0x8 ./Sources/LEDs.o
 .group         0x00000000        0x8 ./Sources/LEDs.o
 .group         0x00000000        0x8 ./Sources/LEDs.o
 .text          0x00000000        0x0 ./Sources/LEDs.o
 .data          0x00000000        0x0 ./Sources/LEDs.o
 .bss           0x00000000        0x0 ./Sources/LEDs.o
 .debug_macro   0x00000000      0x850 ./Sources/LEDs.o
 .debug_macro   0x00000000       0x16 ./Sources/LEDs.o
 .debug_macro   0x00000000       0x16 ./Sources/LEDs.o
 .debug_macro   0x00000000       0x44 ./Sources/LEDs.o
 .debug_macro   0x00000000      0x209 ./Sources/LEDs.o
 .debug_macro   0x00000000    0x174af ./Sources/LEDs.o
 .debug_macro   0x00000000       0x22 ./Sources/LEDs.o
 .group         0x00000000        0x8 ./Sources/PIT.o
 .group         0x00000000        0x8 ./Sources/PIT.o
 .group         0x00000000        0x8 ./Sources/PIT.o
 .group         0x00000000        0x8 ./Sources/PIT.o
 .group         0x00000000        0x8 ./Sources/PIT.o
 .group         0x00000000        0x8 ./Sources/PIT.o
 .group         0x00000000        0x8 ./Sources/PIT.o
 .group         0x00000000        0x8 ./Sources/PIT.o
 .text          0x00000000        0x0 ./Sources/PIT.o
 .data          0x00000000        0x0 ./Sources/PIT.o
 .bss           0x00000000        0x0 ./Sources/PIT.o
 .debug_macro   0x00000000      0x850 ./Sources/PIT.o
 .debug_macro   0x00000000       0x16 ./Sources/PIT.o
 .debug_macro   0x00000000       0x44 ./Sources/PIT.o
 .debug_macro   0x00000000      0x209 ./Sources/PIT.o
 .debug_macro   0x00000000       0x22 ./Sources/PIT.o
 .debug_macro   0x00000000    0x174c1 ./Sources/PIT.o
 .debug_macro   0x00000000     0x1800 ./Sources/PIT.o
 .debug_macro   0x00000000       0x94 ./Sources/PIT.o
 .group         0x00000000        0x8 ./Sources/RTC.o
 .group         0x00000000        0x8 ./Sources/RTC.o
 .group         0x00000000        0x8 ./Sources/RTC.o
 .group         0x00000000        0x8 ./Sources/RTC.o
 .group         0x00000000        0x8 ./Sources/RTC.o
 .group         0x00000000        0x8 ./Sources/RTC.o
 .group         0x00000000        0x8 ./Sources/RTC.o
 .group         0x00000000        0x8 ./Sources/RTC.o
 .text          0x00000000        0x0 ./Sources/RTC.o
 .data          0x00000000        0x0 ./Sources/RTC.o
 .bss           0x00000000        0x0 ./Sources/RTC.o
 .debug_macro   0x00000000      0x850 ./Sources/RTC.o
 .debug_macro   0x00000000       0x16 ./Sources/RTC.o
 .debug_macro   0x00000000       0x44 ./Sources/RTC.o
 .debug_macro   0x00000000      0x209 ./Sources/RTC.o
 .debug_macro   0x00000000       0x22 ./Sources/RTC.o
 .debug_macro   0x00000000    0x174c1 ./Sources/RTC.o
 .debug_macro   0x00000000     0x1800 ./Sources/RTC.o
 .debug_macro   0x00000000       0x94 ./Sources/RTC.o
 .group         0x00000000        0x8 ./Sources/UART.o
 .group         0x00000000        0x8 ./Sources/UART.o
 .group         0x00000000        0x8 ./Sources/UART.o
 .group         0x00000000        0x8 ./Sources/UART.o
 .group         0x00000000        0x8 ./Sources/UART.o
 .group         0x00000000        0x8 ./Sources/UART.o
 .group         0x00000000        0x8 ./Sources/UART.o
 .group         0x00000000        0x8 ./Sources/UART.o
 .group         0x00000000        0x8 ./Sources/UART.o
 .text          0x00000000        0x0 ./Sources/UART.o
 .data          0x00000000        0x0 ./Sources/UART.o
 .bss           0x00000000        0x0 ./Sources/UART.o
 .debug_macro   0x00000000      0x850 ./Sources/UART.o
 .debug_macro   0x00000000       0x16 ./Sources/UART.o
 .debug_macro   0x00000000       0x44 ./Sources/UART.o
 .debug_macro   0x00000000      0x209 ./Sources/UART.o
 .debug_macro   0x00000000       0x22 ./Sources/UART.o
 .debug_macro   0x00000000       0x36 ./Sources/UART.o
 .debug_macro   0x00000000    0x174c1 ./Sources/UART.o
 .debug_macro   0x00000000     0x1800 ./Sources/UART.o
 .debug_macro   0x00000000       0x94 ./Sources/UART.o
 .group         0x00000000        0x8 ./Sources/accel.o
 .group         0x00000000        0x8 ./Sources/accel.o
 .group         0x00000000        0x8 ./Sources/accel.o
 .group         0x00000000        0x8 ./Sources/accel.o
 .group         0x00000000        0x8 ./Sources/accel.o
 .group         0x00000000        0x8 ./Sources/accel.o
 .group         0x00000000        0x8 ./Sources/accel.o
 .group         0x00000000        0x8 ./Sources/accel.o
 .text          0x00000000        0x0 ./Sources/accel.o
 .data          0x00000000        0x0 ./Sources/accel.o
 .bss           0x00000000        0x0 ./Sources/accel.o
 .bss.INT_SOURCE_Union
                0x00000000        0x4 ./Sources/accel.o
 .bss.CTRL_REG3_Union
                0x00000000        0x4 ./Sources/accel.o
 .debug_macro   0x00000000      0x850 ./Sources/accel.o
 .debug_macro   0x00000000       0x16 ./Sources/accel.o
 .debug_macro   0x00000000       0x44 ./Sources/accel.o
 .debug_macro   0x00000000      0x209 ./Sources/accel.o
 .debug_macro   0x00000000       0x22 ./Sources/accel.o
 .debug_macro   0x00000000    0x174c1 ./Sources/accel.o
 .debug_macro   0x00000000     0x1800 ./Sources/accel.o
 .group         0x00000000        0x8 ./Sources/main.o
 .group         0x00000000        0x8 ./Sources/main.o
 .group         0x00000000        0x8 ./Sources/main.o
 .group         0x00000000        0x8 ./Sources/main.o
 .group         0x00000000        0x8 ./Sources/main.o
 .group         0x00000000        0x8 ./Sources/main.o
 .group         0x00000000        0x8 ./Sources/main.o
 .group         0x00000000        0x8 ./Sources/main.o
 .group         0x00000000        0x8 ./Sources/main.o
 .group         0x00000000        0x8 ./Sources/main.o
 .group         0x00000000        0x8 ./Sources/main.o
 .group         0x00000000        0x8 ./Sources/main.o
 .group         0x00000000        0x8 ./Sources/main.o
 .group         0x00000000        0x8 ./Sources/main.o
 .text          0x00000000        0x0 ./Sources/main.o
 .data          0x00000000        0x0 ./Sources/main.o
 .bss           0x00000000        0x0 ./Sources/main.o
 .rodata.PROGRAM_PHRASE
                0x00000000        0x1 ./Sources/main.o
 .rodata.ERASE_FLASH_SECTOR
                0x00000000        0x1 ./Sources/main.o
 .rodata.PERIOD_LED_GREEN
                0x00000000        0x4 ./Sources/main.o
 .rodata.COMMAND_STARTUP
                0x00000000        0x1 ./Sources/main.o
 .rodata.COMMAND_VER
                0x00000000        0x1 ./Sources/main.o
 .rodata.COMMAND_NUM
                0x00000000        0x1 ./Sources/main.o
 .rodata.COMMAND_PROGRAMBYTE
                0x00000000        0x1 ./Sources/main.o
 .rodata.COMMAND_READBYTE
                0x00000000        0x1 ./Sources/main.o
 .rodata.COMMAND_MODE
                0x00000000        0x1 ./Sources/main.o
 .rodata.COMMAND_TIME
                0x00000000        0x1 ./Sources/main.o
 .rodata.COMMAND_PROTOCOL
                0x00000000        0x1 ./Sources/main.o
 .rodata.COMMAND_ACCEL
                0x00000000        0x1 ./Sources/main.o
 .rodata.PARAM_GET
                0x00000000        0x1 ./Sources/main.o
 .rodata.PARAM_SET
                0x00000000        0x1 ./Sources/main.o
 .rodata.TOWER_VER_MAJ
                0x00000000        0x1 ./Sources/main.o
 .rodata.TOWER_VER_MIN
                0x00000000        0x1 ./Sources/main.o
 .debug_macro   0x00000000      0x850 ./Sources/main.o
 .debug_macro   0x00000000       0x16 ./Sources/main.o
 .debug_macro   0x00000000       0x44 ./Sources/main.o
 .debug_macro   0x00000000      0x209 ./Sources/main.o
 .debug_macro   0x00000000       0x22 ./Sources/main.o
 .debug_macro   0x00000000     0x1800 ./Sources/main.o
 .debug_macro   0x00000000    0x174c1 ./Sources/main.o
 .debug_macro   0x00000000       0x94 ./Sources/main.o
 .debug_macro   0x00000000       0x36 ./Sources/main.o
 .debug_macro   0x00000000      0x14e ./Sources/main.o
 .debug_macro   0x00000000       0x64 ./Sources/main.o
 .debug_macro   0x00000000       0x2e ./Sources/main.o
 .group         0x00000000        0x8 ./Sources/median.o
 .group         0x00000000        0x8 ./Sources/median.o
 .group         0x00000000        0x8 ./Sources/median.o
 .group         0x00000000        0x8 ./Sources/median.o
 .group         0x00000000        0x8 ./Sources/median.o
 .text          0x00000000        0x0 ./Sources/median.o
 .data          0x00000000        0x0 ./Sources/median.o
 .bss           0x00000000        0x0 ./Sources/median.o
 .debug_macro   0x00000000      0x850 ./Sources/median.o
 .debug_macro   0x00000000       0x16 ./Sources/median.o
 .debug_macro   0x00000000       0x44 ./Sources/median.o
 .debug_macro   0x00000000      0x209 ./Sources/median.o
 .debug_macro   0x00000000       0x22 ./Sources/median.o
 .group         0x00000000        0x8 ./Sources/packet.o
 .group         0x00000000        0x8 ./Sources/packet.o
 .group         0x00000000        0x8 ./Sources/packet.o
 .group         0x00000000        0x8 ./Sources/packet.o
 .group         0x00000000        0x8 ./Sources/packet.o
 .group         0x00000000        0x8 ./Sources/packet.o
 .text          0x00000000        0x0 ./Sources/packet.o
 .data          0x00000000        0x0 ./Sources/packet.o
 .bss           0x00000000        0x0 ./Sources/packet.o
 .debug_macro   0x00000000      0x850 ./Sources/packet.o
 .debug_macro   0x00000000       0x16 ./Sources/packet.o
 .debug_macro   0x00000000       0x44 ./Sources/packet.o
 .debug_macro   0x00000000      0x209 ./Sources/packet.o
 .debug_macro   0x00000000       0x22 ./Sources/packet.o
 .debug_macro   0x00000000       0x3a ./Sources/packet.o
 .group         0x00000000        0x8 ./Project_Settings/Startup_Code/startup.o
 .group         0x00000000        0x8 ./Project_Settings/Startup_Code/startup.o
 .group         0x00000000        0x8 ./Project_Settings/Startup_Code/startup.o
 .group         0x00000000        0x8 ./Project_Settings/Startup_Code/startup.o
 .group         0x00000000        0x8 ./Project_Settings/Startup_Code/startup.o
 .group         0x00000000        0x8 ./Project_Settings/Startup_Code/startup.o
 .group         0x00000000        0x8 ./Project_Settings/Startup_Code/startup.o
 .group         0x00000000        0x8 ./Project_Settings/Startup_Code/startup.o
 .group         0x00000000        0x8 ./Project_Settings/Startup_Code/startup.o
 .group         0x00000000        0x8 ./Project_Settings/Startup_Code/startup.o
 .group         0x00000000        0x8 ./Project_Settings/Startup_Code/startup.o
 .group         0x00000000        0x8 ./Project_Settings/Startup_Code/startup.o
 .group         0x00000000        0x8 ./Project_Settings/Startup_Code/startup.o
 .group         0x00000000        0x8 ./Project_Settings/Startup_Code/startup.o
 .group         0x00000000        0x8 ./Project_Settings/Startup_Code/startup.o
 .group         0x00000000        0x8 ./Project_Settings/Startup_Code/startup.o
 .group         0x00000000        0x8 ./Project_Settings/Startup_Code/startup.o
 .group         0x00000000        0x8 ./Project_Settings/Startup_Code/startup.o
 .group         0x00000000        0x8 ./Project_Settings/Startup_Code/startup.o
 .text          0x00000000        0x0 ./Project_Settings/Startup_Code/startup.o
 .data          0x00000000        0x0 ./Project_Settings/Startup_Code/startup.o
 .bss           0x00000000        0x0 ./Project_Settings/Startup_Code/startup.o
 .text.__init_hardware
                0x00000000        0xc ./Project_Settings/Startup_Code/startup.o
 .text.__iar_program_start
                0x00000000        0xc ./Project_Settings/Startup_Code/startup.o
 .debug_macro   0x00000000      0x850 ./Project_Settings/Startup_Code/startup.o
 .debug_macro   0x00000000       0x16 ./Project_Settings/Startup_Code/startup.o
 .debug_macro   0x00000000       0x16 ./Project_Settings/Startup_Code/startup.o
 .debug_macro   0x00000000    0x174af ./Project_Settings/Startup_Code/startup.o
 .group         0x00000000        0x8 ./Generated_Code/Cpu.o
 .group         0x00000000        0x8 ./Generated_Code/Cpu.o
 .group         0x00000000        0x8 ./Generated_Code/Cpu.o
 .group         0x00000000        0x8 ./Generated_Code/Cpu.o
 .group         0x00000000        0x8 ./Generated_Code/Cpu.o
 .group         0x00000000        0x8 ./Generated_Code/Cpu.o
 .group         0x00000000        0x8 ./Generated_Code/Cpu.o
 .text          0x00000000        0x0 ./Generated_Code/Cpu.o
 .data          0x00000000        0x0 ./Generated_Code/Cpu.o
 .bss           0x00000000        0x0 ./Generated_Code/Cpu.o
 .debug_macro   0x00000000      0x850 ./Generated_Code/Cpu.o
 .debug_macro   0x00000000       0x16 ./Generated_Code/Cpu.o
 .debug_macro   0x00000000       0x44 ./Generated_Code/Cpu.o
 .debug_macro   0x00000000      0x209 ./Generated_Code/Cpu.o
 .debug_macro   0x00000000     0x17fa ./Generated_Code/Cpu.o
 .debug_macro   0x00000000    0x174c1 ./Generated_Code/Cpu.o
 .group         0x00000000        0x8 ./Generated_Code/Vectors.o
 .group         0x00000000        0x8 ./Generated_Code/Vectors.o
 .group         0x00000000        0x8 ./Generated_Code/Vectors.o
 .group         0x00000000        0x8 ./Generated_Code/Vectors.o
 .group         0x00000000        0x8 ./Generated_Code/Vectors.o
 .group         0x00000000        0x8 ./Generated_Code/Vectors.o
 .group         0x00000000        0x8 ./Generated_Code/Vectors.o
 .group         0x00000000        0x8 ./Generated_Code/Vectors.o
 .group         0x00000000        0x8 ./Generated_Code/Vectors.o
 .text          0x00000000        0x0 ./Generated_Code/Vectors.o
 .data          0x00000000        0x0 ./Generated_Code/Vectors.o
 .bss           0x00000000        0x0 ./Generated_Code/Vectors.o
 .debug_macro   0x00000000      0x850 ./Generated_Code/Vectors.o
 .debug_macro   0x00000000       0x16 ./Generated_Code/Vectors.o
 .debug_macro   0x00000000       0x44 ./Generated_Code/Vectors.o
 .debug_macro   0x00000000      0x209 ./Generated_Code/Vectors.o
 .debug_macro   0x00000000     0x17fa ./Generated_Code/Vectors.o
 .debug_macro   0x00000000    0x174c1 ./Generated_Code/Vectors.o
 .debug_macro   0x00000000       0x94 ./Generated_Code/Vectors.o
 .debug_macro   0x00000000       0x22 ./Generated_Code/Vectors.o
 .group         0x00000000        0x8 C:\Users\12551519\Desktop\git\es18aut13\Lab5\Library\libOS.a(OS.o)
 .group         0x00000000        0x8 C:\Users\12551519\Desktop\git\es18aut13\Lab5\Library\libOS.a(OS.o)
 .group         0x00000000        0x8 C:\Users\12551519\Desktop\git\es18aut13\Lab5\Library\libOS.a(OS.o)
 .group         0x00000000        0x8 C:\Users\12551519\Desktop\git\es18aut13\Lab5\Library\libOS.a(OS.o)
 .group         0x00000000        0x8 C:\Users\12551519\Desktop\git\es18aut13\Lab5\Library\libOS.a(OS.o)
 .group         0x00000000        0x8 C:\Users\12551519\Desktop\git\es18aut13\Lab5\Library\libOS.a(OS.o)
 .group         0x00000000        0x8 C:\Users\12551519\Desktop\git\es18aut13\Lab5\Library\libOS.a(OS.o)
 .group         0x00000000        0x8 C:\Users\12551519\Desktop\git\es18aut13\Lab5\Library\libOS.a(OS.o)
 .group         0x00000000        0x8 C:\Users\12551519\Desktop\git\es18aut13\Lab5\Library\libOS.a(OS.o)
 .group         0x00000000        0x8 C:\Users\12551519\Desktop\git\es18aut13\Lab5\Library\libOS.a(OS.o)
 .group         0x00000000        0x8 C:\Users\12551519\Desktop\git\es18aut13\Lab5\Library\libOS.a(OS.o)
 .text          0x00000000        0x0 C:\Users\12551519\Desktop\git\es18aut13\Lab5\Library\libOS.a(OS.o)
 .data          0x00000000        0x0 C:\Users\12551519\Desktop\git\es18aut13\Lab5\Library\libOS.a(OS.o)
 .bss           0x00000000        0x0 C:\Users\12551519\Desktop\git\es18aut13\Lab5\Library\libOS.a(OS.o)
 .rodata.OS_TICK_FREQUENCY
                0x00000000        0x4 C:\Users\12551519\Desktop\git\es18aut13\Lab5\Library\libOS.a(OS.o)
 .bss.TCBUnusedMain
                0x00000000       0x18 C:\Users\12551519\Desktop\git\es18aut13\Lab5\Library\libOS.a(OS.o)
 .bss.TCBTable  0x00000000      0x300 C:\Users\12551519\Desktop\git\es18aut13\Lab5\Library\libOS.a(OS.o)
 .bss.pTCBFreeList
                0x00000000        0x4 C:\Users\12551519\Desktop\git\es18aut13\Lab5\Library\libOS.a(OS.o)
 .bss.IdleCounter
                0x00000000        0x4 C:\Users\12551519\Desktop\git\es18aut13\Lab5\Library\libOS.a(OS.o)
 .bss.IdleStack
                0x00000000      0x400 C:\Users\12551519\Desktop\git\es18aut13\Lab5\Library\libOS.a(OS.o)
 .text.OS_Init  0x00000000      0x110 C:\Users\12551519\Desktop\git\es18aut13\Lab5\Library\libOS.a(OS.o)
 .text.OS_Start
                0x00000000       0x10 C:\Users\12551519\Desktop\git\es18aut13\Lab5\Library\libOS.a(OS.o)
 .text.OS_ThreadCreate
                0x00000000      0x160 C:\Users\12551519\Desktop\git\es18aut13\Lab5\Library\libOS.a(OS.o)
 .text.OS_ThreadDelete
                0x00000000      0x18c C:\Users\12551519\Desktop\git\es18aut13\Lab5\Library\libOS.a(OS.o)
 .text.OS_TimeDelay
                0x00000000       0x48 C:\Users\12551519\Desktop\git\es18aut13\Lab5\Library\libOS.a(OS.o)
 .text.OS_TimeGet
                0x00000000       0x24 C:\Users\12551519\Desktop\git\es18aut13\Lab5\Library\libOS.a(OS.o)
 .text.OS_TimeSet
                0x00000000       0x20 C:\Users\12551519\Desktop\git\es18aut13\Lab5\Library\libOS.a(OS.o)
 .text.Idle     0x00000000       0x18 C:\Users\12551519\Desktop\git\es18aut13\Lab5\Library\libOS.a(OS.o)
 .text.TCBInit  0x00000000       0xcc C:\Users\12551519\Desktop\git\es18aut13\Lab5\Library\libOS.a(OS.o)
 .debug_macro   0x00000000      0x850 C:\Users\12551519\Desktop\git\es18aut13\Lab5\Library\libOS.a(OS.o)
 .debug_macro   0x00000000       0x16 C:\Users\12551519\Desktop\git\es18aut13\Lab5\Library\libOS.a(OS.o)
 .debug_macro   0x00000000       0x44 C:\Users\12551519\Desktop\git\es18aut13\Lab5\Library\libOS.a(OS.o)
 .debug_macro   0x00000000      0x209 C:\Users\12551519\Desktop\git\es18aut13\Lab5\Library\libOS.a(OS.o)
 .debug_macro   0x00000000     0x17fa C:\Users\12551519\Desktop\git\es18aut13\Lab5\Library\libOS.a(OS.o)
 .debug_macro   0x00000000      0x14e C:\Users\12551519\Desktop\git\es18aut13\Lab5\Library\libOS.a(OS.o)
 .debug_macro   0x00000000       0x64 C:\Users\12551519\Desktop\git\es18aut13\Lab5\Library\libOS.a(OS.o)
 .debug_macro   0x00000000    0x174c1 C:\Users\12551519\Desktop\git\es18aut13\Lab5\Library\libOS.a(OS.o)
 .debug_macro   0x00000000       0x22 C:\Users\12551519\Desktop\git\es18aut13\Lab5\Library\libOS.a(OS.o)
 .debug_macro   0x00000000       0x30 C:\Users\12551519\Desktop\git\es18aut13\Lab5\Library\libOS.a(OS.o)
 .text          0x00000000        0x0 c:/freescale/kds_3.0.0/toolchain/bin/../lib/gcc/arm-none-eabi/4.8.4/../../../../arm-none-eabi/lib/armv7e-m/fpu\libg_s.a(lib_a-exit.o)
 .data          0x00000000        0x0 c:/freescale/kds_3.0.0/toolchain/bin/../lib/gcc/arm-none-eabi/4.8.4/../../../../arm-none-eabi/lib/armv7e-m/fpu\libg_s.a(lib_a-exit.o)
 .bss           0x00000000        0x0 c:/freescale/kds_3.0.0/toolchain/bin/../lib/gcc/arm-none-eabi/4.8.4/../../../../arm-none-eabi/lib/armv7e-m/fpu\libg_s.a(lib_a-exit.o)
 .text          0x00000000        0x0 c:/freescale/kds_3.0.0/toolchain/bin/../lib/gcc/arm-none-eabi/4.8.4/../../../../arm-none-eabi/lib/armv7e-m/fpu\libg_s.a(lib_a-impure.o)
 .data          0x00000000        0x0 c:/freescale/kds_3.0.0/toolchain/bin/../lib/gcc/arm-none-eabi/4.8.4/../../../../arm-none-eabi/lib/armv7e-m/fpu\libg_s.a(lib_a-impure.o)
 .bss           0x00000000        0x0 c:/freescale/kds_3.0.0/toolchain/bin/../lib/gcc/arm-none-eabi/4.8.4/../../../../arm-none-eabi/lib/armv7e-m/fpu\libg_s.a(lib_a-impure.o)
 .data._impure_ptr
                0x00000000        0x4 c:/freescale/kds_3.0.0/toolchain/bin/../lib/gcc/arm-none-eabi/4.8.4/../../../../arm-none-eabi/lib/armv7e-m/fpu\libg_s.a(lib_a-impure.o)
 .text          0x00000000        0x0 c:/freescale/kds_3.0.0/toolchain/bin/../lib/gcc/arm-none-eabi/4.8.4/../../../../arm-none-eabi/lib/armv7e-m/fpu\libg_s.a(lib_a-init.o)
 .data          0x00000000        0x0 c:/freescale/kds_3.0.0/toolchain/bin/../lib/gcc/arm-none-eabi/4.8.4/../../../../arm-none-eabi/lib/armv7e-m/fpu\libg_s.a(lib_a-init.o)
 .bss           0x00000000        0x0 c:/freescale/kds_3.0.0/toolchain/bin/../lib/gcc/arm-none-eabi/4.8.4/../../../../arm-none-eabi/lib/armv7e-m/fpu\libg_s.a(lib_a-init.o)
 .text          0x00000000        0x0 c:/freescale/kds_3.0.0/toolchain/bin/../lib/gcc/arm-none-eabi/4.8.4/../../../../arm-none-eabi/lib/armv7e-m/fpu\libg_s.a(lib_a-memcpy-stub.o)
 .data          0x00000000        0x0 c:/freescale/kds_3.0.0/toolchain/bin/../lib/gcc/arm-none-eabi/4.8.4/../../../../arm-none-eabi/lib/armv7e-m/fpu\libg_s.a(lib_a-memcpy-stub.o)
 .bss           0x00000000        0x0 c:/freescale/kds_3.0.0/toolchain/bin/../lib/gcc/arm-none-eabi/4.8.4/../../../../arm-none-eabi/lib/armv7e-m/fpu\libg_s.a(lib_a-memcpy-stub.o)
 .text          0x00000000        0x0 c:/freescale/kds_3.0.0/toolchain/bin/../lib/gcc/arm-none-eabi/4.8.4/../../../../arm-none-eabi/lib/armv7e-m/fpu\libg_s.a(lib_a-memset.o)
 .data          0x00000000        0x0 c:/freescale/kds_3.0.0/toolchain/bin/../lib/gcc/arm-none-eabi/4.8.4/../../../../arm-none-eabi/lib/armv7e-m/fpu\libg_s.a(lib_a-memset.o)
 .bss           0x00000000        0x0 c:/freescale/kds_3.0.0/toolchain/bin/../lib/gcc/arm-none-eabi/4.8.4/../../../../arm-none-eabi/lib/armv7e-m/fpu\libg_s.a(lib_a-memset.o)
 .text          0x00000000        0x0 c:/freescale/kds_3.0.0/toolchain/bin/../lib/gcc/arm-none-eabi/4.8.4/../../../../arm-none-eabi/lib/armv7e-m/fpu\libnosys.a(_exit.o)
 .data          0x00000000        0x0 c:/freescale/kds_3.0.0/toolchain/bin/../lib/gcc/arm-none-eabi/4.8.4/../../../../arm-none-eabi/lib/armv7e-m/fpu\libnosys.a(_exit.o)
 .bss           0x00000000        0x0 c:/freescale/kds_3.0.0/toolchain/bin/../lib/gcc/arm-none-eabi/4.8.4/../../../../arm-none-eabi/lib/armv7e-m/fpu\libnosys.a(_exit.o)
 .text          0x00000000        0x0 c:/freescale/kds_3.0.0/toolchain/bin/../lib/gcc/arm-none-eabi/4.8.4/armv7e-m/fpu/crtend.o
 .data          0x00000000        0x0 c:/freescale/kds_3.0.0/toolchain/bin/../lib/gcc/arm-none-eabi/4.8.4/armv7e-m/fpu/crtend.o
 .bss           0x00000000        0x0 c:/freescale/kds_3.0.0/toolchain/bin/../lib/gcc/arm-none-eabi/4.8.4/armv7e-m/fpu/crtend.o
 .eh_frame      0x00000000        0x4 c:/freescale/kds_3.0.0/toolchain/bin/../lib/gcc/arm-none-eabi/4.8.4/armv7e-m/fpu/crtend.o
 .jcr           0x00000000        0x4 c:/freescale/kds_3.0.0/toolchain/bin/../lib/gcc/arm-none-eabi/4.8.4/armv7e-m/fpu/crtend.o
 .ARM.attributes
                0x00000000       0x34 c:/freescale/kds_3.0.0/toolchain/bin/../lib/gcc/arm-none-eabi/4.8.4/armv7e-m/fpu/crtend.o
 .text          0x00000000        0x0 c:/freescale/kds_3.0.0/toolchain/bin/../lib/gcc/arm-none-eabi/4.8.4/armv7e-m/fpu/crtn.o
 .data          0x00000000        0x0 c:/freescale/kds_3.0.0/toolchain/bin/../lib/gcc/arm-none-eabi/4.8.4/armv7e-m/fpu/crtn.o
 .bss           0x00000000        0x0 c:/freescale/kds_3.0.0/toolchain/bin/../lib/gcc/arm-none-eabi/4.8.4/armv7e-m/fpu/crtn.o

Memory Configuration

Name             Origin             Length             Attributes
m_interrupts     0x00000000         0x000001e8         xr
m_text           0x00000410         0x0007fbf0         xr
m_data           0x1fff0000         0x00010000         rw
m_data_20000000  0x20000000         0x00010000         rw
m_cfmprotrom     0x00000400         0x00000010         xr
*default*        0x00000000         0xffffffff

Linker script and memory map

LOAD c:/freescale/kds_3.0.0/toolchain/bin/../lib/gcc/arm-none-eabi/4.8.4/armv7e-m/fpu/crti.o
LOAD c:/freescale/kds_3.0.0/toolchain/bin/../lib/gcc/arm-none-eabi/4.8.4/armv7e-m/fpu/crtbegin.o
LOAD c:/freescale/kds_3.0.0/toolchain/bin/../lib/gcc/arm-none-eabi/4.8.4/../../../../arm-none-eabi/lib/armv7e-m/fpu/crt0.o
LOAD ./Sources/Events.o
LOAD ./Sources/FIFO.o
LOAD ./Sources/FTM.o
LOAD ./Sources/Flash.o
LOAD ./Sources/I2C.o
LOAD ./Sources/LEDs.o
LOAD ./Sources/PIT.o
LOAD ./Sources/RTC.o
LOAD ./Sources/UART.o
LOAD ./Sources/accel.o
LOAD ./Sources/main.o
LOAD ./Sources/median.o
LOAD ./Sources/packet.o
LOAD ./Project_Settings/Startup_Code/startup.o
LOAD ./Generated_Code/Cpu.o
LOAD ./Generated_Code/Vectors.o
LOAD C:\Users\12551519\Desktop\git\es18aut13\Lab5\Library\libOS.a
LOAD c:/freescale/kds_3.0.0/toolchain/bin/../lib/gcc/arm-none-eabi/4.8.4/../../../../arm-none-eabi/lib/armv7e-m/fpu\libstdc++_s.a
LOAD c:/freescale/kds_3.0.0/toolchain/bin/../lib/gcc/arm-none-eabi/4.8.4/../../../../arm-none-eabi/lib/armv7e-m/fpu\libm.a
START GROUP
LOAD c:/freescale/kds_3.0.0/toolchain/bin/../lib/gcc/arm-none-eabi/4.8.4/armv7e-m/fpu\libgcc.a
LOAD c:/freescale/kds_3.0.0/toolchain/bin/../lib/gcc/arm-none-eabi/4.8.4/../../../../arm-none-eabi/lib/armv7e-m/fpu\libg_s.a
LOAD c:/freescale/kds_3.0.0/toolchain/bin/../lib/gcc/arm-none-eabi/4.8.4/../../../../arm-none-eabi/lib/armv7e-m/fpu\libc_s.a
END GROUP
START GROUP
LOAD c:/freescale/kds_3.0.0/toolchain/bin/../lib/gcc/arm-none-eabi/4.8.4/armv7e-m/fpu\libgcc.a
LOAD c:/freescale/kds_3.0.0/toolchain/bin/../lib/gcc/arm-none-eabi/4.8.4/../../../../arm-none-eabi/lib/armv7e-m/fpu\libc_s.a
LOAD c:/freescale/kds_3.0.0/toolchain/bin/../lib/gcc/arm-none-eabi/4.8.4/../../../../arm-none-eabi/lib/armv7e-m/fpu\libnosys.a
END GROUP
START GROUP
LOAD c:/freescale/kds_3.0.0/toolchain/bin/../lib/gcc/arm-none-eabi/4.8.4/armv7e-m/fpu\libgcc.a
LOAD c:/freescale/kds_3.0.0/toolchain/bin/../lib/gcc/arm-none-eabi/4.8.4/../../../../arm-none-eabi/lib/armv7e-m/fpu\libc_s.a
LOAD c:/freescale/kds_3.0.0/toolchain/bin/../lib/gcc/arm-none-eabi/4.8.4/../../../../arm-none-eabi/lib/armv7e-m/fpu\libnosys.a
END GROUP
LOAD c:/freescale/kds_3.0.0/toolchain/bin/../lib/gcc/arm-none-eabi/4.8.4/armv7e-m/fpu/crtend.o
LOAD c:/freescale/kds_3.0.0/toolchain/bin/../lib/gcc/arm-none-eabi/4.8.4/armv7e-m/fpu/crtn.o
                0x20000000                _estack = 0x20000000
                0x20000000                __SP_INIT = _estack
                0x20000000                __stack = _estack
                0x00000000                __heap_size = 0x0
                0x00000400                __stack_size = 0x400

.interrupts     0x00000000      0x1e8
                0x00000000                __vector_table = .
                0x00000000                . = ALIGN (0x4)
 *(.vectortable)
 .vectortable   0x00000000      0x1e8 ./Generated_Code/Vectors.o
                0x00000000                __vect_table
                0x000001e8                . = ALIGN (0x4)

.cfmprotect     0x00000400       0x10
                0x00000400                . = ALIGN (0x4)
 *(.cfmconfig)
 .cfmconfig     0x00000400       0x10 ./Generated_Code/Cpu.o
                0x00000400                _cfm
                0x00000410                . = ALIGN (0x4)

.text           0x00000410     0x2b4c
                0x00000410                . = ALIGN (0x4)
 *(.text)
 .text          0x00000410       0x54 c:/freescale/kds_3.0.0/toolchain/bin/../lib/gcc/arm-none-eabi/4.8.4/armv7e-m/fpu/crtbegin.o
 .text          0x00000464       0x74 c:/freescale/kds_3.0.0/toolchain/bin/../lib/gcc/arm-none-eabi/4.8.4/../../../../arm-none-eabi/lib/armv7e-m/fpu/crt0.o
                0x00000464                _start
                0x00000464                _mainCRTStartup
 *(.text*)
 .text.FIFO_Init
                0x000004d8       0x48 ./Sources/FIFO.o
                0x000004d8                FIFO_Init
 .text.FIFO_Put
                0x00000520       0x74 ./Sources/FIFO.o
                0x00000520                FIFO_Put
 .text.FIFO_Get
                0x00000594       0x74 ./Sources/FIFO.o
                0x00000594                FIFO_Get
 .text.FTM_Init
                0x00000608       0xfc ./Sources/FTM.o
                0x00000608                FTM_Init
 .text.FTM_Set  0x00000704       0xf8 ./Sources/FTM.o
                0x00000704                FTM_Set
 .text.FTM_StartTimer
                0x000007fc       0x78 ./Sources/FTM.o
                0x000007fc                FTM_StartTimer
 .text.FTM0_ISR
                0x00000874       0xa4 ./Sources/FTM.o
                0x00000874                FTM0_ISR
 .text.Flash_Init
                0x00000918       0x10 ./Sources/Flash.o
                0x00000918                Flash_Init
 .text.Flash_AllocateVar
                0x00000928       0x90 ./Sources/Flash.o
                0x00000928                Flash_AllocateVar
 .text.Flash_Write32
                0x000009b8       0x58 ./Sources/Flash.o
                0x000009b8                Flash_Write32
 .text.Flash_Write16
                0x00000a10       0x60 ./Sources/Flash.o
                0x00000a10                Flash_Write16
 .text.Flash_Write8
                0x00000a70       0x60 ./Sources/Flash.o
                0x00000a70                Flash_Write8
 .text.Flash_Erase
                0x00000ad0       0x14 ./Sources/Flash.o
                0x00000ad0                Flash_Erase
 .text.LaunchCommand
                0x00000ae4       0x98 ./Sources/Flash.o
 .text.WritePhrase
                0x00000b7c       0xe8 ./Sources/Flash.o
 .text.EraseSector
                0x00000c64       0x38 ./Sources/Flash.o
 .text.StartCondition
                0x00000c9c       0x30 ./Sources/I2C.o
 .text.StopCondition
                0x00000ccc       0x20 ./Sources/I2C.o
 .text.WaitCondition
                0x00000cec       0x28 ./Sources/I2C.o
 .text.BusyCondition
                0x00000d14       0x20 ./Sources/I2C.o
 .text.RepeatCondition
                0x00000d34       0x20 ./Sources/I2C.o
 .text.I2C_Init
                0x00000d54      0x23c ./Sources/I2C.o
                0x00000d54                I2C_Init
 .text.I2C_Write
                0x00000f90       0x4c ./Sources/I2C.o
                0x00000f90                I2C_Write
 .text.I2C_IntRead
                0x00000fdc       0x68 ./Sources/I2C.o
                0x00000fdc                I2C_IntRead
 .text.I2C_ISR  0x00001044      0x1a0 ./Sources/I2C.o
                0x00001044                I2C_ISR
 .text.LEDs_Init
                0x000011e4       0xd4 ./Sources/LEDs.o
                0x000011e4                LEDs_Init
 .text.LEDs_On  0x000012b8       0x24 ./Sources/LEDs.o
                0x000012b8                LEDs_On
 .text.LEDs_Off
                0x000012dc       0x24 ./Sources/LEDs.o
                0x000012dc                LEDs_Off
 .text.LEDs_Toggle
                0x00001300       0x24 ./Sources/LEDs.o
                0x00001300                LEDs_Toggle
 .text.PIT_Init
                0x00001324       0xdc ./Sources/PIT.o
                0x00001324                PIT_Init
 .text.PIT_Set  0x00001400       0x5c ./Sources/PIT.o
                0x00001400                PIT_Set
 .text.PIT_Enable
                0x0000145c       0x40 ./Sources/PIT.o
                0x0000145c                PIT_Enable
 .text.PIT_ISR  0x0000149c       0x40 ./Sources/PIT.o
                0x0000149c                PIT_ISR
 .text.RTC_Init
                0x000014dc       0xf4 ./Sources/RTC.o
                0x000014dc                RTC_Init
 .text.RTC_Set  0x000015d0       0x5c ./Sources/RTC.o
                0x000015d0                RTC_Set
 .text.RTC_Get  0x0000162c       0x9c ./Sources/RTC.o
                0x0000162c                RTC_Get
 .text.RTC_ISR  0x000016c8       0x34 ./Sources/RTC.o
                0x000016c8                RTC_ISR
 .text.UART_Init
                0x000016fc      0x178 ./Sources/UART.o
                0x000016fc                UART_Init
 .text.UART_InChar
                0x00001874       0x20 ./Sources/UART.o
                0x00001874                UART_InChar
 .text.UART_OutChar
                0x00001894       0x40 ./Sources/UART.o
                0x00001894                UART_OutChar
 .text.UART_ISR
                0x000018d4       0x90 ./Sources/UART.o
                0x000018d4                UART_ISR
 .text.Accel_Init
                0x00001964       0xfc ./Sources/accel.o
                0x00001964                Accel_Init
 .text.Accel_ReadXYZ
                0x00001a60       0x18 ./Sources/accel.o
                0x00001a60                Accel_ReadXYZ
 .text.Accel_SetMode
                0x00001a78      0x114 ./Sources/accel.o
                0x00001a78                Accel_SetMode
 .text.AccelDataReady_ISR
                0x00001b8c       0x4c ./Sources/accel.o
                0x00001b8c                AccelDataReady_ISR
 .text.HandleTowerStartup
                0x00001bd8       0xa4 ./Sources/main.o
                0x00001bd8                HandleTowerStartup
 .text.HandleTowerVersion
                0x00001c7c       0x28 ./Sources/main.o
                0x00001c7c                HandleTowerVersion
 .text.HandleTowerNumber
                0x00001ca4       0x68 ./Sources/main.o
                0x00001ca4                HandleTowerNumber
 .text.HandleTowerProgramByte
                0x00001d0c       0x58 ./Sources/main.o
                0x00001d0c                HandleTowerProgramByte
 .text.HandleTowerReadByte
                0x00001d64       0x48 ./Sources/main.o
                0x00001d64                HandleTowerReadByte
 .text.HandleTowerMode
                0x00001dac       0x68 ./Sources/main.o
                0x00001dac                HandleTowerMode
 .text.HandleTowerSetTime
                0x00001e14       0x40 ./Sources/main.o
                0x00001e14                HandleTowerSetTime
 .text.HandleTowerProtocol
                0x00001e54       0x88 ./Sources/main.o
                0x00001e54                HandleTowerProtocol
 .text.ReceivedPacket
                0x00001edc      0x150 ./Sources/main.o
                0x00001edc                ReceivedPacket
 .text.FTMCallbackCh0
                0x0000202c       0x18 ./Sources/main.o
                0x0000202c                FTMCallbackCh0
 .text.RTCCallback
                0x00002044       0x38 ./Sources/main.o
                0x00002044                RTCCallback
 .text.AccelDataReadyCallback
                0x0000207c       0x18 ./Sources/main.o
                0x0000207c                AccelDataReadyCallback
 .text.AccelReadCompleteCallback
                0x00002094      0x134 ./Sources/main.o
                0x00002094                AccelReadCompleteCallback
 .text.TowerInit
                0x000021c8       0x6c ./Sources/main.o
                0x000021c8                TowerInit
 .text.TowerSet
                0x00002234       0xf8 ./Sources/main.o
                0x00002234                TowerSet
 .text.main     0x0000232c       0xa4 ./Sources/main.o
                0x0000232c                main
 .text.Median_Filter3
                0x000023d0       0x70 ./Sources/median.o
                0x000023d0                Median_Filter3
 .text.Packet_Init
                0x00002440       0x1c ./Sources/packet.o
                0x00002440                Packet_Init
 .text.Packet_Get
                0x0000245c       0x70 ./Sources/packet.o
                0x0000245c                Packet_Get
 .text.Packet_Put
                0x000024cc       0x7c ./Sources/packet.o
                0x000024cc                Packet_Put
 .text.__copy_rom_section
                0x00002548       0xe4 ./Project_Settings/Startup_Code/startup.o
                0x00002548                __copy_rom_section
 .text.__copy_rom_sections_to_ram
                0x0000262c       0x9c ./Project_Settings/Startup_Code/startup.o
                0x0000262c                __copy_rom_sections_to_ram
 .text.__init_registers
                0x000026c8       0x20 ./Project_Settings/Startup_Code/startup.o
                0x000026c8                __init_registers
 .text.__init_user
                0x000026e8        0xc ./Project_Settings/Startup_Code/startup.o
                0x000026e8                __init_user
 .text.__thumb_startup
                0x000026f4       0x34 ./Project_Settings/Startup_Code/startup.o
                0x000026f4                __thumb_startup
 .text.Cpu_Interrupt
                0x00002728       0x18 ./Generated_Code/Cpu.o
                0x00002728                Cpu_Interrupt
 .text.__init_hardware
                0x00002740      0x17c ./Generated_Code/Cpu.o
                0x00002740                __init_hardware
 .text.Cpu_SetBASEPRI
                0x000028bc       0x18 ./Generated_Code/Cpu.o
                0x000028bc                Cpu_SetBASEPRI
 .text.PE_low_level_init
                0x000028d4       0xe4 ./Generated_Code/Cpu.o
                0x000028d4                PE_low_level_init
 .text.OS_ISREnter
                0x000029b8       0x20 C:\Users\12551519\Desktop\git\es18aut13\Lab5\Library\libOS.a(OS.o)
                0x000029b8                OS_ISREnter
 .text.OS_ISRExit
                0x000029d8       0x1c C:\Users\12551519\Desktop\git\es18aut13\Lab5\Library\libOS.a(OS.o)
                0x000029d8                OS_ISRExit
 .text.OS_SemaphoreCreate
                0x000029f4       0x90 C:\Users\12551519\Desktop\git\es18aut13\Lab5\Library\libOS.a(OS.o)
                0x000029f4                OS_SemaphoreCreate
 .text.OS_SemaphoreSignal
                0x00002a84       0x44 C:\Users\12551519\Desktop\git\es18aut13\Lab5\Library\libOS.a(OS.o)
                0x00002a84                OS_SemaphoreSignal
 .text.OS_SemaphoreWait
                0x00002ac8       0x58 C:\Users\12551519\Desktop\git\es18aut13\Lab5\Library\libOS.a(OS.o)
                0x00002ac8                OS_SemaphoreWait
 .text.EventThreadReady
                0x00002b20       0x68 C:\Users\12551519\Desktop\git\es18aut13\Lab5\Library\libOS.a(OS.o)
 .text.EventThreadWait
                0x00002b88       0x64 C:\Users\12551519\Desktop\git\es18aut13\Lab5\Library\libOS.a(OS.o)
 .text.EventTimeout
                0x00002bec       0x40 C:\Users\12551519\Desktop\git\es18aut13\Lab5\Library\libOS.a(OS.o)
 .text.FindFirstSet
                0x00002c2c       0x44 C:\Users\12551519\Desktop\git\es18aut13\Lab5\Library\libOS.a(OS.o)
 .text.Schedule
                0x00002c70       0x64 C:\Users\12551519\Desktop\git\es18aut13\Lab5\Library\libOS.a(OS.o)
 .text.TimeTick
                0x00002cd4       0x74 C:\Users\12551519\Desktop\git\es18aut13\Lab5\Library\libOS.a(OS.o)
 *fill*         0x00002d48        0x8 
 .text.OS_ContextSwitchISR
                0x00002d50       0x70 C:\Users\12551519\Desktop\git\es18aut13\Lab5\Library\libOS.a(OS.o)
                0x00002d50                OS_ContextSwitchISR
 .text.OS_SysTickISR
                0x00002dc0       0x5c C:\Users\12551519\Desktop\git\es18aut13\Lab5\Library\libOS.a(OS.o)
                0x00002dc0                OS_SysTickISR
 .text.exit     0x00002e1c       0x28 c:/freescale/kds_3.0.0/toolchain/bin/../lib/gcc/arm-none-eabi/4.8.4/../../../../arm-none-eabi/lib/armv7e-m/fpu\libg_s.a(lib_a-exit.o)
                0x00002e1c                exit
 .text.__libc_init_array
                0x00002e44       0x4c c:/freescale/kds_3.0.0/toolchain/bin/../lib/gcc/arm-none-eabi/4.8.4/../../../../arm-none-eabi/lib/armv7e-m/fpu\libg_s.a(lib_a-init.o)
                0x00002e44                __libc_init_array
 .text.memcpy   0x00002e90       0x12 c:/freescale/kds_3.0.0/toolchain/bin/../lib/gcc/arm-none-eabi/4.8.4/../../../../arm-none-eabi/lib/armv7e-m/fpu\libg_s.a(lib_a-memcpy-stub.o)
                0x00002e90                memcpy
 .text.memset   0x00002ea2       0x10 c:/freescale/kds_3.0.0/toolchain/bin/../lib/gcc/arm-none-eabi/4.8.4/../../../../arm-none-eabi/lib/armv7e-m/fpu\libg_s.a(lib_a-memset.o)
                0x00002ea2                memset
 *fill*         0x00002eb2        0x2 
 .text._exit    0x00002eb4        0x4 c:/freescale/kds_3.0.0/toolchain/bin/../lib/gcc/arm-none-eabi/4.8.4/../../../../arm-none-eabi/lib/armv7e-m/fpu\libnosys.a(_exit.o)
                0x00002eb4                _exit
 *(.rodata)
 .rodata        0x00002eb8       0x80 ./Sources/I2C.o
 *(.rodata*)
 .rodata.PERIOD_I2C_POLL
                0x00002f38        0x4 ./Sources/main.o
                0x00002f38                PERIOD_I2C_POLL
 .rodata.PACKET_ACK_MASK
                0x00002f3c        0x1 ./Sources/packet.o
                0x00002f3c                PACKET_ACK_MASK
 .rodata.str1.1
                0x00002f3d        0x2 c:/freescale/kds_3.0.0/toolchain/bin/../lib/gcc/arm-none-eabi/4.8.4/../../../../arm-none-eabi/lib/armv7e-m/fpu\libg_s.a(lib_a-impure.o)
 *fill*         0x00002f3f        0x1 
 .rodata._global_impure_ptr
                0x00002f40        0x4 c:/freescale/kds_3.0.0/toolchain/bin/../lib/gcc/arm-none-eabi/4.8.4/../../../../arm-none-eabi/lib/armv7e-m/fpu\libg_s.a(lib_a-impure.o)
                0x00002f40                _global_impure_ptr
 *(.glue_7)
 .glue_7        0x00000000        0x0 linker stubs
 *(.glue_7t)
 .glue_7t       0x00000000        0x0 linker stubs
 *(.eh_frame)
 .eh_frame      0x00002f44        0x0 c:/freescale/kds_3.0.0/toolchain/bin/../lib/gcc/arm-none-eabi/4.8.4/armv7e-m/fpu/crtbegin.o
 *(.init)
 .init          0x00002f44        0x4 c:/freescale/kds_3.0.0/toolchain/bin/../lib/gcc/arm-none-eabi/4.8.4/armv7e-m/fpu/crti.o
                0x00002f44                _init
 .init          0x00002f48        0x8 c:/freescale/kds_3.0.0/toolchain/bin/../lib/gcc/arm-none-eabi/4.8.4/armv7e-m/fpu/crtn.o
 *(.fini)
 .fini          0x00002f50        0x4 c:/freescale/kds_3.0.0/toolchain/bin/../lib/gcc/arm-none-eabi/4.8.4/armv7e-m/fpu/crti.o
                0x00002f50                _fini
 .fini          0x00002f54        0x8 c:/freescale/kds_3.0.0/toolchain/bin/../lib/gcc/arm-none-eabi/4.8.4/armv7e-m/fpu/crtn.o
                0x00002f5c                . = ALIGN (0x4)
                0x00002f5c                _etext = .

.vfp11_veneer   0x00002f5c        0x0
 .vfp11_veneer  0x00000000        0x0 linker stubs

.v4_bx          0x00002f5c        0x0
 .v4_bx         0x00000000        0x0 linker stubs

.iplt           0x00002f5c        0x0
 .iplt          0x00000000        0x0 c:/freescale/kds_3.0.0/toolchain/bin/../lib/gcc/arm-none-eabi/4.8.4/armv7e-m/fpu/crtbegin.o

.ARM.extab
 *(.ARM.extab* .gnu.linkonce.armextab.*)

.ARM            0x00002f5c        0x8
                0x00002f5c                __exidx_start = .
 *(.ARM.exidx*)
 .ARM.exidx     0x00002f5c        0x8 c:/freescale/kds_3.0.0/toolchain/bin/../lib/gcc/arm-none-eabi/4.8.4/../../../../arm-none-eabi/lib/armv7e-m/fpu/crt0.o
                0x00002f64                __exidx_end = .

.rel.dyn        0x00002f64        0x0
 .rel.iplt      0x00000000        0x0 c:/freescale/kds_3.0.0/toolchain/bin/../lib/gcc/arm-none-eabi/4.8.4/armv7e-m/fpu/crtbegin.o

.ctors          0x00002f64        0x0
                0x00002f64                __CTOR_LIST__ = .
 *crtbegin.o(.ctors)
 *(EXCLUDE_FILE(*crtend.o) .ctors)
 *(SORT(.ctors.*))
 *(.ctors)
                0x00002f64                __CTOR_END__ = .

.dtors          0x00002f64        0x0
                0x00002f64                __DTOR_LIST__ = .
 *crtbegin.o(.dtors)
 *(EXCLUDE_FILE(*crtend.o) .dtors)
 *(SORT(.dtors.*))
 *(.dtors)
                0x00002f64                __DTOR_END__ = .

.preinit_array  0x00002f64        0x0
                0x00002f64                PROVIDE (__preinit_array_start, .)
 *(.preinit_array*)
                0x00002f64                PROVIDE (__preinit_array_end, .)

.init_array     0x00002f64        0x4
                0x00002f64                PROVIDE (__init_array_start, .)
 *(SORT(.init_array.*))
 *(.init_array*)
 .init_array    0x00002f64        0x4 c:/freescale/kds_3.0.0/toolchain/bin/../lib/gcc/arm-none-eabi/4.8.4/armv7e-m/fpu/crtbegin.o
                0x00002f68                PROVIDE (__init_array_end, .)

.fini_array     0x00002f68        0x4
                0x00002f68                PROVIDE (__fini_array_start, .)
 *(SORT(.fini_array.*))
 *(.fini_array*)
 .fini_array    0x00002f68        0x4 c:/freescale/kds_3.0.0/toolchain/bin/../lib/gcc/arm-none-eabi/4.8.4/armv7e-m/fpu/crtbegin.o
                0x00002f6c                PROVIDE (__fini_array_end, .)
                0x00002f6c                ___ROM_AT = .

.data           0x1fff0000       0x64 load address 0x00002f6c
                0x1fff0000                . = ALIGN (0x4)
                0x1fff0000                _sdata = .
 *(.data)
 *(.data*)
 .data.SlaveDeviceAddress
                0x1fff0000        0x1 ./Sources/I2C.o
 *fill*         0x1fff0001        0x3 
 .data.impure_data
                0x1fff0004       0x60 c:/freescale/kds_3.0.0/toolchain/bin/../lib/gcc/arm-none-eabi/4.8.4/../../../../arm-none-eabi/lib/armv7e-m/fpu\libg_s.a(lib_a-impure.o)
                0x1fff0064                . = ALIGN (0x4)
                0x1fff0064                _edata = .
                0x00000064                ___data_size = (_edata - _sdata)
                0x00002fd0                ___m_data_20000000_ROMStart = (___ROM_AT + SIZEOF (.data))

.jcr            0x1fff0064        0x0 load address 0x00002fd0
 .jcr           0x1fff0064        0x0 c:/freescale/kds_3.0.0/toolchain/bin/../lib/gcc/arm-none-eabi/4.8.4/armv7e-m/fpu/crtbegin.o

.igot.plt       0x1fff0064        0x0 load address 0x00002fd0
 .igot.plt      0x00000000        0x0 c:/freescale/kds_3.0.0/toolchain/bin/../lib/gcc/arm-none-eabi/4.8.4/armv7e-m/fpu/crtbegin.o

.m_data_20000000
                0x20000000        0x0 load address 0x00002fd0
                0x20000000                . = ALIGN (0x4)
                0x20000000                ___m_data_20000000_RAMStart = .
 *(.m_data_20000000)
                0x20000000                ___m_data_20000000_RAMEnd = .
                0x20000000                . = ALIGN (0x4)
                0x00000000                ___m_data_20000000_ROMSize = (___m_data_20000000_RAMEnd - ___m_data_20000000_RAMStart)
                0x20000000                . = ALIGN (0x4)

.bss            0x1fff0064      0x484 load address 0x00002fd0
                0x1fff0064                __START_BSS = .
                0x1fff0064                PROVIDE (__bss_start__, __START_BSS)
 *(.bss)
 .bss           0x1fff0064       0x1c c:/freescale/kds_3.0.0/toolchain/bin/../lib/gcc/arm-none-eabi/4.8.4/armv7e-m/fpu/crtbegin.o
 *(.bss*)
 .bss.UserFunction
                0x1fff0080       0x20 ./Sources/FTM.o
 .bss.UserArguments
                0x1fff00a0       0x20 ./Sources/FTM.o
 .bss.occupiedBytes.5646
                0x1fff00c0        0x1 ./Sources/Flash.o
 *fill*         0x1fff00c1        0x3 
 .bss.ReadCompleteCallbackFunction
                0x1fff00c4        0x4 ./Sources/I2C.o
 .bss.ReadCompleteCallbackArguments
                0x1fff00c8        0x4 ./Sources/I2C.o
 .bss.SlaveDeviceReadAddress
                0x1fff00cc        0x1 ./Sources/I2C.o
 .bss.NbBytes   0x1fff00cd        0x1 ./Sources/I2C.o
 *fill*         0x1fff00ce        0x2 
 .bss.DataPtr   0x1fff00d0        0x4 ./Sources/I2C.o
 .bss.stage.6614
                0x1fff00d4        0x1 ./Sources/I2C.o
 .bss.readCount.6615
                0x1fff00d5        0x1 ./Sources/I2C.o
 *fill*         0x1fff00d6        0x2 
 .bss.ModuleClk
                0x1fff00d8        0x4 ./Sources/PIT.o
 .bss.UserFunction
                0x1fff00dc        0x4 ./Sources/PIT.o
 .bss.UserArguments
                0x1fff00e0        0x4 ./Sources/PIT.o
 .bss.UserFunction
                0x1fff00e4        0x4 ./Sources/RTC.o
 .bss.UserArguments
                0x1fff00e8        0x4 ./Sources/RTC.o
 .bss.CTRL_REG1_Union
                0x1fff00ec        0x4 ./Sources/accel.o
 .bss.CTRL_REG4_Union
                0x1fff00f0        0x4 ./Sources/accel.o
 .bss.CTRL_REG5_Union
                0x1fff00f4        0x4 ./Sources/accel.o
 .bss.DataReadyCallbackFunction
                0x1fff00f8        0x4 ./Sources/accel.o
 .bss.DataReadyCallbackArguments
                0x1fff00fc        0x4 ./Sources/accel.o
 .bss.recentData.6862
                0x1fff0100        0xc ./Sources/main.o
 .bss.SR_lock   0x1fff010c        0x1 ./Generated_Code/Cpu.o
                0x1fff010c                SR_lock
 *fill*         0x1fff010d        0x3 
 .bss.pTCBAllocatedList
                0x1fff0110        0x4 C:\Users\12551519\Desktop\git\es18aut13\Lab5\Library\libOS.a(OS.o)
 .bss.pTCBPriorityTable
                0x1fff0114       0x80 C:\Users\12551519\Desktop\git\es18aut13\Lab5\Library\libOS.a(OS.o)
 .bss.pTCBRunning
                0x1fff0194        0x4 C:\Users\12551519\Desktop\git\es18aut13\Lab5\Library\libOS.a(OS.o)
 .bss.pTCBHighestReady
                0x1fff0198        0x4 C:\Users\12551519\Desktop\git\es18aut13\Lab5\Library\libOS.a(OS.o)
 .bss.ReadyList
                0x1fff019c        0x4 C:\Users\12551519\Desktop\git\es18aut13\Lab5\Library\libOS.a(OS.o)
 .bss.ECBTable  0x1fff01a0      0x100 C:\Users\12551519\Desktop\git\es18aut13\Lab5\Library\libOS.a(OS.o)
 .bss.NextECBFree
                0x1fff02a0        0x1 C:\Users\12551519\Desktop\git\es18aut13\Lab5\Library\libOS.a(OS.o)
 *fill*         0x1fff02a1        0x3 
 .bss.Ticks     0x1fff02a4        0x4 C:\Users\12551519\Desktop\git\es18aut13\Lab5\Library\libOS.a(OS.o)
 .bss.ToggleCntr
                0x1fff02a8        0x4 C:\Users\12551519\Desktop\git\es18aut13\Lab5\Library\libOS.a(OS.o)
 .bss.ToggleLED
                0x1fff02ac        0x1 C:\Users\12551519\Desktop\git\es18aut13\Lab5\Library\libOS.a(OS.o)
 .bss.ISRNestLevel
                0x1fff02ad        0x1 C:\Users\12551519\Desktop\git\es18aut13\Lab5\Library\libOS.a(OS.o)
 *(COMMON)
 *fill*         0x1fff02ae        0x2 
 COMMON         0x1fff02b0      0x220 ./Sources/UART.o
                0x1fff02b0                TxFIFO
                0x1fff03c0                RxFIFO
 COMMON         0x1fff04d0        0xf ./Sources/main.o
                0x1fff04d0                NvTowerMd
                0x1fff04d4                NvTowerNb
                0x1fff04d8                NvTowerPo
                0x1fff04dc                AccelNewData
 *fill*         0x1fff04df        0x1 
 COMMON         0x1fff04e0        0x5 ./Sources/packet.o
                0x1fff04e0                Packet
 COMMON         0x1fff04e5        0x1 ./Generated_Code/Cpu.o
                0x1fff04e5                SR_reg
                0x1fff04e8                . = ALIGN (0x4)
 *fill*         0x1fff04e6        0x2 
                0x1fff04e8                __END_BSS = .
                0x1fff04e8                PROVIDE (__bss_end__, __END_BSS)
                0x00002fd0                _romp_at = ((___ROM_AT + SIZEOF (.data)) + SIZEOF (.m_data_20000000))

.romp           0x1fff04e8       0x24 load address 0x00002fd0
                0x00002fd0                __S_romp = _romp_at
                0x1fff04e8        0x4 LONG 0x2f6c ___ROM_AT
                0x1fff04ec        0x4 LONG 0x1fff0000 _sdata
                0x1fff04f0        0x4 LONG 0x64 ___data_size
                0x1fff04f4        0x4 LONG 0x2fd0 ___m_data_20000000_ROMStart
                0x1fff04f8        0x4 LONG 0x20000000 ___m_data_20000000_RAMStart
                0x1fff04fc        0x4 LONG 0x0 ___m_data_20000000_ROMSize
                0x1fff0500        0x4 LONG 0x0
                0x1fff0504        0x4 LONG 0x0
                0x1fff0508        0x4 LONG 0x0

._user_heap_stack
                0x1fff050c      0x400 load address 0x00002ff4
                0x1fff050c                . = ALIGN (0x4)
                0x1fff050c                PROVIDE (end, .)
                0x1fff050c                PROVIDE (_end, .)
                0x1fff050c                __heap_addr = .
                0x1fff050c                __HeapBase = .
                0x1fff050c                . = (. + __heap_size)
                0x1fff050c                __HeapLimit = .
                0x1fff090c                . = (. + __stack_size)
 *fill*         0x1fff050c      0x400 
                0x1fff090c                . = ALIGN (0x4)

.ARM.attributes
                0x00000000       0x30
 *(.ARM.attributes)
 .ARM.attributes
                0x00000000       0x22 c:/freescale/kds_3.0.0/toolchain/bin/../lib/gcc/arm-none-eabi/4.8.4/armv7e-m/fpu/crti.o
 .ARM.attributes
                0x00000022       0x34 c:/freescale/kds_3.0.0/toolchain/bin/../lib/gcc/arm-none-eabi/4.8.4/armv7e-m/fpu/crtbegin.o
 .ARM.attributes
                0x00000056       0x20 c:/freescale/kds_3.0.0/toolchain/bin/../lib/gcc/arm-none-eabi/4.8.4/../../../../arm-none-eabi/lib/armv7e-m/fpu/crt0.o
 .ARM.attributes
                0x00000076       0x39 ./Sources/FIFO.o
 .ARM.attributes
                0x000000af       0x39 ./Sources/FTM.o
 .ARM.attributes
                0x000000e8       0x39 ./Sources/Flash.o
 .ARM.attributes
                0x00000121       0x39 ./Sources/I2C.o
 .ARM.attributes
                0x0000015a       0x39 ./Sources/LEDs.o
 .ARM.attributes
                0x00000193       0x39 ./Sources/PIT.o
 .ARM.attributes
                0x000001cc       0x39 ./Sources/RTC.o
 .ARM.attributes
                0x00000205       0x39 ./Sources/UART.o
 .ARM.attributes
                0x0000023e       0x39 ./Sources/accel.o
 .ARM.attributes
                0x00000277       0x39 ./Sources/main.o
 .ARM.attributes
                0x000002b0       0x39 ./Sources/median.o
 .ARM.attributes
                0x000002e9       0x39 ./Sources/packet.o
 .ARM.attributes
                0x00000322       0x39 ./Project_Settings/Startup_Code/startup.o
 .ARM.attributes
                0x0000035b       0x39 ./Generated_Code/Cpu.o
 .ARM.attributes
                0x00000394       0x39 ./Generated_Code/Vectors.o
 .ARM.attributes
                0x000003cd       0x39 C:\Users\12551519\Desktop\git\es18aut13\Lab5\Library\libOS.a(OS.o)
 .ARM.attributes
                0x00000406       0x34 c:/freescale/kds_3.0.0/toolchain/bin/../lib/gcc/arm-none-eabi/4.8.4/../../../../arm-none-eabi/lib/armv7e-m/fpu\libg_s.a(lib_a-exit.o)
 .ARM.attributes
                0x0000043a       0x34 c:/freescale/kds_3.0.0/toolchain/bin/../lib/gcc/arm-none-eabi/4.8.4/../../../../arm-none-eabi/lib/armv7e-m/fpu\libg_s.a(lib_a-impure.o)
 .ARM.attributes
                0x0000046e       0x34 c:/freescale/kds_3.0.0/toolchain/bin/../lib/gcc/arm-none-eabi/4.8.4/../../../../arm-none-eabi/lib/armv7e-m/fpu\libg_s.a(lib_a-init.o)
 .ARM.attributes
                0x000004a2       0x34 c:/freescale/kds_3.0.0/toolchain/bin/../lib/gcc/arm-none-eabi/4.8.4/../../../../arm-none-eabi/lib/armv7e-m/fpu\libg_s.a(lib_a-memcpy-stub.o)
 .ARM.attributes
                0x000004d6       0x34 c:/freescale/kds_3.0.0/toolchain/bin/../lib/gcc/arm-none-eabi/4.8.4/../../../../arm-none-eabi/lib/armv7e-m/fpu\libg_s.a(lib_a-memset.o)
 .ARM.attributes
                0x0000050a       0x34 c:/freescale/kds_3.0.0/toolchain/bin/../lib/gcc/arm-none-eabi/4.8.4/../../../../arm-none-eabi/lib/armv7e-m/fpu\libnosys.a(_exit.o)
 .ARM.attributes
                0x0000053e       0x22 c:/freescale/kds_3.0.0/toolchain/bin/../lib/gcc/arm-none-eabi/4.8.4/armv7e-m/fpu/crtn.o
OUTPUT(Lab5.elf elf32-littlearm)

.debug_info     0x00000000     0x661a
 .debug_info    0x00000000      0x21f ./Sources/FIFO.o
 .debug_info    0x0000021f      0x7a1 ./Sources/FTM.o
 .debug_info    0x000009c0      0x671 ./Sources/Flash.o
 .debug_info    0x00001031      0x8e4 ./Sources/I2C.o
 .debug_info    0x00001915      0x490 ./Sources/LEDs.o
 .debug_info    0x00001da5      0x5d0 ./Sources/PIT.o
 .debug_info    0x00002375      0x62e ./Sources/RTC.o
 .debug_info    0x000029a3      0x98c ./Sources/UART.o
 .debug_info    0x0000332f      0x9c1 ./Sources/accel.o
 .debug_info    0x00003cf0      0x846 ./Sources/main.o
 .debug_info    0x00004536       0xe9 ./Sources/median.o
 .debug_info    0x0000461f      0x2b1 ./Sources/packet.o
 .debug_info    0x000048d0      0x3b0 ./Project_Settings/Startup_Code/startup.o
 .debug_info    0x00004c80      0xb89 ./Generated_Code/Cpu.o
 .debug_info    0x00005809      0x10f ./Generated_Code/Vectors.o
 .debug_info    0x00005918      0xd02 C:\Users\12551519\Desktop\git\es18aut13\Lab5\Library\libOS.a(OS.o)

.debug_abbrev   0x00000000     0x187a
 .debug_abbrev  0x00000000       0xea ./Sources/FIFO.o
 .debug_abbrev  0x000000ea      0x1da ./Sources/FTM.o
 .debug_abbrev  0x000002c4      0x1cc ./Sources/Flash.o
 .debug_abbrev  0x00000490      0x203 ./Sources/I2C.o
 .debug_abbrev  0x00000693      0x144 ./Sources/LEDs.o
 .debug_abbrev  0x000007d7      0x188 ./Sources/PIT.o
 .debug_abbrev  0x0000095f      0x161 ./Sources/RTC.o
 .debug_abbrev  0x00000ac0      0x1e3 ./Sources/UART.o
 .debug_abbrev  0x00000ca3      0x20f ./Sources/accel.o
 .debug_abbrev  0x00000eb2      0x1de ./Sources/main.o
 .debug_abbrev  0x00001090       0x6c ./Sources/median.o
 .debug_abbrev  0x000010fc       0xd4 ./Sources/packet.o
 .debug_abbrev  0x000011d0      0x189 ./Project_Settings/Startup_Code/startup.o
 .debug_abbrev  0x00001359      0x185 ./Generated_Code/Cpu.o
 .debug_abbrev  0x000014de       0xa4 ./Generated_Code/Vectors.o
 .debug_abbrev  0x00001582      0x2f8 C:\Users\12551519\Desktop\git\es18aut13\Lab5\Library\libOS.a(OS.o)

.debug_aranges  0x00000000      0x4a0
 .debug_aranges
                0x00000000       0x30 ./Sources/FIFO.o
 .debug_aranges
                0x00000030       0x38 ./Sources/FTM.o
 .debug_aranges
                0x00000068       0x60 ./Sources/Flash.o
 .debug_aranges
                0x000000c8       0x70 ./Sources/I2C.o
 .debug_aranges
                0x00000138       0x38 ./Sources/LEDs.o
 .debug_aranges
                0x00000170       0x38 ./Sources/PIT.o
 .debug_aranges
                0x000001a8       0x38 ./Sources/RTC.o
 .debug_aranges
                0x000001e0       0x38 ./Sources/UART.o
 .debug_aranges
                0x00000218       0x38 ./Sources/accel.o
 .debug_aranges
                0x00000250       0x98 ./Sources/main.o
 .debug_aranges
                0x000002e8       0x20 ./Sources/median.o
 .debug_aranges
                0x00000308       0x30 ./Sources/packet.o
 .debug_aranges
                0x00000338       0x50 ./Project_Settings/Startup_Code/startup.o
 .debug_aranges
                0x00000388       0x38 ./Generated_Code/Cpu.o
 .debug_aranges
                0x000003c0       0x18 ./Generated_Code/Vectors.o
 .debug_aranges
                0x000003d8       0xc8 C:\Users\12551519\Desktop\git\es18aut13\Lab5\Library\libOS.a(OS.o)

.debug_ranges   0x00000000      0x398
 .debug_ranges  0x00000000       0x20 ./Sources/FIFO.o
 .debug_ranges  0x00000020       0x28 ./Sources/FTM.o
 .debug_ranges  0x00000048       0x50 ./Sources/Flash.o
 .debug_ranges  0x00000098       0x60 ./Sources/I2C.o
 .debug_ranges  0x000000f8       0x28 ./Sources/LEDs.o
 .debug_ranges  0x00000120       0x28 ./Sources/PIT.o
 .debug_ranges  0x00000148       0x28 ./Sources/RTC.o
 .debug_ranges  0x00000170       0x28 ./Sources/UART.o
 .debug_ranges  0x00000198       0x28 ./Sources/accel.o
 .debug_ranges  0x000001c0       0x88 ./Sources/main.o
 .debug_ranges  0x00000248       0x10 ./Sources/median.o
 .debug_ranges  0x00000258       0x20 ./Sources/packet.o
 .debug_ranges  0x00000278       0x40 ./Project_Settings/Startup_Code/startup.o
 .debug_ranges  0x000002b8       0x28 ./Generated_Code/Cpu.o
 .debug_ranges  0x000002e0       0xb8 C:\Users\12551519\Desktop\git\es18aut13\Lab5\Library\libOS.a(OS.o)

.debug_macro    0x00000000    0x1a50f
 .debug_macro   0x00000000       0x9d ./Sources/FIFO.o
 .debug_macro   0x0000009d       0x22 ./Sources/FIFO.o
 .debug_macro   0x000000bf       0x36 ./Sources/FIFO.o
 .debug_macro   0x000000f5     0x1800 ./Sources/FIFO.o
 .debug_macro   0x000018f5       0x8e ./Sources/FTM.o
 .debug_macro   0x00001983       0x76 ./Sources/Flash.o
 .debug_macro   0x000019f9       0x16 ./Sources/Flash.o
 .debug_macro   0x00001a0f    0x174af ./Sources/Flash.o
 .debug_macro   0x00018ebe       0x2e ./Sources/Flash.o
 .debug_macro   0x00018eec       0x92 ./Sources/I2C.o
 .debug_macro   0x00018f7e       0x6d ./Sources/LEDs.o
 .debug_macro   0x00018feb       0x8e ./Sources/PIT.o
 .debug_macro   0x00019079       0x8e ./Sources/RTC.o
 .debug_macro   0x00019107       0xab ./Sources/UART.o
 .debug_macro   0x000191b2      0x1f6 ./Sources/accel.o
 .debug_macro   0x000193a8       0x94 ./Sources/accel.o
 .debug_macro   0x0001943c      0x122 ./Sources/main.o
 .debug_macro   0x0001955e       0x10 ./Sources/main.o
 .debug_macro   0x0001956e       0x3a ./Sources/main.o
 .debug_macro   0x000195a8       0x5f ./Sources/median.o
 .debug_macro   0x00019607       0x68 ./Sources/packet.o
 .debug_macro   0x0001966f      0x121 ./Project_Settings/Startup_Code/startup.o
 .debug_macro   0x00019790       0x58 ./Project_Settings/Startup_Code/startup.o
 .debug_macro   0x000197e8       0x35 ./Project_Settings/Startup_Code/startup.o
 .debug_macro   0x0001981d       0xa3 ./Project_Settings/Startup_Code/startup.o
 .debug_macro   0x000198c0      0x166 ./Project_Settings/Startup_Code/startup.o
 .debug_macro   0x00019a26       0x4a ./Project_Settings/Startup_Code/startup.o
 .debug_macro   0x00019a70       0x52 ./Project_Settings/Startup_Code/startup.o
 .debug_macro   0x00019ac2       0x16 ./Project_Settings/Startup_Code/startup.o
 .debug_macro   0x00019ad8       0x43 ./Project_Settings/Startup_Code/startup.o
 .debug_macro   0x00019b1b      0x180 ./Project_Settings/Startup_Code/startup.o
 .debug_macro   0x00019c9b      0x2a6 ./Project_Settings/Startup_Code/startup.o
 .debug_macro   0x00019f41       0x10 ./Project_Settings/Startup_Code/startup.o
 .debug_macro   0x00019f51       0x35 ./Project_Settings/Startup_Code/startup.o
 .debug_macro   0x00019f86       0x16 ./Project_Settings/Startup_Code/startup.o
 .debug_macro   0x00019f9c       0x22 ./Project_Settings/Startup_Code/startup.o
 .debug_macro   0x00019fbe      0x20f ./Project_Settings/Startup_Code/startup.o
 .debug_macro   0x0001a1cd       0x70 ./Generated_Code/Cpu.o
 .debug_macro   0x0001a23d       0x9a ./Generated_Code/Cpu.o
 .debug_macro   0x0001a2d7       0xd1 ./Generated_Code/Vectors.o
 .debug_macro   0x0001a3a8       0x30 ./Generated_Code/Vectors.o
 .debug_macro   0x0001a3d8       0xa3 C:\Users\12551519\Desktop\git\es18aut13\Lab5\Library\libOS.a(OS.o)
 .debug_macro   0x0001a47b       0x94 C:\Users\12551519\Desktop\git\es18aut13\Lab5\Library\libOS.a(OS.o)

.debug_line     0x00000000     0x2f23
 .debug_line    0x00000000      0x2b5 ./Sources/FIFO.o
 .debug_line    0x000002b5      0x2b7 ./Sources/FTM.o
 .debug_line    0x0000056c      0x2d6 ./Sources/Flash.o
 .debug_line    0x00000842      0x3a0 ./Sources/I2C.o
 .debug_line    0x00000be2      0x228 ./Sources/LEDs.o
 .debug_line    0x00000e0a      0x297 ./Sources/PIT.o
 .debug_line    0x000010a1      0x29a ./Sources/RTC.o
 .debug_line    0x0000133b      0x2f6 ./Sources/UART.o
 .debug_line    0x00001631      0x2db ./Sources/accel.o
 .debug_line    0x0000190c      0x522 ./Sources/main.o
 .debug_line    0x00001e2e      0x1a3 ./Sources/median.o
 .debug_line    0x00001fd1      0x1e6 ./Sources/packet.o
 .debug_line    0x000021b7      0x3da ./Project_Settings/Startup_Code/startup.o
 .debug_line    0x00002591      0x25d ./Generated_Code/Cpu.o
 .debug_line    0x000027ee      0x29f ./Generated_Code/Vectors.o
 .debug_line    0x00002a8d      0x496 C:\Users\12551519\Desktop\git\es18aut13\Lab5\Library\libOS.a(OS.o)

.debug_str      0x00000000    0x8ef73
 .debug_str     0x00000000    0x8a0df ./Sources/FIFO.o
                              0x8a25d (size before relaxing)
 .debug_str     0x0008a0df      0x3ca ./Sources/FTM.o
                              0x8a4a7 (size before relaxing)
 .debug_str     0x0008a4a9      0x3ae ./Sources/Flash.o
                              0x83109 (size before relaxing)
 .debug_str     0x0008a857      0x262 ./Sources/I2C.o
                              0x8a493 (size before relaxing)
 .debug_str     0x0008aab9       0x9c ./Sources/LEDs.o
                              0x82eef (size before relaxing)
 .debug_str     0x0008ab55       0xa2 ./Sources/PIT.o
                              0x8a2fb (size before relaxing)
 .debug_str     0x0008abf7       0x8f ./Sources/RTC.o
                              0x8a2d2 (size before relaxing)
 .debug_str     0x0008ac86      0x112 ./Sources/UART.o
                              0x8a4ec (size before relaxing)
 .debug_str     0x0008ad98      0xa7d ./Sources/accel.o
                              0x8aea8 (size before relaxing)
 .debug_str     0x0008b815      0xa59 ./Sources/main.o
                              0x8b089 (size before relaxing)
 .debug_str     0x0008c26e       0x2c ./Sources/median.o
                               0x2f97 (size before relaxing)
 .debug_str     0x0008c29a       0x3f ./Sources/packet.o
                               0x3271 (size before relaxing)
 .debug_str     0x0008c2d9     0x2663 ./Project_Settings/Startup_Code/startup.o
                              0x853f3 (size before relaxing)
 .debug_str     0x0008e93c      0x1e3 ./Generated_Code/Cpu.o
                              0x8a465 (size before relaxing)
 .debug_str     0x0008eb1f       0x1c ./Generated_Code/Vectors.o
                              0x8a21c (size before relaxing)
 .debug_str     0x0008eb3b      0x438 C:\Users\12551519\Desktop\git\es18aut13\Lab5\Library\libOS.a(OS.o)
                              0x8ad2a (size before relaxing)

.comment        0x00000000       0x70
 .comment       0x00000000       0x70 ./Sources/FIFO.o
                                 0x71 (size before relaxing)
 .comment       0x00000000       0x71 ./Sources/FTM.o
 .comment       0x00000000       0x71 ./Sources/Flash.o
 .comment       0x00000000       0x71 ./Sources/I2C.o
 .comment       0x00000000       0x71 ./Sources/LEDs.o
 .comment       0x00000000       0x71 ./Sources/PIT.o
 .comment       0x00000000       0x71 ./Sources/RTC.o
 .comment       0x00000000       0x71 ./Sources/UART.o
 .comment       0x00000000       0x71 ./Sources/accel.o
 .comment       0x00000000       0x71 ./Sources/main.o
 .comment       0x00000000       0x71 ./Sources/median.o
 .comment       0x00000000       0x71 ./Sources/packet.o
 .comment       0x00000000       0x71 ./Project_Settings/Startup_Code/startup.o
 .comment       0x00000000       0x71 ./Generated_Code/Cpu.o
 .comment       0x00000000       0x71 ./Generated_Code/Vectors.o
 .comment       0x00000000       0x71 C:\Users\12551519\Desktop\git\es18aut13\Lab5\Library\libOS.a(OS.o)

.debug_frame    0x00000000      0xd50
 .debug_frame   0x00000000       0x70 ./Sources/FIFO.o
 .debug_frame   0x00000070       0x88 ./Sources/FTM.o
 .debug_frame   0x000000f8      0x128 ./Sources/Flash.o
 .debug_frame   0x00000220      0x148 ./Sources/I2C.o
 .debug_frame   0x00000368       0x7c ./Sources/LEDs.o
 .debug_frame   0x000003e4       0x8c ./Sources/PIT.o
 .debug_frame   0x00000470       0x8c ./Sources/RTC.o
 .debug_frame   0x000004fc       0x94 ./Sources/UART.o
 .debug_frame   0x00000590       0x94 ./Sources/accel.o
 .debug_frame   0x00000624      0x1f4 ./Sources/main.o
 .debug_frame   0x00000818       0x2c ./Sources/median.o
 .debug_frame   0x00000844       0x70 ./Sources/packet.o
 .debug_frame   0x000008b4       0xc0 ./Project_Settings/Startup_Code/startup.o
 .debug_frame   0x00000974       0x80 ./Generated_Code/Cpu.o
 .debug_frame   0x000009f4      0x2a0 C:\Users\12551519\Desktop\git\es18aut13\Lab5\Library\libOS.a(OS.o)
 .debug_frame   0x00000c94       0x28 c:/freescale/kds_3.0.0/toolchain/bin/../lib/gcc/arm-none-eabi/4.8.4/../../../../arm-none-eabi/lib/armv7e-m/fpu\libg_s.a(lib_a-exit.o)
 .debug_frame   0x00000cbc       0x2c c:/freescale/kds_3.0.0/toolchain/bin/../lib/gcc/arm-none-eabi/4.8.4/../../../../arm-none-eabi/lib/armv7e-m/fpu\libg_s.a(lib_a-init.o)
 .debug_frame   0x00000ce8       0x28 c:/freescale/kds_3.0.0/toolchain/bin/../lib/gcc/arm-none-eabi/4.8.4/../../../../arm-none-eabi/lib/armv7e-m/fpu\libg_s.a(lib_a-memcpy-stub.o)
 .debug_frame   0x00000d10       0x20 c:/freescale/kds_3.0.0/toolchain/bin/../lib/gcc/arm-none-eabi/4.8.4/../../../../arm-none-eabi/lib/armv7e-m/fpu\libg_s.a(lib_a-memset.o)
 .debug_frame   0x00000d30       0x20 c:/freescale/kds_3.0.0/toolchain/bin/../lib/gcc/arm-none-eabi/4.8.4/../../../../arm-none-eabi/lib/armv7e-m/fpu\libnosys.a(_exit.o)
