Archive member included because of file (symbol)

D:\Embedded Software\es18aut13\Lab5\Library\libOS.a(OS.o)
                              ./Sources/main.o (OS_Init)
c:/freescale/kds_3.0.0/toolchain/bin/../lib/gcc/arm-none-eabi/4.8.4/../../../../arm-none-eabi/lib/armv7e-m/fpu\libg_s.a(lib_a-exit.o)
                              c:/freescale/kds_3.0.0/toolchain/bin/../lib/gcc/arm-none-eabi/4.8.4/../../../../arm-none-eabi/lib/armv7e-m/fpu/crt0.o (exit)
c:/freescale/kds_3.0.0/toolchain/bin/../lib/gcc/arm-none-eabi/4.8.4/../../../../arm-none-eabi/lib/armv7e-m/fpu\libg_s.a(lib_a-impure.o)
                              c:/freescale/kds_3.0.0/toolchain/bin/../lib/gcc/arm-none-eabi/4.8.4/../../../../arm-none-eabi/lib/armv7e-m/fpu\libg_s.a(lib_a-exit.o) (_global_impure_ptr)
c:/freescale/kds_3.0.0/toolchain/bin/../lib/gcc/arm-none-eabi/4.8.4/../../../../arm-none-eabi/lib/armv7e-m/fpu\libg_s.a(lib_a-init.o)
                              c:/freescale/kds_3.0.0/toolchain/bin/../lib/gcc/arm-none-eabi/4.8.4/../../../../arm-none-eabi/lib/armv7e-m/fpu/crt0.o (__libc_init_array)
c:/freescale/kds_3.0.0/toolchain/bin/../lib/gcc/arm-none-eabi/4.8.4/../../../../arm-none-eabi/lib/armv7e-m/fpu\libg_s.a(lib_a-memcpy-stub.o)
                              ./Sources/I2C.o (memcpy)
c:/freescale/kds_3.0.0/toolchain/bin/../lib/gcc/arm-none-eabi/4.8.4/../../../../arm-none-eabi/lib/armv7e-m/fpu\libg_s.a(lib_a-memset.o)
                              c:/freescale/kds_3.0.0/toolchain/bin/../lib/gcc/arm-none-eabi/4.8.4/../../../../arm-none-eabi/lib/armv7e-m/fpu/crt0.o (memset)
c:/freescale/kds_3.0.0/toolchain/bin/../lib/gcc/arm-none-eabi/4.8.4/../../../../arm-none-eabi/lib/armv7e-m/fpu\libnosys.a(_exit.o)
                              c:/freescale/kds_3.0.0/toolchain/bin/../lib/gcc/arm-none-eabi/4.8.4/../../../../arm-none-eabi/lib/armv7e-m/fpu\libg_s.a(lib_a-exit.o) (_exit)

Allocating common symbols
Common symbol       size              file

NvTowerMd           0x4               ./Sources/main.o
NvTowerNb           0x4               ./Sources/main.o
DummyRead           0x1               ./Sources/UART.o
Packet              0x5               ./Sources/packet.o
TxUART              0x4               ./Sources/UART.o
TxFIFO              0x110             ./Sources/UART.o
RxFIFO              0x110             ./Sources/UART.o
SR_reg              0x1               ./Generated_Code/Cpu.o
NvTowerPo           0x4               ./Sources/main.o
AccelNewData        0x3               ./Sources/main.o
RxUART              0x4               ./Sources/UART.o
RTCRead             0x4               ./Sources/RTC.o

Discarded input sections

 .text          0x00000000        0x0 c:/freescale/kds_3.0.0/toolchain/bin/../lib/gcc/arm-none-eabi/4.8.4/armv7e-m/fpu/crti.o
 .data          0x00000000        0x0 c:/freescale/kds_3.0.0/toolchain/bin/../lib/gcc/arm-none-eabi/4.8.4/armv7e-m/fpu/crti.o
 .bss           0x00000000        0x0 c:/freescale/kds_3.0.0/toolchain/bin/../lib/gcc/arm-none-eabi/4.8.4/armv7e-m/fpu/crti.o
 .data          0x00000000        0x4 c:/freescale/kds_3.0.0/toolchain/bin/../lib/gcc/arm-none-eabi/4.8.4/armv7e-m/fpu/crtbegin.o
 .data          0x00000000        0x0 c:/freescale/kds_3.0.0/toolchain/bin/../lib/gcc/arm-none-eabi/4.8.4/../../../../arm-none-eabi/lib/armv7e-m/fpu/crt0.o
 .bss           0x00000000        0x0 c:/freescale/kds_3.0.0/toolchain/bin/../lib/gcc/arm-none-eabi/4.8.4/../../../../arm-none-eabi/lib/armv7e-m/fpu/crt0.o
 .ARM.extab     0x00000000        0x0 c:/freescale/kds_3.0.0/toolchain/bin/../lib/gcc/arm-none-eabi/4.8.4/../../../../arm-none-eabi/lib/armv7e-m/fpu/crt0.o
 .group         0x00000000        0x8 ./Sources/Events.o
 .group         0x00000000        0x8 ./Sources/Events.o
 .group         0x00000000        0x8 ./Sources/Events.o
 .group         0x00000000        0x8 ./Sources/Events.o
 .group         0x00000000        0x8 ./Sources/Events.o
 .group         0x00000000        0x8 ./Sources/Events.o
 .group         0x00000000        0x8 ./Sources/Events.o
 .group         0x00000000        0x8 ./Sources/Events.o
 .group         0x00000000        0x8 ./Sources/Events.o
 .text          0x00000000        0x0 ./Sources/Events.o
 .data          0x00000000        0x0 ./Sources/Events.o
 .bss           0x00000000        0x0 ./Sources/Events.o
 .debug_info    0x00000000       0x7d ./Sources/Events.o
 .debug_abbrev  0x00000000       0x29 ./Sources/Events.o
 .debug_aranges
                0x00000000       0x18 ./Sources/Events.o
 .debug_macro   0x00000000       0x97 ./Sources/Events.o
 .debug_macro   0x00000000      0x850 ./Sources/Events.o
 .debug_macro   0x00000000       0x16 ./Sources/Events.o
 .debug_macro   0x00000000       0x44 ./Sources/Events.o
 .debug_macro   0x00000000      0x209 ./Sources/Events.o
 .debug_macro   0x00000000     0x17fa ./Sources/Events.o
 .debug_macro   0x00000000    0x174c1 ./Sources/Events.o
 .debug_macro   0x00000000       0x94 ./Sources/Events.o
 .debug_macro   0x00000000      0x14e ./Sources/Events.o
 .debug_macro   0x00000000       0x64 ./Sources/Events.o
 .debug_line    0x00000000      0x240 ./Sources/Events.o
 .debug_str     0x00000000    0x8a5e8 ./Sources/Events.o
 .comment       0x00000000       0x71 ./Sources/Events.o
 .ARM.attributes
                0x00000000       0x39 ./Sources/Events.o
 .group         0x00000000        0x8 ./Sources/FIFO.o
 .group         0x00000000        0x8 ./Sources/FIFO.o
 .group         0x00000000        0x8 ./Sources/FIFO.o
 .group         0x00000000        0x8 ./Sources/FIFO.o
 .group         0x00000000        0x8 ./Sources/FIFO.o
 .group         0x00000000        0x8 ./Sources/FIFO.o
 .group         0x00000000        0x8 ./Sources/FIFO.o
 .group         0x00000000        0x8 ./Sources/FIFO.o
 .group         0x00000000        0x8 ./Sources/FIFO.o
 .text          0x00000000        0x0 ./Sources/FIFO.o
 .data          0x00000000        0x0 ./Sources/FIFO.o
 .bss           0x00000000        0x0 ./Sources/FIFO.o
 .debug_macro   0x00000000      0x850 ./Sources/FIFO.o
 .debug_macro   0x00000000       0x16 ./Sources/FIFO.o
 .debug_macro   0x00000000       0x44 ./Sources/FIFO.o
 .debug_macro   0x00000000      0x209 ./Sources/FIFO.o
 .debug_macro   0x00000000    0x174c1 ./Sources/FIFO.o
 .debug_macro   0x00000000       0x94 ./Sources/FIFO.o
 .group         0x00000000        0x8 ./Sources/FTM.o
 .group         0x00000000        0x8 ./Sources/FTM.o
 .group         0x00000000        0x8 ./Sources/FTM.o
 .group         0x00000000        0x8 ./Sources/FTM.o
 .group         0x00000000        0x8 ./Sources/FTM.o
 .group         0x00000000        0x8 ./Sources/FTM.o
 .group         0x00000000        0x8 ./Sources/FTM.o
 .group         0x00000000        0x8 ./Sources/FTM.o
 .text          0x00000000        0x0 ./Sources/FTM.o
 .data          0x00000000        0x0 ./Sources/FTM.o
 .bss           0x00000000        0x0 ./Sources/FTM.o
 .debug_macro   0x00000000      0x850 ./Sources/FTM.o
 .debug_macro   0x00000000       0x16 ./Sources/FTM.o
 .debug_macro   0x00000000       0x44 ./Sources/FTM.o
 .debug_macro   0x00000000      0x209 ./Sources/FTM.o
 .debug_macro   0x00000000       0x22 ./Sources/FTM.o
 .debug_macro   0x00000000    0x174c1 ./Sources/FTM.o
 .debug_macro   0x00000000     0x1800 ./Sources/FTM.o
 .debug_macro   0x00000000       0x94 ./Sources/FTM.o
 .group         0x00000000        0x8 ./Sources/Flash.o
 .group         0x00000000        0x8 ./Sources/Flash.o
 .group         0x00000000        0x8 ./Sources/Flash.o
 .group         0x00000000        0x8 ./Sources/Flash.o
 .group         0x00000000        0x8 ./Sources/Flash.o
 .group         0x00000000        0x8 ./Sources/Flash.o
 .group         0x00000000        0x8 ./Sources/Flash.o
 .group         0x00000000        0x8 ./Sources/Flash.o
 .text          0x00000000        0x0 ./Sources/Flash.o
 .data          0x00000000        0x0 ./Sources/Flash.o
 .bss           0x00000000        0x0 ./Sources/Flash.o
 .rodata.PROGRAM_PHRASE
                0x00000000        0x1 ./Sources/Flash.o
 .rodata.ERASE_FLASH_SECTOR
                0x00000000        0x1 ./Sources/Flash.o
 .text.Flash_Init
                0x00000000       0x10 ./Sources/Flash.o
 .text.Flash_AllocateVar
                0x00000000       0x90 ./Sources/Flash.o
 .bss.occupiedBytes.5646
                0x00000000        0x1 ./Sources/Flash.o
 .debug_macro   0x00000000      0x850 ./Sources/Flash.o
 .debug_macro   0x00000000       0x16 ./Sources/Flash.o
 .debug_macro   0x00000000       0x44 ./Sources/Flash.o
 .debug_macro   0x00000000      0x209 ./Sources/Flash.o
 .debug_macro   0x00000000       0x22 ./Sources/Flash.o
 .group         0x00000000        0x8 ./Sources/I2C.o
 .group         0x00000000        0x8 ./Sources/I2C.o
 .group         0x00000000        0x8 ./Sources/I2C.o
 .group         0x00000000        0x8 ./Sources/I2C.o
 .group         0x00000000        0x8 ./Sources/I2C.o
 .group         0x00000000        0x8 ./Sources/I2C.o
 .group         0x00000000        0x8 ./Sources/I2C.o
 .group         0x00000000        0x8 ./Sources/I2C.o
 .text          0x00000000        0x0 ./Sources/I2C.o
 .data          0x00000000        0x0 ./Sources/I2C.o
 .bss           0x00000000        0x0 ./Sources/I2C.o
 .rodata        0x00000000       0x80 ./Sources/I2C.o
 .text.I2C_Init
                0x00000000      0x23c ./Sources/I2C.o
 .text.I2C_SelectSlaveDevice
                0x00000000       0x20 ./Sources/I2C.o
 .text.I2C_PollRead
                0x00000000       0xec ./Sources/I2C.o
 .text.I2C_IntRead
                0x00000000       0x68 ./Sources/I2C.o
 .debug_macro   0x00000000      0x850 ./Sources/I2C.o
 .debug_macro   0x00000000       0x16 ./Sources/I2C.o
 .debug_macro   0x00000000       0x44 ./Sources/I2C.o
 .debug_macro   0x00000000      0x209 ./Sources/I2C.o
 .debug_macro   0x00000000       0x22 ./Sources/I2C.o
 .debug_macro   0x00000000    0x174c1 ./Sources/I2C.o
 .debug_macro   0x00000000     0x1800 ./Sources/I2C.o
 .debug_macro   0x00000000       0x94 ./Sources/I2C.o
 .group         0x00000000        0x8 ./Sources/LEDs.o
 .group         0x00000000        0x8 ./Sources/LEDs.o
 .group         0x00000000        0x8 ./Sources/LEDs.o
 .group         0x00000000        0x8 ./Sources/LEDs.o
 .group         0x00000000        0x8 ./Sources/LEDs.o
 .group         0x00000000        0x8 ./Sources/LEDs.o
 .group         0x00000000        0x8 ./Sources/LEDs.o
 .text          0x00000000        0x0 ./Sources/LEDs.o
 .data          0x00000000        0x0 ./Sources/LEDs.o
 .bss           0x00000000        0x0 ./Sources/LEDs.o
 .debug_macro   0x00000000      0x850 ./Sources/LEDs.o
 .debug_macro   0x00000000       0x16 ./Sources/LEDs.o
 .debug_macro   0x00000000       0x16 ./Sources/LEDs.o
 .debug_macro   0x00000000       0x44 ./Sources/LEDs.o
 .debug_macro   0x00000000      0x209 ./Sources/LEDs.o
 .debug_macro   0x00000000    0x174af ./Sources/LEDs.o
 .debug_macro   0x00000000       0x22 ./Sources/LEDs.o
 .group         0x00000000        0x8 ./Sources/PIT.o
 .group         0x00000000        0x8 ./Sources/PIT.o
 .group         0x00000000        0x8 ./Sources/PIT.o
 .group         0x00000000        0x8 ./Sources/PIT.o
 .group         0x00000000        0x8 ./Sources/PIT.o
 .group         0x00000000        0x8 ./Sources/PIT.o
 .group         0x00000000        0x8 ./Sources/PIT.o
 .group         0x00000000        0x8 ./Sources/PIT.o
 .text          0x00000000        0x0 ./Sources/PIT.o
 .data          0x00000000        0x0 ./Sources/PIT.o
 .bss           0x00000000        0x0 ./Sources/PIT.o
 .text.PIT_Init
                0x00000000       0xdc ./Sources/PIT.o
 .debug_macro   0x00000000      0x850 ./Sources/PIT.o
 .debug_macro   0x00000000       0x16 ./Sources/PIT.o
 .debug_macro   0x00000000       0x44 ./Sources/PIT.o
 .debug_macro   0x00000000      0x209 ./Sources/PIT.o
 .debug_macro   0x00000000       0x22 ./Sources/PIT.o
 .debug_macro   0x00000000    0x174c1 ./Sources/PIT.o
 .debug_macro   0x00000000     0x1800 ./Sources/PIT.o
 .debug_macro   0x00000000       0x94 ./Sources/PIT.o
 .group         0x00000000        0x8 ./Sources/RTC.o
 .group         0x00000000        0x8 ./Sources/RTC.o
 .group         0x00000000        0x8 ./Sources/RTC.o
 .group         0x00000000        0x8 ./Sources/RTC.o
 .group         0x00000000        0x8 ./Sources/RTC.o
 .group         0x00000000        0x8 ./Sources/RTC.o
 .group         0x00000000        0x8 ./Sources/RTC.o
 .group         0x00000000        0x8 ./Sources/RTC.o
 .group         0x00000000        0x8 ./Sources/RTC.o
 .text          0x00000000        0x0 ./Sources/RTC.o
 .data          0x00000000        0x0 ./Sources/RTC.o
 .bss           0x00000000        0x0 ./Sources/RTC.o
 .debug_macro   0x00000000      0x850 ./Sources/RTC.o
 .debug_macro   0x00000000       0x16 ./Sources/RTC.o
 .debug_macro   0x00000000       0x44 ./Sources/RTC.o
 .debug_macro   0x00000000      0x209 ./Sources/RTC.o
 .debug_macro   0x00000000       0x22 ./Sources/RTC.o
 .debug_macro   0x00000000       0x36 ./Sources/RTC.o
 .debug_macro   0x00000000    0x174c1 ./Sources/RTC.o
 .debug_macro   0x00000000     0x1800 ./Sources/RTC.o
 .debug_macro   0x00000000       0x94 ./Sources/RTC.o
 .group         0x00000000        0x8 ./Sources/UART.o
 .group         0x00000000        0x8 ./Sources/UART.o
 .group         0x00000000        0x8 ./Sources/UART.o
 .group         0x00000000        0x8 ./Sources/UART.o
 .group         0x00000000        0x8 ./Sources/UART.o
 .group         0x00000000        0x8 ./Sources/UART.o
 .group         0x00000000        0x8 ./Sources/UART.o
 .group         0x00000000        0x8 ./Sources/UART.o
 .group         0x00000000        0x8 ./Sources/UART.o
 .group         0x00000000        0x8 ./Sources/UART.o
 .text          0x00000000        0x0 ./Sources/UART.o
 .data          0x00000000        0x0 ./Sources/UART.o
 .bss           0x00000000        0x0 ./Sources/UART.o
 .debug_macro   0x00000000      0x850 ./Sources/UART.o
 .debug_macro   0x00000000       0x16 ./Sources/UART.o
 .debug_macro   0x00000000       0x44 ./Sources/UART.o
 .debug_macro   0x00000000      0x209 ./Sources/UART.o
 .debug_macro   0x00000000       0x22 ./Sources/UART.o
 .debug_macro   0x00000000       0x36 ./Sources/UART.o
 .debug_macro   0x00000000    0x174c1 ./Sources/UART.o
 .debug_macro   0x00000000     0x1800 ./Sources/UART.o
 .debug_macro   0x00000000       0x94 ./Sources/UART.o
 .group         0x00000000        0x8 ./Sources/accel.o
 .group         0x00000000        0x8 ./Sources/accel.o
 .group         0x00000000        0x8 ./Sources/accel.o
 .group         0x00000000        0x8 ./Sources/accel.o
 .group         0x00000000        0x8 ./Sources/accel.o
 .group         0x00000000        0x8 ./Sources/accel.o
 .group         0x00000000        0x8 ./Sources/accel.o
 .group         0x00000000        0x8 ./Sources/accel.o
 .text          0x00000000        0x0 ./Sources/accel.o
 .data          0x00000000        0x0 ./Sources/accel.o
 .bss           0x00000000        0x0 ./Sources/accel.o
 .bss.INT_SOURCE_Union
                0x00000000        0x4 ./Sources/accel.o
 .bss.CTRL_REG3_Union
                0x00000000        0x4 ./Sources/accel.o
 .text.Accel_Init
                0x00000000       0xfc ./Sources/accel.o
 .text.Accel_ReadXYZ
                0x00000000       0x18 ./Sources/accel.o
 .debug_macro   0x00000000      0x850 ./Sources/accel.o
 .debug_macro   0x00000000       0x16 ./Sources/accel.o
 .debug_macro   0x00000000       0x44 ./Sources/accel.o
 .debug_macro   0x00000000      0x209 ./Sources/accel.o
 .debug_macro   0x00000000       0x22 ./Sources/accel.o
 .debug_macro   0x00000000    0x174c1 ./Sources/accel.o
 .debug_macro   0x00000000     0x1800 ./Sources/accel.o
 .group         0x00000000        0x8 ./Sources/main.o
 .group         0x00000000        0x8 ./Sources/main.o
 .group         0x00000000        0x8 ./Sources/main.o
 .group         0x00000000        0x8 ./Sources/main.o
 .group         0x00000000        0x8 ./Sources/main.o
 .group         0x00000000        0x8 ./Sources/main.o
 .group         0x00000000        0x8 ./Sources/main.o
 .group         0x00000000        0x8 ./Sources/main.o
 .group         0x00000000        0x8 ./Sources/main.o
 .group         0x00000000        0x8 ./Sources/main.o
 .group         0x00000000        0x8 ./Sources/main.o
 .group         0x00000000        0x8 ./Sources/main.o
 .group         0x00000000        0x8 ./Sources/main.o
 .group         0x00000000        0x8 ./Sources/main.o
 .text          0x00000000        0x0 ./Sources/main.o
 .data          0x00000000        0x0 ./Sources/main.o
 .bss           0x00000000        0x0 ./Sources/main.o
 .rodata.PROGRAM_PHRASE
                0x00000000        0x1 ./Sources/main.o
 .rodata.ERASE_FLASH_SECTOR
                0x00000000        0x1 ./Sources/main.o
 .rodata.PERIOD_LED_GREEN
                0x00000000        0x4 ./Sources/main.o
 .rodata.COMMAND_STARTUP
                0x00000000        0x1 ./Sources/main.o
 .rodata.COMMAND_VER
                0x00000000        0x1 ./Sources/main.o
 .rodata.COMMAND_NUM
                0x00000000        0x1 ./Sources/main.o
 .rodata.COMMAND_PROGRAMBYTE
                0x00000000        0x1 ./Sources/main.o
 .rodata.COMMAND_READBYTE
                0x00000000        0x1 ./Sources/main.o
 .rodata.COMMAND_MODE
                0x00000000        0x1 ./Sources/main.o
 .rodata.COMMAND_TIME
                0x00000000        0x1 ./Sources/main.o
 .rodata.COMMAND_PROTOCOL
                0x00000000        0x1 ./Sources/main.o
 .rodata.COMMAND_ACCEL
                0x00000000        0x1 ./Sources/main.o
 .rodata.PARAM_GET
                0x00000000        0x1 ./Sources/main.o
 .rodata.PARAM_SET
                0x00000000        0x1 ./Sources/main.o
 .rodata.TOWER_VER_MAJ
                0x00000000        0x1 ./Sources/main.o
 .rodata.TOWER_VER_MIN
                0x00000000        0x1 ./Sources/main.o
 .bss.FTMThreadStack
                0x00000000      0x190 ./Sources/main.o
 .bss.PITThreadStack
                0x00000000      0x190 ./Sources/main.o
 .bss.I2CThreadStack
                0x00000000      0x190 ./Sources/main.o
 .bss.AccelThreadStack
                0x00000000      0x190 ./Sources/main.o
 .text.RTCCallback
                0x00000000       0x38 ./Sources/main.o
 .text.AccelDataReadyCallback
                0x00000000       0x18 ./Sources/main.o
 .text.AccelReadCompleteCallback
                0x00000000      0x134 ./Sources/main.o
 .text.TowerInit
                0x00000000       0x64 ./Sources/main.o
 .text.TowerSet
                0x00000000       0xf8 ./Sources/main.o
 .bss.recentData.6875
                0x00000000        0xc ./Sources/main.o
 .debug_macro   0x00000000      0x850 ./Sources/main.o
 .debug_macro   0x00000000       0x16 ./Sources/main.o
 .debug_macro   0x00000000       0x44 ./Sources/main.o
 .debug_macro   0x00000000      0x209 ./Sources/main.o
 .debug_macro   0x00000000       0x22 ./Sources/main.o
 .debug_macro   0x00000000     0x1800 ./Sources/main.o
 .debug_macro   0x00000000    0x174c1 ./Sources/main.o
 .debug_macro   0x00000000       0x94 ./Sources/main.o
 .debug_macro   0x00000000       0x36 ./Sources/main.o
 .debug_macro   0x00000000      0x14e ./Sources/main.o
 .debug_macro   0x00000000       0x64 ./Sources/main.o
 .debug_macro   0x00000000       0x10 ./Sources/main.o
 .debug_macro   0x00000000       0x2e ./Sources/main.o
 .group         0x00000000        0x8 ./Sources/median.o
 .group         0x00000000        0x8 ./Sources/median.o
 .group         0x00000000        0x8 ./Sources/median.o
 .group         0x00000000        0x8 ./Sources/median.o
 .group         0x00000000        0x8 ./Sources/median.o
 .text          0x00000000        0x0 ./Sources/median.o
 .data          0x00000000        0x0 ./Sources/median.o
 .bss           0x00000000        0x0 ./Sources/median.o
 .text.Median_Filter3
                0x00000000       0x70 ./Sources/median.o
 .debug_info    0x00000000       0xe9 ./Sources/median.o
 .debug_abbrev  0x00000000       0x6c ./Sources/median.o
 .debug_aranges
                0x00000000       0x20 ./Sources/median.o
 .debug_ranges  0x00000000       0x10 ./Sources/median.o
 .debug_macro   0x00000000       0x5f ./Sources/median.o
 .debug_macro   0x00000000      0x850 ./Sources/median.o
 .debug_macro   0x00000000       0x16 ./Sources/median.o
 .debug_macro   0x00000000       0x44 ./Sources/median.o
 .debug_macro   0x00000000      0x209 ./Sources/median.o
 .debug_macro   0x00000000       0x22 ./Sources/median.o
 .debug_line    0x00000000      0x1a3 ./Sources/median.o
 .debug_str     0x00000000     0x2f8e ./Sources/median.o
 .comment       0x00000000       0x71 ./Sources/median.o
 .ARM.attributes
                0x00000000       0x39 ./Sources/median.o
 .debug_frame   0x00000000       0x2c ./Sources/median.o
 .group         0x00000000        0x8 ./Sources/packet.o
 .group         0x00000000        0x8 ./Sources/packet.o
 .group         0x00000000        0x8 ./Sources/packet.o
 .group         0x00000000        0x8 ./Sources/packet.o
 .group         0x00000000        0x8 ./Sources/packet.o
 .group         0x00000000        0x8 ./Sources/packet.o
 .group         0x00000000        0x8 ./Sources/packet.o
 .group         0x00000000        0x8 ./Sources/packet.o
 .group         0x00000000        0x8 ./Sources/packet.o
 .group         0x00000000        0x8 ./Sources/packet.o
 .group         0x00000000        0x8 ./Sources/packet.o
 .text          0x00000000        0x0 ./Sources/packet.o
 .data          0x00000000        0x0 ./Sources/packet.o
 .bss           0x00000000        0x0 ./Sources/packet.o
 .debug_macro   0x00000000      0x850 ./Sources/packet.o
 .debug_macro   0x00000000       0x16 ./Sources/packet.o
 .debug_macro   0x00000000       0x44 ./Sources/packet.o
 .debug_macro   0x00000000      0x209 ./Sources/packet.o
 .debug_macro   0x00000000       0x22 ./Sources/packet.o
 .debug_macro   0x00000000       0x36 ./Sources/packet.o
 .debug_macro   0x00000000       0x10 ./Sources/packet.o
 .debug_macro   0x00000000       0x3a ./Sources/packet.o
 .debug_macro   0x00000000    0x174c1 ./Sources/packet.o
 .debug_macro   0x00000000     0x1800 ./Sources/packet.o
 .debug_macro   0x00000000       0x94 ./Sources/packet.o
 .group         0x00000000        0x8 ./Project_Settings/Startup_Code/startup.o
 .group         0x00000000        0x8 ./Project_Settings/Startup_Code/startup.o
 .group         0x00000000        0x8 ./Project_Settings/Startup_Code/startup.o
 .group         0x00000000        0x8 ./Project_Settings/Startup_Code/startup.o
 .group         0x00000000        0x8 ./Project_Settings/Startup_Code/startup.o
 .group         0x00000000        0x8 ./Project_Settings/Startup_Code/startup.o
 .group         0x00000000        0x8 ./Project_Settings/Startup_Code/startup.o
 .group         0x00000000        0x8 ./Project_Settings/Startup_Code/startup.o
 .group         0x00000000        0x8 ./Project_Settings/Startup_Code/startup.o
 .group         0x00000000        0x8 ./Project_Settings/Startup_Code/startup.o
 .group         0x00000000        0x8 ./Project_Settings/Startup_Code/startup.o
 .group         0x00000000        0x8 ./Project_Settings/Startup_Code/startup.o
 .group         0x00000000        0x8 ./Project_Settings/Startup_Code/startup.o
 .group         0x00000000        0x8 ./Project_Settings/Startup_Code/startup.o
 .group         0x00000000        0x8 ./Project_Settings/Startup_Code/startup.o
 .group         0x00000000        0x8 ./Project_Settings/Startup_Code/startup.o
 .group         0x00000000        0x8 ./Project_Settings/Startup_Code/startup.o
 .group         0x00000000        0x8 ./Project_Settings/Startup_Code/startup.o
 .group         0x00000000        0x8 ./Project_Settings/Startup_Code/startup.o
 .text          0x00000000        0x0 ./Project_Settings/Startup_Code/startup.o
 .data          0x00000000        0x0 ./Project_Settings/Startup_Code/startup.o
 .bss           0x00000000        0x0 ./Project_Settings/Startup_Code/startup.o
 .text.__init_hardware
                0x00000000        0xc ./Project_Settings/Startup_Code/startup.o
 .text.__iar_program_start
                0x00000000        0xc ./Project_Settings/Startup_Code/startup.o
 .debug_macro   0x00000000      0x850 ./Project_Settings/Startup_Code/startup.o
 .debug_macro   0x00000000       0x16 ./Project_Settings/Startup_Code/startup.o
 .debug_macro   0x00000000       0x16 ./Project_Settings/Startup_Code/startup.o
 .debug_macro   0x00000000    0x174af ./Project_Settings/Startup_Code/startup.o
 .group         0x00000000        0x8 ./Generated_Code/Cpu.o
 .group         0x00000000        0x8 ./Generated_Code/Cpu.o
 .group         0x00000000        0x8 ./Generated_Code/Cpu.o
 .group         0x00000000        0x8 ./Generated_Code/Cpu.o
 .group         0x00000000        0x8 ./Generated_Code/Cpu.o
 .group         0x00000000        0x8 ./Generated_Code/Cpu.o
 .group         0x00000000        0x8 ./Generated_Code/Cpu.o
 .text          0x00000000        0x0 ./Generated_Code/Cpu.o
 .data          0x00000000        0x0 ./Generated_Code/Cpu.o
 .bss           0x00000000        0x0 ./Generated_Code/Cpu.o
 .debug_macro   0x00000000      0x850 ./Generated_Code/Cpu.o
 .debug_macro   0x00000000       0x16 ./Generated_Code/Cpu.o
 .debug_macro   0x00000000       0x44 ./Generated_Code/Cpu.o
 .debug_macro   0x00000000      0x209 ./Generated_Code/Cpu.o
 .debug_macro   0x00000000     0x17fa ./Generated_Code/Cpu.o
 .debug_macro   0x00000000    0x174c1 ./Generated_Code/Cpu.o
 .group         0x00000000        0x8 ./Generated_Code/Vectors.o
 .group         0x00000000        0x8 ./Generated_Code/Vectors.o
 .group         0x00000000        0x8 ./Generated_Code/Vectors.o
 .group         0x00000000        0x8 ./Generated_Code/Vectors.o
 .group         0x00000000        0x8 ./Generated_Code/Vectors.o
 .group         0x00000000        0x8 ./Generated_Code/Vectors.o
 .group         0x00000000        0x8 ./Generated_Code/Vectors.o
 .group         0x00000000        0x8 ./Generated_Code/Vectors.o
 .group         0x00000000        0x8 ./Generated_Code/Vectors.o
 .group         0x00000000        0x8 ./Generated_Code/Vectors.o
 .text          0x00000000        0x0 ./Generated_Code/Vectors.o
 .data          0x00000000        0x0 ./Generated_Code/Vectors.o
 .bss           0x00000000        0x0 ./Generated_Code/Vectors.o
 .debug_macro   0x00000000      0x850 ./Generated_Code/Vectors.o
 .debug_macro   0x00000000       0x16 ./Generated_Code/Vectors.o
 .debug_macro   0x00000000       0x44 ./Generated_Code/Vectors.o
 .debug_macro   0x00000000      0x209 ./Generated_Code/Vectors.o
 .debug_macro   0x00000000     0x17fa ./Generated_Code/Vectors.o
 .debug_macro   0x00000000    0x174c1 ./Generated_Code/Vectors.o
 .debug_macro   0x00000000       0x94 ./Generated_Code/Vectors.o
 .debug_macro   0x00000000       0x22 ./Generated_Code/Vectors.o
 .debug_macro   0x00000000       0x10 ./Generated_Code/Vectors.o
 .group         0x00000000        0x8 D:\Embedded Software\es18aut13\Lab5\Library\libOS.a(OS.o)
 .group         0x00000000        0x8 D:\Embedded Software\es18aut13\Lab5\Library\libOS.a(OS.o)
 .group         0x00000000        0x8 D:\Embedded Software\es18aut13\Lab5\Library\libOS.a(OS.o)
 .group         0x00000000        0x8 D:\Embedded Software\es18aut13\Lab5\Library\libOS.a(OS.o)
 .group         0x00000000        0x8 D:\Embedded Software\es18aut13\Lab5\Library\libOS.a(OS.o)
 .group         0x00000000        0x8 D:\Embedded Software\es18aut13\Lab5\Library\libOS.a(OS.o)
 .group         0x00000000        0x8 D:\Embedded Software\es18aut13\Lab5\Library\libOS.a(OS.o)
 .group         0x00000000        0x8 D:\Embedded Software\es18aut13\Lab5\Library\libOS.a(OS.o)
 .group         0x00000000        0x8 D:\Embedded Software\es18aut13\Lab5\Library\libOS.a(OS.o)
 .group         0x00000000        0x8 D:\Embedded Software\es18aut13\Lab5\Library\libOS.a(OS.o)
 .group         0x00000000        0x8 D:\Embedded Software\es18aut13\Lab5\Library\libOS.a(OS.o)
 .text          0x00000000        0x0 D:\Embedded Software\es18aut13\Lab5\Library\libOS.a(OS.o)
 .data          0x00000000        0x0 D:\Embedded Software\es18aut13\Lab5\Library\libOS.a(OS.o)
 .bss           0x00000000        0x0 D:\Embedded Software\es18aut13\Lab5\Library\libOS.a(OS.o)
 .rodata.OS_TICK_FREQUENCY
                0x00000000        0x4 D:\Embedded Software\es18aut13\Lab5\Library\libOS.a(OS.o)
 .text.OS_TimeDelay
                0x00000000       0x48 D:\Embedded Software\es18aut13\Lab5\Library\libOS.a(OS.o)
 .text.OS_TimeGet
                0x00000000       0x24 D:\Embedded Software\es18aut13\Lab5\Library\libOS.a(OS.o)
 .text.OS_TimeSet
                0x00000000       0x20 D:\Embedded Software\es18aut13\Lab5\Library\libOS.a(OS.o)
 .debug_macro   0x00000000      0x850 D:\Embedded Software\es18aut13\Lab5\Library\libOS.a(OS.o)
 .debug_macro   0x00000000       0x16 D:\Embedded Software\es18aut13\Lab5\Library\libOS.a(OS.o)
 .debug_macro   0x00000000       0x44 D:\Embedded Software\es18aut13\Lab5\Library\libOS.a(OS.o)
 .debug_macro   0x00000000      0x209 D:\Embedded Software\es18aut13\Lab5\Library\libOS.a(OS.o)
 .debug_macro   0x00000000     0x17fa D:\Embedded Software\es18aut13\Lab5\Library\libOS.a(OS.o)
 .debug_macro   0x00000000      0x14e D:\Embedded Software\es18aut13\Lab5\Library\libOS.a(OS.o)
 .debug_macro   0x00000000       0x64 D:\Embedded Software\es18aut13\Lab5\Library\libOS.a(OS.o)
 .debug_macro   0x00000000    0x174c1 D:\Embedded Software\es18aut13\Lab5\Library\libOS.a(OS.o)
 .debug_macro   0x00000000       0x22 D:\Embedded Software\es18aut13\Lab5\Library\libOS.a(OS.o)
 .debug_macro   0x00000000       0x30 D:\Embedded Software\es18aut13\Lab5\Library\libOS.a(OS.o)
 .text          0x00000000        0x0 c:/freescale/kds_3.0.0/toolchain/bin/../lib/gcc/arm-none-eabi/4.8.4/../../../../arm-none-eabi/lib/armv7e-m/fpu\libg_s.a(lib_a-exit.o)
 .data          0x00000000        0x0 c:/freescale/kds_3.0.0/toolchain/bin/../lib/gcc/arm-none-eabi/4.8.4/../../../../arm-none-eabi/lib/armv7e-m/fpu\libg_s.a(lib_a-exit.o)
 .bss           0x00000000        0x0 c:/freescale/kds_3.0.0/toolchain/bin/../lib/gcc/arm-none-eabi/4.8.4/../../../../arm-none-eabi/lib/armv7e-m/fpu\libg_s.a(lib_a-exit.o)
 .text          0x00000000        0x0 c:/freescale/kds_3.0.0/toolchain/bin/../lib/gcc/arm-none-eabi/4.8.4/../../../../arm-none-eabi/lib/armv7e-m/fpu\libg_s.a(lib_a-impure.o)
 .data          0x00000000        0x0 c:/freescale/kds_3.0.0/toolchain/bin/../lib/gcc/arm-none-eabi/4.8.4/../../../../arm-none-eabi/lib/armv7e-m/fpu\libg_s.a(lib_a-impure.o)
 .bss           0x00000000        0x0 c:/freescale/kds_3.0.0/toolchain/bin/../lib/gcc/arm-none-eabi/4.8.4/../../../../arm-none-eabi/lib/armv7e-m/fpu\libg_s.a(lib_a-impure.o)
 .data._impure_ptr
                0x00000000        0x4 c:/freescale/kds_3.0.0/toolchain/bin/../lib/gcc/arm-none-eabi/4.8.4/../../../../arm-none-eabi/lib/armv7e-m/fpu\libg_s.a(lib_a-impure.o)
 .text          0x00000000        0x0 c:/freescale/kds_3.0.0/toolchain/bin/../lib/gcc/arm-none-eabi/4.8.4/../../../../arm-none-eabi/lib/armv7e-m/fpu\libg_s.a(lib_a-init.o)
 .data          0x00000000        0x0 c:/freescale/kds_3.0.0/toolchain/bin/../lib/gcc/arm-none-eabi/4.8.4/../../../../arm-none-eabi/lib/armv7e-m/fpu\libg_s.a(lib_a-init.o)
 .bss           0x00000000        0x0 c:/freescale/kds_3.0.0/toolchain/bin/../lib/gcc/arm-none-eabi/4.8.4/../../../../arm-none-eabi/lib/armv7e-m/fpu\libg_s.a(lib_a-init.o)
 .text          0x00000000        0x0 c:/freescale/kds_3.0.0/toolchain/bin/../lib/gcc/arm-none-eabi/4.8.4/../../../../arm-none-eabi/lib/armv7e-m/fpu\libg_s.a(lib_a-memcpy-stub.o)
 .data          0x00000000        0x0 c:/freescale/kds_3.0.0/toolchain/bin/../lib/gcc/arm-none-eabi/4.8.4/../../../../arm-none-eabi/lib/armv7e-m/fpu\libg_s.a(lib_a-memcpy-stub.o)
 .bss           0x00000000        0x0 c:/freescale/kds_3.0.0/toolchain/bin/../lib/gcc/arm-none-eabi/4.8.4/../../../../arm-none-eabi/lib/armv7e-m/fpu\libg_s.a(lib_a-memcpy-stub.o)
 .text.memcpy   0x00000000       0x12 c:/freescale/kds_3.0.0/toolchain/bin/../lib/gcc/arm-none-eabi/4.8.4/../../../../arm-none-eabi/lib/armv7e-m/fpu\libg_s.a(lib_a-memcpy-stub.o)
 .ARM.attributes
                0x00000000       0x34 c:/freescale/kds_3.0.0/toolchain/bin/../lib/gcc/arm-none-eabi/4.8.4/../../../../arm-none-eabi/lib/armv7e-m/fpu\libg_s.a(lib_a-memcpy-stub.o)
 .debug_frame   0x00000000       0x28 c:/freescale/kds_3.0.0/toolchain/bin/../lib/gcc/arm-none-eabi/4.8.4/../../../../arm-none-eabi/lib/armv7e-m/fpu\libg_s.a(lib_a-memcpy-stub.o)
 .text          0x00000000        0x0 c:/freescale/kds_3.0.0/toolchain/bin/../lib/gcc/arm-none-eabi/4.8.4/../../../../arm-none-eabi/lib/armv7e-m/fpu\libg_s.a(lib_a-memset.o)
 .data          0x00000000        0x0 c:/freescale/kds_3.0.0/toolchain/bin/../lib/gcc/arm-none-eabi/4.8.4/../../../../arm-none-eabi/lib/armv7e-m/fpu\libg_s.a(lib_a-memset.o)
 .bss           0x00000000        0x0 c:/freescale/kds_3.0.0/toolchain/bin/../lib/gcc/arm-none-eabi/4.8.4/../../../../arm-none-eabi/lib/armv7e-m/fpu\libg_s.a(lib_a-memset.o)
 .text          0x00000000        0x0 c:/freescale/kds_3.0.0/toolchain/bin/../lib/gcc/arm-none-eabi/4.8.4/../../../../arm-none-eabi/lib/armv7e-m/fpu\libnosys.a(_exit.o)
 .data          0x00000000        0x0 c:/freescale/kds_3.0.0/toolchain/bin/../lib/gcc/arm-none-eabi/4.8.4/../../../../arm-none-eabi/lib/armv7e-m/fpu\libnosys.a(_exit.o)
 .bss           0x00000000        0x0 c:/freescale/kds_3.0.0/toolchain/bin/../lib/gcc/arm-none-eabi/4.8.4/../../../../arm-none-eabi/lib/armv7e-m/fpu\libnosys.a(_exit.o)
 .text          0x00000000        0x0 c:/freescale/kds_3.0.0/toolchain/bin/../lib/gcc/arm-none-eabi/4.8.4/armv7e-m/fpu/crtend.o
 .data          0x00000000        0x0 c:/freescale/kds_3.0.0/toolchain/bin/../lib/gcc/arm-none-eabi/4.8.4/armv7e-m/fpu/crtend.o
 .bss           0x00000000        0x0 c:/freescale/kds_3.0.0/toolchain/bin/../lib/gcc/arm-none-eabi/4.8.4/armv7e-m/fpu/crtend.o
 .eh_frame      0x00000000        0x4 c:/freescale/kds_3.0.0/toolchain/bin/../lib/gcc/arm-none-eabi/4.8.4/armv7e-m/fpu/crtend.o
 .jcr           0x00000000        0x4 c:/freescale/kds_3.0.0/toolchain/bin/../lib/gcc/arm-none-eabi/4.8.4/armv7e-m/fpu/crtend.o
 .ARM.attributes
                0x00000000       0x34 c:/freescale/kds_3.0.0/toolchain/bin/../lib/gcc/arm-none-eabi/4.8.4/armv7e-m/fpu/crtend.o
 .text          0x00000000        0x0 c:/freescale/kds_3.0.0/toolchain/bin/../lib/gcc/arm-none-eabi/4.8.4/armv7e-m/fpu/crtn.o
 .data          0x00000000        0x0 c:/freescale/kds_3.0.0/toolchain/bin/../lib/gcc/arm-none-eabi/4.8.4/armv7e-m/fpu/crtn.o
 .bss           0x00000000        0x0 c:/freescale/kds_3.0.0/toolchain/bin/../lib/gcc/arm-none-eabi/4.8.4/armv7e-m/fpu/crtn.o

Memory Configuration

Name             Origin             Length             Attributes
m_interrupts     0x00000000         0x000001e8         xr
m_text           0x00000410         0x0007fbf0         xr
m_data           0x1fff0000         0x00010000         rw
m_data_20000000  0x20000000         0x00010000         rw
m_cfmprotrom     0x00000400         0x00000010         xr
*default*        0x00000000         0xffffffff

Linker script and memory map

LOAD c:/freescale/kds_3.0.0/toolchain/bin/../lib/gcc/arm-none-eabi/4.8.4/armv7e-m/fpu/crti.o
LOAD c:/freescale/kds_3.0.0/toolchain/bin/../lib/gcc/arm-none-eabi/4.8.4/armv7e-m/fpu/crtbegin.o
LOAD c:/freescale/kds_3.0.0/toolchain/bin/../lib/gcc/arm-none-eabi/4.8.4/../../../../arm-none-eabi/lib/armv7e-m/fpu/crt0.o
LOAD ./Sources/Events.o
LOAD ./Sources/FIFO.o
LOAD ./Sources/FTM.o
LOAD ./Sources/Flash.o
LOAD ./Sources/I2C.o
LOAD ./Sources/LEDs.o
LOAD ./Sources/PIT.o
LOAD ./Sources/RTC.o
LOAD ./Sources/UART.o
LOAD ./Sources/accel.o
LOAD ./Sources/main.o
LOAD ./Sources/median.o
LOAD ./Sources/packet.o
LOAD ./Project_Settings/Startup_Code/startup.o
LOAD ./Generated_Code/Cpu.o
LOAD ./Generated_Code/Vectors.o
LOAD D:\Embedded Software\es18aut13\Lab5\Library\libOS.a
LOAD c:/freescale/kds_3.0.0/toolchain/bin/../lib/gcc/arm-none-eabi/4.8.4/../../../../arm-none-eabi/lib/armv7e-m/fpu\libstdc++_s.a
LOAD c:/freescale/kds_3.0.0/toolchain/bin/../lib/gcc/arm-none-eabi/4.8.4/../../../../arm-none-eabi/lib/armv7e-m/fpu\libm.a
START GROUP
LOAD c:/freescale/kds_3.0.0/toolchain/bin/../lib/gcc/arm-none-eabi/4.8.4/armv7e-m/fpu\libgcc.a
LOAD c:/freescale/kds_3.0.0/toolchain/bin/../lib/gcc/arm-none-eabi/4.8.4/../../../../arm-none-eabi/lib/armv7e-m/fpu\libg_s.a
LOAD c:/freescale/kds_3.0.0/toolchain/bin/../lib/gcc/arm-none-eabi/4.8.4/../../../../arm-none-eabi/lib/armv7e-m/fpu\libc_s.a
END GROUP
START GROUP
LOAD c:/freescale/kds_3.0.0/toolchain/bin/../lib/gcc/arm-none-eabi/4.8.4/armv7e-m/fpu\libgcc.a
LOAD c:/freescale/kds_3.0.0/toolchain/bin/../lib/gcc/arm-none-eabi/4.8.4/../../../../arm-none-eabi/lib/armv7e-m/fpu\libc_s.a
LOAD c:/freescale/kds_3.0.0/toolchain/bin/../lib/gcc/arm-none-eabi/4.8.4/../../../../arm-none-eabi/lib/armv7e-m/fpu\libnosys.a
END GROUP
START GROUP
LOAD c:/freescale/kds_3.0.0/toolchain/bin/../lib/gcc/arm-none-eabi/4.8.4/armv7e-m/fpu\libgcc.a
LOAD c:/freescale/kds_3.0.0/toolchain/bin/../lib/gcc/arm-none-eabi/4.8.4/../../../../arm-none-eabi/lib/armv7e-m/fpu\libc_s.a
LOAD c:/freescale/kds_3.0.0/toolchain/bin/../lib/gcc/arm-none-eabi/4.8.4/../../../../arm-none-eabi/lib/armv7e-m/fpu\libnosys.a
END GROUP
LOAD c:/freescale/kds_3.0.0/toolchain/bin/../lib/gcc/arm-none-eabi/4.8.4/armv7e-m/fpu/crtend.o
LOAD c:/freescale/kds_3.0.0/toolchain/bin/../lib/gcc/arm-none-eabi/4.8.4/armv7e-m/fpu/crtn.o
                0x20000000                _estack = 0x20000000
                0x20000000                __SP_INIT = _estack
                0x20000000                __stack = _estack
                0x00000000                __heap_size = 0x0
                0x00000400                __stack_size = 0x400

.interrupts     0x00000000      0x1e8
                0x00000000                __vector_table = .
                0x00000000                . = ALIGN (0x4)
 *(.vectortable)
 .vectortable   0x00000000      0x1e8 ./Generated_Code/Vectors.o
                0x00000000                __vect_table
                0x000001e8                . = ALIGN (0x4)

.cfmprotect     0x00000400       0x10
                0x00000400                . = ALIGN (0x4)
 *(.cfmconfig)
 .cfmconfig     0x00000400       0x10 ./Generated_Code/Cpu.o
                0x00000400                _cfm
                0x00000410                . = ALIGN (0x4)

.text           0x00000410     0x2898
                0x00000410                . = ALIGN (0x4)
 *(.text)
 .text          0x00000410       0x54 c:/freescale/kds_3.0.0/toolchain/bin/../lib/gcc/arm-none-eabi/4.8.4/armv7e-m/fpu/crtbegin.o
 .text          0x00000464       0x74 c:/freescale/kds_3.0.0/toolchain/bin/../lib/gcc/arm-none-eabi/4.8.4/../../../../arm-none-eabi/lib/armv7e-m/fpu/crt0.o
                0x00000464                _start
                0x00000464                _mainCRTStartup
 *(.text*)
 .text.FIFO_Init
                0x000004d8       0x48 ./Sources/FIFO.o
                0x000004d8                FIFO_Init
 .text.FIFO_Put
                0x00000520       0x74 ./Sources/FIFO.o
                0x00000520                FIFO_Put
 .text.FIFO_Get
                0x00000594       0x74 ./Sources/FIFO.o
                0x00000594                FIFO_Get
 .text.FTM_Init
                0x00000608       0xfc ./Sources/FTM.o
                0x00000608                FTM_Init
 .text.FTM_Set  0x00000704       0xf8 ./Sources/FTM.o
                0x00000704                FTM_Set
 .text.FTM_StartTimer
                0x000007fc       0x78 ./Sources/FTM.o
                0x000007fc                FTM_StartTimer
 .text.FTM0_ISR
                0x00000874       0xa4 ./Sources/FTM.o
                0x00000874                FTM0_ISR
 .text.Flash_Write32
                0x00000918       0x58 ./Sources/Flash.o
                0x00000918                Flash_Write32
 .text.Flash_Write16
                0x00000970       0x60 ./Sources/Flash.o
                0x00000970                Flash_Write16
 .text.Flash_Write8
                0x000009d0       0x60 ./Sources/Flash.o
                0x000009d0                Flash_Write8
 .text.Flash_Erase
                0x00000a30       0x14 ./Sources/Flash.o
                0x00000a30                Flash_Erase
 .text.LaunchCommand
                0x00000a44       0x98 ./Sources/Flash.o
 .text.WritePhrase
                0x00000adc       0xe8 ./Sources/Flash.o
 .text.EraseSector
                0x00000bc4       0x38 ./Sources/Flash.o
 .text.StartCondition
                0x00000bfc       0x30 ./Sources/I2C.o
 .text.StopCondition
                0x00000c2c       0x20 ./Sources/I2C.o
 .text.WaitCondition
                0x00000c4c       0x28 ./Sources/I2C.o
 .text.BusyCondition
                0x00000c74       0x20 ./Sources/I2C.o
 .text.RepeatCondition
                0x00000c94       0x20 ./Sources/I2C.o
 .text.I2C_Write
                0x00000cb4       0x4c ./Sources/I2C.o
                0x00000cb4                I2C_Write
 .text.I2C_ISR  0x00000d00      0x1a0 ./Sources/I2C.o
                0x00000d00                I2C_ISR
 .text.LEDs_Init
                0x00000ea0       0xd4 ./Sources/LEDs.o
                0x00000ea0                LEDs_Init
 .text.LEDs_On  0x00000f74       0x24 ./Sources/LEDs.o
                0x00000f74                LEDs_On
 .text.LEDs_Off
                0x00000f98       0x24 ./Sources/LEDs.o
                0x00000f98                LEDs_Off
 .text.LEDs_Toggle
                0x00000fbc       0x24 ./Sources/LEDs.o
                0x00000fbc                LEDs_Toggle
 .text.PIT_Set  0x00000fe0       0x5c ./Sources/PIT.o
                0x00000fe0                PIT_Set
 .text.PIT_Enable
                0x0000103c       0x40 ./Sources/PIT.o
                0x0000103c                PIT_Enable
 .text.PIT_ISR  0x0000107c       0x40 ./Sources/PIT.o
                0x0000107c                PIT_ISR
 .text.RTC_Init
                0x000010bc       0xec ./Sources/RTC.o
                0x000010bc                RTC_Init
 .text.RTC_Set  0x000011a8       0x5c ./Sources/RTC.o
                0x000011a8                RTC_Set
 .text.RTC_Get  0x00001204       0x9c ./Sources/RTC.o
                0x00001204                RTC_Get
 .text.RTC_ISR  0x000012a0       0x2c ./Sources/RTC.o
                0x000012a0                RTC_ISR
 .text.UART_Init
                0x000012cc      0x198 ./Sources/UART.o
                0x000012cc                UART_Init
 .text.UART_InChar
                0x00001464       0x20 ./Sources/UART.o
                0x00001464                UART_InChar
 .text.UART_OutChar
                0x00001484       0x24 ./Sources/UART.o
                0x00001484                UART_OutChar
 .text.UART_ISR
                0x000014a8       0x94 ./Sources/UART.o
                0x000014a8                UART_ISR
 .text.Accel_SetMode
                0x0000153c      0x114 ./Sources/accel.o
                0x0000153c                Accel_SetMode
 .text.AccelDataReady_ISR
                0x00001650       0x4c ./Sources/accel.o
                0x00001650                AccelDataReady_ISR
 .text.HandleTowerStartup
                0x0000169c       0xa4 ./Sources/main.o
                0x0000169c                HandleTowerStartup
 .text.HandleTowerVersion
                0x00001740       0x28 ./Sources/main.o
                0x00001740                HandleTowerVersion
 .text.HandleTowerNumber
                0x00001768       0x68 ./Sources/main.o
                0x00001768                HandleTowerNumber
 .text.HandleTowerProgramByte
                0x000017d0       0x58 ./Sources/main.o
                0x000017d0                HandleTowerProgramByte
 .text.HandleTowerReadByte
                0x00001828       0x48 ./Sources/main.o
                0x00001828                HandleTowerReadByte
 .text.HandleTowerMode
                0x00001870       0x68 ./Sources/main.o
                0x00001870                HandleTowerMode
 .text.HandleTowerSetTime
                0x000018d8       0x40 ./Sources/main.o
                0x000018d8                HandleTowerSetTime
 .text.HandleTowerProtocol
                0x00001918       0x88 ./Sources/main.o
                0x00001918                HandleTowerProtocol
 .text.ReceivedPacket
                0x000019a0      0x150 ./Sources/main.o
                0x000019a0                ReceivedPacket
 .text.FTMCallbackCh0
                0x00001af0       0x18 ./Sources/main.o
                0x00001af0                FTMCallbackCh0
 .text.InitModulesThread
                0x00001b08       0x50 ./Sources/main.o
 .text.RxUARTThread
                0x00001b58       0x30 ./Sources/main.o
 .text.TxUARTThread
                0x00001b88       0x50 ./Sources/main.o
 .text.PacketThread
                0x00001bd8       0x60 ./Sources/main.o
 .text.RTCThread
                0x00001c38       0x44 ./Sources/main.o
 .text.main     0x00001c7c       0x9c ./Sources/main.o
                0x00001c7c                main
 .text.Packet_Init
                0x00001d18       0x2c ./Sources/packet.o
                0x00001d18                Packet_Init
 .text.Packet_Get
                0x00001d44       0x70 ./Sources/packet.o
                0x00001d44                Packet_Get
 .text.Packet_Put
                0x00001db4       0x84 ./Sources/packet.o
                0x00001db4                Packet_Put
 .text.__copy_rom_section
                0x00001e38       0xe4 ./Project_Settings/Startup_Code/startup.o
                0x00001e38                __copy_rom_section
 .text.__copy_rom_sections_to_ram
                0x00001f1c       0x9c ./Project_Settings/Startup_Code/startup.o
                0x00001f1c                __copy_rom_sections_to_ram
 .text.__init_registers
                0x00001fb8       0x20 ./Project_Settings/Startup_Code/startup.o
                0x00001fb8                __init_registers
 .text.__init_user
                0x00001fd8        0xc ./Project_Settings/Startup_Code/startup.o
                0x00001fd8                __init_user
 .text.__thumb_startup
                0x00001fe4       0x34 ./Project_Settings/Startup_Code/startup.o
                0x00001fe4                __thumb_startup
 .text.Cpu_Interrupt
                0x00002018       0x18 ./Generated_Code/Cpu.o
                0x00002018                Cpu_Interrupt
 .text.__init_hardware
                0x00002030      0x17c ./Generated_Code/Cpu.o
                0x00002030                __init_hardware
 .text.Cpu_SetBASEPRI
                0x000021ac       0x18 ./Generated_Code/Cpu.o
                0x000021ac                Cpu_SetBASEPRI
 .text.PE_low_level_init
                0x000021c4       0xe4 ./Generated_Code/Cpu.o
                0x000021c4                PE_low_level_init
 .text.OS_Init  0x000022a8      0x110 D:\Embedded Software\es18aut13\Lab5\Library\libOS.a(OS.o)
                0x000022a8                OS_Init
 .text.OS_ISREnter
                0x000023b8       0x20 D:\Embedded Software\es18aut13\Lab5\Library\libOS.a(OS.o)
                0x000023b8                OS_ISREnter
 .text.OS_ISRExit
                0x000023d8       0x1c D:\Embedded Software\es18aut13\Lab5\Library\libOS.a(OS.o)
                0x000023d8                OS_ISRExit
 .text.OS_SemaphoreCreate
                0x000023f4       0x90 D:\Embedded Software\es18aut13\Lab5\Library\libOS.a(OS.o)
                0x000023f4                OS_SemaphoreCreate
 .text.OS_SemaphoreSignal
                0x00002484       0x44 D:\Embedded Software\es18aut13\Lab5\Library\libOS.a(OS.o)
                0x00002484                OS_SemaphoreSignal
 .text.OS_SemaphoreWait
                0x000024c8       0x58 D:\Embedded Software\es18aut13\Lab5\Library\libOS.a(OS.o)
                0x000024c8                OS_SemaphoreWait
 .text.OS_Start
                0x00002520       0x10 D:\Embedded Software\es18aut13\Lab5\Library\libOS.a(OS.o)
                0x00002520                OS_Start
 .text.OS_ThreadCreate
                0x00002530      0x160 D:\Embedded Software\es18aut13\Lab5\Library\libOS.a(OS.o)
                0x00002530                OS_ThreadCreate
 .text.OS_ThreadDelete
                0x00002690      0x18c D:\Embedded Software\es18aut13\Lab5\Library\libOS.a(OS.o)
                0x00002690                OS_ThreadDelete
 .text.EventThreadReady
                0x0000281c       0x68 D:\Embedded Software\es18aut13\Lab5\Library\libOS.a(OS.o)
 .text.EventThreadWait
                0x00002884       0x64 D:\Embedded Software\es18aut13\Lab5\Library\libOS.a(OS.o)
 .text.EventTimeout
                0x000028e8       0x40 D:\Embedded Software\es18aut13\Lab5\Library\libOS.a(OS.o)
 .text.Idle     0x00002928       0x18 D:\Embedded Software\es18aut13\Lab5\Library\libOS.a(OS.o)
 .text.FindFirstSet
                0x00002940       0x44 D:\Embedded Software\es18aut13\Lab5\Library\libOS.a(OS.o)
 .text.Schedule
                0x00002984       0x64 D:\Embedded Software\es18aut13\Lab5\Library\libOS.a(OS.o)
 .text.TCBInit  0x000029e8       0xcc D:\Embedded Software\es18aut13\Lab5\Library\libOS.a(OS.o)
 .text.TimeTick
                0x00002ab4       0x74 D:\Embedded Software\es18aut13\Lab5\Library\libOS.a(OS.o)
 *fill*         0x00002b28        0x8 
 .text.OS_ContextSwitchISR
                0x00002b30       0x70 D:\Embedded Software\es18aut13\Lab5\Library\libOS.a(OS.o)
                0x00002b30                OS_ContextSwitchISR
 .text.OS_SysTickISR
                0x00002ba0       0x5c D:\Embedded Software\es18aut13\Lab5\Library\libOS.a(OS.o)
                0x00002ba0                OS_SysTickISR
 .text.exit     0x00002bfc       0x28 c:/freescale/kds_3.0.0/toolchain/bin/../lib/gcc/arm-none-eabi/4.8.4/../../../../arm-none-eabi/lib/armv7e-m/fpu\libg_s.a(lib_a-exit.o)
                0x00002bfc                exit
 .text.__libc_init_array
                0x00002c24       0x4c c:/freescale/kds_3.0.0/toolchain/bin/../lib/gcc/arm-none-eabi/4.8.4/../../../../arm-none-eabi/lib/armv7e-m/fpu\libg_s.a(lib_a-init.o)
                0x00002c24                __libc_init_array
 .text.memset   0x00002c70       0x10 c:/freescale/kds_3.0.0/toolchain/bin/../lib/gcc/arm-none-eabi/4.8.4/../../../../arm-none-eabi/lib/armv7e-m/fpu\libg_s.a(lib_a-memset.o)
                0x00002c70                memset
 .text._exit    0x00002c80        0x4 c:/freescale/kds_3.0.0/toolchain/bin/../lib/gcc/arm-none-eabi/4.8.4/../../../../arm-none-eabi/lib/armv7e-m/fpu\libnosys.a(_exit.o)
                0x00002c80                _exit
 *(.rodata)
 *(.rodata*)
 .rodata.PERIOD_I2C_POLL
                0x00002c84        0x4 ./Sources/main.o
                0x00002c84                PERIOD_I2C_POLL
 .rodata.PACKET_ACK_MASK
                0x00002c88        0x1 ./Sources/packet.o
                0x00002c88                PACKET_ACK_MASK
 .rodata.str1.1
                0x00002c89        0x2 c:/freescale/kds_3.0.0/toolchain/bin/../lib/gcc/arm-none-eabi/4.8.4/../../../../arm-none-eabi/lib/armv7e-m/fpu\libg_s.a(lib_a-impure.o)
 *fill*         0x00002c8b        0x1 
 .rodata._global_impure_ptr
                0x00002c8c        0x4 c:/freescale/kds_3.0.0/toolchain/bin/../lib/gcc/arm-none-eabi/4.8.4/../../../../arm-none-eabi/lib/armv7e-m/fpu\libg_s.a(lib_a-impure.o)
                0x00002c8c                _global_impure_ptr
 *(.glue_7)
 .glue_7        0x00000000        0x0 linker stubs
 *(.glue_7t)
 .glue_7t       0x00000000        0x0 linker stubs
 *(.eh_frame)
 .eh_frame      0x00002c90        0x0 c:/freescale/kds_3.0.0/toolchain/bin/../lib/gcc/arm-none-eabi/4.8.4/armv7e-m/fpu/crtbegin.o
 *(.init)
 .init          0x00002c90        0x4 c:/freescale/kds_3.0.0/toolchain/bin/../lib/gcc/arm-none-eabi/4.8.4/armv7e-m/fpu/crti.o
                0x00002c90                _init
 .init          0x00002c94        0x8 c:/freescale/kds_3.0.0/toolchain/bin/../lib/gcc/arm-none-eabi/4.8.4/armv7e-m/fpu/crtn.o
 *(.fini)
 .fini          0x00002c9c        0x4 c:/freescale/kds_3.0.0/toolchain/bin/../lib/gcc/arm-none-eabi/4.8.4/armv7e-m/fpu/crti.o
                0x00002c9c                _fini
 .fini          0x00002ca0        0x8 c:/freescale/kds_3.0.0/toolchain/bin/../lib/gcc/arm-none-eabi/4.8.4/armv7e-m/fpu/crtn.o
                0x00002ca8                . = ALIGN (0x4)
                0x00002ca8                _etext = .

.vfp11_veneer   0x00002ca8        0x0
 .vfp11_veneer  0x00000000        0x0 linker stubs

.v4_bx          0x00002ca8        0x0
 .v4_bx         0x00000000        0x0 linker stubs

.iplt           0x00002ca8        0x0
 .iplt          0x00000000        0x0 c:/freescale/kds_3.0.0/toolchain/bin/../lib/gcc/arm-none-eabi/4.8.4/armv7e-m/fpu/crtbegin.o

.ARM.extab
 *(.ARM.extab* .gnu.linkonce.armextab.*)

.ARM            0x00002ca8        0x8
                0x00002ca8                __exidx_start = .
 *(.ARM.exidx*)
 .ARM.exidx     0x00002ca8        0x8 c:/freescale/kds_3.0.0/toolchain/bin/../lib/gcc/arm-none-eabi/4.8.4/../../../../arm-none-eabi/lib/armv7e-m/fpu/crt0.o
                0x00002cb0                __exidx_end = .

.rel.dyn        0x00002cb0        0x0
 .rel.iplt      0x00000000        0x0 c:/freescale/kds_3.0.0/toolchain/bin/../lib/gcc/arm-none-eabi/4.8.4/armv7e-m/fpu/crtbegin.o

.ctors          0x00002cb0        0x0
                0x00002cb0                __CTOR_LIST__ = .
 *crtbegin.o(.ctors)
 *(EXCLUDE_FILE(*crtend.o) .ctors)
 *(SORT(.ctors.*))
 *(.ctors)
                0x00002cb0                __CTOR_END__ = .

.dtors          0x00002cb0        0x0
                0x00002cb0                __DTOR_LIST__ = .
 *crtbegin.o(.dtors)
 *(EXCLUDE_FILE(*crtend.o) .dtors)
 *(SORT(.dtors.*))
 *(.dtors)
                0x00002cb0                __DTOR_END__ = .

.preinit_array  0x00002cb0        0x0
                0x00002cb0                PROVIDE (__preinit_array_start, .)
 *(.preinit_array*)
                0x00002cb0                PROVIDE (__preinit_array_end, .)

.init_array     0x00002cb0        0x4
                0x00002cb0                PROVIDE (__init_array_start, .)
 *(SORT(.init_array.*))
 *(.init_array*)
 .init_array    0x00002cb0        0x4 c:/freescale/kds_3.0.0/toolchain/bin/../lib/gcc/arm-none-eabi/4.8.4/armv7e-m/fpu/crtbegin.o
                0x00002cb4                PROVIDE (__init_array_end, .)

.fini_array     0x00002cb4        0x4
                0x00002cb4                PROVIDE (__fini_array_start, .)
 *(SORT(.fini_array.*))
 *(.fini_array*)
 .fini_array    0x00002cb4        0x4 c:/freescale/kds_3.0.0/toolchain/bin/../lib/gcc/arm-none-eabi/4.8.4/armv7e-m/fpu/crtbegin.o
                0x00002cb8                PROVIDE (__fini_array_end, .)
                0x00002cb8                ___ROM_AT = .

.data           0x1fff0000       0x64 load address 0x00002cb8
                0x1fff0000                . = ALIGN (0x4)
                0x1fff0000                _sdata = .
 *(.data)
 *(.data*)
 .data.SlaveDeviceAddress
                0x1fff0000        0x1 ./Sources/I2C.o
 *fill*         0x1fff0001        0x3 
 .data.impure_data
                0x1fff0004       0x60 c:/freescale/kds_3.0.0/toolchain/bin/../lib/gcc/arm-none-eabi/4.8.4/../../../../arm-none-eabi/lib/armv7e-m/fpu\libg_s.a(lib_a-impure.o)
                0x1fff0064                . = ALIGN (0x4)
                0x1fff0064                _edata = .
                0x00000064                ___data_size = (_edata - _sdata)
                0x00002d1c                ___m_data_20000000_ROMStart = (___ROM_AT + SIZEOF (.data))

.jcr            0x1fff0064        0x0 load address 0x00002d1c
 .jcr           0x1fff0064        0x0 c:/freescale/kds_3.0.0/toolchain/bin/../lib/gcc/arm-none-eabi/4.8.4/armv7e-m/fpu/crtbegin.o

.igot.plt       0x1fff0064        0x0 load address 0x00002d1c
 .igot.plt      0x00000000        0x0 c:/freescale/kds_3.0.0/toolchain/bin/../lib/gcc/arm-none-eabi/4.8.4/armv7e-m/fpu/crtbegin.o

.m_data_20000000
                0x20000000        0x0 load address 0x00002d1c
                0x20000000                . = ALIGN (0x4)
                0x20000000                ___m_data_20000000_RAMStart = .
 *(.m_data_20000000)
                0x20000000                ___m_data_20000000_RAMEnd = .
                0x20000000                . = ALIGN (0x4)
                0x00000000                ___m_data_20000000_ROMSize = (___m_data_20000000_RAMEnd - ___m_data_20000000_RAMStart)
                0x20000000                . = ALIGN (0x4)

.bss            0x1fff0068     0x1374 load address 0x00002d20
                0x1fff0068                __START_BSS = .
                0x1fff0068                PROVIDE (__bss_start__, __START_BSS)
 *(.bss)
 .bss           0x1fff0068       0x1c c:/freescale/kds_3.0.0/toolchain/bin/../lib/gcc/arm-none-eabi/4.8.4/armv7e-m/fpu/crtbegin.o
 *(.bss*)
 .bss.UserFunction
                0x1fff0084       0x20 ./Sources/FTM.o
 .bss.UserArguments
                0x1fff00a4       0x20 ./Sources/FTM.o
 .bss.ReadCompleteCallbackFunction
                0x1fff00c4        0x4 ./Sources/I2C.o
 .bss.ReadCompleteCallbackArguments
                0x1fff00c8        0x4 ./Sources/I2C.o
 .bss.SlaveDeviceReadAddress
                0x1fff00cc        0x1 ./Sources/I2C.o
 .bss.NbBytes   0x1fff00cd        0x1 ./Sources/I2C.o
 *fill*         0x1fff00ce        0x2 
 .bss.DataPtr   0x1fff00d0        0x4 ./Sources/I2C.o
 .bss.stage.6614
                0x1fff00d4        0x1 ./Sources/I2C.o
 .bss.readCount.6615
                0x1fff00d5        0x1 ./Sources/I2C.o
 *fill*         0x1fff00d6        0x2 
 .bss.ModuleClk
                0x1fff00d8        0x4 ./Sources/PIT.o
 .bss.UserFunction
                0x1fff00dc        0x4 ./Sources/PIT.o
 .bss.UserArguments
                0x1fff00e0        0x4 ./Sources/PIT.o
 .bss.CTRL_REG1_Union
                0x1fff00e4        0x4 ./Sources/accel.o
 .bss.CTRL_REG4_Union
                0x1fff00e8        0x4 ./Sources/accel.o
 .bss.CTRL_REG5_Union
                0x1fff00ec        0x4 ./Sources/accel.o
 .bss.DataReadyCallbackFunction
                0x1fff00f0        0x4 ./Sources/accel.o
 .bss.DataReadyCallbackArguments
                0x1fff00f4        0x4 ./Sources/accel.o
 .bss.InitModulesThreadStack
                0x1fff00f8      0x190 ./Sources/main.o
 .bss.RxUARTThreadStack
                0x1fff0288      0x190 ./Sources/main.o
 .bss.TxUARTThreadStack
                0x1fff0418      0x190 ./Sources/main.o
 .bss.RTCThreadStack
                0x1fff05a8      0x190 ./Sources/main.o
 .bss.PacketThreadStack
                0x1fff0738      0x190 ./Sources/main.o
 .bss.PacketPutAccess
                0x1fff08c8        0x4 ./Sources/packet.o
 .bss.SR_lock   0x1fff08cc        0x1 ./Generated_Code/Cpu.o
                0x1fff08cc                SR_lock
 *fill*         0x1fff08cd        0x3 
 .bss.TCBUnusedMain
                0x1fff08d0       0x18 D:\Embedded Software\es18aut13\Lab5\Library\libOS.a(OS.o)
 .bss.TCBTable  0x1fff08e8      0x300 D:\Embedded Software\es18aut13\Lab5\Library\libOS.a(OS.o)
 .bss.pTCBFreeList
                0x1fff0be8        0x4 D:\Embedded Software\es18aut13\Lab5\Library\libOS.a(OS.o)
 .bss.pTCBAllocatedList
                0x1fff0bec        0x4 D:\Embedded Software\es18aut13\Lab5\Library\libOS.a(OS.o)
 .bss.pTCBPriorityTable
                0x1fff0bf0       0x80 D:\Embedded Software\es18aut13\Lab5\Library\libOS.a(OS.o)
 .bss.pTCBRunning
                0x1fff0c70        0x4 D:\Embedded Software\es18aut13\Lab5\Library\libOS.a(OS.o)
 .bss.pTCBHighestReady
                0x1fff0c74        0x4 D:\Embedded Software\es18aut13\Lab5\Library\libOS.a(OS.o)
 .bss.ReadyList
                0x1fff0c78        0x4 D:\Embedded Software\es18aut13\Lab5\Library\libOS.a(OS.o)
 .bss.ECBTable  0x1fff0c7c      0x100 D:\Embedded Software\es18aut13\Lab5\Library\libOS.a(OS.o)
 .bss.NextECBFree
                0x1fff0d7c        0x1 D:\Embedded Software\es18aut13\Lab5\Library\libOS.a(OS.o)
 *fill*         0x1fff0d7d        0x3 
 .bss.IdleCounter
                0x1fff0d80        0x4 D:\Embedded Software\es18aut13\Lab5\Library\libOS.a(OS.o)
 *fill*         0x1fff0d84        0x4 
 .bss.IdleStack
                0x1fff0d88      0x400 D:\Embedded Software\es18aut13\Lab5\Library\libOS.a(OS.o)
 .bss.Ticks     0x1fff1188        0x4 D:\Embedded Software\es18aut13\Lab5\Library\libOS.a(OS.o)
 .bss.ToggleCntr
                0x1fff118c        0x4 D:\Embedded Software\es18aut13\Lab5\Library\libOS.a(OS.o)
 .bss.ToggleLED
                0x1fff1190        0x1 D:\Embedded Software\es18aut13\Lab5\Library\libOS.a(OS.o)
 .bss.ISRNestLevel
                0x1fff1191        0x1 D:\Embedded Software\es18aut13\Lab5\Library\libOS.a(OS.o)
 *(COMMON)
 *fill*         0x1fff1192        0x2 
 COMMON         0x1fff1194        0x4 ./Sources/RTC.o
                0x1fff1194                RTCRead
 COMMON         0x1fff1198      0x22c ./Sources/UART.o
                0x1fff1198                DummyRead
                0x1fff119c                TxUART
                0x1fff11a0                TxFIFO
                0x1fff12b0                RxFIFO
                0x1fff13c0                RxUART
 COMMON         0x1fff13c4        0xf ./Sources/main.o
                0x1fff13c4                NvTowerMd
                0x1fff13c8                NvTowerNb
                0x1fff13cc                NvTowerPo
                0x1fff13d0                AccelNewData
 *fill*         0x1fff13d3        0x1 
 COMMON         0x1fff13d4        0x5 ./Sources/packet.o
                0x1fff13d4                Packet
 COMMON         0x1fff13d9        0x1 ./Generated_Code/Cpu.o
                0x1fff13d9                SR_reg
                0x1fff13dc                . = ALIGN (0x4)
 *fill*         0x1fff13da        0x2 
                0x1fff13dc                __END_BSS = .
                0x1fff13dc                PROVIDE (__bss_end__, __END_BSS)
                0x00002d1c                _romp_at = ((___ROM_AT + SIZEOF (.data)) + SIZEOF (.m_data_20000000))

.romp           0x1fff13dc       0x24 load address 0x00002d1c
                0x00002d1c                __S_romp = _romp_at
                0x1fff13dc        0x4 LONG 0x2cb8 ___ROM_AT
                0x1fff13e0        0x4 LONG 0x1fff0000 _sdata
                0x1fff13e4        0x4 LONG 0x64 ___data_size
                0x1fff13e8        0x4 LONG 0x2d1c ___m_data_20000000_ROMStart
                0x1fff13ec        0x4 LONG 0x20000000 ___m_data_20000000_RAMStart
                0x1fff13f0        0x4 LONG 0x0 ___m_data_20000000_ROMSize
                0x1fff13f4        0x4 LONG 0x0
                0x1fff13f8        0x4 LONG 0x0
                0x1fff13fc        0x4 LONG 0x0

._user_heap_stack
                0x1fff1400      0x400 load address 0x00002d40
                0x1fff1400                . = ALIGN (0x4)
                0x1fff1400                PROVIDE (end, .)
                0x1fff1400                PROVIDE (_end, .)
                0x1fff1400                __heap_addr = .
                0x1fff1400                __HeapBase = .
                0x1fff1400                . = (. + __heap_size)
                0x1fff1400                __HeapLimit = .
                0x1fff1800                . = (. + __stack_size)
 *fill*         0x1fff1400      0x400 
                0x1fff1800                . = ALIGN (0x4)

.ARM.attributes
                0x00000000       0x30
 *(.ARM.attributes)
 .ARM.attributes
                0x00000000       0x22 c:/freescale/kds_3.0.0/toolchain/bin/../lib/gcc/arm-none-eabi/4.8.4/armv7e-m/fpu/crti.o
 .ARM.attributes
                0x00000022       0x34 c:/freescale/kds_3.0.0/toolchain/bin/../lib/gcc/arm-none-eabi/4.8.4/armv7e-m/fpu/crtbegin.o
 .ARM.attributes
                0x00000056       0x20 c:/freescale/kds_3.0.0/toolchain/bin/../lib/gcc/arm-none-eabi/4.8.4/../../../../arm-none-eabi/lib/armv7e-m/fpu/crt0.o
 .ARM.attributes
                0x00000076       0x39 ./Sources/FIFO.o
 .ARM.attributes
                0x000000af       0x39 ./Sources/FTM.o
 .ARM.attributes
                0x000000e8       0x39 ./Sources/Flash.o
 .ARM.attributes
                0x00000121       0x39 ./Sources/I2C.o
 .ARM.attributes
                0x0000015a       0x39 ./Sources/LEDs.o
 .ARM.attributes
                0x00000193       0x39 ./Sources/PIT.o
 .ARM.attributes
                0x000001cc       0x39 ./Sources/RTC.o
 .ARM.attributes
                0x00000205       0x39 ./Sources/UART.o
 .ARM.attributes
                0x0000023e       0x39 ./Sources/accel.o
 .ARM.attributes
                0x00000277       0x39 ./Sources/main.o
 .ARM.attributes
                0x000002b0       0x39 ./Sources/packet.o
 .ARM.attributes
                0x000002e9       0x39 ./Project_Settings/Startup_Code/startup.o
 .ARM.attributes
                0x00000322       0x39 ./Generated_Code/Cpu.o
 .ARM.attributes
                0x0000035b       0x39 ./Generated_Code/Vectors.o
 .ARM.attributes
                0x00000394       0x39 D:\Embedded Software\es18aut13\Lab5\Library\libOS.a(OS.o)
 .ARM.attributes
                0x000003cd       0x34 c:/freescale/kds_3.0.0/toolchain/bin/../lib/gcc/arm-none-eabi/4.8.4/../../../../arm-none-eabi/lib/armv7e-m/fpu\libg_s.a(lib_a-exit.o)
 .ARM.attributes
                0x00000401       0x34 c:/freescale/kds_3.0.0/toolchain/bin/../lib/gcc/arm-none-eabi/4.8.4/../../../../arm-none-eabi/lib/armv7e-m/fpu\libg_s.a(lib_a-impure.o)
 .ARM.attributes
                0x00000435       0x34 c:/freescale/kds_3.0.0/toolchain/bin/../lib/gcc/arm-none-eabi/4.8.4/../../../../arm-none-eabi/lib/armv7e-m/fpu\libg_s.a(lib_a-init.o)
 .ARM.attributes
                0x00000469       0x34 c:/freescale/kds_3.0.0/toolchain/bin/../lib/gcc/arm-none-eabi/4.8.4/../../../../arm-none-eabi/lib/armv7e-m/fpu\libg_s.a(lib_a-memset.o)
 .ARM.attributes
                0x0000049d       0x34 c:/freescale/kds_3.0.0/toolchain/bin/../lib/gcc/arm-none-eabi/4.8.4/../../../../arm-none-eabi/lib/armv7e-m/fpu\libnosys.a(_exit.o)
 .ARM.attributes
                0x000004d1       0x22 c:/freescale/kds_3.0.0/toolchain/bin/../lib/gcc/arm-none-eabi/4.8.4/armv7e-m/fpu/crtn.o
OUTPUT(Lab5.elf elf32-littlearm)

.debug_info     0x00000000     0x702d
 .debug_info    0x00000000      0x21f ./Sources/FIFO.o
 .debug_info    0x0000021f      0x7a1 ./Sources/FTM.o
 .debug_info    0x000009c0      0x671 ./Sources/Flash.o
 .debug_info    0x00001031      0x8e4 ./Sources/I2C.o
 .debug_info    0x00001915      0x490 ./Sources/LEDs.o
 .debug_info    0x00001da5      0x5d0 ./Sources/PIT.o
 .debug_info    0x00002375      0x624 ./Sources/RTC.o
 .debug_info    0x00002999      0x9bf ./Sources/UART.o
 .debug_info    0x00003358      0x9c1 ./Sources/accel.o
 .debug_info    0x00003d19      0xe04 ./Sources/main.o
 .debug_info    0x00004b1d      0x68e ./Sources/packet.o
 .debug_info    0x000051ab      0x3b0 ./Project_Settings/Startup_Code/startup.o
 .debug_info    0x0000555b      0xb89 ./Generated_Code/Cpu.o
 .debug_info    0x000060e4      0x247 ./Generated_Code/Vectors.o
 .debug_info    0x0000632b      0xd02 D:\Embedded Software\es18aut13\Lab5\Library\libOS.a(OS.o)

.debug_abbrev   0x00000000     0x199a
 .debug_abbrev  0x00000000       0xea ./Sources/FIFO.o
 .debug_abbrev  0x000000ea      0x1da ./Sources/FTM.o
 .debug_abbrev  0x000002c4      0x1cc ./Sources/Flash.o
 .debug_abbrev  0x00000490      0x203 ./Sources/I2C.o
 .debug_abbrev  0x00000693      0x144 ./Sources/LEDs.o
 .debug_abbrev  0x000007d7      0x188 ./Sources/PIT.o
 .debug_abbrev  0x0000095f      0x179 ./Sources/RTC.o
 .debug_abbrev  0x00000ad8      0x1e3 ./Sources/UART.o
 .debug_abbrev  0x00000cbb      0x20f ./Sources/accel.o
 .debug_abbrev  0x00000eca      0x27e ./Sources/main.o
 .debug_abbrev  0x00001148      0x17b ./Sources/packet.o
 .debug_abbrev  0x000012c3      0x189 ./Project_Settings/Startup_Code/startup.o
 .debug_abbrev  0x0000144c      0x185 ./Generated_Code/Cpu.o
 .debug_abbrev  0x000015d1       0xd1 ./Generated_Code/Vectors.o
 .debug_abbrev  0x000016a2      0x2f8 D:\Embedded Software\es18aut13\Lab5\Library\libOS.a(OS.o)

.debug_aranges  0x00000000      0x4a8
 .debug_aranges
                0x00000000       0x30 ./Sources/FIFO.o
 .debug_aranges
                0x00000030       0x38 ./Sources/FTM.o
 .debug_aranges
                0x00000068       0x60 ./Sources/Flash.o
 .debug_aranges
                0x000000c8       0x70 ./Sources/I2C.o
 .debug_aranges
                0x00000138       0x38 ./Sources/LEDs.o
 .debug_aranges
                0x00000170       0x38 ./Sources/PIT.o
 .debug_aranges
                0x000001a8       0x38 ./Sources/RTC.o
 .debug_aranges
                0x000001e0       0x38 ./Sources/UART.o
 .debug_aranges
                0x00000218       0x38 ./Sources/accel.o
 .debug_aranges
                0x00000250       0xc0 ./Sources/main.o
 .debug_aranges
                0x00000310       0x30 ./Sources/packet.o
 .debug_aranges
                0x00000340       0x50 ./Project_Settings/Startup_Code/startup.o
 .debug_aranges
                0x00000390       0x38 ./Generated_Code/Cpu.o
 .debug_aranges
                0x000003c8       0x18 ./Generated_Code/Vectors.o
 .debug_aranges
                0x000003e0       0xc8 D:\Embedded Software\es18aut13\Lab5\Library\libOS.a(OS.o)

.debug_ranges   0x00000000      0x3b0
 .debug_ranges  0x00000000       0x20 ./Sources/FIFO.o
 .debug_ranges  0x00000020       0x28 ./Sources/FTM.o
 .debug_ranges  0x00000048       0x50 ./Sources/Flash.o
 .debug_ranges  0x00000098       0x60 ./Sources/I2C.o
 .debug_ranges  0x000000f8       0x28 ./Sources/LEDs.o
 .debug_ranges  0x00000120       0x28 ./Sources/PIT.o
 .debug_ranges  0x00000148       0x28 ./Sources/RTC.o
 .debug_ranges  0x00000170       0x28 ./Sources/UART.o
 .debug_ranges  0x00000198       0x28 ./Sources/accel.o
 .debug_ranges  0x000001c0       0xb0 ./Sources/main.o
 .debug_ranges  0x00000270       0x20 ./Sources/packet.o
 .debug_ranges  0x00000290       0x40 ./Project_Settings/Startup_Code/startup.o
 .debug_ranges  0x000002d0       0x28 ./Generated_Code/Cpu.o
 .debug_ranges  0x000002f8       0xb8 D:\Embedded Software\es18aut13\Lab5\Library\libOS.a(OS.o)

.debug_macro    0x00000000    0x1a502
 .debug_macro   0x00000000       0x9d ./Sources/FIFO.o
 .debug_macro   0x0000009d       0x22 ./Sources/FIFO.o
 .debug_macro   0x000000bf       0x36 ./Sources/FIFO.o
 .debug_macro   0x000000f5     0x1800 ./Sources/FIFO.o
 .debug_macro   0x000018f5       0x8e ./Sources/FTM.o
 .debug_macro   0x00001983       0x76 ./Sources/Flash.o
 .debug_macro   0x000019f9       0x16 ./Sources/Flash.o
 .debug_macro   0x00001a0f    0x174af ./Sources/Flash.o
 .debug_macro   0x00018ebe       0x2e ./Sources/Flash.o
 .debug_macro   0x00018eec       0x92 ./Sources/I2C.o
 .debug_macro   0x00018f7e       0x6d ./Sources/LEDs.o
 .debug_macro   0x00018feb       0x8e ./Sources/PIT.o
 .debug_macro   0x00019079       0x97 ./Sources/RTC.o
 .debug_macro   0x00019110       0xa4 ./Sources/UART.o
 .debug_macro   0x000191b4       0x10 ./Sources/UART.o
 .debug_macro   0x000191c4      0x1f6 ./Sources/accel.o
 .debug_macro   0x000193ba       0x94 ./Sources/accel.o
 .debug_macro   0x0001944e      0x128 ./Sources/main.o
 .debug_macro   0x00019576       0x3a ./Sources/main.o
 .debug_macro   0x000195b0       0xa9 ./Sources/packet.o
 .debug_macro   0x00019659      0x121 ./Project_Settings/Startup_Code/startup.o
 .debug_macro   0x0001977a       0x58 ./Project_Settings/Startup_Code/startup.o
 .debug_macro   0x000197d2       0x35 ./Project_Settings/Startup_Code/startup.o
 .debug_macro   0x00019807       0xa3 ./Project_Settings/Startup_Code/startup.o
 .debug_macro   0x000198aa      0x166 ./Project_Settings/Startup_Code/startup.o
 .debug_macro   0x00019a10       0x4a ./Project_Settings/Startup_Code/startup.o
 .debug_macro   0x00019a5a       0x52 ./Project_Settings/Startup_Code/startup.o
 .debug_macro   0x00019aac       0x16 ./Project_Settings/Startup_Code/startup.o
 .debug_macro   0x00019ac2       0x43 ./Project_Settings/Startup_Code/startup.o
 .debug_macro   0x00019b05      0x180 ./Project_Settings/Startup_Code/startup.o
 .debug_macro   0x00019c85      0x2a6 ./Project_Settings/Startup_Code/startup.o
 .debug_macro   0x00019f2b       0x10 ./Project_Settings/Startup_Code/startup.o
 .debug_macro   0x00019f3b       0x35 ./Project_Settings/Startup_Code/startup.o
 .debug_macro   0x00019f70       0x16 ./Project_Settings/Startup_Code/startup.o
 .debug_macro   0x00019f86       0x22 ./Project_Settings/Startup_Code/startup.o
 .debug_macro   0x00019fa8      0x20f ./Project_Settings/Startup_Code/startup.o
 .debug_macro   0x0001a1b7       0x70 ./Generated_Code/Cpu.o
 .debug_macro   0x0001a227       0x9a ./Generated_Code/Cpu.o
 .debug_macro   0x0001a2c1       0xda ./Generated_Code/Vectors.o
 .debug_macro   0x0001a39b       0x30 ./Generated_Code/Vectors.o
 .debug_macro   0x0001a3cb       0xa3 D:\Embedded Software\es18aut13\Lab5\Library\libOS.a(OS.o)
 .debug_macro   0x0001a46e       0x94 D:\Embedded Software\es18aut13\Lab5\Library\libOS.a(OS.o)

.debug_line     0x00000000     0x2e59
 .debug_line    0x00000000      0x2a0 ./Sources/FIFO.o
 .debug_line    0x000002a0      0x2a5 ./Sources/FTM.o
 .debug_line    0x00000545      0x2cd ./Sources/Flash.o
 .debug_line    0x00000812      0x38e ./Sources/I2C.o
 .debug_line    0x00000ba0      0x22c ./Sources/LEDs.o
 .debug_line    0x00000dcc      0x29f ./Sources/PIT.o
 .debug_line    0x0000106b      0x2bc ./Sources/RTC.o
 .debug_line    0x00001327      0x2e5 ./Sources/UART.o
 .debug_line    0x0000160c      0x2c9 ./Sources/accel.o
 .debug_line    0x000018d5      0x593 ./Sources/main.o
 .debug_line    0x00001e68      0x2b1 ./Sources/packet.o
 .debug_line    0x00002119      0x3c8 ./Project_Settings/Startup_Code/startup.o
 .debug_line    0x000024e1      0x254 ./Generated_Code/Cpu.o
 .debug_line    0x00002735      0x28e ./Generated_Code/Vectors.o
 .debug_line    0x000029c3      0x496 D:\Embedded Software\es18aut13\Lab5\Library\libOS.a(OS.o)

.debug_str      0x00000000    0x8f0b7
 .debug_str     0x00000000    0x8a0d8 ./Sources/FIFO.o
                              0x8a256 (size before relaxing)
 .debug_str     0x0008a0d8      0x3f4 ./Sources/FTM.o
                              0x8a49e (size before relaxing)
 .debug_str     0x0008a4cc      0x3ae ./Sources/Flash.o
                              0x83100 (size before relaxing)
 .debug_str     0x0008a87a      0x262 ./Sources/I2C.o
                              0x8a48a (size before relaxing)
 .debug_str     0x0008aadc       0xd3 ./Sources/LEDs.o
                              0x82ef3 (size before relaxing)
 .debug_str     0x0008abaf       0xa2 ./Sources/PIT.o
                              0x8a2ff (size before relaxing)
 .debug_str     0x0008ac51       0x97 ./Sources/RTC.o
                              0x8a3a4 (size before relaxing)
 .debug_str     0x0008ace8      0x12a ./Sources/UART.o
                              0x8a4fd (size before relaxing)
 .debug_str     0x0008ae12      0xa7d ./Sources/accel.o
                              0x8ae9f (size before relaxing)
 .debug_str     0x0008b88f      0xbf4 ./Sources/main.o
                              0x8b360 (size before relaxing)
 .debug_str     0x0008c483       0x4f ./Sources/packet.o
                              0x8a600 (size before relaxing)
 .debug_str     0x0008c4d2     0x2663 ./Project_Settings/Startup_Code/startup.o
                              0x853ea (size before relaxing)
 .debug_str     0x0008eb35      0x1e3 ./Generated_Code/Cpu.o
                              0x8a45c (size before relaxing)
 .debug_str     0x0008ed18       0x1c ./Generated_Code/Vectors.o
                              0x8a2be (size before relaxing)
 .debug_str     0x0008ed34      0x383 D:\Embedded Software\es18aut13\Lab5\Library\libOS.a(OS.o)
                              0x8ad2a (size before relaxing)

.comment        0x00000000       0x70
 .comment       0x00000000       0x70 ./Sources/FIFO.o
                                 0x71 (size before relaxing)
 .comment       0x00000000       0x71 ./Sources/FTM.o
 .comment       0x00000000       0x71 ./Sources/Flash.o
 .comment       0x00000000       0x71 ./Sources/I2C.o
 .comment       0x00000000       0x71 ./Sources/LEDs.o
 .comment       0x00000000       0x71 ./Sources/PIT.o
 .comment       0x00000000       0x71 ./Sources/RTC.o
 .comment       0x00000000       0x71 ./Sources/UART.o
 .comment       0x00000000       0x71 ./Sources/accel.o
 .comment       0x00000000       0x71 ./Sources/main.o
 .comment       0x00000000       0x71 ./Sources/packet.o
 .comment       0x00000000       0x71 ./Project_Settings/Startup_Code/startup.o
 .comment       0x00000000       0x71 ./Generated_Code/Cpu.o
 .comment       0x00000000       0x71 ./Generated_Code/Vectors.o
 .comment       0x00000000       0x71 D:\Embedded Software\es18aut13\Lab5\Library\libOS.a(OS.o)

.debug_frame    0x00000000      0xd9c
 .debug_frame   0x00000000       0x70 ./Sources/FIFO.o
 .debug_frame   0x00000070       0x88 ./Sources/FTM.o
 .debug_frame   0x000000f8      0x128 ./Sources/Flash.o
 .debug_frame   0x00000220      0x148 ./Sources/I2C.o
 .debug_frame   0x00000368       0x7c ./Sources/LEDs.o
 .debug_frame   0x000003e4       0x8c ./Sources/PIT.o
 .debug_frame   0x00000470       0x8c ./Sources/RTC.o
 .debug_frame   0x000004fc       0x94 ./Sources/UART.o
 .debug_frame   0x00000590       0x94 ./Sources/accel.o
 .debug_frame   0x00000624      0x294 ./Sources/main.o
 .debug_frame   0x000008b8       0x70 ./Sources/packet.o
 .debug_frame   0x00000928       0xc0 ./Project_Settings/Startup_Code/startup.o
 .debug_frame   0x000009e8       0x80 ./Generated_Code/Cpu.o
 .debug_frame   0x00000a68      0x2a0 D:\Embedded Software\es18aut13\Lab5\Library\libOS.a(OS.o)
 .debug_frame   0x00000d08       0x28 c:/freescale/kds_3.0.0/toolchain/bin/../lib/gcc/arm-none-eabi/4.8.4/../../../../arm-none-eabi/lib/armv7e-m/fpu\libg_s.a(lib_a-exit.o)
 .debug_frame   0x00000d30       0x2c c:/freescale/kds_3.0.0/toolchain/bin/../lib/gcc/arm-none-eabi/4.8.4/../../../../arm-none-eabi/lib/armv7e-m/fpu\libg_s.a(lib_a-init.o)
 .debug_frame   0x00000d5c       0x20 c:/freescale/kds_3.0.0/toolchain/bin/../lib/gcc/arm-none-eabi/4.8.4/../../../../arm-none-eabi/lib/armv7e-m/fpu\libg_s.a(lib_a-memset.o)
 .debug_frame   0x00000d7c       0x20 c:/freescale/kds_3.0.0/toolchain/bin/../lib/gcc/arm-none-eabi/4.8.4/../../../../arm-none-eabi/lib/armv7e-m/fpu\libnosys.a(_exit.o)
