Archive member included because of file (symbol)

c:/freescale/kds_3.0.0/toolchain/bin/../lib/gcc/arm-none-eabi/4.8.4/../../../../arm-none-eabi/lib/armv7e-m/fpu\libg_s.a(lib_a-exit.o)
                              c:/freescale/kds_3.0.0/toolchain/bin/../lib/gcc/arm-none-eabi/4.8.4/../../../../arm-none-eabi/lib/armv7e-m/fpu/crt0.o (exit)
c:/freescale/kds_3.0.0/toolchain/bin/../lib/gcc/arm-none-eabi/4.8.4/../../../../arm-none-eabi/lib/armv7e-m/fpu\libg_s.a(lib_a-impure.o)
                              c:/freescale/kds_3.0.0/toolchain/bin/../lib/gcc/arm-none-eabi/4.8.4/../../../../arm-none-eabi/lib/armv7e-m/fpu\libg_s.a(lib_a-exit.o) (_global_impure_ptr)
c:/freescale/kds_3.0.0/toolchain/bin/../lib/gcc/arm-none-eabi/4.8.4/../../../../arm-none-eabi/lib/armv7e-m/fpu\libg_s.a(lib_a-init.o)
                              c:/freescale/kds_3.0.0/toolchain/bin/../lib/gcc/arm-none-eabi/4.8.4/../../../../arm-none-eabi/lib/armv7e-m/fpu/crt0.o (__libc_init_array)
c:/freescale/kds_3.0.0/toolchain/bin/../lib/gcc/arm-none-eabi/4.8.4/../../../../arm-none-eabi/lib/armv7e-m/fpu\libg_s.a(lib_a-memset.o)
                              c:/freescale/kds_3.0.0/toolchain/bin/../lib/gcc/arm-none-eabi/4.8.4/../../../../arm-none-eabi/lib/armv7e-m/fpu/crt0.o (memset)
c:/freescale/kds_3.0.0/toolchain/bin/../lib/gcc/arm-none-eabi/4.8.4/../../../../arm-none-eabi/lib/armv7e-m/fpu\libnosys.a(_exit.o)
                              c:/freescale/kds_3.0.0/toolchain/bin/../lib/gcc/arm-none-eabi/4.8.4/../../../../arm-none-eabi/lib/armv7e-m/fpu\libg_s.a(lib_a-exit.o) (_exit)

Allocating common symbols
Common symbol       size              file

NvTowerMd           0x4               ./Sources/main.o
NvTowerNb           0x4               ./Sources/main.o
Packet              0x5               ./Sources/packet.o
TxFIFO              0x106             ./Sources/UART.o
RxFIFO              0x106             ./Sources/UART.o
SR_reg              0x1               ./Generated_Code/Cpu.o

Discarded input sections

 .text          0x00000000        0x0 c:/freescale/kds_3.0.0/toolchain/bin/../lib/gcc/arm-none-eabi/4.8.4/armv7e-m/fpu/crti.o
 .data          0x00000000        0x0 c:/freescale/kds_3.0.0/toolchain/bin/../lib/gcc/arm-none-eabi/4.8.4/armv7e-m/fpu/crti.o
 .bss           0x00000000        0x0 c:/freescale/kds_3.0.0/toolchain/bin/../lib/gcc/arm-none-eabi/4.8.4/armv7e-m/fpu/crti.o
 .data          0x00000000        0x4 c:/freescale/kds_3.0.0/toolchain/bin/../lib/gcc/arm-none-eabi/4.8.4/armv7e-m/fpu/crtbegin.o
 .data          0x00000000        0x0 c:/freescale/kds_3.0.0/toolchain/bin/../lib/gcc/arm-none-eabi/4.8.4/../../../../arm-none-eabi/lib/armv7e-m/fpu/crt0.o
 .bss           0x00000000        0x0 c:/freescale/kds_3.0.0/toolchain/bin/../lib/gcc/arm-none-eabi/4.8.4/../../../../arm-none-eabi/lib/armv7e-m/fpu/crt0.o
 .ARM.extab     0x00000000        0x0 c:/freescale/kds_3.0.0/toolchain/bin/../lib/gcc/arm-none-eabi/4.8.4/../../../../arm-none-eabi/lib/armv7e-m/fpu/crt0.o
 .group         0x00000000        0x8 ./Sources/Events.o
 .group         0x00000000        0x8 ./Sources/Events.o
 .group         0x00000000        0x8 ./Sources/Events.o
 .group         0x00000000        0x8 ./Sources/Events.o
 .group         0x00000000        0x8 ./Sources/Events.o
 .group         0x00000000        0x8 ./Sources/Events.o
 .group         0x00000000        0x8 ./Sources/Events.o
 .group         0x00000000        0x8 ./Sources/Events.o
 .group         0x00000000        0x8 ./Sources/Events.o
 .text          0x00000000        0x0 ./Sources/Events.o
 .data          0x00000000        0x0 ./Sources/Events.o
 .bss           0x00000000        0x0 ./Sources/Events.o
 .debug_info    0x00000000       0x7d ./Sources/Events.o
 .debug_abbrev  0x00000000       0x29 ./Sources/Events.o
 .debug_aranges
                0x00000000       0x18 ./Sources/Events.o
 .debug_macro   0x00000000       0x9f ./Sources/Events.o
 .debug_macro   0x00000000      0x850 ./Sources/Events.o
 .debug_macro   0x00000000       0x16 ./Sources/Events.o
 .debug_macro   0x00000000       0x44 ./Sources/Events.o
 .debug_macro   0x00000000      0x209 ./Sources/Events.o
 .debug_macro   0x00000000     0x17fa ./Sources/Events.o
 .debug_macro   0x00000000      0x14e ./Sources/Events.o
 .debug_macro   0x00000000       0x64 ./Sources/Events.o
 .debug_macro   0x00000000    0x174c1 ./Sources/Events.o
 .debug_macro   0x00000000       0x94 ./Sources/Events.o
 .debug_line    0x00000000      0x228 ./Sources/Events.o
 .debug_str     0x00000000    0x8a5dc ./Sources/Events.o
 .comment       0x00000000       0x71 ./Sources/Events.o
 .ARM.attributes
                0x00000000       0x39 ./Sources/Events.o
 .group         0x00000000        0x8 ./Sources/FIFO.o
 .group         0x00000000        0x8 ./Sources/FIFO.o
 .group         0x00000000        0x8 ./Sources/FIFO.o
 .group         0x00000000        0x8 ./Sources/FIFO.o
 .group         0x00000000        0x8 ./Sources/FIFO.o
 .group         0x00000000        0x8 ./Sources/FIFO.o
 .group         0x00000000        0x8 ./Sources/FIFO.o
 .group         0x00000000        0x8 ./Sources/FIFO.o
 .group         0x00000000        0x8 ./Sources/FIFO.o
 .group         0x00000000        0x8 ./Sources/FIFO.o
 .text          0x00000000        0x0 ./Sources/FIFO.o
 .data          0x00000000        0x0 ./Sources/FIFO.o
 .bss           0x00000000        0x0 ./Sources/FIFO.o
 .debug_macro   0x00000000      0x850 ./Sources/FIFO.o
 .debug_macro   0x00000000       0x16 ./Sources/FIFO.o
 .debug_macro   0x00000000       0x44 ./Sources/FIFO.o
 .debug_macro   0x00000000      0x209 ./Sources/FIFO.o
 .debug_macro   0x00000000      0x14e ./Sources/FIFO.o
 .debug_macro   0x00000000       0x64 ./Sources/FIFO.o
 .debug_macro   0x00000000    0x174c1 ./Sources/FIFO.o
 .debug_macro   0x00000000       0x94 ./Sources/FIFO.o
 .group         0x00000000        0x8 ./Sources/Flash.o
 .group         0x00000000        0x8 ./Sources/Flash.o
 .group         0x00000000        0x8 ./Sources/Flash.o
 .group         0x00000000        0x8 ./Sources/Flash.o
 .group         0x00000000        0x8 ./Sources/Flash.o
 .group         0x00000000        0x8 ./Sources/Flash.o
 .group         0x00000000        0x8 ./Sources/Flash.o
 .group         0x00000000        0x8 ./Sources/Flash.o
 .text          0x00000000        0x0 ./Sources/Flash.o
 .data          0x00000000        0x0 ./Sources/Flash.o
 .bss           0x00000000        0x0 ./Sources/Flash.o
 .rodata.PROGRAM_PHRASE
                0x00000000        0x1 ./Sources/Flash.o
 .rodata.ERASE_FLASH_SECTOR
                0x00000000        0x1 ./Sources/Flash.o
 .debug_macro   0x00000000      0x850 ./Sources/Flash.o
 .debug_macro   0x00000000       0x16 ./Sources/Flash.o
 .debug_macro   0x00000000       0x44 ./Sources/Flash.o
 .debug_macro   0x00000000      0x209 ./Sources/Flash.o
 .debug_macro   0x00000000       0x22 ./Sources/Flash.o
 .group         0x00000000        0x8 ./Sources/LEDs.o
 .group         0x00000000        0x8 ./Sources/LEDs.o
 .group         0x00000000        0x8 ./Sources/LEDs.o
 .group         0x00000000        0x8 ./Sources/LEDs.o
 .group         0x00000000        0x8 ./Sources/LEDs.o
 .group         0x00000000        0x8 ./Sources/LEDs.o
 .group         0x00000000        0x8 ./Sources/LEDs.o
 .text          0x00000000        0x0 ./Sources/LEDs.o
 .data          0x00000000        0x0 ./Sources/LEDs.o
 .bss           0x00000000        0x0 ./Sources/LEDs.o
 .text.LEDs_Off
                0x00000000       0x24 ./Sources/LEDs.o
 .debug_macro   0x00000000      0x850 ./Sources/LEDs.o
 .debug_macro   0x00000000       0x16 ./Sources/LEDs.o
 .debug_macro   0x00000000       0x16 ./Sources/LEDs.o
 .debug_macro   0x00000000       0x44 ./Sources/LEDs.o
 .debug_macro   0x00000000      0x209 ./Sources/LEDs.o
 .debug_macro   0x00000000    0x174af ./Sources/LEDs.o
 .debug_macro   0x00000000       0x22 ./Sources/LEDs.o
 .group         0x00000000        0x8 ./Sources/PIT.o
 .group         0x00000000        0x8 ./Sources/PIT.o
 .group         0x00000000        0x8 ./Sources/PIT.o
 .group         0x00000000        0x8 ./Sources/PIT.o
 .group         0x00000000        0x8 ./Sources/PIT.o
 .group         0x00000000        0x8 ./Sources/PIT.o
 .group         0x00000000        0x8 ./Sources/PIT.o
 .group         0x00000000        0x8 ./Sources/PIT.o
 .group         0x00000000        0x8 ./Sources/PIT.o
 .group         0x00000000        0x8 ./Sources/PIT.o
 .text          0x00000000        0x0 ./Sources/PIT.o
 .data          0x00000000        0x0 ./Sources/PIT.o
 .bss           0x00000000        0x0 ./Sources/PIT.o
 .debug_macro   0x00000000      0x850 ./Sources/PIT.o
 .debug_macro   0x00000000       0x16 ./Sources/PIT.o
 .debug_macro   0x00000000       0x44 ./Sources/PIT.o
 .debug_macro   0x00000000      0x209 ./Sources/PIT.o
 .debug_macro   0x00000000     0x17fa ./Sources/PIT.o
 .debug_macro   0x00000000      0x14e ./Sources/PIT.o
 .debug_macro   0x00000000       0x64 ./Sources/PIT.o
 .debug_macro   0x00000000    0x174c1 ./Sources/PIT.o
 .debug_macro   0x00000000       0x94 ./Sources/PIT.o
 .debug_macro   0x00000000       0x22 ./Sources/PIT.o
 .group         0x00000000        0x8 ./Sources/UART.o
 .group         0x00000000        0x8 ./Sources/UART.o
 .group         0x00000000        0x8 ./Sources/UART.o
 .group         0x00000000        0x8 ./Sources/UART.o
 .group         0x00000000        0x8 ./Sources/UART.o
 .group         0x00000000        0x8 ./Sources/UART.o
 .group         0x00000000        0x8 ./Sources/UART.o
 .group         0x00000000        0x8 ./Sources/UART.o
 .group         0x00000000        0x8 ./Sources/UART.o
 .group         0x00000000        0x8 ./Sources/UART.o
 .text          0x00000000        0x0 ./Sources/UART.o
 .data          0x00000000        0x0 ./Sources/UART.o
 .bss           0x00000000        0x0 ./Sources/UART.o
 .debug_macro   0x00000000      0x850 ./Sources/UART.o
 .debug_macro   0x00000000       0x16 ./Sources/UART.o
 .debug_macro   0x00000000       0x44 ./Sources/UART.o
 .debug_macro   0x00000000      0x209 ./Sources/UART.o
 .debug_macro   0x00000000       0x22 ./Sources/UART.o
 .debug_macro   0x00000000     0x1800 ./Sources/UART.o
 .debug_macro   0x00000000    0x174c1 ./Sources/UART.o
 .debug_macro   0x00000000      0x14e ./Sources/UART.o
 .debug_macro   0x00000000       0x64 ./Sources/UART.o
 .debug_macro   0x00000000       0x94 ./Sources/UART.o
 .group         0x00000000        0x8 ./Sources/main.o
 .group         0x00000000        0x8 ./Sources/main.o
 .group         0x00000000        0x8 ./Sources/main.o
 .group         0x00000000        0x8 ./Sources/main.o
 .group         0x00000000        0x8 ./Sources/main.o
 .group         0x00000000        0x8 ./Sources/main.o
 .group         0x00000000        0x8 ./Sources/main.o
 .group         0x00000000        0x8 ./Sources/main.o
 .group         0x00000000        0x8 ./Sources/main.o
 .group         0x00000000        0x8 ./Sources/main.o
 .group         0x00000000        0x8 ./Sources/main.o
 .group         0x00000000        0x8 ./Sources/main.o
 .group         0x00000000        0x8 ./Sources/main.o
 .text          0x00000000        0x0 ./Sources/main.o
 .data          0x00000000        0x0 ./Sources/main.o
 .bss           0x00000000        0x0 ./Sources/main.o
 .rodata.PROGRAM_PHRASE
                0x00000000        0x1 ./Sources/main.o
 .rodata.ERASE_FLASH_SECTOR
                0x00000000        0x1 ./Sources/main.o
 .rodata.PERIOD_LED_GREEN
                0x00000000        0x4 ./Sources/main.o
 .rodata.COMMAND_STARTUP
                0x00000000        0x1 ./Sources/main.o
 .rodata.COMMAND_VER
                0x00000000        0x1 ./Sources/main.o
 .rodata.COMMAND_NUM
                0x00000000        0x1 ./Sources/main.o
 .rodata.COMMAND_PROGRAMBYTE
                0x00000000        0x1 ./Sources/main.o
 .rodata.COMMAND_READBYTE
                0x00000000        0x1 ./Sources/main.o
 .rodata.COMMAND_MODE
                0x00000000        0x1 ./Sources/main.o
 .rodata.PARAM_GET
                0x00000000        0x1 ./Sources/main.o
 .rodata.PARAM_SET
                0x00000000        0x1 ./Sources/main.o
 .rodata.TOWER_VER_MAJ
                0x00000000        0x1 ./Sources/main.o
 .rodata.TOWER_VER_MIN
                0x00000000        0x1 ./Sources/main.o
 .debug_macro   0x00000000      0x850 ./Sources/main.o
 .debug_macro   0x00000000       0x16 ./Sources/main.o
 .debug_macro   0x00000000       0x44 ./Sources/main.o
 .debug_macro   0x00000000      0x209 ./Sources/main.o
 .debug_macro   0x00000000       0x22 ./Sources/main.o
 .debug_macro   0x00000000     0x1800 ./Sources/main.o
 .debug_macro   0x00000000      0x14e ./Sources/main.o
 .debug_macro   0x00000000       0x64 ./Sources/main.o
 .debug_macro   0x00000000    0x174c1 ./Sources/main.o
 .debug_macro   0x00000000       0x94 ./Sources/main.o
 .debug_macro   0x00000000       0x2e ./Sources/main.o
 .group         0x00000000        0x8 ./Sources/packet.o
 .group         0x00000000        0x8 ./Sources/packet.o
 .group         0x00000000        0x8 ./Sources/packet.o
 .group         0x00000000        0x8 ./Sources/packet.o
 .group         0x00000000        0x8 ./Sources/packet.o
 .group         0x00000000        0x8 ./Sources/packet.o
 .group         0x00000000        0x8 ./Sources/packet.o
 .group         0x00000000        0x8 ./Sources/packet.o
 .text          0x00000000        0x0 ./Sources/packet.o
 .data          0x00000000        0x0 ./Sources/packet.o
 .bss           0x00000000        0x0 ./Sources/packet.o
 .debug_macro   0x00000000      0x850 ./Sources/packet.o
 .debug_macro   0x00000000       0x16 ./Sources/packet.o
 .debug_macro   0x00000000       0x44 ./Sources/packet.o
 .debug_macro   0x00000000      0x209 ./Sources/packet.o
 .debug_macro   0x00000000       0x22 ./Sources/packet.o
 .debug_macro   0x00000000     0x1800 ./Sources/packet.o
 .debug_macro   0x00000000    0x174c1 ./Sources/packet.o
 .debug_macro   0x00000000       0x3a ./Sources/packet.o
 .group         0x00000000        0x8 ./Project_Settings/Startup_Code/startup.o
 .group         0x00000000        0x8 ./Project_Settings/Startup_Code/startup.o
 .group         0x00000000        0x8 ./Project_Settings/Startup_Code/startup.o
 .group         0x00000000        0x8 ./Project_Settings/Startup_Code/startup.o
 .group         0x00000000        0x8 ./Project_Settings/Startup_Code/startup.o
 .group         0x00000000        0x8 ./Project_Settings/Startup_Code/startup.o
 .group         0x00000000        0x8 ./Project_Settings/Startup_Code/startup.o
 .group         0x00000000        0x8 ./Project_Settings/Startup_Code/startup.o
 .group         0x00000000        0x8 ./Project_Settings/Startup_Code/startup.o
 .group         0x00000000        0x8 ./Project_Settings/Startup_Code/startup.o
 .group         0x00000000        0x8 ./Project_Settings/Startup_Code/startup.o
 .group         0x00000000        0x8 ./Project_Settings/Startup_Code/startup.o
 .group         0x00000000        0x8 ./Project_Settings/Startup_Code/startup.o
 .group         0x00000000        0x8 ./Project_Settings/Startup_Code/startup.o
 .group         0x00000000        0x8 ./Project_Settings/Startup_Code/startup.o
 .group         0x00000000        0x8 ./Project_Settings/Startup_Code/startup.o
 .group         0x00000000        0x8 ./Project_Settings/Startup_Code/startup.o
 .group         0x00000000        0x8 ./Project_Settings/Startup_Code/startup.o
 .group         0x00000000        0x8 ./Project_Settings/Startup_Code/startup.o
 .text          0x00000000        0x0 ./Project_Settings/Startup_Code/startup.o
 .data          0x00000000        0x0 ./Project_Settings/Startup_Code/startup.o
 .bss           0x00000000        0x0 ./Project_Settings/Startup_Code/startup.o
 .text.__init_hardware
                0x00000000        0xc ./Project_Settings/Startup_Code/startup.o
 .text.__iar_program_start
                0x00000000        0xc ./Project_Settings/Startup_Code/startup.o
 .debug_macro   0x00000000      0x850 ./Project_Settings/Startup_Code/startup.o
 .debug_macro   0x00000000       0x16 ./Project_Settings/Startup_Code/startup.o
 .debug_macro   0x00000000       0x16 ./Project_Settings/Startup_Code/startup.o
 .debug_macro   0x00000000    0x174af ./Project_Settings/Startup_Code/startup.o
 .group         0x00000000        0x8 ./Generated_Code/Cpu.o
 .group         0x00000000        0x8 ./Generated_Code/Cpu.o
 .group         0x00000000        0x8 ./Generated_Code/Cpu.o
 .group         0x00000000        0x8 ./Generated_Code/Cpu.o
 .group         0x00000000        0x8 ./Generated_Code/Cpu.o
 .group         0x00000000        0x8 ./Generated_Code/Cpu.o
 .group         0x00000000        0x8 ./Generated_Code/Cpu.o
 .group         0x00000000        0x8 ./Generated_Code/Cpu.o
 .group         0x00000000        0x8 ./Generated_Code/Cpu.o
 .text          0x00000000        0x0 ./Generated_Code/Cpu.o
 .data          0x00000000        0x0 ./Generated_Code/Cpu.o
 .bss           0x00000000        0x0 ./Generated_Code/Cpu.o
 .debug_macro   0x00000000      0x850 ./Generated_Code/Cpu.o
 .debug_macro   0x00000000       0x16 ./Generated_Code/Cpu.o
 .debug_macro   0x00000000       0x44 ./Generated_Code/Cpu.o
 .debug_macro   0x00000000      0x209 ./Generated_Code/Cpu.o
 .debug_macro   0x00000000     0x17fa ./Generated_Code/Cpu.o
 .debug_macro   0x00000000      0x14e ./Generated_Code/Cpu.o
 .debug_macro   0x00000000       0x64 ./Generated_Code/Cpu.o
 .debug_macro   0x00000000    0x174c1 ./Generated_Code/Cpu.o
 .group         0x00000000        0x8 ./Generated_Code/Vectors.o
 .group         0x00000000        0x8 ./Generated_Code/Vectors.o
 .group         0x00000000        0x8 ./Generated_Code/Vectors.o
 .group         0x00000000        0x8 ./Generated_Code/Vectors.o
 .group         0x00000000        0x8 ./Generated_Code/Vectors.o
 .group         0x00000000        0x8 ./Generated_Code/Vectors.o
 .group         0x00000000        0x8 ./Generated_Code/Vectors.o
 .group         0x00000000        0x8 ./Generated_Code/Vectors.o
 .group         0x00000000        0x8 ./Generated_Code/Vectors.o
 .group         0x00000000        0x8 ./Generated_Code/Vectors.o
 .text          0x00000000        0x0 ./Generated_Code/Vectors.o
 .data          0x00000000        0x0 ./Generated_Code/Vectors.o
 .bss           0x00000000        0x0 ./Generated_Code/Vectors.o
 .debug_macro   0x00000000      0x850 ./Generated_Code/Vectors.o
 .debug_macro   0x00000000       0x16 ./Generated_Code/Vectors.o
 .debug_macro   0x00000000       0x44 ./Generated_Code/Vectors.o
 .debug_macro   0x00000000      0x209 ./Generated_Code/Vectors.o
 .debug_macro   0x00000000     0x17fa ./Generated_Code/Vectors.o
 .debug_macro   0x00000000      0x14e ./Generated_Code/Vectors.o
 .debug_macro   0x00000000       0x64 ./Generated_Code/Vectors.o
 .debug_macro   0x00000000    0x174c1 ./Generated_Code/Vectors.o
 .debug_macro   0x00000000       0x94 ./Generated_Code/Vectors.o
 .debug_macro   0x00000000       0x22 ./Generated_Code/Vectors.o
 .text          0x00000000        0x0 c:/freescale/kds_3.0.0/toolchain/bin/../lib/gcc/arm-none-eabi/4.8.4/../../../../arm-none-eabi/lib/armv7e-m/fpu\libg_s.a(lib_a-exit.o)
 .data          0x00000000        0x0 c:/freescale/kds_3.0.0/toolchain/bin/../lib/gcc/arm-none-eabi/4.8.4/../../../../arm-none-eabi/lib/armv7e-m/fpu\libg_s.a(lib_a-exit.o)
 .bss           0x00000000        0x0 c:/freescale/kds_3.0.0/toolchain/bin/../lib/gcc/arm-none-eabi/4.8.4/../../../../arm-none-eabi/lib/armv7e-m/fpu\libg_s.a(lib_a-exit.o)
 .text          0x00000000        0x0 c:/freescale/kds_3.0.0/toolchain/bin/../lib/gcc/arm-none-eabi/4.8.4/../../../../arm-none-eabi/lib/armv7e-m/fpu\libg_s.a(lib_a-impure.o)
 .data          0x00000000        0x0 c:/freescale/kds_3.0.0/toolchain/bin/../lib/gcc/arm-none-eabi/4.8.4/../../../../arm-none-eabi/lib/armv7e-m/fpu\libg_s.a(lib_a-impure.o)
 .bss           0x00000000        0x0 c:/freescale/kds_3.0.0/toolchain/bin/../lib/gcc/arm-none-eabi/4.8.4/../../../../arm-none-eabi/lib/armv7e-m/fpu\libg_s.a(lib_a-impure.o)
 .data._impure_ptr
                0x00000000        0x4 c:/freescale/kds_3.0.0/toolchain/bin/../lib/gcc/arm-none-eabi/4.8.4/../../../../arm-none-eabi/lib/armv7e-m/fpu\libg_s.a(lib_a-impure.o)
 .text          0x00000000        0x0 c:/freescale/kds_3.0.0/toolchain/bin/../lib/gcc/arm-none-eabi/4.8.4/../../../../arm-none-eabi/lib/armv7e-m/fpu\libg_s.a(lib_a-init.o)
 .data          0x00000000        0x0 c:/freescale/kds_3.0.0/toolchain/bin/../lib/gcc/arm-none-eabi/4.8.4/../../../../arm-none-eabi/lib/armv7e-m/fpu\libg_s.a(lib_a-init.o)
 .bss           0x00000000        0x0 c:/freescale/kds_3.0.0/toolchain/bin/../lib/gcc/arm-none-eabi/4.8.4/../../../../arm-none-eabi/lib/armv7e-m/fpu\libg_s.a(lib_a-init.o)
 .text          0x00000000        0x0 c:/freescale/kds_3.0.0/toolchain/bin/../lib/gcc/arm-none-eabi/4.8.4/../../../../arm-none-eabi/lib/armv7e-m/fpu\libg_s.a(lib_a-memset.o)
 .data          0x00000000        0x0 c:/freescale/kds_3.0.0/toolchain/bin/../lib/gcc/arm-none-eabi/4.8.4/../../../../arm-none-eabi/lib/armv7e-m/fpu\libg_s.a(lib_a-memset.o)
 .bss           0x00000000        0x0 c:/freescale/kds_3.0.0/toolchain/bin/../lib/gcc/arm-none-eabi/4.8.4/../../../../arm-none-eabi/lib/armv7e-m/fpu\libg_s.a(lib_a-memset.o)
 .text          0x00000000        0x0 c:/freescale/kds_3.0.0/toolchain/bin/../lib/gcc/arm-none-eabi/4.8.4/../../../../arm-none-eabi/lib/armv7e-m/fpu\libnosys.a(_exit.o)
 .data          0x00000000        0x0 c:/freescale/kds_3.0.0/toolchain/bin/../lib/gcc/arm-none-eabi/4.8.4/../../../../arm-none-eabi/lib/armv7e-m/fpu\libnosys.a(_exit.o)
 .bss           0x00000000        0x0 c:/freescale/kds_3.0.0/toolchain/bin/../lib/gcc/arm-none-eabi/4.8.4/../../../../arm-none-eabi/lib/armv7e-m/fpu\libnosys.a(_exit.o)
 .text          0x00000000        0x0 c:/freescale/kds_3.0.0/toolchain/bin/../lib/gcc/arm-none-eabi/4.8.4/armv7e-m/fpu/crtend.o
 .data          0x00000000        0x0 c:/freescale/kds_3.0.0/toolchain/bin/../lib/gcc/arm-none-eabi/4.8.4/armv7e-m/fpu/crtend.o
 .bss           0x00000000        0x0 c:/freescale/kds_3.0.0/toolchain/bin/../lib/gcc/arm-none-eabi/4.8.4/armv7e-m/fpu/crtend.o
 .eh_frame      0x00000000        0x4 c:/freescale/kds_3.0.0/toolchain/bin/../lib/gcc/arm-none-eabi/4.8.4/armv7e-m/fpu/crtend.o
 .jcr           0x00000000        0x4 c:/freescale/kds_3.0.0/toolchain/bin/../lib/gcc/arm-none-eabi/4.8.4/armv7e-m/fpu/crtend.o
 .ARM.attributes
                0x00000000       0x34 c:/freescale/kds_3.0.0/toolchain/bin/../lib/gcc/arm-none-eabi/4.8.4/armv7e-m/fpu/crtend.o
 .text          0x00000000        0x0 c:/freescale/kds_3.0.0/toolchain/bin/../lib/gcc/arm-none-eabi/4.8.4/armv7e-m/fpu/crtn.o
 .data          0x00000000        0x0 c:/freescale/kds_3.0.0/toolchain/bin/../lib/gcc/arm-none-eabi/4.8.4/armv7e-m/fpu/crtn.o
 .bss           0x00000000        0x0 c:/freescale/kds_3.0.0/toolchain/bin/../lib/gcc/arm-none-eabi/4.8.4/armv7e-m/fpu/crtn.o

Memory Configuration

Name             Origin             Length             Attributes
m_interrupts     0x00000000         0x000001e8         xr
m_text           0x00000410         0x0007fbf0         xr
m_data           0x1fff0000         0x00010000         rw
m_data_20000000  0x20000000         0x00010000         rw
m_cfmprotrom     0x00000400         0x00000010         xr
*default*        0x00000000         0xffffffff

Linker script and memory map

LOAD c:/freescale/kds_3.0.0/toolchain/bin/../lib/gcc/arm-none-eabi/4.8.4/armv7e-m/fpu/crti.o
LOAD c:/freescale/kds_3.0.0/toolchain/bin/../lib/gcc/arm-none-eabi/4.8.4/armv7e-m/fpu/crtbegin.o
LOAD c:/freescale/kds_3.0.0/toolchain/bin/../lib/gcc/arm-none-eabi/4.8.4/../../../../arm-none-eabi/lib/armv7e-m/fpu/crt0.o
LOAD ./Sources/Events.o
LOAD ./Sources/FIFO.o
LOAD ./Sources/Flash.o
LOAD ./Sources/LEDs.o
LOAD ./Sources/PIT.o
LOAD ./Sources/UART.o
LOAD ./Sources/main.o
LOAD ./Sources/packet.o
LOAD ./Project_Settings/Startup_Code/startup.o
LOAD ./Generated_Code/Cpu.o
LOAD ./Generated_Code/Vectors.o
LOAD c:/freescale/kds_3.0.0/toolchain/bin/../lib/gcc/arm-none-eabi/4.8.4/../../../../arm-none-eabi/lib/armv7e-m/fpu\libstdc++_s.a
LOAD c:/freescale/kds_3.0.0/toolchain/bin/../lib/gcc/arm-none-eabi/4.8.4/../../../../arm-none-eabi/lib/armv7e-m/fpu\libm.a
START GROUP
LOAD c:/freescale/kds_3.0.0/toolchain/bin/../lib/gcc/arm-none-eabi/4.8.4/armv7e-m/fpu\libgcc.a
LOAD c:/freescale/kds_3.0.0/toolchain/bin/../lib/gcc/arm-none-eabi/4.8.4/../../../../arm-none-eabi/lib/armv7e-m/fpu\libg_s.a
LOAD c:/freescale/kds_3.0.0/toolchain/bin/../lib/gcc/arm-none-eabi/4.8.4/../../../../arm-none-eabi/lib/armv7e-m/fpu\libc_s.a
END GROUP
START GROUP
LOAD c:/freescale/kds_3.0.0/toolchain/bin/../lib/gcc/arm-none-eabi/4.8.4/armv7e-m/fpu\libgcc.a
LOAD c:/freescale/kds_3.0.0/toolchain/bin/../lib/gcc/arm-none-eabi/4.8.4/../../../../arm-none-eabi/lib/armv7e-m/fpu\libc_s.a
LOAD c:/freescale/kds_3.0.0/toolchain/bin/../lib/gcc/arm-none-eabi/4.8.4/../../../../arm-none-eabi/lib/armv7e-m/fpu\libnosys.a
END GROUP
START GROUP
LOAD c:/freescale/kds_3.0.0/toolchain/bin/../lib/gcc/arm-none-eabi/4.8.4/armv7e-m/fpu\libgcc.a
LOAD c:/freescale/kds_3.0.0/toolchain/bin/../lib/gcc/arm-none-eabi/4.8.4/../../../../arm-none-eabi/lib/armv7e-m/fpu\libc_s.a
LOAD c:/freescale/kds_3.0.0/toolchain/bin/../lib/gcc/arm-none-eabi/4.8.4/../../../../arm-none-eabi/lib/armv7e-m/fpu\libnosys.a
END GROUP
LOAD c:/freescale/kds_3.0.0/toolchain/bin/../lib/gcc/arm-none-eabi/4.8.4/armv7e-m/fpu/crtend.o
LOAD c:/freescale/kds_3.0.0/toolchain/bin/../lib/gcc/arm-none-eabi/4.8.4/armv7e-m/fpu/crtn.o
                0x20000000                _estack = 0x20000000
                0x20000000                __SP_INIT = _estack
                0x20000000                __stack = _estack
                0x00000000                __heap_size = 0x0
                0x00000400                __stack_size = 0x400

.interrupts     0x00000000      0x1e8
                0x00000000                __vector_table = .
                0x00000000                . = ALIGN (0x4)
 *(.vectortable)
 .vectortable   0x00000000      0x1e8 ./Generated_Code/Vectors.o
                0x00000000                __vect_table
                0x000001e8                . = ALIGN (0x4)

.cfmprotect     0x00000400       0x10
                0x00000400                . = ALIGN (0x4)
 *(.cfmconfig)
 .cfmconfig     0x00000400       0x10 ./Generated_Code/Cpu.o
                0x00000400                _cfm
                0x00000410                . = ALIGN (0x4)

.text           0x00000410     0x14e8
                0x00000410                . = ALIGN (0x4)
 *(.text)
 .text          0x00000410       0x54 c:/freescale/kds_3.0.0/toolchain/bin/../lib/gcc/arm-none-eabi/4.8.4/armv7e-m/fpu/crtbegin.o
 .text          0x00000464       0x74 c:/freescale/kds_3.0.0/toolchain/bin/../lib/gcc/arm-none-eabi/4.8.4/../../../../arm-none-eabi/lib/armv7e-m/fpu/crt0.o
                0x00000464                _start
                0x00000464                _mainCRTStartup
 *(.text*)
 .text.FIFO_Init
                0x000004d8       0x24 ./Sources/FIFO.o
                0x000004d8                FIFO_Init
 .text.FIFO_Put
                0x000004fc       0xa4 ./Sources/FIFO.o
                0x000004fc                FIFO_Put
 .text.FIFO_Get
                0x000005a0       0xa4 ./Sources/FIFO.o
                0x000005a0                FIFO_Get
 .text.Flash_Init
                0x00000644       0x10 ./Sources/Flash.o
                0x00000644                Flash_Init
 .text.Flash_AllocateVar
                0x00000654       0x8c ./Sources/Flash.o
                0x00000654                Flash_AllocateVar
 .text.Flash_Write32
                0x000006e0       0x58 ./Sources/Flash.o
                0x000006e0                Flash_Write32
 .text.Flash_Write16
                0x00000738       0x60 ./Sources/Flash.o
                0x00000738                Flash_Write16
 .text.Flash_Write8
                0x00000798       0x60 ./Sources/Flash.o
                0x00000798                Flash_Write8
 .text.Flash_Erase
                0x000007f8       0x14 ./Sources/Flash.o
                0x000007f8                Flash_Erase
 .text.LaunchCommand
                0x0000080c       0x98 ./Sources/Flash.o
 .text.WritePhrase
                0x000008a4       0xe0 ./Sources/Flash.o
 .text.EraseSector
                0x00000984       0x38 ./Sources/Flash.o
 .text.LEDs_Init
                0x000009bc       0xd4 ./Sources/LEDs.o
                0x000009bc                LEDs_Init
 .text.LEDs_On  0x00000a90       0x24 ./Sources/LEDs.o
                0x00000a90                LEDs_On
 .text.LEDs_Toggle
                0x00000ab4       0x24 ./Sources/LEDs.o
                0x00000ab4                LEDs_Toggle
 .text.PIT_Init
                0x00000ad8       0xcc ./Sources/PIT.o
                0x00000ad8                PIT_Init
 .text.PIT_Set  0x00000ba4       0x64 ./Sources/PIT.o
                0x00000ba4                PIT_Set
 .text.PIT_Enable
                0x00000c08       0x40 ./Sources/PIT.o
                0x00000c08                PIT_Enable
 .text.PIT_ISR  0x00000c48       0x40 ./Sources/PIT.o
                0x00000c48                PIT_ISR
 .text.UART_Init
                0x00000c88      0x128 ./Sources/UART.o
                0x00000c88                UART_Init
 .text.UART_InChar
                0x00000db0       0x20 ./Sources/UART.o
                0x00000db0                UART_InChar
 .text.UART_OutChar
                0x00000dd0       0x40 ./Sources/UART.o
                0x00000dd0                UART_OutChar
 .text.UART_ISR
                0x00000e10       0x90 ./Sources/UART.o
                0x00000e10                UART_ISR
 .text.HandleTowerStartup
                0x00000ea0       0x80 ./Sources/main.o
                0x00000ea0                HandleTowerStartup
 .text.HandleTowerVersion
                0x00000f20       0x28 ./Sources/main.o
                0x00000f20                HandleTowerVersion
 .text.HandleTowerNumber
                0x00000f48       0x68 ./Sources/main.o
                0x00000f48                HandleTowerNumber
 .text.HandleTowerProgramByte
                0x00000fb0       0x48 ./Sources/main.o
                0x00000fb0                HandleTowerProgramByte
 .text.HandleTowerReadByte
                0x00000ff8       0x38 ./Sources/main.o
                0x00000ff8                HandleTowerReadByte
 .text.HandleTowerMode
                0x00001030       0x68 ./Sources/main.o
                0x00001030                HandleTowerMode
 .text.ReceivedPacket
                0x00001098      0x144 ./Sources/main.o
                0x00001098                ReceivedPacket
 .text.PITCallback
                0x000011dc       0x18 ./Sources/main.o
                0x000011dc                PITCallback
 .text.TowerInit
                0x000011f4       0x50 ./Sources/main.o
                0x000011f4                TowerInit
 .text.main     0x00001244       0x94 ./Sources/main.o
                0x00001244                main
 .text.Packet_Init
                0x000012d8       0x1c ./Sources/packet.o
                0x000012d8                Packet_Init
 .text.Packet_Get
                0x000012f4       0x70 ./Sources/packet.o
                0x000012f4                Packet_Get
 .text.Packet_Put
                0x00001364       0x7c ./Sources/packet.o
                0x00001364                Packet_Put
 .text.__copy_rom_section
                0x000013e0       0xe4 ./Project_Settings/Startup_Code/startup.o
                0x000013e0                __copy_rom_section
 .text.__copy_rom_sections_to_ram
                0x000014c4       0x9c ./Project_Settings/Startup_Code/startup.o
                0x000014c4                __copy_rom_sections_to_ram
 .text.__init_registers
                0x00001560       0x20 ./Project_Settings/Startup_Code/startup.o
                0x00001560                __init_registers
 .text.__init_user
                0x00001580        0xc ./Project_Settings/Startup_Code/startup.o
                0x00001580                __init_user
 .text.__thumb_startup
                0x0000158c       0x34 ./Project_Settings/Startup_Code/startup.o
                0x0000158c                __thumb_startup
 .text.Cpu_Interrupt
                0x000015c0       0x18 ./Generated_Code/Cpu.o
                0x000015c0                Cpu_Interrupt
 .text.__init_hardware
                0x000015d8      0x17c ./Generated_Code/Cpu.o
                0x000015d8                __init_hardware
 .text.Cpu_SetBASEPRI
                0x00001754       0x18 ./Generated_Code/Cpu.o
                0x00001754                Cpu_SetBASEPRI
 .text.PE_low_level_init
                0x0000176c       0xe4 ./Generated_Code/Cpu.o
                0x0000176c                PE_low_level_init
 .text.exit     0x00001850       0x28 c:/freescale/kds_3.0.0/toolchain/bin/../lib/gcc/arm-none-eabi/4.8.4/../../../../arm-none-eabi/lib/armv7e-m/fpu\libg_s.a(lib_a-exit.o)
                0x00001850                exit
 .text.__libc_init_array
                0x00001878       0x4c c:/freescale/kds_3.0.0/toolchain/bin/../lib/gcc/arm-none-eabi/4.8.4/../../../../arm-none-eabi/lib/armv7e-m/fpu\libg_s.a(lib_a-init.o)
                0x00001878                __libc_init_array
 .text.memset   0x000018c4       0x10 c:/freescale/kds_3.0.0/toolchain/bin/../lib/gcc/arm-none-eabi/4.8.4/../../../../arm-none-eabi/lib/armv7e-m/fpu\libg_s.a(lib_a-memset.o)
                0x000018c4                memset
 .text._exit    0x000018d4        0x4 c:/freescale/kds_3.0.0/toolchain/bin/../lib/gcc/arm-none-eabi/4.8.4/../../../../arm-none-eabi/lib/armv7e-m/fpu\libnosys.a(_exit.o)
                0x000018d4                _exit
 *(.rodata)
 *(.rodata*)
 .rodata.PACKET_ACK_MASK
                0x000018d8        0x1 ./Sources/packet.o
                0x000018d8                PACKET_ACK_MASK
 .rodata.str1.1
                0x000018d9        0x2 c:/freescale/kds_3.0.0/toolchain/bin/../lib/gcc/arm-none-eabi/4.8.4/../../../../arm-none-eabi/lib/armv7e-m/fpu\libg_s.a(lib_a-impure.o)
 *fill*         0x000018db        0x1 
 .rodata._global_impure_ptr
                0x000018dc        0x4 c:/freescale/kds_3.0.0/toolchain/bin/../lib/gcc/arm-none-eabi/4.8.4/../../../../arm-none-eabi/lib/armv7e-m/fpu\libg_s.a(lib_a-impure.o)
                0x000018dc                _global_impure_ptr
 *(.glue_7)
 .glue_7        0x00000000        0x0 linker stubs
 *(.glue_7t)
 .glue_7t       0x00000000        0x0 linker stubs
 *(.eh_frame)
 .eh_frame      0x000018e0        0x0 c:/freescale/kds_3.0.0/toolchain/bin/../lib/gcc/arm-none-eabi/4.8.4/armv7e-m/fpu/crtbegin.o
 *(.init)
 .init          0x000018e0        0x4 c:/freescale/kds_3.0.0/toolchain/bin/../lib/gcc/arm-none-eabi/4.8.4/armv7e-m/fpu/crti.o
                0x000018e0                _init
 .init          0x000018e4        0x8 c:/freescale/kds_3.0.0/toolchain/bin/../lib/gcc/arm-none-eabi/4.8.4/armv7e-m/fpu/crtn.o
 *(.fini)
 .fini          0x000018ec        0x4 c:/freescale/kds_3.0.0/toolchain/bin/../lib/gcc/arm-none-eabi/4.8.4/armv7e-m/fpu/crti.o
                0x000018ec                _fini
 .fini          0x000018f0        0x8 c:/freescale/kds_3.0.0/toolchain/bin/../lib/gcc/arm-none-eabi/4.8.4/armv7e-m/fpu/crtn.o
                0x000018f8                . = ALIGN (0x4)
                0x000018f8                _etext = .

.vfp11_veneer   0x000018f8        0x0
 .vfp11_veneer  0x00000000        0x0 linker stubs

.v4_bx          0x000018f8        0x0
 .v4_bx         0x00000000        0x0 linker stubs

.iplt           0x000018f8        0x0
 .iplt          0x00000000        0x0 c:/freescale/kds_3.0.0/toolchain/bin/../lib/gcc/arm-none-eabi/4.8.4/armv7e-m/fpu/crtbegin.o

.ARM.extab
 *(.ARM.extab* .gnu.linkonce.armextab.*)

.ARM            0x000018f8        0x8
                0x000018f8                __exidx_start = .
 *(.ARM.exidx*)
 .ARM.exidx     0x000018f8        0x8 c:/freescale/kds_3.0.0/toolchain/bin/../lib/gcc/arm-none-eabi/4.8.4/../../../../arm-none-eabi/lib/armv7e-m/fpu/crt0.o
                0x00001900                __exidx_end = .

.rel.dyn        0x00001900        0x0
 .rel.iplt      0x00000000        0x0 c:/freescale/kds_3.0.0/toolchain/bin/../lib/gcc/arm-none-eabi/4.8.4/armv7e-m/fpu/crtbegin.o

.ctors          0x00001900        0x0
                0x00001900                __CTOR_LIST__ = .
 *crtbegin.o(.ctors)
 *(EXCLUDE_FILE(*crtend.o) .ctors)
 *(SORT(.ctors.*))
 *(.ctors)
                0x00001900                __CTOR_END__ = .

.dtors          0x00001900        0x0
                0x00001900                __DTOR_LIST__ = .
 *crtbegin.o(.dtors)
 *(EXCLUDE_FILE(*crtend.o) .dtors)
 *(SORT(.dtors.*))
 *(.dtors)
                0x00001900                __DTOR_END__ = .

.preinit_array  0x00001900        0x0
                0x00001900                PROVIDE (__preinit_array_start, .)
 *(.preinit_array*)
                0x00001900                PROVIDE (__preinit_array_end, .)

.init_array     0x00001900        0x4
                0x00001900                PROVIDE (__init_array_start, .)
 *(SORT(.init_array.*))
 *(.init_array*)
 .init_array    0x00001900        0x4 c:/freescale/kds_3.0.0/toolchain/bin/../lib/gcc/arm-none-eabi/4.8.4/armv7e-m/fpu/crtbegin.o
                0x00001904                PROVIDE (__init_array_end, .)

.fini_array     0x00001904        0x4
                0x00001904                PROVIDE (__fini_array_start, .)
 *(SORT(.fini_array.*))
 *(.fini_array*)
 .fini_array    0x00001904        0x4 c:/freescale/kds_3.0.0/toolchain/bin/../lib/gcc/arm-none-eabi/4.8.4/armv7e-m/fpu/crtbegin.o
                0x00001908                PROVIDE (__fini_array_end, .)
                0x00001908                ___ROM_AT = .

.data           0x1fff0000       0x60 load address 0x00001908
                0x1fff0000                . = ALIGN (0x4)
                0x1fff0000                _sdata = .
 *(.data)
 *(.data*)
 .data.impure_data
                0x1fff0000       0x60 c:/freescale/kds_3.0.0/toolchain/bin/../lib/gcc/arm-none-eabi/4.8.4/../../../../arm-none-eabi/lib/armv7e-m/fpu\libg_s.a(lib_a-impure.o)
                0x1fff0060                . = ALIGN (0x4)
                0x1fff0060                _edata = .
                0x00000060                ___data_size = (_edata - _sdata)
                0x00001968                ___m_data_20000000_ROMStart = (___ROM_AT + SIZEOF (.data))

.jcr            0x1fff0060        0x0 load address 0x00001968
 .jcr           0x1fff0060        0x0 c:/freescale/kds_3.0.0/toolchain/bin/../lib/gcc/arm-none-eabi/4.8.4/armv7e-m/fpu/crtbegin.o

.igot.plt       0x1fff0060        0x0 load address 0x00001968
 .igot.plt      0x00000000        0x0 c:/freescale/kds_3.0.0/toolchain/bin/../lib/gcc/arm-none-eabi/4.8.4/armv7e-m/fpu/crtbegin.o

.m_data_20000000
                0x20000000        0x0 load address 0x00001968
                0x20000000                . = ALIGN (0x4)
                0x20000000                ___m_data_20000000_RAMStart = .
 *(.m_data_20000000)
                0x20000000                ___m_data_20000000_RAMEnd = .
                0x20000000                . = ALIGN (0x4)
                0x00000000                ___m_data_20000000_ROMSize = (___m_data_20000000_RAMEnd - ___m_data_20000000_RAMStart)
                0x20000000                . = ALIGN (0x4)

.bss            0x1fff0060      0x250 load address 0x00001968
                0x1fff0060                __START_BSS = .
                0x1fff0060                PROVIDE (__bss_start__, __START_BSS)
 *(.bss)
 .bss           0x1fff0060       0x1c c:/freescale/kds_3.0.0/toolchain/bin/../lib/gcc/arm-none-eabi/4.8.4/armv7e-m/fpu/crtbegin.o
 *(.bss*)
 .bss.occupiedBytes.5646
                0x1fff007c        0x1 ./Sources/Flash.o
 *fill*         0x1fff007d        0x3 
 .bss.ModuleClk
                0x1fff0080        0x4 ./Sources/PIT.o
 .bss.UserFunction
                0x1fff0084        0x4 ./Sources/PIT.o
 .bss.UserArguments
                0x1fff0088        0x4 ./Sources/PIT.o
 .bss.SR_lock   0x1fff008c        0x1 ./Generated_Code/Cpu.o
                0x1fff008c                SR_lock
 *(COMMON)
 *fill*         0x1fff008d        0x3 
 COMMON         0x1fff0090      0x20e ./Sources/UART.o
                0x1fff0090                TxFIFO
                0x1fff0198                RxFIFO
 *fill*         0x1fff029e        0x2 
 COMMON         0x1fff02a0        0x8 ./Sources/main.o
                0x1fff02a0                NvTowerMd
                0x1fff02a4                NvTowerNb
 COMMON         0x1fff02a8        0x5 ./Sources/packet.o
                0x1fff02a8                Packet
 COMMON         0x1fff02ad        0x1 ./Generated_Code/Cpu.o
                0x1fff02ad                SR_reg
                0x1fff02b0                . = ALIGN (0x4)
 *fill*         0x1fff02ae        0x2 
                0x1fff02b0                __END_BSS = .
                0x1fff02b0                PROVIDE (__bss_end__, __END_BSS)
                0x00001968                _romp_at = ((___ROM_AT + SIZEOF (.data)) + SIZEOF (.m_data_20000000))

.romp           0x1fff02b0       0x24 load address 0x00001968
                0x00001968                __S_romp = _romp_at
                0x1fff02b0        0x4 LONG 0x1908 ___ROM_AT
                0x1fff02b4        0x4 LONG 0x1fff0000 _sdata
                0x1fff02b8        0x4 LONG 0x60 ___data_size
                0x1fff02bc        0x4 LONG 0x1968 ___m_data_20000000_ROMStart
                0x1fff02c0        0x4 LONG 0x20000000 ___m_data_20000000_RAMStart
                0x1fff02c4        0x4 LONG 0x0 ___m_data_20000000_ROMSize
                0x1fff02c8        0x4 LONG 0x0
                0x1fff02cc        0x4 LONG 0x0
                0x1fff02d0        0x4 LONG 0x0

._user_heap_stack
                0x1fff02d4      0x400 load address 0x0000198c
                0x1fff02d4                . = ALIGN (0x4)
                0x1fff02d4                PROVIDE (end, .)
                0x1fff02d4                PROVIDE (_end, .)
                0x1fff02d4                __heap_addr = .
                0x1fff02d4                __HeapBase = .
                0x1fff02d4                . = (. + __heap_size)
                0x1fff02d4                __HeapLimit = .
                0x1fff06d4                . = (. + __stack_size)
 *fill*         0x1fff02d4      0x400 
                0x1fff06d4                . = ALIGN (0x4)

.ARM.attributes
                0x00000000       0x30
 *(.ARM.attributes)
 .ARM.attributes
                0x00000000       0x22 c:/freescale/kds_3.0.0/toolchain/bin/../lib/gcc/arm-none-eabi/4.8.4/armv7e-m/fpu/crti.o
 .ARM.attributes
                0x00000022       0x34 c:/freescale/kds_3.0.0/toolchain/bin/../lib/gcc/arm-none-eabi/4.8.4/armv7e-m/fpu/crtbegin.o
 .ARM.attributes
                0x00000056       0x20 c:/freescale/kds_3.0.0/toolchain/bin/../lib/gcc/arm-none-eabi/4.8.4/../../../../arm-none-eabi/lib/armv7e-m/fpu/crt0.o
 .ARM.attributes
                0x00000076       0x39 ./Sources/FIFO.o
 .ARM.attributes
                0x000000af       0x39 ./Sources/Flash.o
 .ARM.attributes
                0x000000e8       0x39 ./Sources/LEDs.o
 .ARM.attributes
                0x00000121       0x39 ./Sources/PIT.o
 .ARM.attributes
                0x0000015a       0x39 ./Sources/UART.o
 .ARM.attributes
                0x00000193       0x39 ./Sources/main.o
 .ARM.attributes
                0x000001cc       0x39 ./Sources/packet.o
 .ARM.attributes
                0x00000205       0x39 ./Project_Settings/Startup_Code/startup.o
 .ARM.attributes
                0x0000023e       0x39 ./Generated_Code/Cpu.o
 .ARM.attributes
                0x00000277       0x39 ./Generated_Code/Vectors.o
 .ARM.attributes
                0x000002b0       0x34 c:/freescale/kds_3.0.0/toolchain/bin/../lib/gcc/arm-none-eabi/4.8.4/../../../../arm-none-eabi/lib/armv7e-m/fpu\libg_s.a(lib_a-exit.o)
 .ARM.attributes
                0x000002e4       0x34 c:/freescale/kds_3.0.0/toolchain/bin/../lib/gcc/arm-none-eabi/4.8.4/../../../../arm-none-eabi/lib/armv7e-m/fpu\libg_s.a(lib_a-impure.o)
 .ARM.attributes
                0x00000318       0x34 c:/freescale/kds_3.0.0/toolchain/bin/../lib/gcc/arm-none-eabi/4.8.4/../../../../arm-none-eabi/lib/armv7e-m/fpu\libg_s.a(lib_a-init.o)
 .ARM.attributes
                0x0000034c       0x34 c:/freescale/kds_3.0.0/toolchain/bin/../lib/gcc/arm-none-eabi/4.8.4/../../../../arm-none-eabi/lib/armv7e-m/fpu\libg_s.a(lib_a-memset.o)
 .ARM.attributes
                0x00000380       0x34 c:/freescale/kds_3.0.0/toolchain/bin/../lib/gcc/arm-none-eabi/4.8.4/../../../../arm-none-eabi/lib/armv7e-m/fpu\libnosys.a(_exit.o)
 .ARM.attributes
                0x000003b4       0x22 c:/freescale/kds_3.0.0/toolchain/bin/../lib/gcc/arm-none-eabi/4.8.4/armv7e-m/fpu/crtn.o
OUTPUT(Lab3.elf elf32-littlearm)

.debug_info     0x00000000     0x336e
 .debug_info    0x00000000      0x208 ./Sources/FIFO.o
 .debug_info    0x00000208      0x667 ./Sources/Flash.o
 .debug_info    0x0000086f      0x490 ./Sources/LEDs.o
 .debug_info    0x00000cff      0x5c2 ./Sources/PIT.o
 .debug_info    0x000012c1      0x90d ./Sources/UART.o
 .debug_info    0x00001bce      0x4a0 ./Sources/main.o
 .debug_info    0x0000206e      0x2b8 ./Sources/packet.o
 .debug_info    0x00002326      0x3b0 ./Project_Settings/Startup_Code/startup.o
 .debug_info    0x000026d6      0xb89 ./Generated_Code/Cpu.o
 .debug_info    0x0000325f      0x10f ./Generated_Code/Vectors.o

.debug_abbrev   0x00000000      0xd4a
 .debug_abbrev  0x00000000       0xfc ./Sources/FIFO.o
 .debug_abbrev  0x000000fc      0x1cc ./Sources/Flash.o
 .debug_abbrev  0x000002c8      0x144 ./Sources/LEDs.o
 .debug_abbrev  0x0000040c      0x188 ./Sources/PIT.o
 .debug_abbrev  0x00000594      0x1ab ./Sources/UART.o
 .debug_abbrev  0x0000073f      0x185 ./Sources/main.o
 .debug_abbrev  0x000008c4       0xd4 ./Sources/packet.o
 .debug_abbrev  0x00000998      0x189 ./Project_Settings/Startup_Code/startup.o
 .debug_abbrev  0x00000b21      0x185 ./Generated_Code/Cpu.o
 .debug_abbrev  0x00000ca6       0xa4 ./Generated_Code/Vectors.o

.debug_aranges  0x00000000      0x270
 .debug_aranges
                0x00000000       0x30 ./Sources/FIFO.o
 .debug_aranges
                0x00000030       0x60 ./Sources/Flash.o
 .debug_aranges
                0x00000090       0x38 ./Sources/LEDs.o
 .debug_aranges
                0x000000c8       0x38 ./Sources/PIT.o
 .debug_aranges
                0x00000100       0x38 ./Sources/UART.o
 .debug_aranges
                0x00000138       0x68 ./Sources/main.o
 .debug_aranges
                0x000001a0       0x30 ./Sources/packet.o
 .debug_aranges
                0x000001d0       0x50 ./Project_Settings/Startup_Code/startup.o
 .debug_aranges
                0x00000220       0x38 ./Generated_Code/Cpu.o
 .debug_aranges
                0x00000258       0x18 ./Generated_Code/Vectors.o

.debug_ranges   0x00000000      0x1c8
 .debug_ranges  0x00000000       0x20 ./Sources/FIFO.o
 .debug_ranges  0x00000020       0x50 ./Sources/Flash.o
 .debug_ranges  0x00000070       0x28 ./Sources/LEDs.o
 .debug_ranges  0x00000098       0x28 ./Sources/PIT.o
 .debug_ranges  0x000000c0       0x28 ./Sources/UART.o
 .debug_ranges  0x000000e8       0x58 ./Sources/main.o
 .debug_ranges  0x00000140       0x20 ./Sources/packet.o
 .debug_ranges  0x00000160       0x40 ./Project_Settings/Startup_Code/startup.o
 .debug_ranges  0x000001a0       0x28 ./Generated_Code/Cpu.o

.debug_macro    0x00000000    0x19f03
 .debug_macro   0x00000000       0xa6 ./Sources/FIFO.o
 .debug_macro   0x000000a6       0x22 ./Sources/FIFO.o
 .debug_macro   0x000000c8     0x1800 ./Sources/FIFO.o
 .debug_macro   0x000018c8       0x76 ./Sources/Flash.o
 .debug_macro   0x0000193e       0x16 ./Sources/Flash.o
 .debug_macro   0x00001954    0x174af ./Sources/Flash.o
 .debug_macro   0x00018e03       0x2e ./Sources/Flash.o
 .debug_macro   0x00018e31       0x6d ./Sources/LEDs.o
 .debug_macro   0x00018e9e       0xa6 ./Sources/PIT.o
 .debug_macro   0x00018f44       0xb8 ./Sources/UART.o
 .debug_macro   0x00018ffc       0xf7 ./Sources/main.o
 .debug_macro   0x000190f3       0x10 ./Sources/main.o
 .debug_macro   0x00019103       0x3a ./Sources/main.o
 .debug_macro   0x0001913d       0x7a ./Sources/packet.o
 .debug_macro   0x000191b7      0x121 ./Project_Settings/Startup_Code/startup.o
 .debug_macro   0x000192d8       0x58 ./Project_Settings/Startup_Code/startup.o
 .debug_macro   0x00019330       0x35 ./Project_Settings/Startup_Code/startup.o
 .debug_macro   0x00019365       0xa3 ./Project_Settings/Startup_Code/startup.o
 .debug_macro   0x00019408      0x166 ./Project_Settings/Startup_Code/startup.o
 .debug_macro   0x0001956e       0x4a ./Project_Settings/Startup_Code/startup.o
 .debug_macro   0x000195b8       0x52 ./Project_Settings/Startup_Code/startup.o
 .debug_macro   0x0001960a       0x16 ./Project_Settings/Startup_Code/startup.o
 .debug_macro   0x00019620       0x43 ./Project_Settings/Startup_Code/startup.o
 .debug_macro   0x00019663      0x180 ./Project_Settings/Startup_Code/startup.o
 .debug_macro   0x000197e3      0x2a6 ./Project_Settings/Startup_Code/startup.o
 .debug_macro   0x00019a89       0x10 ./Project_Settings/Startup_Code/startup.o
 .debug_macro   0x00019a99       0x35 ./Project_Settings/Startup_Code/startup.o
 .debug_macro   0x00019ace       0x16 ./Project_Settings/Startup_Code/startup.o
 .debug_macro   0x00019ae4       0x22 ./Project_Settings/Startup_Code/startup.o
 .debug_macro   0x00019b06      0x20f ./Project_Settings/Startup_Code/startup.o
 .debug_macro   0x00019d15       0x84 ./Generated_Code/Cpu.o
 .debug_macro   0x00019d99       0x9a ./Generated_Code/Cpu.o
 .debug_macro   0x00019e33       0xd0 ./Generated_Code/Vectors.o

.debug_line     0x00000000     0x1be5
 .debug_line    0x00000000      0x2a0 ./Sources/FIFO.o
 .debug_line    0x000002a0      0x2cd ./Sources/Flash.o
 .debug_line    0x0000056d      0x220 ./Sources/LEDs.o
 .debug_line    0x0000078d      0x2a1 ./Sources/PIT.o
 .debug_line    0x00000a2e      0x2b4 ./Sources/UART.o
 .debug_line    0x00000ce2      0x3b6 ./Sources/main.o
 .debug_line    0x00001098      0x26d ./Sources/packet.o
 .debug_line    0x00001305      0x3ca ./Project_Settings/Startup_Code/startup.o
 .debug_line    0x000016cf      0x271 ./Generated_Code/Cpu.o
 .debug_line    0x00001940      0x2a5 ./Generated_Code/Vectors.o

.debug_str      0x00000000    0x8d99a
 .debug_str     0x00000000    0x8a555 ./Sources/FIFO.o
                              0x8a6c4 (size before relaxing)
 .debug_str     0x0008a555      0x3c4 ./Sources/Flash.o
                              0x83101 (size before relaxing)
 .debug_str     0x0008a919      0x1a4 ./Sources/LEDs.o
                              0x82ee7 (size before relaxing)
 .debug_str     0x0008aabd      0x130 ./Sources/PIT.o
                              0x8a861 (size before relaxing)
 .debug_str     0x0008abed      0x11b ./Sources/UART.o
                              0x8a92f (size before relaxing)
 .debug_str     0x0008ad08      0x3dd ./Sources/main.o
                              0x8ac1d (size before relaxing)
 .debug_str     0x0008b0e5       0x3f ./Sources/packet.o
                              0x8a0bb (size before relaxing)
 .debug_str     0x0008b124     0x2663 ./Project_Settings/Startup_Code/startup.o
                              0x853eb (size before relaxing)
 .debug_str     0x0008d787      0x1e9 ./Generated_Code/Cpu.o
                              0x8a9dd (size before relaxing)
 .debug_str     0x0008d970       0x2a ./Generated_Code/Vectors.o
                              0x8a691 (size before relaxing)

.comment        0x00000000       0x70
 .comment       0x00000000       0x70 ./Sources/FIFO.o
                                 0x71 (size before relaxing)
 .comment       0x00000000       0x71 ./Sources/Flash.o
 .comment       0x00000000       0x71 ./Sources/LEDs.o
 .comment       0x00000000       0x71 ./Sources/PIT.o
 .comment       0x00000000       0x71 ./Sources/UART.o
 .comment       0x00000000       0x71 ./Sources/main.o
 .comment       0x00000000       0x71 ./Sources/packet.o
 .comment       0x00000000       0x71 ./Project_Settings/Startup_Code/startup.o
 .comment       0x00000000       0x71 ./Generated_Code/Cpu.o
 .comment       0x00000000       0x71 ./Generated_Code/Vectors.o

.debug_frame    0x00000000      0x6a0
 .debug_frame   0x00000000       0x64 ./Sources/FIFO.o
 .debug_frame   0x00000064      0x128 ./Sources/Flash.o
 .debug_frame   0x0000018c       0x7c ./Sources/LEDs.o
 .debug_frame   0x00000208       0x8c ./Sources/PIT.o
 .debug_frame   0x00000294       0x94 ./Sources/UART.o
 .debug_frame   0x00000328      0x134 ./Sources/main.o
 .debug_frame   0x0000045c       0x70 ./Sources/packet.o
 .debug_frame   0x000004cc       0xc0 ./Project_Settings/Startup_Code/startup.o
 .debug_frame   0x0000058c       0x80 ./Generated_Code/Cpu.o
 .debug_frame   0x0000060c       0x28 c:/freescale/kds_3.0.0/toolchain/bin/../lib/gcc/arm-none-eabi/4.8.4/../../../../arm-none-eabi/lib/armv7e-m/fpu\libg_s.a(lib_a-exit.o)
 .debug_frame   0x00000634       0x2c c:/freescale/kds_3.0.0/toolchain/bin/../lib/gcc/arm-none-eabi/4.8.4/../../../../arm-none-eabi/lib/armv7e-m/fpu\libg_s.a(lib_a-init.o)
 .debug_frame   0x00000660       0x20 c:/freescale/kds_3.0.0/toolchain/bin/../lib/gcc/arm-none-eabi/4.8.4/../../../../arm-none-eabi/lib/armv7e-m/fpu\libg_s.a(lib_a-memset.o)
 .debug_frame   0x00000680       0x20 c:/freescale/kds_3.0.0/toolchain/bin/../lib/gcc/arm-none-eabi/4.8.4/../../../../arm-none-eabi/lib/armv7e-m/fpu\libnosys.a(_exit.o)
